RELICCOH started at 2022-10-10 19:56
OS NT 6.2 (sp0.0) x64, 32655MB Physical Memory, 8927 Physical Available, 3940 Virtual Available
RUN-OPTIONS -w 3440 
WORKING-DIR C:\Program Files (x86)\Steam\steamapps\common\Company of Heroes Relaunch
USER Richa

19:56:07.72   12 Logical Processors detected
19:56:07.72   Multithreading Enabled
19:56:07.72   THREAD: Hyper-Threading Technology Processors are not detected.
19:56:07.72   XTHREAD: Detected 12 core(s) with 12 hardware thread(s)
19:56:07.72   XTHREAD: Main thread now used as XThread 0
19:56:07.72   XTHREAD: Spawned thread on processor 1
19:56:07.72   XTHREAD: Spawned thread on processor 2
19:56:07.72   XTHREAD: Spawned thread on processor 3
19:56:07.72   XTHREAD: Spawned thread on processor 4
19:56:07.72   XTHREAD: Spawned thread on processor 5
19:56:07.73   XTHREAD: Spawned thread on processor 6
19:56:07.73   XTHREAD: Spawned thread on processor 7
19:56:07.73   XTHREAD: Spawned thread on processor 8
19:56:07.73   XTHREAD: Spawned thread on processor 9
19:56:07.73   XTHREAD: Spawned thread on processor 10
19:56:07.73   XTHREAD: Spawned thread on processor 11
19:56:07.73   MATHBOX -- Version=6, Cpu=unknown:f=25,m=1, Mode=SSE
19:56:07.93   GAME -- Company Of Heroes, 2.700.2, Build test.2.700.2, Type test, Language english
19:56:07.96   MOD -- Mounting RelicDLC1, 1.0
19:56:07.96   FILESYSTEM -- filepath failure, path does not exist 'C:\Users\Richa\OneDrive\Documenten\My Games\Company of Heroes Relaunch\DLC1\Movies\'
19:56:07.96   MOD -- Mounting RelicDLC2, 1.0
19:56:07.96   FILESYSTEM -- filepath failure, path does not exist 'C:\Users\Richa\OneDrive\Documenten\My Games\Company of Heroes Relaunch\DLC2\Movies\'
19:56:07.96   MOD -- Mounting RelicDLC3, 1.0
19:56:07.96   FILESYSTEM -- filepath failure, path does not exist 'C:\Users\Richa\OneDrive\Documenten\My Games\Company of Heroes Relaunch\DLC3\Movies\'
19:56:07.96   MOD -- Mounting RelicOps, 1.0
19:56:07.96   MOD -- Mounting RelicCOH, 1.0
19:56:07.99   FILESYSTEM -- filepath failure, path does not exist 'C:\Users\Richa\OneDrive\Documenten\My Games\Company of Heroes Relaunch\Engine\Movies\'
19:56:07.99   FILESYSTEM -- filepath failure, path does not exist 'C:\Users\Richa\OneDrive\Documenten\My Games\Company of Heroes Relaunch\WW2\Movies\'
19:56:10.51   GAME -- Resetting fp control word.
19:56:11.73   WW2Mod -- PropertyBagManager Loaded in 1.222000s
19:56:11.75   AppInitNetwork::InitSteam: Initializing Steam...
19:56:11.75   AppInitNetwork::InitSteam: Steam has been initialized.
19:56:11.75   RLINK -- NetworkManager::Create - creating network manager
19:56:12.84   RLINK -- WorldwideLoginService::WorldwideLoginService - initializing
19:56:12.84   RLINK -- WinTransport - CreateSocket exclusive broadcast socket was available.
19:56:12.84   RLINK -- WinTransport - CreateSocket listening for broadcasts on default port
19:56:12.84   RLINK -- RLink::WorldwideLoginService::LongPoller::ThreadFunction - Entering network thread function...
19:56:12.85   RLINK -- WinTransport - Host Name: Richard, aliases: , type=AF_INET, len=4
19:56:12.85   RLINK -- WinTransport - Host IP Address #0: 192.168.50.236
19:56:12.85   RLINK -- WinTransport - Host IP Address #1: 172.19.32.1
19:56:12.85   RLINK -- WinTransport - WARNING, MultipleNetwork adapters may cause problems
19:56:12.85   RLINK -- WinTransport - Interface #0: ip:127.0.0.1, broadcast:127.0.0.1, flags=IFF_UP IFF_LOOPBACK IFF_MULTICAST
19:56:12.85   RLINK -- WinTransport - Interface #1: ip:172.19.32.1, broadcast:172.19.32.1, flags=IFF_UP IFF_BROADCAST IFF_MULTICAST
19:56:12.85   RLINK -- WinTransport - Interface #2: ip:192.168.50.236, broadcast:192.168.50.236, flags=IFF_UP IFF_BROADCAST IFF_MULTICAST
19:56:12.85   RLINK -- Transport::OpenInternal request to WINaddr:255.255.255.255:6112;
19:56:12.85   RLINK -- SessionManager - Peer Header Size = 15 bytes
19:56:12.85   RLINK -- SessionManager - Game Data overhead = 4 bytes
19:56:12.85   RLINK -- SessionManager - Proxy overhead = 7 bytes
19:56:12.85   RLINK -- AutomatchInternal: Instantiating
19:56:12.85   RLINK -- MessageInternal::CreateChannel: Created channel fffffffe
19:56:12.85   RLINK -- MessageInternal::CreateChannel: Created channel fffffffb
19:56:12.85   RLINK -- MessageInternal::CreateChannel: Created channel fffffffd
19:56:12.85   RLINK -- RLink::ThreadFunction - Entering network thread function...
19:56:12.85   Loaded 589 badwords from data:OnlineConfig\Badwords.lua
19:56:12.85   RLINK -- MessageInternal::CreateChannel: Created channel 00000000
19:56:12.85   RLINK -- MessageInternal::CreateChannel: Created channel 00000001
19:56:12.85   RLINK -- MessageInternal::CreateChannel: Created channel 00000002
19:56:12.85   RLINK -- MessageInternal::CreateChannel: Created channel 00000003
19:56:12.85   RLINK -- MessageInternal::CreateChannel: Created channel 00000004
19:56:12.85   RLINK -- MessageInternal::CreateChannel: Created channel 00000005
19:56:12.85   RLINK -- MessageInternal::CreateChannel: Created channel 00000006
19:56:12.86   GAME -- Available memory: 32655MB Physical RAM, 32768MB Pagefile, 4095 Virtual Address Space
19:56:13.13   DLLDriverLinker -- Adding driver 'spDx10.dll'.
19:56:13.15   DLLDriverLinker -- Adding driver 'spDx9.dll'.
19:56:13.15   DLLDriverLinker -- 2 DLL drivers found.
19:56:13.15   Unable to find device tweek file [drivers\spDx10_config.txt].
19:56:13.60   SPDx10 -- Adapter [NVIDIA GeForce RTX 3070 Ti]: 3072MB dedicated video memory, 0MB dedicated system memory and 1023MB shared system memory.
19:56:13.60   Unable to find device tweek file [drivers\spDx9_config.txt].
19:56:16.66   DLLDriverLinker -- 2 DLL drivers found.
19:56:16.67   SPOOGE - Driver[DirectX9 rendering device] version[4,36]
19:56:16.67   GAME -- Resolution set to 1024x768 (fullscreen).
19:56:16.74   SPDx9 -- Driver Name = nvldumd.dll  Desc = NVIDIA GeForce RTX 3070 Ti
19:56:16.74   SPDx9 -- Driver Vendor = 0x10DE  Device = 0x2482  SubSys = 0x14B210DE  Rev = 0x00A1
19:56:16.74   SPDx9 -- Driver Version  Product = 0x001F  Version = 0x0000  SubVersion = 0x00  Build = 516.94
19:56:16.74   SPDx9 -- Driver GUID = {D7B71E3E-67C2-11CF-F075-BD340EC2D235}
19:56:17.54   SPDx9 -- 4076MB available Texture Memory
19:56:17.54   ShaderDatabase: using shader profile [ps15]
19:56:17.74   FILESYSTEM -- filepath failure, missing alias 'TOOLSDATA:autoloddecimator.lua'
19:56:17.92   GameObjLoader 11d3b3c0 - resetting counters
19:56:17.92   GameObjLoader 11d3b3c0 - Created loader
19:56:17.92   GameObjLoader 11d3b340 - resetting counters
19:56:17.92   GameObjLoader 11d3b340 - Created loader
19:56:17.92   GAME -- Beginning FE
19:56:17.92   UIFrontEnd - Loading Front End
19:56:17.92   THREAD: Hyper-Threading Technology Processors are not detected.
19:56:18.05   SOUND -- Initializing ...
19:56:18.07   INNIMapDCA Key not found: sp_speechducker::time
19:56:18.14   SOUND -- Initialization completed!
19:56:18.14   UIFrontEnd - Initializing Forms
19:56:18.66   CampaignFilter::BindFilterSpecificWidgets()
19:56:18.81   Activating screen: MovieScreen
19:56:18.96   Re-winding a compressed stream for file 'data:sound\wav\intromovies\sega.smf'.  Expensive operation
19:56:18.96   Re-winding a compressed stream for file 'data:sound\wav\intromovies\sega.smf'.  Expensive operation
19:56:19.11   Re-winding a compressed stream for file 'data:sound\wav\intromovies\relic.smf'.  Expensive operation
19:56:19.11   Re-winding a compressed stream for file 'data:sound\wav\intromovies\relic.smf'.  Expensive operation
19:56:19.29   Re-winding a compressed stream for file 'data:sound\wav\intromovies\nvidia.smf'.  Expensive operation
19:56:19.29   Re-winding a compressed stream for file 'data:sound\wav\intromovies\nvidia.smf'.  Expensive operation
19:56:19.53   Activating screen: AppLoadingForm
19:56:19.53   SetupProductLoadingArt - choosing bgArt = 4 (gold=0)
19:56:19.69   GAME -- Loaded campaign 'Invasion of Normandy' (DATA:SCENARIOS\SP\COH.CAMP) with 15 missions, [coh]
19:56:19.69   GAME -- Loaded campaign 'Liberation of Caen' (DATA:SCENARIOS\SP\CXP1.CAMP) with 9 missions, [cxp1]
19:56:19.69   GAME -- Loaded campaign 'Operation Market Garden' (DATA:SCENARIOS\SP\CXP2.CAMP) with 8 missions, [cxp2]
19:56:19.69   GAME -- Loaded campaign 'Falaise Pocket' (DATA:SCENARIOS\SP\DLC3.CAMP) with 3 missions, [dlc3]
19:56:19.69   GAME -- Loaded campaign 'Causeway' (DATA:SCENARIOS\SP\DLC2.CAMP) with 3 missions, [dlc2]
19:56:19.69   GAME -- Loaded campaign 'Tiger Ace' (DATA:SCENARIOS\SP\DLC1.CAMP) with 3 missions, [dlc1]
19:56:20.02   FILESYSTEM -- filepath failure, missing alias 'C:\USERS\RICHA\ONEDRIVE\DOCUMENTEN\MY GAMES\COMPANY OF HEROES RELAUNCH\cache\data\ui\937533919.jpg'
19:56:20.05   GAME -- Using player profile DESKTOP-568GN8O
19:56:20.07   Dx9Program : Unable to find shader script for 'fxshader_multiply' in the ShaderDatabase.
19:56:20.08   Dx9Program : Unable to find shader script for 'fxshader_depthadditive' in the ShaderDatabase.
19:56:20.41   SetupProductLoadingArt - choosing bgArt = 4 (gold=0)
19:56:20.41   Activating screen: FEMovie
19:56:20.41   Activating screen: OnlineWidget
19:56:20.42   CRC & Version Info : 000002bc:924f95e6:dc49d0cb reliccoh:700:ww2mod.dll 0
19:56:20.42   Logging in using Steam credentials...
19:56:20.42   Activating screen: FE_mm_01
19:56:20.45   SetupProductLoadingArt - choosing bgArt = 4 (gold=0)
19:56:20.45   GAME -- Setting campaign state to 'coh'
19:56:20.45   GAME -- Closing state 'coh'
19:56:20.45   GAME -- Setting campaign state to 'cxp2'
19:56:20.45   GAME -- Closing state 'cxp2'
19:56:20.45   GAME -- Setting campaign state to 'cxp1'
19:56:20.45   GAME -- Closing state 'cxp1'
19:56:20.45   GAME -- Setting campaign state to 'dlc1'
19:56:20.45   GAME -- Closing state 'dlc1'
19:56:20.45   GAME -- Setting campaign state to 'dlc2'
19:56:20.45   GAME -- Closing state 'dlc2'
19:56:20.45   GAME -- Setting campaign state to 'dlc3'
19:56:20.45   GAME -- Closing state 'dlc3'
19:56:20.45   RLINK -- Requesting ticket
19:56:20.45   RLINK -- SteamAuthManager::GetAuthToken state ID : 1
19:56:20.47   RLINK -- SteamAuthManager::GetAuthToken state ID : 1
19:56:20.47   RLINK -- SteamAuthManager::GetAuthToken state ID : 1
19:56:20.48   RLINK -- SteamAuthManager::GetAuthToken state ID : 1
19:56:20.48   RLINK -- SteamAuthManager::GetAuthToken state ID : 1
19:56:20.49   RLINK -- SteamAuthManager::GetAuthToken state ID : 1
19:56:20.50   RLINK -- SteamAuthManager::GetAuthToken state ID : 1
19:56:20.51   RLINK -- SteamAuthManager::GetAuthToken state ID : 1
19:56:20.52   RLINK -- SteamAuthManager::GetAuthToken state ID : 1
19:56:20.53   RLINK -- SteamAuthManager::GetAuthToken state ID : 1
19:56:20.54   RLINK -- SteamAuthManager::GetAuthToken state ID : 1
19:56:20.55   RLINK -- SteamAuthManager::GetAuthToken state ID : 1
19:56:20.56   RLINK -- SteamAuthManager::GetAuthToken state ID : 1
19:56:20.57   RLINK -- SteamAuthManager::GetAuthToken state ID : 1
19:56:20.58   RLINK -- SteamAuthManager::GetAuthToken state ID : 1
19:56:20.59   RLINK -- SteamAuthManager::GetAuthToken state ID : 1
19:56:20.60   RLINK -- SteamAuthManager::GetAuthToken state ID : 1
19:56:20.61   RLINK -- SteamAuthManager::GetAuthToken state ID : 1
19:56:20.63   RLINK -- SteamAuthManager::GetAuthToken state ID : 1
19:56:20.64   RLINK -- SteamAuthManager::GetAuthToken state ID : 1
19:56:20.65   RLINK -- SteamAuthManager::GetAuthToken state ID : 1
19:56:20.66   RLINK -- SteamAuthManager::GetAuthToken state ID : 1
19:56:20.67   RLINK -- SteamAuthManager::GetAuthToken state ID : 1
19:56:20.68   RLINK -- SteamAuthManager::GetAuthToken state ID : 1
19:56:20.69   RLINK -- SteamAuthManager::GetAuthToken state ID : 1
19:56:20.70   RLINK -- SteamAuthManager::GetAuthToken state ID : 1
19:56:20.71   RLINK -- SteamAuthManager::GetAuthToken state ID : 1
19:56:20.72   RLINK -- SteamAuthManager::GetAuthToken state ID : 1
19:56:20.73   RLINK -- SteamAuthManager::GetAuthToken state ID : 1
19:56:20.74   RLINK -- SteamAuthManager::GetAuthToken state ID : 1
19:56:20.75   RLINK -- OnRequest app ticket returned N
19:56:20.75   RLINK -- SteamAuth received ticket at t=7903
19:56:20.75   RLINK -- SteamAuthManager::GetAuthToken state ID : 2
19:56:20.83   FILESYSTEM -- filepath failure, missing alias 'C:\USERS\RICHA\ONEDRIVE\DOCUMENTEN\MY GAMES\COMPANY OF HEROES RELAUNCH\cache\data\ui\938614059.jpg'
19:56:21.57   FILESYSTEM -- filepath failure, missing alias 'C:\USERS\RICHA\ONEDRIVE\DOCUMENTEN\MY GAMES\COMPANY OF HEROES RELAUNCH\cache\data\ui\939480063.jpg'
19:56:21.72   RLINK -- Found 1 profiles for account /steam/76561199210795903
19:56:21.72   RLINK -- Found profile: /steam/76561199210795903
19:56:21.73   THREAD: Hyper-Threading Technology Processors are not detected.
19:56:22.03   FILESYSTEM -- filepath failure, missing alias 'C:\USERS\RICHA\ONEDRIVE\DOCUMENTEN\MY GAMES\COMPANY OF HEROES RELAUNCH\cache\data\ui\951842739.jpg'
19:56:22.49   FILESYSTEM -- filepath failure, missing alias 'C:\USERS\RICHA\ONEDRIVE\DOCUMENTEN\MY GAMES\COMPANY OF HEROES RELAUNCH\cache\data\ui\961626797.jpg'
19:56:23.01   FILESYSTEM -- filepath failure, missing alias 'C:\USERS\RICHA\ONEDRIVE\DOCUMENTEN\MY GAMES\COMPANY OF HEROES RELAUNCH\cache\data\ui\937730533.jpg'
19:56:23.59   FILESYSTEM -- filepath failure, missing alias 'C:\USERS\RICHA\ONEDRIVE\DOCUMENTEN\MY GAMES\COMPANY OF HEROES RELAUNCH\cache\data\ui\939962262.jpg'
19:56:24.29   FILESYSTEM -- filepath failure, missing alias 'C:\USERS\RICHA\ONEDRIVE\DOCUMENTEN\MY GAMES\COMPANY OF HEROES RELAUNCH\cache\data\ui\951935939.jpg'
19:56:24.77   FILESYSTEM -- filepath failure, missing alias 'C:\USERS\RICHA\ONEDRIVE\DOCUMENTEN\MY GAMES\COMPANY OF HEROES RELAUNCH\cache\data\ui\1154596815.jpg'
19:56:25.23   FILESYSTEM -- filepath failure, missing alias 'C:\USERS\RICHA\ONEDRIVE\DOCUMENTEN\MY GAMES\COMPANY OF HEROES RELAUNCH\cache\data\ui\937437437.jpg'
19:56:25.68   FILESYSTEM -- filepath failure, missing alias 'C:\USERS\RICHA\ONEDRIVE\DOCUMENTEN\MY GAMES\COMPANY OF HEROES RELAUNCH\cache\data\ui\1229137206.jpg'
19:56:25.76   Activating screen: OptionsMenu
19:56:25.76   THREAD: Hyper-Threading Technology Processors are not detected.
19:56:25.77   THREAD: Hyper-Threading Technology Processors are not detected.
19:56:26.32   FILESYSTEM -- filepath failure, missing alias 'C:\USERS\RICHA\ONEDRIVE\DOCUMENTEN\MY GAMES\COMPANY OF HEROES RELAUNCH\cache\data\ui\1338519857.jpg'
19:56:26.79   FILESYSTEM -- filepath failure, missing alias 'C:\USERS\RICHA\ONEDRIVE\DOCUMENTEN\MY GAMES\COMPANY OF HEROES RELAUNCH\cache\data\ui\937692133.jpg'
19:56:27.30   FILESYSTEM -- filepath failure, missing alias 'C:\USERS\RICHA\ONEDRIVE\DOCUMENTEN\MY GAMES\COMPANY OF HEROES RELAUNCH\cache\data\ui\937593407.jpg'
19:56:27.82   FILESYSTEM -- filepath failure, missing alias 'C:\USERS\RICHA\ONEDRIVE\DOCUMENTEN\MY GAMES\COMPANY OF HEROES RELAUNCH\cache\data\ui\1665396519.jpg'
19:56:28.35   GameApp::ShutFrontEnd
19:56:28.35   GAME -- Ending FE
19:56:28.35   UIFrontEnd - Unloading Front End
19:56:28.36   SOUND -- Shutting down ...
19:56:28.47   SOUND -- Shutdown completed!
19:56:28.49   ~FEAppListener - Flushing queued online notifications
19:56:28.87   DLLDriverLinker -- 2 DLL drivers found.
19:56:28.88   ActionDatabase : [3065] global actions, [0] dummy actions.
19:56:28.88   RLINK -- MessageInternal::DestroyChannel: Destroyed channel 00000000
19:56:28.88   RLINK -- MessageInternal::DestroyChannel: Destroyed channel 00000001
19:56:28.88   RLINK -- MessageInternal::DestroyChannel: Destroyed channel 00000002
19:56:28.88   RLINK -- MessageInternal::DestroyChannel: Destroyed channel 00000003
19:56:28.88   RLINK -- MessageInternal::DestroyChannel: Destroyed channel 00000004
19:56:28.88   RLINK -- MessageInternal::DestroyChannel: Destroyed channel 00000005
19:56:28.88   RLINK -- MessageInternal::DestroyChannel: Destroyed channel 00000006
19:56:28.88   RLINK -- NetworkManager::Destroy - exit allocation counts Network (cur/max) = 0 / 0, Session = 0 / 0
19:56:28.88   RLINK -- MessageInternal::DestroyChannel: Destroyed channel fffffffd
19:56:28.88   RLINK -- AutomatchInternal: Fade to black
19:56:28.88   RLINK -- SessionManager::~SessionManager - uninitializing
19:56:28.89   RLINK -- RLink::ThreadFunction - Returning from the network thread function...
19:56:28.90   RLINK -- Transport::~Transport - shutting down transport
19:56:28.90   RLINK -- Transport::~Connection - closing WINaddr:255.255.255.255:6112;,WINaddr:255.255.255.255:6112;
19:56:28.90   RLINK -- AsyncJobDriver::~AsyncJobDriver() - dynamically allocated job LogoutAsync is still running
19:56:28.90   RLINK -- WorldwideLoginService::~WorldwideLoginService - uninitializing
19:56:28.92   RLINK -- RLink::WorldwideLoginService::LongPoller::ThreadFunction - Returning from the network thread function...
19:56:28.93   RLINK -- AsyncJobDriver::~AsyncJobDriver() - dynamically allocated job HttpRequestAsync is still running
19:56:28.94   MOD -- Shutting down
19:56:29.00   MOD -- Mounting RelicDLC1, 1.0
19:56:29.00   FILESYSTEM -- filepath failure, path does not exist 'C:\Users\Richa\OneDrive\Documenten\My Games\Company of Heroes Relaunch\DLC1\Movies\'
19:56:29.00   MOD -- Mounting RelicDLC2, 1.0
19:56:29.00   FILESYSTEM -- filepath failure, path does not exist 'C:\Users\Richa\OneDrive\Documenten\My Games\Company of Heroes Relaunch\DLC2\Movies\'
19:56:29.00   MOD -- Mounting RelicDLC3, 1.0
19:56:29.00   FILESYSTEM -- filepath failure, path does not exist 'C:\Users\Richa\OneDrive\Documenten\My Games\Company of Heroes Relaunch\DLC3\Movies\'
19:56:29.00   MOD -- Mounting RelicOps, 1.0
19:56:29.01   MOD -- Mounting RelicCOH, 1.0
19:56:29.04   FILESYSTEM -- filepath failure, path does not exist 'C:\Users\Richa\OneDrive\Documenten\My Games\Company of Heroes Relaunch\Engine\Movies\'
19:56:29.04   FILESYSTEM -- filepath failure, path does not exist 'C:\Users\Richa\OneDrive\Documenten\My Games\Company of Heroes Relaunch\WW2\Movies\'
19:56:30.76   WW2Mod -- PropertyBagManager Loaded in 1.692000s
19:56:30.78   AppInitNetwork::InitSteam: Initializing Steam...
19:56:30.78   AppInitNetwork::InitSteam: Steam has been initialized.
19:56:30.78   RLINK -- NetworkManager::Create - creating network manager
19:56:30.78   RLINK -- WorldwideLoginService::WorldwideLoginService - initializing
19:56:30.78   RLINK -- WinTransport - CreateSocket exclusive broadcast socket was available.
19:56:30.78   RLINK -- WinTransport - CreateSocket listening for broadcasts on default port
19:56:30.78   RLINK -- RLink::WorldwideLoginService::LongPoller::ThreadFunction - Entering network thread function...
19:56:30.78   RLINK -- WinTransport - Host Name: Richard, aliases: , type=AF_INET, len=4
19:56:30.78   RLINK -- WinTransport - Host IP Address #0: 192.168.50.236
19:56:30.78   RLINK -- WinTransport - Host IP Address #1: 172.19.32.1
19:56:30.78   RLINK -- WinTransport - WARNING, MultipleNetwork adapters may cause problems
19:56:30.78   RLINK -- WinTransport - Interface #0: ip:127.0.0.1, broadcast:127.0.0.1, flags=IFF_UP IFF_LOOPBACK IFF_MULTICAST
19:56:30.78   RLINK -- WinTransport - Interface #1: ip:172.19.32.1, broadcast:172.19.32.1, flags=IFF_UP IFF_BROADCAST IFF_MULTICAST
19:56:30.78   RLINK -- WinTransport - Interface #2: ip:192.168.50.236, broadcast:192.168.50.236, flags=IFF_UP IFF_BROADCAST IFF_MULTICAST
19:56:30.78   RLINK -- Transport::OpenInternal request to WINaddr:255.255.255.255:6112;
19:56:30.78   RLINK -- SessionManager - Peer Header Size = 15 bytes
19:56:30.78   RLINK -- SessionManager - Game Data overhead = 4 bytes
19:56:30.78   RLINK -- SessionManager - Proxy overhead = 7 bytes
19:56:30.78   RLINK -- AutomatchInternal: Instantiating
19:56:30.78   RLINK -- MessageInternal::CreateChannel: Created channel fffffffe
19:56:30.78   RLINK -- MessageInternal::CreateChannel: Created channel fffffffb
19:56:30.78   RLINK -- MessageInternal::CreateChannel: Created channel fffffffd
19:56:30.78   RLINK -- RLink::ThreadFunction - Entering network thread function...
19:56:30.78   Loaded 589 badwords from data:OnlineConfig\Badwords.lua
19:56:30.78   RLINK -- MessageInternal::CreateChannel: Created channel 00000000
19:56:30.78   RLINK -- MessageInternal::CreateChannel: Created channel 00000001
19:56:30.78   RLINK -- MessageInternal::CreateChannel: Created channel 00000002
19:56:30.78   RLINK -- MessageInternal::CreateChannel: Created channel 00000003
19:56:30.78   RLINK -- MessageInternal::CreateChannel: Created channel 00000004
19:56:30.78   RLINK -- MessageInternal::CreateChannel: Created channel 00000005
19:56:30.78   RLINK -- MessageInternal::CreateChannel: Created channel 00000006
19:56:30.78   GAME -- Available memory: 32655MB Physical RAM, 32768MB Pagefile, 4095 Virtual Address Space
19:56:30.99   DLLDriverLinker -- Adding driver 'spDx10.dll'.
19:56:30.99   DLLDriverLinker -- Adding driver 'spDx9.dll'.
19:56:30.99   DLLDriverLinker -- 2 DLL drivers found.
19:56:30.99   Unable to find device tweek file [drivers\spDx10_config.txt].
19:56:31.16   SPDx10 -- Adapter [NVIDIA GeForce RTX 3070 Ti]: 3072MB dedicated video memory, 0MB dedicated system memory and 1023MB shared system memory.
19:56:31.16   Unable to find device tweek file [drivers\spDx9_config.txt].
19:56:33.93   DLLDriverLinker -- 2 DLL drivers found.
19:56:33.94   SPOOGE - Driver[DirectX9 rendering device] version[4,36]
19:56:33.94   GAME -- Resolution set to 3440x1440 (fullscreen).
19:56:33.97   SPDx9 -- Driver Name = nvldumd.dll  Desc = NVIDIA GeForce RTX 3070 Ti
19:56:33.97   SPDx9 -- Driver Vendor = 0x10DE  Device = 0x2482  SubSys = 0x14B210DE  Rev = 0x00A1
19:56:33.97   SPDx9 -- Driver Version  Product = 0x001F  Version = 0x0000  SubVersion = 0x00  Build = 516.94
19:56:33.97   SPDx9 -- Driver GUID = {D7B71E3E-67C2-11CF-F075-BD340EC2D235}
19:56:34.32   SPDx9 -- 3997MB available Texture Memory
19:56:34.32   ShaderDatabase: using shader profile [ps15]
19:56:34.41   FILESYSTEM -- filepath failure, missing alias 'TOOLSDATA:autoloddecimator.lua'
19:56:34.54   GameObjLoader 16e79880 - resetting counters
19:56:34.54   GameObjLoader 16e79880 - Created loader
19:56:34.54   GameObjLoader 16e79600 - resetting counters
19:56:34.54   GameObjLoader 16e79600 - Created loader
19:56:34.54   GAME -- Beginning FE
19:56:34.54   UIFrontEnd - Loading Front End
19:56:34.54   THREAD: Hyper-Threading Technology Processors are not detected.
19:56:34.58   SOUND -- Initializing ...
19:56:34.64   SOUND -- Initialization completed!
19:56:34.64   UIFrontEnd - Initializing Forms
19:56:35.03   CampaignFilter::BindFilterSpecificWidgets()
19:56:35.11   Activating screen: AppResolutionPrompt
19:56:35.11   SetupProductLoadingArt - choosing bgArt = 4 (gold=0)
19:56:35.11   Activating screen: prompt_generic
19:56:35.11   Activating screen: prompt_generic
19:56:35.11   ScreenManager - Flushing recursively, due to activated screens during the previous flush, flush number: 1
19:56:35.73   Activating screen: AppLoadingForm
19:56:35.73   SetupProductLoadingArt - choosing bgArt = 4 (gold=0)
19:56:35.86   GAME -- Loaded campaign 'Invasion of Normandy' (DATA:SCENARIOS\SP\COH.CAMP) with 15 missions, [coh]
19:56:35.86   GAME -- Loaded campaign 'Liberation of Caen' (DATA:SCENARIOS\SP\CXP1.CAMP) with 9 missions, [cxp1]
19:56:35.86   GAME -- Loaded campaign 'Operation Market Garden' (DATA:SCENARIOS\SP\CXP2.CAMP) with 8 missions, [cxp2]
19:56:35.86   GAME -- Loaded campaign 'Falaise Pocket' (DATA:SCENARIOS\SP\DLC3.CAMP) with 3 missions, [dlc3]
19:56:35.86   GAME -- Loaded campaign 'Causeway' (DATA:SCENARIOS\SP\DLC2.CAMP) with 3 missions, [dlc2]
19:56:35.86   GAME -- Loaded campaign 'Tiger Ace' (DATA:SCENARIOS\SP\DLC1.CAMP) with 3 missions, [dlc1]
19:56:36.17   GAME -- Using player profile DESKTOP-568GN8O
19:56:36.20   Dx9Program : Unable to find shader script for 'fxshader_multiply' in the ShaderDatabase.
19:56:36.21   Dx9Program : Unable to find shader script for 'fxshader_depthadditive' in the ShaderDatabase.
19:56:36.52   SetupProductLoadingArt - choosing bgArt = 4 (gold=0)
19:56:36.52   Activating screen: FEMovie
19:56:36.52   Activating screen: OnlineWidget
19:56:36.52   CRC & Version Info : 000002bc:924f95e6:dc49d0cb reliccoh:700:ww2mod.dll 0
19:56:36.52   Logging in using Steam credentials...
19:56:36.52   Activating screen: FE_mm_01
19:56:36.52   SetupProductLoadingArt - choosing bgArt = 4 (gold=0)
19:56:36.52   GAME -- Setting campaign state to 'coh'
19:56:36.52   GAME -- Closing state 'coh'
19:56:36.52   GAME -- Setting campaign state to 'cxp2'
19:56:36.52   GAME -- Closing state 'cxp2'
19:56:36.52   GAME -- Setting campaign state to 'cxp1'
19:56:36.52   GAME -- Closing state 'cxp1'
19:56:36.53   GAME -- Setting campaign state to 'dlc1'
19:56:36.53   GAME -- Closing state 'dlc1'
19:56:36.53   GAME -- Setting campaign state to 'dlc2'
19:56:36.53   GAME -- Closing state 'dlc2'
19:56:36.53   GAME -- Setting campaign state to 'dlc3'
19:56:36.53   GAME -- Closing state 'dlc3'
19:56:36.53   RLINK -- Requesting ticket
19:56:36.53   RLINK -- SteamAuthManager::GetAuthToken state ID : 1
19:56:36.56   RLINK -- OnRequest app ticket returned N
19:56:36.56   RLINK -- SteamAuth received ticket at t=23710
19:56:36.56   RLINK -- SteamAuthManager::GetAuthToken state ID : 2
19:56:37.62   RLINK -- Found 1 profiles for account /steam/76561199210795903
19:56:37.62   RLINK -- Found profile: /steam/76561199210795903
19:56:37.62   THREAD: Hyper-Threading Technology Processors are not detected.
19:56:37.78   UIFrontEnd::StartRelicOnlineTabs deactivating FE_mm_01
19:56:37.78   Activating screen: OnlineSelectGame
19:56:37.78   Activating screen: RelicOnlineChat
19:56:37.78   Activating screen: RelicOnlineNewsScreen
19:56:37.79   Activating screen: RelicOnlineStatsScreen
19:56:37.79   Activating screen: Achievements
19:56:37.79   GAME -- Setting campaign state to 'coh'
19:56:37.79   GAME -- Closing state 'coh'
19:56:37.79   GAME -- Setting campaign state to 'cxp2'
19:56:37.79   GAME -- Closing state 'cxp2'
19:56:37.79   GAME -- Setting campaign state to 'cxp1'
19:56:37.79   GAME -- Closing state 'cxp1'
19:56:37.79   GAME -- Setting campaign state to 'dlc1'
19:56:37.79   GAME -- Closing state 'dlc1'
19:56:37.79   GAME -- Setting campaign state to 'dlc2'
19:56:37.79   GAME -- Closing state 'dlc2'
19:56:37.79   GAME -- Setting campaign state to 'dlc3'
19:56:37.79   GAME -- Closing state 'dlc3'
19:56:37.80   GAME -- Setting campaign state to 'dlc1'
19:56:37.80   GAME -- Closing state 'dlc1'
19:56:37.80   Activating screen: GameHistory
19:56:37.82   GameInfo::ResetInfo - SyncLevel set to 0 on reset
19:56:37.82   GameInfo::ResetInfo - SyncLevel set to 0 on reset
19:56:37.82   GameInfo::ResetInfo - SyncLevel set to 0 on reset
19:56:37.82   GameInfo::ResetInfo - SyncLevel set to 0 on reset
19:56:37.82   GameInfo::ResetInfo - SyncLevel set to 0 on reset
19:56:37.82   GameInfo::ResetInfo - SyncLevel set to 0 on reset
19:56:37.82   GameInfo::ResetInfo - SyncLevel set to 0 on reset
19:56:37.82   GameInfo::ResetInfo - SyncLevel set to 0 on reset
19:56:37.82   GameInfo::ResetInfo - SyncLevel set to 0 on reset
19:56:37.82   GameInfo::ResetInfo - SyncLevel set to 0 on reset
19:56:37.82   GameInfo::ResetInfo - SyncLevel set to 0 on reset
19:56:37.82   GameInfo::ResetInfo - SyncLevel set to 0 on reset
19:56:37.83   GameInfo::ResetInfo - SyncLevel set to 0 on reset
19:56:37.83   GameInfo::ResetInfo - SyncLevel set to 0 on reset
19:56:37.83   GameInfo::ResetInfo - SyncLevel set to 0 on reset
19:56:37.83   GameInfo::ResetInfo - SyncLevel set to 0 on reset
19:56:37.83   GameInfo::ResetInfo - SyncLevel set to 0 on reset
19:56:37.83   GameInfo::ResetInfo - SyncLevel set to 0 on reset
19:56:37.83   GameInfo::ResetInfo - SyncLevel set to 0 on reset
19:56:37.83   GameInfo::ResetInfo - SyncLevel set to 0 on reset
19:56:37.83   GameInfo::ResetInfo - SyncLevel set to 0 on reset
19:56:37.83   GameInfo::ResetInfo - SyncLevel set to 0 on reset
19:56:37.83   GameInfo::ResetInfo - SyncLevel set to 0 on reset
19:56:37.83   GameInfo::ResetInfo - SyncLevel set to 0 on reset
19:56:37.83   GameInfo::ResetInfo - SyncLevel set to 0 on reset
19:56:37.83   GameInfo::ResetInfo - SyncLevel set to 0 on reset
19:56:37.83   GameInfo::ResetInfo - SyncLevel set to 0 on reset
19:56:37.83   GameInfo::ResetInfo - SyncLevel set to 0 on reset
19:56:37.83   GameInfo::ResetInfo - SyncLevel set to 0 on reset
19:56:37.83   GameInfo::ResetInfo - SyncLevel set to 0 on reset
19:56:37.83   GameInfo::ResetInfo - SyncLevel set to 0 on reset
19:56:37.83   GameInfo::ResetInfo - SyncLevel set to 0 on reset
19:56:37.83   GameInfo::ResetInfo - SyncLevel set to 0 on reset
19:56:37.83   GameInfo::ResetInfo - SyncLevel set to 0 on reset
19:56:37.83   GameInfo::ResetInfo - SyncLevel set to 0 on reset
19:56:37.83   GameInfo::ResetInfo - SyncLevel set to 0 on reset
19:56:37.83   GameInfo::ResetInfo - SyncLevel set to 0 on reset
19:56:37.83   GameInfo::ResetInfo - SyncLevel set to 0 on reset
19:56:37.83   GameInfo::ResetInfo - SyncLevel set to 0 on reset
19:56:37.83   GameInfo::ResetInfo - SyncLevel set to 0 on reset
19:56:37.83   GameInfo::ResetInfo - SyncLevel set to 0 on reset
19:56:37.83   GameInfo::ResetInfo - SyncLevel set to 0 on reset
19:56:37.84   GameInfo::ResetInfo - SyncLevel set to 0 on reset
19:56:37.84   GameInfo::ResetInfo - SyncLevel set to 0 on reset
19:56:37.84   GameInfo::ResetInfo - SyncLevel set to 0 on reset
19:56:37.84   GameInfo::ResetInfo - SyncLevel set to 0 on reset
19:56:37.84   GameInfo::ResetInfo - SyncLevel set to 0 on reset
19:56:37.84   GameInfo::ResetInfo - SyncLevel set to 0 on reset
19:56:37.84   GameInfo::ResetInfo - SyncLevel set to 0 on reset
19:56:37.84   GameInfo::ResetInfo - SyncLevel set to 0 on reset
19:56:37.84   GameInfo::ResetInfo - SyncLevel set to 0 on reset
19:56:37.84   GameInfo::ResetInfo - SyncLevel set to 0 on reset
19:56:37.84   GameInfo::ResetInfo - SyncLevel set to 0 on reset
19:56:37.84   GameInfo::ResetInfo - SyncLevel set to 0 on reset
19:56:37.84   GameInfo::ResetInfo - SyncLevel set to 0 on reset
19:56:37.84   GameInfo::ResetInfo - SyncLevel set to 0 on reset
19:56:37.84   GameInfo::ResetInfo - SyncLevel set to 0 on reset
19:56:37.84   GameInfo::ResetInfo - SyncLevel set to 0 on reset
19:56:37.84   GameInfo::ResetInfo - SyncLevel set to 0 on reset
19:56:37.84   GameInfo::ResetInfo - SyncLevel set to 0 on reset
19:56:37.84   GameInfo::ResetInfo - SyncLevel set to 0 on reset
19:56:37.84   GameInfo::ResetInfo - SyncLevel set to 0 on reset
19:56:37.84   GameInfo::ResetInfo - SyncLevel set to 0 on reset
19:56:37.84   GameInfo::ResetInfo - SyncLevel set to 0 on reset
19:56:37.84   GameInfo::ResetInfo - SyncLevel set to 0 on reset
19:56:37.84   GameInfo::ResetInfo - SyncLevel set to 0 on reset
19:56:37.84   GameInfo::ResetInfo - SyncLevel set to 0 on reset
19:56:37.84   GameInfo::ResetInfo - SyncLevel set to 0 on reset
19:56:37.84   GameInfo::ResetInfo - SyncLevel set to 0 on reset
19:56:37.85   GameInfo::ResetInfo - SyncLevel set to 0 on reset
19:56:37.85   GameInfo::ResetInfo - SyncLevel set to 0 on reset
19:56:37.85   GameInfo::ResetInfo - SyncLevel set to 0 on reset
19:56:37.85   GameInfo::ResetInfo - SyncLevel set to 0 on reset
19:56:37.85   GameInfo::ResetInfo - SyncLevel set to 0 on reset
19:56:37.85   GameInfo::ResetInfo - SyncLevel set to 0 on reset
19:56:37.85   GameInfo::ResetInfo - SyncLevel set to 0 on reset
19:56:37.85   GameInfo::ResetInfo - SyncLevel set to 0 on reset
19:56:37.85   GameInfo::ResetInfo - SyncLevel set to 0 on reset
19:56:37.85   GameInfo::ResetInfo - SyncLevel set to 0 on reset
19:56:37.85   GameInfo::ResetInfo - SyncLevel set to 0 on reset
19:56:37.85   GameInfo::ResetInfo - SyncLevel set to 0 on reset
19:56:37.85   GameInfo::ResetInfo - SyncLevel set to 0 on reset
19:56:37.85   GameInfo::ResetInfo - SyncLevel set to 0 on reset
19:56:37.85   GameInfo::ResetInfo - SyncLevel set to 0 on reset
19:56:37.85   GameInfo::ResetInfo - SyncLevel set to 0 on reset
19:56:37.85   GameInfo::ResetInfo - SyncLevel set to 0 on reset
19:56:37.85   GameInfo::ResetInfo - SyncLevel set to 0 on reset
19:56:37.85   GameInfo::ResetInfo - SyncLevel set to 0 on reset
19:56:37.85   GameInfo::ResetInfo - SyncLevel set to 0 on reset
19:56:37.85   GameInfo::ResetInfo - SyncLevel set to 0 on reset
19:56:37.85   GameInfo::ResetInfo - SyncLevel set to 0 on reset
19:56:37.85   GameInfo::ResetInfo - SyncLevel set to 0 on reset
19:56:37.85   GameInfo::ResetInfo - SyncLevel set to 0 on reset
19:56:37.85   GameInfo::ResetInfo - SyncLevel set to 0 on reset
19:56:37.85   GameInfo::ResetInfo - SyncLevel set to 0 on reset
19:56:37.85   GameInfo::ResetInfo - SyncLevel set to 0 on reset
19:56:37.85   GameInfo::ResetInfo - SyncLevel set to 0 on reset
19:56:37.85   GameInfo::ResetInfo - SyncLevel set to 0 on reset
19:56:37.85   GameInfo::ResetInfo - SyncLevel set to 0 on reset
19:56:37.85   GameInfo::ResetInfo - SyncLevel set to 0 on reset
19:56:37.85   GameInfo::ResetInfo - SyncLevel set to 0 on reset
19:56:37.85   GameInfo::ResetInfo - SyncLevel set to 0 on reset
19:56:37.85   GameInfo::ResetInfo - SyncLevel set to 0 on reset
19:56:37.85   GameInfo::ResetInfo - SyncLevel set to 0 on reset
19:56:37.85   GameInfo::ResetInfo - SyncLevel set to 0 on reset
19:56:37.86   GameInfo::ResetInfo - SyncLevel set to 0 on reset
19:56:37.86   GameInfo::ResetInfo - SyncLevel set to 0 on reset
19:56:37.86   GameInfo::ResetInfo - SyncLevel set to 0 on reset
19:56:37.86   GameInfo::ResetInfo - SyncLevel set to 0 on reset
19:56:37.86   GameInfo::ResetInfo - SyncLevel set to 0 on reset
19:56:37.86   GameInfo::ResetInfo - SyncLevel set to 0 on reset
19:56:37.86   GameInfo::ResetInfo - SyncLevel set to 0 on reset
19:56:37.86   GameInfo::ResetInfo - SyncLevel set to 0 on reset
19:56:37.86   GameInfo::ResetInfo - SyncLevel set to 0 on reset
19:56:37.86   GameInfo::ResetInfo - SyncLevel set to 0 on reset
19:56:37.86   GameInfo::ResetInfo - SyncLevel set to 0 on reset
19:56:37.86   GameInfo::ResetInfo - SyncLevel set to 0 on reset
19:56:37.86   GameInfo::ResetInfo - SyncLevel set to 0 on reset
19:56:37.86   GameInfo::ResetInfo - SyncLevel set to 0 on reset
19:56:37.86   GameInfo::ResetInfo - SyncLevel set to 0 on reset
19:56:37.86   GameInfo::ResetInfo - SyncLevel set to 0 on reset
19:56:37.86   GameInfo::ResetInfo - SyncLevel set to 0 on reset
19:56:37.86   GameInfo::ResetInfo - SyncLevel set to 0 on reset
19:56:37.86   GameInfo::ResetInfo - SyncLevel set to 0 on reset
19:56:37.86   GameInfo::ResetInfo - SyncLevel set to 0 on reset
19:56:37.86   GameInfo::ResetInfo - SyncLevel set to 0 on reset
19:56:37.86   GameInfo::ResetInfo - SyncLevel set to 0 on reset
19:56:37.86   GameInfo::ResetInfo - SyncLevel set to 0 on reset
19:56:37.86   GameInfo::ResetInfo - SyncLevel set to 0 on reset
19:56:37.86   GameInfo::ResetInfo - SyncLevel set to 0 on reset
19:56:37.86   GameInfo::ResetInfo - SyncLevel set to 0 on reset
19:56:37.86   GameInfo::ResetInfo - SyncLevel set to 0 on reset
19:56:37.86   GameInfo::ResetInfo - SyncLevel set to 0 on reset
19:56:37.86   GameInfo::ResetInfo - SyncLevel set to 0 on reset
19:56:37.86   GameInfo::ResetInfo - SyncLevel set to 0 on reset
19:56:37.86   GameInfo::ResetInfo - SyncLevel set to 0 on reset
19:56:37.86   GameInfo::ResetInfo - SyncLevel set to 0 on reset
19:56:37.86   GameInfo::ResetInfo - SyncLevel set to 0 on reset
19:56:37.86   GameInfo::ResetInfo - SyncLevel set to 0 on reset
19:56:37.86   GameInfo::ResetInfo - SyncLevel set to 0 on reset
19:56:37.86   GameInfo::ResetInfo - SyncLevel set to 0 on reset
19:56:37.86   GameInfo::ResetInfo - SyncLevel set to 0 on reset
19:56:37.86   GameInfo::ResetInfo - SyncLevel set to 0 on reset
19:56:37.86   GameInfo::ResetInfo - SyncLevel set to 0 on reset
19:56:37.86   GameInfo::ResetInfo - SyncLevel set to 0 on reset
19:56:37.86   GameInfo::ResetInfo - SyncLevel set to 0 on reset
19:56:37.87   GameInfo::ResetInfo - SyncLevel set to 0 on reset
19:56:37.87   GameInfo::ResetInfo - SyncLevel set to 0 on reset
19:56:37.87   GameInfo::ResetInfo - SyncLevel set to 0 on reset
19:56:37.87   GameInfo::ResetInfo - SyncLevel set to 0 on reset
19:56:37.87   GameInfo::ResetInfo - SyncLevel set to 0 on reset
19:56:37.87   GameInfo::ResetInfo - SyncLevel set to 0 on reset
19:56:37.87   GameInfo::ResetInfo - SyncLevel set to 0 on reset
19:56:37.87   GameInfo::ResetInfo - SyncLevel set to 0 on reset
19:56:37.87   GameInfo::ResetInfo - SyncLevel set to 0 on reset
19:56:37.87   GameInfo::ResetInfo - SyncLevel set to 0 on reset
19:56:37.87   GameInfo::ResetInfo - SyncLevel set to 0 on reset
19:56:37.87   GameInfo::ResetInfo - SyncLevel set to 0 on reset
19:56:37.87   GameInfo::ResetInfo - SyncLevel set to 0 on reset
19:56:37.87   GameInfo::ResetInfo - SyncLevel set to 0 on reset
19:56:37.87   GameInfo::ResetInfo - SyncLevel set to 0 on reset
19:56:37.87   GameInfo::ResetInfo - SyncLevel set to 0 on reset
19:56:37.87   GameInfo::ResetInfo - SyncLevel set to 0 on reset
19:56:37.87   GameInfo::ResetInfo - SyncLevel set to 0 on reset
19:56:37.87   GameInfo::ResetInfo - SyncLevel set to 0 on reset
19:56:37.87   GameInfo::ResetInfo - SyncLevel set to 0 on reset
19:56:37.87   GameInfo::ResetInfo - SyncLevel set to 0 on reset
19:56:37.87   GameInfo::ResetInfo - SyncLevel set to 0 on reset
19:56:37.87   GameInfo::ResetInfo - SyncLevel set to 0 on reset
19:56:37.87   GameInfo::ResetInfo - SyncLevel set to 0 on reset
19:56:37.87   GameInfo::ResetInfo - SyncLevel set to 0 on reset
19:56:37.87   GameInfo::ResetInfo - SyncLevel set to 0 on reset
19:56:37.87   GameInfo::ResetInfo - SyncLevel set to 0 on reset
19:56:37.87   GameInfo::ResetInfo - SyncLevel set to 0 on reset
19:56:37.87   GameInfo::ResetInfo - SyncLevel set to 0 on reset
19:56:37.87   GameInfo::ResetInfo - SyncLevel set to 0 on reset
19:56:37.87   GameInfo::ResetInfo - SyncLevel set to 0 on reset
19:56:37.87   GameInfo::ResetInfo - SyncLevel set to 0 on reset
19:56:37.87   GameInfo::ResetInfo - SyncLevel set to 0 on reset
19:56:37.87   GameInfo::ResetInfo - SyncLevel set to 0 on reset
19:56:37.87   GameInfo::ResetInfo - SyncLevel set to 0 on reset
19:56:37.87   GameInfo::ResetInfo - SyncLevel set to 0 on reset
19:56:37.87   GameInfo::ResetInfo - SyncLevel set to 0 on reset
19:56:37.87   GameInfo::ResetInfo - SyncLevel set to 0 on reset
19:56:37.87   GameInfo::ResetInfo - SyncLevel set to 0 on reset
19:56:37.87   GameInfo::ResetInfo - SyncLevel set to 0 on reset
19:56:37.87   GameInfo::ResetInfo - SyncLevel set to 0 on reset
19:56:37.87   GameInfo::ResetInfo - SyncLevel set to 0 on reset
19:56:37.87   GameInfo::ResetInfo - SyncLevel set to 0 on reset
19:56:37.88   GameInfo::ResetInfo - SyncLevel set to 0 on reset
19:56:37.88   GameInfo::ResetInfo - SyncLevel set to 0 on reset
19:56:37.88   GameInfo::ResetInfo - SyncLevel set to 0 on reset
19:56:37.88   GameInfo::ResetInfo - SyncLevel set to 0 on reset
19:56:37.88   GameInfo::ResetInfo - SyncLevel set to 0 on reset
19:56:37.88   GameInfo::ResetInfo - SyncLevel set to 0 on reset
19:56:37.88   GameInfo::ResetInfo - SyncLevel set to 0 on reset
19:56:37.88   GameInfo::ResetInfo - SyncLevel set to 0 on reset
19:56:37.88   GameInfo::ResetInfo - SyncLevel set to 0 on reset
19:56:37.88   GameInfo::ResetInfo - SyncLevel set to 0 on reset
19:56:37.88   GameInfo::ResetInfo - SyncLevel set to 0 on reset
19:56:37.88   GameInfo::ResetInfo - SyncLevel set to 0 on reset
19:56:37.88   GameInfo::ResetInfo - SyncLevel set to 0 on reset
19:56:37.88   GameInfo::ResetInfo - SyncLevel set to 0 on reset
19:56:37.88   GameInfo::ResetInfo - SyncLevel set to 0 on reset
19:56:37.88   GameInfo::ResetInfo - SyncLevel set to 0 on reset
19:56:37.88   GameInfo::ResetInfo - SyncLevel set to 0 on reset
19:56:37.88   GameInfo::ResetInfo - SyncLevel set to 0 on reset
19:56:37.88   GameInfo::ResetInfo - SyncLevel set to 0 on reset
19:56:37.88   GameInfo::ResetInfo - SyncLevel set to 0 on reset
19:56:37.88   GameInfo::ResetInfo - SyncLevel set to 0 on reset
19:56:37.88   GameInfo::ResetInfo - SyncLevel set to 0 on reset
19:56:37.88   GameInfo::ResetInfo - SyncLevel set to 0 on reset
19:56:37.88   GameInfo::ResetInfo - SyncLevel set to 0 on reset
19:56:37.88   GameInfo::ResetInfo - SyncLevel set to 0 on reset
19:56:37.88   GameInfo::ResetInfo - SyncLevel set to 0 on reset
19:56:37.88   GameInfo::ResetInfo - SyncLevel set to 0 on reset
19:56:37.88   GameInfo::ResetInfo - SyncLevel set to 0 on reset
19:56:37.88   GameInfo::ResetInfo - SyncLevel set to 0 on reset
19:56:37.88   GameInfo::ResetInfo - SyncLevel set to 0 on reset
19:56:37.88   GameInfo::ResetInfo - SyncLevel set to 0 on reset
19:56:37.88   GameInfo::ResetInfo - SyncLevel set to 0 on reset
19:56:37.88   GameInfo::ResetInfo - SyncLevel set to 0 on reset
19:56:37.89   GameInfo::ResetInfo - SyncLevel set to 0 on reset
19:56:37.89   GameInfo::ResetInfo - SyncLevel set to 0 on reset
19:56:37.89   GameInfo::ResetInfo - SyncLevel set to 0 on reset
19:56:37.89   GameInfo::ResetInfo - SyncLevel set to 0 on reset
19:56:37.89   GameInfo::ResetInfo - SyncLevel set to 0 on reset
19:56:37.89   GameInfo::ResetInfo - SyncLevel set to 0 on reset
19:56:37.89   GameInfo::ResetInfo - SyncLevel set to 0 on reset
19:56:37.89   GameInfo::ResetInfo - SyncLevel set to 0 on reset
19:56:37.89   GameInfo::ResetInfo - SyncLevel set to 0 on reset
19:56:37.89   GameInfo::ResetInfo - SyncLevel set to 0 on reset
19:56:37.89   GameInfo::ResetInfo - SyncLevel set to 0 on reset
19:56:37.89   GameInfo::ResetInfo - SyncLevel set to 0 on reset
19:56:37.89   GameInfo::ResetInfo - SyncLevel set to 0 on reset
19:56:37.89   GameInfo::ResetInfo - SyncLevel set to 0 on reset
19:56:37.89   GameInfo::ResetInfo - SyncLevel set to 0 on reset
19:56:37.89   GameInfo::ResetInfo - SyncLevel set to 0 on reset
19:56:37.89   GameInfo::ResetInfo - SyncLevel set to 0 on reset
19:56:37.89   GameInfo::ResetInfo - SyncLevel set to 0 on reset
19:56:37.89   GameInfo::ResetInfo - SyncLevel set to 0 on reset
19:56:37.89   GameInfo::ResetInfo - SyncLevel set to 0 on reset
19:56:37.89   GameInfo::ResetInfo - SyncLevel set to 0 on reset
19:56:37.89   GameInfo::ResetInfo - SyncLevel set to 0 on reset
19:56:37.89   GameInfo::ResetInfo - SyncLevel set to 0 on reset
19:56:37.89   GameInfo::ResetInfo - SyncLevel set to 0 on reset
19:56:37.89   GameInfo::ResetInfo - SyncLevel set to 0 on reset
19:56:37.89   GameInfo::ResetInfo - SyncLevel set to 0 on reset
19:56:37.89   GameInfo::ResetInfo - SyncLevel set to 0 on reset
19:56:37.89   GameInfo::ResetInfo - SyncLevel set to 0 on reset
19:56:37.89   GameInfo::ResetInfo - SyncLevel set to 0 on reset
19:56:37.89   GameInfo::ResetInfo - SyncLevel set to 0 on reset
19:56:37.89   GameInfo::ResetInfo - SyncLevel set to 0 on reset
19:56:37.89   GameInfo::ResetInfo - SyncLevel set to 0 on reset
19:56:37.89   GameInfo::ResetInfo - SyncLevel set to 0 on reset
19:56:37.89   GameInfo::ResetInfo - SyncLevel set to 0 on reset
19:56:37.90   GameInfo::ResetInfo - SyncLevel set to 0 on reset
19:56:37.90   GameInfo::ResetInfo - SyncLevel set to 0 on reset
19:56:37.90   GameInfo::ResetInfo - SyncLevel set to 0 on reset
19:56:37.90   GameInfo::ResetInfo - SyncLevel set to 0 on reset
19:56:37.90   GameInfo::ResetInfo - SyncLevel set to 0 on reset
19:56:37.90   GameInfo::ResetInfo - SyncLevel set to 0 on reset
19:56:37.90   GameInfo::ResetInfo - SyncLevel set to 0 on reset
19:56:37.90   GameInfo::ResetInfo - SyncLevel set to 0 on reset
19:56:37.90   GameInfo::ResetInfo - SyncLevel set to 0 on reset
19:56:37.90   GameInfo::ResetInfo - SyncLevel set to 0 on reset
19:56:37.90   GameInfo::ResetInfo - SyncLevel set to 0 on reset
19:56:37.90   GameInfo::ResetInfo - SyncLevel set to 0 on reset
19:56:37.90   GameInfo::ResetInfo - SyncLevel set to 0 on reset
19:56:37.90   GameInfo::ResetInfo - SyncLevel set to 0 on reset
19:56:37.90   GameInfo::ResetInfo - SyncLevel set to 0 on reset
19:56:37.90   GameInfo::ResetInfo - SyncLevel set to 0 on reset
19:56:37.90   GameInfo::ResetInfo - SyncLevel set to 0 on reset
19:56:37.90   GameInfo::ResetInfo - SyncLevel set to 0 on reset
19:56:37.90   GameInfo::ResetInfo - SyncLevel set to 0 on reset
19:56:37.90   GameInfo::ResetInfo - SyncLevel set to 0 on reset
19:56:37.90   GameInfo::ResetInfo - SyncLevel set to 0 on reset
19:56:37.90   GameInfo::ResetInfo - SyncLevel set to 0 on reset
19:56:37.90   GameInfo::ResetInfo - SyncLevel set to 0 on reset
19:56:37.90   GameInfo::ResetInfo - SyncLevel set to 0 on reset
19:56:37.90   GameInfo::ResetInfo - SyncLevel set to 0 on reset
19:56:37.90   GameInfo::ResetInfo - SyncLevel set to 0 on reset
19:56:37.90   GameInfo::ResetInfo - SyncLevel set to 0 on reset
19:56:37.90   GameInfo::ResetInfo - SyncLevel set to 0 on reset
19:56:37.90   GameInfo::ResetInfo - SyncLevel set to 0 on reset
19:56:37.90   GameInfo::ResetInfo - SyncLevel set to 0 on reset
19:56:37.90   GameInfo::ResetInfo - SyncLevel set to 0 on reset
19:56:37.90   GameInfo::ResetInfo - SyncLevel set to 0 on reset
19:56:37.90   GameInfo::ResetInfo - SyncLevel set to 0 on reset
19:56:37.90   GameInfo::ResetInfo - SyncLevel set to 0 on reset
19:56:37.90   GameInfo::ResetInfo - SyncLevel set to 0 on reset
19:56:37.91   GameInfo::ResetInfo - SyncLevel set to 0 on reset
19:56:37.91   GameInfo::ResetInfo - SyncLevel set to 0 on reset
19:56:37.91   GameInfo::ResetInfo - SyncLevel set to 0 on reset
19:56:37.91   GameInfo::ResetInfo - SyncLevel set to 0 on reset
19:56:37.91   GameInfo::ResetInfo - SyncLevel set to 0 on reset
19:56:37.91   GameInfo::ResetInfo - SyncLevel set to 0 on reset
19:56:37.91   GameInfo::ResetInfo - SyncLevel set to 0 on reset
19:56:37.91   GameInfo::ResetInfo - SyncLevel set to 0 on reset
19:56:37.91   GameInfo::ResetInfo - SyncLevel set to 0 on reset
19:56:37.91   GameInfo::ResetInfo - SyncLevel set to 0 on reset
19:56:37.91   GameInfo::ResetInfo - SyncLevel set to 0 on reset
19:56:37.91   GameInfo::ResetInfo - SyncLevel set to 0 on reset
19:56:37.91   GameInfo::ResetInfo - SyncLevel set to 0 on reset
19:56:37.91   GameInfo::ResetInfo - SyncLevel set to 0 on reset
19:56:37.91   GameInfo::ResetInfo - SyncLevel set to 0 on reset
19:56:37.91   GameInfo::ResetInfo - SyncLevel set to 0 on reset
19:56:37.91   GameInfo::ResetInfo - SyncLevel set to 0 on reset
19:56:37.91   GameInfo::ResetInfo - SyncLevel set to 0 on reset
19:56:37.91   GameInfo::ResetInfo - SyncLevel set to 0 on reset
19:56:37.91   GameInfo::ResetInfo - SyncLevel set to 0 on reset
19:56:37.91   GameInfo::ResetInfo - SyncLevel set to 0 on reset
19:56:37.91   GameInfo::ResetInfo - SyncLevel set to 0 on reset
19:56:37.91   GameInfo::ResetInfo - SyncLevel set to 0 on reset
19:56:37.91   GameInfo::ResetInfo - SyncLevel set to 0 on reset
19:56:37.91   GameInfo::ResetInfo - SyncLevel set to 0 on reset
19:56:37.91   GameInfo::ResetInfo - SyncLevel set to 0 on reset
19:56:37.91   GameInfo::ResetInfo - SyncLevel set to 0 on reset
19:56:37.91   GameInfo::ResetInfo - SyncLevel set to 0 on reset
19:56:37.91   GameInfo::ResetInfo - SyncLevel set to 0 on reset
19:56:37.91   GameInfo::ResetInfo - SyncLevel set to 0 on reset
19:56:37.91   GameInfo::ResetInfo - SyncLevel set to 0 on reset
19:56:37.91   GameInfo::ResetInfo - SyncLevel set to 0 on reset
19:56:37.91   GameInfo::ResetInfo - SyncLevel set to 0 on reset
19:56:37.91   GameInfo::ResetInfo - SyncLevel set to 0 on reset
19:56:37.91   GameInfo::ResetInfo - SyncLevel set to 0 on reset
19:56:37.91   GameInfo::ResetInfo - SyncLevel set to 0 on reset
19:56:37.91   GameInfo::ResetInfo - SyncLevel set to 0 on reset
19:56:37.91   GameInfo::ResetInfo - SyncLevel set to 0 on reset
19:56:37.91   GameInfo::ResetInfo - SyncLevel set to 0 on reset
19:56:37.92   GameInfo::ResetInfo - SyncLevel set to 0 on reset
19:56:37.92   GameInfo::ResetInfo - SyncLevel set to 0 on reset
19:56:37.92   GameInfo::ResetInfo - SyncLevel set to 0 on reset
19:56:37.92   GameInfo::ResetInfo - SyncLevel set to 0 on reset
19:56:37.92   GameInfo::ResetInfo - SyncLevel set to 0 on reset
19:56:37.92   GameInfo::ResetInfo - SyncLevel set to 0 on reset
19:56:37.92   GameInfo::ResetInfo - SyncLevel set to 0 on reset
19:56:37.92   GameInfo::ResetInfo - SyncLevel set to 0 on reset
19:56:37.92   GameInfo::ResetInfo - SyncLevel set to 0 on reset
19:56:37.92   GameInfo::ResetInfo - SyncLevel set to 0 on reset
19:56:37.92   GameInfo::ResetInfo - SyncLevel set to 0 on reset
19:56:37.92   GameInfo::ResetInfo - SyncLevel set to 0 on reset
19:56:37.92   GameInfo::ResetInfo - SyncLevel set to 0 on reset
19:56:37.92   GameInfo::ResetInfo - SyncLevel set to 0 on reset
19:56:37.92   GameInfo::ResetInfo - SyncLevel set to 0 on reset
19:56:37.92   GameInfo::ResetInfo - SyncLevel set to 0 on reset
19:56:37.92   GameInfo::ResetInfo - SyncLevel set to 0 on reset
19:56:37.92   GameInfo::ResetInfo - SyncLevel set to 0 on reset
19:56:37.92   GameInfo::ResetInfo - SyncLevel set to 0 on reset
19:56:37.92   GameInfo::ResetInfo - SyncLevel set to 0 on reset
19:56:37.92   GameInfo::ResetInfo - SyncLevel set to 0 on reset
19:56:37.92   GameInfo::ResetInfo - SyncLevel set to 0 on reset
19:56:37.92   GameInfo::ResetInfo - SyncLevel set to 0 on reset
19:56:37.92   GameInfo::ResetInfo - SyncLevel set to 0 on reset
19:56:37.92   GameInfo::ResetInfo - SyncLevel set to 0 on reset
19:56:37.92   GameInfo::ResetInfo - SyncLevel set to 0 on reset
19:56:37.92   GameInfo::ResetInfo - SyncLevel set to 0 on reset
19:56:37.92   GameInfo::ResetInfo - SyncLevel set to 0 on reset
19:56:37.92   GameInfo::ResetInfo - SyncLevel set to 0 on reset
19:56:37.92   GameInfo::ResetInfo - SyncLevel set to 0 on reset
19:56:37.92   GameInfo::ResetInfo - SyncLevel set to 0 on reset
19:56:37.92   GameInfo::ResetInfo - SyncLevel set to 0 on reset
19:56:37.92   GameInfo::ResetInfo - SyncLevel set to 0 on reset
19:56:37.92   GameInfo::ResetInfo - SyncLevel set to 0 on reset
19:56:37.92   GameInfo::ResetInfo - SyncLevel set to 0 on reset
19:56:37.92   GameInfo::ResetInfo - SyncLevel set to 0 on reset
19:56:37.92   GameInfo::ResetInfo - SyncLevel set to 0 on reset
19:56:37.92   GameInfo::ResetInfo - SyncLevel set to 0 on reset
19:56:37.92   GameInfo::ResetInfo - SyncLevel set to 0 on reset
19:56:37.92   GameInfo::ResetInfo - SyncLevel set to 0 on reset
19:56:37.92   GameInfo::ResetInfo - SyncLevel set to 0 on reset
19:56:37.93   GameInfo::ResetInfo - SyncLevel set to 0 on reset
19:56:37.93   GameInfo::ResetInfo - SyncLevel set to 0 on reset
19:56:37.93   GameInfo::ResetInfo - SyncLevel set to 0 on reset
19:56:37.93   GameInfo::ResetInfo - SyncLevel set to 0 on reset
19:56:37.93   GameInfo::ResetInfo - SyncLevel set to 0 on reset
19:56:37.93   GameInfo::ResetInfo - SyncLevel set to 0 on reset
19:56:37.93   GAME -- Error reading header for recorded game PLAYBACK:4p_rails_and_metal20110731195813__[GameReplays.org].rec
19:56:37.93   GameInfo::ResetInfo - SyncLevel set to 0 on reset
19:56:37.93   GameInfo::ResetInfo - SyncLevel set to 0 on reset
19:56:37.93   GAME -- Error reading header for recorded game PLAYBACK:4p_rails_and_metal20110801000124__[GameReplays.org].rec
19:56:37.93   GameInfo::ResetInfo - SyncLevel set to 0 on reset
19:56:37.93   GameInfo::ResetInfo - SyncLevel set to 0 on reset
19:56:37.93   GAME -- Error reading header for recorded game PLAYBACK:4p_rails_and_metal20120827200108__[GameReplays.org].rec
19:56:37.93   GameInfo::ResetInfo - SyncLevel set to 0 on reset
19:56:37.93   GameInfo::ResetInfo - SyncLevel set to 0 on reset
19:56:37.93   GameInfo::ResetInfo - SyncLevel set to 0 on reset
19:56:37.93   GameInfo::ResetInfo - SyncLevel set to 0 on reset
19:56:37.93   GameInfo::ResetInfo - SyncLevel set to 0 on reset
19:56:37.93   GameInfo::ResetInfo - SyncLevel set to 0 on reset
19:56:37.93   GameInfo::ResetInfo - SyncLevel set to 0 on reset
19:56:37.93   GameInfo::ResetInfo - SyncLevel set to 0 on reset
19:56:37.93   GameInfo::ResetInfo - SyncLevel set to 0 on reset
19:56:37.93   GameInfo::ResetInfo - SyncLevel set to 0 on reset
19:56:37.93   GameInfo::ResetInfo - SyncLevel set to 0 on reset
19:56:37.93   GameInfo::ResetInfo - SyncLevel set to 0 on reset
19:56:37.93   GameInfo::ResetInfo - SyncLevel set to 0 on reset
19:56:37.93   GameInfo::ResetInfo - SyncLevel set to 0 on reset
19:56:37.93   GameInfo::ResetInfo - SyncLevel set to 0 on reset
19:56:37.93   GameInfo::ResetInfo - SyncLevel set to 0 on reset
19:56:37.93   GameInfo::ResetInfo - SyncLevel set to 0 on reset
19:56:37.93   GameInfo::ResetInfo - SyncLevel set to 0 on reset
19:56:37.93   GameInfo::ResetInfo - SyncLevel set to 0 on reset
19:56:37.93   GameInfo::ResetInfo - SyncLevel set to 0 on reset
19:56:37.93   GameInfo::ResetInfo - SyncLevel set to 0 on reset
19:56:37.93   GameInfo::ResetInfo - SyncLevel set to 0 on reset
19:56:37.93   GameInfo::ResetInfo - SyncLevel set to 0 on reset
19:56:37.93   GameInfo::ResetInfo - SyncLevel set to 0 on reset
19:56:37.93   GameInfo::ResetInfo - SyncLevel set to 0 on reset
19:56:37.93   GameInfo::ResetInfo - SyncLevel set to 0 on reset
19:56:37.93   GameInfo::ResetInfo - SyncLevel set to 0 on reset
19:56:37.94   GameInfo::ResetInfo - SyncLevel set to 0 on reset
19:56:37.94   GameInfo::ResetInfo - SyncLevel set to 0 on reset
19:56:37.94   GameInfo::ResetInfo - SyncLevel set to 0 on reset
19:56:37.94   GameInfo::ResetInfo - SyncLevel set to 0 on reset
19:56:37.94   GameInfo::ResetInfo - SyncLevel set to 0 on reset
19:56:37.94   GameInfo::ResetInfo - SyncLevel set to 0 on reset
19:56:37.94   GameInfo::ResetInfo - SyncLevel set to 0 on reset
19:56:37.94   GameInfo::ResetInfo - SyncLevel set to 0 on reset
19:56:37.94   GameInfo::ResetInfo - SyncLevel set to 0 on reset
19:56:37.94   GameInfo::ResetInfo - SyncLevel set to 0 on reset
19:56:37.94   GameInfo::ResetInfo - SyncLevel set to 0 on reset
19:56:37.94   GameInfo::ResetInfo - SyncLevel set to 0 on reset
19:56:37.94   GameInfo::ResetInfo - SyncLevel set to 0 on reset
19:56:37.94   GameInfo::ResetInfo - SyncLevel set to 0 on reset
19:56:37.94   GameInfo::ResetInfo - SyncLevel set to 0 on reset
19:56:37.94   GameInfo::ResetInfo - SyncLevel set to 0 on reset
19:56:37.94   GameInfo::ResetInfo - SyncLevel set to 0 on reset
19:56:37.94   GameInfo::ResetInfo - SyncLevel set to 0 on reset
19:56:37.94   GameInfo::ResetInfo - SyncLevel set to 0 on reset
19:56:37.94   GameInfo::ResetInfo - SyncLevel set to 0 on reset
19:56:37.94   GameInfo::ResetInfo - SyncLevel set to 0 on reset
19:56:37.94   GameInfo::ResetInfo - SyncLevel set to 0 on reset
19:56:37.94   GameInfo::ResetInfo - SyncLevel set to 0 on reset
19:56:37.94   GameInfo::ResetInfo - SyncLevel set to 0 on reset
19:56:37.94   GameInfo::ResetInfo - SyncLevel set to 0 on reset
19:56:37.94   GameInfo::ResetInfo - SyncLevel set to 0 on reset
19:56:37.94   GameInfo::ResetInfo - SyncLevel set to 0 on reset
19:56:37.94   GameInfo::ResetInfo - SyncLevel set to 0 on reset
19:56:37.94   GameInfo::ResetInfo - SyncLevel set to 0 on reset
19:56:37.94   GameInfo::ResetInfo - SyncLevel set to 0 on reset
19:56:37.94   GameInfo::ResetInfo - SyncLevel set to 0 on reset
19:56:37.94   GameInfo::ResetInfo - SyncLevel set to 0 on reset
19:56:37.94   GameInfo::ResetInfo - SyncLevel set to 0 on reset
19:56:37.95   GameInfo::ResetInfo - SyncLevel set to 0 on reset
19:56:37.95   GameInfo::ResetInfo - SyncLevel set to 0 on reset
19:56:37.95   GameInfo::ResetInfo - SyncLevel set to 0 on reset
19:56:37.95   GameInfo::ResetInfo - SyncLevel set to 0 on reset
19:56:37.95   GameInfo::ResetInfo - SyncLevel set to 0 on reset
19:56:37.95   GameInfo::ResetInfo - SyncLevel set to 0 on reset
19:56:37.95   GameInfo::ResetInfo - SyncLevel set to 0 on reset
19:56:37.95   GameInfo::ResetInfo - SyncLevel set to 0 on reset
19:56:37.95   GameInfo::ResetInfo - SyncLevel set to 0 on reset
19:56:37.95   GameInfo::ResetInfo - SyncLevel set to 0 on reset
19:56:37.95   GameInfo::ResetInfo - SyncLevel set to 0 on reset
19:56:37.95   GameInfo::ResetInfo - SyncLevel set to 0 on reset
19:56:37.95   GameInfo::ResetInfo - SyncLevel set to 0 on reset
19:56:37.95   GameInfo::ResetInfo - SyncLevel set to 0 on reset
19:56:37.95   GameInfo::ResetInfo - SyncLevel set to 0 on reset
19:56:37.95   GameInfo::ResetInfo - SyncLevel set to 0 on reset
19:56:37.95   GameInfo::ResetInfo - SyncLevel set to 0 on reset
19:56:37.95   GameInfo::ResetInfo - SyncLevel set to 0 on reset
19:56:37.95   GameInfo::ResetInfo - SyncLevel set to 0 on reset
19:56:37.95   GameInfo::ResetInfo - SyncLevel set to 0 on reset
19:56:37.95   GameInfo::ResetInfo - SyncLevel set to 0 on reset
19:56:37.95   GameInfo::ResetInfo - SyncLevel set to 0 on reset
19:56:37.95   GameInfo::ResetInfo - SyncLevel set to 0 on reset
19:56:37.95   GameInfo::ResetInfo - SyncLevel set to 0 on reset
19:56:37.95   GameInfo::ResetInfo - SyncLevel set to 0 on reset
19:56:37.95   GameInfo::ResetInfo - SyncLevel set to 0 on reset
19:56:37.95   GameInfo::ResetInfo - SyncLevel set to 0 on reset
19:56:37.95   GameInfo::ResetInfo - SyncLevel set to 0 on reset
19:56:37.95   GameInfo::ResetInfo - SyncLevel set to 0 on reset
19:56:37.95   GameInfo::ResetInfo - SyncLevel set to 0 on reset
19:56:37.95   GameInfo::ResetInfo - SyncLevel set to 0 on reset
19:56:37.95   GameInfo::ResetInfo - SyncLevel set to 0 on reset
19:56:37.95   GameInfo::ResetInfo - SyncLevel set to 0 on reset
19:56:37.95   GameInfo::ResetInfo - SyncLevel set to 0 on reset
19:56:37.95   GameInfo::ResetInfo - SyncLevel set to 0 on reset
19:56:37.95   GameInfo::ResetInfo - SyncLevel set to 0 on reset
19:56:37.95   GameInfo::ResetInfo - SyncLevel set to 0 on reset
19:56:37.95   GameInfo::ResetInfo - SyncLevel set to 0 on reset
19:56:37.95   GameInfo::ResetInfo - SyncLevel set to 0 on reset
19:56:37.95   GameInfo::ResetInfo - SyncLevel set to 0 on reset
19:56:37.95   GameInfo::ResetInfo - SyncLevel set to 0 on reset
19:56:37.95   GameInfo::ResetInfo - SyncLevel set to 0 on reset
19:56:37.95   GameInfo::ResetInfo - SyncLevel set to 0 on reset
19:56:37.95   GameInfo::ResetInfo - SyncLevel set to 0 on reset
19:56:37.95   GameInfo::ResetInfo - SyncLevel set to 0 on reset
19:56:37.96   GameInfo::ResetInfo - SyncLevel set to 0 on reset
19:56:37.96   GameInfo::ResetInfo - SyncLevel set to 0 on reset
19:56:37.96   GameInfo::ResetInfo - SyncLevel set to 0 on reset
19:56:37.96   GameInfo::ResetInfo - SyncLevel set to 0 on reset
19:56:37.96   GameInfo::ResetInfo - SyncLevel set to 0 on reset
19:56:37.96   GameInfo::ResetInfo - SyncLevel set to 0 on reset
19:56:37.96   GameInfo::ResetInfo - SyncLevel set to 0 on reset
19:56:37.96   GameInfo::ResetInfo - SyncLevel set to 0 on reset
19:56:37.96   GameInfo::ResetInfo - SyncLevel set to 0 on reset
19:56:37.96   GameInfo::ResetInfo - SyncLevel set to 0 on reset
19:56:37.96   GameInfo::ResetInfo - SyncLevel set to 0 on reset
19:56:37.96   GameInfo::ResetInfo - SyncLevel set to 0 on reset
19:56:37.96   GameInfo::ResetInfo - SyncLevel set to 0 on reset
19:56:37.96   GameInfo::ResetInfo - SyncLevel set to 0 on reset
19:56:37.96   GameInfo::ResetInfo - SyncLevel set to 0 on reset
19:56:37.96   GameInfo::ResetInfo - SyncLevel set to 0 on reset
19:56:37.96   GameInfo::ResetInfo - SyncLevel set to 0 on reset
19:56:37.96   GameInfo::ResetInfo - SyncLevel set to 0 on reset
19:56:37.96   GameInfo::ResetInfo - SyncLevel set to 0 on reset
19:56:37.96   GameInfo::ResetInfo - SyncLevel set to 0 on reset
19:56:37.96   GameInfo::ResetInfo - SyncLevel set to 0 on reset
19:56:37.96   GameInfo::ResetInfo - SyncLevel set to 0 on reset
19:56:37.96   GameInfo::ResetInfo - SyncLevel set to 0 on reset
19:56:37.96   GAME -- Error reading header for recorded game PLAYBACK:4p_wolfheze20090305210256__[GameReplays.org].rec
19:56:37.96   GameInfo::ResetInfo - SyncLevel set to 0 on reset
19:56:37.96   GameInfo::ResetInfo - SyncLevel set to 0 on reset
19:56:37.96   GameInfo::ResetInfo - SyncLevel set to 0 on reset
19:56:37.96   GameInfo::ResetInfo - SyncLevel set to 0 on reset
19:56:37.96   GameInfo::ResetInfo - SyncLevel set to 0 on reset
19:56:37.96   GameInfo::ResetInfo - SyncLevel set to 0 on reset
19:56:37.96   GameInfo::ResetInfo - SyncLevel set to 0 on reset
19:56:37.96   GameInfo::ResetInfo - SyncLevel set to 0 on reset
19:56:37.96   GameInfo::ResetInfo - SyncLevel set to 0 on reset
19:56:37.96   GameInfo::ResetInfo - SyncLevel set to 0 on reset
19:56:37.96   GameInfo::ResetInfo - SyncLevel set to 0 on reset
19:56:37.96   GameInfo::ResetInfo - SyncLevel set to 0 on reset
19:56:37.96   GameInfo::ResetInfo - SyncLevel set to 0 on reset
19:56:37.96   GameInfo::ResetInfo - SyncLevel set to 0 on reset
19:56:37.96   GameInfo::ResetInfo - SyncLevel set to 0 on reset
19:56:37.96   GameInfo::ResetInfo - SyncLevel set to 0 on reset
19:56:37.96   GameInfo::ResetInfo - SyncLevel set to 0 on reset
19:56:37.96   GameInfo::ResetInfo - SyncLevel set to 0 on reset
19:56:37.96   GameInfo::ResetInfo - SyncLevel set to 0 on reset
19:56:37.96   GameInfo::ResetInfo - SyncLevel set to 0 on reset
19:56:37.96   GameInfo::ResetInfo - SyncLevel set to 0 on reset
19:56:37.96   GameInfo::ResetInfo - SyncLevel set to 0 on reset
19:56:37.96   GameInfo::ResetInfo - SyncLevel set to 0 on reset
19:56:37.97   GameInfo::ResetInfo - SyncLevel set to 0 on reset
19:56:37.97   GameInfo::ResetInfo - SyncLevel set to 0 on reset
19:56:37.97   GameInfo::ResetInfo - SyncLevel set to 0 on reset
19:56:37.97   GameInfo::ResetInfo - SyncLevel set to 0 on reset
19:56:37.97   GameInfo::ResetInfo - SyncLevel set to 0 on reset
19:56:37.97   GameInfo::ResetInfo - SyncLevel set to 0 on reset
19:56:37.97   GameInfo::ResetInfo - SyncLevel set to 0 on reset
19:56:37.97   GameInfo::ResetInfo - SyncLevel set to 0 on reset
19:56:37.97   GameInfo::ResetInfo - SyncLevel set to 0 on reset
19:56:37.97   GameInfo::ResetInfo - SyncLevel set to 0 on reset
19:56:37.97   GameInfo::ResetInfo - SyncLevel set to 0 on reset
19:56:37.97   GameInfo::ResetInfo - SyncLevel set to 0 on reset
19:56:37.97   GameInfo::ResetInfo - SyncLevel set to 0 on reset
19:56:37.97   GameInfo::ResetInfo - SyncLevel set to 0 on reset
19:56:37.97   GameInfo::ResetInfo - SyncLevel set to 0 on reset
19:56:37.97   GameInfo::ResetInfo - SyncLevel set to 0 on reset
19:56:37.97   GameInfo::ResetInfo - SyncLevel set to 0 on reset
19:56:37.97   GameInfo::ResetInfo - SyncLevel set to 0 on reset
19:56:37.97   GameInfo::ResetInfo - SyncLevel set to 0 on reset
19:56:37.97   GameInfo::ResetInfo - SyncLevel set to 0 on reset
19:56:37.97   GameInfo::ResetInfo - SyncLevel set to 0 on reset
19:56:37.97   GameInfo::ResetInfo - SyncLevel set to 0 on reset
19:56:37.97   GameInfo::ResetInfo - SyncLevel set to 0 on reset
19:56:37.97   GameInfo::ResetInfo - SyncLevel set to 0 on reset
19:56:37.97   GameInfo::ResetInfo - SyncLevel set to 0 on reset
19:56:37.97   GameInfo::ResetInfo - SyncLevel set to 0 on reset
19:56:37.97   GameInfo::ResetInfo - SyncLevel set to 0 on reset
19:56:37.97   GameInfo::ResetInfo - SyncLevel set to 0 on reset
19:56:37.97   GameInfo::ResetInfo - SyncLevel set to 0 on reset
19:56:37.97   GameInfo::ResetInfo - SyncLevel set to 0 on reset
19:56:37.97   GameInfo::ResetInfo - SyncLevel set to 0 on reset
19:56:37.97   GameInfo::ResetInfo - SyncLevel set to 0 on reset
19:56:37.97   GameInfo::ResetInfo - SyncLevel set to 0 on reset
19:56:37.97   GameInfo::ResetInfo - SyncLevel set to 0 on reset
19:56:37.97   GameInfo::ResetInfo - SyncLevel set to 0 on reset
19:56:37.97   GameInfo::ResetInfo - SyncLevel set to 0 on reset
19:56:37.97   GameInfo::ResetInfo - SyncLevel set to 0 on reset
19:56:37.97   GameInfo::ResetInfo - SyncLevel set to 0 on reset
19:56:37.97   GameInfo::ResetInfo - SyncLevel set to 0 on reset
19:56:37.97   GameInfo::ResetInfo - SyncLevel set to 0 on reset
19:56:37.98   GameInfo::ResetInfo - SyncLevel set to 0 on reset
19:56:37.98   GameInfo::ResetInfo - SyncLevel set to 0 on reset
19:56:37.98   GameInfo::ResetInfo - SyncLevel set to 0 on reset
19:56:37.98   GameInfo::ResetInfo - SyncLevel set to 0 on reset
19:56:37.98   GameInfo::ResetInfo - SyncLevel set to 0 on reset
19:56:37.98   GameInfo::ResetInfo - SyncLevel set to 0 on reset
19:56:37.98   GameInfo::ResetInfo - SyncLevel set to 0 on reset
19:56:37.98   GameInfo::ResetInfo - SyncLevel set to 0 on reset
19:56:37.98   GameInfo::ResetInfo - SyncLevel set to 0 on reset
19:56:37.98   GameInfo::ResetInfo - SyncLevel set to 0 on reset
19:56:37.98   GameInfo::ResetInfo - SyncLevel set to 0 on reset
19:56:37.98   GameInfo::ResetInfo - SyncLevel set to 0 on reset
19:56:37.98   GameInfo::ResetInfo - SyncLevel set to 0 on reset
19:56:37.98   GameInfo::ResetInfo - SyncLevel set to 0 on reset
19:56:37.98   GameInfo::ResetInfo - SyncLevel set to 0 on reset
19:56:37.98   GameInfo::ResetInfo - SyncLevel set to 0 on reset
19:56:37.98   GameInfo::ResetInfo - SyncLevel set to 0 on reset
19:56:37.98   GameInfo::ResetInfo - SyncLevel set to 0 on reset
19:56:37.98   GameInfo::ResetInfo - SyncLevel set to 0 on reset
19:56:37.98   GameInfo::ResetInfo - SyncLevel set to 0 on reset
19:56:37.98   GameInfo::ResetInfo - SyncLevel set to 0 on reset
19:56:37.98   GameInfo::ResetInfo - SyncLevel set to 0 on reset
19:56:37.98   GameInfo::ResetInfo - SyncLevel set to 0 on reset
19:56:37.98   GameInfo::ResetInfo - SyncLevel set to 0 on reset
19:56:37.99   GameInfo::ResetInfo - SyncLevel set to 0 on reset
19:56:37.99   GameInfo::ResetInfo - SyncLevel set to 0 on reset
19:56:37.99   GameInfo::ResetInfo - SyncLevel set to 0 on reset
19:56:37.99   GameInfo::ResetInfo - SyncLevel set to 0 on reset
19:56:37.99   GameInfo::ResetInfo - SyncLevel set to 0 on reset
19:56:37.99   GameInfo::ResetInfo - SyncLevel set to 0 on reset
19:56:37.99   GameInfo::ResetInfo - SyncLevel set to 0 on reset
19:56:37.99   GameInfo::ResetInfo - SyncLevel set to 0 on reset
19:56:37.99   GameInfo::ResetInfo - SyncLevel set to 0 on reset
19:56:37.99   GameInfo::ResetInfo - SyncLevel set to 0 on reset
19:56:37.99   GameInfo::ResetInfo - SyncLevel set to 0 on reset
19:56:37.99   GameInfo::ResetInfo - SyncLevel set to 0 on reset
19:56:37.99   GameInfo::ResetInfo - SyncLevel set to 0 on reset
19:56:37.99   GameInfo::ResetInfo - SyncLevel set to 0 on reset
19:56:37.99   GameInfo::ResetInfo - SyncLevel set to 0 on reset
19:56:37.99   GameInfo::ResetInfo - SyncLevel set to 0 on reset
19:56:37.99   GameInfo::ResetInfo - SyncLevel set to 0 on reset
19:56:37.99   GameInfo::ResetInfo - SyncLevel set to 0 on reset
19:56:37.99   GameInfo::ResetInfo - SyncLevel set to 0 on reset
19:56:37.99   GameInfo::ResetInfo - SyncLevel set to 0 on reset
19:56:37.99   GameInfo::ResetInfo - SyncLevel set to 0 on reset
19:56:37.99   GameInfo::ResetInfo - SyncLevel set to 0 on reset
19:56:37.99   GameInfo::ResetInfo - SyncLevel set to 0 on reset
19:56:37.99   GameInfo::ResetInfo - SyncLevel set to 0 on reset
19:56:38.00   GameInfo::ResetInfo - SyncLevel set to 0 on reset
19:56:38.00   GameInfo::ResetInfo - SyncLevel set to 0 on reset
19:56:38.00   GameInfo::ResetInfo - SyncLevel set to 0 on reset
19:56:38.00   GameInfo::ResetInfo - SyncLevel set to 0 on reset
19:56:38.00   GameInfo::ResetInfo - SyncLevel set to 0 on reset
19:56:38.00   GameInfo::ResetInfo - SyncLevel set to 0 on reset
19:56:38.00   GameInfo::ResetInfo - SyncLevel set to 0 on reset
19:56:38.00   GameInfo::ResetInfo - SyncLevel set to 0 on reset
19:56:38.00   GameInfo::ResetInfo - SyncLevel set to 0 on reset
19:56:38.00   GameInfo::ResetInfo - SyncLevel set to 0 on reset
19:56:38.00   GameInfo::ResetInfo - SyncLevel set to 0 on reset
19:56:38.00   GameInfo::ResetInfo - SyncLevel set to 0 on reset
19:56:38.00   GameInfo::ResetInfo - SyncLevel set to 0 on reset
19:56:38.00   GameInfo::ResetInfo - SyncLevel set to 0 on reset
19:56:38.00   GameInfo::ResetInfo - SyncLevel set to 0 on reset
19:56:38.00   GameInfo::ResetInfo - SyncLevel set to 0 on reset
19:56:38.00   GameInfo::ResetInfo - SyncLevel set to 0 on reset
19:56:38.00   GameInfo::ResetInfo - SyncLevel set to 0 on reset
19:56:38.00   GameInfo::ResetInfo - SyncLevel set to 0 on reset
19:56:38.00   GameInfo::ResetInfo - SyncLevel set to 0 on reset
19:56:38.00   GameInfo::ResetInfo - SyncLevel set to 0 on reset
19:56:38.00   GameInfo::ResetInfo - SyncLevel set to 0 on reset
19:56:38.00   GameInfo::ResetInfo - SyncLevel set to 0 on reset
19:56:38.00   GameInfo::ResetInfo - SyncLevel set to 0 on reset
19:56:38.00   GameInfo::ResetInfo - SyncLevel set to 0 on reset
19:56:38.00   GameInfo::ResetInfo - SyncLevel set to 0 on reset
19:56:38.00   GameInfo::ResetInfo - SyncLevel set to 0 on reset
19:56:38.00   GameInfo::ResetInfo - SyncLevel set to 0 on reset
19:56:38.00   GameInfo::ResetInfo - SyncLevel set to 0 on reset
19:56:38.00   GameInfo::ResetInfo - SyncLevel set to 0 on reset
19:56:38.01   GameInfo::ResetInfo - SyncLevel set to 0 on reset
19:56:38.01   GameInfo::ResetInfo - SyncLevel set to 0 on reset
19:56:38.01   GameInfo::ResetInfo - SyncLevel set to 0 on reset
19:56:38.01   GameInfo::ResetInfo - SyncLevel set to 0 on reset
19:56:38.01   GameInfo::ResetInfo - SyncLevel set to 0 on reset
19:56:38.01   GameInfo::ResetInfo - SyncLevel set to 0 on reset
19:56:38.01   GameInfo::ResetInfo - SyncLevel set to 0 on reset
19:56:38.01   GameInfo::ResetInfo - SyncLevel set to 0 on reset
19:56:38.01   GameInfo::ResetInfo - SyncLevel set to 0 on reset
19:56:38.01   GameInfo::ResetInfo - SyncLevel set to 0 on reset
19:56:38.01   GameInfo::ResetInfo - SyncLevel set to 0 on reset
19:56:38.01   GameInfo::ResetInfo - SyncLevel set to 0 on reset
19:56:38.01   GameInfo::ResetInfo - SyncLevel set to 0 on reset
19:56:38.01   GameInfo::ResetInfo - SyncLevel set to 0 on reset
19:56:38.01   GameInfo::ResetInfo - SyncLevel set to 0 on reset
19:56:38.01   GameInfo::ResetInfo - SyncLevel set to 0 on reset
19:56:38.01   GameInfo::ResetInfo - SyncLevel set to 0 on reset
19:56:38.01   GameInfo::ResetInfo - SyncLevel set to 0 on reset
19:56:38.01   GameInfo::ResetInfo - SyncLevel set to 0 on reset
19:56:38.01   GameInfo::ResetInfo - SyncLevel set to 0 on reset
19:56:38.01   GameInfo::ResetInfo - SyncLevel set to 0 on reset
19:56:38.01   GameInfo::ResetInfo - SyncLevel set to 0 on reset
19:56:38.01   GameInfo::ResetInfo - SyncLevel set to 0 on reset
19:56:38.01   GameInfo::ResetInfo - SyncLevel set to 0 on reset
19:56:38.01   GameInfo::ResetInfo - SyncLevel set to 0 on reset
19:56:38.01   GameInfo::ResetInfo - SyncLevel set to 0 on reset
19:56:38.01   GameInfo::ResetInfo - SyncLevel set to 0 on reset
19:56:38.02   GameInfo::ResetInfo - SyncLevel set to 0 on reset
19:56:38.02   GameInfo::ResetInfo - SyncLevel set to 0 on reset
19:56:38.02   GameInfo::ResetInfo - SyncLevel set to 0 on reset
19:56:38.02   GameInfo::ResetInfo - SyncLevel set to 0 on reset
19:56:38.02   GameInfo::ResetInfo - SyncLevel set to 0 on reset
19:56:38.02   GameInfo::ResetInfo - SyncLevel set to 0 on reset
19:56:38.02   GameInfo::ResetInfo - SyncLevel set to 0 on reset
19:56:38.02   GameInfo::ResetInfo - SyncLevel set to 0 on reset
19:56:38.02   GameInfo::ResetInfo - SyncLevel set to 0 on reset
19:56:38.02   GameInfo::ResetInfo - SyncLevel set to 0 on reset
19:56:38.02   GameInfo::ResetInfo - SyncLevel set to 0 on reset
19:56:38.02   GAME -- Error reading header for recorded game PLAYBACK:6p_close_river_combat.2018-01-28.00-37-43.rec
19:56:38.02   GameInfo::ResetInfo - SyncLevel set to 0 on reset
19:56:38.02   GameInfo::ResetInfo - SyncLevel set to 0 on reset
19:56:38.02   GAME -- Error reading header for recorded game PLAYBACK:6p_close_river_combat.2018-01-31.23-35-59.rec
19:56:38.02   GameInfo::ResetInfo - SyncLevel set to 0 on reset
19:56:38.02   GameInfo::ResetInfo - SyncLevel set to 0 on reset
19:56:38.02   GameInfo::ResetInfo - SyncLevel set to 0 on reset
19:56:38.02   GameInfo::ResetInfo - SyncLevel set to 0 on reset
19:56:38.02   GameInfo::ResetInfo - SyncLevel set to 0 on reset
19:56:38.02   GameInfo::ResetInfo - SyncLevel set to 0 on reset
19:56:38.02   GameInfo::ResetInfo - SyncLevel set to 0 on reset
19:56:38.02   GameInfo::ResetInfo - SyncLevel set to 0 on reset
19:56:38.02   GameInfo::ResetInfo - SyncLevel set to 0 on reset
19:56:38.02   GameInfo::ResetInfo - SyncLevel set to 0 on reset
19:56:38.02   GameInfo::ResetInfo - SyncLevel set to 0 on reset
19:56:38.02   GameInfo::ResetInfo - SyncLevel set to 0 on reset
19:56:38.02   GameInfo::ResetInfo - SyncLevel set to 0 on reset
19:56:38.02   GameInfo::ResetInfo - SyncLevel set to 0 on reset
19:56:38.02   GameInfo::ResetInfo - SyncLevel set to 0 on reset
19:56:38.03   GameInfo::ResetInfo - SyncLevel set to 0 on reset
19:56:38.03   GameInfo::ResetInfo - SyncLevel set to 0 on reset
19:56:38.03   GameInfo::ResetInfo - SyncLevel set to 0 on reset
19:56:38.03   GameInfo::ResetInfo - SyncLevel set to 0 on reset
19:56:38.03   GameInfo::ResetInfo - SyncLevel set to 0 on reset
19:56:38.03   GameInfo::ResetInfo - SyncLevel set to 0 on reset
19:56:38.03   GameInfo::ResetInfo - SyncLevel set to 0 on reset
19:56:38.03   GameInfo::ResetInfo - SyncLevel set to 0 on reset
19:56:38.03   GameInfo::ResetInfo - SyncLevel set to 0 on reset
19:56:38.03   GameInfo::ResetInfo - SyncLevel set to 0 on reset
19:56:38.03   GameInfo::ResetInfo - SyncLevel set to 0 on reset
19:56:38.03   GameInfo::ResetInfo - SyncLevel set to 0 on reset
19:56:38.03   GameInfo::ResetInfo - SyncLevel set to 0 on reset
19:56:38.03   GameInfo::ResetInfo - SyncLevel set to 0 on reset
19:56:38.03   GameInfo::ResetInfo - SyncLevel set to 0 on reset
19:56:38.03   GameInfo::ResetInfo - SyncLevel set to 0 on reset
19:56:38.03   GameInfo::ResetInfo - SyncLevel set to 0 on reset
19:56:38.03   GameInfo::ResetInfo - SyncLevel set to 0 on reset
19:56:38.03   GameInfo::ResetInfo - SyncLevel set to 0 on reset
19:56:38.03   GameInfo::ResetInfo - SyncLevel set to 0 on reset
19:56:38.03   GameInfo::ResetInfo - SyncLevel set to 0 on reset
19:56:38.03   GameInfo::ResetInfo - SyncLevel set to 0 on reset
19:56:38.03   GameInfo::ResetInfo - SyncLevel set to 0 on reset
19:56:38.03   GameInfo::ResetInfo - SyncLevel set to 0 on reset
19:56:38.03   GameInfo::ResetInfo - SyncLevel set to 0 on reset
19:56:38.03   GameInfo::ResetInfo - SyncLevel set to 0 on reset
19:56:38.03   GameInfo::ResetInfo - SyncLevel set to 0 on reset
19:56:38.04   GameInfo::ResetInfo - SyncLevel set to 0 on reset
19:56:38.04   GameInfo::ResetInfo - SyncLevel set to 0 on reset
19:56:38.04   GameInfo::ResetInfo - SyncLevel set to 0 on reset
19:56:38.04   GameInfo::ResetInfo - SyncLevel set to 0 on reset
19:56:38.04   GameInfo::ResetInfo - SyncLevel set to 0 on reset
19:56:38.04   GameInfo::ResetInfo - SyncLevel set to 0 on reset
19:56:38.04   GameInfo::ResetInfo - SyncLevel set to 0 on reset
19:56:38.04   GameInfo::ResetInfo - SyncLevel set to 0 on reset
19:56:38.04   GameInfo::ResetInfo - SyncLevel set to 0 on reset
19:56:38.04   GameInfo::ResetInfo - SyncLevel set to 0 on reset
19:56:38.04   GameInfo::ResetInfo - SyncLevel set to 0 on reset
19:56:38.04   GameInfo::ResetInfo - SyncLevel set to 0 on reset
19:56:38.04   GameInfo::ResetInfo - SyncLevel set to 0 on reset
19:56:38.04   GameInfo::ResetInfo - SyncLevel set to 0 on reset
19:56:38.04   GameInfo::ResetInfo - SyncLevel set to 0 on reset
19:56:38.04   GameInfo::ResetInfo - SyncLevel set to 0 on reset
19:56:38.04   GameInfo::ResetInfo - SyncLevel set to 0 on reset
19:56:38.04   GameInfo::ResetInfo - SyncLevel set to 0 on reset
19:56:38.04   GameInfo::ResetInfo - SyncLevel set to 0 on reset
19:56:38.04   GameInfo::ResetInfo - SyncLevel set to 0 on reset
19:56:38.04   GameInfo::ResetInfo - SyncLevel set to 0 on reset
19:56:38.04   GameInfo::ResetInfo - SyncLevel set to 0 on reset
19:56:38.04   GameInfo::ResetInfo - SyncLevel set to 0 on reset
19:56:38.04   GameInfo::ResetInfo - SyncLevel set to 0 on reset
19:56:38.04   GameInfo::ResetInfo - SyncLevel set to 0 on reset
19:56:38.04   GameInfo::ResetInfo - SyncLevel set to 0 on reset
19:56:38.04   GameInfo::ResetInfo - SyncLevel set to 0 on reset
19:56:38.04   GameInfo::ResetInfo - SyncLevel set to 0 on reset
19:56:38.04   GameInfo::ResetInfo - SyncLevel set to 0 on reset
19:56:38.04   GameInfo::ResetInfo - SyncLevel set to 0 on reset
19:56:38.04   GameInfo::ResetInfo - SyncLevel set to 0 on reset
19:56:38.04   GameInfo::ResetInfo - SyncLevel set to 0 on reset
19:56:38.04   GameInfo::ResetInfo - SyncLevel set to 0 on reset
19:56:38.05   GameInfo::ResetInfo - SyncLevel set to 0 on reset
19:56:38.05   GameInfo::ResetInfo - SyncLevel set to 0 on reset
19:56:38.05   GameInfo::ResetInfo - SyncLevel set to 0 on reset
19:56:38.05   GameInfo::ResetInfo - SyncLevel set to 0 on reset
19:56:38.05   GameInfo::ResetInfo - SyncLevel set to 0 on reset
19:56:38.05   GameInfo::ResetInfo - SyncLevel set to 0 on reset
19:56:38.05   GameInfo::ResetInfo - SyncLevel set to 0 on reset
19:56:38.05   GameInfo::ResetInfo - SyncLevel set to 0 on reset
19:56:38.05   GameInfo::ResetInfo - SyncLevel set to 0 on reset
19:56:38.05   GameInfo::ResetInfo - SyncLevel set to 0 on reset
19:56:38.05   GameInfo::ResetInfo - SyncLevel set to 0 on reset
19:56:38.05   GameInfo::ResetInfo - SyncLevel set to 0 on reset
19:56:38.05   GameInfo::ResetInfo - SyncLevel set to 0 on reset
19:56:38.05   GameInfo::ResetInfo - SyncLevel set to 0 on reset
19:56:38.05   GameInfo::ResetInfo - SyncLevel set to 0 on reset
19:56:38.05   GameInfo::ResetInfo - SyncLevel set to 0 on reset
19:56:38.05   GameInfo::ResetInfo - SyncLevel set to 0 on reset
19:56:38.05   GameInfo::ResetInfo - SyncLevel set to 0 on reset
19:56:38.05   GameInfo::ResetInfo - SyncLevel set to 0 on reset
19:56:38.05   GameInfo::ResetInfo - SyncLevel set to 0 on reset
19:56:38.05   GameInfo::ResetInfo - SyncLevel set to 0 on reset
19:56:38.05   GameInfo::ResetInfo - SyncLevel set to 0 on reset
19:56:38.05   GameInfo::ResetInfo - SyncLevel set to 0 on reset
19:56:38.05   GameInfo::ResetInfo - SyncLevel set to 0 on reset
19:56:38.05   GameInfo::ResetInfo - SyncLevel set to 0 on reset
19:56:38.05   GameInfo::ResetInfo - SyncLevel set to 0 on reset
19:56:38.05   GameInfo::ResetInfo - SyncLevel set to 0 on reset
19:56:38.05   GameInfo::ResetInfo - SyncLevel set to 0 on reset
19:56:38.05   GameInfo::ResetInfo - SyncLevel set to 0 on reset
19:56:38.05   GameInfo::ResetInfo - SyncLevel set to 0 on reset
19:56:38.05   GameInfo::ResetInfo - SyncLevel set to 0 on reset
19:56:38.05   GameInfo::ResetInfo - SyncLevel set to 0 on reset
19:56:38.06   GameInfo::ResetInfo - SyncLevel set to 0 on reset
19:56:38.06   GameInfo::ResetInfo - SyncLevel set to 0 on reset
19:56:38.06   GameInfo::ResetInfo - SyncLevel set to 0 on reset
19:56:38.06   GameInfo::ResetInfo - SyncLevel set to 0 on reset
19:56:38.06   GameInfo::ResetInfo - SyncLevel set to 0 on reset
19:56:38.06   GameInfo::ResetInfo - SyncLevel set to 0 on reset
19:56:38.06   GameInfo::ResetInfo - SyncLevel set to 0 on reset
19:56:38.06   GameInfo::ResetInfo - SyncLevel set to 0 on reset
19:56:38.06   GameInfo::ResetInfo - SyncLevel set to 0 on reset
19:56:38.06   GameInfo::ResetInfo - SyncLevel set to 0 on reset
19:56:38.06   GameInfo::ResetInfo - SyncLevel set to 0 on reset
19:56:38.06   GameInfo::ResetInfo - SyncLevel set to 0 on reset
19:56:38.06   GameInfo::ResetInfo - SyncLevel set to 0 on reset
19:56:38.06   GameInfo::ResetInfo - SyncLevel set to 0 on reset
19:56:38.06   GameInfo::ResetInfo - SyncLevel set to 0 on reset
19:56:38.06   GameInfo::ResetInfo - SyncLevel set to 0 on reset
19:56:38.06   GameInfo::ResetInfo - SyncLevel set to 0 on reset
19:56:38.06   GameInfo::ResetInfo - SyncLevel set to 0 on reset
19:56:38.06   GameInfo::ResetInfo - SyncLevel set to 0 on reset
19:56:38.06   GameInfo::ResetInfo - SyncLevel set to 0 on reset
19:56:38.06   GameInfo::ResetInfo - SyncLevel set to 0 on reset
19:56:38.06   GameInfo::ResetInfo - SyncLevel set to 0 on reset
19:56:38.06   GameInfo::ResetInfo - SyncLevel set to 0 on reset
19:56:38.06   GameInfo::ResetInfo - SyncLevel set to 0 on reset
19:56:38.06   GameInfo::ResetInfo - SyncLevel set to 0 on reset
19:56:38.06   GameInfo::ResetInfo - SyncLevel set to 0 on reset
19:56:38.06   GameInfo::ResetInfo - SyncLevel set to 0 on reset
19:56:38.07   GameInfo::ResetInfo - SyncLevel set to 0 on reset
19:56:38.07   GameInfo::ResetInfo - SyncLevel set to 0 on reset
19:56:38.07   GameInfo::ResetInfo - SyncLevel set to 0 on reset
19:56:38.07   GameInfo::ResetInfo - SyncLevel set to 0 on reset
19:56:38.07   GameInfo::ResetInfo - SyncLevel set to 0 on reset
19:56:38.07   GameInfo::ResetInfo - SyncLevel set to 0 on reset
19:56:38.07   GameInfo::ResetInfo - SyncLevel set to 0 on reset
19:56:38.07   GameInfo::ResetInfo - SyncLevel set to 0 on reset
19:56:38.07   GameInfo::ResetInfo - SyncLevel set to 0 on reset
19:56:38.07   GameInfo::ResetInfo - SyncLevel set to 0 on reset
19:56:38.07   GameInfo::ResetInfo - SyncLevel set to 0 on reset
19:56:38.07   GameInfo::ResetInfo - SyncLevel set to 0 on reset
19:56:38.07   GameInfo::ResetInfo - SyncLevel set to 0 on reset
19:56:38.07   GameInfo::ResetInfo - SyncLevel set to 0 on reset
19:56:38.07   GameInfo::ResetInfo - SyncLevel set to 0 on reset
19:56:38.07   GameInfo::ResetInfo - SyncLevel set to 0 on reset
19:56:38.07   GameInfo::ResetInfo - SyncLevel set to 0 on reset
19:56:38.07   GameInfo::ResetInfo - SyncLevel set to 0 on reset
19:56:38.07   GameInfo::ResetInfo - SyncLevel set to 0 on reset
19:56:38.07   GameInfo::ResetInfo - SyncLevel set to 0 on reset
19:56:38.07   GameInfo::ResetInfo - SyncLevel set to 0 on reset
19:56:38.07   GameInfo::ResetInfo - SyncLevel set to 0 on reset
19:56:38.07   GameInfo::ResetInfo - SyncLevel set to 0 on reset
19:56:38.07   GameInfo::ResetInfo - SyncLevel set to 0 on reset
19:56:38.07   GameInfo::ResetInfo - SyncLevel set to 0 on reset
19:56:38.07   GameInfo::ResetInfo - SyncLevel set to 0 on reset
19:56:38.07   GameInfo::ResetInfo - SyncLevel set to 0 on reset
19:56:38.07   GameInfo::ResetInfo - SyncLevel set to 0 on reset
19:56:38.07   GameInfo::ResetInfo - SyncLevel set to 0 on reset
19:56:38.07   GameInfo::ResetInfo - SyncLevel set to 0 on reset
19:56:38.07   GameInfo::ResetInfo - SyncLevel set to 0 on reset
19:56:38.07   GameInfo::ResetInfo - SyncLevel set to 0 on reset
19:56:38.07   GameInfo::ResetInfo - SyncLevel set to 0 on reset
19:56:38.07   GameInfo::ResetInfo - SyncLevel set to 0 on reset
19:56:38.08   GameInfo::ResetInfo - SyncLevel set to 0 on reset
19:56:38.08   GameInfo::ResetInfo - SyncLevel set to 0 on reset
19:56:38.08   GameInfo::ResetInfo - SyncLevel set to 0 on reset
19:56:38.08   GameInfo::ResetInfo - SyncLevel set to 0 on reset
19:56:38.08   GameInfo::ResetInfo - SyncLevel set to 0 on reset
19:56:38.08   GameInfo::ResetInfo - SyncLevel set to 0 on reset
19:56:38.08   GameInfo::ResetInfo - SyncLevel set to 0 on reset
19:56:38.08   GameInfo::ResetInfo - SyncLevel set to 0 on reset
19:56:38.08   GameInfo::ResetInfo - SyncLevel set to 0 on reset
19:56:38.08   GameInfo::ResetInfo - SyncLevel set to 0 on reset
19:56:38.08   GameInfo::ResetInfo - SyncLevel set to 0 on reset
19:56:38.08   GameInfo::ResetInfo - SyncLevel set to 0 on reset
19:56:38.08   GameInfo::ResetInfo - SyncLevel set to 0 on reset
19:56:38.08   GameInfo::ResetInfo - SyncLevel set to 0 on reset
19:56:38.08   GameInfo::ResetInfo - SyncLevel set to 0 on reset
19:56:38.08   GameInfo::ResetInfo - SyncLevel set to 0 on reset
19:56:38.08   GameInfo::ResetInfo - SyncLevel set to 0 on reset
19:56:38.08   GameInfo::ResetInfo - SyncLevel set to 0 on reset
19:56:38.08   GameInfo::ResetInfo - SyncLevel set to 0 on reset
19:56:38.08   GameInfo::ResetInfo - SyncLevel set to 0 on reset
19:56:38.08   GameInfo::ResetInfo - SyncLevel set to 0 on reset
19:56:38.08   GameInfo::ResetInfo - SyncLevel set to 0 on reset
19:56:38.08   GameInfo::ResetInfo - SyncLevel set to 0 on reset
19:56:38.08   GameInfo::ResetInfo - SyncLevel set to 0 on reset
19:56:38.08   GameInfo::ResetInfo - SyncLevel set to 0 on reset
19:56:38.08   GameInfo::ResetInfo - SyncLevel set to 0 on reset
19:56:38.08   GameInfo::ResetInfo - SyncLevel set to 0 on reset
19:56:38.08   GameInfo::ResetInfo - SyncLevel set to 0 on reset
19:56:38.08   GameInfo::ResetInfo - SyncLevel set to 0 on reset
19:56:38.08   GameInfo::ResetInfo - SyncLevel set to 0 on reset
19:56:38.09   GameInfo::ResetInfo - SyncLevel set to 0 on reset
19:56:38.09   GameInfo::ResetInfo - SyncLevel set to 0 on reset
19:56:38.09   GameInfo::ResetInfo - SyncLevel set to 0 on reset
19:56:38.09   GameInfo::ResetInfo - SyncLevel set to 0 on reset
19:56:38.09   GameInfo::ResetInfo - SyncLevel set to 0 on reset
19:56:38.09   GameInfo::ResetInfo - SyncLevel set to 0 on reset
19:56:38.09   GameInfo::ResetInfo - SyncLevel set to 0 on reset
19:56:38.09   GameInfo::ResetInfo - SyncLevel set to 0 on reset
19:56:38.09   GameInfo::ResetInfo - SyncLevel set to 0 on reset
19:56:38.09   GameInfo::ResetInfo - SyncLevel set to 0 on reset
19:56:38.09   GameInfo::ResetInfo - SyncLevel set to 0 on reset
19:56:38.09   GameInfo::ResetInfo - SyncLevel set to 0 on reset
19:56:38.09   GameInfo::ResetInfo - SyncLevel set to 0 on reset
19:56:38.09   GameInfo::ResetInfo - SyncLevel set to 0 on reset
19:56:38.09   GameInfo::ResetInfo - SyncLevel set to 0 on reset
19:56:38.09   GameInfo::ResetInfo - SyncLevel set to 0 on reset
19:56:38.09   GameInfo::ResetInfo - SyncLevel set to 0 on reset
19:56:38.09   GameInfo::ResetInfo - SyncLevel set to 0 on reset
19:56:38.09   GameInfo::ResetInfo - SyncLevel set to 0 on reset
19:56:38.09   GameInfo::ResetInfo - SyncLevel set to 0 on reset
19:56:38.09   GameInfo::ResetInfo - SyncLevel set to 0 on reset
19:56:38.09   GameInfo::ResetInfo - SyncLevel set to 0 on reset
19:56:38.09   GameInfo::ResetInfo - SyncLevel set to 0 on reset
19:56:38.09   GameInfo::ResetInfo - SyncLevel set to 0 on reset
19:56:38.09   GameInfo::ResetInfo - SyncLevel set to 0 on reset
19:56:38.09   GameInfo::ResetInfo - SyncLevel set to 0 on reset
19:56:38.09   GameInfo::ResetInfo - SyncLevel set to 0 on reset
19:56:38.09   GameInfo::ResetInfo - SyncLevel set to 0 on reset
19:56:38.09   GameInfo::ResetInfo - SyncLevel set to 0 on reset
19:56:38.09   GameInfo::ResetInfo - SyncLevel set to 0 on reset
19:56:38.09   GameInfo::ResetInfo - SyncLevel set to 0 on reset
19:56:38.09   GameInfo::ResetInfo - SyncLevel set to 0 on reset
19:56:38.09   GameInfo::ResetInfo - SyncLevel set to 0 on reset
19:56:38.10   GameInfo::ResetInfo - SyncLevel set to 0 on reset
19:56:38.10   GameInfo::ResetInfo - SyncLevel set to 0 on reset
19:56:38.10   GameInfo::ResetInfo - SyncLevel set to 0 on reset
19:56:38.10   GameInfo::ResetInfo - SyncLevel set to 0 on reset
19:56:38.10   GameInfo::ResetInfo - SyncLevel set to 0 on reset
19:56:38.10   GameInfo::ResetInfo - SyncLevel set to 0 on reset
19:56:38.10   GameInfo::ResetInfo - SyncLevel set to 0 on reset
19:56:38.10   GameInfo::ResetInfo - SyncLevel set to 0 on reset
19:56:38.10   GameInfo::ResetInfo - SyncLevel set to 0 on reset
19:56:38.10   GameInfo::ResetInfo - SyncLevel set to 0 on reset
19:56:38.10   GameInfo::ResetInfo - SyncLevel set to 0 on reset
19:56:38.10   GameInfo::ResetInfo - SyncLevel set to 0 on reset
19:56:38.10   GameInfo::ResetInfo - SyncLevel set to 0 on reset
19:56:38.10   GameInfo::ResetInfo - SyncLevel set to 0 on reset
19:56:38.10   GameInfo::ResetInfo - SyncLevel set to 0 on reset
19:56:38.10   GameInfo::ResetInfo - SyncLevel set to 0 on reset
19:56:38.10   GameInfo::ResetInfo - SyncLevel set to 0 on reset
19:56:38.10   GameInfo::ResetInfo - SyncLevel set to 0 on reset
19:56:38.10   GameInfo::ResetInfo - SyncLevel set to 0 on reset
19:56:38.10   GameInfo::ResetInfo - SyncLevel set to 0 on reset
19:56:38.10   GameInfo::ResetInfo - SyncLevel set to 0 on reset
19:56:38.10   GameInfo::ResetInfo - SyncLevel set to 0 on reset
19:56:38.10   GameInfo::ResetInfo - SyncLevel set to 0 on reset
19:56:38.10   GameInfo::ResetInfo - SyncLevel set to 0 on reset
19:56:38.10   GameInfo::ResetInfo - SyncLevel set to 0 on reset
19:56:38.10   GameInfo::ResetInfo - SyncLevel set to 0 on reset
19:56:38.10   GameInfo::ResetInfo - SyncLevel set to 0 on reset
19:56:38.10   GameInfo::ResetInfo - SyncLevel set to 0 on reset
19:56:38.10   GameInfo::ResetInfo - SyncLevel set to 0 on reset
19:56:38.11   GameInfo::ResetInfo - SyncLevel set to 0 on reset
19:56:38.11   GameInfo::ResetInfo - SyncLevel set to 0 on reset
19:56:38.11   GameInfo::ResetInfo - SyncLevel set to 0 on reset
19:56:38.11   GameInfo::ResetInfo - SyncLevel set to 0 on reset
19:56:38.11   GameInfo::ResetInfo - SyncLevel set to 0 on reset
19:56:38.11   GameInfo::ResetInfo - SyncLevel set to 0 on reset
19:56:38.11   GameInfo::ResetInfo - SyncLevel set to 0 on reset
19:56:38.11   GameInfo::ResetInfo - SyncLevel set to 0 on reset
19:56:38.11   GameInfo::ResetInfo - SyncLevel set to 0 on reset
19:56:38.11   GameInfo::ResetInfo - SyncLevel set to 0 on reset
19:56:38.11   GAME -- Error reading header for recorded game PLAYBACK:8P SEMOIS REMASTERED 07.2021-03-27.02-50-45.rec
19:56:38.11   GameInfo::ResetInfo - SyncLevel set to 0 on reset
19:56:38.11   GameInfo::ResetInfo - SyncLevel set to 0 on reset
19:56:38.11   GameInfo::ResetInfo - SyncLevel set to 0 on reset
19:56:38.11   GAME -- Error reading header for recorded game PLAYBACK:8P SEMOIS REMASTERED 07.2021-03-27.03-39-59.rec
19:56:38.11   GameInfo::ResetInfo - SyncLevel set to 0 on reset
19:56:38.11   GameInfo::ResetInfo - SyncLevel set to 0 on reset
19:56:38.11   GameInfo::ResetInfo - SyncLevel set to 0 on reset
19:56:38.11   GAME -- Error reading header for recorded game PLAYBACK:8P SEMOIS REMASTERED 07.2021-03-31.03-23-44.rec
19:56:38.11   GameInfo::ResetInfo - SyncLevel set to 0 on reset
19:56:38.11   GameInfo::ResetInfo - SyncLevel set to 0 on reset
19:56:38.11   GameInfo::ResetInfo - SyncLevel set to 0 on reset
19:56:38.11   GAME -- Error reading header for recorded game PLAYBACK:8P SEMOIS REMASTERED 07.2021-04-28.02-52-08.rec
19:56:38.11   GameInfo::ResetInfo - SyncLevel set to 0 on reset
19:56:38.11   GameInfo::ResetInfo - SyncLevel set to 0 on reset
19:56:38.11   GameInfo::ResetInfo - SyncLevel set to 0 on reset
19:56:38.11   GAME -- Error reading header for recorded game PLAYBACK:8P_CLOSE_RIVER_COMBAT.2018-01-08.20-06-29.rec
19:56:38.11   GameInfo::ResetInfo - SyncLevel set to 0 on reset
19:56:38.11   GameInfo::ResetInfo - SyncLevel set to 0 on reset
19:56:38.11   GameInfo::ResetInfo - SyncLevel set to 0 on reset
19:56:38.11   GameInfo::ResetInfo - SyncLevel set to 0 on reset
19:56:38.11   GameInfo::ResetInfo - SyncLevel set to 0 on reset
19:56:38.12   GameInfo::ResetInfo - SyncLevel set to 0 on reset
19:56:38.12   GameInfo::ResetInfo - SyncLevel set to 0 on reset
19:56:38.12   GameInfo::ResetInfo - SyncLevel set to 0 on reset
19:56:38.12   GameInfo::ResetInfo - SyncLevel set to 0 on reset
19:56:38.12   GameInfo::ResetInfo - SyncLevel set to 0 on reset
19:56:38.12   GameInfo::ResetInfo - SyncLevel set to 0 on reset
19:56:38.12   GameInfo::ResetInfo - SyncLevel set to 0 on reset
19:56:38.12   GameInfo::ResetInfo - SyncLevel set to 0 on reset
19:56:38.12   GameInfo::ResetInfo - SyncLevel set to 0 on reset
19:56:38.12   GameInfo::ResetInfo - SyncLevel set to 0 on reset
19:56:38.12   GameInfo::ResetInfo - SyncLevel set to 0 on reset
19:56:38.12   GameInfo::ResetInfo - SyncLevel set to 0 on reset
19:56:38.12   GameInfo::ResetInfo - SyncLevel set to 0 on reset
19:56:38.12   GameInfo::ResetInfo - SyncLevel set to 0 on reset
19:56:38.12   GameInfo::ResetInfo - SyncLevel set to 0 on reset
19:56:38.12   GameInfo::ResetInfo - SyncLevel set to 0 on reset
19:56:38.12   GameInfo::ResetInfo - SyncLevel set to 0 on reset
19:56:38.12   GameInfo::ResetInfo - SyncLevel set to 0 on reset
19:56:38.12   GameInfo::ResetInfo - SyncLevel set to 0 on reset
19:56:38.12   GameInfo::ResetInfo - SyncLevel set to 0 on reset
19:56:38.12   GameInfo::ResetInfo - SyncLevel set to 0 on reset
19:56:38.12   GameInfo::ResetInfo - SyncLevel set to 0 on reset
19:56:38.12   GameInfo::ResetInfo - SyncLevel set to 0 on reset
19:56:38.12   GameInfo::ResetInfo - SyncLevel set to 0 on reset
19:56:38.12   GameInfo::ResetInfo - SyncLevel set to 0 on reset
19:56:38.12   GameInfo::ResetInfo - SyncLevel set to 0 on reset
19:56:38.13   GameInfo::ResetInfo - SyncLevel set to 0 on reset
19:56:38.13   GameInfo::ResetInfo - SyncLevel set to 0 on reset
19:56:38.13   GameInfo::ResetInfo - SyncLevel set to 0 on reset
19:56:38.13   GameInfo::ResetInfo - SyncLevel set to 0 on reset
19:56:38.13   GameInfo::ResetInfo - SyncLevel set to 0 on reset
19:56:38.13   GameInfo::ResetInfo - SyncLevel set to 0 on reset
19:56:38.13   GameInfo::ResetInfo - SyncLevel set to 0 on reset
19:56:38.13   GameInfo::ResetInfo - SyncLevel set to 0 on reset
19:56:38.13   GameInfo::ResetInfo - SyncLevel set to 0 on reset
19:56:38.13   GameInfo::ResetInfo - SyncLevel set to 0 on reset
19:56:38.13   GameInfo::ResetInfo - SyncLevel set to 0 on reset
19:56:38.13   GameInfo::ResetInfo - SyncLevel set to 0 on reset
19:56:38.13   GameInfo::ResetInfo - SyncLevel set to 0 on reset
19:56:38.13   GameInfo::ResetInfo - SyncLevel set to 0 on reset
19:56:38.13   GameInfo::ResetInfo - SyncLevel set to 0 on reset
19:56:38.13   GameInfo::ResetInfo - SyncLevel set to 0 on reset
19:56:38.13   GameInfo::ResetInfo - SyncLevel set to 0 on reset
19:56:38.13   GameInfo::ResetInfo - SyncLevel set to 0 on reset
19:56:38.13   GameInfo::ResetInfo - SyncLevel set to 0 on reset
19:56:38.13   GameInfo::ResetInfo - SyncLevel set to 0 on reset
19:56:38.13   GameInfo::ResetInfo - SyncLevel set to 0 on reset
19:56:38.13   GameInfo::ResetInfo - SyncLevel set to 0 on reset
19:56:38.13   GameInfo::ResetInfo - SyncLevel set to 0 on reset
19:56:38.13   GameInfo::ResetInfo - SyncLevel set to 0 on reset
19:56:38.13   GameInfo::ResetInfo - SyncLevel set to 0 on reset
19:56:38.13   GameInfo::ResetInfo - SyncLevel set to 0 on reset
19:56:38.14   GameInfo::ResetInfo - SyncLevel set to 0 on reset
19:56:38.14   GameInfo::ResetInfo - SyncLevel set to 0 on reset
19:56:38.14   GameInfo::ResetInfo - SyncLevel set to 0 on reset
19:56:38.14   GameInfo::ResetInfo - SyncLevel set to 0 on reset
19:56:38.14   GameInfo::ResetInfo - SyncLevel set to 0 on reset
19:56:38.14   GameInfo::ResetInfo - SyncLevel set to 0 on reset
19:56:38.14   GameInfo::ResetInfo - SyncLevel set to 0 on reset
19:56:38.14   GameInfo::ResetInfo - SyncLevel set to 0 on reset
19:56:38.14   GameInfo::ResetInfo - SyncLevel set to 0 on reset
19:56:38.14   GameInfo::ResetInfo - SyncLevel set to 0 on reset
19:56:38.14   GameInfo::ResetInfo - SyncLevel set to 0 on reset
19:56:38.14   GameInfo::ResetInfo - SyncLevel set to 0 on reset
19:56:38.14   GameInfo::ResetInfo - SyncLevel set to 0 on reset
19:56:38.14   GameInfo::ResetInfo - SyncLevel set to 0 on reset
19:56:38.14   GameInfo::ResetInfo - SyncLevel set to 0 on reset
19:56:38.14   GameInfo::ResetInfo - SyncLevel set to 0 on reset
19:56:38.14   GameInfo::ResetInfo - SyncLevel set to 0 on reset
19:56:38.14   GameInfo::ResetInfo - SyncLevel set to 0 on reset
19:56:38.14   GameInfo::ResetInfo - SyncLevel set to 0 on reset
19:56:38.14   GameInfo::ResetInfo - SyncLevel set to 0 on reset
19:56:38.14   GameInfo::ResetInfo - SyncLevel set to 0 on reset
19:56:38.14   GameInfo::ResetInfo - SyncLevel set to 0 on reset
19:56:38.14   GameInfo::ResetInfo - SyncLevel set to 0 on reset
19:56:38.14   GameInfo::ResetInfo - SyncLevel set to 0 on reset
19:56:38.15   GameInfo::ResetInfo - SyncLevel set to 0 on reset
19:56:38.15   GameInfo::ResetInfo - SyncLevel set to 0 on reset
19:56:38.15   GameInfo::ResetInfo - SyncLevel set to 0 on reset
19:56:38.15   GameInfo::ResetInfo - SyncLevel set to 0 on reset
19:56:38.15   GameInfo::ResetInfo - SyncLevel set to 0 on reset
19:56:38.15   GameInfo::ResetInfo - SyncLevel set to 0 on reset
19:56:38.15   GameInfo::ResetInfo - SyncLevel set to 0 on reset
19:56:38.15   GameInfo::ResetInfo - SyncLevel set to 0 on reset
19:56:38.15   GameInfo::ResetInfo - SyncLevel set to 0 on reset
19:56:38.15   GameInfo::ResetInfo - SyncLevel set to 0 on reset
19:56:38.15   GameInfo::ResetInfo - SyncLevel set to 0 on reset
19:56:38.15   GameInfo::ResetInfo - SyncLevel set to 0 on reset
19:56:38.15   GameInfo::ResetInfo - SyncLevel set to 0 on reset
19:56:38.15   GameInfo::ResetInfo - SyncLevel set to 0 on reset
19:56:38.15   GameInfo::ResetInfo - SyncLevel set to 0 on reset
19:56:38.15   GameInfo::ResetInfo - SyncLevel set to 0 on reset
19:56:38.15   GameInfo::ResetInfo - SyncLevel set to 0 on reset
19:56:38.15   GameInfo::ResetInfo - SyncLevel set to 0 on reset
19:56:38.15   GameInfo::ResetInfo - SyncLevel set to 0 on reset
19:56:38.15   GameInfo::ResetInfo - SyncLevel set to 0 on reset
19:56:38.15   GameInfo::ResetInfo - SyncLevel set to 0 on reset
19:56:38.15   GameInfo::ResetInfo - SyncLevel set to 0 on reset
19:56:38.15   GameInfo::ResetInfo - SyncLevel set to 0 on reset
19:56:38.15   GameInfo::ResetInfo - SyncLevel set to 0 on reset
19:56:38.16   GameInfo::ResetInfo - SyncLevel set to 0 on reset
19:56:38.16   GameInfo::ResetInfo - SyncLevel set to 0 on reset
19:56:38.16   GameInfo::ResetInfo - SyncLevel set to 0 on reset
19:56:38.16   GameInfo::ResetInfo - SyncLevel set to 0 on reset
19:56:38.16   GameInfo::ResetInfo - SyncLevel set to 0 on reset
19:56:38.16   GameInfo::ResetInfo - SyncLevel set to 0 on reset
19:56:38.16   GameInfo::ResetInfo - SyncLevel set to 0 on reset
19:56:38.16   GameInfo::ResetInfo - SyncLevel set to 0 on reset
19:56:38.16   GameInfo::ResetInfo - SyncLevel set to 0 on reset
19:56:38.16   GameInfo::ResetInfo - SyncLevel set to 0 on reset
19:56:38.16   GameInfo::ResetInfo - SyncLevel set to 0 on reset
19:56:38.16   GameInfo::ResetInfo - SyncLevel set to 0 on reset
19:56:38.16   GameInfo::ResetInfo - SyncLevel set to 0 on reset
19:56:38.16   GameInfo::ResetInfo - SyncLevel set to 0 on reset
19:56:38.16   GameInfo::ResetInfo - SyncLevel set to 0 on reset
19:56:38.16   GameInfo::ResetInfo - SyncLevel set to 0 on reset
19:56:38.16   GameInfo::ResetInfo - SyncLevel set to 0 on reset
19:56:38.16   GameInfo::ResetInfo - SyncLevel set to 0 on reset
19:56:38.16   GameInfo::ResetInfo - SyncLevel set to 0 on reset
19:56:38.16   GameInfo::ResetInfo - SyncLevel set to 0 on reset
19:56:38.16   GameInfo::ResetInfo - SyncLevel set to 0 on reset
19:56:38.16   GameInfo::ResetInfo - SyncLevel set to 0 on reset
19:56:38.16   GameInfo::ResetInfo - SyncLevel set to 0 on reset
19:56:38.16   GameInfo::ResetInfo - SyncLevel set to 0 on reset
19:56:38.16   GameInfo::ResetInfo - SyncLevel set to 0 on reset
19:56:38.16   GameInfo::ResetInfo - SyncLevel set to 0 on reset
19:56:38.16   GameInfo::ResetInfo - SyncLevel set to 0 on reset
19:56:38.17   GameInfo::ResetInfo - SyncLevel set to 0 on reset
19:56:38.17   GameInfo::ResetInfo - SyncLevel set to 0 on reset
19:56:38.17   GameInfo::ResetInfo - SyncLevel set to 0 on reset
19:56:38.17   GameInfo::ResetInfo - SyncLevel set to 0 on reset
19:56:38.17   GameInfo::ResetInfo - SyncLevel set to 0 on reset
19:56:38.17   GameInfo::ResetInfo - SyncLevel set to 0 on reset
19:56:38.17   GameInfo::ResetInfo - SyncLevel set to 0 on reset
19:56:38.17   GameInfo::ResetInfo - SyncLevel set to 0 on reset
19:56:38.17   GameInfo::ResetInfo - SyncLevel set to 0 on reset
19:56:38.17   GameInfo::ResetInfo - SyncLevel set to 0 on reset
19:56:38.17   GameInfo::ResetInfo - SyncLevel set to 0 on reset
19:56:38.17   GameInfo::ResetInfo - SyncLevel set to 0 on reset
19:56:38.17   GameInfo::ResetInfo - SyncLevel set to 0 on reset
19:56:38.17   GameInfo::ResetInfo - SyncLevel set to 0 on reset
19:56:38.17   GameInfo::ResetInfo - SyncLevel set to 0 on reset
19:56:38.17   GameInfo::ResetInfo - SyncLevel set to 0 on reset
19:56:38.17   GameInfo::ResetInfo - SyncLevel set to 0 on reset
19:56:38.17   GameInfo::ResetInfo - SyncLevel set to 0 on reset
19:56:38.17   GameInfo::ResetInfo - SyncLevel set to 0 on reset
19:56:38.17   GameInfo::ResetInfo - SyncLevel set to 0 on reset
19:56:38.17   GameInfo::ResetInfo - SyncLevel set to 0 on reset
19:56:38.17   GameInfo::ResetInfo - SyncLevel set to 0 on reset
19:56:38.17   GameInfo::ResetInfo - SyncLevel set to 0 on reset
19:56:38.17   GameInfo::ResetInfo - SyncLevel set to 0 on reset
19:56:38.17   GameInfo::ResetInfo - SyncLevel set to 0 on reset
19:56:38.17   GameInfo::ResetInfo - SyncLevel set to 0 on reset
19:56:38.17   GameInfo::ResetInfo - SyncLevel set to 0 on reset
19:56:38.18   GameInfo::ResetInfo - SyncLevel set to 0 on reset
19:56:38.18   GameInfo::ResetInfo - SyncLevel set to 0 on reset
19:56:38.18   GameInfo::ResetInfo - SyncLevel set to 0 on reset
19:56:38.18   GameInfo::ResetInfo - SyncLevel set to 0 on reset
19:56:38.18   GameInfo::ResetInfo - SyncLevel set to 0 on reset
19:56:38.18   GameInfo::ResetInfo - SyncLevel set to 0 on reset
19:56:38.18   GameInfo::ResetInfo - SyncLevel set to 0 on reset
19:56:38.18   GameInfo::ResetInfo - SyncLevel set to 0 on reset
19:56:38.18   GameInfo::ResetInfo - SyncLevel set to 0 on reset
19:56:38.18   GameInfo::ResetInfo - SyncLevel set to 0 on reset
19:56:38.18   GameInfo::ResetInfo - SyncLevel set to 0 on reset
19:56:38.18   GameInfo::ResetInfo - SyncLevel set to 0 on reset
19:56:38.18   GameInfo::ResetInfo - SyncLevel set to 0 on reset
19:56:38.18   GameInfo::ResetInfo - SyncLevel set to 0 on reset
19:56:38.18   GameInfo::ResetInfo - SyncLevel set to 0 on reset
19:56:38.18   GameInfo::ResetInfo - SyncLevel set to 0 on reset
19:56:38.18   GameInfo::ResetInfo - SyncLevel set to 0 on reset
19:56:38.18   GameInfo::ResetInfo - SyncLevel set to 0 on reset
19:56:38.18   GameInfo::ResetInfo - SyncLevel set to 0 on reset
19:56:38.18   GameInfo::ResetInfo - SyncLevel set to 0 on reset
19:56:38.18   GameInfo::ResetInfo - SyncLevel set to 0 on reset
19:56:38.18   GameInfo::ResetInfo - SyncLevel set to 0 on reset
19:56:38.18   GameInfo::ResetInfo - SyncLevel set to 0 on reset
19:56:38.18   GameInfo::ResetInfo - SyncLevel set to 0 on reset
19:56:38.18   GameInfo::ResetInfo - SyncLevel set to 0 on reset
19:56:38.18   GameInfo::ResetInfo - SyncLevel set to 0 on reset
19:56:38.18   GameInfo::ResetInfo - SyncLevel set to 0 on reset
19:56:38.19   GameInfo::ResetInfo - SyncLevel set to 0 on reset
19:56:38.19   GameInfo::ResetInfo - SyncLevel set to 0 on reset
19:56:38.19   GameInfo::ResetInfo - SyncLevel set to 0 on reset
19:56:38.19   GameInfo::ResetInfo - SyncLevel set to 0 on reset
19:56:38.19   GameInfo::ResetInfo - SyncLevel set to 0 on reset
19:56:38.19   GameInfo::ResetInfo - SyncLevel set to 0 on reset
19:56:38.19   GameInfo::ResetInfo - SyncLevel set to 0 on reset
19:56:38.19   GameInfo::ResetInfo - SyncLevel set to 0 on reset
19:56:38.19   GameInfo::ResetInfo - SyncLevel set to 0 on reset
19:56:38.19   GameInfo::ResetInfo - SyncLevel set to 0 on reset
19:56:38.19   GameInfo::ResetInfo - SyncLevel set to 0 on reset
19:56:38.19   GameInfo::ResetInfo - SyncLevel set to 0 on reset
19:56:38.19   GameInfo::ResetInfo - SyncLevel set to 0 on reset
19:56:38.19   GameInfo::ResetInfo - SyncLevel set to 0 on reset
19:56:38.19   GameInfo::ResetInfo - SyncLevel set to 0 on reset
19:56:38.19   GameInfo::ResetInfo - SyncLevel set to 0 on reset
19:56:38.19   GameInfo::ResetInfo - SyncLevel set to 0 on reset
19:56:38.19   GameInfo::ResetInfo - SyncLevel set to 0 on reset
19:56:38.19   GameInfo::ResetInfo - SyncLevel set to 0 on reset
19:56:38.19   GameInfo::ResetInfo - SyncLevel set to 0 on reset
19:56:38.19   GameInfo::ResetInfo - SyncLevel set to 0 on reset
19:56:38.19   GameInfo::ResetInfo - SyncLevel set to 0 on reset
19:56:38.19   GameInfo::ResetInfo - SyncLevel set to 0 on reset
19:56:38.19   GameInfo::ResetInfo - SyncLevel set to 0 on reset
19:56:38.20   GameInfo::ResetInfo - SyncLevel set to 0 on reset
19:56:38.20   GameInfo::ResetInfo - SyncLevel set to 0 on reset
19:56:38.20   GameInfo::ResetInfo - SyncLevel set to 0 on reset
19:56:38.20   GameInfo::ResetInfo - SyncLevel set to 0 on reset
19:56:38.20   GameInfo::ResetInfo - SyncLevel set to 0 on reset
19:56:38.20   GameInfo::ResetInfo - SyncLevel set to 0 on reset
19:56:38.20   GameInfo::ResetInfo - SyncLevel set to 0 on reset
19:56:38.20   GameInfo::ResetInfo - SyncLevel set to 0 on reset
19:56:38.20   GameInfo::ResetInfo - SyncLevel set to 0 on reset
19:56:38.20   GameInfo::ResetInfo - SyncLevel set to 0 on reset
19:56:38.20   GameInfo::ResetInfo - SyncLevel set to 0 on reset
19:56:38.20   GameInfo::ResetInfo - SyncLevel set to 0 on reset
19:56:38.20   GameInfo::ResetInfo - SyncLevel set to 0 on reset
19:56:38.20   GameInfo::ResetInfo - SyncLevel set to 0 on reset
19:56:38.20   GameInfo::ResetInfo - SyncLevel set to 0 on reset
19:56:38.20   GameInfo::ResetInfo - SyncLevel set to 0 on reset
19:56:38.20   GameInfo::ResetInfo - SyncLevel set to 0 on reset
19:56:38.20   GameInfo::ResetInfo - SyncLevel set to 0 on reset
19:56:38.20   GameInfo::ResetInfo - SyncLevel set to 0 on reset
19:56:38.20   GameInfo::ResetInfo - SyncLevel set to 0 on reset
19:56:38.20   GameInfo::ResetInfo - SyncLevel set to 0 on reset
19:56:38.20   GameInfo::ResetInfo - SyncLevel set to 0 on reset
19:56:38.20   GameInfo::ResetInfo - SyncLevel set to 0 on reset
19:56:38.20   GameInfo::ResetInfo - SyncLevel set to 0 on reset
19:56:38.20   GameInfo::ResetInfo - SyncLevel set to 0 on reset
19:56:38.20   GameInfo::ResetInfo - SyncLevel set to 0 on reset
19:56:38.20   GameInfo::ResetInfo - SyncLevel set to 0 on reset
19:56:38.20   GameInfo::ResetInfo - SyncLevel set to 0 on reset
19:56:38.20   GameInfo::ResetInfo - SyncLevel set to 0 on reset
19:56:38.21   GameInfo::ResetInfo - SyncLevel set to 0 on reset
19:56:38.21   GameInfo::ResetInfo - SyncLevel set to 0 on reset
19:56:38.21   GameInfo::ResetInfo - SyncLevel set to 0 on reset
19:56:38.21   GameInfo::ResetInfo - SyncLevel set to 0 on reset
19:56:38.21   GameInfo::ResetInfo - SyncLevel set to 0 on reset
19:56:38.21   GameInfo::ResetInfo - SyncLevel set to 0 on reset
19:56:38.21   GameInfo::ResetInfo - SyncLevel set to 0 on reset
19:56:38.21   GameInfo::ResetInfo - SyncLevel set to 0 on reset
19:56:38.21   GameInfo::ResetInfo - SyncLevel set to 0 on reset
19:56:38.21   GameInfo::ResetInfo - SyncLevel set to 0 on reset
19:56:38.21   GameInfo::ResetInfo - SyncLevel set to 0 on reset
19:56:38.21   GameInfo::ResetInfo - SyncLevel set to 0 on reset
19:56:38.21   GameInfo::ResetInfo - SyncLevel set to 0 on reset
19:56:38.21   GameInfo::ResetInfo - SyncLevel set to 0 on reset
19:56:38.21   GameInfo::ResetInfo - SyncLevel set to 0 on reset
19:56:38.21   GameInfo::ResetInfo - SyncLevel set to 0 on reset
19:56:38.21   GameInfo::ResetInfo - SyncLevel set to 0 on reset
19:56:38.21   GameInfo::ResetInfo - SyncLevel set to 0 on reset
19:56:38.21   GameInfo::ResetInfo - SyncLevel set to 0 on reset
19:56:38.21   GameInfo::ResetInfo - SyncLevel set to 0 on reset
19:56:38.21   GameInfo::ResetInfo - SyncLevel set to 0 on reset
19:56:38.21   GameInfo::ResetInfo - SyncLevel set to 0 on reset
19:56:38.21   GameInfo::ResetInfo - SyncLevel set to 0 on reset
19:56:38.21   GameInfo::ResetInfo - SyncLevel set to 0 on reset
19:56:38.21   GameInfo::ResetInfo - SyncLevel set to 0 on reset
19:56:38.21   GameInfo::ResetInfo - SyncLevel set to 0 on reset
19:56:38.21   GameInfo::ResetInfo - SyncLevel set to 0 on reset
19:56:38.21   GameInfo::ResetInfo - SyncLevel set to 0 on reset
19:56:38.22   GameInfo::ResetInfo - SyncLevel set to 0 on reset
19:56:38.22   GameInfo::ResetInfo - SyncLevel set to 0 on reset
19:56:38.22   GameInfo::ResetInfo - SyncLevel set to 0 on reset
19:56:38.22   GameInfo::ResetInfo - SyncLevel set to 0 on reset
19:56:38.22   GameInfo::ResetInfo - SyncLevel set to 0 on reset
19:56:38.22   GameInfo::ResetInfo - SyncLevel set to 0 on reset
19:56:38.22   GameInfo::ResetInfo - SyncLevel set to 0 on reset
19:56:38.22   GameInfo::ResetInfo - SyncLevel set to 0 on reset
19:56:38.22   GameInfo::ResetInfo - SyncLevel set to 0 on reset
19:56:38.22   GameInfo::ResetInfo - SyncLevel set to 0 on reset
19:56:38.22   GameInfo::ResetInfo - SyncLevel set to 0 on reset
19:56:38.22   GameInfo::ResetInfo - SyncLevel set to 0 on reset
19:56:38.22   GameInfo::ResetInfo - SyncLevel set to 0 on reset
19:56:38.22   GameInfo::ResetInfo - SyncLevel set to 0 on reset
19:56:38.22   GameInfo::ResetInfo - SyncLevel set to 0 on reset
19:56:38.22   GameInfo::ResetInfo - SyncLevel set to 0 on reset
19:56:38.22   GameInfo::ResetInfo - SyncLevel set to 0 on reset
19:56:38.22   GameInfo::ResetInfo - SyncLevel set to 0 on reset
19:56:38.22   GameInfo::ResetInfo - SyncLevel set to 0 on reset
19:56:38.22   GameInfo::ResetInfo - SyncLevel set to 0 on reset
19:56:38.22   GameInfo::ResetInfo - SyncLevel set to 0 on reset
19:56:38.23   GameInfo::ResetInfo - SyncLevel set to 0 on reset
19:56:38.23   GameInfo::ResetInfo - SyncLevel set to 0 on reset
19:56:38.23   GameInfo::ResetInfo - SyncLevel set to 0 on reset
19:56:38.23   GameInfo::ResetInfo - SyncLevel set to 0 on reset
19:56:38.23   GameInfo::ResetInfo - SyncLevel set to 0 on reset
19:56:38.23   GameInfo::ResetInfo - SyncLevel set to 0 on reset
19:56:38.23   GameInfo::ResetInfo - SyncLevel set to 0 on reset
19:56:38.23   GameInfo::ResetInfo - SyncLevel set to 0 on reset
19:56:38.23   GameInfo::ResetInfo - SyncLevel set to 0 on reset
19:56:38.23   GameInfo::ResetInfo - SyncLevel set to 0 on reset
19:56:38.23   GameInfo::ResetInfo - SyncLevel set to 0 on reset
19:56:38.23   GameInfo::ResetInfo - SyncLevel set to 0 on reset
19:56:38.23   GameInfo::ResetInfo - SyncLevel set to 0 on reset
19:56:38.23   GameInfo::ResetInfo - SyncLevel set to 0 on reset
19:56:38.23   GameInfo::ResetInfo - SyncLevel set to 0 on reset
19:56:38.23   GameInfo::ResetInfo - SyncLevel set to 0 on reset
19:56:38.23   GameInfo::ResetInfo - SyncLevel set to 0 on reset
19:56:38.23   GameInfo::ResetInfo - SyncLevel set to 0 on reset
19:56:38.23   GameInfo::ResetInfo - SyncLevel set to 0 on reset
19:56:38.23   GameInfo::ResetInfo - SyncLevel set to 0 on reset
19:56:38.23   GameInfo::ResetInfo - SyncLevel set to 0 on reset
19:56:38.23   GameInfo::ResetInfo - SyncLevel set to 0 on reset
19:56:38.23   GameInfo::ResetInfo - SyncLevel set to 0 on reset
19:56:38.23   GameInfo::ResetInfo - SyncLevel set to 0 on reset
19:56:38.23   GameInfo::ResetInfo - SyncLevel set to 0 on reset
19:56:38.23   GameInfo::ResetInfo - SyncLevel set to 0 on reset
19:56:38.23   GameInfo::ResetInfo - SyncLevel set to 0 on reset
19:56:38.23   GameInfo::ResetInfo - SyncLevel set to 0 on reset
19:56:38.23   GameInfo::ResetInfo - SyncLevel set to 0 on reset
19:56:38.23   GameInfo::ResetInfo - SyncLevel set to 0 on reset
19:56:38.24   GameInfo::ResetInfo - SyncLevel set to 0 on reset
19:56:38.24   GameInfo::ResetInfo - SyncLevel set to 0 on reset
19:56:38.24   GameInfo::ResetInfo - SyncLevel set to 0 on reset
19:56:38.24   GameInfo::ResetInfo - SyncLevel set to 0 on reset
19:56:38.24   GameInfo::ResetInfo - SyncLevel set to 0 on reset
19:56:38.24   GameInfo::ResetInfo - SyncLevel set to 0 on reset
19:56:38.24   GameInfo::ResetInfo - SyncLevel set to 0 on reset
19:56:38.24   GameInfo::ResetInfo - SyncLevel set to 0 on reset
19:56:38.24   GameInfo::ResetInfo - SyncLevel set to 0 on reset
19:56:38.24   GameInfo::ResetInfo - SyncLevel set to 0 on reset
19:56:38.24   GameInfo::ResetInfo - SyncLevel set to 0 on reset
19:56:38.24   GameInfo::ResetInfo - SyncLevel set to 0 on reset
19:56:38.24   GameInfo::ResetInfo - SyncLevel set to 0 on reset
19:56:38.24   GameInfo::ResetInfo - SyncLevel set to 0 on reset
19:56:38.24   GameInfo::ResetInfo - SyncLevel set to 0 on reset
19:56:38.24   GameInfo::ResetInfo - SyncLevel set to 0 on reset
19:56:38.24   GameInfo::ResetInfo - SyncLevel set to 0 on reset
19:56:38.24   GameInfo::ResetInfo - SyncLevel set to 0 on reset
19:56:38.24   GameInfo::ResetInfo - SyncLevel set to 0 on reset
19:56:38.24   GameInfo::ResetInfo - SyncLevel set to 0 on reset
19:56:38.24   GameInfo::ResetInfo - SyncLevel set to 0 on reset
19:56:38.24   GameInfo::ResetInfo - SyncLevel set to 0 on reset
19:56:38.24   GameInfo::ResetInfo - SyncLevel set to 0 on reset
19:56:38.24   GameInfo::ResetInfo - SyncLevel set to 0 on reset
19:56:38.24   GameInfo::ResetInfo - SyncLevel set to 0 on reset
19:56:38.24   GameInfo::ResetInfo - SyncLevel set to 0 on reset
19:56:38.24   GameInfo::ResetInfo - SyncLevel set to 0 on reset
19:56:38.24   GameInfo::ResetInfo - SyncLevel set to 0 on reset
19:56:38.24   GameInfo::ResetInfo - SyncLevel set to 0 on reset
19:56:38.24   GameInfo::ResetInfo - SyncLevel set to 0 on reset
19:56:38.24   GameInfo::ResetInfo - SyncLevel set to 0 on reset
19:56:38.24   GameInfo::ResetInfo - SyncLevel set to 0 on reset
19:56:38.24   GameInfo::ResetInfo - SyncLevel set to 0 on reset
19:56:38.25   GameInfo::ResetInfo - SyncLevel set to 0 on reset
19:56:38.25   GameInfo::ResetInfo - SyncLevel set to 0 on reset
19:56:38.25   GameInfo::ResetInfo - SyncLevel set to 0 on reset
19:56:38.25   GameInfo::ResetInfo - SyncLevel set to 0 on reset
19:56:38.25   GameInfo::ResetInfo - SyncLevel set to 0 on reset
19:56:38.25   GameInfo::ResetInfo - SyncLevel set to 0 on reset
19:56:38.25   GameInfo::ResetInfo - SyncLevel set to 0 on reset
19:56:38.25   GameInfo::ResetInfo - SyncLevel set to 0 on reset
19:56:38.25   GameInfo::ResetInfo - SyncLevel set to 0 on reset
19:56:38.25   GameInfo::ResetInfo - SyncLevel set to 0 on reset
19:56:38.25   GameInfo::ResetInfo - SyncLevel set to 0 on reset
19:56:38.25   GameInfo::ResetInfo - SyncLevel set to 0 on reset
19:56:38.25   GameInfo::ResetInfo - SyncLevel set to 0 on reset
19:56:38.25   GameInfo::ResetInfo - SyncLevel set to 0 on reset
19:56:38.25   GameInfo::ResetInfo - SyncLevel set to 0 on reset
19:56:38.25   GameInfo::ResetInfo - SyncLevel set to 0 on reset
19:56:38.25   GameInfo::ResetInfo - SyncLevel set to 0 on reset
19:56:38.25   GameInfo::ResetInfo - SyncLevel set to 0 on reset
19:56:38.25   GameInfo::ResetInfo - SyncLevel set to 0 on reset
19:56:38.25   GameInfo::ResetInfo - SyncLevel set to 0 on reset
19:56:38.25   GameInfo::ResetInfo - SyncLevel set to 0 on reset
19:56:38.25   GameInfo::ResetInfo - SyncLevel set to 0 on reset
19:56:38.25   GameInfo::ResetInfo - SyncLevel set to 0 on reset
19:56:38.25   GameInfo::ResetInfo - SyncLevel set to 0 on reset
19:56:38.25   GameInfo::ResetInfo - SyncLevel set to 0 on reset
19:56:38.25   GameInfo::ResetInfo - SyncLevel set to 0 on reset
19:56:38.25   GameInfo::ResetInfo - SyncLevel set to 0 on reset
19:56:38.25   GameInfo::ResetInfo - SyncLevel set to 0 on reset
19:56:38.25   GameInfo::ResetInfo - SyncLevel set to 0 on reset
19:56:38.25   GameInfo::ResetInfo - SyncLevel set to 0 on reset
19:56:38.25   GameInfo::ResetInfo - SyncLevel set to 0 on reset
19:56:38.25   GameInfo::ResetInfo - SyncLevel set to 0 on reset
19:56:38.26   GameInfo::ResetInfo - SyncLevel set to 0 on reset
19:56:38.26   GameInfo::ResetInfo - SyncLevel set to 0 on reset
19:56:38.26   GameInfo::ResetInfo - SyncLevel set to 0 on reset
19:56:38.26   GameInfo::ResetInfo - SyncLevel set to 0 on reset
19:56:38.26   GameInfo::ResetInfo - SyncLevel set to 0 on reset
19:56:38.26   GameInfo::ResetInfo - SyncLevel set to 0 on reset
19:56:38.26   GameInfo::ResetInfo - SyncLevel set to 0 on reset
19:56:38.26   GameInfo::ResetInfo - SyncLevel set to 0 on reset
19:56:38.26   GameInfo::ResetInfo - SyncLevel set to 0 on reset
19:56:38.26   GameInfo::ResetInfo - SyncLevel set to 0 on reset
19:56:38.26   GameInfo::ResetInfo - SyncLevel set to 0 on reset
19:56:38.26   GameInfo::ResetInfo - SyncLevel set to 0 on reset
19:56:38.26   GameInfo::ResetInfo - SyncLevel set to 0 on reset
19:56:38.26   GameInfo::ResetInfo - SyncLevel set to 0 on reset
19:56:38.26   GameInfo::ResetInfo - SyncLevel set to 0 on reset
19:56:38.26   GameInfo::ResetInfo - SyncLevel set to 0 on reset
19:56:38.26   GameInfo::ResetInfo - SyncLevel set to 0 on reset
19:56:38.26   GameInfo::ResetInfo - SyncLevel set to 0 on reset
19:56:38.26   GameInfo::ResetInfo - SyncLevel set to 0 on reset
19:56:38.26   GameInfo::ResetInfo - SyncLevel set to 0 on reset
19:56:38.26   GameInfo::ResetInfo - SyncLevel set to 0 on reset
19:56:38.26   GameInfo::ResetInfo - SyncLevel set to 0 on reset
19:56:38.26   GameInfo::ResetInfo - SyncLevel set to 0 on reset
19:56:38.26   GameInfo::ResetInfo - SyncLevel set to 0 on reset
19:56:38.26   GameInfo::ResetInfo - SyncLevel set to 0 on reset
19:56:38.27   GameInfo::ResetInfo - SyncLevel set to 0 on reset
19:56:38.27   GameInfo::ResetInfo - SyncLevel set to 0 on reset
19:56:38.27   GameInfo::ResetInfo - SyncLevel set to 0 on reset
19:56:38.27   GameInfo::ResetInfo - SyncLevel set to 0 on reset
19:56:38.27   GameInfo::ResetInfo - SyncLevel set to 0 on reset
19:56:38.27   GameInfo::ResetInfo - SyncLevel set to 0 on reset
19:56:38.27   GameInfo::ResetInfo - SyncLevel set to 0 on reset
19:56:38.27   GameInfo::ResetInfo - SyncLevel set to 0 on reset
19:56:38.27   GameInfo::ResetInfo - SyncLevel set to 0 on reset
19:56:38.27   GameInfo::ResetInfo - SyncLevel set to 0 on reset
19:56:38.27   GameInfo::ResetInfo - SyncLevel set to 0 on reset
19:56:38.27   GameInfo::ResetInfo - SyncLevel set to 0 on reset
19:56:38.27   GameInfo::ResetInfo - SyncLevel set to 0 on reset
19:56:38.27   GameInfo::ResetInfo - SyncLevel set to 0 on reset
19:56:38.27   GameInfo::ResetInfo - SyncLevel set to 0 on reset
19:56:38.27   GameInfo::ResetInfo - SyncLevel set to 0 on reset
19:56:38.27   GameInfo::ResetInfo - SyncLevel set to 0 on reset
19:56:38.27   GameInfo::ResetInfo - SyncLevel set to 0 on reset
19:56:38.27   GameInfo::ResetInfo - SyncLevel set to 0 on reset
19:56:38.27   GameInfo::ResetInfo - SyncLevel set to 0 on reset
19:56:38.27   GameInfo::ResetInfo - SyncLevel set to 0 on reset
19:56:38.27   GameInfo::ResetInfo - SyncLevel set to 0 on reset
19:56:38.27   GameInfo::ResetInfo - SyncLevel set to 0 on reset
19:56:38.27   GameInfo::ResetInfo - SyncLevel set to 0 on reset
19:56:38.27   GameInfo::ResetInfo - SyncLevel set to 0 on reset
19:56:38.27   GameInfo::ResetInfo - SyncLevel set to 0 on reset
19:56:38.28   GameInfo::ResetInfo - SyncLevel set to 0 on reset
19:56:38.28   GameInfo::ResetInfo - SyncLevel set to 0 on reset
19:56:38.28   GameInfo::ResetInfo - SyncLevel set to 0 on reset
19:56:38.28   GameInfo::ResetInfo - SyncLevel set to 0 on reset
19:56:38.28   GameInfo::ResetInfo - SyncLevel set to 0 on reset
19:56:38.28   GameInfo::ResetInfo - SyncLevel set to 0 on reset
19:56:38.28   GameInfo::ResetInfo - SyncLevel set to 0 on reset
19:56:38.28   GameInfo::ResetInfo - SyncLevel set to 0 on reset
19:56:38.28   GameInfo::ResetInfo - SyncLevel set to 0 on reset
19:56:38.28   GameInfo::ResetInfo - SyncLevel set to 0 on reset
19:56:38.28   GameInfo::ResetInfo - SyncLevel set to 0 on reset
19:56:38.28   GameInfo::ResetInfo - SyncLevel set to 0 on reset
19:56:38.28   GameInfo::ResetInfo - SyncLevel set to 0 on reset
19:56:38.28   GameInfo::ResetInfo - SyncLevel set to 0 on reset
19:56:38.28   GameInfo::ResetInfo - SyncLevel set to 0 on reset
19:56:38.28   GameInfo::ResetInfo - SyncLevel set to 0 on reset
19:56:38.28   GameInfo::ResetInfo - SyncLevel set to 0 on reset
19:56:38.28   GameInfo::ResetInfo - SyncLevel set to 0 on reset
19:56:38.28   GameInfo::ResetInfo - SyncLevel set to 0 on reset
19:56:38.28   GameInfo::ResetInfo - SyncLevel set to 0 on reset
19:56:38.28   GameInfo::ResetInfo - SyncLevel set to 0 on reset
19:56:38.28   GameInfo::ResetInfo - SyncLevel set to 0 on reset
19:56:38.28   GameInfo::ResetInfo - SyncLevel set to 0 on reset
19:56:38.28   GameInfo::ResetInfo - SyncLevel set to 0 on reset
19:56:38.28   GameInfo::ResetInfo - SyncLevel set to 0 on reset
19:56:38.28   GameInfo::ResetInfo - SyncLevel set to 0 on reset
19:56:38.28   GameInfo::ResetInfo - SyncLevel set to 0 on reset
19:56:38.28   GameInfo::ResetInfo - SyncLevel set to 0 on reset
19:56:38.28   GameInfo::ResetInfo - SyncLevel set to 0 on reset
19:56:38.28   GameInfo::ResetInfo - SyncLevel set to 0 on reset
19:56:38.28   GameInfo::ResetInfo - SyncLevel set to 0 on reset
19:56:38.29   GameInfo::ResetInfo - SyncLevel set to 0 on reset
19:56:38.29   GameInfo::ResetInfo - SyncLevel set to 0 on reset
19:56:38.29   GameInfo::ResetInfo - SyncLevel set to 0 on reset
19:56:38.29   GameInfo::ResetInfo - SyncLevel set to 0 on reset
19:56:38.29   GameInfo::ResetInfo - SyncLevel set to 0 on reset
19:56:38.29   GameInfo::ResetInfo - SyncLevel set to 0 on reset
19:56:38.29   GameInfo::ResetInfo - SyncLevel set to 0 on reset
19:56:38.29   GameInfo::ResetInfo - SyncLevel set to 0 on reset
19:56:38.29   GameInfo::ResetInfo - SyncLevel set to 0 on reset
19:56:38.29   GameInfo::ResetInfo - SyncLevel set to 0 on reset
19:56:38.29   GameInfo::ResetInfo - SyncLevel set to 0 on reset
19:56:38.29   GameInfo::ResetInfo - SyncLevel set to 0 on reset
19:56:38.29   GameInfo::ResetInfo - SyncLevel set to 0 on reset
19:56:38.29   GameInfo::ResetInfo - SyncLevel set to 0 on reset
19:56:38.29   GameInfo::ResetInfo - SyncLevel set to 0 on reset
19:56:38.29   GameInfo::ResetInfo - SyncLevel set to 0 on reset
19:56:38.29   GameInfo::ResetInfo - SyncLevel set to 0 on reset
19:56:38.29   GameInfo::ResetInfo - SyncLevel set to 0 on reset
19:56:38.29   GameInfo::ResetInfo - SyncLevel set to 0 on reset
19:56:38.29   GameInfo::ResetInfo - SyncLevel set to 0 on reset
19:56:38.29   GameInfo::ResetInfo - SyncLevel set to 0 on reset
19:56:38.29   GameInfo::ResetInfo - SyncLevel set to 0 on reset
19:56:38.29   GameInfo::ResetInfo - SyncLevel set to 0 on reset
19:56:38.29   GameInfo::ResetInfo - SyncLevel set to 0 on reset
19:56:38.29   GameInfo::ResetInfo - SyncLevel set to 0 on reset
19:56:38.29   GameInfo::ResetInfo - SyncLevel set to 0 on reset
19:56:38.29   GameInfo::ResetInfo - SyncLevel set to 0 on reset
19:56:38.30   GameInfo::ResetInfo - SyncLevel set to 0 on reset
19:56:38.30   GameInfo::ResetInfo - SyncLevel set to 0 on reset
19:56:38.30   GameInfo::ResetInfo - SyncLevel set to 0 on reset
19:56:38.30   GameInfo::ResetInfo - SyncLevel set to 0 on reset
19:56:38.30   GameInfo::ResetInfo - SyncLevel set to 0 on reset
19:56:38.30   GameInfo::ResetInfo - SyncLevel set to 0 on reset
19:56:38.30   GameInfo::ResetInfo - SyncLevel set to 0 on reset
19:56:38.30   GameInfo::ResetInfo - SyncLevel set to 0 on reset
19:56:38.30   GameInfo::ResetInfo - SyncLevel set to 0 on reset
19:56:38.30   GameInfo::ResetInfo - SyncLevel set to 0 on reset
19:56:38.30   GameInfo::ResetInfo - SyncLevel set to 0 on reset
19:56:38.30   GameInfo::ResetInfo - SyncLevel set to 0 on reset
19:56:38.30   GameInfo::ResetInfo - SyncLevel set to 0 on reset
19:56:38.30   GameInfo::ResetInfo - SyncLevel set to 0 on reset
19:56:38.30   GameInfo::ResetInfo - SyncLevel set to 0 on reset
19:56:38.30   GameInfo::ResetInfo - SyncLevel set to 0 on reset
19:56:38.30   GameInfo::ResetInfo - SyncLevel set to 0 on reset
19:56:38.30   GameInfo::ResetInfo - SyncLevel set to 0 on reset
19:56:38.30   GameInfo::ResetInfo - SyncLevel set to 0 on reset
19:56:38.30   GameInfo::ResetInfo - SyncLevel set to 0 on reset
19:56:38.30   GameInfo::ResetInfo - SyncLevel set to 0 on reset
19:56:38.30   GameInfo::ResetInfo - SyncLevel set to 0 on reset
19:56:38.30   GameInfo::ResetInfo - SyncLevel set to 0 on reset
19:56:38.30   GameInfo::ResetInfo - SyncLevel set to 0 on reset
19:56:38.30   GameInfo::ResetInfo - SyncLevel set to 0 on reset
19:56:38.30   GameInfo::ResetInfo - SyncLevel set to 0 on reset
19:56:38.30   GameInfo::ResetInfo - SyncLevel set to 0 on reset
19:56:38.30   GameInfo::ResetInfo - SyncLevel set to 0 on reset
19:56:38.30   GameInfo::ResetInfo - SyncLevel set to 0 on reset
19:56:38.30   GameInfo::ResetInfo - SyncLevel set to 0 on reset
19:56:38.30   GameInfo::ResetInfo - SyncLevel set to 0 on reset
19:56:38.30   GameInfo::ResetInfo - SyncLevel set to 0 on reset
19:56:38.30   GameInfo::ResetInfo - SyncLevel set to 0 on reset
19:56:38.31   GameInfo::ResetInfo - SyncLevel set to 0 on reset
19:56:38.31   GameInfo::ResetInfo - SyncLevel set to 0 on reset
19:56:38.31   GameInfo::ResetInfo - SyncLevel set to 0 on reset
19:56:38.31   GameInfo::ResetInfo - SyncLevel set to 0 on reset
19:56:38.31   GameInfo::ResetInfo - SyncLevel set to 0 on reset
19:56:38.31   GameInfo::ResetInfo - SyncLevel set to 0 on reset
19:56:38.31   GameInfo::ResetInfo - SyncLevel set to 0 on reset
19:56:38.31   GameInfo::ResetInfo - SyncLevel set to 0 on reset
19:56:38.31   GameInfo::ResetInfo - SyncLevel set to 0 on reset
19:56:38.31   GameInfo::ResetInfo - SyncLevel set to 0 on reset
19:56:38.31   GameInfo::ResetInfo - SyncLevel set to 0 on reset
19:56:38.31   GameInfo::ResetInfo - SyncLevel set to 0 on reset
19:56:38.31   GameInfo::ResetInfo - SyncLevel set to 0 on reset
19:56:38.31   GameInfo::ResetInfo - SyncLevel set to 0 on reset
19:56:38.31   GameInfo::ResetInfo - SyncLevel set to 0 on reset
19:56:38.31   GameInfo::ResetInfo - SyncLevel set to 0 on reset
19:56:38.31   GameInfo::ResetInfo - SyncLevel set to 0 on reset
19:56:38.31   GameInfo::ResetInfo - SyncLevel set to 0 on reset
19:56:38.31   GameInfo::ResetInfo - SyncLevel set to 0 on reset
19:56:38.31   GameInfo::ResetInfo - SyncLevel set to 0 on reset
19:56:38.31   GameInfo::ResetInfo - SyncLevel set to 0 on reset
19:56:38.31   GameInfo::ResetInfo - SyncLevel set to 0 on reset
19:56:38.31   GameInfo::ResetInfo - SyncLevel set to 0 on reset
19:56:38.31   GameInfo::ResetInfo - SyncLevel set to 0 on reset
19:56:38.31   GameInfo::ResetInfo - SyncLevel set to 0 on reset
19:56:38.31   GameInfo::ResetInfo - SyncLevel set to 0 on reset
19:56:38.31   GameInfo::ResetInfo - SyncLevel set to 0 on reset
19:56:38.32   GameInfo::ResetInfo - SyncLevel set to 0 on reset
19:56:38.32   GameInfo::ResetInfo - SyncLevel set to 0 on reset
19:56:38.32   GameInfo::ResetInfo - SyncLevel set to 0 on reset
19:56:38.32   GameInfo::ResetInfo - SyncLevel set to 0 on reset
19:56:38.32   GameInfo::ResetInfo - SyncLevel set to 0 on reset
19:56:38.32   GameInfo::ResetInfo - SyncLevel set to 0 on reset
19:56:38.32   GameInfo::ResetInfo - SyncLevel set to 0 on reset
19:56:38.32   GameInfo::ResetInfo - SyncLevel set to 0 on reset
19:56:38.32   GameInfo::ResetInfo - SyncLevel set to 0 on reset
19:56:38.32   GameInfo::ResetInfo - SyncLevel set to 0 on reset
19:56:38.32   GameInfo::ResetInfo - SyncLevel set to 0 on reset
19:56:38.32   GameInfo::ResetInfo - SyncLevel set to 0 on reset
19:56:38.32   GameInfo::ResetInfo - SyncLevel set to 0 on reset
19:56:38.32   GameInfo::ResetInfo - SyncLevel set to 0 on reset
19:56:38.32   GameInfo::ResetInfo - SyncLevel set to 0 on reset
19:56:38.32   GameInfo::ResetInfo - SyncLevel set to 0 on reset
19:56:38.32   GameInfo::ResetInfo - SyncLevel set to 0 on reset
19:56:38.32   GameInfo::ResetInfo - SyncLevel set to 0 on reset
19:56:38.32   GameInfo::ResetInfo - SyncLevel set to 0 on reset
19:56:38.32   GameInfo::ResetInfo - SyncLevel set to 0 on reset
19:56:38.32   GameInfo::ResetInfo - SyncLevel set to 0 on reset
19:56:38.32   GameInfo::ResetInfo - SyncLevel set to 0 on reset
19:56:38.32   GameInfo::ResetInfo - SyncLevel set to 0 on reset
19:56:38.32   GameInfo::ResetInfo - SyncLevel set to 0 on reset
19:56:38.32   GameInfo::ResetInfo - SyncLevel set to 0 on reset
19:56:38.32   GameInfo::ResetInfo - SyncLevel set to 0 on reset
19:56:38.32   GameInfo::ResetInfo - SyncLevel set to 0 on reset
19:56:38.33   GameInfo::ResetInfo - SyncLevel set to 0 on reset
19:56:38.33   GameInfo::ResetInfo - SyncLevel set to 0 on reset
19:56:38.33   GameInfo::ResetInfo - SyncLevel set to 0 on reset
19:56:38.33   GameInfo::ResetInfo - SyncLevel set to 0 on reset
19:56:38.33   GameInfo::ResetInfo - SyncLevel set to 0 on reset
19:56:38.33   GameInfo::ResetInfo - SyncLevel set to 0 on reset
19:56:38.33   GameInfo::ResetInfo - SyncLevel set to 0 on reset
19:56:38.33   GameInfo::ResetInfo - SyncLevel set to 0 on reset
19:56:38.33   GameInfo::ResetInfo - SyncLevel set to 0 on reset
19:56:38.33   GameInfo::ResetInfo - SyncLevel set to 0 on reset
19:56:38.33   GameInfo::ResetInfo - SyncLevel set to 0 on reset
19:56:38.33   GameInfo::ResetInfo - SyncLevel set to 0 on reset
19:56:38.33   GameInfo::ResetInfo - SyncLevel set to 0 on reset
19:56:38.33   GameInfo::ResetInfo - SyncLevel set to 0 on reset
19:56:38.33   GameInfo::ResetInfo - SyncLevel set to 0 on reset
19:56:38.33   GameInfo::ResetInfo - SyncLevel set to 0 on reset
19:56:38.33   GameInfo::ResetInfo - SyncLevel set to 0 on reset
19:56:38.33   GameInfo::ResetInfo - SyncLevel set to 0 on reset
19:56:38.33   GameInfo::ResetInfo - SyncLevel set to 0 on reset
19:56:38.33   GameInfo::ResetInfo - SyncLevel set to 0 on reset
19:56:38.33   GameInfo::ResetInfo - SyncLevel set to 0 on reset
19:56:38.33   GameInfo::ResetInfo - SyncLevel set to 0 on reset
19:56:38.33   GameInfo::ResetInfo - SyncLevel set to 0 on reset
19:56:38.33   GameInfo::ResetInfo - SyncLevel set to 0 on reset
19:56:38.33   GameInfo::ResetInfo - SyncLevel set to 0 on reset
19:56:38.33   GameInfo::ResetInfo - SyncLevel set to 0 on reset
19:56:38.33   GameInfo::ResetInfo - SyncLevel set to 0 on reset
19:56:38.33   GameInfo::ResetInfo - SyncLevel set to 0 on reset
19:56:38.33   GameInfo::ResetInfo - SyncLevel set to 0 on reset
19:56:38.33   GameInfo::ResetInfo - SyncLevel set to 0 on reset
19:56:38.34   GameInfo::ResetInfo - SyncLevel set to 0 on reset
19:56:38.34   GameInfo::ResetInfo - SyncLevel set to 0 on reset
19:56:38.34   GameInfo::ResetInfo - SyncLevel set to 0 on reset
19:56:38.34   GameInfo::ResetInfo - SyncLevel set to 0 on reset
19:56:38.34   GameInfo::ResetInfo - SyncLevel set to 0 on reset
19:56:38.34   GameInfo::ResetInfo - SyncLevel set to 0 on reset
19:56:38.34   GameInfo::ResetInfo - SyncLevel set to 0 on reset
19:56:38.34   GameInfo::ResetInfo - SyncLevel set to 0 on reset
19:56:38.34   GameInfo::ResetInfo - SyncLevel set to 0 on reset
19:56:38.34   GameInfo::ResetInfo - SyncLevel set to 0 on reset
19:56:38.34   GameInfo::ResetInfo - SyncLevel set to 0 on reset
19:56:38.34   GameInfo::ResetInfo - SyncLevel set to 0 on reset
19:56:38.34   GameInfo::ResetInfo - SyncLevel set to 0 on reset
19:56:38.34   GameInfo::ResetInfo - SyncLevel set to 0 on reset
19:56:38.34   GameInfo::ResetInfo - SyncLevel set to 0 on reset
19:56:38.34   GameInfo::ResetInfo - SyncLevel set to 0 on reset
19:56:38.34   GameInfo::ResetInfo - SyncLevel set to 0 on reset
19:56:38.34   GameInfo::ResetInfo - SyncLevel set to 0 on reset
19:56:38.34   GameInfo::ResetInfo - SyncLevel set to 0 on reset
19:56:38.34   GameInfo::ResetInfo - SyncLevel set to 0 on reset
19:56:38.34   GameInfo::ResetInfo - SyncLevel set to 0 on reset
19:56:38.34   GameInfo::ResetInfo - SyncLevel set to 0 on reset
19:56:38.34   GameInfo::ResetInfo - SyncLevel set to 0 on reset
19:56:38.34   GameInfo::ResetInfo - SyncLevel set to 0 on reset
19:56:38.34   GameInfo::ResetInfo - SyncLevel set to 0 on reset
19:56:38.34   GameInfo::ResetInfo - SyncLevel set to 0 on reset
19:56:38.34   GameInfo::ResetInfo - SyncLevel set to 0 on reset
19:56:38.34   GameInfo::ResetInfo - SyncLevel set to 0 on reset
19:56:38.34   GameInfo::ResetInfo - SyncLevel set to 0 on reset
19:56:38.34   GameInfo::ResetInfo - SyncLevel set to 0 on reset
19:56:38.34   GameInfo::ResetInfo - SyncLevel set to 0 on reset
19:56:38.34   GameInfo::ResetInfo - SyncLevel set to 0 on reset
19:56:38.34   GameInfo::ResetInfo - SyncLevel set to 0 on reset
19:56:38.35   GameInfo::ResetInfo - SyncLevel set to 0 on reset
19:56:38.35   GameInfo::ResetInfo - SyncLevel set to 0 on reset
19:56:38.35   GameInfo::ResetInfo - SyncLevel set to 0 on reset
19:56:38.35   GameInfo::ResetInfo - SyncLevel set to 0 on reset
19:56:38.35   GameInfo::ResetInfo - SyncLevel set to 0 on reset
19:56:38.35   GameInfo::ResetInfo - SyncLevel set to 0 on reset
19:56:38.35   GameInfo::ResetInfo - SyncLevel set to 0 on reset
19:56:38.35   GameInfo::ResetInfo - SyncLevel set to 0 on reset
19:56:38.35   GameInfo::ResetInfo - SyncLevel set to 0 on reset
19:56:38.35   GameInfo::ResetInfo - SyncLevel set to 0 on reset
19:56:38.35   GameInfo::ResetInfo - SyncLevel set to 0 on reset
19:56:38.35   GameInfo::ResetInfo - SyncLevel set to 0 on reset
19:56:38.35   GameInfo::ResetInfo - SyncLevel set to 0 on reset
19:56:38.35   GameInfo::ResetInfo - SyncLevel set to 0 on reset
19:56:38.35   GameInfo::ResetInfo - SyncLevel set to 0 on reset
19:56:38.35   GameInfo::ResetInfo - SyncLevel set to 0 on reset
19:56:38.35   GameInfo::ResetInfo - SyncLevel set to 0 on reset
19:56:38.35   GameInfo::ResetInfo - SyncLevel set to 0 on reset
19:56:38.35   GameInfo::ResetInfo - SyncLevel set to 0 on reset
19:56:38.35   GameInfo::ResetInfo - SyncLevel set to 0 on reset
19:56:38.35   GameInfo::ResetInfo - SyncLevel set to 0 on reset
19:56:38.35   GameInfo::ResetInfo - SyncLevel set to 0 on reset
19:56:38.35   GameInfo::ResetInfo - SyncLevel set to 0 on reset
19:56:38.35   GameInfo::ResetInfo - SyncLevel set to 0 on reset
19:56:38.35   GameInfo::ResetInfo - SyncLevel set to 0 on reset
19:56:38.35   GameInfo::ResetInfo - SyncLevel set to 0 on reset
19:56:38.35   GameInfo::ResetInfo - SyncLevel set to 0 on reset
19:56:38.35   GameInfo::ResetInfo - SyncLevel set to 0 on reset
19:56:38.35   GameInfo::ResetInfo - SyncLevel set to 0 on reset
19:56:38.35   GameInfo::ResetInfo - SyncLevel set to 0 on reset
19:56:38.35   GAME -- Error reading header for recorded game PLAYBACK:8P_MONTARGIS_REGION_POINTS_UP.2019-01-28.01-38-28.rec
19:56:38.35   GameInfo::ResetInfo - SyncLevel set to 0 on reset
19:56:38.35   GameInfo::ResetInfo - SyncLevel set to 0 on reset
19:56:38.35   GameInfo::ResetInfo - SyncLevel set to 0 on reset
19:56:38.36   GAME -- Error reading header for recorded game PLAYBACK:8P_MONTARGIS_REGION_POINTS_UP.2019-08-27.22-25-49.rec
19:56:38.36   GameInfo::ResetInfo - SyncLevel set to 0 on reset
19:56:38.36   GameInfo::ResetInfo - SyncLevel set to 0 on reset
19:56:38.36   GameInfo::ResetInfo - SyncLevel set to 0 on reset
19:56:38.36   GameInfo::ResetInfo - SyncLevel set to 0 on reset
19:56:38.36   GameInfo::ResetInfo - SyncLevel set to 0 on reset
19:56:38.36   GameInfo::ResetInfo - SyncLevel set to 0 on reset
19:56:38.36   GameInfo::ResetInfo - SyncLevel set to 0 on reset
19:56:38.36   GameInfo::ResetInfo - SyncLevel set to 0 on reset
19:56:38.36   GameInfo::ResetInfo - SyncLevel set to 0 on reset
19:56:38.36   GameInfo::ResetInfo - SyncLevel set to 0 on reset
19:56:38.36   GameInfo::ResetInfo - SyncLevel set to 0 on reset
19:56:38.36   GameInfo::ResetInfo - SyncLevel set to 0 on reset
19:56:38.36   GameInfo::ResetInfo - SyncLevel set to 0 on reset
19:56:38.36   GameInfo::ResetInfo - SyncLevel set to 0 on reset
19:56:38.36   GameInfo::ResetInfo - SyncLevel set to 0 on reset
19:56:38.36   GameInfo::ResetInfo - SyncLevel set to 0 on reset
19:56:38.36   GameInfo::ResetInfo - SyncLevel set to 0 on reset
19:56:38.36   GameInfo::ResetInfo - SyncLevel set to 0 on reset
19:56:38.36   GameInfo::ResetInfo - SyncLevel set to 0 on reset
19:56:38.36   GameInfo::ResetInfo - SyncLevel set to 0 on reset
19:56:38.36   GameInfo::ResetInfo - SyncLevel set to 0 on reset
19:56:38.36   GameInfo::ResetInfo - SyncLevel set to 0 on reset
19:56:38.36   GameInfo::ResetInfo - SyncLevel set to 0 on reset
19:56:38.36   GameInfo::ResetInfo - SyncLevel set to 0 on reset
19:56:38.36   GameInfo::ResetInfo - SyncLevel set to 0 on reset
19:56:38.36   GameInfo::ResetInfo - SyncLevel set to 0 on reset
19:56:38.36   GameInfo::ResetInfo - SyncLevel set to 0 on reset
19:56:38.36   GameInfo::ResetInfo - SyncLevel set to 0 on reset
19:56:38.36   GameInfo::ResetInfo - SyncLevel set to 0 on reset
19:56:38.37   GameInfo::ResetInfo - SyncLevel set to 0 on reset
19:56:38.37   GameInfo::ResetInfo - SyncLevel set to 0 on reset
19:56:38.37   GameInfo::ResetInfo - SyncLevel set to 0 on reset
19:56:38.37   GameInfo::ResetInfo - SyncLevel set to 0 on reset
19:56:38.37   GameInfo::ResetInfo - SyncLevel set to 0 on reset
19:56:38.37   GameInfo::ResetInfo - SyncLevel set to 0 on reset
19:56:38.37   GameInfo::ResetInfo - SyncLevel set to 0 on reset
19:56:38.37   GameInfo::ResetInfo - SyncLevel set to 0 on reset
19:56:38.37   GameInfo::ResetInfo - SyncLevel set to 0 on reset
19:56:38.37   GameInfo::ResetInfo - SyncLevel set to 0 on reset
19:56:38.37   GameInfo::ResetInfo - SyncLevel set to 0 on reset
19:56:38.37   GameInfo::ResetInfo - SyncLevel set to 0 on reset
19:56:38.37   GameInfo::ResetInfo - SyncLevel set to 0 on reset
19:56:38.37   GameInfo::ResetInfo - SyncLevel set to 0 on reset
19:56:38.37   GameInfo::ResetInfo - SyncLevel set to 0 on reset
19:56:38.37   GameInfo::ResetInfo - SyncLevel set to 0 on reset
19:56:38.37   GameInfo::ResetInfo - SyncLevel set to 0 on reset
19:56:38.37   GameInfo::ResetInfo - SyncLevel set to 0 on reset
19:56:38.37   GameInfo::ResetInfo - SyncLevel set to 0 on reset
19:56:38.37   GameInfo::ResetInfo - SyncLevel set to 0 on reset
19:56:38.37   GameInfo::ResetInfo - SyncLevel set to 0 on reset
19:56:38.37   GameInfo::ResetInfo - SyncLevel set to 0 on reset
19:56:38.37   GameInfo::ResetInfo - SyncLevel set to 0 on reset
19:56:38.37   GameInfo::ResetInfo - SyncLevel set to 0 on reset
19:56:38.37   GameInfo::ResetInfo - SyncLevel set to 0 on reset
19:56:38.37   GameInfo::ResetInfo - SyncLevel set to 0 on reset
19:56:38.37   GameInfo::ResetInfo - SyncLevel set to 0 on reset
19:56:38.37   GameInfo::ResetInfo - SyncLevel set to 0 on reset
19:56:38.37   GameInfo::ResetInfo - SyncLevel set to 0 on reset
19:56:38.37   GameInfo::ResetInfo - SyncLevel set to 0 on reset
19:56:38.37   GameInfo::ResetInfo - SyncLevel set to 0 on reset
19:56:38.37   GameInfo::ResetInfo - SyncLevel set to 0 on reset
19:56:38.37   GameInfo::ResetInfo - SyncLevel set to 0 on reset
19:56:38.37   GameInfo::ResetInfo - SyncLevel set to 0 on reset
19:56:38.37   GameInfo::ResetInfo - SyncLevel set to 0 on reset
19:56:38.37   GameInfo::ResetInfo - SyncLevel set to 0 on reset
19:56:38.37   GameInfo::ResetInfo - SyncLevel set to 0 on reset
19:56:38.38   GameInfo::ResetInfo - SyncLevel set to 0 on reset
19:56:38.38   GameInfo::ResetInfo - SyncLevel set to 0 on reset
19:56:38.38   GameInfo::ResetInfo - SyncLevel set to 0 on reset
19:56:38.38   GameInfo::ResetInfo - SyncLevel set to 0 on reset
19:56:38.38   GameInfo::ResetInfo - SyncLevel set to 0 on reset
19:56:38.38   GameInfo::ResetInfo - SyncLevel set to 0 on reset
19:56:38.38   GameInfo::ResetInfo - SyncLevel set to 0 on reset
19:56:38.38   GameInfo::ResetInfo - SyncLevel set to 0 on reset
19:56:38.38   GameInfo::ResetInfo - SyncLevel set to 0 on reset
19:56:38.38   GameInfo::ResetInfo - SyncLevel set to 0 on reset
19:56:38.38   GameInfo::ResetInfo - SyncLevel set to 0 on reset
19:56:38.38   GameInfo::ResetInfo - SyncLevel set to 0 on reset
19:56:38.38   GameInfo::ResetInfo - SyncLevel set to 0 on reset
19:56:38.38   GameInfo::ResetInfo - SyncLevel set to 0 on reset
19:56:38.38   GameInfo::ResetInfo - SyncLevel set to 0 on reset
19:56:38.38   GameInfo::ResetInfo - SyncLevel set to 0 on reset
19:56:38.38   GameInfo::ResetInfo - SyncLevel set to 0 on reset
19:56:38.38   GameInfo::ResetInfo - SyncLevel set to 0 on reset
19:56:38.38   GameInfo::ResetInfo - SyncLevel set to 0 on reset
19:56:38.38   GameInfo::ResetInfo - SyncLevel set to 0 on reset
19:56:38.38   GameInfo::ResetInfo - SyncLevel set to 0 on reset
19:56:38.38   GameInfo::ResetInfo - SyncLevel set to 0 on reset
19:56:38.38   GameInfo::ResetInfo - SyncLevel set to 0 on reset
19:56:38.38   GameInfo::ResetInfo - SyncLevel set to 0 on reset
19:56:38.38   GameInfo::ResetInfo - SyncLevel set to 0 on reset
19:56:38.38   GameInfo::ResetInfo - SyncLevel set to 0 on reset
19:56:38.38   GameInfo::ResetInfo - SyncLevel set to 0 on reset
19:56:38.38   GAME -- Error reading header for recorded game PLAYBACK:fun_high_res_monti.rec
19:56:38.38   GameInfo::ResetInfo - SyncLevel set to 0 on reset
19:56:38.38   GameInfo::ResetInfo - SyncLevel set to 0 on reset
19:56:38.38   GameInfo::ResetInfo - SyncLevel set to 0 on reset
19:56:38.39   GameInfo::ResetInfo - SyncLevel set to 0 on reset
19:56:38.39   GameInfo::ResetInfo - SyncLevel set to 0 on reset
19:56:38.39   GameInfo::ResetInfo - SyncLevel set to 0 on reset
19:56:38.39   GameInfo::ResetInfo - SyncLevel set to 0 on reset
19:56:38.39   GameInfo::ResetInfo - SyncLevel set to 0 on reset
19:56:38.39   GameInfo::ResetInfo - SyncLevel set to 0 on reset
19:56:38.39   GameInfo::ResetInfo - SyncLevel set to 0 on reset
19:56:38.39   GameInfo::ResetInfo - SyncLevel set to 0 on reset
19:56:38.39   GameInfo::ResetInfo - SyncLevel set to 0 on reset
19:56:38.39   GameInfo::ResetInfo - SyncLevel set to 0 on reset
19:56:38.39   GameInfo::ResetInfo - SyncLevel set to 0 on reset
19:56:38.39   GameInfo::ResetInfo - SyncLevel set to 0 on reset
19:56:38.39   GameInfo::ResetInfo - SyncLevel set to 0 on reset
19:56:38.39   GameInfo::ResetInfo - SyncLevel set to 0 on reset
19:56:38.39   GameInfo::ResetInfo - SyncLevel set to 0 on reset
19:56:38.39   GameInfo::ResetInfo - SyncLevel set to 0 on reset
19:56:38.39   GameInfo::ResetInfo - SyncLevel set to 0 on reset
19:56:38.39   GameInfo::ResetInfo - SyncLevel set to 0 on reset
19:56:38.39   GAME -- Error reading header for recorded game PLAYBACK:gdfg.rec
19:56:38.39   GameInfo::ResetInfo - SyncLevel set to 0 on reset
19:56:38.39   GameInfo::ResetInfo - SyncLevel set to 0 on reset
19:56:38.39   GameInfo::ResetInfo - SyncLevel set to 0 on reset
19:56:38.39   GameInfo::ResetInfo - SyncLevel set to 0 on reset
19:56:38.39   GameInfo::ResetInfo - SyncLevel set to 0 on reset
19:56:38.39   GameInfo::ResetInfo - SyncLevel set to 0 on reset
19:56:38.39   GameInfo::ResetInfo - SyncLevel set to 0 on reset
19:56:38.39   GameInfo::ResetInfo - SyncLevel set to 0 on reset
19:56:38.39   GameInfo::ResetInfo - SyncLevel set to 0 on reset
19:56:38.39   GameInfo::ResetInfo - SyncLevel set to 0 on reset
19:56:38.39   GameInfo::ResetInfo - SyncLevel set to 0 on reset
19:56:38.39   GameInfo::ResetInfo - SyncLevel set to 0 on reset
19:56:38.39   GameInfo::ResetInfo - SyncLevel set to 0 on reset
19:56:38.39   GameInfo::ResetInfo - SyncLevel set to 0 on reset
19:56:38.39   GameInfo::ResetInfo - SyncLevel set to 0 on reset
19:56:38.39   GameInfo::ResetInfo - SyncLevel set to 0 on reset
19:56:38.39   GameInfo::ResetInfo - SyncLevel set to 0 on reset
19:56:38.39   GameInfo::ResetInfo - SyncLevel set to 0 on reset
19:56:38.40   GameInfo::ResetInfo - SyncLevel set to 0 on reset
19:56:38.40   GameInfo::ResetInfo - SyncLevel set to 0 on reset
19:56:38.40   GameInfo::ResetInfo - SyncLevel set to 0 on reset
19:56:38.40   GameInfo::ResetInfo - SyncLevel set to 0 on reset
19:56:38.40   GameInfo::ResetInfo - SyncLevel set to 0 on reset
19:56:38.40   GameInfo::ResetInfo - SyncLevel set to 0 on reset
19:56:38.40   GameInfo::ResetInfo - SyncLevel set to 0 on reset
19:56:38.40   GameInfo::ResetInfo - SyncLevel set to 0 on reset
19:56:38.40   GameInfo::ResetInfo - SyncLevel set to 0 on reset
19:56:38.40   GameInfo::ResetInfo - SyncLevel set to 0 on reset
19:56:38.40   GameInfo::ResetInfo - SyncLevel set to 0 on reset
19:56:38.40   GameInfo::ResetInfo - SyncLevel set to 0 on reset
19:56:38.40   GameInfo::ResetInfo - SyncLevel set to 0 on reset
19:56:38.40   GameInfo::ResetInfo - SyncLevel set to 0 on reset
19:56:38.40   GameInfo::ResetInfo - SyncLevel set to 0 on reset
19:56:38.40   GameInfo::ResetInfo - SyncLevel set to 0 on reset
19:56:38.40   GameInfo::ResetInfo - SyncLevel set to 0 on reset
19:56:38.40   GameInfo::ResetInfo - SyncLevel set to 0 on reset
19:56:38.40   GameInfo::ResetInfo - SyncLevel set to 0 on reset
19:56:38.40   GameInfo::ResetInfo - SyncLevel set to 0 on reset
19:56:38.40   GameInfo::ResetInfo - SyncLevel set to 0 on reset
19:56:38.40   GameInfo::ResetInfo - SyncLevel set to 0 on reset
19:56:38.40   GameInfo::ResetInfo - SyncLevel set to 0 on reset
19:56:38.40   GameInfo::ResetInfo - SyncLevel set to 0 on reset
19:56:38.40   GameInfo::ResetInfo - SyncLevel set to 0 on reset
19:56:38.40   GameInfo::ResetInfo - SyncLevel set to 0 on reset
19:56:38.40   GameInfo::ResetInfo - SyncLevel set to 0 on reset
19:56:38.40   GameInfo::ResetInfo - SyncLevel set to 0 on reset
19:56:38.40   GameInfo::ResetInfo - SyncLevel set to 0 on reset
19:56:38.40   GameInfo::ResetInfo - SyncLevel set to 0 on reset
19:56:38.41   GameInfo::ResetInfo - SyncLevel set to 0 on reset
19:56:38.41   GameInfo::ResetInfo - SyncLevel set to 0 on reset
19:56:38.41   GameInfo::ResetInfo - SyncLevel set to 0 on reset
19:56:38.41   GameInfo::ResetInfo - SyncLevel set to 0 on reset
19:56:38.41   GameInfo::ResetInfo - SyncLevel set to 0 on reset
19:56:38.41   GameInfo::ResetInfo - SyncLevel set to 0 on reset
19:56:38.41   GameInfo::ResetInfo - SyncLevel set to 0 on reset
19:56:38.41   GameInfo::ResetInfo - SyncLevel set to 0 on reset
19:56:38.41   GameInfo::ResetInfo - SyncLevel set to 0 on reset
19:56:38.41   GameInfo::ResetInfo - SyncLevel set to 0 on reset
19:56:38.41   GameInfo::ResetInfo - SyncLevel set to 0 on reset
19:56:38.41   GameInfo::ResetInfo - SyncLevel set to 0 on reset
19:56:38.41   GameInfo::ResetInfo - SyncLevel set to 0 on reset
19:56:38.41   GameInfo::ResetInfo - SyncLevel set to 0 on reset
19:56:38.41   GameInfo::ResetInfo - SyncLevel set to 0 on reset
19:56:38.41   GameInfo::ResetInfo - SyncLevel set to 0 on reset
19:56:38.41   GameInfo::ResetInfo - SyncLevel set to 0 on reset
19:56:38.41   GameInfo::ResetInfo - SyncLevel set to 0 on reset
19:56:38.41   GameInfo::ResetInfo - SyncLevel set to 0 on reset
19:56:38.41   GameInfo::ResetInfo - SyncLevel set to 0 on reset
19:56:38.41   GameInfo::ResetInfo - SyncLevel set to 0 on reset
19:56:38.41   GameInfo::ResetInfo - SyncLevel set to 0 on reset
19:56:38.41   GameInfo::ResetInfo - SyncLevel set to 0 on reset
19:56:38.41   GameInfo::ResetInfo - SyncLevel set to 0 on reset
19:56:38.41   GameInfo::ResetInfo - SyncLevel set to 0 on reset
19:56:38.41   GameInfo::ResetInfo - SyncLevel set to 0 on reset
19:56:38.41   GameInfo::ResetInfo - SyncLevel set to 0 on reset
19:56:38.41   GameInfo::ResetInfo - SyncLevel set to 0 on reset
19:56:38.41   GameInfo::ResetInfo - SyncLevel set to 0 on reset
19:56:38.41   GameInfo::ResetInfo - SyncLevel set to 0 on reset
19:56:38.41   GameInfo::ResetInfo - SyncLevel set to 0 on reset
19:56:38.41   GameInfo::ResetInfo - SyncLevel set to 0 on reset
19:56:38.41   GAME -- Error reading header for recorded game PLAYBACK:ischutz_mad.rec
19:56:38.41   GameInfo::ResetInfo - SyncLevel set to 0 on reset
19:56:38.41   GameInfo::ResetInfo - SyncLevel set to 0 on reset
19:56:38.41   GameInfo::ResetInfo - SyncLevel set to 0 on reset
19:56:38.42   GameInfo::ResetInfo - SyncLevel set to 0 on reset
19:56:38.42   GameInfo::ResetInfo - SyncLevel set to 0 on reset
19:56:38.42   GameInfo::ResetInfo - SyncLevel set to 0 on reset
19:56:38.42   GameInfo::ResetInfo - SyncLevel set to 0 on reset
19:56:38.42   GameInfo::ResetInfo - SyncLevel set to 0 on reset
19:56:38.42   GameInfo::ResetInfo - SyncLevel set to 0 on reset
19:56:38.42   GameInfo::ResetInfo - SyncLevel set to 0 on reset
19:56:38.42   GameInfo::ResetInfo - SyncLevel set to 0 on reset
19:56:38.42   GameInfo::ResetInfo - SyncLevel set to 0 on reset
19:56:38.42   GameInfo::ResetInfo - SyncLevel set to 0 on reset
19:56:38.42   GameInfo::ResetInfo - SyncLevel set to 0 on reset
19:56:38.42   GameInfo::ResetInfo - SyncLevel set to 0 on reset
19:56:38.42   GameInfo::ResetInfo - SyncLevel set to 0 on reset
19:56:38.42   GameInfo::ResetInfo - SyncLevel set to 0 on reset
19:56:38.42   GameInfo::ResetInfo - SyncLevel set to 0 on reset
19:56:38.42   GameInfo::ResetInfo - SyncLevel set to 0 on reset
19:56:38.42   GameInfo::ResetInfo - SyncLevel set to 0 on reset
19:56:38.42   GameInfo::ResetInfo - SyncLevel set to 0 on reset
19:56:38.42   GameInfo::ResetInfo - SyncLevel set to 0 on reset
19:56:38.42   GameInfo::ResetInfo - SyncLevel set to 0 on reset
19:56:38.42   GameInfo::ResetInfo - SyncLevel set to 0 on reset
19:56:38.42   GameInfo::ResetInfo - SyncLevel set to 0 on reset
19:56:38.42   GameInfo::ResetInfo - SyncLevel set to 0 on reset
19:56:38.42   GameInfo::ResetInfo - SyncLevel set to 0 on reset
19:56:38.42   GameInfo::ResetInfo - SyncLevel set to 0 on reset
19:56:38.42   GameInfo::ResetInfo - SyncLevel set to 0 on reset
19:56:38.42   GameInfo::ResetInfo - SyncLevel set to 0 on reset
19:56:38.42   GameInfo::ResetInfo - SyncLevel set to 0 on reset
19:56:38.42   GameInfo::ResetInfo - SyncLevel set to 0 on reset
19:56:38.42   GameInfo::ResetInfo - SyncLevel set to 0 on reset
19:56:38.42   GameInfo::ResetInfo - SyncLevel set to 0 on reset
19:56:38.42   GameInfo::ResetInfo - SyncLevel set to 0 on reset
19:56:38.43   GameInfo::ResetInfo - SyncLevel set to 0 on reset
19:56:38.43   GameInfo::ResetInfo - SyncLevel set to 0 on reset
19:56:38.43   GameInfo::ResetInfo - SyncLevel set to 0 on reset
19:56:38.43   GameInfo::ResetInfo - SyncLevel set to 0 on reset
19:56:38.43   GAME -- Error reading header for recorded game PLAYBACK:MONTARGIS REGION REVISED.2019-06-01.00-22-47.rec
19:56:38.43   GameInfo::ResetInfo - SyncLevel set to 0 on reset
19:56:38.43   GameInfo::ResetInfo - SyncLevel set to 0 on reset
19:56:38.43   GameInfo::ResetInfo - SyncLevel set to 0 on reset
19:56:38.43   GameInfo::ResetInfo - SyncLevel set to 0 on reset
19:56:38.43   GameInfo::ResetInfo - SyncLevel set to 0 on reset
19:56:38.43   GameInfo::ResetInfo - SyncLevel set to 0 on reset
19:56:38.43   GameInfo::ResetInfo - SyncLevel set to 0 on reset
19:56:38.43   GameInfo::ResetInfo - SyncLevel set to 0 on reset
19:56:38.43   GameInfo::ResetInfo - SyncLevel set to 0 on reset
19:56:38.43   GameInfo::ResetInfo - SyncLevel set to 0 on reset
19:56:38.43   GameInfo::ResetInfo - SyncLevel set to 0 on reset
19:56:38.43   GameInfo::ResetInfo - SyncLevel set to 0 on reset
19:56:38.43   GameInfo::ResetInfo - SyncLevel set to 0 on reset
19:56:38.43   GameInfo::ResetInfo - SyncLevel set to 0 on reset
19:56:38.43   GameInfo::ResetInfo - SyncLevel set to 0 on reset
19:56:38.43   GameInfo::ResetInfo - SyncLevel set to 0 on reset
19:56:38.43   GameInfo::ResetInfo - SyncLevel set to 0 on reset
19:56:38.43   GameInfo::ResetInfo - SyncLevel set to 0 on reset
19:56:38.43   GameInfo::ResetInfo - SyncLevel set to 0 on reset
19:56:38.43   GameInfo::ResetInfo - SyncLevel set to 0 on reset
19:56:38.43   GameInfo::ResetInfo - SyncLevel set to 0 on reset
19:56:38.43   GameInfo::ResetInfo - SyncLevel set to 0 on reset
19:56:38.43   GameInfo::ResetInfo - SyncLevel set to 0 on reset
19:56:38.43   GAME -- Error reading header for recorded game PLAYBACK:PE_Baserush_Counter__[GameReplays.org].rec
19:56:38.43   GameInfo::ResetInfo - SyncLevel set to 0 on reset
19:56:38.43   GameInfo::ResetInfo - SyncLevel set to 0 on reset
19:56:38.43   GameInfo::ResetInfo - SyncLevel set to 0 on reset
19:56:38.44   GameInfo::ResetInfo - SyncLevel set to 0 on reset
19:56:38.44   GameInfo::ResetInfo - SyncLevel set to 0 on reset
19:56:38.44   GameInfo::ResetInfo - SyncLevel set to 0 on reset
19:56:38.44   GameInfo::ResetInfo - SyncLevel set to 0 on reset
19:56:38.44   GameInfo::ResetInfo - SyncLevel set to 0 on reset
19:56:38.44   GameInfo::ResetInfo - SyncLevel set to 0 on reset
19:56:38.44   GameInfo::ResetInfo - SyncLevel set to 0 on reset
19:56:38.44   GameInfo::ResetInfo - SyncLevel set to 0 on reset
19:56:38.44   GameInfo::ResetInfo - SyncLevel set to 0 on reset
19:56:38.44   GameInfo::ResetInfo - SyncLevel set to 0 on reset
19:56:38.44   GameInfo::ResetInfo - SyncLevel set to 0 on reset
19:56:38.44   GameInfo::ResetInfo - SyncLevel set to 0 on reset
19:56:38.44   GameInfo::ResetInfo - SyncLevel set to 0 on reset
19:56:38.44   GameInfo::ResetInfo - SyncLevel set to 0 on reset
19:56:38.44   GameInfo::ResetInfo - SyncLevel set to 0 on reset
19:56:38.44   GameInfo::ResetInfo - SyncLevel set to 0 on reset
19:56:38.44   GameInfo::ResetInfo - SyncLevel set to 0 on reset
19:56:38.44   GameInfo::ResetInfo - SyncLevel set to 0 on reset
19:56:38.44   GameInfo::ResetInfo - SyncLevel set to 0 on reset
19:56:38.44   GameInfo::ResetInfo - SyncLevel set to 0 on reset
19:56:38.44   GameInfo::ResetInfo - SyncLevel set to 0 on reset
19:56:38.44   GAME -- Error reading header for recorded game PLAYBACK:Scheldt shit.rec
19:56:38.44   GameInfo::ResetInfo - SyncLevel set to 0 on reset
19:56:38.44   GameInfo::ResetInfo - SyncLevel set to 0 on reset
19:56:38.44   GameInfo::ResetInfo - SyncLevel set to 0 on reset
19:56:38.44   GameInfo::ResetInfo - SyncLevel set to 0 on reset
19:56:38.44   GameInfo::ResetInfo - SyncLevel set to 0 on reset
19:56:38.44   GameInfo::ResetInfo - SyncLevel set to 0 on reset
19:56:38.44   GameInfo::ResetInfo - SyncLevel set to 0 on reset
19:56:38.44   GameInfo::ResetInfo - SyncLevel set to 0 on reset
19:56:38.44   GameInfo::ResetInfo - SyncLevel set to 0 on reset
19:56:38.45   GameInfo::ResetInfo - SyncLevel set to 0 on reset
19:56:38.45   GameInfo::ResetInfo - SyncLevel set to 0 on reset
19:56:38.45   GameInfo::ResetInfo - SyncLevel set to 0 on reset
19:56:38.45   GameInfo::ResetInfo - SyncLevel set to 0 on reset
19:56:38.45   GameInfo::ResetInfo - SyncLevel set to 0 on reset
19:56:38.45   GameInfo::ResetInfo - SyncLevel set to 0 on reset
19:56:38.45   GameInfo::ResetInfo - SyncLevel set to 0 on reset
19:56:38.45   GameInfo::ResetInfo - SyncLevel set to 0 on reset
19:56:38.45   GameInfo::ResetInfo - SyncLevel set to 0 on reset
19:56:38.45   GameInfo::ResetInfo - SyncLevel set to 0 on reset
19:56:38.45   GameInfo::ResetInfo - SyncLevel set to 0 on reset
19:56:38.45   GameInfo::ResetInfo - SyncLevel set to 0 on reset
19:56:38.45   GameInfo::ResetInfo - SyncLevel set to 0 on reset
19:56:38.45   GameInfo::ResetInfo - SyncLevel set to 0 on reset
19:56:38.45   GameInfo::ResetInfo - SyncLevel set to 0 on reset
19:56:38.45   GameInfo::ResetInfo - SyncLevel set to 0 on reset
19:56:38.45   GameInfo::ResetInfo - SyncLevel set to 0 on reset
19:56:38.45   GameInfo::ResetInfo - SyncLevel set to 0 on reset
19:56:38.45   GameInfo::ResetInfo - SyncLevel set to 0 on reset
19:56:38.45   GameInfo::ResetInfo - SyncLevel set to 0 on reset
19:56:38.45   GameInfo::ResetInfo - SyncLevel set to 0 on reset
19:56:38.45   GameInfo::ResetInfo - SyncLevel set to 0 on reset
19:56:38.45   GameInfo::ResetInfo - SyncLevel set to 0 on reset
19:56:38.45   GameInfo::ResetInfo - SyncLevel set to 0 on reset
19:56:38.45   GameInfo::ResetInfo - SyncLevel set to 0 on reset
19:56:38.45   GameInfo::ResetInfo - SyncLevel set to 0 on reset
19:56:38.45   GameInfo::ResetInfo - SyncLevel set to 0 on reset
19:56:38.45   GameInfo::ResetInfo - SyncLevel set to 0 on reset
19:56:38.45   GameInfo::ResetInfo - SyncLevel set to 0 on reset
19:56:38.45   GameInfo::ResetInfo - SyncLevel set to 0 on reset
19:56:38.45   GameInfo::ResetInfo - SyncLevel set to 0 on reset
19:56:38.45   GameInfo::ResetInfo - SyncLevel set to 0 on reset
19:56:38.45   GameInfo::ResetInfo - SyncLevel set to 0 on reset
19:56:38.46   GameInfo::ResetInfo - SyncLevel set to 0 on reset
19:56:38.46   GameInfo::ResetInfo - SyncLevel set to 0 on reset
19:56:38.46   GameInfo::ResetInfo - SyncLevel set to 0 on reset
19:56:38.46   GameInfo::ResetInfo - SyncLevel set to 0 on reset
19:56:38.46   GameInfo::ResetInfo - SyncLevel set to 0 on reset
19:56:38.46   GameInfo::ResetInfo - SyncLevel set to 0 on reset
19:56:38.46   GameInfo::ResetInfo - SyncLevel set to 0 on reset
19:56:38.46   GameInfo::ResetInfo - SyncLevel set to 0 on reset
19:56:38.46   GameInfo::ResetInfo - SyncLevel set to 0 on reset
19:56:38.46   GameInfo::ResetInfo - SyncLevel set to 0 on reset
19:56:38.46   GameInfo::ResetInfo - SyncLevel set to 0 on reset
19:56:38.46   GameInfo::ResetInfo - SyncLevel set to 0 on reset
19:56:38.46   GameInfo::ResetInfo - SyncLevel set to 0 on reset
19:56:38.46   GameInfo::ResetInfo - SyncLevel set to 0 on reset
19:56:38.46   GameInfo::ResetInfo - SyncLevel set to 0 on reset
19:56:38.46   GameInfo::ResetInfo - SyncLevel set to 0 on reset
19:56:38.46   GameInfo::ResetInfo - SyncLevel set to 0 on reset
19:56:38.46   GameInfo::ResetInfo - SyncLevel set to 0 on reset
19:56:38.46   GameInfo::ResetInfo - SyncLevel set to 0 on reset
19:56:38.46   GameInfo::ResetInfo - SyncLevel set to 0 on reset
19:56:38.46   GameInfo::ResetInfo - SyncLevel set to 0 on reset
19:56:38.46   GameInfo::ResetInfo - SyncLevel set to 0 on reset
19:56:38.46   GameInfo::ResetInfo - SyncLevel set to 0 on reset
19:56:38.46   GameInfo::ResetInfo - SyncLevel set to 0 on reset
19:56:38.46   GameInfo::ResetInfo - SyncLevel set to 0 on reset
19:56:38.46   GameInfo::ResetInfo - SyncLevel set to 0 on reset
19:56:38.46   GameInfo::ResetInfo - SyncLevel set to 0 on reset
19:56:38.46   GameInfo::ResetInfo - SyncLevel set to 0 on reset
19:56:38.46   GameInfo::ResetInfo - SyncLevel set to 0 on reset
19:56:38.46   GameInfo::ResetInfo - SyncLevel set to 0 on reset
19:56:38.47   GameInfo::ResetInfo - SyncLevel set to 0 on reset
19:56:38.47   GameInfo::ResetInfo - SyncLevel set to 0 on reset
19:56:38.47   GameInfo::ResetInfo - SyncLevel set to 0 on reset
19:56:38.47   GameInfo::ResetInfo - SyncLevel set to 0 on reset
19:56:38.47   GameInfo::ResetInfo - SyncLevel set to 0 on reset
19:56:38.47   GameInfo::ResetInfo - SyncLevel set to 0 on reset
19:56:38.47   GameInfo::ResetInfo - SyncLevel set to 0 on reset
19:56:38.47   GameInfo::ResetInfo - SyncLevel set to 0 on reset
19:56:38.47   GameInfo::ResetInfo - SyncLevel set to 0 on reset
19:56:38.47   GameInfo::ResetInfo - SyncLevel set to 0 on reset
19:56:38.47   GameInfo::ResetInfo - SyncLevel set to 0 on reset
19:56:38.47   GameInfo::ResetInfo - SyncLevel set to 0 on reset
19:56:38.47   GameInfo::ResetInfo - SyncLevel set to 0 on reset
19:56:38.47   GameInfo::ResetInfo - SyncLevel set to 0 on reset
19:56:38.47   GameInfo::ResetInfo - SyncLevel set to 0 on reset
19:56:38.47   GameInfo::ResetInfo - SyncLevel set to 0 on reset
19:56:38.47   GameInfo::ResetInfo - SyncLevel set to 0 on reset
19:56:38.47   GameInfo::ResetInfo - SyncLevel set to 0 on reset
19:56:38.47   GameInfo::ResetInfo - SyncLevel set to 0 on reset
19:56:38.47   GameInfo::ResetInfo - SyncLevel set to 0 on reset
19:56:38.47   GameInfo::ResetInfo - SyncLevel set to 0 on reset
19:56:38.47   GameInfo::ResetInfo - SyncLevel set to 0 on reset
19:56:38.47   GameInfo::ResetInfo - SyncLevel set to 0 on reset
19:56:38.47   GameInfo::ResetInfo - SyncLevel set to 0 on reset
19:56:38.47   GameInfo::ResetInfo - SyncLevel set to 0 on reset
19:56:38.47   GameInfo::ResetInfo - SyncLevel set to 0 on reset
19:56:38.47   GameInfo::ResetInfo - SyncLevel set to 0 on reset
19:56:38.47   GameInfo::ResetInfo - SyncLevel set to 0 on reset
19:56:38.47   GameInfo::ResetInfo - SyncLevel set to 0 on reset
19:56:38.47   GameInfo::ResetInfo - SyncLevel set to 0 on reset
19:56:38.47   GameInfo::ResetInfo - SyncLevel set to 0 on reset
19:56:38.47   GameInfo::ResetInfo - SyncLevel set to 0 on reset
19:56:38.47   GameInfo::ResetInfo - SyncLevel set to 0 on reset
19:56:38.48   GameInfo::ResetInfo - SyncLevel set to 0 on reset
19:56:38.48   GameInfo::ResetInfo - SyncLevel set to 0 on reset
19:56:38.48   GameInfo::ResetInfo - SyncLevel set to 0 on reset
19:56:39.83   Activating screen: OnlineSelectGame
19:56:39.83   Activating screen: RelicOnlineTabs
19:56:39.85   GameInfo::ResetInfo - SyncLevel set to 0 on reset
19:56:39.85   GameInfo::ResetInfo - SyncLevel set to 0 on reset
19:56:39.85   GameInfo::ResetInfo - SyncLevel set to 0 on reset
19:56:39.85   GameInfo::ResetInfo - SyncLevel set to 0 on reset
19:56:39.85   GameInfo::ResetInfo - SyncLevel set to 0 on reset
19:56:39.85   GameInfo::ResetInfo - SyncLevel set to 0 on reset
19:56:39.85   GameInfo::ResetInfo - SyncLevel set to 0 on reset
19:56:39.85   GameInfo::ResetInfo - SyncLevel set to 0 on reset
19:56:39.85   GameInfo::ResetInfo - SyncLevel set to 0 on reset
19:56:39.85   GameInfo::ResetInfo - SyncLevel set to 0 on reset
19:56:39.85   GameInfo::ResetInfo - SyncLevel set to 0 on reset
19:56:39.85   GameInfo::ResetInfo - SyncLevel set to 0 on reset
19:56:39.85   GameInfo::ResetInfo - SyncLevel set to 0 on reset
19:56:39.85   GameInfo::ResetInfo - SyncLevel set to 0 on reset
19:56:39.85   GameInfo::ResetInfo - SyncLevel set to 0 on reset
19:56:39.85   GameInfo::ResetInfo - SyncLevel set to 0 on reset
19:56:39.85   GameInfo::ResetInfo - SyncLevel set to 0 on reset
19:56:39.85   GameInfo::ResetInfo - SyncLevel set to 0 on reset
19:56:39.85   GameInfo::ResetInfo - SyncLevel set to 0 on reset
19:56:39.85   GameInfo::ResetInfo - SyncLevel set to 0 on reset
19:56:39.85   GameInfo::ResetInfo - SyncLevel set to 0 on reset
19:56:39.86   GameInfo::ResetInfo - SyncLevel set to 0 on reset
19:56:39.86   GameInfo::ResetInfo - SyncLevel set to 0 on reset
19:56:39.86   GameInfo::ResetInfo - SyncLevel set to 0 on reset
19:56:39.86   GameInfo::ResetInfo - SyncLevel set to 0 on reset
19:56:39.86   GameInfo::ResetInfo - SyncLevel set to 0 on reset
19:56:39.86   GameInfo::ResetInfo - SyncLevel set to 0 on reset
19:56:39.86   GameInfo::ResetInfo - SyncLevel set to 0 on reset
19:56:39.86   GameInfo::ResetInfo - SyncLevel set to 0 on reset
19:56:39.86   GameInfo::ResetInfo - SyncLevel set to 0 on reset
19:56:39.86   GameInfo::ResetInfo - SyncLevel set to 0 on reset
19:56:39.86   GameInfo::ResetInfo - SyncLevel set to 0 on reset
19:56:39.86   GameInfo::ResetInfo - SyncLevel set to 0 on reset
19:56:39.86   GameInfo::ResetInfo - SyncLevel set to 0 on reset
19:56:39.86   GameInfo::ResetInfo - SyncLevel set to 0 on reset
19:56:39.86   GameInfo::ResetInfo - SyncLevel set to 0 on reset
19:56:39.86   GameInfo::ResetInfo - SyncLevel set to 0 on reset
19:56:39.86   GameInfo::ResetInfo - SyncLevel set to 0 on reset
19:56:39.86   GameInfo::ResetInfo - SyncLevel set to 0 on reset
19:56:39.86   GameInfo::ResetInfo - SyncLevel set to 0 on reset
19:56:39.86   GameInfo::ResetInfo - SyncLevel set to 0 on reset
19:56:39.86   GameInfo::ResetInfo - SyncLevel set to 0 on reset
19:56:39.86   GameInfo::ResetInfo - SyncLevel set to 0 on reset
19:56:39.86   GameInfo::ResetInfo - SyncLevel set to 0 on reset
19:56:39.86   GameInfo::ResetInfo - SyncLevel set to 0 on reset
19:56:39.86   GameInfo::ResetInfo - SyncLevel set to 0 on reset
19:56:39.86   GameInfo::ResetInfo - SyncLevel set to 0 on reset
19:56:39.86   GameInfo::ResetInfo - SyncLevel set to 0 on reset
19:56:39.86   GameInfo::ResetInfo - SyncLevel set to 0 on reset
19:56:39.86   GameInfo::ResetInfo - SyncLevel set to 0 on reset
19:56:39.86   GameInfo::ResetInfo - SyncLevel set to 0 on reset
19:56:39.87   GameInfo::ResetInfo - SyncLevel set to 0 on reset
19:56:39.87   GameInfo::ResetInfo - SyncLevel set to 0 on reset
19:56:39.87   GameInfo::ResetInfo - SyncLevel set to 0 on reset
19:56:39.87   GameInfo::ResetInfo - SyncLevel set to 0 on reset
19:56:39.87   GameInfo::ResetInfo - SyncLevel set to 0 on reset
19:56:39.87   GameInfo::ResetInfo - SyncLevel set to 0 on reset
19:56:39.87   GameInfo::ResetInfo - SyncLevel set to 0 on reset
19:56:39.87   GameInfo::ResetInfo - SyncLevel set to 0 on reset
19:56:39.87   GameInfo::ResetInfo - SyncLevel set to 0 on reset
19:56:39.87   GameInfo::ResetInfo - SyncLevel set to 0 on reset
19:56:39.87   GameInfo::ResetInfo - SyncLevel set to 0 on reset
19:56:39.87   GameInfo::ResetInfo - SyncLevel set to 0 on reset
19:56:39.87   GameInfo::ResetInfo - SyncLevel set to 0 on reset
19:56:39.87   GameInfo::ResetInfo - SyncLevel set to 0 on reset
19:56:39.87   GameInfo::ResetInfo - SyncLevel set to 0 on reset
19:56:39.87   GameInfo::ResetInfo - SyncLevel set to 0 on reset
19:56:39.87   GameInfo::ResetInfo - SyncLevel set to 0 on reset
19:56:39.87   GameInfo::ResetInfo - SyncLevel set to 0 on reset
19:56:39.87   GameInfo::ResetInfo - SyncLevel set to 0 on reset
19:56:39.87   GameInfo::ResetInfo - SyncLevel set to 0 on reset
19:56:39.87   GameInfo::ResetInfo - SyncLevel set to 0 on reset
19:56:39.87   GameInfo::ResetInfo - SyncLevel set to 0 on reset
19:56:39.87   GameInfo::ResetInfo - SyncLevel set to 0 on reset
19:56:39.87   GameInfo::ResetInfo - SyncLevel set to 0 on reset
19:56:39.87   GameInfo::ResetInfo - SyncLevel set to 0 on reset
19:56:39.87   GameInfo::ResetInfo - SyncLevel set to 0 on reset
19:56:39.87   GameInfo::ResetInfo - SyncLevel set to 0 on reset
19:56:39.87   GameInfo::ResetInfo - SyncLevel set to 0 on reset
19:56:39.87   GameInfo::ResetInfo - SyncLevel set to 0 on reset
19:56:39.87   GameInfo::ResetInfo - SyncLevel set to 0 on reset
19:56:39.88   GameInfo::ResetInfo - SyncLevel set to 0 on reset
19:56:39.88   GameInfo::ResetInfo - SyncLevel set to 0 on reset
19:56:39.88   GameInfo::ResetInfo - SyncLevel set to 0 on reset
19:56:39.88   GameInfo::ResetInfo - SyncLevel set to 0 on reset
19:56:39.88   GameInfo::ResetInfo - SyncLevel set to 0 on reset
19:56:39.88   GameInfo::ResetInfo - SyncLevel set to 0 on reset
19:56:39.88   GameInfo::ResetInfo - SyncLevel set to 0 on reset
19:56:39.88   GameInfo::ResetInfo - SyncLevel set to 0 on reset
19:56:39.88   GameInfo::ResetInfo - SyncLevel set to 0 on reset
19:56:39.88   GameInfo::ResetInfo - SyncLevel set to 0 on reset
19:56:39.88   GameInfo::ResetInfo - SyncLevel set to 0 on reset
19:56:39.88   GameInfo::ResetInfo - SyncLevel set to 0 on reset
19:56:39.88   GameInfo::ResetInfo - SyncLevel set to 0 on reset
19:56:39.88   GameInfo::ResetInfo - SyncLevel set to 0 on reset
19:56:39.88   GameInfo::ResetInfo - SyncLevel set to 0 on reset
19:56:39.88   GameInfo::ResetInfo - SyncLevel set to 0 on reset
19:56:39.88   GameInfo::ResetInfo - SyncLevel set to 0 on reset
19:56:39.88   GameInfo::ResetInfo - SyncLevel set to 0 on reset
19:56:39.88   GameInfo::ResetInfo - SyncLevel set to 0 on reset
19:56:39.88   GameInfo::ResetInfo - SyncLevel set to 0 on reset
19:56:39.88   GameInfo::ResetInfo - SyncLevel set to 0 on reset
19:56:39.88   GameInfo::ResetInfo - SyncLevel set to 0 on reset
19:56:39.88   GameInfo::ResetInfo - SyncLevel set to 0 on reset
19:56:39.88   GameInfo::ResetInfo - SyncLevel set to 0 on reset
19:56:39.88   GameInfo::ResetInfo - SyncLevel set to 0 on reset
19:56:39.88   GameInfo::ResetInfo - SyncLevel set to 0 on reset
19:56:39.88   GameInfo::ResetInfo - SyncLevel set to 0 on reset
19:56:39.88   GameInfo::ResetInfo - SyncLevel set to 0 on reset
19:56:39.88   GameInfo::ResetInfo - SyncLevel set to 0 on reset
19:56:39.88   GameInfo::ResetInfo - SyncLevel set to 0 on reset
19:56:39.88   GameInfo::ResetInfo - SyncLevel set to 0 on reset
19:56:39.88   GameInfo::ResetInfo - SyncLevel set to 0 on reset
19:56:39.88   GameInfo::ResetInfo - SyncLevel set to 0 on reset
19:56:39.88   GameInfo::ResetInfo - SyncLevel set to 0 on reset
19:56:39.88   GameInfo::ResetInfo - SyncLevel set to 0 on reset
19:56:39.88   GameInfo::ResetInfo - SyncLevel set to 0 on reset
19:56:39.88   GameInfo::ResetInfo - SyncLevel set to 0 on reset
19:56:39.88   GameInfo::ResetInfo - SyncLevel set to 0 on reset
19:56:39.88   GameInfo::ResetInfo - SyncLevel set to 0 on reset
19:56:39.88   GameInfo::ResetInfo - SyncLevel set to 0 on reset
19:56:39.88   GameInfo::ResetInfo - SyncLevel set to 0 on reset
19:56:39.89   GameInfo::ResetInfo - SyncLevel set to 0 on reset
19:56:39.89   GameInfo::ResetInfo - SyncLevel set to 0 on reset
19:56:39.89   GameInfo::ResetInfo - SyncLevel set to 0 on reset
19:56:39.89   GameInfo::ResetInfo - SyncLevel set to 0 on reset
19:56:39.89   GameInfo::ResetInfo - SyncLevel set to 0 on reset
19:56:39.89   GameInfo::ResetInfo - SyncLevel set to 0 on reset
19:56:39.89   GameInfo::ResetInfo - SyncLevel set to 0 on reset
19:56:39.89   GameInfo::ResetInfo - SyncLevel set to 0 on reset
19:56:39.89   GameInfo::ResetInfo - SyncLevel set to 0 on reset
19:56:39.89   GameInfo::ResetInfo - SyncLevel set to 0 on reset
19:56:39.89   GameInfo::ResetInfo - SyncLevel set to 0 on reset
19:56:39.89   GameInfo::ResetInfo - SyncLevel set to 0 on reset
19:56:39.89   GameInfo::ResetInfo - SyncLevel set to 0 on reset
19:56:39.89   GameInfo::ResetInfo - SyncLevel set to 0 on reset
19:56:39.89   GameInfo::ResetInfo - SyncLevel set to 0 on reset
19:56:39.89   GameInfo::ResetInfo - SyncLevel set to 0 on reset
19:56:39.89   GameInfo::ResetInfo - SyncLevel set to 0 on reset
19:56:39.89   GameInfo::ResetInfo - SyncLevel set to 0 on reset
19:56:39.89   GameInfo::ResetInfo - SyncLevel set to 0 on reset
19:56:39.89   GameInfo::ResetInfo - SyncLevel set to 0 on reset
19:56:39.89   GameInfo::ResetInfo - SyncLevel set to 0 on reset
19:56:39.89   GameInfo::ResetInfo - SyncLevel set to 0 on reset
19:56:39.89   GameInfo::ResetInfo - SyncLevel set to 0 on reset
19:56:39.89   GameInfo::ResetInfo - SyncLevel set to 0 on reset
19:56:39.89   GameInfo::ResetInfo - SyncLevel set to 0 on reset
19:56:39.89   GameInfo::ResetInfo - SyncLevel set to 0 on reset
19:56:39.89   GameInfo::ResetInfo - SyncLevel set to 0 on reset
19:56:39.89   GameInfo::ResetInfo - SyncLevel set to 0 on reset
19:56:39.89   GameInfo::ResetInfo - SyncLevel set to 0 on reset
19:56:39.89   GameInfo::ResetInfo - SyncLevel set to 0 on reset
19:56:39.89   GameInfo::ResetInfo - SyncLevel set to 0 on reset
19:56:39.89   GameInfo::ResetInfo - SyncLevel set to 0 on reset
19:56:39.89   GameInfo::ResetInfo - SyncLevel set to 0 on reset
19:56:39.89   GameInfo::ResetInfo - SyncLevel set to 0 on reset
19:56:39.89   GameInfo::ResetInfo - SyncLevel set to 0 on reset
19:56:39.89   GameInfo::ResetInfo - SyncLevel set to 0 on reset
19:56:39.89   GameInfo::ResetInfo - SyncLevel set to 0 on reset
19:56:39.89   GameInfo::ResetInfo - SyncLevel set to 0 on reset
19:56:39.89   GameInfo::ResetInfo - SyncLevel set to 0 on reset
19:56:39.89   GameInfo::ResetInfo - SyncLevel set to 0 on reset
19:56:39.89   GameInfo::ResetInfo - SyncLevel set to 0 on reset
19:56:39.89   GameInfo::ResetInfo - SyncLevel set to 0 on reset
19:56:39.89   GameInfo::ResetInfo - SyncLevel set to 0 on reset
19:56:39.89   GameInfo::ResetInfo - SyncLevel set to 0 on reset
19:56:39.89   GameInfo::ResetInfo - SyncLevel set to 0 on reset
19:56:39.89   GameInfo::ResetInfo - SyncLevel set to 0 on reset
19:56:39.90   GameInfo::ResetInfo - SyncLevel set to 0 on reset
19:56:39.90   GameInfo::ResetInfo - SyncLevel set to 0 on reset
19:56:39.90   GameInfo::ResetInfo - SyncLevel set to 0 on reset
19:56:39.90   GameInfo::ResetInfo - SyncLevel set to 0 on reset
19:56:39.90   GameInfo::ResetInfo - SyncLevel set to 0 on reset
19:56:39.90   GameInfo::ResetInfo - SyncLevel set to 0 on reset
19:56:39.90   GameInfo::ResetInfo - SyncLevel set to 0 on reset
19:56:39.90   GameInfo::ResetInfo - SyncLevel set to 0 on reset
19:56:39.90   GameInfo::ResetInfo - SyncLevel set to 0 on reset
19:56:39.90   GameInfo::ResetInfo - SyncLevel set to 0 on reset
19:56:39.90   GameInfo::ResetInfo - SyncLevel set to 0 on reset
19:56:39.90   GameInfo::ResetInfo - SyncLevel set to 0 on reset
19:56:39.90   GameInfo::ResetInfo - SyncLevel set to 0 on reset
19:56:39.90   GameInfo::ResetInfo - SyncLevel set to 0 on reset
19:56:39.90   GameInfo::ResetInfo - SyncLevel set to 0 on reset
19:56:39.90   GameInfo::ResetInfo - SyncLevel set to 0 on reset
19:56:39.90   GameInfo::ResetInfo - SyncLevel set to 0 on reset
19:56:39.90   GameInfo::ResetInfo - SyncLevel set to 0 on reset
19:56:39.90   GameInfo::ResetInfo - SyncLevel set to 0 on reset
19:56:39.90   GameInfo::ResetInfo - SyncLevel set to 0 on reset
19:56:39.90   GameInfo::ResetInfo - SyncLevel set to 0 on reset
19:56:39.90   GameInfo::ResetInfo - SyncLevel set to 0 on reset
19:56:39.90   GameInfo::ResetInfo - SyncLevel set to 0 on reset
19:56:39.90   GameInfo::ResetInfo - SyncLevel set to 0 on reset
19:56:39.90   GameInfo::ResetInfo - SyncLevel set to 0 on reset
19:56:39.90   GameInfo::ResetInfo - SyncLevel set to 0 on reset
19:56:39.90   GameInfo::ResetInfo - SyncLevel set to 0 on reset
19:56:39.90   GameInfo::ResetInfo - SyncLevel set to 0 on reset
19:56:39.90   GameInfo::ResetInfo - SyncLevel set to 0 on reset
19:56:39.90   GameInfo::ResetInfo - SyncLevel set to 0 on reset
19:56:39.90   GameInfo::ResetInfo - SyncLevel set to 0 on reset
19:56:39.90   GameInfo::ResetInfo - SyncLevel set to 0 on reset
19:56:39.90   GameInfo::ResetInfo - SyncLevel set to 0 on reset
19:56:39.90   GameInfo::ResetInfo - SyncLevel set to 0 on reset
19:56:39.90   GameInfo::ResetInfo - SyncLevel set to 0 on reset
19:56:39.90   GameInfo::ResetInfo - SyncLevel set to 0 on reset
19:56:39.90   GameInfo::ResetInfo - SyncLevel set to 0 on reset
19:56:39.90   GameInfo::ResetInfo - SyncLevel set to 0 on reset
19:56:39.90   GameInfo::ResetInfo - SyncLevel set to 0 on reset
19:56:39.90   GameInfo::ResetInfo - SyncLevel set to 0 on reset
19:56:39.90   GameInfo::ResetInfo - SyncLevel set to 0 on reset
19:56:39.90   GameInfo::ResetInfo - SyncLevel set to 0 on reset
19:56:39.91   GameInfo::ResetInfo - SyncLevel set to 0 on reset
19:56:39.91   GameInfo::ResetInfo - SyncLevel set to 0 on reset
19:56:39.91   GameInfo::ResetInfo - SyncLevel set to 0 on reset
19:56:39.91   GameInfo::ResetInfo - SyncLevel set to 0 on reset
19:56:39.91   GameInfo::ResetInfo - SyncLevel set to 0 on reset
19:56:39.91   GameInfo::ResetInfo - SyncLevel set to 0 on reset
19:56:39.91   GameInfo::ResetInfo - SyncLevel set to 0 on reset
19:56:39.91   GameInfo::ResetInfo - SyncLevel set to 0 on reset
19:56:39.91   GameInfo::ResetInfo - SyncLevel set to 0 on reset
19:56:39.91   GameInfo::ResetInfo - SyncLevel set to 0 on reset
19:56:39.91   GameInfo::ResetInfo - SyncLevel set to 0 on reset
19:56:39.91   GameInfo::ResetInfo - SyncLevel set to 0 on reset
19:56:39.91   GameInfo::ResetInfo - SyncLevel set to 0 on reset
19:56:39.91   GameInfo::ResetInfo - SyncLevel set to 0 on reset
19:56:39.91   GameInfo::ResetInfo - SyncLevel set to 0 on reset
19:56:39.91   GameInfo::ResetInfo - SyncLevel set to 0 on reset
19:56:39.91   GameInfo::ResetInfo - SyncLevel set to 0 on reset
19:56:39.91   GameInfo::ResetInfo - SyncLevel set to 0 on reset
19:56:39.91   GameInfo::ResetInfo - SyncLevel set to 0 on reset
19:56:39.91   GameInfo::ResetInfo - SyncLevel set to 0 on reset
19:56:39.91   GameInfo::ResetInfo - SyncLevel set to 0 on reset
19:56:39.91   GameInfo::ResetInfo - SyncLevel set to 0 on reset
19:56:39.91   GameInfo::ResetInfo - SyncLevel set to 0 on reset
19:56:39.91   GameInfo::ResetInfo - SyncLevel set to 0 on reset
19:56:39.91   GameInfo::ResetInfo - SyncLevel set to 0 on reset
19:56:39.91   GameInfo::ResetInfo - SyncLevel set to 0 on reset
19:56:39.91   GameInfo::ResetInfo - SyncLevel set to 0 on reset
19:56:39.91   GameInfo::ResetInfo - SyncLevel set to 0 on reset
19:56:39.91   GameInfo::ResetInfo - SyncLevel set to 0 on reset
19:56:39.91   GameInfo::ResetInfo - SyncLevel set to 0 on reset
19:56:39.91   GameInfo::ResetInfo - SyncLevel set to 0 on reset
19:56:39.91   GameInfo::ResetInfo - SyncLevel set to 0 on reset
19:56:39.91   GameInfo::ResetInfo - SyncLevel set to 0 on reset
19:56:39.91   GameInfo::ResetInfo - SyncLevel set to 0 on reset
19:56:39.91   GameInfo::ResetInfo - SyncLevel set to 0 on reset
19:56:39.91   GameInfo::ResetInfo - SyncLevel set to 0 on reset
19:56:39.91   GameInfo::ResetInfo - SyncLevel set to 0 on reset
19:56:39.91   GameInfo::ResetInfo - SyncLevel set to 0 on reset
19:56:39.91   GameInfo::ResetInfo - SyncLevel set to 0 on reset
19:56:39.91   GameInfo::ResetInfo - SyncLevel set to 0 on reset
19:56:39.91   GameInfo::ResetInfo - SyncLevel set to 0 on reset
19:56:39.91   GameInfo::ResetInfo - SyncLevel set to 0 on reset
19:56:39.92   GameInfo::ResetInfo - SyncLevel set to 0 on reset
19:56:39.92   GameInfo::ResetInfo - SyncLevel set to 0 on reset
19:56:39.92   GameInfo::ResetInfo - SyncLevel set to 0 on reset
19:56:39.92   GameInfo::ResetInfo - SyncLevel set to 0 on reset
19:56:39.92   GameInfo::ResetInfo - SyncLevel set to 0 on reset
19:56:39.92   GameInfo::ResetInfo - SyncLevel set to 0 on reset
19:56:39.92   GameInfo::ResetInfo - SyncLevel set to 0 on reset
19:56:39.92   GameInfo::ResetInfo - SyncLevel set to 0 on reset
19:56:39.92   GameInfo::ResetInfo - SyncLevel set to 0 on reset
19:56:39.92   GameInfo::ResetInfo - SyncLevel set to 0 on reset
19:56:39.92   GameInfo::ResetInfo - SyncLevel set to 0 on reset
19:56:39.92   GameInfo::ResetInfo - SyncLevel set to 0 on reset
19:56:39.92   GameInfo::ResetInfo - SyncLevel set to 0 on reset
19:56:39.92   GameInfo::ResetInfo - SyncLevel set to 0 on reset
19:56:39.92   GameInfo::ResetInfo - SyncLevel set to 0 on reset
19:56:39.92   GameInfo::ResetInfo - SyncLevel set to 0 on reset
19:56:39.92   GameInfo::ResetInfo - SyncLevel set to 0 on reset
19:56:39.92   GameInfo::ResetInfo - SyncLevel set to 0 on reset
19:56:39.92   GameInfo::ResetInfo - SyncLevel set to 0 on reset
19:56:39.92   GameInfo::ResetInfo - SyncLevel set to 0 on reset
19:56:39.92   GameInfo::ResetInfo - SyncLevel set to 0 on reset
19:56:39.92   GameInfo::ResetInfo - SyncLevel set to 0 on reset
19:56:39.92   GameInfo::ResetInfo - SyncLevel set to 0 on reset
19:56:39.92   GameInfo::ResetInfo - SyncLevel set to 0 on reset
19:56:39.92   GameInfo::ResetInfo - SyncLevel set to 0 on reset
19:56:39.92   GameInfo::ResetInfo - SyncLevel set to 0 on reset
19:56:39.92   GameInfo::ResetInfo - SyncLevel set to 0 on reset
19:56:39.92   GameInfo::ResetInfo - SyncLevel set to 0 on reset
19:56:39.92   GameInfo::ResetInfo - SyncLevel set to 0 on reset
19:56:39.92   GameInfo::ResetInfo - SyncLevel set to 0 on reset
19:56:39.92   GameInfo::ResetInfo - SyncLevel set to 0 on reset
19:56:39.92   GameInfo::ResetInfo - SyncLevel set to 0 on reset
19:56:39.92   GameInfo::ResetInfo - SyncLevel set to 0 on reset
19:56:39.93   GameInfo::ResetInfo - SyncLevel set to 0 on reset
19:56:39.93   GameInfo::ResetInfo - SyncLevel set to 0 on reset
19:56:39.93   GameInfo::ResetInfo - SyncLevel set to 0 on reset
19:56:39.93   GameInfo::ResetInfo - SyncLevel set to 0 on reset
19:56:39.93   GameInfo::ResetInfo - SyncLevel set to 0 on reset
19:56:39.93   GameInfo::ResetInfo - SyncLevel set to 0 on reset
19:56:39.93   GameInfo::ResetInfo - SyncLevel set to 0 on reset
19:56:39.93   GameInfo::ResetInfo - SyncLevel set to 0 on reset
19:56:39.93   GameInfo::ResetInfo - SyncLevel set to 0 on reset
19:56:39.93   GameInfo::ResetInfo - SyncLevel set to 0 on reset
19:56:39.93   GameInfo::ResetInfo - SyncLevel set to 0 on reset
19:56:39.93   GameInfo::ResetInfo - SyncLevel set to 0 on reset
19:56:39.93   GameInfo::ResetInfo - SyncLevel set to 0 on reset
19:56:39.93   GameInfo::ResetInfo - SyncLevel set to 0 on reset
19:56:39.93   GameInfo::ResetInfo - SyncLevel set to 0 on reset
19:56:39.93   GameInfo::ResetInfo - SyncLevel set to 0 on reset
19:56:39.93   GameInfo::ResetInfo - SyncLevel set to 0 on reset
19:56:39.93   GameInfo::ResetInfo - SyncLevel set to 0 on reset
19:56:39.93   GameInfo::ResetInfo - SyncLevel set to 0 on reset
19:56:39.93   GameInfo::ResetInfo - SyncLevel set to 0 on reset
19:56:39.93   GameInfo::ResetInfo - SyncLevel set to 0 on reset
19:56:39.93   GameInfo::ResetInfo - SyncLevel set to 0 on reset
19:56:39.93   GameInfo::ResetInfo - SyncLevel set to 0 on reset
19:56:39.93   GameInfo::ResetInfo - SyncLevel set to 0 on reset
19:56:39.93   GameInfo::ResetInfo - SyncLevel set to 0 on reset
19:56:39.93   GameInfo::ResetInfo - SyncLevel set to 0 on reset
19:56:39.93   GameInfo::ResetInfo - SyncLevel set to 0 on reset
19:56:39.93   GameInfo::ResetInfo - SyncLevel set to 0 on reset
19:56:39.93   GameInfo::ResetInfo - SyncLevel set to 0 on reset
19:56:39.93   GameInfo::ResetInfo - SyncLevel set to 0 on reset
19:56:39.93   GameInfo::ResetInfo - SyncLevel set to 0 on reset
19:56:39.93   GameInfo::ResetInfo - SyncLevel set to 0 on reset
19:56:39.93   GameInfo::ResetInfo - SyncLevel set to 0 on reset
19:56:39.93   GameInfo::ResetInfo - SyncLevel set to 0 on reset
19:56:39.93   GameInfo::ResetInfo - SyncLevel set to 0 on reset
19:56:39.93   GameInfo::ResetInfo - SyncLevel set to 0 on reset
19:56:39.94   GameInfo::ResetInfo - SyncLevel set to 0 on reset
19:56:39.94   GameInfo::ResetInfo - SyncLevel set to 0 on reset
19:56:39.94   GameInfo::ResetInfo - SyncLevel set to 0 on reset
19:56:39.94   GameInfo::ResetInfo - SyncLevel set to 0 on reset
19:56:39.94   GameInfo::ResetInfo - SyncLevel set to 0 on reset
19:56:39.94   GameInfo::ResetInfo - SyncLevel set to 0 on reset
19:56:39.94   GameInfo::ResetInfo - SyncLevel set to 0 on reset
19:56:39.94   GameInfo::ResetInfo - SyncLevel set to 0 on reset
19:56:39.94   GameInfo::ResetInfo - SyncLevel set to 0 on reset
19:56:39.94   GameInfo::ResetInfo - SyncLevel set to 0 on reset
19:56:39.94   GameInfo::ResetInfo - SyncLevel set to 0 on reset
19:56:39.94   GameInfo::ResetInfo - SyncLevel set to 0 on reset
19:56:39.94   GameInfo::ResetInfo - SyncLevel set to 0 on reset
19:56:39.94   GameInfo::ResetInfo - SyncLevel set to 0 on reset
19:56:39.94   GameInfo::ResetInfo - SyncLevel set to 0 on reset
19:56:39.94   GameInfo::ResetInfo - SyncLevel set to 0 on reset
19:56:39.94   GameInfo::ResetInfo - SyncLevel set to 0 on reset
19:56:39.94   GameInfo::ResetInfo - SyncLevel set to 0 on reset
19:56:39.94   GameInfo::ResetInfo - SyncLevel set to 0 on reset
19:56:39.94   GameInfo::ResetInfo - SyncLevel set to 0 on reset
19:56:39.94   GameInfo::ResetInfo - SyncLevel set to 0 on reset
19:56:39.94   GameInfo::ResetInfo - SyncLevel set to 0 on reset
19:56:39.94   GameInfo::ResetInfo - SyncLevel set to 0 on reset
19:56:39.94   GameInfo::ResetInfo - SyncLevel set to 0 on reset
19:56:39.94   GameInfo::ResetInfo - SyncLevel set to 0 on reset
19:56:39.94   GameInfo::ResetInfo - SyncLevel set to 0 on reset
19:56:39.94   GameInfo::ResetInfo - SyncLevel set to 0 on reset
19:56:39.94   GameInfo::ResetInfo - SyncLevel set to 0 on reset
19:56:39.94   GameInfo::ResetInfo - SyncLevel set to 0 on reset
19:56:39.94   GameInfo::ResetInfo - SyncLevel set to 0 on reset
19:56:39.94   GameInfo::ResetInfo - SyncLevel set to 0 on reset
19:56:39.94   GameInfo::ResetInfo - SyncLevel set to 0 on reset
19:56:39.94   GameInfo::ResetInfo - SyncLevel set to 0 on reset
19:56:39.94   GameInfo::ResetInfo - SyncLevel set to 0 on reset
19:56:39.94   GameInfo::ResetInfo - SyncLevel set to 0 on reset
19:56:39.94   GameInfo::ResetInfo - SyncLevel set to 0 on reset
19:56:39.94   GameInfo::ResetInfo - SyncLevel set to 0 on reset
19:56:39.94   GameInfo::ResetInfo - SyncLevel set to 0 on reset
19:56:39.94   GameInfo::ResetInfo - SyncLevel set to 0 on reset
19:56:39.94   GameInfo::ResetInfo - SyncLevel set to 0 on reset
19:56:39.94   GameInfo::ResetInfo - SyncLevel set to 0 on reset
19:56:39.94   GameInfo::ResetInfo - SyncLevel set to 0 on reset
19:56:39.95   GameInfo::ResetInfo - SyncLevel set to 0 on reset
19:56:39.95   GameInfo::ResetInfo - SyncLevel set to 0 on reset
19:56:39.95   GameInfo::ResetInfo - SyncLevel set to 0 on reset
19:56:39.95   GameInfo::ResetInfo - SyncLevel set to 0 on reset
19:56:39.95   GameInfo::ResetInfo - SyncLevel set to 0 on reset
19:56:39.95   GameInfo::ResetInfo - SyncLevel set to 0 on reset
19:56:39.95   GameInfo::ResetInfo - SyncLevel set to 0 on reset
19:56:39.95   GameInfo::ResetInfo - SyncLevel set to 0 on reset
19:56:39.95   GameInfo::ResetInfo - SyncLevel set to 0 on reset
19:56:39.95   GameInfo::ResetInfo - SyncLevel set to 0 on reset
19:56:39.95   GameInfo::ResetInfo - SyncLevel set to 0 on reset
19:56:39.95   GameInfo::ResetInfo - SyncLevel set to 0 on reset
19:56:39.95   GameInfo::ResetInfo - SyncLevel set to 0 on reset
19:56:39.95   GameInfo::ResetInfo - SyncLevel set to 0 on reset
19:56:39.95   GAME -- Error reading header for recorded game PLAYBACK:4p_rails_and_metal20110731195813__[GameReplays.org].rec
19:56:39.95   GameInfo::ResetInfo - SyncLevel set to 0 on reset
19:56:39.95   GameInfo::ResetInfo - SyncLevel set to 0 on reset
19:56:39.95   GAME -- Error reading header for recorded game PLAYBACK:4p_rails_and_metal20110801000124__[GameReplays.org].rec
19:56:39.95   GameInfo::ResetInfo - SyncLevel set to 0 on reset
19:56:39.95   GameInfo::ResetInfo - SyncLevel set to 0 on reset
19:56:39.95   GAME -- Error reading header for recorded game PLAYBACK:4p_rails_and_metal20120827200108__[GameReplays.org].rec
19:56:39.95   GameInfo::ResetInfo - SyncLevel set to 0 on reset
19:56:39.95   GameInfo::ResetInfo - SyncLevel set to 0 on reset
19:56:39.95   GameInfo::ResetInfo - SyncLevel set to 0 on reset
19:56:39.95   GameInfo::ResetInfo - SyncLevel set to 0 on reset
19:56:39.95   GameInfo::ResetInfo - SyncLevel set to 0 on reset
19:56:39.95   GameInfo::ResetInfo - SyncLevel set to 0 on reset
19:56:39.95   GameInfo::ResetInfo - SyncLevel set to 0 on reset
19:56:39.95   GameInfo::ResetInfo - SyncLevel set to 0 on reset
19:56:39.95   GameInfo::ResetInfo - SyncLevel set to 0 on reset
19:56:39.95   GameInfo::ResetInfo - SyncLevel set to 0 on reset
19:56:39.95   GameInfo::ResetInfo - SyncLevel set to 0 on reset
19:56:39.95   GameInfo::ResetInfo - SyncLevel set to 0 on reset
19:56:39.95   GameInfo::ResetInfo - SyncLevel set to 0 on reset
19:56:39.95   GameInfo::ResetInfo - SyncLevel set to 0 on reset
19:56:39.95   GameInfo::ResetInfo - SyncLevel set to 0 on reset
19:56:39.95   GameInfo::ResetInfo - SyncLevel set to 0 on reset
19:56:39.95   GameInfo::ResetInfo - SyncLevel set to 0 on reset
19:56:39.95   GameInfo::ResetInfo - SyncLevel set to 0 on reset
19:56:39.95   GameInfo::ResetInfo - SyncLevel set to 0 on reset
19:56:39.95   GameInfo::ResetInfo - SyncLevel set to 0 on reset
19:56:39.95   GameInfo::ResetInfo - SyncLevel set to 0 on reset
19:56:39.95   GameInfo::ResetInfo - SyncLevel set to 0 on reset
19:56:39.95   GameInfo::ResetInfo - SyncLevel set to 0 on reset
19:56:39.95   GameInfo::ResetInfo - SyncLevel set to 0 on reset
19:56:39.95   GameInfo::ResetInfo - SyncLevel set to 0 on reset
19:56:39.95   GameInfo::ResetInfo - SyncLevel set to 0 on reset
19:56:39.95   GameInfo::ResetInfo - SyncLevel set to 0 on reset
19:56:39.96   GameInfo::ResetInfo - SyncLevel set to 0 on reset
19:56:39.96   GameInfo::ResetInfo - SyncLevel set to 0 on reset
19:56:39.96   GameInfo::ResetInfo - SyncLevel set to 0 on reset
19:56:39.96   GameInfo::ResetInfo - SyncLevel set to 0 on reset
19:56:39.96   GameInfo::ResetInfo - SyncLevel set to 0 on reset
19:56:39.96   GameInfo::ResetInfo - SyncLevel set to 0 on reset
19:56:39.96   GameInfo::ResetInfo - SyncLevel set to 0 on reset
19:56:39.96   GameInfo::ResetInfo - SyncLevel set to 0 on reset
19:56:39.96   GameInfo::ResetInfo - SyncLevel set to 0 on reset
19:56:39.96   GameInfo::ResetInfo - SyncLevel set to 0 on reset
19:56:39.96   GameInfo::ResetInfo - SyncLevel set to 0 on reset
19:56:39.96   GameInfo::ResetInfo - SyncLevel set to 0 on reset
19:56:39.96   GameInfo::ResetInfo - SyncLevel set to 0 on reset
19:56:39.96   GameInfo::ResetInfo - SyncLevel set to 0 on reset
19:56:39.96   GameInfo::ResetInfo - SyncLevel set to 0 on reset
19:56:39.96   GameInfo::ResetInfo - SyncLevel set to 0 on reset
19:56:39.96   GameInfo::ResetInfo - SyncLevel set to 0 on reset
19:56:39.96   GameInfo::ResetInfo - SyncLevel set to 0 on reset
19:56:39.96   GameInfo::ResetInfo - SyncLevel set to 0 on reset
19:56:39.96   GameInfo::ResetInfo - SyncLevel set to 0 on reset
19:56:39.96   GameInfo::ResetInfo - SyncLevel set to 0 on reset
19:56:39.96   GameInfo::ResetInfo - SyncLevel set to 0 on reset
19:56:39.96   GameInfo::ResetInfo - SyncLevel set to 0 on reset
19:56:39.96   GameInfo::ResetInfo - SyncLevel set to 0 on reset
19:56:39.96   GameInfo::ResetInfo - SyncLevel set to 0 on reset
19:56:39.96   GameInfo::ResetInfo - SyncLevel set to 0 on reset
19:56:39.96   GameInfo::ResetInfo - SyncLevel set to 0 on reset
19:56:39.96   GameInfo::ResetInfo - SyncLevel set to 0 on reset
19:56:39.96   GameInfo::ResetInfo - SyncLevel set to 0 on reset
19:56:39.96   GameInfo::ResetInfo - SyncLevel set to 0 on reset
19:56:39.96   GameInfo::ResetInfo - SyncLevel set to 0 on reset
19:56:39.96   GameInfo::ResetInfo - SyncLevel set to 0 on reset
19:56:39.96   GameInfo::ResetInfo - SyncLevel set to 0 on reset
19:56:39.96   GameInfo::ResetInfo - SyncLevel set to 0 on reset
19:56:39.96   GameInfo::ResetInfo - SyncLevel set to 0 on reset
19:56:39.96   GameInfo::ResetInfo - SyncLevel set to 0 on reset
19:56:39.96   GameInfo::ResetInfo - SyncLevel set to 0 on reset
19:56:39.96   GameInfo::ResetInfo - SyncLevel set to 0 on reset
19:56:39.96   GameInfo::ResetInfo - SyncLevel set to 0 on reset
19:56:39.96   GameInfo::ResetInfo - SyncLevel set to 0 on reset
19:56:39.96   GameInfo::ResetInfo - SyncLevel set to 0 on reset
19:56:39.97   GameInfo::ResetInfo - SyncLevel set to 0 on reset
19:56:39.97   GameInfo::ResetInfo - SyncLevel set to 0 on reset
19:56:39.97   GameInfo::ResetInfo - SyncLevel set to 0 on reset
19:56:39.97   GameInfo::ResetInfo - SyncLevel set to 0 on reset
19:56:39.97   GameInfo::ResetInfo - SyncLevel set to 0 on reset
19:56:39.97   GameInfo::ResetInfo - SyncLevel set to 0 on reset
19:56:39.97   GameInfo::ResetInfo - SyncLevel set to 0 on reset
19:56:39.97   GameInfo::ResetInfo - SyncLevel set to 0 on reset
19:56:39.97   GameInfo::ResetInfo - SyncLevel set to 0 on reset
19:56:39.97   GameInfo::ResetInfo - SyncLevel set to 0 on reset
19:56:39.97   GameInfo::ResetInfo - SyncLevel set to 0 on reset
19:56:39.97   GameInfo::ResetInfo - SyncLevel set to 0 on reset
19:56:39.97   GameInfo::ResetInfo - SyncLevel set to 0 on reset
19:56:39.97   GameInfo::ResetInfo - SyncLevel set to 0 on reset
19:56:39.97   GameInfo::ResetInfo - SyncLevel set to 0 on reset
19:56:39.97   GameInfo::ResetInfo - SyncLevel set to 0 on reset
19:56:39.97   GameInfo::ResetInfo - SyncLevel set to 0 on reset
19:56:39.97   GameInfo::ResetInfo - SyncLevel set to 0 on reset
19:56:39.97   GameInfo::ResetInfo - SyncLevel set to 0 on reset
19:56:39.97   GameInfo::ResetInfo - SyncLevel set to 0 on reset
19:56:39.97   GameInfo::ResetInfo - SyncLevel set to 0 on reset
19:56:39.97   GameInfo::ResetInfo - SyncLevel set to 0 on reset
19:56:39.97   GameInfo::ResetInfo - SyncLevel set to 0 on reset
19:56:39.97   GameInfo::ResetInfo - SyncLevel set to 0 on reset
19:56:39.97   GameInfo::ResetInfo - SyncLevel set to 0 on reset
19:56:39.97   GameInfo::ResetInfo - SyncLevel set to 0 on reset
19:56:39.97   GameInfo::ResetInfo - SyncLevel set to 0 on reset
19:56:39.97   GameInfo::ResetInfo - SyncLevel set to 0 on reset
19:56:39.97   GameInfo::ResetInfo - SyncLevel set to 0 on reset
19:56:39.97   GameInfo::ResetInfo - SyncLevel set to 0 on reset
19:56:39.97   GameInfo::ResetInfo - SyncLevel set to 0 on reset
19:56:39.97   GameInfo::ResetInfo - SyncLevel set to 0 on reset
19:56:39.97   GameInfo::ResetInfo - SyncLevel set to 0 on reset
19:56:39.97   GameInfo::ResetInfo - SyncLevel set to 0 on reset
19:56:39.97   GameInfo::ResetInfo - SyncLevel set to 0 on reset
19:56:39.97   GameInfo::ResetInfo - SyncLevel set to 0 on reset
19:56:39.97   GameInfo::ResetInfo - SyncLevel set to 0 on reset
19:56:39.97   GameInfo::ResetInfo - SyncLevel set to 0 on reset
19:56:39.97   GameInfo::ResetInfo - SyncLevel set to 0 on reset
19:56:39.97   GameInfo::ResetInfo - SyncLevel set to 0 on reset
19:56:39.97   GameInfo::ResetInfo - SyncLevel set to 0 on reset
19:56:39.97   GameInfo::ResetInfo - SyncLevel set to 0 on reset
19:56:39.97   GameInfo::ResetInfo - SyncLevel set to 0 on reset
19:56:39.97   GameInfo::ResetInfo - SyncLevel set to 0 on reset
19:56:39.97   GameInfo::ResetInfo - SyncLevel set to 0 on reset
19:56:39.98   GameInfo::ResetInfo - SyncLevel set to 0 on reset
19:56:39.98   GameInfo::ResetInfo - SyncLevel set to 0 on reset
19:56:39.98   GameInfo::ResetInfo - SyncLevel set to 0 on reset
19:56:39.98   GameInfo::ResetInfo - SyncLevel set to 0 on reset
19:56:39.98   GameInfo::ResetInfo - SyncLevel set to 0 on reset
19:56:39.98   GameInfo::ResetInfo - SyncLevel set to 0 on reset
19:56:39.98   GameInfo::ResetInfo - SyncLevel set to 0 on reset
19:56:39.98   GameInfo::ResetInfo - SyncLevel set to 0 on reset
19:56:39.98   GameInfo::ResetInfo - SyncLevel set to 0 on reset
19:56:39.98   GameInfo::ResetInfo - SyncLevel set to 0 on reset
19:56:39.98   GameInfo::ResetInfo - SyncLevel set to 0 on reset
19:56:39.98   GameInfo::ResetInfo - SyncLevel set to 0 on reset
19:56:39.98   GameInfo::ResetInfo - SyncLevel set to 0 on reset
19:56:39.98   GameInfo::ResetInfo - SyncLevel set to 0 on reset
19:56:39.98   GameInfo::ResetInfo - SyncLevel set to 0 on reset
19:56:39.98   GAME -- Error reading header for recorded game PLAYBACK:4p_wolfheze20090305210256__[GameReplays.org].rec
19:56:39.98   GameInfo::ResetInfo - SyncLevel set to 0 on reset
19:56:39.98   GameInfo::ResetInfo - SyncLevel set to 0 on reset
19:56:39.98   GameInfo::ResetInfo - SyncLevel set to 0 on reset
19:56:39.98   GameInfo::ResetInfo - SyncLevel set to 0 on reset
19:56:39.98   GameInfo::ResetInfo - SyncLevel set to 0 on reset
19:56:39.98   GameInfo::ResetInfo - SyncLevel set to 0 on reset
19:56:39.98   GameInfo::ResetInfo - SyncLevel set to 0 on reset
19:56:39.98   GameInfo::ResetInfo - SyncLevel set to 0 on reset
19:56:39.98   GameInfo::ResetInfo - SyncLevel set to 0 on reset
19:56:39.98   GameInfo::ResetInfo - SyncLevel set to 0 on reset
19:56:39.98   GameInfo::ResetInfo - SyncLevel set to 0 on reset
19:56:39.98   GameInfo::ResetInfo - SyncLevel set to 0 on reset
19:56:39.98   GameInfo::ResetInfo - SyncLevel set to 0 on reset
19:56:39.98   GameInfo::ResetInfo - SyncLevel set to 0 on reset
19:56:39.98   GameInfo::ResetInfo - SyncLevel set to 0 on reset
19:56:39.98   GameInfo::ResetInfo - SyncLevel set to 0 on reset
19:56:39.98   GameInfo::ResetInfo - SyncLevel set to 0 on reset
19:56:39.98   GameInfo::ResetInfo - SyncLevel set to 0 on reset
19:56:39.98   GameInfo::ResetInfo - SyncLevel set to 0 on reset
19:56:39.98   GameInfo::ResetInfo - SyncLevel set to 0 on reset
19:56:39.98   GameInfo::ResetInfo - SyncLevel set to 0 on reset
19:56:39.98   GameInfo::ResetInfo - SyncLevel set to 0 on reset
19:56:39.98   GameInfo::ResetInfo - SyncLevel set to 0 on reset
19:56:39.98   GameInfo::ResetInfo - SyncLevel set to 0 on reset
19:56:39.98   GameInfo::ResetInfo - SyncLevel set to 0 on reset
19:56:39.98   GameInfo::ResetInfo - SyncLevel set to 0 on reset
19:56:39.99   GameInfo::ResetInfo - SyncLevel set to 0 on reset
19:56:39.99   GameInfo::ResetInfo - SyncLevel set to 0 on reset
19:56:39.99   GameInfo::ResetInfo - SyncLevel set to 0 on reset
19:56:39.99   GameInfo::ResetInfo - SyncLevel set to 0 on reset
19:56:39.99   GameInfo::ResetInfo - SyncLevel set to 0 on reset
19:56:39.99   GameInfo::ResetInfo - SyncLevel set to 0 on reset
19:56:39.99   GameInfo::ResetInfo - SyncLevel set to 0 on reset
19:56:39.99   GameInfo::ResetInfo - SyncLevel set to 0 on reset
19:56:39.99   GameInfo::ResetInfo - SyncLevel set to 0 on reset
19:56:39.99   GameInfo::ResetInfo - SyncLevel set to 0 on reset
19:56:39.99   GameInfo::ResetInfo - SyncLevel set to 0 on reset
19:56:39.99   GameInfo::ResetInfo - SyncLevel set to 0 on reset
19:56:39.99   GameInfo::ResetInfo - SyncLevel set to 0 on reset
19:56:39.99   GameInfo::ResetInfo - SyncLevel set to 0 on reset
19:56:39.99   GameInfo::ResetInfo - SyncLevel set to 0 on reset
19:56:39.99   GameInfo::ResetInfo - SyncLevel set to 0 on reset
19:56:39.99   GameInfo::ResetInfo - SyncLevel set to 0 on reset
19:56:39.99   GameInfo::ResetInfo - SyncLevel set to 0 on reset
19:56:39.99   GameInfo::ResetInfo - SyncLevel set to 0 on reset
19:56:39.99   GameInfo::ResetInfo - SyncLevel set to 0 on reset
19:56:39.99   GameInfo::ResetInfo - SyncLevel set to 0 on reset
19:56:39.99   GameInfo::ResetInfo - SyncLevel set to 0 on reset
19:56:39.99   GameInfo::ResetInfo - SyncLevel set to 0 on reset
19:56:39.99   GameInfo::ResetInfo - SyncLevel set to 0 on reset
19:56:39.99   GameInfo::ResetInfo - SyncLevel set to 0 on reset
19:56:39.99   GameInfo::ResetInfo - SyncLevel set to 0 on reset
19:56:39.99   GameInfo::ResetInfo - SyncLevel set to 0 on reset
19:56:39.99   GameInfo::ResetInfo - SyncLevel set to 0 on reset
19:56:39.99   GameInfo::ResetInfo - SyncLevel set to 0 on reset
19:56:39.99   GameInfo::ResetInfo - SyncLevel set to 0 on reset
19:56:39.99   GameInfo::ResetInfo - SyncLevel set to 0 on reset
19:56:39.99   GameInfo::ResetInfo - SyncLevel set to 0 on reset
19:56:39.99   GameInfo::ResetInfo - SyncLevel set to 0 on reset
19:56:39.99   GameInfo::ResetInfo - SyncLevel set to 0 on reset
19:56:40.00   GameInfo::ResetInfo - SyncLevel set to 0 on reset
19:56:40.00   GameInfo::ResetInfo - SyncLevel set to 0 on reset
19:56:40.00   GameInfo::ResetInfo - SyncLevel set to 0 on reset
19:56:40.00   GameInfo::ResetInfo - SyncLevel set to 0 on reset
19:56:40.00   GameInfo::ResetInfo - SyncLevel set to 0 on reset
19:56:40.00   GameInfo::ResetInfo - SyncLevel set to 0 on reset
19:56:40.00   GameInfo::ResetInfo - SyncLevel set to 0 on reset
19:56:40.00   GameInfo::ResetInfo - SyncLevel set to 0 on reset
19:56:40.00   GameInfo::ResetInfo - SyncLevel set to 0 on reset
19:56:40.00   GameInfo::ResetInfo - SyncLevel set to 0 on reset
19:56:40.00   GameInfo::ResetInfo - SyncLevel set to 0 on reset
19:56:40.00   GameInfo::ResetInfo - SyncLevel set to 0 on reset
19:56:40.00   GameInfo::ResetInfo - SyncLevel set to 0 on reset
19:56:40.00   GameInfo::ResetInfo - SyncLevel set to 0 on reset
19:56:40.00   GameInfo::ResetInfo - SyncLevel set to 0 on reset
19:56:40.00   GameInfo::ResetInfo - SyncLevel set to 0 on reset
19:56:40.00   GameInfo::ResetInfo - SyncLevel set to 0 on reset
19:56:40.00   GameInfo::ResetInfo - SyncLevel set to 0 on reset
19:56:40.00   GameInfo::ResetInfo - SyncLevel set to 0 on reset
19:56:40.00   GameInfo::ResetInfo - SyncLevel set to 0 on reset
19:56:40.00   GameInfo::ResetInfo - SyncLevel set to 0 on reset
19:56:40.00   GameInfo::ResetInfo - SyncLevel set to 0 on reset
19:56:40.00   GameInfo::ResetInfo - SyncLevel set to 0 on reset
19:56:40.00   GameInfo::ResetInfo - SyncLevel set to 0 on reset
19:56:40.00   GameInfo::ResetInfo - SyncLevel set to 0 on reset
19:56:40.00   GameInfo::ResetInfo - SyncLevel set to 0 on reset
19:56:40.00   GameInfo::ResetInfo - SyncLevel set to 0 on reset
19:56:40.00   GameInfo::ResetInfo - SyncLevel set to 0 on reset
19:56:40.00   GameInfo::ResetInfo - SyncLevel set to 0 on reset
19:56:40.00   GameInfo::ResetInfo - SyncLevel set to 0 on reset
19:56:40.01   GameInfo::ResetInfo - SyncLevel set to 0 on reset
19:56:40.01   GameInfo::ResetInfo - SyncLevel set to 0 on reset
19:56:40.01   GameInfo::ResetInfo - SyncLevel set to 0 on reset
19:56:40.01   GameInfo::ResetInfo - SyncLevel set to 0 on reset
19:56:40.01   GameInfo::ResetInfo - SyncLevel set to 0 on reset
19:56:40.01   GameInfo::ResetInfo - SyncLevel set to 0 on reset
19:56:40.01   GameInfo::ResetInfo - SyncLevel set to 0 on reset
19:56:40.01   GameInfo::ResetInfo - SyncLevel set to 0 on reset
19:56:40.01   GameInfo::ResetInfo - SyncLevel set to 0 on reset
19:56:40.01   GameInfo::ResetInfo - SyncLevel set to 0 on reset
19:56:40.01   GameInfo::ResetInfo - SyncLevel set to 0 on reset
19:56:40.01   GameInfo::ResetInfo - SyncLevel set to 0 on reset
19:56:40.01   GameInfo::ResetInfo - SyncLevel set to 0 on reset
19:56:40.01   GameInfo::ResetInfo - SyncLevel set to 0 on reset
19:56:40.01   GameInfo::ResetInfo - SyncLevel set to 0 on reset
19:56:40.01   GameInfo::ResetInfo - SyncLevel set to 0 on reset
19:56:40.01   GameInfo::ResetInfo - SyncLevel set to 0 on reset
19:56:40.01   GameInfo::ResetInfo - SyncLevel set to 0 on reset
19:56:40.01   GameInfo::ResetInfo - SyncLevel set to 0 on reset
19:56:40.01   GameInfo::ResetInfo - SyncLevel set to 0 on reset
19:56:40.01   GameInfo::ResetInfo - SyncLevel set to 0 on reset
19:56:40.01   GameInfo::ResetInfo - SyncLevel set to 0 on reset
19:56:40.01   GameInfo::ResetInfo - SyncLevel set to 0 on reset
19:56:40.01   GameInfo::ResetInfo - SyncLevel set to 0 on reset
19:56:40.01   GameInfo::ResetInfo - SyncLevel set to 0 on reset
19:56:40.01   GameInfo::ResetInfo - SyncLevel set to 0 on reset
19:56:40.01   GameInfo::ResetInfo - SyncLevel set to 0 on reset
19:56:40.01   GameInfo::ResetInfo - SyncLevel set to 0 on reset
19:56:40.01   GameInfo::ResetInfo - SyncLevel set to 0 on reset
19:56:40.01   GameInfo::ResetInfo - SyncLevel set to 0 on reset
19:56:40.02   GameInfo::ResetInfo - SyncLevel set to 0 on reset
19:56:40.02   GameInfo::ResetInfo - SyncLevel set to 0 on reset
19:56:40.02   GameInfo::ResetInfo - SyncLevel set to 0 on reset
19:56:40.02   GameInfo::ResetInfo - SyncLevel set to 0 on reset
19:56:40.02   GameInfo::ResetInfo - SyncLevel set to 0 on reset
19:56:40.02   GameInfo::ResetInfo - SyncLevel set to 0 on reset
19:56:40.02   GameInfo::ResetInfo - SyncLevel set to 0 on reset
19:56:40.02   GameInfo::ResetInfo - SyncLevel set to 0 on reset
19:56:40.02   GameInfo::ResetInfo - SyncLevel set to 0 on reset
19:56:40.02   GameInfo::ResetInfo - SyncLevel set to 0 on reset
19:56:40.02   GameInfo::ResetInfo - SyncLevel set to 0 on reset
19:56:40.02   GameInfo::ResetInfo - SyncLevel set to 0 on reset
19:56:40.02   GameInfo::ResetInfo - SyncLevel set to 0 on reset
19:56:40.02   GameInfo::ResetInfo - SyncLevel set to 0 on reset
19:56:40.02   GameInfo::ResetInfo - SyncLevel set to 0 on reset
19:56:40.02   GameInfo::ResetInfo - SyncLevel set to 0 on reset
19:56:40.02   GameInfo::ResetInfo - SyncLevel set to 0 on reset
19:56:40.02   GameInfo::ResetInfo - SyncLevel set to 0 on reset
19:56:40.02   GameInfo::ResetInfo - SyncLevel set to 0 on reset
19:56:40.02   GameInfo::ResetInfo - SyncLevel set to 0 on reset
19:56:40.02   GameInfo::ResetInfo - SyncLevel set to 0 on reset
19:56:40.02   GameInfo::ResetInfo - SyncLevel set to 0 on reset
19:56:40.02   GameInfo::ResetInfo - SyncLevel set to 0 on reset
19:56:40.02   GameInfo::ResetInfo - SyncLevel set to 0 on reset
19:56:40.02   GameInfo::ResetInfo - SyncLevel set to 0 on reset
19:56:40.02   GameInfo::ResetInfo - SyncLevel set to 0 on reset
19:56:40.02   GameInfo::ResetInfo - SyncLevel set to 0 on reset
19:56:40.02   GameInfo::ResetInfo - SyncLevel set to 0 on reset
19:56:40.02   GameInfo::ResetInfo - SyncLevel set to 0 on reset
19:56:40.02   GameInfo::ResetInfo - SyncLevel set to 0 on reset
19:56:40.03   GameInfo::ResetInfo - SyncLevel set to 0 on reset
19:56:40.03   GameInfo::ResetInfo - SyncLevel set to 0 on reset
19:56:40.03   GameInfo::ResetInfo - SyncLevel set to 0 on reset
19:56:40.03   GameInfo::ResetInfo - SyncLevel set to 0 on reset
19:56:40.03   GameInfo::ResetInfo - SyncLevel set to 0 on reset
19:56:40.03   GameInfo::ResetInfo - SyncLevel set to 0 on reset
19:56:40.03   GameInfo::ResetInfo - SyncLevel set to 0 on reset
19:56:40.03   GameInfo::ResetInfo - SyncLevel set to 0 on reset
19:56:40.03   GameInfo::ResetInfo - SyncLevel set to 0 on reset
19:56:40.03   GameInfo::ResetInfo - SyncLevel set to 0 on reset
19:56:40.03   GameInfo::ResetInfo - SyncLevel set to 0 on reset
19:56:40.03   GameInfo::ResetInfo - SyncLevel set to 0 on reset
19:56:40.03   GameInfo::ResetInfo - SyncLevel set to 0 on reset
19:56:40.03   GameInfo::ResetInfo - SyncLevel set to 0 on reset
19:56:40.03   GameInfo::ResetInfo - SyncLevel set to 0 on reset
19:56:40.03   GameInfo::ResetInfo - SyncLevel set to 0 on reset
19:56:40.03   GameInfo::ResetInfo - SyncLevel set to 0 on reset
19:56:40.03   GameInfo::ResetInfo - SyncLevel set to 0 on reset
19:56:40.03   GameInfo::ResetInfo - SyncLevel set to 0 on reset
19:56:40.03   GameInfo::ResetInfo - SyncLevel set to 0 on reset
19:56:40.03   GameInfo::ResetInfo - SyncLevel set to 0 on reset
19:56:40.03   GameInfo::ResetInfo - SyncLevel set to 0 on reset
19:56:40.03   GameInfo::ResetInfo - SyncLevel set to 0 on reset
19:56:40.03   GameInfo::ResetInfo - SyncLevel set to 0 on reset
19:56:40.03   GameInfo::ResetInfo - SyncLevel set to 0 on reset
19:56:40.03   GameInfo::ResetInfo - SyncLevel set to 0 on reset
19:56:40.03   GameInfo::ResetInfo - SyncLevel set to 0 on reset
19:56:40.03   GameInfo::ResetInfo - SyncLevel set to 0 on reset
19:56:40.03   GameInfo::ResetInfo - SyncLevel set to 0 on reset
19:56:40.03   GAME -- Error reading header for recorded game PLAYBACK:6p_close_river_combat.2018-01-28.00-37-43.rec
19:56:40.03   GameInfo::ResetInfo - SyncLevel set to 0 on reset
19:56:40.03   GameInfo::ResetInfo - SyncLevel set to 0 on reset
19:56:40.03   GAME -- Error reading header for recorded game PLAYBACK:6p_close_river_combat.2018-01-31.23-35-59.rec
19:56:40.03   GameInfo::ResetInfo - SyncLevel set to 0 on reset
19:56:40.03   GameInfo::ResetInfo - SyncLevel set to 0 on reset
19:56:40.03   GameInfo::ResetInfo - SyncLevel set to 0 on reset
19:56:40.03   GameInfo::ResetInfo - SyncLevel set to 0 on reset
19:56:40.03   GameInfo::ResetInfo - SyncLevel set to 0 on reset
19:56:40.04   GameInfo::ResetInfo - SyncLevel set to 0 on reset
19:56:40.04   GameInfo::ResetInfo - SyncLevel set to 0 on reset
19:56:40.04   GameInfo::ResetInfo - SyncLevel set to 0 on reset
19:56:40.04   GameInfo::ResetInfo - SyncLevel set to 0 on reset
19:56:40.04   GameInfo::ResetInfo - SyncLevel set to 0 on reset
19:56:40.04   GameInfo::ResetInfo - SyncLevel set to 0 on reset
19:56:40.04   GameInfo::ResetInfo - SyncLevel set to 0 on reset
19:56:40.04   GameInfo::ResetInfo - SyncLevel set to 0 on reset
19:56:40.04   GameInfo::ResetInfo - SyncLevel set to 0 on reset
19:56:40.04   GameInfo::ResetInfo - SyncLevel set to 0 on reset
19:56:40.04   GameInfo::ResetInfo - SyncLevel set to 0 on reset
19:56:40.04   GameInfo::ResetInfo - SyncLevel set to 0 on reset
19:56:40.04   GameInfo::ResetInfo - SyncLevel set to 0 on reset
19:56:40.04   GameInfo::ResetInfo - SyncLevel set to 0 on reset
19:56:40.04   GameInfo::ResetInfo - SyncLevel set to 0 on reset
19:56:40.04   GameInfo::ResetInfo - SyncLevel set to 0 on reset
19:56:40.04   GameInfo::ResetInfo - SyncLevel set to 0 on reset
19:56:40.04   GameInfo::ResetInfo - SyncLevel set to 0 on reset
19:56:40.04   GameInfo::ResetInfo - SyncLevel set to 0 on reset
19:56:40.04   GameInfo::ResetInfo - SyncLevel set to 0 on reset
19:56:40.04   GameInfo::ResetInfo - SyncLevel set to 0 on reset
19:56:40.04   GameInfo::ResetInfo - SyncLevel set to 0 on reset
19:56:40.04   GameInfo::ResetInfo - SyncLevel set to 0 on reset
19:56:40.04   GameInfo::ResetInfo - SyncLevel set to 0 on reset
19:56:40.04   GameInfo::ResetInfo - SyncLevel set to 0 on reset
19:56:40.04   GameInfo::ResetInfo - SyncLevel set to 0 on reset
19:56:40.04   GameInfo::ResetInfo - SyncLevel set to 0 on reset
19:56:40.04   GameInfo::ResetInfo - SyncLevel set to 0 on reset
19:56:40.04   GameInfo::ResetInfo - SyncLevel set to 0 on reset
19:56:40.04   GameInfo::ResetInfo - SyncLevel set to 0 on reset
19:56:40.04   GameInfo::ResetInfo - SyncLevel set to 0 on reset
19:56:40.04   GameInfo::ResetInfo - SyncLevel set to 0 on reset
19:56:40.04   GameInfo::ResetInfo - SyncLevel set to 0 on reset
19:56:40.04   GameInfo::ResetInfo - SyncLevel set to 0 on reset
19:56:40.05   GameInfo::ResetInfo - SyncLevel set to 0 on reset
19:56:40.05   GameInfo::ResetInfo - SyncLevel set to 0 on reset
19:56:40.05   GameInfo::ResetInfo - SyncLevel set to 0 on reset
19:56:40.05   GameInfo::ResetInfo - SyncLevel set to 0 on reset
19:56:40.05   GameInfo::ResetInfo - SyncLevel set to 0 on reset
19:56:40.05   GameInfo::ResetInfo - SyncLevel set to 0 on reset
19:56:40.05   GameInfo::ResetInfo - SyncLevel set to 0 on reset
19:56:40.05   GameInfo::ResetInfo - SyncLevel set to 0 on reset
19:56:40.05   GameInfo::ResetInfo - SyncLevel set to 0 on reset
19:56:40.05   GameInfo::ResetInfo - SyncLevel set to 0 on reset
19:56:40.05   GameInfo::ResetInfo - SyncLevel set to 0 on reset
19:56:40.05   GameInfo::ResetInfo - SyncLevel set to 0 on reset
19:56:40.05   GameInfo::ResetInfo - SyncLevel set to 0 on reset
19:56:40.05   GameInfo::ResetInfo - SyncLevel set to 0 on reset
19:56:40.05   GameInfo::ResetInfo - SyncLevel set to 0 on reset
19:56:40.05   GameInfo::ResetInfo - SyncLevel set to 0 on reset
19:56:40.05   GameInfo::ResetInfo - SyncLevel set to 0 on reset
19:56:40.05   GameInfo::ResetInfo - SyncLevel set to 0 on reset
19:56:40.05   GameInfo::ResetInfo - SyncLevel set to 0 on reset
19:56:40.05   GameInfo::ResetInfo - SyncLevel set to 0 on reset
19:56:40.05   GameInfo::ResetInfo - SyncLevel set to 0 on reset
19:56:40.05   GameInfo::ResetInfo - SyncLevel set to 0 on reset
19:56:40.05   GameInfo::ResetInfo - SyncLevel set to 0 on reset
19:56:40.05   GameInfo::ResetInfo - SyncLevel set to 0 on reset
19:56:40.05   GameInfo::ResetInfo - SyncLevel set to 0 on reset
19:56:40.05   GameInfo::ResetInfo - SyncLevel set to 0 on reset
19:56:40.05   GameInfo::ResetInfo - SyncLevel set to 0 on reset
19:56:40.05   GameInfo::ResetInfo - SyncLevel set to 0 on reset
19:56:40.05   GameInfo::ResetInfo - SyncLevel set to 0 on reset
19:56:40.05   GameInfo::ResetInfo - SyncLevel set to 0 on reset
19:56:40.05   GameInfo::ResetInfo - SyncLevel set to 0 on reset
19:56:40.05   GameInfo::ResetInfo - SyncLevel set to 0 on reset
19:56:40.05   GameInfo::ResetInfo - SyncLevel set to 0 on reset
19:56:40.05   GameInfo::ResetInfo - SyncLevel set to 0 on reset
19:56:40.05   GameInfo::ResetInfo - SyncLevel set to 0 on reset
19:56:40.05   GameInfo::ResetInfo - SyncLevel set to 0 on reset
19:56:40.06   GameInfo::ResetInfo - SyncLevel set to 0 on reset
19:56:40.06   GameInfo::ResetInfo - SyncLevel set to 0 on reset
19:56:40.06   GameInfo::ResetInfo - SyncLevel set to 0 on reset
19:56:40.06   GameInfo::ResetInfo - SyncLevel set to 0 on reset
19:56:40.06   GameInfo::ResetInfo - SyncLevel set to 0 on reset
19:56:40.06   GameInfo::ResetInfo - SyncLevel set to 0 on reset
19:56:40.06   GameInfo::ResetInfo - SyncLevel set to 0 on reset
19:56:40.06   GameInfo::ResetInfo - SyncLevel set to 0 on reset
19:56:40.06   GameInfo::ResetInfo - SyncLevel set to 0 on reset
19:56:40.06   GameInfo::ResetInfo - SyncLevel set to 0 on reset
19:56:40.06   GameInfo::ResetInfo - SyncLevel set to 0 on reset
19:56:40.06   GameInfo::ResetInfo - SyncLevel set to 0 on reset
19:56:40.06   GameInfo::ResetInfo - SyncLevel set to 0 on reset
19:56:40.06   GameInfo::ResetInfo - SyncLevel set to 0 on reset
19:56:40.06   GameInfo::ResetInfo - SyncLevel set to 0 on reset
19:56:40.06   GameInfo::ResetInfo - SyncLevel set to 0 on reset
19:56:40.06   GameInfo::ResetInfo - SyncLevel set to 0 on reset
19:56:40.06   GameInfo::ResetInfo - SyncLevel set to 0 on reset
19:56:40.06   GameInfo::ResetInfo - SyncLevel set to 0 on reset
19:56:40.06   GameInfo::ResetInfo - SyncLevel set to 0 on reset
19:56:40.06   GameInfo::ResetInfo - SyncLevel set to 0 on reset
19:56:40.06   GameInfo::ResetInfo - SyncLevel set to 0 on reset
19:56:40.06   GameInfo::ResetInfo - SyncLevel set to 0 on reset
19:56:40.06   GameInfo::ResetInfo - SyncLevel set to 0 on reset
19:56:40.06   GameInfo::ResetInfo - SyncLevel set to 0 on reset
19:56:40.06   GameInfo::ResetInfo - SyncLevel set to 0 on reset
19:56:40.06   GameInfo::ResetInfo - SyncLevel set to 0 on reset
19:56:40.06   GameInfo::ResetInfo - SyncLevel set to 0 on reset
19:56:40.06   GameInfo::ResetInfo - SyncLevel set to 0 on reset
19:56:40.06   GameInfo::ResetInfo - SyncLevel set to 0 on reset
19:56:40.06   GameInfo::ResetInfo - SyncLevel set to 0 on reset
19:56:40.06   GameInfo::ResetInfo - SyncLevel set to 0 on reset
19:56:40.06   GameInfo::ResetInfo - SyncLevel set to 0 on reset
19:56:40.06   GameInfo::ResetInfo - SyncLevel set to 0 on reset
19:56:40.06   GameInfo::ResetInfo - SyncLevel set to 0 on reset
19:56:40.06   GameInfo::ResetInfo - SyncLevel set to 0 on reset
19:56:40.06   GameInfo::ResetInfo - SyncLevel set to 0 on reset
19:56:40.06   GameInfo::ResetInfo - SyncLevel set to 0 on reset
19:56:40.06   GameInfo::ResetInfo - SyncLevel set to 0 on reset
19:56:40.07   GameInfo::ResetInfo - SyncLevel set to 0 on reset
19:56:40.07   GameInfo::ResetInfo - SyncLevel set to 0 on reset
19:56:40.07   GameInfo::ResetInfo - SyncLevel set to 0 on reset
19:56:40.07   GameInfo::ResetInfo - SyncLevel set to 0 on reset
19:56:40.07   GameInfo::ResetInfo - SyncLevel set to 0 on reset
19:56:40.07   GameInfo::ResetInfo - SyncLevel set to 0 on reset
19:56:40.07   GameInfo::ResetInfo - SyncLevel set to 0 on reset
19:56:40.07   GameInfo::ResetInfo - SyncLevel set to 0 on reset
19:56:40.07   GameInfo::ResetInfo - SyncLevel set to 0 on reset
19:56:40.07   GameInfo::ResetInfo - SyncLevel set to 0 on reset
19:56:40.07   GameInfo::ResetInfo - SyncLevel set to 0 on reset
19:56:40.07   GameInfo::ResetInfo - SyncLevel set to 0 on reset
19:56:40.07   GameInfo::ResetInfo - SyncLevel set to 0 on reset
19:56:40.07   GameInfo::ResetInfo - SyncLevel set to 0 on reset
19:56:40.07   GameInfo::ResetInfo - SyncLevel set to 0 on reset
19:56:40.07   GameInfo::ResetInfo - SyncLevel set to 0 on reset
19:56:40.07   GameInfo::ResetInfo - SyncLevel set to 0 on reset
19:56:40.07   GameInfo::ResetInfo - SyncLevel set to 0 on reset
19:56:40.07   GameInfo::ResetInfo - SyncLevel set to 0 on reset
19:56:40.07   GameInfo::ResetInfo - SyncLevel set to 0 on reset
19:56:40.07   GameInfo::ResetInfo - SyncLevel set to 0 on reset
19:56:40.07   GameInfo::ResetInfo - SyncLevel set to 0 on reset
19:56:40.07   GameInfo::ResetInfo - SyncLevel set to 0 on reset
19:56:40.07   GameInfo::ResetInfo - SyncLevel set to 0 on reset
19:56:40.07   GameInfo::ResetInfo - SyncLevel set to 0 on reset
19:56:40.07   GameInfo::ResetInfo - SyncLevel set to 0 on reset
19:56:40.07   GameInfo::ResetInfo - SyncLevel set to 0 on reset
19:56:40.07   GameInfo::ResetInfo - SyncLevel set to 0 on reset
19:56:40.07   GameInfo::ResetInfo - SyncLevel set to 0 on reset
19:56:40.07   GameInfo::ResetInfo - SyncLevel set to 0 on reset
19:56:40.08   GameInfo::ResetInfo - SyncLevel set to 0 on reset
19:56:40.08   GameInfo::ResetInfo - SyncLevel set to 0 on reset
19:56:40.08   GameInfo::ResetInfo - SyncLevel set to 0 on reset
19:56:40.08   GameInfo::ResetInfo - SyncLevel set to 0 on reset
19:56:40.08   GameInfo::ResetInfo - SyncLevel set to 0 on reset
19:56:40.08   GameInfo::ResetInfo - SyncLevel set to 0 on reset
19:56:40.08   GameInfo::ResetInfo - SyncLevel set to 0 on reset
19:56:40.08   GameInfo::ResetInfo - SyncLevel set to 0 on reset
19:56:40.08   GameInfo::ResetInfo - SyncLevel set to 0 on reset
19:56:40.08   GameInfo::ResetInfo - SyncLevel set to 0 on reset
19:56:40.08   GameInfo::ResetInfo - SyncLevel set to 0 on reset
19:56:40.08   GameInfo::ResetInfo - SyncLevel set to 0 on reset
19:56:40.08   GameInfo::ResetInfo - SyncLevel set to 0 on reset
19:56:40.08   GameInfo::ResetInfo - SyncLevel set to 0 on reset
19:56:40.08   GameInfo::ResetInfo - SyncLevel set to 0 on reset
19:56:40.08   GameInfo::ResetInfo - SyncLevel set to 0 on reset
19:56:40.08   GameInfo::ResetInfo - SyncLevel set to 0 on reset
19:56:40.08   GameInfo::ResetInfo - SyncLevel set to 0 on reset
19:56:40.08   GameInfo::ResetInfo - SyncLevel set to 0 on reset
19:56:40.08   GameInfo::ResetInfo - SyncLevel set to 0 on reset
19:56:40.08   GameInfo::ResetInfo - SyncLevel set to 0 on reset
19:56:40.08   GameInfo::ResetInfo - SyncLevel set to 0 on reset
19:56:40.08   GameInfo::ResetInfo - SyncLevel set to 0 on reset
19:56:40.08   GameInfo::ResetInfo - SyncLevel set to 0 on reset
19:56:40.08   GameInfo::ResetInfo - SyncLevel set to 0 on reset
19:56:40.08   GameInfo::ResetInfo - SyncLevel set to 0 on reset
19:56:40.08   GameInfo::ResetInfo - SyncLevel set to 0 on reset
19:56:40.08   GameInfo::ResetInfo - SyncLevel set to 0 on reset
19:56:40.08   GameInfo::ResetInfo - SyncLevel set to 0 on reset
19:56:40.08   GameInfo::ResetInfo - SyncLevel set to 0 on reset
19:56:40.08   GameInfo::ResetInfo - SyncLevel set to 0 on reset
19:56:40.08   GameInfo::ResetInfo - SyncLevel set to 0 on reset
19:56:40.09   GameInfo::ResetInfo - SyncLevel set to 0 on reset
19:56:40.09   GameInfo::ResetInfo - SyncLevel set to 0 on reset
19:56:40.09   GameInfo::ResetInfo - SyncLevel set to 0 on reset
19:56:40.09   GameInfo::ResetInfo - SyncLevel set to 0 on reset
19:56:40.09   GameInfo::ResetInfo - SyncLevel set to 0 on reset
19:56:40.09   GameInfo::ResetInfo - SyncLevel set to 0 on reset
19:56:40.09   GameInfo::ResetInfo - SyncLevel set to 0 on reset
19:56:40.09   GameInfo::ResetInfo - SyncLevel set to 0 on reset
19:56:40.09   GameInfo::ResetInfo - SyncLevel set to 0 on reset
19:56:40.09   GameInfo::ResetInfo - SyncLevel set to 0 on reset
19:56:40.09   GameInfo::ResetInfo - SyncLevel set to 0 on reset
19:56:40.09   GameInfo::ResetInfo - SyncLevel set to 0 on reset
19:56:40.09   GameInfo::ResetInfo - SyncLevel set to 0 on reset
19:56:40.09   GameInfo::ResetInfo - SyncLevel set to 0 on reset
19:56:40.09   GameInfo::ResetInfo - SyncLevel set to 0 on reset
19:56:40.09   GameInfo::ResetInfo - SyncLevel set to 0 on reset
19:56:40.09   GameInfo::ResetInfo - SyncLevel set to 0 on reset
19:56:40.09   GameInfo::ResetInfo - SyncLevel set to 0 on reset
19:56:40.09   GameInfo::ResetInfo - SyncLevel set to 0 on reset
19:56:40.09   GameInfo::ResetInfo - SyncLevel set to 0 on reset
19:56:40.09   GameInfo::ResetInfo - SyncLevel set to 0 on reset
19:56:40.09   GameInfo::ResetInfo - SyncLevel set to 0 on reset
19:56:40.09   GameInfo::ResetInfo - SyncLevel set to 0 on reset
19:56:40.09   GameInfo::ResetInfo - SyncLevel set to 0 on reset
19:56:40.09   GameInfo::ResetInfo - SyncLevel set to 0 on reset
19:56:40.09   GameInfo::ResetInfo - SyncLevel set to 0 on reset
19:56:40.09   GameInfo::ResetInfo - SyncLevel set to 0 on reset
19:56:40.09   GameInfo::ResetInfo - SyncLevel set to 0 on reset
19:56:40.09   GameInfo::ResetInfo - SyncLevel set to 0 on reset
19:56:40.09   GameInfo::ResetInfo - SyncLevel set to 0 on reset
19:56:40.09   GameInfo::ResetInfo - SyncLevel set to 0 on reset
19:56:40.09   GameInfo::ResetInfo - SyncLevel set to 0 on reset
19:56:40.09   GameInfo::ResetInfo - SyncLevel set to 0 on reset
19:56:40.09   GameInfo::ResetInfo - SyncLevel set to 0 on reset
19:56:40.09   GameInfo::ResetInfo - SyncLevel set to 0 on reset
19:56:40.09   GameInfo::ResetInfo - SyncLevel set to 0 on reset
19:56:40.10   GameInfo::ResetInfo - SyncLevel set to 0 on reset
19:56:40.10   GameInfo::ResetInfo - SyncLevel set to 0 on reset
19:56:40.10   GameInfo::ResetInfo - SyncLevel set to 0 on reset
19:56:40.10   GameInfo::ResetInfo - SyncLevel set to 0 on reset
19:56:40.10   GameInfo::ResetInfo - SyncLevel set to 0 on reset
19:56:40.10   GameInfo::ResetInfo - SyncLevel set to 0 on reset
19:56:40.10   GameInfo::ResetInfo - SyncLevel set to 0 on reset
19:56:40.10   GameInfo::ResetInfo - SyncLevel set to 0 on reset
19:56:40.10   GameInfo::ResetInfo - SyncLevel set to 0 on reset
19:56:40.10   GameInfo::ResetInfo - SyncLevel set to 0 on reset
19:56:40.10   GameInfo::ResetInfo - SyncLevel set to 0 on reset
19:56:40.10   GameInfo::ResetInfo - SyncLevel set to 0 on reset
19:56:40.10   GameInfo::ResetInfo - SyncLevel set to 0 on reset
19:56:40.10   GameInfo::ResetInfo - SyncLevel set to 0 on reset
19:56:40.10   GameInfo::ResetInfo - SyncLevel set to 0 on reset
19:56:40.10   GameInfo::ResetInfo - SyncLevel set to 0 on reset
19:56:40.10   GameInfo::ResetInfo - SyncLevel set to 0 on reset
19:56:40.10   GameInfo::ResetInfo - SyncLevel set to 0 on reset
19:56:40.10   GameInfo::ResetInfo - SyncLevel set to 0 on reset
19:56:40.10   GameInfo::ResetInfo - SyncLevel set to 0 on reset
19:56:40.10   GameInfo::ResetInfo - SyncLevel set to 0 on reset
19:56:40.10   GameInfo::ResetInfo - SyncLevel set to 0 on reset
19:56:40.10   GameInfo::ResetInfo - SyncLevel set to 0 on reset
19:56:40.10   GameInfo::ResetInfo - SyncLevel set to 0 on reset
19:56:40.10   GameInfo::ResetInfo - SyncLevel set to 0 on reset
19:56:40.10   GameInfo::ResetInfo - SyncLevel set to 0 on reset
19:56:40.10   GameInfo::ResetInfo - SyncLevel set to 0 on reset
19:56:40.10   GameInfo::ResetInfo - SyncLevel set to 0 on reset
19:56:40.10   GameInfo::ResetInfo - SyncLevel set to 0 on reset
19:56:40.10   GameInfo::ResetInfo - SyncLevel set to 0 on reset
19:56:40.10   GameInfo::ResetInfo - SyncLevel set to 0 on reset
19:56:40.10   GameInfo::ResetInfo - SyncLevel set to 0 on reset
19:56:40.10   GameInfo::ResetInfo - SyncLevel set to 0 on reset
19:56:40.10   GameInfo::ResetInfo - SyncLevel set to 0 on reset
19:56:40.11   GameInfo::ResetInfo - SyncLevel set to 0 on reset
19:56:40.11   GameInfo::ResetInfo - SyncLevel set to 0 on reset
19:56:40.11   GameInfo::ResetInfo - SyncLevel set to 0 on reset
19:56:40.11   GameInfo::ResetInfo - SyncLevel set to 0 on reset
19:56:40.11   GameInfo::ResetInfo - SyncLevel set to 0 on reset
19:56:40.11   GameInfo::ResetInfo - SyncLevel set to 0 on reset
19:56:40.11   GameInfo::ResetInfo - SyncLevel set to 0 on reset
19:56:40.11   GameInfo::ResetInfo - SyncLevel set to 0 on reset
19:56:40.11   GameInfo::ResetInfo - SyncLevel set to 0 on reset
19:56:40.11   GameInfo::ResetInfo - SyncLevel set to 0 on reset
19:56:40.11   GameInfo::ResetInfo - SyncLevel set to 0 on reset
19:56:40.11   GameInfo::ResetInfo - SyncLevel set to 0 on reset
19:56:40.11   GameInfo::ResetInfo - SyncLevel set to 0 on reset
19:56:40.11   GameInfo::ResetInfo - SyncLevel set to 0 on reset
19:56:40.11   GameInfo::ResetInfo - SyncLevel set to 0 on reset
19:56:40.11   GameInfo::ResetInfo - SyncLevel set to 0 on reset
19:56:40.11   GameInfo::ResetInfo - SyncLevel set to 0 on reset
19:56:40.11   GameInfo::ResetInfo - SyncLevel set to 0 on reset
19:56:40.11   GameInfo::ResetInfo - SyncLevel set to 0 on reset
19:56:40.11   GameInfo::ResetInfo - SyncLevel set to 0 on reset
19:56:40.11   GameInfo::ResetInfo - SyncLevel set to 0 on reset
19:56:40.11   GameInfo::ResetInfo - SyncLevel set to 0 on reset
19:56:40.11   GameInfo::ResetInfo - SyncLevel set to 0 on reset
19:56:40.11   GameInfo::ResetInfo - SyncLevel set to 0 on reset
19:56:40.11   GAME -- Error reading header for recorded game PLAYBACK:8P SEMOIS REMASTERED 07.2021-03-27.02-50-45.rec
19:56:40.11   GameInfo::ResetInfo - SyncLevel set to 0 on reset
19:56:40.11   GameInfo::ResetInfo - SyncLevel set to 0 on reset
19:56:40.11   GameInfo::ResetInfo - SyncLevel set to 0 on reset
19:56:40.11   GAME -- Error reading header for recorded game PLAYBACK:8P SEMOIS REMASTERED 07.2021-03-27.03-39-59.rec
19:56:40.11   GameInfo::ResetInfo - SyncLevel set to 0 on reset
19:56:40.11   GameInfo::ResetInfo - SyncLevel set to 0 on reset
19:56:40.11   GameInfo::ResetInfo - SyncLevel set to 0 on reset
19:56:40.11   GAME -- Error reading header for recorded game PLAYBACK:8P SEMOIS REMASTERED 07.2021-03-31.03-23-44.rec
19:56:40.11   GameInfo::ResetInfo - SyncLevel set to 0 on reset
19:56:40.11   GameInfo::ResetInfo - SyncLevel set to 0 on reset
19:56:40.11   GameInfo::ResetInfo - SyncLevel set to 0 on reset
19:56:40.11   GAME -- Error reading header for recorded game PLAYBACK:8P SEMOIS REMASTERED 07.2021-04-28.02-52-08.rec
19:56:40.11   GameInfo::ResetInfo - SyncLevel set to 0 on reset
19:56:40.11   GameInfo::ResetInfo - SyncLevel set to 0 on reset
19:56:40.11   GameInfo::ResetInfo - SyncLevel set to 0 on reset
19:56:40.12   GAME -- Error reading header for recorded game PLAYBACK:8P_CLOSE_RIVER_COMBAT.2018-01-08.20-06-29.rec
19:56:40.12   GameInfo::ResetInfo - SyncLevel set to 0 on reset
19:56:40.12   GameInfo::ResetInfo - SyncLevel set to 0 on reset
19:56:40.12   GameInfo::ResetInfo - SyncLevel set to 0 on reset
19:56:40.12   GameInfo::ResetInfo - SyncLevel set to 0 on reset
19:56:40.12   GameInfo::ResetInfo - SyncLevel set to 0 on reset
19:56:40.12   GameInfo::ResetInfo - SyncLevel set to 0 on reset
19:56:40.12   GameInfo::ResetInfo - SyncLevel set to 0 on reset
19:56:40.12   GameInfo::ResetInfo - SyncLevel set to 0 on reset
19:56:40.12   GameInfo::ResetInfo - SyncLevel set to 0 on reset
19:56:40.12   GameInfo::ResetInfo - SyncLevel set to 0 on reset
19:56:40.12   GameInfo::ResetInfo - SyncLevel set to 0 on reset
19:56:40.12   GameInfo::ResetInfo - SyncLevel set to 0 on reset
19:56:40.12   GameInfo::ResetInfo - SyncLevel set to 0 on reset
19:56:40.12   GameInfo::ResetInfo - SyncLevel set to 0 on reset
19:56:40.12   GameInfo::ResetInfo - SyncLevel set to 0 on reset
19:56:40.12   GameInfo::ResetInfo - SyncLevel set to 0 on reset
19:56:40.12   GameInfo::ResetInfo - SyncLevel set to 0 on reset
19:56:40.12   GameInfo::ResetInfo - SyncLevel set to 0 on reset
19:56:40.12   GameInfo::ResetInfo - SyncLevel set to 0 on reset
19:56:40.12   GameInfo::ResetInfo - SyncLevel set to 0 on reset
19:56:40.12   GameInfo::ResetInfo - SyncLevel set to 0 on reset
19:56:40.12   GameInfo::ResetInfo - SyncLevel set to 0 on reset
19:56:40.12   GameInfo::ResetInfo - SyncLevel set to 0 on reset
19:56:40.12   GameInfo::ResetInfo - SyncLevel set to 0 on reset
19:56:40.12   GameInfo::ResetInfo - SyncLevel set to 0 on reset
19:56:40.12   GameInfo::ResetInfo - SyncLevel set to 0 on reset
19:56:40.12   GameInfo::ResetInfo - SyncLevel set to 0 on reset
19:56:40.13   GameInfo::ResetInfo - SyncLevel set to 0 on reset
19:56:40.13   GameInfo::ResetInfo - SyncLevel set to 0 on reset
19:56:40.13   GameInfo::ResetInfo - SyncLevel set to 0 on reset
19:56:40.13   GameInfo::ResetInfo - SyncLevel set to 0 on reset
19:56:40.13   GameInfo::ResetInfo - SyncLevel set to 0 on reset
19:56:40.13   GameInfo::ResetInfo - SyncLevel set to 0 on reset
19:56:40.13   GameInfo::ResetInfo - SyncLevel set to 0 on reset
19:56:40.13   GameInfo::ResetInfo - SyncLevel set to 0 on reset
19:56:40.13   GameInfo::ResetInfo - SyncLevel set to 0 on reset
19:56:40.13   GameInfo::ResetInfo - SyncLevel set to 0 on reset
19:56:40.13   GameInfo::ResetInfo - SyncLevel set to 0 on reset
19:56:40.13   GameInfo::ResetInfo - SyncLevel set to 0 on reset
19:56:40.13   GameInfo::ResetInfo - SyncLevel set to 0 on reset
19:56:40.13   GameInfo::ResetInfo - SyncLevel set to 0 on reset
19:56:40.13   GameInfo::ResetInfo - SyncLevel set to 0 on reset
19:56:40.13   GameInfo::ResetInfo - SyncLevel set to 0 on reset
19:56:40.13   GameInfo::ResetInfo - SyncLevel set to 0 on reset
19:56:40.13   GameInfo::ResetInfo - SyncLevel set to 0 on reset
19:56:40.13   GameInfo::ResetInfo - SyncLevel set to 0 on reset
19:56:40.13   GameInfo::ResetInfo - SyncLevel set to 0 on reset
19:56:40.13   GameInfo::ResetInfo - SyncLevel set to 0 on reset
19:56:40.13   GameInfo::ResetInfo - SyncLevel set to 0 on reset
19:56:40.13   GameInfo::ResetInfo - SyncLevel set to 0 on reset
19:56:40.13   GameInfo::ResetInfo - SyncLevel set to 0 on reset
19:56:40.13   GameInfo::ResetInfo - SyncLevel set to 0 on reset
19:56:40.13   GameInfo::ResetInfo - SyncLevel set to 0 on reset
19:56:40.13   GameInfo::ResetInfo - SyncLevel set to 0 on reset
19:56:40.14   GameInfo::ResetInfo - SyncLevel set to 0 on reset
19:56:40.14   GameInfo::ResetInfo - SyncLevel set to 0 on reset
19:56:40.14   GameInfo::ResetInfo - SyncLevel set to 0 on reset
19:56:40.14   GameInfo::ResetInfo - SyncLevel set to 0 on reset
19:56:40.14   GameInfo::ResetInfo - SyncLevel set to 0 on reset
19:56:40.14   GameInfo::ResetInfo - SyncLevel set to 0 on reset
19:56:40.14   GameInfo::ResetInfo - SyncLevel set to 0 on reset
19:56:40.14   GameInfo::ResetInfo - SyncLevel set to 0 on reset
19:56:40.14   GameInfo::ResetInfo - SyncLevel set to 0 on reset
19:56:40.14   GameInfo::ResetInfo - SyncLevel set to 0 on reset
19:56:40.14   GameInfo::ResetInfo - SyncLevel set to 0 on reset
19:56:40.14   GameInfo::ResetInfo - SyncLevel set to 0 on reset
19:56:40.14   GameInfo::ResetInfo - SyncLevel set to 0 on reset
19:56:40.14   GameInfo::ResetInfo - SyncLevel set to 0 on reset
19:56:40.14   GameInfo::ResetInfo - SyncLevel set to 0 on reset
19:56:40.14   GameInfo::ResetInfo - SyncLevel set to 0 on reset
19:56:40.14   GameInfo::ResetInfo - SyncLevel set to 0 on reset
19:56:40.14   GameInfo::ResetInfo - SyncLevel set to 0 on reset
19:56:40.14   GameInfo::ResetInfo - SyncLevel set to 0 on reset
19:56:40.14   GameInfo::ResetInfo - SyncLevel set to 0 on reset
19:56:40.14   GameInfo::ResetInfo - SyncLevel set to 0 on reset
19:56:40.14   GameInfo::ResetInfo - SyncLevel set to 0 on reset
19:56:40.14   GameInfo::ResetInfo - SyncLevel set to 0 on reset
19:56:40.14   GameInfo::ResetInfo - SyncLevel set to 0 on reset
19:56:40.14   GameInfo::ResetInfo - SyncLevel set to 0 on reset
19:56:40.14   GameInfo::ResetInfo - SyncLevel set to 0 on reset
19:56:40.14   GameInfo::ResetInfo - SyncLevel set to 0 on reset
19:56:40.14   GameInfo::ResetInfo - SyncLevel set to 0 on reset
19:56:40.14   GameInfo::ResetInfo - SyncLevel set to 0 on reset
19:56:40.14   GameInfo::ResetInfo - SyncLevel set to 0 on reset
19:56:40.14   GameInfo::ResetInfo - SyncLevel set to 0 on reset
19:56:40.14   GameInfo::ResetInfo - SyncLevel set to 0 on reset
19:56:40.15   GameInfo::ResetInfo - SyncLevel set to 0 on reset
19:56:40.15   GameInfo::ResetInfo - SyncLevel set to 0 on reset
19:56:40.15   GameInfo::ResetInfo - SyncLevel set to 0 on reset
19:56:40.15   GameInfo::ResetInfo - SyncLevel set to 0 on reset
19:56:40.15   GameInfo::ResetInfo - SyncLevel set to 0 on reset
19:56:40.15   GameInfo::ResetInfo - SyncLevel set to 0 on reset
19:56:40.15   GameInfo::ResetInfo - SyncLevel set to 0 on reset
19:56:40.15   GameInfo::ResetInfo - SyncLevel set to 0 on reset
19:56:40.15   GameInfo::ResetInfo - SyncLevel set to 0 on reset
19:56:40.15   GameInfo::ResetInfo - SyncLevel set to 0 on reset
19:56:40.15   GameInfo::ResetInfo - SyncLevel set to 0 on reset
19:56:40.15   GameInfo::ResetInfo - SyncLevel set to 0 on reset
19:56:40.15   GameInfo::ResetInfo - SyncLevel set to 0 on reset
19:56:40.15   GameInfo::ResetInfo - SyncLevel set to 0 on reset
19:56:40.15   GameInfo::ResetInfo - SyncLevel set to 0 on reset
19:56:40.15   GameInfo::ResetInfo - SyncLevel set to 0 on reset
19:56:40.15   GameInfo::ResetInfo - SyncLevel set to 0 on reset
19:56:40.15   GameInfo::ResetInfo - SyncLevel set to 0 on reset
19:56:40.15   GameInfo::ResetInfo - SyncLevel set to 0 on reset
19:56:40.15   GameInfo::ResetInfo - SyncLevel set to 0 on reset
19:56:40.15   GameInfo::ResetInfo - SyncLevel set to 0 on reset
19:56:40.15   GameInfo::ResetInfo - SyncLevel set to 0 on reset
19:56:40.15   GameInfo::ResetInfo - SyncLevel set to 0 on reset
19:56:40.15   GameInfo::ResetInfo - SyncLevel set to 0 on reset
19:56:40.15   GameInfo::ResetInfo - SyncLevel set to 0 on reset
19:56:40.15   GameInfo::ResetInfo - SyncLevel set to 0 on reset
19:56:40.15   GameInfo::ResetInfo - SyncLevel set to 0 on reset
19:56:40.15   GameInfo::ResetInfo - SyncLevel set to 0 on reset
19:56:40.15   GameInfo::ResetInfo - SyncLevel set to 0 on reset
19:56:40.15   GameInfo::ResetInfo - SyncLevel set to 0 on reset
19:56:40.15   GameInfo::ResetInfo - SyncLevel set to 0 on reset
19:56:40.16   GameInfo::ResetInfo - SyncLevel set to 0 on reset
19:56:40.16   GameInfo::ResetInfo - SyncLevel set to 0 on reset
19:56:40.16   GameInfo::ResetInfo - SyncLevel set to 0 on reset
19:56:40.16   GameInfo::ResetInfo - SyncLevel set to 0 on reset
19:56:40.16   GameInfo::ResetInfo - SyncLevel set to 0 on reset
19:56:40.16   GameInfo::ResetInfo - SyncLevel set to 0 on reset
19:56:40.16   GameInfo::ResetInfo - SyncLevel set to 0 on reset
19:56:40.16   GameInfo::ResetInfo - SyncLevel set to 0 on reset
19:56:40.16   GameInfo::ResetInfo - SyncLevel set to 0 on reset
19:56:40.16   GameInfo::ResetInfo - SyncLevel set to 0 on reset
19:56:40.16   GameInfo::ResetInfo - SyncLevel set to 0 on reset
19:56:40.16   GameInfo::ResetInfo - SyncLevel set to 0 on reset
19:56:40.16   GameInfo::ResetInfo - SyncLevel set to 0 on reset
19:56:40.16   GameInfo::ResetInfo - SyncLevel set to 0 on reset
19:56:40.16   GameInfo::ResetInfo - SyncLevel set to 0 on reset
19:56:40.16   GameInfo::ResetInfo - SyncLevel set to 0 on reset
19:56:40.16   GameInfo::ResetInfo - SyncLevel set to 0 on reset
19:56:40.16   GameInfo::ResetInfo - SyncLevel set to 0 on reset
19:56:40.16   GameInfo::ResetInfo - SyncLevel set to 0 on reset
19:56:40.16   GameInfo::ResetInfo - SyncLevel set to 0 on reset
19:56:40.16   GameInfo::ResetInfo - SyncLevel set to 0 on reset
19:56:40.16   GameInfo::ResetInfo - SyncLevel set to 0 on reset
19:56:40.16   GameInfo::ResetInfo - SyncLevel set to 0 on reset
19:56:40.16   GameInfo::ResetInfo - SyncLevel set to 0 on reset
19:56:40.16   GameInfo::ResetInfo - SyncLevel set to 0 on reset
19:56:40.16   GameInfo::ResetInfo - SyncLevel set to 0 on reset
19:56:40.16   GameInfo::ResetInfo - SyncLevel set to 0 on reset
19:56:40.16   GameInfo::ResetInfo - SyncLevel set to 0 on reset
19:56:40.16   GameInfo::ResetInfo - SyncLevel set to 0 on reset
19:56:40.17   GameInfo::ResetInfo - SyncLevel set to 0 on reset
19:56:40.17   GameInfo::ResetInfo - SyncLevel set to 0 on reset
19:56:40.17   GameInfo::ResetInfo - SyncLevel set to 0 on reset
19:56:40.17   GameInfo::ResetInfo - SyncLevel set to 0 on reset
19:56:40.17   GameInfo::ResetInfo - SyncLevel set to 0 on reset
19:56:40.17   GameInfo::ResetInfo - SyncLevel set to 0 on reset
19:56:40.17   GameInfo::ResetInfo - SyncLevel set to 0 on reset
19:56:40.17   GameInfo::ResetInfo - SyncLevel set to 0 on reset
19:56:40.17   GameInfo::ResetInfo - SyncLevel set to 0 on reset
19:56:40.17   GameInfo::ResetInfo - SyncLevel set to 0 on reset
19:56:40.17   GameInfo::ResetInfo - SyncLevel set to 0 on reset
19:56:40.17   GameInfo::ResetInfo - SyncLevel set to 0 on reset
19:56:40.17   GameInfo::ResetInfo - SyncLevel set to 0 on reset
19:56:40.17   GameInfo::ResetInfo - SyncLevel set to 0 on reset
19:56:40.17   GameInfo::ResetInfo - SyncLevel set to 0 on reset
19:56:40.17   GameInfo::ResetInfo - SyncLevel set to 0 on reset
19:56:40.17   GameInfo::ResetInfo - SyncLevel set to 0 on reset
19:56:40.17   GameInfo::ResetInfo - SyncLevel set to 0 on reset
19:56:40.17   GameInfo::ResetInfo - SyncLevel set to 0 on reset
19:56:40.17   GameInfo::ResetInfo - SyncLevel set to 0 on reset
19:56:40.17   GameInfo::ResetInfo - SyncLevel set to 0 on reset
19:56:40.17   GameInfo::ResetInfo - SyncLevel set to 0 on reset
19:56:40.17   GameInfo::ResetInfo - SyncLevel set to 0 on reset
19:56:40.17   GameInfo::ResetInfo - SyncLevel set to 0 on reset
19:56:40.17   GameInfo::ResetInfo - SyncLevel set to 0 on reset
19:56:40.17   GameInfo::ResetInfo - SyncLevel set to 0 on reset
19:56:40.17   GameInfo::ResetInfo - SyncLevel set to 0 on reset
19:56:40.17   GameInfo::ResetInfo - SyncLevel set to 0 on reset
19:56:40.18   GameInfo::ResetInfo - SyncLevel set to 0 on reset
19:56:40.18   GameInfo::ResetInfo - SyncLevel set to 0 on reset
19:56:40.18   GameInfo::ResetInfo - SyncLevel set to 0 on reset
19:56:40.18   GameInfo::ResetInfo - SyncLevel set to 0 on reset
19:56:40.18   GameInfo::ResetInfo - SyncLevel set to 0 on reset
19:56:40.18   GameInfo::ResetInfo - SyncLevel set to 0 on reset
19:56:40.18   GameInfo::ResetInfo - SyncLevel set to 0 on reset
19:56:40.18   GameInfo::ResetInfo - SyncLevel set to 0 on reset
19:56:40.18   GameInfo::ResetInfo - SyncLevel set to 0 on reset
19:56:40.18   GameInfo::ResetInfo - SyncLevel set to 0 on reset
19:56:40.18   GameInfo::ResetInfo - SyncLevel set to 0 on reset
19:56:40.18   GameInfo::ResetInfo - SyncLevel set to 0 on reset
19:56:40.18   GameInfo::ResetInfo - SyncLevel set to 0 on reset
19:56:40.18   GameInfo::ResetInfo - SyncLevel set to 0 on reset
19:56:40.18   GameInfo::ResetInfo - SyncLevel set to 0 on reset
19:56:40.18   GameInfo::ResetInfo - SyncLevel set to 0 on reset
19:56:40.18   GameInfo::ResetInfo - SyncLevel set to 0 on reset
19:56:40.18   GameInfo::ResetInfo - SyncLevel set to 0 on reset
19:56:40.18   GameInfo::ResetInfo - SyncLevel set to 0 on reset
19:56:40.18   GameInfo::ResetInfo - SyncLevel set to 0 on reset
19:56:40.18   GameInfo::ResetInfo - SyncLevel set to 0 on reset
19:56:40.18   GameInfo::ResetInfo - SyncLevel set to 0 on reset
19:56:40.18   GameInfo::ResetInfo - SyncLevel set to 0 on reset
19:56:40.18   GameInfo::ResetInfo - SyncLevel set to 0 on reset
19:56:40.18   GameInfo::ResetInfo - SyncLevel set to 0 on reset
19:56:40.18   GameInfo::ResetInfo - SyncLevel set to 0 on reset
19:56:40.18   GameInfo::ResetInfo - SyncLevel set to 0 on reset
19:56:40.19   GameInfo::ResetInfo - SyncLevel set to 0 on reset
19:56:40.19   GameInfo::ResetInfo - SyncLevel set to 0 on reset
19:56:40.19   GameInfo::ResetInfo - SyncLevel set to 0 on reset
19:56:40.19   GameInfo::ResetInfo - SyncLevel set to 0 on reset
19:56:40.19   GameInfo::ResetInfo - SyncLevel set to 0 on reset
19:56:40.19   GameInfo::ResetInfo - SyncLevel set to 0 on reset
19:56:40.19   GameInfo::ResetInfo - SyncLevel set to 0 on reset
19:56:40.19   GameInfo::ResetInfo - SyncLevel set to 0 on reset
19:56:40.19   GameInfo::ResetInfo - SyncLevel set to 0 on reset
19:56:40.19   GameInfo::ResetInfo - SyncLevel set to 0 on reset
19:56:40.19   GameInfo::ResetInfo - SyncLevel set to 0 on reset
19:56:40.19   GameInfo::ResetInfo - SyncLevel set to 0 on reset
19:56:40.19   GameInfo::ResetInfo - SyncLevel set to 0 on reset
19:56:40.19   GameInfo::ResetInfo - SyncLevel set to 0 on reset
19:56:40.19   GameInfo::ResetInfo - SyncLevel set to 0 on reset
19:56:40.19   GameInfo::ResetInfo - SyncLevel set to 0 on reset
19:56:40.19   GameInfo::ResetInfo - SyncLevel set to 0 on reset
19:56:40.19   GameInfo::ResetInfo - SyncLevel set to 0 on reset
19:56:40.19   GameInfo::ResetInfo - SyncLevel set to 0 on reset
19:56:40.19   GameInfo::ResetInfo - SyncLevel set to 0 on reset
19:56:40.19   GameInfo::ResetInfo - SyncLevel set to 0 on reset
19:56:40.19   GameInfo::ResetInfo - SyncLevel set to 0 on reset
19:56:40.19   GameInfo::ResetInfo - SyncLevel set to 0 on reset
19:56:40.19   GameInfo::ResetInfo - SyncLevel set to 0 on reset
19:56:40.20   GameInfo::ResetInfo - SyncLevel set to 0 on reset
19:56:40.20   GameInfo::ResetInfo - SyncLevel set to 0 on reset
19:56:40.20   GameInfo::ResetInfo - SyncLevel set to 0 on reset
19:56:40.20   GameInfo::ResetInfo - SyncLevel set to 0 on reset
19:56:40.20   GameInfo::ResetInfo - SyncLevel set to 0 on reset
19:56:40.20   GameInfo::ResetInfo - SyncLevel set to 0 on reset
19:56:40.20   GameInfo::ResetInfo - SyncLevel set to 0 on reset
19:56:40.20   GameInfo::ResetInfo - SyncLevel set to 0 on reset
19:56:40.20   GameInfo::ResetInfo - SyncLevel set to 0 on reset
19:56:40.20   GameInfo::ResetInfo - SyncLevel set to 0 on reset
19:56:40.20   GameInfo::ResetInfo - SyncLevel set to 0 on reset
19:56:40.20   GameInfo::ResetInfo - SyncLevel set to 0 on reset
19:56:40.20   GameInfo::ResetInfo - SyncLevel set to 0 on reset
19:56:40.20   GameInfo::ResetInfo - SyncLevel set to 0 on reset
19:56:40.20   GameInfo::ResetInfo - SyncLevel set to 0 on reset
19:56:40.20   GameInfo::ResetInfo - SyncLevel set to 0 on reset
19:56:40.20   GameInfo::ResetInfo - SyncLevel set to 0 on reset
19:56:40.20   GameInfo::ResetInfo - SyncLevel set to 0 on reset
19:56:40.20   GameInfo::ResetInfo - SyncLevel set to 0 on reset
19:56:40.20   GameInfo::ResetInfo - SyncLevel set to 0 on reset
19:56:40.20   GameInfo::ResetInfo - SyncLevel set to 0 on reset
19:56:40.20   GameInfo::ResetInfo - SyncLevel set to 0 on reset
19:56:40.20   GameInfo::ResetInfo - SyncLevel set to 0 on reset
19:56:40.20   GameInfo::ResetInfo - SyncLevel set to 0 on reset
19:56:40.20   GameInfo::ResetInfo - SyncLevel set to 0 on reset
19:56:40.20   GameInfo::ResetInfo - SyncLevel set to 0 on reset
19:56:40.20   GameInfo::ResetInfo - SyncLevel set to 0 on reset
19:56:40.21   GameInfo::ResetInfo - SyncLevel set to 0 on reset
19:56:40.21   GameInfo::ResetInfo - SyncLevel set to 0 on reset
19:56:40.21   GameInfo::ResetInfo - SyncLevel set to 0 on reset
19:56:40.21   GameInfo::ResetInfo - SyncLevel set to 0 on reset
19:56:40.21   GameInfo::ResetInfo - SyncLevel set to 0 on reset
19:56:40.21   GameInfo::ResetInfo - SyncLevel set to 0 on reset
19:56:40.21   GameInfo::ResetInfo - SyncLevel set to 0 on reset
19:56:40.21   GameInfo::ResetInfo - SyncLevel set to 0 on reset
19:56:40.21   GameInfo::ResetInfo - SyncLevel set to 0 on reset
19:56:40.21   GameInfo::ResetInfo - SyncLevel set to 0 on reset
19:56:40.21   GameInfo::ResetInfo - SyncLevel set to 0 on reset
19:56:40.21   GameInfo::ResetInfo - SyncLevel set to 0 on reset
19:56:40.21   GameInfo::ResetInfo - SyncLevel set to 0 on reset
19:56:40.21   GameInfo::ResetInfo - SyncLevel set to 0 on reset
19:56:40.21   GameInfo::ResetInfo - SyncLevel set to 0 on reset
19:56:40.21   GameInfo::ResetInfo - SyncLevel set to 0 on reset
19:56:40.21   GameInfo::ResetInfo - SyncLevel set to 0 on reset
19:56:40.21   GameInfo::ResetInfo - SyncLevel set to 0 on reset
19:56:40.21   GameInfo::ResetInfo - SyncLevel set to 0 on reset
19:56:40.21   GameInfo::ResetInfo - SyncLevel set to 0 on reset
19:56:40.21   GameInfo::ResetInfo - SyncLevel set to 0 on reset
19:56:40.21   GameInfo::ResetInfo - SyncLevel set to 0 on reset
19:56:40.21   GameInfo::ResetInfo - SyncLevel set to 0 on reset
19:56:40.21   GameInfo::ResetInfo - SyncLevel set to 0 on reset
19:56:40.21   GameInfo::ResetInfo - SyncLevel set to 0 on reset
19:56:40.21   GameInfo::ResetInfo - SyncLevel set to 0 on reset
19:56:40.22   GameInfo::ResetInfo - SyncLevel set to 0 on reset
19:56:40.22   GameInfo::ResetInfo - SyncLevel set to 0 on reset
19:56:40.22   GameInfo::ResetInfo - SyncLevel set to 0 on reset
19:56:40.22   GameInfo::ResetInfo - SyncLevel set to 0 on reset
19:56:40.22   GameInfo::ResetInfo - SyncLevel set to 0 on reset
19:56:40.22   GameInfo::ResetInfo - SyncLevel set to 0 on reset
19:56:40.22   GameInfo::ResetInfo - SyncLevel set to 0 on reset
19:56:40.22   GameInfo::ResetInfo - SyncLevel set to 0 on reset
19:56:40.22   GameInfo::ResetInfo - SyncLevel set to 0 on reset
19:56:40.22   GameInfo::ResetInfo - SyncLevel set to 0 on reset
19:56:40.22   GameInfo::ResetInfo - SyncLevel set to 0 on reset
19:56:40.22   GameInfo::ResetInfo - SyncLevel set to 0 on reset
19:56:40.22   GameInfo::ResetInfo - SyncLevel set to 0 on reset
19:56:40.22   GameInfo::ResetInfo - SyncLevel set to 0 on reset
19:56:40.22   GameInfo::ResetInfo - SyncLevel set to 0 on reset
19:56:40.22   GameInfo::ResetInfo - SyncLevel set to 0 on reset
19:56:40.22   GameInfo::ResetInfo - SyncLevel set to 0 on reset
19:56:40.22   GameInfo::ResetInfo - SyncLevel set to 0 on reset
19:56:40.22   GameInfo::ResetInfo - SyncLevel set to 0 on reset
19:56:40.22   GameInfo::ResetInfo - SyncLevel set to 0 on reset
19:56:40.22   GameInfo::ResetInfo - SyncLevel set to 0 on reset
19:56:40.22   GameInfo::ResetInfo - SyncLevel set to 0 on reset
19:56:40.22   GameInfo::ResetInfo - SyncLevel set to 0 on reset
19:56:40.22   GameInfo::ResetInfo - SyncLevel set to 0 on reset
19:56:40.23   GameInfo::ResetInfo - SyncLevel set to 0 on reset
19:56:40.23   GameInfo::ResetInfo - SyncLevel set to 0 on reset
19:56:40.23   GameInfo::ResetInfo - SyncLevel set to 0 on reset
19:56:40.23   GameInfo::ResetInfo - SyncLevel set to 0 on reset
19:56:40.23   GameInfo::ResetInfo - SyncLevel set to 0 on reset
19:56:40.23   GameInfo::ResetInfo - SyncLevel set to 0 on reset
19:56:40.23   GameInfo::ResetInfo - SyncLevel set to 0 on reset
19:56:40.23   GameInfo::ResetInfo - SyncLevel set to 0 on reset
19:56:40.23   GameInfo::ResetInfo - SyncLevel set to 0 on reset
19:56:40.23   GameInfo::ResetInfo - SyncLevel set to 0 on reset
19:56:40.23   GameInfo::ResetInfo - SyncLevel set to 0 on reset
19:56:40.23   GameInfo::ResetInfo - SyncLevel set to 0 on reset
19:56:40.23   GameInfo::ResetInfo - SyncLevel set to 0 on reset
19:56:40.23   GameInfo::ResetInfo - SyncLevel set to 0 on reset
19:56:40.23   GameInfo::ResetInfo - SyncLevel set to 0 on reset
19:56:40.23   GameInfo::ResetInfo - SyncLevel set to 0 on reset
19:56:40.23   GameInfo::ResetInfo - SyncLevel set to 0 on reset
19:56:40.23   GameInfo::ResetInfo - SyncLevel set to 0 on reset
19:56:40.23   GameInfo::ResetInfo - SyncLevel set to 0 on reset
19:56:40.23   GameInfo::ResetInfo - SyncLevel set to 0 on reset
19:56:40.23   GameInfo::ResetInfo - SyncLevel set to 0 on reset
19:56:40.23   GameInfo::ResetInfo - SyncLevel set to 0 on reset
19:56:40.23   GameInfo::ResetInfo - SyncLevel set to 0 on reset
19:56:40.23   GameInfo::ResetInfo - SyncLevel set to 0 on reset
19:56:40.23   GameInfo::ResetInfo - SyncLevel set to 0 on reset
19:56:40.23   GameInfo::ResetInfo - SyncLevel set to 0 on reset
19:56:40.23   GameInfo::ResetInfo - SyncLevel set to 0 on reset
19:56:40.23   GameInfo::ResetInfo - SyncLevel set to 0 on reset
19:56:40.23   GameInfo::ResetInfo - SyncLevel set to 0 on reset
19:56:40.23   GameInfo::ResetInfo - SyncLevel set to 0 on reset
19:56:40.23   GameInfo::ResetInfo - SyncLevel set to 0 on reset
19:56:40.24   GameInfo::ResetInfo - SyncLevel set to 0 on reset
19:56:40.24   GameInfo::ResetInfo - SyncLevel set to 0 on reset
19:56:40.24   GameInfo::ResetInfo - SyncLevel set to 0 on reset
19:56:40.24   GameInfo::ResetInfo - SyncLevel set to 0 on reset
19:56:40.24   GameInfo::ResetInfo - SyncLevel set to 0 on reset
19:56:40.24   GameInfo::ResetInfo - SyncLevel set to 0 on reset
19:56:40.24   GameInfo::ResetInfo - SyncLevel set to 0 on reset
19:56:40.24   GameInfo::ResetInfo - SyncLevel set to 0 on reset
19:56:40.24   GameInfo::ResetInfo - SyncLevel set to 0 on reset
19:56:40.24   GameInfo::ResetInfo - SyncLevel set to 0 on reset
19:56:40.24   GameInfo::ResetInfo - SyncLevel set to 0 on reset
19:56:40.24   GameInfo::ResetInfo - SyncLevel set to 0 on reset
19:56:40.24   GameInfo::ResetInfo - SyncLevel set to 0 on reset
19:56:40.24   GameInfo::ResetInfo - SyncLevel set to 0 on reset
19:56:40.24   GameInfo::ResetInfo - SyncLevel set to 0 on reset
19:56:40.24   GameInfo::ResetInfo - SyncLevel set to 0 on reset
19:56:40.24   GameInfo::ResetInfo - SyncLevel set to 0 on reset
19:56:40.24   GameInfo::ResetInfo - SyncLevel set to 0 on reset
19:56:40.24   GameInfo::ResetInfo - SyncLevel set to 0 on reset
19:56:40.24   GameInfo::ResetInfo - SyncLevel set to 0 on reset
19:56:40.24   GameInfo::ResetInfo - SyncLevel set to 0 on reset
19:56:40.24   GameInfo::ResetInfo - SyncLevel set to 0 on reset
19:56:40.24   GameInfo::ResetInfo - SyncLevel set to 0 on reset
19:56:40.24   GameInfo::ResetInfo - SyncLevel set to 0 on reset
19:56:40.24   GameInfo::ResetInfo - SyncLevel set to 0 on reset
19:56:40.24   GameInfo::ResetInfo - SyncLevel set to 0 on reset
19:56:40.24   GameInfo::ResetInfo - SyncLevel set to 0 on reset
19:56:40.24   GameInfo::ResetInfo - SyncLevel set to 0 on reset
19:56:40.24   GameInfo::ResetInfo - SyncLevel set to 0 on reset
19:56:40.24   GameInfo::ResetInfo - SyncLevel set to 0 on reset
19:56:40.24   GameInfo::ResetInfo - SyncLevel set to 0 on reset
19:56:40.24   GameInfo::ResetInfo - SyncLevel set to 0 on reset
19:56:40.24   GameInfo::ResetInfo - SyncLevel set to 0 on reset
19:56:40.25   GameInfo::ResetInfo - SyncLevel set to 0 on reset
19:56:40.25   GameInfo::ResetInfo - SyncLevel set to 0 on reset
19:56:40.25   GameInfo::ResetInfo - SyncLevel set to 0 on reset
19:56:40.25   GameInfo::ResetInfo - SyncLevel set to 0 on reset
19:56:40.25   GameInfo::ResetInfo - SyncLevel set to 0 on reset
19:56:40.25   GameInfo::ResetInfo - SyncLevel set to 0 on reset
19:56:40.25   GameInfo::ResetInfo - SyncLevel set to 0 on reset
19:56:40.25   GameInfo::ResetInfo - SyncLevel set to 0 on reset
19:56:40.25   GameInfo::ResetInfo - SyncLevel set to 0 on reset
19:56:40.25   GameInfo::ResetInfo - SyncLevel set to 0 on reset
19:56:40.25   GameInfo::ResetInfo - SyncLevel set to 0 on reset
19:56:40.25   GameInfo::ResetInfo - SyncLevel set to 0 on reset
19:56:40.25   GameInfo::ResetInfo - SyncLevel set to 0 on reset
19:56:40.25   GameInfo::ResetInfo - SyncLevel set to 0 on reset
19:56:40.25   GameInfo::ResetInfo - SyncLevel set to 0 on reset
19:56:40.25   GameInfo::ResetInfo - SyncLevel set to 0 on reset
19:56:40.25   GameInfo::ResetInfo - SyncLevel set to 0 on reset
19:56:40.25   GameInfo::ResetInfo - SyncLevel set to 0 on reset
19:56:40.25   GameInfo::ResetInfo - SyncLevel set to 0 on reset
19:56:40.25   GameInfo::ResetInfo - SyncLevel set to 0 on reset
19:56:40.25   GameInfo::ResetInfo - SyncLevel set to 0 on reset
19:56:40.25   GameInfo::ResetInfo - SyncLevel set to 0 on reset
19:56:40.25   GameInfo::ResetInfo - SyncLevel set to 0 on reset
19:56:40.25   GameInfo::ResetInfo - SyncLevel set to 0 on reset
19:56:40.25   GameInfo::ResetInfo - SyncLevel set to 0 on reset
19:56:40.25   GameInfo::ResetInfo - SyncLevel set to 0 on reset
19:56:40.25   GameInfo::ResetInfo - SyncLevel set to 0 on reset
19:56:40.25   GameInfo::ResetInfo - SyncLevel set to 0 on reset
19:56:40.25   GameInfo::ResetInfo - SyncLevel set to 0 on reset
19:56:40.25   GameInfo::ResetInfo - SyncLevel set to 0 on reset
19:56:40.26   GameInfo::ResetInfo - SyncLevel set to 0 on reset
19:56:40.26   GameInfo::ResetInfo - SyncLevel set to 0 on reset
19:56:40.26   GameInfo::ResetInfo - SyncLevel set to 0 on reset
19:56:40.26   GameInfo::ResetInfo - SyncLevel set to 0 on reset
19:56:40.26   GameInfo::ResetInfo - SyncLevel set to 0 on reset
19:56:40.26   GameInfo::ResetInfo - SyncLevel set to 0 on reset
19:56:40.26   GameInfo::ResetInfo - SyncLevel set to 0 on reset
19:56:40.26   GameInfo::ResetInfo - SyncLevel set to 0 on reset
19:56:40.26   GameInfo::ResetInfo - SyncLevel set to 0 on reset
19:56:40.26   GameInfo::ResetInfo - SyncLevel set to 0 on reset
19:56:40.26   GameInfo::ResetInfo - SyncLevel set to 0 on reset
19:56:40.26   GameInfo::ResetInfo - SyncLevel set to 0 on reset
19:56:40.26   GameInfo::ResetInfo - SyncLevel set to 0 on reset
19:56:40.26   GameInfo::ResetInfo - SyncLevel set to 0 on reset
19:56:40.26   GameInfo::ResetInfo - SyncLevel set to 0 on reset
19:56:40.26   GameInfo::ResetInfo - SyncLevel set to 0 on reset
19:56:40.26   GameInfo::ResetInfo - SyncLevel set to 0 on reset
19:56:40.26   GameInfo::ResetInfo - SyncLevel set to 0 on reset
19:56:40.26   GameInfo::ResetInfo - SyncLevel set to 0 on reset
19:56:40.26   GameInfo::ResetInfo - SyncLevel set to 0 on reset
19:56:40.26   GameInfo::ResetInfo - SyncLevel set to 0 on reset
19:56:40.26   GameInfo::ResetInfo - SyncLevel set to 0 on reset
19:56:40.26   GameInfo::ResetInfo - SyncLevel set to 0 on reset
19:56:40.26   GameInfo::ResetInfo - SyncLevel set to 0 on reset
19:56:40.26   GameInfo::ResetInfo - SyncLevel set to 0 on reset
19:56:40.26   GameInfo::ResetInfo - SyncLevel set to 0 on reset
19:56:40.26   GameInfo::ResetInfo - SyncLevel set to 0 on reset
19:56:40.26   GameInfo::ResetInfo - SyncLevel set to 0 on reset
19:56:40.26   GameInfo::ResetInfo - SyncLevel set to 0 on reset
19:56:40.26   GameInfo::ResetInfo - SyncLevel set to 0 on reset
19:56:40.26   GameInfo::ResetInfo - SyncLevel set to 0 on reset
19:56:40.26   GameInfo::ResetInfo - SyncLevel set to 0 on reset
19:56:40.26   GameInfo::ResetInfo - SyncLevel set to 0 on reset
19:56:40.27   GameInfo::ResetInfo - SyncLevel set to 0 on reset
19:56:40.27   GameInfo::ResetInfo - SyncLevel set to 0 on reset
19:56:40.27   GameInfo::ResetInfo - SyncLevel set to 0 on reset
19:56:40.27   GameInfo::ResetInfo - SyncLevel set to 0 on reset
19:56:40.27   GameInfo::ResetInfo - SyncLevel set to 0 on reset
19:56:40.27   GameInfo::ResetInfo - SyncLevel set to 0 on reset
19:56:40.27   GameInfo::ResetInfo - SyncLevel set to 0 on reset
19:56:40.27   GameInfo::ResetInfo - SyncLevel set to 0 on reset
19:56:40.27   GameInfo::ResetInfo - SyncLevel set to 0 on reset
19:56:40.27   GameInfo::ResetInfo - SyncLevel set to 0 on reset
19:56:40.27   GameInfo::ResetInfo - SyncLevel set to 0 on reset
19:56:40.27   GameInfo::ResetInfo - SyncLevel set to 0 on reset
19:56:40.27   GameInfo::ResetInfo - SyncLevel set to 0 on reset
19:56:40.27   GameInfo::ResetInfo - SyncLevel set to 0 on reset
19:56:40.27   GameInfo::ResetInfo - SyncLevel set to 0 on reset
19:56:40.27   GameInfo::ResetInfo - SyncLevel set to 0 on reset
19:56:40.27   GameInfo::ResetInfo - SyncLevel set to 0 on reset
19:56:40.27   GameInfo::ResetInfo - SyncLevel set to 0 on reset
19:56:40.27   GameInfo::ResetInfo - SyncLevel set to 0 on reset
19:56:40.27   GameInfo::ResetInfo - SyncLevel set to 0 on reset
19:56:40.27   GameInfo::ResetInfo - SyncLevel set to 0 on reset
19:56:40.27   GameInfo::ResetInfo - SyncLevel set to 0 on reset
19:56:40.27   GameInfo::ResetInfo - SyncLevel set to 0 on reset
19:56:40.27   GameInfo::ResetInfo - SyncLevel set to 0 on reset
19:56:40.27   GameInfo::ResetInfo - SyncLevel set to 0 on reset
19:56:40.27   GameInfo::ResetInfo - SyncLevel set to 0 on reset
19:56:40.27   GameInfo::ResetInfo - SyncLevel set to 0 on reset
19:56:40.27   GameInfo::ResetInfo - SyncLevel set to 0 on reset
19:56:40.27   GameInfo::ResetInfo - SyncLevel set to 0 on reset
19:56:40.27   GameInfo::ResetInfo - SyncLevel set to 0 on reset
19:56:40.27   GameInfo::ResetInfo - SyncLevel set to 0 on reset
19:56:40.27   GameInfo::ResetInfo - SyncLevel set to 0 on reset
19:56:40.27   GameInfo::ResetInfo - SyncLevel set to 0 on reset
19:56:40.28   GameInfo::ResetInfo - SyncLevel set to 0 on reset
19:56:40.28   GameInfo::ResetInfo - SyncLevel set to 0 on reset
19:56:40.28   GameInfo::ResetInfo - SyncLevel set to 0 on reset
19:56:40.28   GameInfo::ResetInfo - SyncLevel set to 0 on reset
19:56:40.28   GameInfo::ResetInfo - SyncLevel set to 0 on reset
19:56:40.28   GameInfo::ResetInfo - SyncLevel set to 0 on reset
19:56:40.28   GameInfo::ResetInfo - SyncLevel set to 0 on reset
19:56:40.28   GameInfo::ResetInfo - SyncLevel set to 0 on reset
19:56:40.28   GameInfo::ResetInfo - SyncLevel set to 0 on reset
19:56:40.28   GameInfo::ResetInfo - SyncLevel set to 0 on reset
19:56:40.28   GameInfo::ResetInfo - SyncLevel set to 0 on reset
19:56:40.28   GameInfo::ResetInfo - SyncLevel set to 0 on reset
19:56:40.28   GameInfo::ResetInfo - SyncLevel set to 0 on reset
19:56:40.28   GameInfo::ResetInfo - SyncLevel set to 0 on reset
19:56:40.28   GameInfo::ResetInfo - SyncLevel set to 0 on reset
19:56:40.28   GameInfo::ResetInfo - SyncLevel set to 0 on reset
19:56:40.28   GameInfo::ResetInfo - SyncLevel set to 0 on reset
19:56:40.28   GameInfo::ResetInfo - SyncLevel set to 0 on reset
19:56:40.28   GameInfo::ResetInfo - SyncLevel set to 0 on reset
19:56:40.28   GameInfo::ResetInfo - SyncLevel set to 0 on reset
19:56:40.28   GameInfo::ResetInfo - SyncLevel set to 0 on reset
19:56:40.28   GameInfo::ResetInfo - SyncLevel set to 0 on reset
19:56:40.28   GameInfo::ResetInfo - SyncLevel set to 0 on reset
19:56:40.28   GameInfo::ResetInfo - SyncLevel set to 0 on reset
19:56:40.28   GameInfo::ResetInfo - SyncLevel set to 0 on reset
19:56:40.28   GameInfo::ResetInfo - SyncLevel set to 0 on reset
19:56:40.28   GameInfo::ResetInfo - SyncLevel set to 0 on reset
19:56:40.29   GameInfo::ResetInfo - SyncLevel set to 0 on reset
19:56:40.29   GameInfo::ResetInfo - SyncLevel set to 0 on reset
19:56:40.29   GameInfo::ResetInfo - SyncLevel set to 0 on reset
19:56:40.29   GameInfo::ResetInfo - SyncLevel set to 0 on reset
19:56:40.29   GameInfo::ResetInfo - SyncLevel set to 0 on reset
19:56:40.29   GameInfo::ResetInfo - SyncLevel set to 0 on reset
19:56:40.29   GameInfo::ResetInfo - SyncLevel set to 0 on reset
19:56:40.29   GameInfo::ResetInfo - SyncLevel set to 0 on reset
19:56:40.29   GameInfo::ResetInfo - SyncLevel set to 0 on reset
19:56:40.29   GameInfo::ResetInfo - SyncLevel set to 0 on reset
19:56:40.29   GameInfo::ResetInfo - SyncLevel set to 0 on reset
19:56:40.29   GameInfo::ResetInfo - SyncLevel set to 0 on reset
19:56:40.29   GameInfo::ResetInfo - SyncLevel set to 0 on reset
19:56:40.29   GameInfo::ResetInfo - SyncLevel set to 0 on reset
19:56:40.29   GameInfo::ResetInfo - SyncLevel set to 0 on reset
19:56:40.29   GameInfo::ResetInfo - SyncLevel set to 0 on reset
19:56:40.29   GameInfo::ResetInfo - SyncLevel set to 0 on reset
19:56:40.29   GameInfo::ResetInfo - SyncLevel set to 0 on reset
19:56:40.29   GameInfo::ResetInfo - SyncLevel set to 0 on reset
19:56:40.29   GameInfo::ResetInfo - SyncLevel set to 0 on reset
19:56:40.29   GameInfo::ResetInfo - SyncLevel set to 0 on reset
19:56:40.29   GameInfo::ResetInfo - SyncLevel set to 0 on reset
19:56:40.29   GameInfo::ResetInfo - SyncLevel set to 0 on reset
19:56:40.29   GameInfo::ResetInfo - SyncLevel set to 0 on reset
19:56:40.29   GameInfo::ResetInfo - SyncLevel set to 0 on reset
19:56:40.29   GameInfo::ResetInfo - SyncLevel set to 0 on reset
19:56:40.29   GameInfo::ResetInfo - SyncLevel set to 0 on reset
19:56:40.29   GameInfo::ResetInfo - SyncLevel set to 0 on reset
19:56:40.29   GameInfo::ResetInfo - SyncLevel set to 0 on reset
19:56:40.29   GameInfo::ResetInfo - SyncLevel set to 0 on reset
19:56:40.29   GameInfo::ResetInfo - SyncLevel set to 0 on reset
19:56:40.29   GameInfo::ResetInfo - SyncLevel set to 0 on reset
19:56:40.30   GameInfo::ResetInfo - SyncLevel set to 0 on reset
19:56:40.30   GameInfo::ResetInfo - SyncLevel set to 0 on reset
19:56:40.30   GameInfo::ResetInfo - SyncLevel set to 0 on reset
19:56:40.30   GameInfo::ResetInfo - SyncLevel set to 0 on reset
19:56:40.30   GameInfo::ResetInfo - SyncLevel set to 0 on reset
19:56:40.30   GameInfo::ResetInfo - SyncLevel set to 0 on reset
19:56:40.30   GameInfo::ResetInfo - SyncLevel set to 0 on reset
19:56:40.30   GameInfo::ResetInfo - SyncLevel set to 0 on reset
19:56:40.30   GameInfo::ResetInfo - SyncLevel set to 0 on reset
19:56:40.30   GameInfo::ResetInfo - SyncLevel set to 0 on reset
19:56:40.30   GameInfo::ResetInfo - SyncLevel set to 0 on reset
19:56:40.30   GameInfo::ResetInfo - SyncLevel set to 0 on reset
19:56:40.30   GameInfo::ResetInfo - SyncLevel set to 0 on reset
19:56:40.30   GameInfo::ResetInfo - SyncLevel set to 0 on reset
19:56:40.30   GameInfo::ResetInfo - SyncLevel set to 0 on reset
19:56:40.30   GameInfo::ResetInfo - SyncLevel set to 0 on reset
19:56:40.30   GameInfo::ResetInfo - SyncLevel set to 0 on reset
19:56:40.30   GameInfo::ResetInfo - SyncLevel set to 0 on reset
19:56:40.30   GameInfo::ResetInfo - SyncLevel set to 0 on reset
19:56:40.30   GameInfo::ResetInfo - SyncLevel set to 0 on reset
19:56:40.30   GameInfo::ResetInfo - SyncLevel set to 0 on reset
19:56:40.30   GameInfo::ResetInfo - SyncLevel set to 0 on reset
19:56:40.30   GameInfo::ResetInfo - SyncLevel set to 0 on reset
19:56:40.30   GameInfo::ResetInfo - SyncLevel set to 0 on reset
19:56:40.30   GameInfo::ResetInfo - SyncLevel set to 0 on reset
19:56:40.30   GameInfo::ResetInfo - SyncLevel set to 0 on reset
19:56:40.30   GameInfo::ResetInfo - SyncLevel set to 0 on reset
19:56:40.31   GameInfo::ResetInfo - SyncLevel set to 0 on reset
19:56:40.31   GameInfo::ResetInfo - SyncLevel set to 0 on reset
19:56:40.31   GameInfo::ResetInfo - SyncLevel set to 0 on reset
19:56:40.31   GameInfo::ResetInfo - SyncLevel set to 0 on reset
19:56:40.31   GameInfo::ResetInfo - SyncLevel set to 0 on reset
19:56:40.31   GameInfo::ResetInfo - SyncLevel set to 0 on reset
19:56:40.31   GameInfo::ResetInfo - SyncLevel set to 0 on reset
19:56:40.31   GameInfo::ResetInfo - SyncLevel set to 0 on reset
19:56:40.31   GameInfo::ResetInfo - SyncLevel set to 0 on reset
19:56:40.31   GameInfo::ResetInfo - SyncLevel set to 0 on reset
19:56:40.31   GameInfo::ResetInfo - SyncLevel set to 0 on reset
19:56:40.31   GameInfo::ResetInfo - SyncLevel set to 0 on reset
19:56:40.31   GameInfo::ResetInfo - SyncLevel set to 0 on reset
19:56:40.31   GameInfo::ResetInfo - SyncLevel set to 0 on reset
19:56:40.31   GameInfo::ResetInfo - SyncLevel set to 0 on reset
19:56:40.31   GameInfo::ResetInfo - SyncLevel set to 0 on reset
19:56:40.31   GameInfo::ResetInfo - SyncLevel set to 0 on reset
19:56:40.31   GameInfo::ResetInfo - SyncLevel set to 0 on reset
19:56:40.31   GameInfo::ResetInfo - SyncLevel set to 0 on reset
19:56:40.31   GameInfo::ResetInfo - SyncLevel set to 0 on reset
19:56:40.31   GameInfo::ResetInfo - SyncLevel set to 0 on reset
19:56:40.31   GameInfo::ResetInfo - SyncLevel set to 0 on reset
19:56:40.31   GameInfo::ResetInfo - SyncLevel set to 0 on reset
19:56:40.31   GameInfo::ResetInfo - SyncLevel set to 0 on reset
19:56:40.31   GameInfo::ResetInfo - SyncLevel set to 0 on reset
19:56:40.31   GameInfo::ResetInfo - SyncLevel set to 0 on reset
19:56:40.31   GameInfo::ResetInfo - SyncLevel set to 0 on reset
19:56:40.31   GameInfo::ResetInfo - SyncLevel set to 0 on reset
19:56:40.31   GameInfo::ResetInfo - SyncLevel set to 0 on reset
19:56:40.31   GameInfo::ResetInfo - SyncLevel set to 0 on reset
19:56:40.31   GameInfo::ResetInfo - SyncLevel set to 0 on reset
19:56:40.32   GameInfo::ResetInfo - SyncLevel set to 0 on reset
19:56:40.32   GameInfo::ResetInfo - SyncLevel set to 0 on reset
19:56:40.32   GameInfo::ResetInfo - SyncLevel set to 0 on reset
19:56:40.32   GameInfo::ResetInfo - SyncLevel set to 0 on reset
19:56:40.32   GameInfo::ResetInfo - SyncLevel set to 0 on reset
19:56:40.32   GameInfo::ResetInfo - SyncLevel set to 0 on reset
19:56:40.32   GameInfo::ResetInfo - SyncLevel set to 0 on reset
19:56:40.32   GameInfo::ResetInfo - SyncLevel set to 0 on reset
19:56:40.32   GameInfo::ResetInfo - SyncLevel set to 0 on reset
19:56:40.32   GameInfo::ResetInfo - SyncLevel set to 0 on reset
19:56:40.32   GameInfo::ResetInfo - SyncLevel set to 0 on reset
19:56:40.32   GameInfo::ResetInfo - SyncLevel set to 0 on reset
19:56:40.32   GameInfo::ResetInfo - SyncLevel set to 0 on reset
19:56:40.32   GameInfo::ResetInfo - SyncLevel set to 0 on reset
19:56:40.32   GameInfo::ResetInfo - SyncLevel set to 0 on reset
19:56:40.32   GameInfo::ResetInfo - SyncLevel set to 0 on reset
19:56:40.32   GameInfo::ResetInfo - SyncLevel set to 0 on reset
19:56:40.32   GameInfo::ResetInfo - SyncLevel set to 0 on reset
19:56:40.32   GameInfo::ResetInfo - SyncLevel set to 0 on reset
19:56:40.32   GameInfo::ResetInfo - SyncLevel set to 0 on reset
19:56:40.32   GameInfo::ResetInfo - SyncLevel set to 0 on reset
19:56:40.32   GameInfo::ResetInfo - SyncLevel set to 0 on reset
19:56:40.32   GameInfo::ResetInfo - SyncLevel set to 0 on reset
19:56:40.32   GameInfo::ResetInfo - SyncLevel set to 0 on reset
19:56:40.32   GameInfo::ResetInfo - SyncLevel set to 0 on reset
19:56:40.32   GameInfo::ResetInfo - SyncLevel set to 0 on reset
19:56:40.32   GameInfo::ResetInfo - SyncLevel set to 0 on reset
19:56:40.33   GameInfo::ResetInfo - SyncLevel set to 0 on reset
19:56:40.33   GameInfo::ResetInfo - SyncLevel set to 0 on reset
19:56:40.33   GameInfo::ResetInfo - SyncLevel set to 0 on reset
19:56:40.33   GameInfo::ResetInfo - SyncLevel set to 0 on reset
19:56:40.33   GameInfo::ResetInfo - SyncLevel set to 0 on reset
19:56:40.33   GameInfo::ResetInfo - SyncLevel set to 0 on reset
19:56:40.33   GameInfo::ResetInfo - SyncLevel set to 0 on reset
19:56:40.33   GameInfo::ResetInfo - SyncLevel set to 0 on reset
19:56:40.33   GameInfo::ResetInfo - SyncLevel set to 0 on reset
19:56:40.33   GameInfo::ResetInfo - SyncLevel set to 0 on reset
19:56:40.33   GameInfo::ResetInfo - SyncLevel set to 0 on reset
19:56:40.33   GameInfo::ResetInfo - SyncLevel set to 0 on reset
19:56:40.33   GameInfo::ResetInfo - SyncLevel set to 0 on reset
19:56:40.33   GameInfo::ResetInfo - SyncLevel set to 0 on reset
19:56:40.33   GameInfo::ResetInfo - SyncLevel set to 0 on reset
19:56:40.33   GameInfo::ResetInfo - SyncLevel set to 0 on reset
19:56:40.33   GameInfo::ResetInfo - SyncLevel set to 0 on reset
19:56:40.33   GameInfo::ResetInfo - SyncLevel set to 0 on reset
19:56:40.33   GameInfo::ResetInfo - SyncLevel set to 0 on reset
19:56:40.33   GameInfo::ResetInfo - SyncLevel set to 0 on reset
19:56:40.33   GameInfo::ResetInfo - SyncLevel set to 0 on reset
19:56:40.33   GameInfo::ResetInfo - SyncLevel set to 0 on reset
19:56:40.33   GameInfo::ResetInfo - SyncLevel set to 0 on reset
19:56:40.33   GameInfo::ResetInfo - SyncLevel set to 0 on reset
19:56:40.34   GameInfo::ResetInfo - SyncLevel set to 0 on reset
19:56:40.34   GameInfo::ResetInfo - SyncLevel set to 0 on reset
19:56:40.34   GameInfo::ResetInfo - SyncLevel set to 0 on reset
19:56:40.34   GameInfo::ResetInfo - SyncLevel set to 0 on reset
19:56:40.34   GameInfo::ResetInfo - SyncLevel set to 0 on reset
19:56:40.34   GameInfo::ResetInfo - SyncLevel set to 0 on reset
19:56:40.34   GameInfo::ResetInfo - SyncLevel set to 0 on reset
19:56:40.34   GameInfo::ResetInfo - SyncLevel set to 0 on reset
19:56:40.34   GameInfo::ResetInfo - SyncLevel set to 0 on reset
19:56:40.34   GameInfo::ResetInfo - SyncLevel set to 0 on reset
19:56:40.34   GameInfo::ResetInfo - SyncLevel set to 0 on reset
19:56:40.34   GameInfo::ResetInfo - SyncLevel set to 0 on reset
19:56:40.34   GameInfo::ResetInfo - SyncLevel set to 0 on reset
19:56:40.34   GameInfo::ResetInfo - SyncLevel set to 0 on reset
19:56:40.34   GameInfo::ResetInfo - SyncLevel set to 0 on reset
19:56:40.34   GameInfo::ResetInfo - SyncLevel set to 0 on reset
19:56:40.34   GameInfo::ResetInfo - SyncLevel set to 0 on reset
19:56:40.34   GameInfo::ResetInfo - SyncLevel set to 0 on reset
19:56:40.34   GameInfo::ResetInfo - SyncLevel set to 0 on reset
19:56:40.34   GameInfo::ResetInfo - SyncLevel set to 0 on reset
19:56:40.34   GameInfo::ResetInfo - SyncLevel set to 0 on reset
19:56:40.34   GameInfo::ResetInfo - SyncLevel set to 0 on reset
19:56:40.34   GameInfo::ResetInfo - SyncLevel set to 0 on reset
19:56:40.34   GameInfo::ResetInfo - SyncLevel set to 0 on reset
19:56:40.34   GameInfo::ResetInfo - SyncLevel set to 0 on reset
19:56:40.34   GameInfo::ResetInfo - SyncLevel set to 0 on reset
19:56:40.35   GameInfo::ResetInfo - SyncLevel set to 0 on reset
19:56:40.35   GameInfo::ResetInfo - SyncLevel set to 0 on reset
19:56:40.35   GameInfo::ResetInfo - SyncLevel set to 0 on reset
19:56:40.35   GameInfo::ResetInfo - SyncLevel set to 0 on reset
19:56:40.35   GameInfo::ResetInfo - SyncLevel set to 0 on reset
19:56:40.35   GameInfo::ResetInfo - SyncLevel set to 0 on reset
19:56:40.35   GameInfo::ResetInfo - SyncLevel set to 0 on reset
19:56:40.35   GameInfo::ResetInfo - SyncLevel set to 0 on reset
19:56:40.35   GameInfo::ResetInfo - SyncLevel set to 0 on reset
19:56:40.35   GameInfo::ResetInfo - SyncLevel set to 0 on reset
19:56:40.35   GameInfo::ResetInfo - SyncLevel set to 0 on reset
19:56:40.35   GameInfo::ResetInfo - SyncLevel set to 0 on reset
19:56:40.35   GameInfo::ResetInfo - SyncLevel set to 0 on reset
19:56:40.35   GameInfo::ResetInfo - SyncLevel set to 0 on reset
19:56:40.35   GameInfo::ResetInfo - SyncLevel set to 0 on reset
19:56:40.35   GameInfo::ResetInfo - SyncLevel set to 0 on reset
19:56:40.35   GAME -- Error reading header for recorded game PLAYBACK:8P_MONTARGIS_REGION_POINTS_UP.2019-01-28.01-38-28.rec
19:56:40.35   GameInfo::ResetInfo - SyncLevel set to 0 on reset
19:56:40.35   GameInfo::ResetInfo - SyncLevel set to 0 on reset
19:56:40.35   GameInfo::ResetInfo - SyncLevel set to 0 on reset
19:56:40.35   GAME -- Error reading header for recorded game PLAYBACK:8P_MONTARGIS_REGION_POINTS_UP.2019-08-27.22-25-49.rec
19:56:40.35   GameInfo::ResetInfo - SyncLevel set to 0 on reset
19:56:40.35   GameInfo::ResetInfo - SyncLevel set to 0 on reset
19:56:40.35   GameInfo::ResetInfo - SyncLevel set to 0 on reset
19:56:40.35   GameInfo::ResetInfo - SyncLevel set to 0 on reset
19:56:40.35   GameInfo::ResetInfo - SyncLevel set to 0 on reset
19:56:40.35   GameInfo::ResetInfo - SyncLevel set to 0 on reset
19:56:40.35   GameInfo::ResetInfo - SyncLevel set to 0 on reset
19:56:40.35   GameInfo::ResetInfo - SyncLevel set to 0 on reset
19:56:40.36   GameInfo::ResetInfo - SyncLevel set to 0 on reset
19:56:40.36   GameInfo::ResetInfo - SyncLevel set to 0 on reset
19:56:40.36   GameInfo::ResetInfo - SyncLevel set to 0 on reset
19:56:40.36   GameInfo::ResetInfo - SyncLevel set to 0 on reset
19:56:40.36   GameInfo::ResetInfo - SyncLevel set to 0 on reset
19:56:40.36   GameInfo::ResetInfo - SyncLevel set to 0 on reset
19:56:40.36   GameInfo::ResetInfo - SyncLevel set to 0 on reset
19:56:40.36   GameInfo::ResetInfo - SyncLevel set to 0 on reset
19:56:40.36   GameInfo::ResetInfo - SyncLevel set to 0 on reset
19:56:40.36   GameInfo::ResetInfo - SyncLevel set to 0 on reset
19:56:40.36   GameInfo::ResetInfo - SyncLevel set to 0 on reset
19:56:40.36   GameInfo::ResetInfo - SyncLevel set to 0 on reset
19:56:40.36   GameInfo::ResetInfo - SyncLevel set to 0 on reset
19:56:40.36   GameInfo::ResetInfo - SyncLevel set to 0 on reset
19:56:40.36   GameInfo::ResetInfo - SyncLevel set to 0 on reset
19:56:40.36   GameInfo::ResetInfo - SyncLevel set to 0 on reset
19:56:40.36   GameInfo::ResetInfo - SyncLevel set to 0 on reset
19:56:40.36   GameInfo::ResetInfo - SyncLevel set to 0 on reset
19:56:40.36   GameInfo::ResetInfo - SyncLevel set to 0 on reset
19:56:40.36   GameInfo::ResetInfo - SyncLevel set to 0 on reset
19:56:40.36   GameInfo::ResetInfo - SyncLevel set to 0 on reset
19:56:40.36   GameInfo::ResetInfo - SyncLevel set to 0 on reset
19:56:40.36   GameInfo::ResetInfo - SyncLevel set to 0 on reset
19:56:40.36   GameInfo::ResetInfo - SyncLevel set to 0 on reset
19:56:40.36   GameInfo::ResetInfo - SyncLevel set to 0 on reset
19:56:40.37   GameInfo::ResetInfo - SyncLevel set to 0 on reset
19:56:40.37   GameInfo::ResetInfo - SyncLevel set to 0 on reset
19:56:40.37   GameInfo::ResetInfo - SyncLevel set to 0 on reset
19:56:40.37   GameInfo::ResetInfo - SyncLevel set to 0 on reset
19:56:40.37   GameInfo::ResetInfo - SyncLevel set to 0 on reset
19:56:40.37   GameInfo::ResetInfo - SyncLevel set to 0 on reset
19:56:40.37   GameInfo::ResetInfo - SyncLevel set to 0 on reset
19:56:40.37   GameInfo::ResetInfo - SyncLevel set to 0 on reset
19:56:40.37   GameInfo::ResetInfo - SyncLevel set to 0 on reset
19:56:40.37   GameInfo::ResetInfo - SyncLevel set to 0 on reset
19:56:40.37   GameInfo::ResetInfo - SyncLevel set to 0 on reset
19:56:40.37   GameInfo::ResetInfo - SyncLevel set to 0 on reset
19:56:40.37   GameInfo::ResetInfo - SyncLevel set to 0 on reset
19:56:40.37   GameInfo::ResetInfo - SyncLevel set to 0 on reset
19:56:40.37   GameInfo::ResetInfo - SyncLevel set to 0 on reset
19:56:40.37   GameInfo::ResetInfo - SyncLevel set to 0 on reset
19:56:40.37   GameInfo::ResetInfo - SyncLevel set to 0 on reset
19:56:40.37   GameInfo::ResetInfo - SyncLevel set to 0 on reset
19:56:40.37   GameInfo::ResetInfo - SyncLevel set to 0 on reset
19:56:40.37   GameInfo::ResetInfo - SyncLevel set to 0 on reset
19:56:40.37   GameInfo::ResetInfo - SyncLevel set to 0 on reset
19:56:40.37   GameInfo::ResetInfo - SyncLevel set to 0 on reset
19:56:40.37   GameInfo::ResetInfo - SyncLevel set to 0 on reset
19:56:40.37   GameInfo::ResetInfo - SyncLevel set to 0 on reset
19:56:40.37   GameInfo::ResetInfo - SyncLevel set to 0 on reset
19:56:40.37   GameInfo::ResetInfo - SyncLevel set to 0 on reset
19:56:40.37   GameInfo::ResetInfo - SyncLevel set to 0 on reset
19:56:40.38   GameInfo::ResetInfo - SyncLevel set to 0 on reset
19:56:40.38   GameInfo::ResetInfo - SyncLevel set to 0 on reset
19:56:40.38   GameInfo::ResetInfo - SyncLevel set to 0 on reset
19:56:40.38   GameInfo::ResetInfo - SyncLevel set to 0 on reset
19:56:40.38   GameInfo::ResetInfo - SyncLevel set to 0 on reset
19:56:40.38   GameInfo::ResetInfo - SyncLevel set to 0 on reset
19:56:40.38   GameInfo::ResetInfo - SyncLevel set to 0 on reset
19:56:40.38   GameInfo::ResetInfo - SyncLevel set to 0 on reset
19:56:40.38   GameInfo::ResetInfo - SyncLevel set to 0 on reset
19:56:40.38   GameInfo::ResetInfo - SyncLevel set to 0 on reset
19:56:40.38   GameInfo::ResetInfo - SyncLevel set to 0 on reset
19:56:40.38   GameInfo::ResetInfo - SyncLevel set to 0 on reset
19:56:40.38   GameInfo::ResetInfo - SyncLevel set to 0 on reset
19:56:40.38   GameInfo::ResetInfo - SyncLevel set to 0 on reset
19:56:40.38   GameInfo::ResetInfo - SyncLevel set to 0 on reset
19:56:40.38   GameInfo::ResetInfo - SyncLevel set to 0 on reset
19:56:40.38   GameInfo::ResetInfo - SyncLevel set to 0 on reset
19:56:40.38   GameInfo::ResetInfo - SyncLevel set to 0 on reset
19:56:40.38   GameInfo::ResetInfo - SyncLevel set to 0 on reset
19:56:40.38   GameInfo::ResetInfo - SyncLevel set to 0 on reset
19:56:40.38   GameInfo::ResetInfo - SyncLevel set to 0 on reset
19:56:40.38   GameInfo::ResetInfo - SyncLevel set to 0 on reset
19:56:40.38   GameInfo::ResetInfo - SyncLevel set to 0 on reset
19:56:40.38   GameInfo::ResetInfo - SyncLevel set to 0 on reset
19:56:40.38   GameInfo::ResetInfo - SyncLevel set to 0 on reset
19:56:40.38   GameInfo::ResetInfo - SyncLevel set to 0 on reset
19:56:40.38   GameInfo::ResetInfo - SyncLevel set to 0 on reset
19:56:40.38   GameInfo::ResetInfo - SyncLevel set to 0 on reset
19:56:40.38   GameInfo::ResetInfo - SyncLevel set to 0 on reset
19:56:40.38   GameInfo::ResetInfo - SyncLevel set to 0 on reset
19:56:40.38   GameInfo::ResetInfo - SyncLevel set to 0 on reset
19:56:40.38   GameInfo::ResetInfo - SyncLevel set to 0 on reset
19:56:40.38   GameInfo::ResetInfo - SyncLevel set to 0 on reset
19:56:40.39   GAME -- Error reading header for recorded game PLAYBACK:fun_high_res_monti.rec
19:56:40.39   GameInfo::ResetInfo - SyncLevel set to 0 on reset
19:56:40.39   GameInfo::ResetInfo - SyncLevel set to 0 on reset
19:56:40.39   GameInfo::ResetInfo - SyncLevel set to 0 on reset
19:56:40.39   GameInfo::ResetInfo - SyncLevel set to 0 on reset
19:56:40.39   GameInfo::ResetInfo - SyncLevel set to 0 on reset
19:56:40.39   GameInfo::ResetInfo - SyncLevel set to 0 on reset
19:56:40.39   GameInfo::ResetInfo - SyncLevel set to 0 on reset
19:56:40.39   GameInfo::ResetInfo - SyncLevel set to 0 on reset
19:56:40.39   GameInfo::ResetInfo - SyncLevel set to 0 on reset
19:56:40.39   GameInfo::ResetInfo - SyncLevel set to 0 on reset
19:56:40.39   GameInfo::ResetInfo - SyncLevel set to 0 on reset
19:56:40.39   GameInfo::ResetInfo - SyncLevel set to 0 on reset
19:56:40.39   GameInfo::ResetInfo - SyncLevel set to 0 on reset
19:56:40.39   GameInfo::ResetInfo - SyncLevel set to 0 on reset
19:56:40.39   GameInfo::ResetInfo - SyncLevel set to 0 on reset
19:56:40.39   GameInfo::ResetInfo - SyncLevel set to 0 on reset
19:56:40.39   GameInfo::ResetInfo - SyncLevel set to 0 on reset
19:56:40.39   GameInfo::ResetInfo - SyncLevel set to 0 on reset
19:56:40.39   GameInfo::ResetInfo - SyncLevel set to 0 on reset
19:56:40.39   GameInfo::ResetInfo - SyncLevel set to 0 on reset
19:56:40.39   GameInfo::ResetInfo - SyncLevel set to 0 on reset
19:56:40.39   GAME -- Error reading header for recorded game PLAYBACK:gdfg.rec
19:56:40.39   GameInfo::ResetInfo - SyncLevel set to 0 on reset
19:56:40.39   GameInfo::ResetInfo - SyncLevel set to 0 on reset
19:56:40.39   GameInfo::ResetInfo - SyncLevel set to 0 on reset
19:56:40.39   GameInfo::ResetInfo - SyncLevel set to 0 on reset
19:56:40.39   GameInfo::ResetInfo - SyncLevel set to 0 on reset
19:56:40.39   GameInfo::ResetInfo - SyncLevel set to 0 on reset
19:56:40.39   GameInfo::ResetInfo - SyncLevel set to 0 on reset
19:56:40.39   GameInfo::ResetInfo - SyncLevel set to 0 on reset
19:56:40.39   GameInfo::ResetInfo - SyncLevel set to 0 on reset
19:56:40.39   GameInfo::ResetInfo - SyncLevel set to 0 on reset
19:56:40.39   GameInfo::ResetInfo - SyncLevel set to 0 on reset
19:56:40.40   GameInfo::ResetInfo - SyncLevel set to 0 on reset
19:56:40.40   GameInfo::ResetInfo - SyncLevel set to 0 on reset
19:56:40.40   GameInfo::ResetInfo - SyncLevel set to 0 on reset
19:56:40.40   GameInfo::ResetInfo - SyncLevel set to 0 on reset
19:56:40.40   GameInfo::ResetInfo - SyncLevel set to 0 on reset
19:56:40.40   GameInfo::ResetInfo - SyncLevel set to 0 on reset
19:56:40.40   GameInfo::ResetInfo - SyncLevel set to 0 on reset
19:56:40.40   GameInfo::ResetInfo - SyncLevel set to 0 on reset
19:56:40.40   GameInfo::ResetInfo - SyncLevel set to 0 on reset
19:56:40.40   GameInfo::ResetInfo - SyncLevel set to 0 on reset
19:56:40.40   GameInfo::ResetInfo - SyncLevel set to 0 on reset
19:56:40.40   GameInfo::ResetInfo - SyncLevel set to 0 on reset
19:56:40.40   GameInfo::ResetInfo - SyncLevel set to 0 on reset
19:56:40.40   GameInfo::ResetInfo - SyncLevel set to 0 on reset
19:56:40.40   GameInfo::ResetInfo - SyncLevel set to 0 on reset
19:56:40.40   GameInfo::ResetInfo - SyncLevel set to 0 on reset
19:56:40.40   GameInfo::ResetInfo - SyncLevel set to 0 on reset
19:56:40.40   GameInfo::ResetInfo - SyncLevel set to 0 on reset
19:56:40.40   GameInfo::ResetInfo - SyncLevel set to 0 on reset
19:56:40.41   GameInfo::ResetInfo - SyncLevel set to 0 on reset
19:56:40.41   GameInfo::ResetInfo - SyncLevel set to 0 on reset
19:56:40.41   GameInfo::ResetInfo - SyncLevel set to 0 on reset
19:56:40.41   GameInfo::ResetInfo - SyncLevel set to 0 on reset
19:56:40.41   GameInfo::ResetInfo - SyncLevel set to 0 on reset
19:56:40.41   GameInfo::ResetInfo - SyncLevel set to 0 on reset
19:56:40.41   GameInfo::ResetInfo - SyncLevel set to 0 on reset
19:56:40.41   GameInfo::ResetInfo - SyncLevel set to 0 on reset
19:56:40.41   GameInfo::ResetInfo - SyncLevel set to 0 on reset
19:56:40.41   GameInfo::ResetInfo - SyncLevel set to 0 on reset
19:56:40.41   GameInfo::ResetInfo - SyncLevel set to 0 on reset
19:56:40.41   GameInfo::ResetInfo - SyncLevel set to 0 on reset
19:56:40.41   GameInfo::ResetInfo - SyncLevel set to 0 on reset
19:56:40.41   GameInfo::ResetInfo - SyncLevel set to 0 on reset
19:56:40.41   GameInfo::ResetInfo - SyncLevel set to 0 on reset
19:56:40.41   GameInfo::ResetInfo - SyncLevel set to 0 on reset
19:56:40.41   GameInfo::ResetInfo - SyncLevel set to 0 on reset
19:56:40.41   GameInfo::ResetInfo - SyncLevel set to 0 on reset
19:56:40.41   GameInfo::ResetInfo - SyncLevel set to 0 on reset
19:56:40.41   GameInfo::ResetInfo - SyncLevel set to 0 on reset
19:56:40.41   GameInfo::ResetInfo - SyncLevel set to 0 on reset
19:56:40.41   GameInfo::ResetInfo - SyncLevel set to 0 on reset
19:56:40.41   GameInfo::ResetInfo - SyncLevel set to 0 on reset
19:56:40.41   GameInfo::ResetInfo - SyncLevel set to 0 on reset
19:56:40.41   GameInfo::ResetInfo - SyncLevel set to 0 on reset
19:56:40.41   GameInfo::ResetInfo - SyncLevel set to 0 on reset
19:56:40.41   GameInfo::ResetInfo - SyncLevel set to 0 on reset
19:56:40.42   GameInfo::ResetInfo - SyncLevel set to 0 on reset
19:56:40.42   GameInfo::ResetInfo - SyncLevel set to 0 on reset
19:56:40.42   GameInfo::ResetInfo - SyncLevel set to 0 on reset
19:56:40.42   GameInfo::ResetInfo - SyncLevel set to 0 on reset
19:56:40.42   GameInfo::ResetInfo - SyncLevel set to 0 on reset
19:56:40.42   GameInfo::ResetInfo - SyncLevel set to 0 on reset
19:56:40.42   GameInfo::ResetInfo - SyncLevel set to 0 on reset
19:56:40.42   GameInfo::ResetInfo - SyncLevel set to 0 on reset
19:56:40.42   GameInfo::ResetInfo - SyncLevel set to 0 on reset
19:56:40.42   GameInfo::ResetInfo - SyncLevel set to 0 on reset
19:56:40.42   GameInfo::ResetInfo - SyncLevel set to 0 on reset
19:56:40.42   GameInfo::ResetInfo - SyncLevel set to 0 on reset
19:56:40.42   GameInfo::ResetInfo - SyncLevel set to 0 on reset
19:56:40.42   GameInfo::ResetInfo - SyncLevel set to 0 on reset
19:56:40.42   GameInfo::ResetInfo - SyncLevel set to 0 on reset
19:56:40.42   GameInfo::ResetInfo - SyncLevel set to 0 on reset
19:56:40.42   GameInfo::ResetInfo - SyncLevel set to 0 on reset
19:56:40.42   GameInfo::ResetInfo - SyncLevel set to 0 on reset
19:56:40.42   GameInfo::ResetInfo - SyncLevel set to 0 on reset
19:56:40.42   GameInfo::ResetInfo - SyncLevel set to 0 on reset
19:56:40.42   GameInfo::ResetInfo - SyncLevel set to 0 on reset
19:56:40.42   GameInfo::ResetInfo - SyncLevel set to 0 on reset
19:56:40.42   GameInfo::ResetInfo - SyncLevel set to 0 on reset
19:56:40.42   GAME -- Error reading header for recorded game PLAYBACK:ischutz_mad.rec
19:56:40.42   GameInfo::ResetInfo - SyncLevel set to 0 on reset
19:56:40.42   GameInfo::ResetInfo - SyncLevel set to 0 on reset
19:56:40.42   GameInfo::ResetInfo - SyncLevel set to 0 on reset
19:56:40.42   GameInfo::ResetInfo - SyncLevel set to 0 on reset
19:56:40.42   GameInfo::ResetInfo - SyncLevel set to 0 on reset
19:56:40.42   GameInfo::ResetInfo - SyncLevel set to 0 on reset
19:56:40.42   GameInfo::ResetInfo - SyncLevel set to 0 on reset
19:56:40.42   GameInfo::ResetInfo - SyncLevel set to 0 on reset
19:56:40.42   GameInfo::ResetInfo - SyncLevel set to 0 on reset
19:56:40.42   GameInfo::ResetInfo - SyncLevel set to 0 on reset
19:56:40.42   GameInfo::ResetInfo - SyncLevel set to 0 on reset
19:56:40.42   GameInfo::ResetInfo - SyncLevel set to 0 on reset
19:56:40.42   GameInfo::ResetInfo - SyncLevel set to 0 on reset
19:56:40.42   GameInfo::ResetInfo - SyncLevel set to 0 on reset
19:56:40.42   GameInfo::ResetInfo - SyncLevel set to 0 on reset
19:56:40.43   GameInfo::ResetInfo - SyncLevel set to 0 on reset
19:56:40.43   GameInfo::ResetInfo - SyncLevel set to 0 on reset
19:56:40.43   GameInfo::ResetInfo - SyncLevel set to 0 on reset
19:56:40.43   GameInfo::ResetInfo - SyncLevel set to 0 on reset
19:56:40.43   GameInfo::ResetInfo - SyncLevel set to 0 on reset
19:56:40.43   GameInfo::ResetInfo - SyncLevel set to 0 on reset
19:56:40.43   GameInfo::ResetInfo - SyncLevel set to 0 on reset
19:56:40.43   GameInfo::ResetInfo - SyncLevel set to 0 on reset
19:56:40.43   GameInfo::ResetInfo - SyncLevel set to 0 on reset
19:56:40.43   GameInfo::ResetInfo - SyncLevel set to 0 on reset
19:56:40.43   GameInfo::ResetInfo - SyncLevel set to 0 on reset
19:56:40.43   GameInfo::ResetInfo - SyncLevel set to 0 on reset
19:56:40.43   GameInfo::ResetInfo - SyncLevel set to 0 on reset
19:56:40.43   GameInfo::ResetInfo - SyncLevel set to 0 on reset
19:56:40.43   GameInfo::ResetInfo - SyncLevel set to 0 on reset
19:56:40.43   GameInfo::ResetInfo - SyncLevel set to 0 on reset
19:56:40.43   GameInfo::ResetInfo - SyncLevel set to 0 on reset
19:56:40.43   GameInfo::ResetInfo - SyncLevel set to 0 on reset
19:56:40.43   GameInfo::ResetInfo - SyncLevel set to 0 on reset
19:56:40.43   GameInfo::ResetInfo - SyncLevel set to 0 on reset
19:56:40.43   GameInfo::ResetInfo - SyncLevel set to 0 on reset
19:56:40.43   GameInfo::ResetInfo - SyncLevel set to 0 on reset
19:56:40.43   GameInfo::ResetInfo - SyncLevel set to 0 on reset
19:56:40.43   GameInfo::ResetInfo - SyncLevel set to 0 on reset
19:56:40.43   GAME -- Error reading header for recorded game PLAYBACK:MONTARGIS REGION REVISED.2019-06-01.00-22-47.rec
19:56:40.43   GameInfo::ResetInfo - SyncLevel set to 0 on reset
19:56:40.43   GameInfo::ResetInfo - SyncLevel set to 0 on reset
19:56:40.43   GameInfo::ResetInfo - SyncLevel set to 0 on reset
19:56:40.43   GameInfo::ResetInfo - SyncLevel set to 0 on reset
19:56:40.43   GameInfo::ResetInfo - SyncLevel set to 0 on reset
19:56:40.43   GameInfo::ResetInfo - SyncLevel set to 0 on reset
19:56:40.44   GameInfo::ResetInfo - SyncLevel set to 0 on reset
19:56:40.44   GameInfo::ResetInfo - SyncLevel set to 0 on reset
19:56:40.44   GameInfo::ResetInfo - SyncLevel set to 0 on reset
19:56:40.44   GameInfo::ResetInfo - SyncLevel set to 0 on reset
19:56:40.44   GameInfo::ResetInfo - SyncLevel set to 0 on reset
19:56:40.44   GameInfo::ResetInfo - SyncLevel set to 0 on reset
19:56:40.44   GameInfo::ResetInfo - SyncLevel set to 0 on reset
19:56:40.44   GameInfo::ResetInfo - SyncLevel set to 0 on reset
19:56:40.44   GameInfo::ResetInfo - SyncLevel set to 0 on reset
19:56:40.44   GameInfo::ResetInfo - SyncLevel set to 0 on reset
19:56:40.44   GameInfo::ResetInfo - SyncLevel set to 0 on reset
19:56:40.44   GameInfo::ResetInfo - SyncLevel set to 0 on reset
19:56:40.44   GameInfo::ResetInfo - SyncLevel set to 0 on reset
19:56:40.44   GameInfo::ResetInfo - SyncLevel set to 0 on reset
19:56:40.44   GameInfo::ResetInfo - SyncLevel set to 0 on reset
19:56:40.44   GameInfo::ResetInfo - SyncLevel set to 0 on reset
19:56:40.44   GameInfo::ResetInfo - SyncLevel set to 0 on reset
19:56:40.44   GAME -- Error reading header for recorded game PLAYBACK:PE_Baserush_Counter__[GameReplays.org].rec
19:56:40.44   GameInfo::ResetInfo - SyncLevel set to 0 on reset
19:56:40.44   GameInfo::ResetInfo - SyncLevel set to 0 on reset
19:56:40.44   GameInfo::ResetInfo - SyncLevel set to 0 on reset
19:56:40.44   GameInfo::ResetInfo - SyncLevel set to 0 on reset
19:56:40.44   GameInfo::ResetInfo - SyncLevel set to 0 on reset
19:56:40.44   GameInfo::ResetInfo - SyncLevel set to 0 on reset
19:56:40.44   GameInfo::ResetInfo - SyncLevel set to 0 on reset
19:56:40.44   GameInfo::ResetInfo - SyncLevel set to 0 on reset
19:56:40.44   GameInfo::ResetInfo - SyncLevel set to 0 on reset
19:56:40.44   GameInfo::ResetInfo - SyncLevel set to 0 on reset
19:56:40.44   GameInfo::ResetInfo - SyncLevel set to 0 on reset
19:56:40.44   GameInfo::ResetInfo - SyncLevel set to 0 on reset
19:56:40.44   GameInfo::ResetInfo - SyncLevel set to 0 on reset
19:56:40.44   GameInfo::ResetInfo - SyncLevel set to 0 on reset
19:56:40.45   GameInfo::ResetInfo - SyncLevel set to 0 on reset
19:56:40.45   GameInfo::ResetInfo - SyncLevel set to 0 on reset
19:56:40.45   GameInfo::ResetInfo - SyncLevel set to 0 on reset
19:56:40.45   GameInfo::ResetInfo - SyncLevel set to 0 on reset
19:56:40.45   GameInfo::ResetInfo - SyncLevel set to 0 on reset
19:56:40.45   GameInfo::ResetInfo - SyncLevel set to 0 on reset
19:56:40.45   GameInfo::ResetInfo - SyncLevel set to 0 on reset
19:56:40.45   GameInfo::ResetInfo - SyncLevel set to 0 on reset
19:56:40.45   GameInfo::ResetInfo - SyncLevel set to 0 on reset
19:56:40.45   GameInfo::ResetInfo - SyncLevel set to 0 on reset
19:56:40.45   GAME -- Error reading header for recorded game PLAYBACK:Scheldt shit.rec
19:56:40.45   GameInfo::ResetInfo - SyncLevel set to 0 on reset
19:56:40.45   GameInfo::ResetInfo - SyncLevel set to 0 on reset
19:56:40.45   GameInfo::ResetInfo - SyncLevel set to 0 on reset
19:56:40.45   GameInfo::ResetInfo - SyncLevel set to 0 on reset
19:56:40.45   GameInfo::ResetInfo - SyncLevel set to 0 on reset
19:56:40.45   GameInfo::ResetInfo - SyncLevel set to 0 on reset
19:56:40.45   GameInfo::ResetInfo - SyncLevel set to 0 on reset
19:56:40.45   GameInfo::ResetInfo - SyncLevel set to 0 on reset
19:56:40.45   GameInfo::ResetInfo - SyncLevel set to 0 on reset
19:56:40.45   GameInfo::ResetInfo - SyncLevel set to 0 on reset
19:56:40.45   GameInfo::ResetInfo - SyncLevel set to 0 on reset
19:56:40.45   GameInfo::ResetInfo - SyncLevel set to 0 on reset
19:56:40.45   GameInfo::ResetInfo - SyncLevel set to 0 on reset
19:56:40.45   GameInfo::ResetInfo - SyncLevel set to 0 on reset
19:56:40.45   GameInfo::ResetInfo - SyncLevel set to 0 on reset
19:56:40.45   GameInfo::ResetInfo - SyncLevel set to 0 on reset
19:56:40.45   GameInfo::ResetInfo - SyncLevel set to 0 on reset
19:56:40.45   GameInfo::ResetInfo - SyncLevel set to 0 on reset
19:56:40.45   GameInfo::ResetInfo - SyncLevel set to 0 on reset
19:56:40.45   GameInfo::ResetInfo - SyncLevel set to 0 on reset
19:56:40.46   GameInfo::ResetInfo - SyncLevel set to 0 on reset
19:56:40.46   GameInfo::ResetInfo - SyncLevel set to 0 on reset
19:56:40.46   GameInfo::ResetInfo - SyncLevel set to 0 on reset
19:56:40.46   GameInfo::ResetInfo - SyncLevel set to 0 on reset
19:56:40.46   GameInfo::ResetInfo - SyncLevel set to 0 on reset
19:56:40.46   GameInfo::ResetInfo - SyncLevel set to 0 on reset
19:56:40.46   GameInfo::ResetInfo - SyncLevel set to 0 on reset
19:56:40.46   GameInfo::ResetInfo - SyncLevel set to 0 on reset
19:56:40.46   GameInfo::ResetInfo - SyncLevel set to 0 on reset
19:56:40.46   GameInfo::ResetInfo - SyncLevel set to 0 on reset
19:56:40.46   GameInfo::ResetInfo - SyncLevel set to 0 on reset
19:56:40.46   GameInfo::ResetInfo - SyncLevel set to 0 on reset
19:56:40.46   GameInfo::ResetInfo - SyncLevel set to 0 on reset
19:56:40.46   GameInfo::ResetInfo - SyncLevel set to 0 on reset
19:56:40.46   GameInfo::ResetInfo - SyncLevel set to 0 on reset
19:56:40.46   GameInfo::ResetInfo - SyncLevel set to 0 on reset
19:56:40.46   GameInfo::ResetInfo - SyncLevel set to 0 on reset
19:56:40.46   GameInfo::ResetInfo - SyncLevel set to 0 on reset
19:56:40.46   GameInfo::ResetInfo - SyncLevel set to 0 on reset
19:56:40.46   GameInfo::ResetInfo - SyncLevel set to 0 on reset
19:56:40.46   GameInfo::ResetInfo - SyncLevel set to 0 on reset
19:56:40.46   GameInfo::ResetInfo - SyncLevel set to 0 on reset
19:56:40.46   GameInfo::ResetInfo - SyncLevel set to 0 on reset
19:56:40.46   GameInfo::ResetInfo - SyncLevel set to 0 on reset
19:56:40.46   GameInfo::ResetInfo - SyncLevel set to 0 on reset
19:56:40.46   GameInfo::ResetInfo - SyncLevel set to 0 on reset
19:56:40.46   GameInfo::ResetInfo - SyncLevel set to 0 on reset
19:56:40.46   GameInfo::ResetInfo - SyncLevel set to 0 on reset
19:56:40.47   GameInfo::ResetInfo - SyncLevel set to 0 on reset
19:56:40.47   GameInfo::ResetInfo - SyncLevel set to 0 on reset
19:56:40.47   GameInfo::ResetInfo - SyncLevel set to 0 on reset
19:56:40.47   GameInfo::ResetInfo - SyncLevel set to 0 on reset
19:56:40.47   GameInfo::ResetInfo - SyncLevel set to 0 on reset
19:56:40.47   GameInfo::ResetInfo - SyncLevel set to 0 on reset
19:56:40.47   GameInfo::ResetInfo - SyncLevel set to 0 on reset
19:56:40.47   GameInfo::ResetInfo - SyncLevel set to 0 on reset
19:56:40.47   GameInfo::ResetInfo - SyncLevel set to 0 on reset
19:56:40.47   GameInfo::ResetInfo - SyncLevel set to 0 on reset
19:56:40.47   GameInfo::ResetInfo - SyncLevel set to 0 on reset
19:56:40.47   GameInfo::ResetInfo - SyncLevel set to 0 on reset
19:56:40.47   GameInfo::ResetInfo - SyncLevel set to 0 on reset
19:56:40.47   GameInfo::ResetInfo - SyncLevel set to 0 on reset
19:56:40.47   GameInfo::ResetInfo - SyncLevel set to 0 on reset
19:56:40.47   GameInfo::ResetInfo - SyncLevel set to 0 on reset
19:56:40.47   GameInfo::ResetInfo - SyncLevel set to 0 on reset
19:56:40.47   GameInfo::ResetInfo - SyncLevel set to 0 on reset
19:56:40.47   GameInfo::ResetInfo - SyncLevel set to 0 on reset
19:56:40.47   GameInfo::ResetInfo - SyncLevel set to 0 on reset
19:56:40.47   GameInfo::ResetInfo - SyncLevel set to 0 on reset
19:56:40.47   GameInfo::ResetInfo - SyncLevel set to 0 on reset
19:56:40.47   GameInfo::ResetInfo - SyncLevel set to 0 on reset
19:56:40.47   GameInfo::ResetInfo - SyncLevel set to 0 on reset
19:56:40.47   GameInfo::ResetInfo - SyncLevel set to 0 on reset
19:56:40.47   GameInfo::ResetInfo - SyncLevel set to 0 on reset
19:56:40.47   GameInfo::ResetInfo - SyncLevel set to 0 on reset
19:56:40.47   GameInfo::ResetInfo - SyncLevel set to 0 on reset
19:56:40.47   GameInfo::ResetInfo - SyncLevel set to 0 on reset
19:56:40.47   GameInfo::ResetInfo - SyncLevel set to 0 on reset
19:56:40.47   GameInfo::ResetInfo - SyncLevel set to 0 on reset
19:56:40.47   GameInfo::ResetInfo - SyncLevel set to 0 on reset
19:56:40.48   GameInfo::ResetInfo - SyncLevel set to 0 on reset
19:56:40.48   GameInfo::ResetInfo - SyncLevel set to 0 on reset
19:56:40.48   GameInfo::ResetInfo - SyncLevel set to 0 on reset
19:56:40.48   GameInfo::ResetInfo - SyncLevel set to 0 on reset
19:56:40.48   GameInfo::ResetInfo - SyncLevel set to 0 on reset
19:56:40.48   GameInfo::ResetInfo - SyncLevel set to 0 on reset
19:56:40.48   GameInfo::ResetInfo - SyncLevel set to 0 on reset
19:56:40.48   GameInfo::ResetInfo - SyncLevel set to 0 on reset
19:56:40.48   GameInfo::ResetInfo - SyncLevel set to 0 on reset
19:56:40.48   GameInfo::ResetInfo - SyncLevel set to 0 on reset
19:56:40.48   GameInfo::ResetInfo - SyncLevel set to 0 on reset
19:56:40.48   GameInfo::ResetInfo - SyncLevel set to 0 on reset
19:56:40.48   GameInfo::ResetInfo - SyncLevel set to 0 on reset
19:56:40.48   GameInfo::ResetInfo - SyncLevel set to 0 on reset
19:56:40.48   GameInfo::ResetInfo - SyncLevel set to 0 on reset
19:56:40.48   GameInfo::ResetInfo - SyncLevel set to 0 on reset
19:56:40.48   GameInfo::ResetInfo - SyncLevel set to 0 on reset
19:56:40.48   GameInfo::ResetInfo - SyncLevel set to 0 on reset
19:56:40.48   GameInfo::ResetInfo - SyncLevel set to 0 on reset
19:56:40.48   GameInfo::ResetInfo - SyncLevel set to 0 on reset
19:56:40.48   GameInfo::ResetInfo - SyncLevel set to 0 on reset
19:56:40.48   GameInfo::ResetInfo - SyncLevel set to 0 on reset
19:56:40.48   GameInfo::ResetInfo - SyncLevel set to 0 on reset
19:56:40.48   GameInfo::ResetInfo - SyncLevel set to 0 on reset
19:56:40.48   GameInfo::ResetInfo - SyncLevel set to 0 on reset
19:56:40.48   GameInfo::ResetInfo - SyncLevel set to 0 on reset
19:56:40.48   GameInfo::ResetInfo - SyncLevel set to 0 on reset
19:56:40.48   GameInfo::ResetInfo - SyncLevel set to 0 on reset
19:56:41.85   RLINK -- NetworkManager::DispatchEvents() - Warning - Time between calls was 4085 ms
19:56:44.43   FILESYSTEM -- filepath failure, missing alias 'C:\USERS\RICHA\ONEDRIVE\DOCUMENTEN\MY GAMES\COMPANY OF HEROES RELAUNCH\cache\data\ui\1153274935.jpg'
19:56:44.88   FILESYSTEM -- filepath failure, missing alias 'C:\USERS\RICHA\ONEDRIVE\DOCUMENTEN\MY GAMES\COMPANY OF HEROES RELAUNCH\cache\data\ui\1134980483.jpg'
19:56:45.35   FILESYSTEM -- filepath failure, missing alias 'C:\USERS\RICHA\ONEDRIVE\DOCUMENTEN\MY GAMES\COMPANY OF HEROES RELAUNCH\cache\data\ui\1857529859.jpg'
19:56:45.87   FILESYSTEM -- filepath failure, missing alias 'C:\USERS\RICHA\ONEDRIVE\DOCUMENTEN\MY GAMES\COMPANY OF HEROES RELAUNCH\cache\data\ui\1297608405.jpg'
19:56:46.50   FILESYSTEM -- filepath failure, missing alias 'C:\USERS\RICHA\ONEDRIVE\DOCUMENTEN\MY GAMES\COMPANY OF HEROES RELAUNCH\cache\data\ui\938266491.jpg'
19:56:46.99   FILESYSTEM -- filepath failure, missing alias 'C:\USERS\RICHA\ONEDRIVE\DOCUMENTEN\MY GAMES\COMPANY OF HEROES RELAUNCH\cache\data\ui\939918325.jpg'
19:56:47.58   FILESYSTEM -- filepath failure, missing alias 'C:\USERS\RICHA\ONEDRIVE\DOCUMENTEN\MY GAMES\COMPANY OF HEROES RELAUNCH\cache\data\ui\1088684886.jpg'
19:56:48.03   FILESYSTEM -- filepath failure, missing alias 'C:\USERS\RICHA\ONEDRIVE\DOCUMENTEN\MY GAMES\COMPANY OF HEROES RELAUNCH\cache\data\ui\1526299391.jpg'
19:56:48.62   FILESYSTEM -- filepath failure, missing alias '.sgb'
19:56:48.62   FILESYSTEM -- filepath failure, missing alias '.sgb'
19:56:48.74   FILESYSTEM -- filepath failure, missing alias 'C:\USERS\RICHA\ONEDRIVE\DOCUMENTEN\MY GAMES\COMPANY OF HEROES RELAUNCH\cache\data\ui\1180207942.jpg'
19:56:49.59   FILESYSTEM -- filepath failure, missing alias 'C:\USERS\RICHA\ONEDRIVE\DOCUMENTEN\MY GAMES\COMPANY OF HEROES RELAUNCH\cache\data\ui\2228007380.jpg'
19:56:50.11   FILESYSTEM -- filepath failure, missing alias 'C:\USERS\RICHA\ONEDRIVE\DOCUMENTEN\MY GAMES\COMPANY OF HEROES RELAUNCH\cache\data\ui\1300217560.jpg'
19:56:50.16   FILESYSTEM -- filepath failure, missing alias '.sgb'
19:56:50.84   FILESYSTEM -- filepath failure, missing alias 'C:\USERS\RICHA\ONEDRIVE\DOCUMENTEN\MY GAMES\COMPANY OF HEROES RELAUNCH\cache\data\ui\1134779396.jpg'
19:56:52.17   FILESYSTEM -- filepath failure, missing alias 'C:\USERS\RICHA\ONEDRIVE\DOCUMENTEN\MY GAMES\COMPANY OF HEROES RELAUNCH\cache\data\ui\1245953620.jpg'
19:56:52.91   FILESYSTEM -- filepath failure, missing alias 'C:\USERS\RICHA\ONEDRIVE\DOCUMENTEN\MY GAMES\COMPANY OF HEROES RELAUNCH\cache\data\ui\1367670203.jpg'
19:56:53.84   FILESYSTEM -- filepath failure, missing alias 'C:\USERS\RICHA\ONEDRIVE\DOCUMENTEN\MY GAMES\COMPANY OF HEROES RELAUNCH\cache\data\ui\939839389.jpg'
19:56:54.37   FILESYSTEM -- filepath failure, missing alias 'C:\USERS\RICHA\ONEDRIVE\DOCUMENTEN\MY GAMES\COMPANY OF HEROES RELAUNCH\cache\data\ui\1083176888.jpg'
19:56:57.34   Activating screen: MessageBoxPopup
19:56:57.34   RLINK -- JoinAsync: Starting AsyncJob...
19:56:57.49   RLINK -- BT! - SockInit: SOCK_FD_SET_SIZE = 64
19:56:57.50   RLINK -- DBG - SockConnect: 0/s->stHandle=6068
19:56:57.50   RLINK -- DBG - SockConnect: 0/6068 connect deferred (in progress)
19:56:57.61   RLINK -- DBG - SockAnimateAll: socket 0/6068 connection complete.
19:56:57.73   RLINK -- battleserverrelay - Connected: 
Connection [ 1/ 1] - local=192.168.50.236:54651, remote=3.210.115.18:27025, type=CONNECT, timeTookToConnectMS=234, silentTimeMS=0, lastSockError=0
19:56:57.75   RLINK -- OnlineJoinAsync success
19:56:57.75   RLINK -- Session::Initialize - info, initializing session object, using threads.
19:56:57.75   RLINK -- SessionManager::RegisterSession - Registering RL_NEW session 155646a0
19:56:57.75   RLINK -- Created Matchinfo for sessionID 112388013
19:56:57.75   RLINK -- OnJoinAdvertisementSuccess - joined online match, server leave notification required
19:56:57.76   RLINK -- Transport::OpenInternal request to WINaddr:255.255.255.255:6112;
19:56:57.76   RLINK -- Transport::OpenInternal request to WINaddr:255.255.255.255:6112;
19:56:57.76   RLINK -- Allocated route ID=0 for PeerID 0 at WINaddr:192.168.50.236:6112;
19:56:57.76   RLINK -- Transport::OpenInternal request to WINaddr:192.168.50.236:6112;
19:56:57.76   RLINK -- Session::Connect sid = 6B2E7AD, hostURL = , local addresses = WINaddr:192.168.50.236:6112;
19:56:58.23   RLINK -- Sending PeerID 1 no longer exist, sessionID=6B2E7AD
19:56:58.23   RLINK -- Session::PollTransportEvents AddPeerMessage from peer 0 recv'd for existing pending peer 0, the local peer
19:56:58.23   RLINK -- Session - highest peerID now : 8
19:56:58.23   RLINK -- Session::PollTransportEvents AddPeerMessage from peer 0 recv'd for existing pending peer 0, the host
19:56:58.23   RLINK -- Session::PollTransportEvents AddPeerMessage from peer 1 recv'd for unknown peer at address list WINaddr:192.168.91.212:6112;
19:56:58.23   RLINK -- Transport::OpenInternal request to WINaddr:255.255.255.255:6112;
19:56:58.23   RLINK -- Session::CheckAddress - initiating address check for WINaddr:192.168.91.212:6112;
19:56:58.23   RLINK -- Session::PollTransportEvents AddPeerMessage from peer 1 recv'd for unknown peer at address list WINaddr:192.168.0.23:6112;
19:56:58.23   RLINK -- Transport::OpenInternal request to WINaddr:255.255.255.255:6112;
19:56:58.23   RLINK -- Session::CheckAddress - initiating address check for WINaddr:192.168.0.23:6112;
19:56:58.23   RLINK -- Session::PollTransportEvents AddPeerMessage from peer 1 recv'd for unknown peer at address list WINaddr:192.168.10.3:6112;
19:56:58.23   RLINK -- Transport::OpenInternal request to WINaddr:255.255.255.255:6112;
19:56:58.23   RLINK -- Session::CheckAddress - initiating address check for WINaddr:192.168.10.3:6112;
19:56:58.23   RLINK -- Session::PollTransportEvents AddPeerMessage from peer 1 recv'd for unknown peer at address list WINaddr:192.168.1.33:6112;
19:56:58.23   RLINK -- Transport::OpenInternal request to WINaddr:255.255.255.255:6112;
19:56:58.23   RLINK -- Session::CheckAddress - initiating address check for WINaddr:192.168.1.33:6112;
19:56:58.23   RLINK -- ValidateCustomData: called with 899 bytes of custom data
19:56:58.23   RLINK -- Client accepted Peer 8 into the match at address list = WINaddr:192.168.50.236:6112;, routes = WINaddr:192.168.50.236:6112;
19:56:58.23   RLINK -- Session::GetEvent - probing service provided NAT'd routes
19:56:58.23   RLINK -- WorldwideAdvertisementService::Process - EVENT_NEWPEER
19:56:58.23   RLINK -- Session::GetState - info, session [112388013]'s state changed to [2:STATE_CONNECTING].
19:56:58.23   RLINK -- ValidateCustomData: called with 1559 bytes of custom data
19:56:58.23   RLINK -- Client accepted Peer 1 into the match at address list = WINaddr:192.168.1.10:6112;, routes =
19:56:58.23   RLINK -- WorldwideAdvertisementService::Process - EVENT_NEWPEER
19:56:58.23   RLINK -- ValidateCustomData: called with 1849 bytes of custom data
19:56:58.23   RLINK -- Client accepted Peer 2 into the match at address list = WINaddr:192.168.91.212:6112;, routes =
19:56:58.23   RLINK -- WorldwideAdvertisementService::Process - EVENT_NEWPEER
19:56:58.23   RLINK -- ValidateCustomData: called with 725 bytes of custom data
19:56:58.23   RLINK -- Client accepted Peer 3 into the match at address list = WINaddr:192.168.0.23:6112;, routes =
19:56:58.23   RLINK -- WorldwideAdvertisementService::Process - EVENT_NEWPEER
19:56:58.23   RLINK -- ValidateCustomData: called with 1181 bytes of custom data
19:56:58.23   RLINK -- Client accepted Peer 5 into the match at address list = WINaddr:192.168.10.3:6112;, routes =
19:56:58.23   RLINK -- WorldwideAdvertisementService::Process - EVENT_NEWPEER
19:56:58.23   RLINK -- ValidateCustomData: called with 1275 bytes of custom data
19:56:58.23   RLINK -- Client accepted Peer 6 into the match at address list = WINaddr:192.168.1.33:6112;, routes =
19:56:58.23   RLINK -- WorldwideAdvertisementService::Process - EVENT_NEWPEER
19:56:58.26   RLINK -- Session Connection Event - ReasonID: 0 ReasonDebug: SessionOperationInfo::SUCCESS
19:56:58.26   RLINK -- JoinAsync - got operation info 0:SessionOperationInfo::SUCCESS
19:56:58.27   RLINK -- Session::GetState - info, session [112388013]'s state changed to [3:STATE_CONNECTED].
19:56:58.29   RLINK -- local      PeerID 8 LOCL ack=  0 (  0ms~0) unack=  0, retry=  0, highwaterOOS=0 (ip=WINaddr:192.168.50.236:6112;), pending=0, dead=0, RS#=0/0
19:56:58.29   RLINK --       host PeerID 1 RELY ack=  1 (223ms~0) unack=  0, retry=  0, highwaterOOS=0 (ip=WINaddr:192.168.1.10:6112;), pending=0, dead=0, RS#=0/0
19:56:58.29   RLINK --            PeerID 2 RELY ack=  0 (  0ms~0) unack=  0, retry=  0, highwaterOOS=0 (ip=WINaddr:192.168.91.212:6112;), pending=0, dead=0, RS#=0/0
19:56:58.29   RLINK --            PeerID 3 RELY ack=  0 (  0ms~0) unack=  0, retry=  0, highwaterOOS=0 (ip=WINaddr:192.168.0.23:6112;), pending=0, dead=0, RS#=0/0
19:56:58.29   RLINK --            PeerID 5 RELY ack=  0 (  0ms~0) unack=  0, retry=  0, highwaterOOS=0 (ip=WINaddr:192.168.10.3:6112;), pending=0, dead=0, RS#=0/0
19:56:58.29   RLINK --            PeerID 6 RELY ack=  0 (  0ms~0) unack=  0, retry=  0, highwaterOOS=0 (ip=WINaddr:192.168.1.33:6112;), pending=0, dead=0, RS#=0/0
19:56:58.29   RLINK -- MessageCounts: inval=0/0, seek=0/0, join=1/1, ichk=0/0, sk_r=0/0, deny=0/0, Padd=0/12, Pdel=0/0, drop=0/0, data=0/0, mdat=0/0, voip=0/0, rchk=5/0, nudg=0/0, Thdr=0/0, Peer=1/13, PPrx=0/1, ping=0/0, Pfrg=0/0, rely=1/6, lb_p=0/0, lb_c=0/0, cast=0/0, cdat=0/0, sorq1=0/0, sorp=0/0, acto=0/0, spob=0/0, sorq2=0/0
19:56:58.38   RLINK -- [P#8] SrcP# 1 buffer out of seq: 8 expect: 7
19:56:58.62   RLINK -- [P#8] SrcP# 1 buffer out of seq: 9 expect: 7
19:56:58.72   RLINK -- [P#8] SrcP# 1 ignoring old retry: 1 expect: 7
19:56:58.72   RLINK -- [P#8] SrcP# 1 ignoring old retry: 2 expect: 7
19:56:58.72   RLINK -- [P#8] SrcP# 1 ignoring old retry: 3 expect: 7
19:56:58.75   RLINK -- [P#8] SrcP# 1 buffer out of seq: 10 expect: 7
19:56:59.02   RLINK -- Session::ProcessCheckAddressList - sending address check to WINaddr:192.168.91.212:6112;
19:56:59.02   RLINK -- Session::ProcessCheckAddressList - sending address check to WINaddr:192.168.0.23:6112;
19:56:59.02   RLINK -- Session::ProcessCheckAddressList - sending address check to WINaddr:192.168.10.3:6112;
19:56:59.02   RLINK -- Session::ProcessCheckAddressList - sending address check to WINaddr:192.168.1.33:6112;
19:56:59.03   RLINK -- Transport - Largest sent is now 36
19:56:59.23   RLINK -- [P#8] SrcP# 1 ignoring old retry: 1 expect: 7
19:56:59.23   RLINK -- [P#8] SrcP# 1 ignoring old retry: 2 expect: 7
19:56:59.23   RLINK -- [P#8] SrcP# 1 ignoring old retry: 3 expect: 7
19:56:59.71   RLINK -- [P#8] SrcP# 1 ignoring old retry: 1 expect: 7
19:56:59.71   RLINK -- [P#8] SrcP# 1 ignoring old retry: 2 expect: 7
19:56:59.71   RLINK -- [P#8] SrcP# 1 ignoring old retry: 3 expect: 7
19:57:00.02   RLINK -- Session::ProcessCheckAddressList - sending address check to WINaddr:192.168.91.212:6112;
19:57:00.02   RLINK -- Session::ProcessCheckAddressList - sending address check to WINaddr:192.168.0.23:6112;
19:57:00.02   RLINK -- Session::ProcessCheckAddressList - sending address check to WINaddr:192.168.10.3:6112;
19:57:00.02   RLINK -- Session::ProcessCheckAddressList - sending address check to WINaddr:192.168.1.33:6112;
19:57:00.14   RLINK -- [P#8] SrcP# 1 buffer out of seq: 11 expect: 7
19:57:00.23   RLINK -- [P#8] SrcP# 1 ignoring old retry: 1 expect: 7
19:57:00.23   RLINK -- [P#8] SrcP# 1 ignoring old retry: 2 expect: 7
19:57:00.35   RLINK -- [P#8] SrcP# 1 ignoring old retry: 3 expect: 7
19:57:01.02   RLINK -- Session::ProcessCheckAddressList - sending address check to WINaddr:192.168.91.212:6112;
19:57:01.02   RLINK -- Session::ProcessCheckAddressList - sending address check to WINaddr:192.168.0.23:6112;
19:57:01.02   RLINK -- Session::ProcessCheckAddressList - sending address check to WINaddr:192.168.10.3:6112;
19:57:01.02   RLINK -- Session::ProcessCheckAddressList - sending address check to WINaddr:192.168.1.33:6112;
19:57:01.36   RLINK -- [P#8] SrcP# 1 ignoring old retry: 1 expect: 7
19:57:01.48   RLINK -- [P#8] SrcP# 1 ignoring old retry: 2 expect: 7
19:57:01.48   RLINK -- [P#8] SrcP# 1 ignoring old retry: 3 expect: 7
19:57:02.02   RLINK -- SrcP# 1 ignore old out of seq: 8 expect: 9
19:57:02.02   RLINK -- SrcP# 1 erase out of seq: 8 expect: 9
19:57:02.02   RLINK -- SrcP# 1 deliver out of seq: 9 expect: 9
19:57:02.02   RLINK -- SrcP# 1 erase out of seq: 9 expect: 9
19:57:02.02   RLINK -- SrcP# 1 deliver out of seq: 10 expect: 10
19:57:02.02   RLINK -- SrcP# 1 erase out of seq: 10 expect: 10
19:57:02.02   RLINK -- SrcP# 1 deliver out of seq: 11 expect: 11
19:57:02.02   RLINK -- SrcP# 1 erase out of seq: 11 expect: 11
19:57:02.02   RLINK -- Session::ProcessCheckAddressList - sending address check to WINaddr:192.168.91.212:6112;
19:57:02.02   RLINK -- Session::ProcessCheckAddressList - sending address check to WINaddr:192.168.0.23:6112;
19:57:02.02   RLINK -- Session::ProcessCheckAddressList - sending address check to WINaddr:192.168.10.3:6112;
19:57:02.02   RLINK -- Session::ProcessCheckAddressList - sending address check to WINaddr:192.168.1.33:6112;
19:57:02.02   RLINK -- Accepted matchInfo updated 169 from host
19:57:02.02   RLINK -- Accepted matchInfo updated 170 from host
19:57:02.02   RLINK -- Accepted matchInfo updated 171 from host
19:57:02.02   RLINK -- Accepted matchInfo updated 174 from host
19:57:02.02   RLINK -- Accepted matchInfo updated 175 from host
19:57:02.04   RLINK -- JoinAsync - completed with JoinResult = 0
19:57:02.04   RLINK -- JoinAsync - completed with JoinResult = 0:AdvertisementJoinEvent::R_Success
19:57:02.04   Activating screen: OnlineGameSetup
19:57:02.04   Activating screen: RelicOnlineTabs
19:57:02.04   RLINK -- WorldwideAutomatchService::OnJoinComplete - automatcher is no longer active - ignoring
19:57:02.04   RLINK -- JoinAsync: AsyncJob Complete...
19:57:02.04   Map 8p_montargis region does not have a valid operation type
19:57:02.17   GetMaxFrameTimeFromProfile: players=8 expected FPS=54.660019, bars=5, max avg=0.016, sd=0.003, 5 samples =  0.01 0.01 0.02 0.02 0.02
19:57:02.39   RLINK -- [P#8] SrcP# 1 ignoring old retry: 9 expect: 12
19:57:02.75   RLINK -- SENDING RETRY - Peer 8 to Peer 1 retryTimeMS        723 oneMsg.lastTransmitTime      49173, timeSinceLastTransmitMS        731 | Peer RS--- M#00000001 Sack00000011 NSack00000000 (C0.0% S:0.0) [ PKT SIZE:18 data DestChannel:�<�, Size:14  ]
19:57:02.75   RLINK -- SENDING RETRY - Peer 8 to Peer 1 retryTimeMS        723 oneMsg.lastTransmitTime      49173, timeSinceLastTransmitMS        731 | Peer RS--- M#00000002 Sack00000011 NSack00000000 (C0.0% S:0.0) [ PKT SIZE:18 data DestChannel:� ]
19:57:02.75   RLINK -- SENDING RETRY - Peer 8 to Peer 1 retryTimeMS        723 oneMsg.lastTransmitTime      49173, timeSinceLastTransmitMS        731 | Peer RS--- M#00000003 Sack00000011 NSack00000000 (C0.0% S:0.0) [ PKT SIZE:18 data DestChannel:�<�, Size:14  ]
19:57:03.00   RLINK -- Session::ProcessCheckAddressList - sending address check to WINaddr:192.168.91.212:6112;
19:57:03.00   RLINK -- Session::ProcessCheckAddressList - sending address check to WINaddr:192.168.0.23:6112;
19:57:03.00   RLINK -- Session::ProcessCheckAddressList - sending address check to WINaddr:192.168.10.3:6112;
19:57:03.00   RLINK -- Session::ProcessCheckAddressList - sending address check to WINaddr:192.168.1.33:6112;
19:57:03.18   Activating screen: DynamicPopupMenu
19:57:03.25   OnlinePlayerListEntry::OnEnterSlot - Slot 1 selected...
19:57:03.39   RLINK -- Accepted matchInfo updated 178 from host
19:57:04.02   RLINK -- Session::ProcessCheckAddressList - sending address check to WINaddr:192.168.91.212:6112;
19:57:04.02   RLINK -- Session::ProcessCheckAddressList - sending address check to WINaddr:192.168.0.23:6112;
19:57:04.02   RLINK -- Session::ProcessCheckAddressList - sending address check to WINaddr:192.168.10.3:6112;
19:57:04.02   RLINK -- Session::ProcessCheckAddressList - sending address check to WINaddr:192.168.1.33:6112;
19:57:04.52   RLINK -- Accepted matchInfo updated 179 from host
19:57:04.52   RLINK -- Accepted matchInfo updated 180 from host
19:57:04.53   GetMaxFrameTimeFromProfile: players=8 expected FPS=54.660019, bars=5, max avg=0.016, sd=0.003, 5 samples =  0.01 0.01 0.02 0.02 0.02
19:57:05.02   RLINK -- Session::ProcessCheckAddressList - sending address check to WINaddr:192.168.91.212:6112;
19:57:05.02   RLINK -- Session::ProcessCheckAddressList - sending address check to WINaddr:192.168.0.23:6112;
19:57:05.02   RLINK -- Session::ProcessCheckAddressList - sending address check to WINaddr:192.168.10.3:6112;
19:57:05.02   RLINK -- Session::ProcessCheckAddressList - sending address check to WINaddr:192.168.1.33:6112;
19:57:05.27   RLINK -- Accepted matchInfo updated 181 from host
19:57:05.39   RLINK -- Accepted matchInfo updated 184 from host
19:57:05.39   RLINK -- Accepted matchInfo updated 185 from host
19:57:06.02   RLINK -- Session::ProcessCheckAddressList - sending address check to WINaddr:192.168.91.212:6112;
19:57:06.02   RLINK -- Session::ProcessCheckAddressList - sending address check to WINaddr:192.168.0.23:6112;
19:57:06.02   RLINK -- Session::ProcessCheckAddressList - sending address check to WINaddr:192.168.10.3:6112;
19:57:06.02   RLINK -- Session::ProcessCheckAddressList - sending address check to WINaddr:192.168.1.33:6112;
19:57:07.02   RLINK -- Session::ProcessCheckAddressList - sending address check to WINaddr:192.168.91.212:6112;
19:57:07.02   RLINK -- Session::ProcessCheckAddressList - sending address check to WINaddr:192.168.0.23:6112;
19:57:07.02   RLINK -- Session::ProcessCheckAddressList - sending address check to WINaddr:192.168.10.3:6112;
19:57:07.02   RLINK -- Session::ProcessCheckAddressList - sending address check to WINaddr:192.168.1.33:6112;
19:57:08.02   RLINK -- Session::ProcessCheckAddressList - sending address check to WINaddr:192.168.91.212:6112;
19:57:08.02   RLINK -- Session::ProcessCheckAddressList - sending address check to WINaddr:192.168.0.23:6112;
19:57:08.02   RLINK -- Session::ProcessCheckAddressList - sending address check to WINaddr:192.168.10.3:6112;
19:57:08.02   RLINK -- Session::ProcessCheckAddressList - sending address check to WINaddr:192.168.1.33:6112;
19:57:08.05   RLINK -- SENDING FORCED ACK from Peer 8 to Peer 3 - timeSinceLastAckMS       9821, transmitAckLastTimeMS      55204 | Peer ---E- M#00000000 Sack00000001 NSack00000000 (C0.0% S:0.0) [  ]
19:57:09.02   RLINK -- Session::ProcessCheckAddressList - sending address check to WINaddr:192.168.91.212:6112;
19:57:09.02   RLINK -- Session::ProcessCheckAddressList - address WINaddr:192.168.91.212:6112; timed out
19:57:09.02   RLINK -- Session::ProcessCheckAddressList - sending address check to WINaddr:192.168.0.23:6112;
19:57:09.02   RLINK -- Session::ProcessCheckAddressList - address WINaddr:192.168.0.23:6112; timed out
19:57:09.02   RLINK -- Session::ProcessCheckAddressList - sending address check to WINaddr:192.168.10.3:6112;
19:57:09.02   RLINK -- Session::ProcessCheckAddressList - address WINaddr:192.168.10.3:6112; timed out
19:57:09.02   RLINK -- Session::ProcessCheckAddressList - sending address check to WINaddr:192.168.1.33:6112;
19:57:09.02   RLINK -- Session::ProcessCheckAddressList - address WINaddr:192.168.1.33:6112; timed out
19:57:11.10   Activating screen: DynamicPopupMenu
19:57:11.18   Activating screen: RelicOnlineStatsPopup
19:57:13.44   DataDeactivate - no more things to deactivate. bailing.
19:57:15.51   Activating screen: FriendsListPopup
19:57:17.20   Activating screen: DynamicPopupMenu
19:57:29.91   RLINK -- SENDING FORCED ACK from Peer 8 to Peer 2 - timeSinceLastAckMS       2583, transmitAckLastTimeMS      77063 | Peer ---E- M#00000000 Sack00000001 NSack00000000 (C0.0% S:0.0) [  ]
19:57:31.00   RLINK -- Transport - median kBPS [hi/cur] sent = 0.1/0.0, recvd = 0.0/0.0, #p/sec[s/r] = 0.7/0.0, max unsent 0, version err 0, merge 0
19:57:34.68   RLINK -- SENDING FORCED ACK from Peer 8 to Peer 3 - timeSinceLastAckMS       3308, transmitAckLastTimeMS      81830 | Peer ---E- M#00000000 Sack00000002 NSack00000000 (C0.0% S:0.0) [  ]
19:57:40.78   Re-winding a compressed stream for file 'data:sound\wav\music\frontend\opening_ambience_tg\opening_ambience_with_birds.smf'.  Expensive operation
19:57:46.25   Activating screen: DynamicPopupMenu
19:57:46.31   Activating screen: RelicOnlineStatsPopup
19:57:49.67   RLINK -- SENDING FORCED ACK from Peer 8 to Peer 3 - timeSinceLastAckMS      14993, transmitAckLastTimeMS      96823 | Peer ---E- M#00000000 Sack00000003 NSack00000000 (C0.0% S:0.0) [  ]
19:57:50.21   DataDeactivate - no more things to deactivate. bailing.
19:57:59.02   RLINK -- local      PeerID 8 LOCL ack=  0 (  0ms~0) unack=  0, retry=  0, highwaterOOS=0 (ip=WINaddr:192.168.50.236:6112;), pending=0, dead=0, RS#=0/0
19:57:59.02   RLINK --       host PeerID 1 RELY ack= 21 (778ms~238) unack=  0, retry=  3, highwaterOOS=4 (ip=WINaddr:192.168.1.10:6112;), pending=0, dead=0, RS#=20/20
19:57:59.02   RLINK --            PeerID 2 RELY ack=  2 (524ms~77) unack=  0, retry=  0, highwaterOOS=0 (ip=WINaddr:192.168.91.212:6112;), pending=0, dead=0, RS#=2/2
19:57:59.02   RLINK --            PeerID 3 RELY ack=  2 (464ms~43) unack=  0, retry=  0, highwaterOOS=0 (ip=WINaddr:192.168.0.23:6112;), pending=0, dead=0, RS#=2/2
19:57:59.02   RLINK --            PeerID 5 RELY ack=  2 (524ms~77) unack=  0, retry=  0, highwaterOOS=0 (ip=WINaddr:192.168.10.3:6112;), pending=0, dead=0, RS#=2/2
19:57:59.02   RLINK --            PeerID 6 RELY ack=  2 (524ms~77) unack=  0, retry=  0, highwaterOOS=0 (ip=WINaddr:192.168.1.33:6112;), pending=0, dead=0, RS#=2/2
19:57:59.02   RLINK -- MessageCounts: inval=0/0, seek=0/0, join=0/0, ichk=0/0, sk_r=0/0, deny=0/0, Padd=0/15, Pdel=0/0, drop=0/0, data=28/21, mdat=0/0, voip=0/0, rchk=44/0, nudg=18/34, Thdr=44/0, Peer=100/95, PPrx=27/62, ping=0/0, Pfrg=0/0, rely=18/32, lb_p=2/2, lb_c=0/0, cast=0/0, cdat=0/0, sorq1=0/0, sorp=0/0, acto=0/0, spob=0/0, sorq2=0/0
19:58:07.57   RLINK -- SENDING FORCED ACK from Peer 8 to Peer 3 - timeSinceLastAckMS      17897, transmitAckLastTimeMS     114720 | Peer ---E- M#00000000 Sack00000004 NSack00000000 (C0.0% S:0.0) [  ]
19:58:16.52   RLINK -- SENDING FORCED ACK from Peer 8 to Peer 1 - timeSinceLastAckMS        459, transmitAckLastTimeMS     123675 | Peer ---E- M#00000000 Sack00000018 NSack00000000 (C0.0% S:0.0) [  ]
19:58:16.52   RLINK -- Session::PollTransportEvents AddPeerMessage from peer 1 recv'd for unknown peer at address list WINaddr:192.168.1.38:6112;
19:58:16.52   RLINK -- Transport::OpenInternal request to WINaddr:255.255.255.255:6112;
19:58:16.52   RLINK -- Session::CheckAddress - initiating address check for WINaddr:192.168.1.38:6112;
19:58:16.52   RLINK -- Session - highest peerID now : 9
19:58:16.53   RLINK -- ValidateCustomData: called with 573 bytes of custom data
19:58:16.53   RLINK -- Client accepted Peer 9 into the match at address list = WINaddr:192.168.1.38:6112;, routes =
19:58:16.53   RLINK -- WorldwideAdvertisementService::Process - EVENT_NEWPEER
19:58:16.56   RLINK -- Accepted matchInfo updated 186 from host
19:58:16.58   GetMaxFrameTimeFromProfile: players=8 expected FPS=54.660019, bars=5, max avg=0.016, sd=0.003, 5 samples =  0.01 0.01 0.02 0.02 0.02
19:58:17.01   RLINK -- Session::ProcessCheckAddressList - sending address check to WINaddr:192.168.1.38:6112;
19:58:17.42   RLINK -- Accepted matchInfo updated 187 from host
19:58:17.56   RLINK -- Accepted matchInfo updated 191 from host
19:58:17.56   RLINK -- Accepted matchInfo updated 192 from host
19:58:18.01   RLINK -- Session::ProcessCheckAddressList - sending address check to WINaddr:192.168.1.38:6112;
19:58:18.16   RLINK -- [P#8] SrcP# 1 ignoring old retry: 20 expect: 23
19:58:19.02   RLINK -- Session::ProcessCheckAddressList - sending address check to WINaddr:192.168.1.38:6112;
19:58:20.02   RLINK -- Session::ProcessCheckAddressList - sending address check to WINaddr:192.168.1.38:6112;
19:58:20.18   RLINK -- SENDING RETRY - Peer 8 to Peer 9 retryTimeMS        500 oneMsg.lastTransmitTime     126809, timeSinceLastTransmitMS        517 | Peer RS--- M#00000001 Sack00000000 NSack00000000 (C0.0% S:0.0) [ PKT SIZE:39 data DestChannel:� ]
19:58:20.69   RLINK -- Accepted matchInfo updated 195 from host
19:58:21.00   RLINK -- Session::ProcessCheckAddressList - sending address check to WINaddr:192.168.1.38:6112;
19:58:22.00   RLINK -- Session::ProcessCheckAddressList - sending address check to WINaddr:192.168.1.38:6112;
19:58:23.00   RLINK -- Session::ProcessCheckAddressList - sending address check to WINaddr:192.168.1.38:6112;
19:58:24.00   RLINK -- Session::ProcessCheckAddressList - sending address check to WINaddr:192.168.1.38:6112;
19:58:25.00   RLINK -- Session::ProcessCheckAddressList - sending address check to WINaddr:192.168.1.38:6112;
19:58:26.00   RLINK -- Session::ProcessCheckAddressList - sending address check to WINaddr:192.168.1.38:6112;
19:58:27.02   RLINK -- Session::ProcessCheckAddressList - sending address check to WINaddr:192.168.1.38:6112;
19:58:27.02   RLINK -- Session::ProcessCheckAddressList - address WINaddr:192.168.1.38:6112; timed out
19:58:31.15   RLINK -- SENDING FORCED ACK from Peer 8 to Peer 1 - timeSinceLastAckMS       1425, transmitAckLastTimeMS     138300 | Peer ---E- M#00000000 Sack00000024 NSack00000000 (C0.0% S:0.0) [  ]
19:58:31.15   RLINK -- Session::PollTransportEvents AddPeerMessage from peer 1 recv'd for unknown peer at address list WINaddr:192.168.178.30:6112;
19:58:31.15   RLINK -- Transport::OpenInternal request to WINaddr:255.255.255.255:6112;
19:58:31.15   RLINK -- Session::CheckAddress - initiating address check for WINaddr:192.168.178.30:6112;
19:58:31.15   RLINK -- Session - highest peerID now : 10
19:58:31.15   RLINK -- ValidateCustomData: called with 1287 bytes of custom data
19:58:31.15   RLINK -- Client accepted Peer 10 into the match at address list = WINaddr:192.168.178.30:6112;, routes =
19:58:31.15   RLINK -- WorldwideAdvertisementService::Process - EVENT_NEWPEER
19:58:31.19   RLINK -- Accepted matchInfo updated 196 from host
19:58:31.21   GetMaxFrameTimeFromProfile: players=8 expected FPS=54.660019, bars=5, max avg=0.016, sd=0.003, 5 samples =  0.01 0.01 0.02 0.02 0.02
19:58:31.30   RLINK -- Accepted matchInfo updated 198 from host
19:58:31.56   RLINK -- Accepted matchInfo updated 199 from host
19:58:32.01   RLINK -- Transport - median kBPS [hi/cur] sent = 0.1/0.0, recvd = 0.0/0.0, #p/sec[s/r] = 0.2/0.0, max unsent 0, version err 0, merge 0
19:58:32.01   RLINK -- Session::ProcessCheckAddressList - sending address check to WINaddr:192.168.178.30:6112;
19:58:32.28   RLINK -- SENDING RETRY - Peer 8 to Peer 1 retryTimeMS       1072 oneMsg.lastTransmitTime     138339, timeSinceLastTransmitMS       1090 | Peer RS--- M#00000031 Sack00000027 NSack00000000 (C0.0% S:0.0) [ PKT SIZE:18 data DestChannel:�<�, Size:14  ]
19:58:32.31   RLINK -- SENDING RETRY - Peer 8 to Peer 1 retryTimeMS       1072 oneMsg.lastTransmitTime     138362, timeSinceLastTransmitMS       1098 | Peer RS--- M#00000032 Sack00000027 NSack00000000 (C0.0% S:0.0) [ PKT SIZE:8 data DestChannel:�W�, Size:4  ]
19:58:32.31   RLINK -- SENDING RETRY - Peer 8 to Peer 1 retryTimeMS       1072 oneMsg.lastTransmitTime     138362, timeSinceLastTransmitMS       1098 | Peer RS--- M#00000033 Sack00000027 NSack00000000 (C0.0% S:0.0) [ PKT SIZE:133 data DestChannel:� ]
19:58:32.44   RLINK -- Accepted matchInfo updated 202 from host
19:58:32.56   RLINK -- Accepted matchInfo updated 204 from host
19:58:32.95   RLINK -- SENDING FORCED ACK from Peer 8 to Peer 3 - timeSinceLastAckMS      13290, transmitAckLastTimeMS     140099 | Peer ---E- M#00000000 Sack00000005 NSack00000000 (C0.0% S:0.0) [  ]
19:58:33.01   RLINK -- Session::ProcessCheckAddressList - sending address check to WINaddr:192.168.178.30:6112;
19:58:33.28   RLINK -- [P#8] SrcP# 1 ignoring old retry: 28 expect: 30
19:58:33.31   RLINK -- [P#8] SrcP# 1 ignoring old retry: 29 expect: 30
19:58:34.01   RLINK -- Session::ProcessCheckAddressList - sending address check to WINaddr:192.168.178.30:6112;
19:58:34.69   RLINK -- Accepted matchInfo updated 205 from host
19:58:35.01   RLINK -- Session::ProcessCheckAddressList - sending address check to WINaddr:192.168.178.30:6112;
19:58:36.01   RLINK -- Session::ProcessCheckAddressList - sending address check to WINaddr:192.168.178.30:6112;
19:58:36.41   RLINK -- Accepted matchInfo updated 208 from host
19:58:36.68   RLINK -- [P#8] SrcP# 1 ignoring old retry: 31 expect: 32
19:58:37.02   RLINK -- Session::ProcessCheckAddressList - sending address check to WINaddr:192.168.178.30:6112;
19:58:37.08   RLINK -- SENDING FORCED ACK from Peer 8 to Peer 6 - timeSinceLastAckMS       3575, transmitAckLastTimeMS     144230 | Peer ---E- M#00000000 Sack00000001 NSack00000000 (C0.0% S:0.0) [  ]
19:58:37.54   RLINK -- [P#8] SrcP# 6 ignoring old retry: 1 expect: 2
19:58:38.00   RLINK -- Session::ProcessCheckAddressList - sending address check to WINaddr:192.168.178.30:6112;
19:58:39.00   RLINK -- Session::ProcessCheckAddressList - sending address check to WINaddr:192.168.178.30:6112;
19:58:39.43   RLINK -- Accepted matchInfo updated 209 from host
19:58:39.43   RLINK -- Accepted matchInfo updated 210 from host
19:58:39.45   GetMaxFrameTimeFromProfile: players=8 expected FPS=54.660019, bars=5, max avg=0.016, sd=0.003, 5 samples =  0.01 0.01 0.02 0.02 0.02
19:58:40.01   RLINK -- Session::ProcessCheckAddressList - sending address check to WINaddr:192.168.178.30:6112;
19:58:40.06   RLINK -- Accepted matchInfo updated 213 from host
19:58:40.17   RLINK -- Accepted matchInfo updated 217 from host
19:58:40.19   GetMaxFrameTimeFromProfile: players=8 expected FPS=54.660019, bars=5, max avg=0.016, sd=0.003, 5 samples =  0.01 0.01 0.02 0.02 0.02
19:58:40.29   RLINK -- Accepted matchInfo updated 218 from host
19:58:40.57   RLINK -- Accepted matchInfo updated 219 from host
19:58:40.70   RLINK -- Accepted matchInfo updated 225 from host
19:58:41.02   RLINK -- Session::ProcessCheckAddressList - sending address check to WINaddr:192.168.178.30:6112;
19:58:42.02   RLINK -- Session::ProcessCheckAddressList - sending address check to WINaddr:192.168.178.30:6112;
19:58:42.02   RLINK -- Session::ProcessCheckAddressList - address WINaddr:192.168.178.30:6112; timed out
19:58:42.51   RLINK -- SENDING FORCED ACK from Peer 8 to Peer 1 - timeSinceLastAckMS       1806, transmitAckLastTimeMS     149660 | Peer ---E- M#00000000 Sack00000039 NSack00000000 (C0.0% S:0.0) [  ]
19:58:42.51   RLINK -- Removing peer 9 from session due to REMOVEPEER from host PeerID 1
19:58:42.51   RLINK -- Session::SchedulePeerRemove - Scheduling peerID: 9 to disconnect, reasonCode:4003, reason:OnlinePlayerListEntry::OnClickedKick
19:58:42.52   RLINK -- Session Destroy Peer Event - ReasonID: 4003 ReasonDebug: OnlinePlayerListEntry::OnClickedKick
19:58:42.52   RLINK -- Session::GetEvent DestroyPeer success Peer 9 removed, reasonCode 4003, reasonDebug OnlinePlayerListEntry::OnClickedKick
19:58:42.52   RLINK -- Session::DestroyPeer - deallocating peer 9
19:58:42.52   RLINK -- Session - Requested Disconnect for connectionID 8
19:58:42.52   RLINK -- WorldwideAdvertisementService::Process - EVENT_DESTROYPEER
19:58:43.32   RLINK -- Accepted matchInfo updated 226 from host
19:58:43.32   RLINK -- Accepted matchInfo updated 227 from host
19:58:43.34   GetMaxFrameTimeFromProfile: players=8 expected FPS=54.660019, bars=5, max avg=0.016, sd=0.003, 5 samples =  0.01 0.01 0.02 0.02 0.02
19:58:43.55   RLINK -- [P#8] SrcP# 1 ignoring old retry: 40 expect: 42
19:58:43.67   RLINK -- [P#8] SrcP# 1 ignoring old retry: 41 expect: 42
19:58:43.68   RLINK -- Accepted matchInfo updated 228 from host
19:58:43.91   RLINK -- Accepted matchInfo updated 233 from host
19:58:45.56   Re-winding a compressed stream for file 'data:sound\wav\music\frontend\opening_ambience_tg\opening_ambience_with_birds.smf'.  Expensive operation
19:58:47.40   RLINK -- SENDING FORCED ACK from Peer 8 to Peer 1 - timeSinceLastAckMS        486, transmitAckLastTimeMS     154554 | Peer ---E- M#00000000 Sack00000044 NSack00000000 (C0.0% S:0.0) [  ]
19:58:47.40   RLINK -- Session::PollTransportEvents AddPeerMessage from peer 1 recv'd for unknown peer at address list WINaddr:192.168.1.38:6112;
19:58:47.40   RLINK -- Transport::OpenInternal request to WINaddr:255.255.255.255:6112;
19:58:47.40   RLINK -- Session::CheckAddress - initiating address check for WINaddr:192.168.1.38:6112;
19:58:47.40   RLINK -- Session - highest peerID now : 11
19:58:47.40   RLINK -- ValidateCustomData: called with 573 bytes of custom data
19:58:47.40   RLINK -- Client accepted Peer 11 into the match at address list = WINaddr:192.168.1.38:6112;, routes =
19:58:47.40   RLINK -- WorldwideAdvertisementService::Process - EVENT_NEWPEER
19:58:47.57   RLINK -- Accepted matchInfo updated 234 from host
19:58:47.57   RLINK -- Accepted matchInfo updated 235 from host
19:58:47.60   GetMaxFrameTimeFromProfile: players=8 expected FPS=54.660019, bars=5, max avg=0.016, sd=0.003, 5 samples =  0.01 0.01 0.02 0.02 0.02
19:58:48.01   RLINK -- Session::ProcessCheckAddressList - sending address check to WINaddr:192.168.1.38:6112;
19:58:48.57   RLINK -- Accepted matchInfo updated 239 from host
19:58:48.57   RLINK -- Accepted matchInfo updated 244 from host
19:58:48.77   RLINK -- Removing peer 11 from session due to REMOVEPEER from host PeerID 1
19:58:48.77   RLINK -- Session::SchedulePeerRemove - Scheduling peerID: 11 to disconnect, reasonCode:4003, reason:OnlinePlayerListEntry::OnClickedKick
19:58:48.78   RLINK -- Session Destroy Peer Event - ReasonID: 4003 ReasonDebug: OnlinePlayerListEntry::OnClickedKick
19:58:48.78   RLINK -- Session::GetEvent DestroyPeer success Peer 11 removed, reasonCode 4003, reasonDebug OnlinePlayerListEntry::OnClickedKick
19:58:48.78   RLINK -- Session::DestroyPeer - deallocating peer 11
19:58:48.78   RLINK -- Session - Requested Disconnect for connectionID 10
19:58:48.78   RLINK -- WorldwideAdvertisementService::Process - EVENT_DESTROYPEER
19:58:48.83   RLINK -- SENDING FORCED ACK from Peer 8 to Peer 1 - timeSinceLastAckMS        258, transmitAckLastTimeMS     155984 | Peer ---E- M#00000000 Sack00000049 NSack00000000 (C0.0% S:0.0) [  ]
19:58:48.93   RLINK -- Accepted matchInfo updated 245 from host
19:58:48.96   GetMaxFrameTimeFromProfile: players=8 expected FPS=54.660019, bars=5, max avg=0.016, sd=0.003, 5 samples =  0.01 0.01 0.02 0.02 0.02
19:58:49.01   RLINK -- Session::ProcessCheckAddressList - sending address check to WINaddr:192.168.1.38:6112;
19:58:49.05   RLINK -- Accepted matchInfo updated 246 from host
19:58:49.33   RLINK -- Accepted matchInfo updated 247 from host
19:58:49.45   RLINK -- Accepted matchInfo updated 252 from host
19:58:50.02   RLINK -- Session::ProcessCheckAddressList - sending address check to WINaddr:192.168.1.38:6112;
19:58:51.02   RLINK -- Session::ProcessCheckAddressList - sending address check to WINaddr:192.168.1.38:6112;
19:58:51.07   RLINK -- Accepted matchInfo updated 253 from host
19:58:51.09   GetMaxFrameTimeFromProfile: players=8 expected FPS=54.660019, bars=5, max avg=0.016, sd=0.003, 5 samples =  0.01 0.01 0.02 0.02 0.02
19:58:51.19   RLINK -- Accepted matchInfo updated 254 from host
19:58:51.43   RLINK -- Accepted matchInfo updated 255 from host
19:58:51.55   RLINK -- Accepted matchInfo updated 258 from host
19:58:51.67   RLINK -- Accepted matchInfo updated 260 from host
19:58:52.00   RLINK -- Session::ProcessCheckAddressList - sending address check to WINaddr:192.168.1.38:6112;
19:58:52.95   RLINK -- Accepted matchInfo updated 261 from host
19:58:52.97   GetMaxFrameTimeFromProfile: players=8 expected FPS=54.660019, bars=5, max avg=0.016, sd=0.003, 5 samples =  0.01 0.01 0.02 0.02 0.02
19:58:53.00   RLINK -- Session::ProcessCheckAddressList - sending address check to WINaddr:192.168.1.38:6112;
19:58:53.03   RLINK -- Session::PollTransportEvents AddPeerMessage from peer 1 recv'd for unknown peer at address list WINaddr:192.168.1.38:6112;
19:58:53.03   RLINK -- Transport::OpenInternal request to WINaddr:255.255.255.255:6112;
19:58:53.03   RLINK -- Session::CheckAddress - initiating address check for WINaddr:192.168.1.38:6112;
19:58:53.03   RLINK -- Session - highest peerID now : 12
19:58:53.04   RLINK -- ValidateCustomData: called with 573 bytes of custom data
19:58:53.04   RLINK -- Client accepted Peer 12 into the match at address list = WINaddr:192.168.1.38:6112;, routes =
19:58:53.04   RLINK -- WorldwideAdvertisementService::Process - EVENT_NEWPEER
19:58:53.07   RLINK -- Accepted matchInfo updated 263 from host
19:58:53.10   GetMaxFrameTimeFromProfile: players=8 expected FPS=54.660019, bars=5, max avg=0.016, sd=0.003, 5 samples =  0.01 0.01 0.02 0.02 0.02
19:58:53.18   RLINK -- Accepted matchInfo updated 264 from host
19:58:53.32   RLINK -- Accepted matchInfo updated 265 from host
19:58:53.55   RLINK -- Accepted matchInfo updated 269 from host
19:58:53.69   RLINK -- Accepted matchInfo updated 276 from host
19:58:54.00   RLINK -- Session::ProcessCheckAddressList - sending address check to WINaddr:192.168.1.38:6112;
19:58:54.00   RLINK -- Session::ProcessCheckAddressList - sending address check to WINaddr:192.168.1.38:6112;
19:58:55.00   RLINK -- Session::ProcessCheckAddressList - sending address check to WINaddr:192.168.1.38:6112;
19:58:55.00   RLINK -- Session::ProcessCheckAddressList - sending address check to WINaddr:192.168.1.38:6112;
19:58:55.43   RLINK -- Accepted matchInfo updated 277 from host
19:58:55.45   GetMaxFrameTimeFromProfile: players=8 expected FPS=54.660019, bars=5, max avg=0.016, sd=0.003, 5 samples =  0.01 0.01 0.02 0.02 0.02
19:58:55.55   RLINK -- [P#8] SrcP# 1 ignoring old retry: 66 expect: 68
19:58:55.56   RLINK -- Accepted matchInfo updated 278 from host
19:58:55.67   RLINK -- [P#8] SrcP# 1 ignoring old retry: 67 expect: 68
19:58:55.79   RLINK -- Accepted matchInfo updated 279 from host
19:58:56.00   RLINK -- Session::ProcessCheckAddressList - sending address check to WINaddr:192.168.1.38:6112;
19:58:56.00   RLINK -- Session::ProcessCheckAddressList - sending address check to WINaddr:192.168.1.38:6112;
19:58:56.07   RLINK -- Accepted matchInfo updated 282 from host
19:58:56.40   RLINK -- [P#8] SrcP# 1 buffer out of seq: 71 expect: 70
19:58:56.43   RLINK -- [P#8] SrcP# 1 buffer out of seq: 72 expect: 71
19:58:56.43   RLINK -- SrcP# 1 deliver out of seq: 71 expect: 71
19:58:56.43   RLINK -- SrcP# 1 erase out of seq: 71 expect: 71
19:58:56.43   RLINK -- SrcP# 1 deliver out of seq: 72 expect: 72
19:58:56.43   RLINK -- SrcP# 1 erase out of seq: 72 expect: 72
19:58:56.43   RLINK -- Removing peer 12 from session due to REMOVEPEER from host PeerID 1
19:58:56.43   RLINK -- Session::SchedulePeerRemove - Scheduling peerID: 12 to disconnect, reasonCode:4003, reason:OnlinePlayerListEntry::OnClickedKick
19:58:56.44   RLINK -- Accepted matchInfo updated 284 from host
19:58:56.44   RLINK -- Session Destroy Peer Event - ReasonID: 4003 ReasonDebug: OnlinePlayerListEntry::OnClickedKick
19:58:56.44   RLINK -- Session::GetEvent DestroyPeer success Peer 12 removed, reasonCode 4003, reasonDebug OnlinePlayerListEntry::OnClickedKick
19:58:56.44   RLINK -- Session::DestroyPeer - deallocating peer 12
19:58:56.44   RLINK -- Session - Requested Disconnect for connectionID 11
19:58:56.44   RLINK -- WorldwideAdvertisementService::Process - EVENT_DESTROYPEER
19:58:56.44   RLINK -- Accepted matchInfo updated 285 from host
19:58:56.46   GetMaxFrameTimeFromProfile: players=8 expected FPS=54.660019, bars=5, max avg=0.016, sd=0.003, 5 samples =  0.01 0.01 0.02 0.02 0.02
19:58:57.00   RLINK -- Session::ProcessCheckAddressList - sending address check to WINaddr:192.168.1.38:6112;
19:58:57.00   RLINK -- Session::ProcessCheckAddressList - sending address check to WINaddr:192.168.1.38:6112;
19:58:57.30   RLINK -- SENDING RETRY - Peer 8 to Peer 1 retryTimeMS       1211 oneMsg.lastTransmitTime     163224, timeSinceLastTransmitMS       1225 | Peer RS--- M#00000103 Sack00000072 NSack00000000 (C0.0% S:0.0) [ PKT SIZE:18 data DestChannel:� ]
19:58:57.43   RLINK -- Accepted matchInfo updated 286 from host
19:58:57.59   RLINK -- Accepted matchInfo updated 289 from host
19:58:57.59   RLINK -- Accepted matchInfo updated 292 from host
19:58:57.69   RLINK -- [P#8] SrcP# 1 ignoring old retry: 73 expect: 76
19:58:58.00   RLINK -- Session::ProcessCheckAddressList - sending address check to WINaddr:192.168.1.38:6112;
19:58:58.00   RLINK -- Session::ProcessCheckAddressList - address WINaddr:192.168.1.38:6112; timed out
19:58:58.00   RLINK -- Session::ProcessCheckAddressList - sending address check to WINaddr:192.168.1.38:6112;
19:58:59.00   RLINK -- Session::ProcessCheckAddressList - sending address check to WINaddr:192.168.1.38:6112;
19:59:00.01   RLINK -- Session::ProcessCheckAddressList - sending address check to WINaddr:192.168.1.38:6112;
19:59:00.01   RLINK -- local      PeerID 8 LOCL ack=  0 (  0ms~0) unack=  0, retry=  0, highwaterOOS=0 (ip=WINaddr:192.168.50.236:6112;), pending=0, dead=0, RS#=0/0
19:59:00.01   RLINK --       host PeerID 1 RELY ack=112 (763ms~123) unack=  0, retry=  7, highwaterOOS=4 (ip=WINaddr:192.168.1.10:6112;), pending=0, dead=0, RS#=111/111
19:59:00.01   RLINK --            PeerID 2 RELY ack=  6 (512ms~51) unack=  0, retry=  0, highwaterOOS=0 (ip=WINaddr:192.168.91.212:6112;), pending=0, dead=0, RS#=6/6
19:59:00.01   RLINK --            PeerID 3 RELY ack=  6 (441ms~57) unack=  0, retry=  0, highwaterOOS=0 (ip=WINaddr:192.168.0.23:6112;), pending=0, dead=0, RS#=6/6
19:59:00.01   RLINK --            PeerID 5 RELY ack=  6 (512ms~51) unack=  0, retry=  0, highwaterOOS=0 (ip=WINaddr:192.168.10.3:6112;), pending=0, dead=0, RS#=6/6
19:59:00.01   RLINK --            PeerID 6 RELY ack=  6 (512ms~51) unack=  0, retry=  0, highwaterOOS=0 (ip=WINaddr:192.168.1.33:6112;), pending=0, dead=0, RS#=6/6
19:59:00.01   RLINK --            PeerID 10 RELY ack=  2 (491ms~87) unack=  0, retry=  0, highwaterOOS=0 (ip=WINaddr:192.168.178.30:6112;), pending=0, dead=0, RS#=2/2
19:59:00.01   RLINK -- MessageCounts: inval=0/0, seek=0/0, join=0/4, ichk=0/0, sk_r=0/0, deny=0/0, Padd=0/8, Pdel=0/6, drop=0/4, data=111/64, mdat=0/0, voip=0/0, rchk=44/0, nudg=10/24, Thdr=40/0, Peer=160/152, PPrx=104/212, ping=0/0, Pfrg=0/0, rely=10/23, lb_p=3/3, lb_c=0/0, cast=0/0, cdat=0/0, sorq1=0/0, sorp=0/0, acto=0/0, spob=0/0, sorq2=0/0
19:59:01.02   RLINK -- Session::ProcessCheckAddressList - sending address check to WINaddr:192.168.1.38:6112;
19:59:02.02   RLINK -- Session::ProcessCheckAddressList - sending address check to WINaddr:192.168.1.38:6112;
19:59:02.59   Activating screen: DynamicPopupMenu
19:59:02.66   Activating screen: RelicOnlineStatsPopup
19:59:03.00   RLINK -- Session::ProcessCheckAddressList - sending address check to WINaddr:192.168.1.38:6112;
19:59:04.00   RLINK -- Session::ProcessCheckAddressList - sending address check to WINaddr:192.168.1.38:6112;
19:59:04.00   RLINK -- Session::ProcessCheckAddressList - address WINaddr:192.168.1.38:6112; timed out
19:59:07.53   DataDeactivate - no more things to deactivate. bailing.
19:59:15.33   RLINK -- SENDING FORCED ACK from Peer 8 to Peer 1 - timeSinceLastAckMS       2672, transmitAckLastTimeMS     182484 | Peer ---E- M#00000000 Sack00000076 NSack00000000 (C0.0% S:0.0) [  ]
19:59:21.80   RLINK -- Asked to remove user 00000000:001c1c2a :/steam/76561199043917977 that doesn't exist
19:59:24.46   RLINK -- SENDING FORCED ACK from Peer 8 to Peer 2 - timeSinceLastAckMS      31784, transmitAckLastTimeMS     191611 | Peer ---E- M#00000000 Sack00000002 NSack00000000 (C0.0% S:0.0) [  ]
19:59:25.01   RLINK -- SENDING FORCED ACK from Peer 8 to Peer 1 - timeSinceLastAckMS        277, transmitAckLastTimeMS     192161 | Peer ---E- M#00000000 Sack00000077 NSack00000000 (C0.0% S:0.0) [  ]
19:59:31.80   RLINK -- SENDING FORCED ACK from Peer 8 to Peer 1 - timeSinceLastAckMS       1038, transmitAckLastTimeMS     198955 | Peer ---E- M#00000000 Sack00000078 NSack00000000 (C0.0% S:0.0) [  ]
19:59:31.80   RLINK -- Session::PollTransportEvents AddPeerMessage from peer 1 recv'd for unknown peer at address list WINaddr:192.168.1.220:6112;
19:59:31.80   RLINK -- Transport::OpenInternal request to WINaddr:255.255.255.255:6112;
19:59:31.80   RLINK -- Session::CheckAddress - initiating address check for WINaddr:192.168.1.220:6112;
19:59:31.80   RLINK -- Session - highest peerID now : 13
19:59:31.81   RLINK -- ValidateCustomData: called with 1057 bytes of custom data
19:59:31.81   RLINK -- Client accepted Peer 13 into the match at address list = WINaddr:192.168.1.220:6112;, routes =
19:59:31.81   RLINK -- WorldwideAdvertisementService::Process - EVENT_NEWPEER
19:59:31.85   RLINK -- Accepted matchInfo updated 293 from host
19:59:31.87   GetMaxFrameTimeFromProfile: players=8 expected FPS=54.660019, bars=5, max avg=0.016, sd=0.003, 5 samples =  0.01 0.01 0.02 0.02 0.02
19:59:32.01   RLINK -- Session::ProcessCheckAddressList - sending address check to WINaddr:192.168.1.220:6112;
19:59:32.08   RLINK -- Accepted matchInfo updated 295 from host
19:59:32.44   RLINK -- Accepted matchInfo updated 296 from host
19:59:32.57   RLINK -- Accepted matchInfo updated 300 from host
19:59:33.00   RLINK -- Transport - median kBPS [hi/cur] sent = 0.1/0.0, recvd = 0.0/0.0, #p/sec[s/r] = 0.6/0.0, max unsent 0, version err 0, merge 0
19:59:33.02   RLINK -- Session::ProcessCheckAddressList - sending address check to WINaddr:192.168.1.220:6112;
19:59:33.32   RLINK -- SENDING RETRY - Peer 8 to Peer 1 retryTimeMS       1224 oneMsg.lastTransmitTime     199235, timeSinceLastTransmitMS       1240 | Peer RS--- M#00000116 Sack00000082 NSack00000000 (C0.0% S:0.0) [ PKT SIZE:18 data DestChannel:� ]
19:59:33.46   RLINK -- Accepted matchInfo updated 301 from host
19:59:33.70   RLINK -- [P#8] SrcP# 1 ignoring old retry: 83 expect: 84
19:59:34.00   RLINK -- Session::ProcessCheckAddressList - sending address check to WINaddr:192.168.1.220:6112;
19:59:35.00   RLINK -- Session::ProcessCheckAddressList - sending address check to WINaddr:192.168.1.220:6112;
19:59:36.00   RLINK -- Session::ProcessCheckAddressList - sending address check to WINaddr:192.168.1.220:6112;
19:59:36.07   RLINK -- Accepted matchInfo updated 304 from host
19:59:37.01   RLINK -- Session::ProcessCheckAddressList - sending address check to WINaddr:192.168.1.220:6112;
19:59:37.04   RLINK -- SENDING FORCED ACK from Peer 8 to Peer 1 - timeSinceLastAckMS        969, transmitAckLastTimeMS     204193 | Peer ---E- M#00000000 Sack00000085 NSack00000000 (C0.0% S:0.0) [  ]
19:59:37.04   RLINK -- Removing peer 13 from session due to REMOVEPEER from host PeerID 1
19:59:37.04   RLINK -- Session::SchedulePeerRemove - Scheduling peerID: 13 to disconnect, reasonCode:4003, reason:OnlinePlayerListEntry::OnClickedKick
19:59:37.06   RLINK -- Session Destroy Peer Event - ReasonID: 4003 ReasonDebug: OnlinePlayerListEntry::OnClickedKick
19:59:37.06   RLINK -- Session::GetEvent DestroyPeer success Peer 13 removed, reasonCode 4003, reasonDebug OnlinePlayerListEntry::OnClickedKick
19:59:37.06   RLINK -- Session::DestroyPeer - deallocating peer 13
19:59:37.06   RLINK -- Session - Requested Disconnect for connectionID 12
19:59:37.06   RLINK -- WorldwideAdvertisementService::Process - EVENT_DESTROYPEER
19:59:37.07   RLINK -- Accepted matchInfo updated 305 from host
19:59:37.10   GetMaxFrameTimeFromProfile: players=8 expected FPS=54.660019, bars=5, max avg=0.016, sd=0.003, 5 samples =  0.01 0.01 0.02 0.02 0.02
19:59:37.20   RLINK -- Accepted matchInfo updated 306 from host
19:59:37.57   RLINK -- Accepted matchInfo updated 307 from host
19:59:37.69   RLINK -- Accepted matchInfo updated 311 from host
19:59:38.02   RLINK -- Session::ProcessCheckAddressList - sending address check to WINaddr:192.168.1.220:6112;
19:59:38.26   RLINK -- SENDING RETRY - Peer 8 to Peer 1 retryTimeMS       1142 oneMsg.lastTransmitTime     204253, timeSinceLastTransmitMS       1160 | Peer RS--- M#00000122 Sack00000089 NSack00000000 (C0.0% S:0.0) [ PKT SIZE:8 data DestChannel:�W�, Size:4  ]
19:59:38.26   RLINK -- SENDING RETRY - Peer 8 to Peer 1 retryTimeMS       1142 oneMsg.lastTransmitTime     204253, timeSinceLastTransmitMS       1160 | Peer RS--- M#00000123 Sack00000089 NSack00000000 (C0.0% S:0.0) [ PKT SIZE:133 data DestChannel:�H�, Size:129  ]
19:59:38.26   RLINK -- SENDING RETRY - Peer 8 to Peer 1 retryTimeMS       1142 oneMsg.lastTransmitTime     204253, timeSinceLastTransmitMS       1160 | Peer RS--- M#00000124 Sack00000089 NSack00000000 (C0.0% S:0.0) [ PKT SIZE:15 data DestChannel:�L�, Size:11  ]
19:59:38.45   RLINK -- Accepted matchInfo updated 312 from host
19:59:39.00   RLINK -- Session::ProcessCheckAddressList - sending address check to WINaddr:192.168.1.220:6112;
19:59:39.21   RLINK -- [P#8] SrcP# 1 ignoring old retry: 90 expect: 91
19:59:40.01   RLINK -- Session::ProcessCheckAddressList - sending address check to WINaddr:192.168.1.220:6112;
19:59:41.01   RLINK -- Session::ProcessCheckAddressList - sending address check to WINaddr:192.168.1.220:6112;
19:59:42.00   RLINK -- Session::ProcessCheckAddressList - sending address check to WINaddr:192.168.1.220:6112;
19:59:42.00   RLINK -- Session::ProcessCheckAddressList - address WINaddr:192.168.1.220:6112; timed out
19:59:50.70   Re-winding a compressed stream for file 'data:sound\wav\music\frontend\opening_ambience_tg\opening_ambience_with_birds.smf'.  Expensive operation
19:59:57.06   RLINK -- SENDING FORCED ACK from Peer 8 to Peer 1 - timeSinceLastAckMS        510, transmitAckLastTimeMS     224214 | Peer ---E- M#00000000 Sack00000091 NSack00000000 (C0.0% S:0.0) [  ]
19:59:57.06   RLINK -- Session::PollTransportEvents AddPeerMessage from peer 1 recv'd for unknown peer at address list WINaddr:192.168.1.33:6112;
19:59:57.06   RLINK -- Transport::OpenInternal request to WINaddr:255.255.255.255:6112;
19:59:57.06   RLINK -- Session::CheckAddress - initiating address check for WINaddr:192.168.1.33:6112;
19:59:57.06   RLINK -- Session - highest peerID now : 14
19:59:57.08   RLINK -- ValidateCustomData: called with 1215 bytes of custom data
19:59:57.08   RLINK -- Client accepted Peer 14 into the match at address list = WINaddr:192.168.1.33:6112;, routes =
19:59:57.08   RLINK -- WorldwideAdvertisementService::Process - EVENT_NEWPEER
19:59:57.09   RLINK -- Accepted matchInfo updated 313 from host
19:59:57.12   GetMaxFrameTimeFromProfile: players=8 expected FPS=54.660019, bars=5, max avg=0.016, sd=0.003, 5 samples =  0.01 0.01 0.02 0.02 0.02
19:59:57.22   RLINK -- Accepted matchInfo updated 314 from host
19:59:57.47   RLINK -- Accepted matchInfo updated 315 from host
19:59:57.58   RLINK -- Accepted matchInfo updated 319 from host
19:59:58.01   RLINK -- Session::ProcessCheckAddressList - sending address check to WINaddr:192.168.1.33:6112;
19:59:58.23   RLINK -- SENDING RETRY - Peer 8 to Peer 1 retryTimeMS       1079 oneMsg.lastTransmitTime     224273, timeSinceLastTransmitMS       1104 | Peer RS--- M#00000131 Sack00000095 NSack00000000 (C0.0% S:0.0) [ PKT SIZE:133 data DestChannel:�L�, Size:129  ]
19:59:58.23   RLINK -- SENDING RETRY - Peer 8 to Peer 1 retryTimeMS       1079 oneMsg.lastTransmitTime     224273, timeSinceLastTransmitMS       1104 | Peer RS--- M#00000132 Sack00000095 NSack00000000 (C0.0% S:0.0) [ PKT SIZE:15 data DestChannel:� ]
19:59:58.32   RLINK -- SENDING RETRY - Peer 8 to Peer 1 retryTimeMS       1079 oneMsg.lastTransmitTime     224373, timeSinceLastTransmitMS       1096 | Peer RS--- M#00000133 Sack00000095 NSack00000000 (C0.0% S:0.0) [ PKT SIZE:18 data DestChannel:�<�, Size:14  ]
19:59:58.49   RLINK -- Accepted matchInfo updated 320 from host
19:59:59.02   RLINK -- Session::ProcessCheckAddressList - sending address check to WINaddr:192.168.1.33:6112;
19:59:59.32   RLINK -- [P#8] SrcP# 1 ignoring old retry: 96 expect: 97
20:00:00.02   RLINK -- Session::ProcessCheckAddressList - sending address check to WINaddr:192.168.1.33:6112;
20:00:01.03   RLINK -- Session::ProcessCheckAddressList - sending address check to WINaddr:192.168.1.33:6112;
20:00:01.03   RLINK -- local      PeerID 8 LOCL ack=  0 (  0ms~0) unack=  0, retry=  0, highwaterOOS=0 (ip=WINaddr:192.168.50.236:6112;), pending=0, dead=0, RS#=0/0
20:00:01.03   RLINK --       host PeerID 1 RELY ack=137 (893ms~165) unack=  0, retry= 14, highwaterOOS=4 (ip=WINaddr:192.168.1.10:6112;), pending=0, dead=0, RS#=136/136
20:00:01.03   RLINK --            PeerID 2 RELY ack=  6 (512ms~51) unack=  0, retry=  0, highwaterOOS=0 (ip=WINaddr:192.168.91.212:6112;), pending=0, dead=0, RS#=6/6
20:00:01.03   RLINK --            PeerID 3 RELY ack=  6 (441ms~57) unack=  0, retry=  0, highwaterOOS=0 (ip=WINaddr:192.168.0.23:6112;), pending=0, dead=0, RS#=6/6
20:00:01.03   RLINK --            PeerID 5 RELY ack=  6 (512ms~51) unack=  0, retry=  0, highwaterOOS=0 (ip=WINaddr:192.168.10.3:6112;), pending=0, dead=0, RS#=6/6
20:00:01.03   RLINK --            PeerID 6 RELY ack=  6 (512ms~51) unack=  0, retry=  0, highwaterOOS=0 (ip=WINaddr:192.168.1.33:6112;), pending=0, dead=0, RS#=6/6
20:00:01.03   RLINK --            PeerID 10 RELY ack=  2 (491ms~87) unack=  0, retry=  0, highwaterOOS=0 (ip=WINaddr:192.168.178.30:6112;), pending=0, dead=0, RS#=2/2
20:00:01.03   RLINK --            PeerID 14 RELY ack=  0 (  0ms~0) unack=  0, retry=  0, highwaterOOS=0 (ip=WINaddr:192.168.1.33:6112;), pending=0, dead=0, RS#=0/0
20:00:01.03   RLINK -- MessageCounts: inval=0/0, seek=0/0, join=0/2, ichk=0/0, sk_r=0/0, deny=0/0, Padd=0/4, Pdel=0/2, drop=0/2, data=25/33, mdat=0/0, voip=0/0, rchk=21/0, nudg=17/36, Thdr=19/0, Peer=69/79, PPrx=38/66, ping=0/0, Pfrg=0/0, rely=17/23, lb_p=5/5, lb_c=0/0, cast=0/0, cdat=0/0, sorq1=0/0, sorp=0/0, acto=0/0, spob=0/0, sorq2=0/0
20:00:01.42   RLINK -- SENDING FORCED ACK from Peer 8 to Peer 1 - timeSinceLastAckMS       2938, transmitAckLastTimeMS     228575 | Peer ---E- M#00000000 Sack00000097 NSack00000000 (C0.0% S:0.0) [  ]
20:00:01.42   RLINK -- Removing peer 14 from session due to REMOVEPEER from host PeerID 1
20:00:01.42   RLINK -- Session::SchedulePeerRemove - Scheduling peerID: 14 to disconnect, reasonCode:4003, reason:OnlinePlayerListEntry::OnClickedKick
20:00:01.44   RLINK -- Session Destroy Peer Event - ReasonID: 4003 ReasonDebug: OnlinePlayerListEntry::OnClickedKick
20:00:01.44   RLINK -- Session::GetEvent DestroyPeer success Peer 14 removed, reasonCode 4003, reasonDebug OnlinePlayerListEntry::OnClickedKick
20:00:01.44   RLINK -- Session::DestroyPeer - deallocating peer 14
20:00:01.44   RLINK -- Session - Requested Disconnect for connectionID 13
20:00:01.44   RLINK -- WorldwideAdvertisementService::Process - EVENT_DESTROYPEER
20:00:01.46   RLINK -- Accepted matchInfo updated 321 from host
20:00:01.46   RLINK -- Accepted matchInfo updated 322 from host
20:00:01.48   GetMaxFrameTimeFromProfile: players=8 expected FPS=54.660019, bars=5, max avg=0.016, sd=0.003, 5 samples =  0.01 0.01 0.02 0.02 0.02
20:00:01.96   RLINK -- Accepted matchInfo updated 325 from host
20:00:02.00   RLINK -- Session::ProcessCheckAddressList - sending address check to WINaddr:192.168.1.33:6112;
20:00:02.23   RLINK -- Accepted matchInfo updated 329 from host
20:00:02.24   GetMaxFrameTimeFromProfile: players=8 expected FPS=54.660019, bars=5, max avg=0.016, sd=0.003, 5 samples =  0.01 0.01 0.02 0.02 0.02
20:00:02.35   RLINK -- Accepted matchInfo updated 330 from host
20:00:03.01   RLINK -- Session::ProcessCheckAddressList - sending address check to WINaddr:192.168.1.33:6112;
20:00:03.26   RLINK -- SENDING RETRY - Peer 8 to Peer 1 retryTimeMS       1271 oneMsg.lastTransmitTime     229112, timeSinceLastTransmitMS       1296 | Peer RS--- M#00000142 Sack00000102 NSack00000000 (C0.0% S:0.0) [ PKT SIZE:18 data DestChannel:� ]
20:00:03.47   RLINK -- Accepted matchInfo updated 331 from host
20:00:03.47   RLINK -- Accepted matchInfo updated 336 from host
20:00:03.47   RLINK -- Accepted matchInfo updated 337 from host
20:00:03.47   RLINK -- Accepted matchInfo updated 338 from host
20:00:03.49   GetMaxFrameTimeFromProfile: players=8 expected FPS=54.660019, bars=5, max avg=0.016, sd=0.003, 5 samples =  0.01 0.01 0.02 0.02 0.02
20:00:03.83   RLINK -- [P#8] SrcP# 1 ignoring old retry: 103 expect: 107
20:00:03.95   RLINK -- [P#8] SrcP# 1 ignoring old retry: 104 expect: 108
20:00:03.96   RLINK -- Accepted matchInfo updated 339 from host
20:00:03.96   RLINK -- Accepted matchInfo updated 344 from host
20:00:04.02   RLINK -- Session::ProcessCheckAddressList - sending address check to WINaddr:192.168.1.33:6112;
20:00:05.02   RLINK -- Session::ProcessCheckAddressList - sending address check to WINaddr:192.168.1.33:6112;
20:00:05.05   RLINK -- SENDING FORCED ACK from Peer 8 to Peer 1 - timeSinceLastAckMS       1091, transmitAckLastTimeMS     232205 | Peer ---E- M#00000000 Sack00000109 NSack00000000 (C0.0% S:0.0) [  ]
20:00:05.05   RLINK -- Session::PollTransportEvents AddPeerMessage from peer 1 recv'd for unknown peer at address list WINaddr:192.168.1.38:6112;
20:00:05.05   RLINK -- Transport::OpenInternal request to WINaddr:255.255.255.255:6112;
20:00:05.05   RLINK -- Session::CheckAddress - initiating address check for WINaddr:192.168.1.38:6112;
20:00:05.05   RLINK -- Session - highest peerID now : 15
20:00:05.06   RLINK -- ValidateCustomData: called with 573 bytes of custom data
20:00:05.06   RLINK -- Client accepted Peer 15 into the match at address list = WINaddr:192.168.1.38:6112;, routes =
20:00:05.06   RLINK -- WorldwideAdvertisementService::Process - EVENT_NEWPEER
20:00:05.09   RLINK -- Accepted matchInfo updated 345 from host
20:00:05.11   GetMaxFrameTimeFromProfile: players=8 expected FPS=54.660019, bars=5, max avg=0.016, sd=0.003, 5 samples =  0.01 0.01 0.02 0.02 0.02
20:00:05.21   RLINK -- Accepted matchInfo updated 346 from host
20:00:05.47   RLINK -- Accepted matchInfo updated 347 from host
20:00:05.58   RLINK -- Accepted matchInfo updated 351 from host
20:00:05.70   RLINK -- Accepted matchInfo updated 352 from host
20:00:06.00   RLINK -- Session::ProcessCheckAddressList - sending address check to WINaddr:192.168.1.33:6112;
20:00:06.00   RLINK -- Session::ProcessCheckAddressList - sending address check to WINaddr:192.168.1.38:6112;
20:00:06.43   RLINK -- SENDING FORCED ACK from Peer 8 to Peer 1 - timeSinceLastAckMS        728, transmitAckLastTimeMS     233582 | Peer ---E- M#00000000 Sack00000115 NSack00000000 (C0.0% S:0.0) [  ]
20:00:06.43   RLINK -- Removing peer 15 from session due to REMOVEPEER from host PeerID 1
20:00:06.43   RLINK -- Session::SchedulePeerRemove - Scheduling peerID: 15 to disconnect, reasonCode:4003, reason:OnlinePlayerListEntry::OnClickedKick
20:00:06.44   RLINK -- Session Destroy Peer Event - ReasonID: 4003 ReasonDebug: OnlinePlayerListEntry::OnClickedKick
20:00:06.44   RLINK -- Session::GetEvent DestroyPeer success Peer 15 removed, reasonCode 4003, reasonDebug OnlinePlayerListEntry::OnClickedKick
20:00:06.44   RLINK -- Session::DestroyPeer - deallocating peer 15
20:00:06.44   RLINK -- Session - Requested Disconnect for connectionID 14
20:00:06.44   RLINK -- WorldwideAdvertisementService::Process - EVENT_DESTROYPEER
20:00:06.47   RLINK -- Accepted matchInfo updated 353 from host
20:00:06.49   GetMaxFrameTimeFromProfile: players=8 expected FPS=54.660019, bars=5, max avg=0.016, sd=0.003, 5 samples =  0.01 0.01 0.02 0.02 0.02
20:00:06.60   RLINK -- Accepted matchInfo updated 354 from host
20:00:07.01   RLINK -- Session::ProcessCheckAddressList - sending address check to WINaddr:192.168.1.33:6112;
20:00:07.01   RLINK -- Session::ProcessCheckAddressList - sending address check to WINaddr:192.168.1.38:6112;
20:00:07.48   RLINK -- Accepted matchInfo updated 355 from host
20:00:07.48   RLINK -- Accepted matchInfo updated 360 from host
20:00:07.50   RLINK -- SENDING FORCED ACK from Peer 8 to Peer 3 - timeSinceLastAckMS      74827, transmitAckLastTimeMS     234654 | Peer ---E- M#00000000 Sack00000006 NSack00000000 (C0.0% S:0.0) [  ]
20:00:08.02   RLINK -- Session::ProcessCheckAddressList - sending address check to WINaddr:192.168.1.33:6112;
20:00:08.02   RLINK -- Session::ProcessCheckAddressList - address WINaddr:192.168.1.33:6112; timed out
20:00:08.02   RLINK -- Session::ProcessCheckAddressList - sending address check to WINaddr:192.168.1.38:6112;
20:00:08.21   RLINK -- [P#8] SrcP# 1 ignoring old retry: 118 expect: 120
20:00:09.00   RLINK -- Session::ProcessCheckAddressList - sending address check to WINaddr:192.168.1.38:6112;
20:00:10.01   RLINK -- Session::ProcessCheckAddressList - sending address check to WINaddr:192.168.1.38:6112;
20:00:11.02   RLINK -- Session::ProcessCheckAddressList - sending address check to WINaddr:192.168.1.38:6112;
20:00:12.02   RLINK -- Session::ProcessCheckAddressList - sending address check to WINaddr:192.168.1.38:6112;
20:00:13.00   RLINK -- Session::ProcessCheckAddressList - sending address check to WINaddr:192.168.1.38:6112;
20:00:14.01   RLINK -- Session::ProcessCheckAddressList - sending address check to WINaddr:192.168.1.38:6112;
20:00:15.02   RLINK -- Session::ProcessCheckAddressList - sending address check to WINaddr:192.168.1.38:6112;
20:00:16.00   RLINK -- Session::ProcessCheckAddressList - sending address check to WINaddr:192.168.1.38:6112;
20:00:16.00   RLINK -- Session::ProcessCheckAddressList - address WINaddr:192.168.1.38:6112; timed out
20:00:24.55   RLINK -- SENDING FORCED ACK from Peer 8 to Peer 1 - timeSinceLastAckMS       1992, transmitAckLastTimeMS     251703 | Peer ---E- M#00000000 Sack00000120 NSack00000000 (C0.0% S:0.0) [  ]
20:00:24.55   RLINK -- Session::PollTransportEvents AddPeerMessage from peer 1 recv'd for unknown peer at address list WINaddr:192.168.0.100:50647;
20:00:24.55   RLINK -- Transport::OpenInternal request to WINaddr:255.255.255.255:6112;
20:00:24.55   RLINK -- Session::CheckAddress - initiating address check for WINaddr:192.168.0.100:50647;
20:00:24.55   RLINK -- Session - highest peerID now : 16
20:00:24.56   RLINK -- ValidateCustomData: called with 1511 bytes of custom data
20:00:24.56   RLINK -- Client accepted Peer 16 into the match at address list = WINaddr:192.168.0.100:50647;, routes =
20:00:24.56   RLINK -- WorldwideAdvertisementService::Process - EVENT_NEWPEER
20:00:24.59   RLINK -- Accepted matchInfo updated 361 from host
20:00:24.62   GetMaxFrameTimeFromProfile: players=8 expected FPS=54.660019, bars=5, max avg=0.016, sd=0.003, 5 samples =  0.01 0.01 0.02 0.02 0.02
20:00:25.01   RLINK -- Session::ProcessCheckAddressList - sending address check to WINaddr:192.168.0.100:50647;
20:00:25.47   RLINK -- Accepted matchInfo updated 362 from host
20:00:25.61   RLINK -- Accepted matchInfo updated 367 from host
20:00:25.61   RLINK -- Accepted matchInfo updated 368 from host
20:00:26.03   RLINK -- Session::ProcessCheckAddressList - sending address check to WINaddr:192.168.0.100:50647;
20:00:26.21   RLINK -- [P#8] SrcP# 1 ignoring old retry: 122 expect: 125
20:00:27.01   RLINK -- Session::ProcessCheckAddressList - sending address check to WINaddr:192.168.0.100:50647;
20:00:27.68   RLINK -- SENDING FORCED ACK from Peer 8 to Peer 1 - timeSinceLastAckMS       2075, transmitAckLastTimeMS     254833 | Peer ---E- M#00000000 Sack00000125 NSack00000000 (C0.0% S:0.0) [  ]
20:00:27.68   RLINK -- Removing peer 16 from session due to REMOVEPEER from host PeerID 1
20:00:27.68   RLINK -- Session::SchedulePeerRemove - Scheduling peerID: 16 to disconnect, reasonCode:4003, reason:OnlinePlayerListEntry::OnClickedKick
20:00:27.69   RLINK -- Session Destroy Peer Event - ReasonID: 4003 ReasonDebug: OnlinePlayerListEntry::OnClickedKick
20:00:27.69   RLINK -- Session::GetEvent DestroyPeer success Peer 16 removed, reasonCode 4003, reasonDebug OnlinePlayerListEntry::OnClickedKick
20:00:27.69   RLINK -- Session::DestroyPeer - deallocating peer 16
20:00:27.69   RLINK -- Session - Requested Disconnect for connectionID 15
20:00:27.69   RLINK -- WorldwideAdvertisementService::Process - EVENT_DESTROYPEER
20:00:27.84   RLINK -- Accepted matchInfo updated 369 from host
20:00:27.86   GetMaxFrameTimeFromProfile: players=8 expected FPS=54.660019, bars=5, max avg=0.016, sd=0.003, 5 samples =  0.01 0.01 0.02 0.02 0.02
20:00:27.96   RLINK -- Accepted matchInfo updated 370 from host
20:00:28.02   RLINK -- Session::ProcessCheckAddressList - sending address check to WINaddr:192.168.0.100:50647;
20:00:28.48   RLINK -- Accepted matchInfo updated 375 from host
20:00:29.00   RLINK -- Session::ProcessCheckAddressList - sending address check to WINaddr:192.168.0.100:50647;
20:00:29.06   RLINK -- SENDING RETRY - Peer 8 to Peer 1 retryTimeMS       1197 oneMsg.lastTransmitTime     254995, timeSinceLastTransmitMS       1212 | Peer RS--- M#00000179 Sack00000128 NSack00000000 (C0.0% S:0.0) [ PKT SIZE:18 data DestChannel:�H�, Size:14  ]
20:00:29.09   RLINK -- SENDING RETRY - Peer 8 to Peer 1 retryTimeMS       1197 oneMsg.lastTransmitTime     255014, timeSinceLastTransmitMS       1223 | Peer RS--- M#00000180 Sack00000128 NSack00000000 (C0.0% S:0.0) [ PKT SIZE:8 data DestChannel:� ]
20:00:29.09   RLINK -- SENDING RETRY - Peer 8 to Peer 1 retryTimeMS       1197 oneMsg.lastTransmitTime     255014, timeSinceLastTransmitMS       1223 | Peer RS--- M#00000181 Sack00000128 NSack00000000 (C0.0% S:0.0) [ PKT SIZE:133 data DestChannel:� ]
20:00:29.49   RLINK -- Accepted matchInfo updated 376 from host
20:00:29.61   RLINK -- [P#8] SrcP# 1 ignoring old retry: 129 expect: 130
20:00:30.00   RLINK -- Session::ProcessCheckAddressList - sending address check to WINaddr:192.168.0.100:50647;
20:00:31.01   RLINK -- Session::ProcessCheckAddressList - sending address check to WINaddr:192.168.0.100:50647;
20:00:32.01   RLINK -- Session::ProcessCheckAddressList - sending address check to WINaddr:192.168.0.100:50647;
20:00:33.02   RLINK -- Session::ProcessCheckAddressList - sending address check to WINaddr:192.168.0.100:50647;
20:00:34.00   RLINK -- Transport - median kBPS [hi/cur] sent = 0.1/0.0, recvd = 0.0/0.0, #p/sec[s/r] = 0.7/0.0, max unsent 0, version err 0, merge 0
20:00:34.00   RLINK -- Session::ProcessCheckAddressList - sending address check to WINaddr:192.168.0.100:50647;
20:00:35.02   RLINK -- Session::ProcessCheckAddressList - sending address check to WINaddr:192.168.0.100:50647;
20:00:35.02   RLINK -- Session::ProcessCheckAddressList - address WINaddr:192.168.0.100:50647; timed out
20:00:55.48   Re-winding a compressed stream for file 'data:sound\wav\music\frontend\opening_ambience_tg\opening_ambience_with_birds.smf'.  Expensive operation
20:00:57.14   RLINK -- SENDING FORCED ACK from Peer 8 to Peer 3 - timeSinceLastAckMS      49640, transmitAckLastTimeMS     284294 | Peer ---E- M#00000000 Sack00000007 NSack00000000 (C0.0% S:0.0) [  ]
20:01:02.02   RLINK -- local      PeerID 8 LOCL ack=  0 (  0ms~0) unack=  0, retry=  0, highwaterOOS=0 (ip=WINaddr:192.168.50.236:6112;), pending=0, dead=0, RS#=0/0
20:01:02.02   RLINK --       host PeerID 1 RELY ack=186 (856ms~540) unack=  0, retry= 18, highwaterOOS=4 (ip=WINaddr:192.168.1.10:6112;), pending=0, dead=0, RS#=185/185
20:01:02.02   RLINK --            PeerID 2 RELY ack=  6 (512ms~51) unack=  0, retry=  0, highwaterOOS=0 (ip=WINaddr:192.168.91.212:6112;), pending=0, dead=0, RS#=6/6
20:01:02.02   RLINK --            PeerID 3 RELY ack=  6 (441ms~57) unack=  0, retry=  0, highwaterOOS=0 (ip=WINaddr:192.168.0.23:6112;), pending=0, dead=0, RS#=6/6
20:01:02.02   RLINK --            PeerID 5 RELY ack=  6 (512ms~51) unack=  0, retry=  0, highwaterOOS=0 (ip=WINaddr:192.168.10.3:6112;), pending=0, dead=0, RS#=6/6
20:01:02.02   RLINK --            PeerID 6 RELY ack=  6 (512ms~51) unack=  0, retry=  0, highwaterOOS=0 (ip=WINaddr:192.168.1.33:6112;), pending=0, dead=0, RS#=6/6
20:01:02.02   RLINK --            PeerID 10 RELY ack=  2 (491ms~87) unack=  0, retry=  0, highwaterOOS=0 (ip=WINaddr:192.168.178.30:6112;), pending=0, dead=0, RS#=2/2
20:01:02.02   RLINK -- MessageCounts: inval=0/0, seek=0/0, join=0/2, ichk=0/0, sk_r=0/0, deny=0/0, Padd=0/4, Pdel=0/6, drop=0/2, data=49/38, mdat=0/0, voip=0/0, rchk=31/0, nudg=15/34, Thdr=29/0, Peer=89/93, PPrx=60/90, ping=0/0, Pfrg=0/0, rely=15/24, lb_p=3/3, lb_c=0/0, cast=0/0, cdat=0/0, sorq1=0/0, sorp=0/0, acto=0/0, spob=0/0, sorq2=0/0
20:01:11.98   RLINK -- SENDING FORCED ACK from Peer 8 to Peer 1 - timeSinceLastAckMS        277, transmitAckLastTimeMS     299129 | Peer ---E- M#00000000 Sack00000130 NSack00000000 (C0.0% S:0.0) [  ]
20:01:14.39   RLINK -- SENDING FORCED ACK from Peer 8 to Peer 3 - timeSinceLastAckMS      17246, transmitAckLastTimeMS     301540 | Peer ---E- M#00000000 Sack00000008 NSack00000000 (C0.0% S:0.0) [  ]
20:01:30.64   RLINK -- SENDING FORCED ACK from Peer 8 to Peer 3 - timeSinceLastAckMS       2964, transmitAckLastTimeMS     317795 | Peer ---E- M#00000000 Sack00000009 NSack00000000 (C0.0% S:0.0) [  ]
20:01:32.48   RLINK -- SENDING FORCED ACK from Peer 8 to Peer 1 - timeSinceLastAckMS       1775, transmitAckLastTimeMS     319630 | Peer ---E- M#00000000 Sack00000131 NSack00000000 (C0.0% S:0.0) [  ]
20:01:32.48   RLINK -- Session::PollTransportEvents AddPeerMessage from peer 1 recv'd for unknown peer at address list WINaddr:192.168.0.100:50647;
20:01:32.48   RLINK -- Transport::OpenInternal request to WINaddr:255.255.255.255:6112;
20:01:32.48   RLINK -- Session::CheckAddress - initiating address check for WINaddr:192.168.0.100:50647;
20:01:32.48   RLINK -- Session - highest peerID now : 17
20:01:32.49   RLINK -- ValidateCustomData: called with 1511 bytes of custom data
20:01:32.49   RLINK -- Client accepted Peer 17 into the match at address list = WINaddr:192.168.0.100:50647;, routes =
20:01:32.49   RLINK -- WorldwideAdvertisementService::Process - EVENT_NEWPEER
20:01:32.64   RLINK -- Accepted matchInfo updated 377 from host
20:01:32.64   RLINK -- Accepted matchInfo updated 378 from host
20:01:32.67   GetMaxFrameTimeFromProfile: players=8 expected FPS=54.660019, bars=5, max avg=0.016, sd=0.003, 5 samples =  0.01 0.01 0.02 0.02 0.02
20:01:33.01   RLINK -- Session::ProcessCheckAddressList - sending address check to WINaddr:192.168.0.100:50647;
20:01:33.38   RLINK -- Accepted matchInfo updated 382 from host
20:01:33.38   RLINK -- Accepted matchInfo updated 387 from host
20:01:34.02   RLINK -- Session::ProcessCheckAddressList - sending address check to WINaddr:192.168.0.100:50647;
20:01:34.23   RLINK -- SENDING RETRY - Peer 8 to Peer 17 retryTimeMS        500 oneMsg.lastTransmitTime     320867, timeSinceLastTransmitMS        517 | Peer RS--- M#00000001 Sack00000000 NSack00000000 (C0.0% S:0.0) [ PKT SIZE:47 data DestChannel:�f�, Size:43  ]
20:01:35.00   RLINK -- Transport - median kBPS [hi/cur] sent = 0.1/0.0, recvd = 0.0/0.0, #p/sec[s/r] = 0.1/0.0, max unsent 0, version err 0, merge 0
20:01:35.00   RLINK -- Session::ProcessCheckAddressList - sending address check to WINaddr:192.168.0.100:50647;
20:01:35.61   RLINK -- SENDING FORCED ACK from Peer 8 to Peer 1 - timeSinceLastAckMS       1892, transmitAckLastTimeMS     322759 | Peer ---E- M#00000000 Sack00000136 NSack00000000 (C0.0% S:0.0) [  ]
20:01:35.61   RLINK -- Removing peer 17 from session due to REMOVEPEER from host PeerID 1
20:01:35.61   RLINK -- Session::SchedulePeerRemove - Scheduling peerID: 17 to disconnect, reasonCode:4003, reason:OnlinePlayerListEntry::OnClickedKick
20:01:35.62   RLINK -- Session Destroy Peer Event - ReasonID: 4003 ReasonDebug: OnlinePlayerListEntry::OnClickedKick
20:01:35.62   RLINK -- Session::GetEvent DestroyPeer success Peer 17 removed, reasonCode 4003, reasonDebug OnlinePlayerListEntry::OnClickedKick
20:01:35.62   RLINK -- Session::DestroyPeer - deallocating peer 17
20:01:35.62   RLINK -- Session - Requested Disconnect for connectionID 16
20:01:35.62   RLINK -- WorldwideAdvertisementService::Process - EVENT_DESTROYPEER
20:01:35.77   RLINK -- Accepted matchInfo updated 388 from host
20:01:35.80   GetMaxFrameTimeFromProfile: players=8 expected FPS=54.660019, bars=5, max avg=0.016, sd=0.003, 5 samples =  0.01 0.01 0.02 0.02 0.02
20:01:35.89   RLINK -- Accepted matchInfo updated 389 from host
20:01:36.01   RLINK -- Session::ProcessCheckAddressList - sending address check to WINaddr:192.168.0.100:50647;
20:01:36.14   RLINK -- Accepted matchInfo updated 390 from host
20:01:36.38   RLINK -- Accepted matchInfo updated 395 from host
20:01:36.53   RLINK -- SENDING FORCED ACK from Peer 8 to Peer 3 - timeSinceLastAckMS       2815, transmitAckLastTimeMS     323682 | Peer ---E- M#00000000 Sack00000010 NSack00000000 (C0.0% S:0.0) [  ]
20:01:37.02   RLINK -- Session::ProcessCheckAddressList - sending address check to WINaddr:192.168.0.100:50647;
20:01:38.02   RLINK -- Session::ProcessCheckAddressList - sending address check to WINaddr:192.168.0.100:50647;
20:01:39.03   RLINK -- Session::ProcessCheckAddressList - sending address check to WINaddr:192.168.0.100:50647;
20:01:40.00   RLINK -- Session::ProcessCheckAddressList - sending address check to WINaddr:192.168.0.100:50647;
20:01:40.42   RLINK -- SENDING FORCED ACK from Peer 8 to Peer 2 - timeSinceLastAckMS       6705, transmitAckLastTimeMS     327572 | Peer ---E- M#00000000 Sack00000003 NSack00000000 (C0.0% S:0.0) [  ]
20:01:41.00   RLINK -- Session::ProcessCheckAddressList - sending address check to WINaddr:192.168.0.100:50647;
20:01:42.01   RLINK -- Session::ProcessCheckAddressList - sending address check to WINaddr:192.168.0.100:50647;
20:01:43.02   RLINK -- Session::ProcessCheckAddressList - sending address check to WINaddr:192.168.0.100:50647;
20:01:43.02   RLINK -- Session::ProcessCheckAddressList - address WINaddr:192.168.0.100:50647; timed out
20:01:45.28   RLINK -- SENDING FORCED ACK from Peer 8 to Peer 2 - timeSinceLastAckMS       4860, transmitAckLastTimeMS     332432 | Peer ---E- M#00000000 Sack00000004 NSack00000000 (C0.0% S:0.0) [  ]
20:01:48.97   RLINK -- SENDING FORCED ACK from Peer 8 to Peer 1 - timeSinceLastAckMS        514, transmitAckLastTimeMS     336125 | Peer ---E- M#00000000 Sack00000141 NSack00000000 (C0.0% S:0.0) [  ]
20:01:48.97   RLINK -- Session::PollTransportEvents AddPeerMessage from peer 1 recv'd for unknown peer at address list WINaddr:192.168.1.33:6112;
20:01:48.97   RLINK -- Transport::OpenInternal request to WINaddr:255.255.255.255:6112;
20:01:48.97   RLINK -- Session::CheckAddress - initiating address check for WINaddr:192.168.1.33:6112;
20:01:48.97   RLINK -- Session - highest peerID now : 19
20:01:48.98   RLINK -- ValidateCustomData: called with 1215 bytes of custom data
20:01:48.98   RLINK -- Client accepted Peer 19 into the match at address list = WINaddr:192.168.1.33:6112;, routes =
20:01:48.98   RLINK -- WorldwideAdvertisementService::Process - EVENT_NEWPEER
20:01:49.01   RLINK -- Session::ProcessCheckAddressList - sending address check to WINaddr:192.168.1.33:6112;
20:01:49.01   RLINK -- Accepted matchInfo updated 396 from host
20:01:49.03   GetMaxFrameTimeFromProfile: players=8 expected FPS=54.660019, bars=5, max avg=0.016, sd=0.003, 5 samples =  0.01 0.01 0.02 0.02 0.02
20:01:49.14   RLINK -- Accepted matchInfo updated 397 from host
20:01:49.38   RLINK -- Accepted matchInfo updated 398 from host
20:01:49.53   RLINK -- Accepted matchInfo updated 403 from host
20:01:50.01   RLINK -- Session::ProcessCheckAddressList - sending address check to WINaddr:192.168.1.33:6112;
20:01:50.50   RLINK -- SENDING RETRY - Peer 8 to Peer 1 retryTimeMS       1100 oneMsg.lastTransmitTime     336529, timeSinceLastTransmitMS       1121 | Peer RS--- M#00000207 Sack00000145 NSack00000000 (C0.0% S:0.0) [ PKT SIZE:18 data DestChannel:�<�, Size:14  ]
20:01:51.02   RLINK -- Session::ProcessCheckAddressList - sending address check to WINaddr:192.168.1.33:6112;
20:01:52.00   RLINK -- Session::ProcessCheckAddressList - sending address check to WINaddr:192.168.1.33:6112;
20:01:53.01   RLINK -- Session::ProcessCheckAddressList - sending address check to WINaddr:192.168.1.33:6112;
20:01:53.35   RLINK -- SENDING FORCED ACK from Peer 8 to Peer 1 - timeSinceLastAckMS        797, transmitAckLastTimeMS     340496 | Peer ---E- M#00000000 Sack00000146 NSack00000000 (C0.0% S:0.0) [  ]
20:01:53.35   RLINK -- Removing peer 19 from session due to REMOVEPEER from host PeerID 1
20:01:53.35   RLINK -- Session::SchedulePeerRemove - Scheduling peerID: 19 to disconnect, reasonCode:4003, reason:OnlinePlayerListEntry::OnClickedKick
20:01:53.35   RLINK -- Session Destroy Peer Event - ReasonID: 4003 ReasonDebug: OnlinePlayerListEntry::OnClickedKick
20:01:53.35   RLINK -- Session::GetEvent DestroyPeer success Peer 19 removed, reasonCode 4003, reasonDebug OnlinePlayerListEntry::OnClickedKick
20:01:53.35   RLINK -- Session::DestroyPeer - deallocating peer 19
20:01:53.35   RLINK -- Session - Requested Disconnect for connectionID 17
20:01:53.35   RLINK -- WorldwideAdvertisementService::Process - EVENT_DESTROYPEER
20:01:53.38   RLINK -- Accepted matchInfo updated 404 from host
20:01:53.38   RLINK -- Accepted matchInfo updated 405 from host
20:01:53.40   GetMaxFrameTimeFromProfile: players=8 expected FPS=54.660019, bars=5, max avg=0.016, sd=0.003, 5 samples =  0.01 0.01 0.02 0.02 0.02
20:01:53.68   RLINK -- SENDING FORCED ACK from Peer 8 to Peer 3 - timeSinceLastAckMS      17151, transmitAckLastTimeMS     340833 | Peer ---E- M#00000000 Sack00000011 NSack00000000 (C0.0% S:0.0) [  ]
20:01:54.02   RLINK -- Session::ProcessCheckAddressList - sending address check to WINaddr:192.168.1.33:6112;
20:01:54.02   RLINK -- Accepted matchInfo updated 409 from host
20:01:54.15   RLINK -- Accepted matchInfo updated 411 from host
20:01:55.02   RLINK -- Session::ProcessCheckAddressList - sending address check to WINaddr:192.168.1.33:6112;
20:01:56.01   RLINK -- Session::ProcessCheckAddressList - sending address check to WINaddr:192.168.1.33:6112;
20:01:57.00   RLINK -- Session::ProcessCheckAddressList - sending address check to WINaddr:192.168.1.33:6112;
20:01:58.03   RLINK -- Session::ProcessCheckAddressList - sending address check to WINaddr:192.168.1.33:6112;
20:01:59.01   RLINK -- Session::ProcessCheckAddressList - sending address check to WINaddr:192.168.1.33:6112;
20:01:59.01   RLINK -- Session::ProcessCheckAddressList - address WINaddr:192.168.1.33:6112; timed out
20:02:00.61   Re-winding a compressed stream for file 'data:sound\wav\music\frontend\opening_ambience_tg\opening_ambience_with_birds.smf'.  Expensive operation
20:02:03.02   RLINK -- local      PeerID 8 LOCL ack=  0 (  0ms~0) unack=  0, retry=  0, highwaterOOS=0 (ip=WINaddr:192.168.50.236:6112;), pending=0, dead=0, RS#=0/0
20:02:03.02   RLINK --       host PeerID 1 RELY ack=218 (539ms~75) unack=  0, retry= 19, highwaterOOS=4 (ip=WINaddr:192.168.1.10:6112;), pending=0, dead=0, RS#=217/217
20:02:03.02   RLINK --            PeerID 2 RELY ack= 10 (413ms~82) unack=  0, retry=  0, highwaterOOS=0 (ip=WINaddr:192.168.91.212:6112;), pending=0, dead=0, RS#=10/10
20:02:03.02   RLINK --            PeerID 3 RELY ack= 10 (420ms~51) unack=  0, retry=  0, highwaterOOS=0 (ip=WINaddr:192.168.0.23:6112;), pending=0, dead=0, RS#=10/10
20:02:03.02   RLINK --            PeerID 5 RELY ack= 10 (512ms~39) unack=  0, retry=  0, highwaterOOS=0 (ip=WINaddr:192.168.10.3:6112;), pending=0, dead=0, RS#=10/10
20:02:03.02   RLINK --            PeerID 6 RELY ack= 10 (512ms~39) unack=  0, retry=  0, highwaterOOS=0 (ip=WINaddr:192.168.1.33:6112;), pending=0, dead=0, RS#=10/10
20:02:03.02   RLINK --            PeerID 10 RELY ack=  6 (511ms~41) unack=  0, retry=  0, highwaterOOS=0 (ip=WINaddr:192.168.178.30:6112;), pending=0, dead=0, RS#=6/6
20:02:03.02   RLINK -- MessageCounts: inval=0/0, seek=0/0, join=0/3, ichk=0/0, sk_r=0/0, deny=0/2, Padd=0/4, Pdel=0/4, drop=0/2, data=53/27, mdat=0/0, voip=0/0, rchk=24/0, nudg=17/32, Thdr=22/0, Peer=95/103, PPrx=45/112, ping=0/0, Pfrg=0/0, rely=17/22, lb_p=4/4, lb_c=0/0, cast=0/0, cdat=0/0, sorq1=0/0, sorp=0/0, acto=0/0, spob=0/0, sorq2=0/0
20:02:06.41   RLINK -- SENDING FORCED ACK from Peer 8 to Peer 3 - timeSinceLastAckMS       1059, transmitAckLastTimeMS     353562 | Peer ---E- M#00000000 Sack00000012 NSack00000000 (C0.0% S:0.0) [  ]
20:02:11.44   RLINK -- SENDING FORCED ACK from Peer 8 to Peer 1 - timeSinceLastAckMS       1131, transmitAckLastTimeMS     358590 | Peer ---E- M#00000000 Sack00000151 NSack00000000 (C0.0% S:0.0) [  ]
20:02:16.19   RLINK -- SENDING FORCED ACK from Peer 8 to Peer 1 - timeSinceLastAckMS       2877, transmitAckLastTimeMS     363341 | Peer ---E- M#00000000 Sack00000152 NSack00000000 (C0.0% S:0.0) [  ]
20:02:16.56   RLINK -- SENDING FORCED ACK from Peer 8 to Peer 3 - timeSinceLastAckMS       6247, transmitAckLastTimeMS     363706 | Peer ---E- M#00000000 Sack00000013 NSack00000000 (C0.0% S:0.0) [  ]
20:02:25.73   Activating screen: DynamicPopupMenu
20:02:25.82   Activating screen: RelicOnlineStatsPopup
20:02:28.99   DataDeactivate - no more things to deactivate. bailing.
20:02:34.80   RLINK -- SENDING FORCED ACK from Peer 8 to Peer 2 - timeSinceLastAckMS      24493, transmitAckLastTimeMS     381952 | Peer ---E- M#00000000 Sack00000005 NSack00000000 (C0.0% S:0.0) [  ]
20:02:36.01   RLINK -- Transport - median kBPS [hi/cur] sent = 0.1/0.0, recvd = 0.0/0.0, #p/sec[s/r] = 0.3/0.0, max unsent 0, version err 0, merge 0
20:02:38.90   RLINK -- SENDING FORCED ACK from Peer 8 to Peer 1 - timeSinceLastAckMS       1437, transmitAckLastTimeMS     386048 | Peer ---E- M#00000000 Sack00000153 NSack00000000 (C0.0% S:0.0) [  ]
20:02:38.90   RLINK -- Session::PollTransportEvents AddPeerMessage from peer 1 recv'd for unknown peer at address list WINaddr:192.168.0.128:6112;
20:02:38.90   RLINK -- Transport::OpenInternal request to WINaddr:255.255.255.255:6112;
20:02:38.90   RLINK -- Session::CheckAddress - initiating address check for WINaddr:192.168.0.128:6112;
20:02:38.90   RLINK -- Session - highest peerID now : 20
20:02:38.90   RLINK -- ValidateCustomData: called with 977 bytes of custom data
20:02:38.90   RLINK -- Client accepted Peer 20 into the match at address list = WINaddr:192.168.0.128:6112;, routes =
20:02:38.90   RLINK -- WorldwideAdvertisementService::Process - EVENT_NEWPEER
20:02:39.02   RLINK -- Session::ProcessCheckAddressList - sending address check to WINaddr:192.168.0.128:6112;
20:02:39.55   RLINK -- Accepted matchInfo updated 412 from host
20:02:39.55   RLINK -- Accepted matchInfo updated 414 from host
20:02:39.57   RLINK -- SENDING FORCED ACK from Peer 8 to Peer 2 - timeSinceLastAckMS       4769, transmitAckLastTimeMS     386721 | Peer ---E- M#00000000 Sack00000006 NSack00000000 (C0.0% S:0.0) [  ]
20:02:39.58   GetMaxFrameTimeFromProfile: players=8 expected FPS=54.660019, bars=5, max avg=0.016, sd=0.003, 5 samples =  0.01 0.01 0.02 0.02 0.02
20:02:40.00   RLINK -- Session::ProcessCheckAddressList - sending address check to WINaddr:192.168.0.128:6112;
20:02:40.40   RLINK -- [P#8] SrcP# 1 ignoring old retry: 154 expect: 156
20:02:40.43   RLINK -- Accepted matchInfo updated 415 from host
20:02:40.55   RLINK -- SENDING RETRY - Peer 8 to Peer 1 retryTimeMS        990 oneMsg.lastTransmitTime     386705, timeSinceLastTransmitMS        997 | Peer RS--- M#00000220 Sack00000156 NSack00000000 (C0.0% S:0.0) [ PKT SIZE:18 data DestChannel:� ]
20:02:40.55   RLINK -- SENDING RETRY - Peer 8 to Peer 1 retryTimeMS        990 oneMsg.lastTransmitTime     386706, timeSinceLastTransmitMS        996 | Peer RS--- M#00000221 Sack00000156 NSack00000000 (C0.0% S:0.0) [ PKT SIZE:18 data DestChannel:� ]
20:02:40.56   RLINK -- Accepted matchInfo updated 419 from host
20:02:40.56   RLINK -- Accepted matchInfo updated 420 from host
20:02:40.56   RLINK -- Accepted matchInfo updated 422 from host
20:02:40.68   RLINK -- Accepted matchInfo updated 423 from host
20:02:41.01   RLINK -- Session::ProcessCheckAddressList - sending address check to WINaddr:192.168.0.128:6112;
20:02:42.02   RLINK -- Session::ProcessCheckAddressList - sending address check to WINaddr:192.168.0.128:6112;
20:02:42.94   RLINK -- SENDING FORCED ACK from Peer 8 to Peer 1 - timeSinceLastAckMS       2256, transmitAckLastTimeMS     390090 | Peer ---E- M#00000000 Sack00000161 NSack00000000 (C0.0% S:0.0) [  ]
20:02:43.00   RLINK -- Session::ProcessCheckAddressList - sending address check to WINaddr:192.168.0.128:6112;
20:02:43.55   RLINK -- Accepted matchInfo updated 424 from host
20:02:43.58   GetMaxFrameTimeFromProfile: players=8 expected FPS=54.660019, bars=5, max avg=0.016, sd=0.003, 5 samples =  0.01 0.01 0.02 0.02 0.02
20:02:43.67   RLINK -- Accepted matchInfo updated 425 from host
20:02:44.00   RLINK -- Session::ProcessCheckAddressList - sending address check to WINaddr:192.168.0.128:6112;
20:02:44.04   RLINK -- Accepted matchInfo updated 426 from host
20:02:44.15   RLINK -- Accepted matchInfo updated 429 from host
20:02:44.18   RLINK -- SENDING FORCED ACK from Peer 8 to Peer 3 - timeSinceLastAckMS      27628, transmitAckLastTimeMS     391334 | Peer ---E- M#00000000 Sack00000014 NSack00000000 (C0.0% S:0.0) [  ]
20:02:44.29   RLINK -- Accepted matchInfo updated 432 from host
20:02:44.68   RLINK -- Accepted matchInfo updated 433 from host
20:02:45.00   RLINK -- Session::ProcessCheckAddressList - sending address check to WINaddr:192.168.0.128:6112;
20:02:46.00   RLINK -- Session::ProcessCheckAddressList - sending address check to WINaddr:192.168.0.128:6112;
20:02:47.02   RLINK -- Session::ProcessCheckAddressList - sending address check to WINaddr:192.168.0.128:6112;
20:02:47.31   RLINK -- Accepted matchInfo updated 434 from host
20:02:47.31   RLINK -- Accepted matchInfo updated 435 from host
20:02:47.55   RLINK -- [P#8] SrcP# 1 ignoring old retry: 168 expect: 170
20:02:47.79   RLINK -- SENDING RETRY - Peer 8 to Peer 20 retryTimeMS        500 oneMsg.lastTransmitTime     394429, timeSinceLastTransmitMS        514 | Peer RS--- M#00000001 Sack00000000 NSack00000000 (C0.0% S:0.0) [ PKT SIZE:79 data DestChannel:� ]
20:02:48.01   RLINK -- Session::ProcessCheckAddressList - sending address check to WINaddr:192.168.0.128:6112;
20:02:49.01   RLINK -- Session::ProcessCheckAddressList - sending address check to WINaddr:192.168.0.128:6112;
20:02:49.01   RLINK -- Session::ProcessCheckAddressList - address WINaddr:192.168.0.128:6112; timed out
20:02:50.55   RLINK -- Accepted matchInfo updated 436 from host
20:02:54.19   RLINK -- Accepted matchInfo updated 437 from host
20:02:56.09   RLINK -- SENDING FORCED ACK from Peer 8 to Peer 1 - timeSinceLastAckMS       1748, transmitAckLastTimeMS     403237 | Peer ---E- M#00000000 Sack00000173 NSack00000000 (C0.0% S:0.0) [  ]
20:02:57.59   RLINK -- SENDING FORCED ACK from Peer 8 to Peer 3 - timeSinceLastAckMS       3250, transmitAckLastTimeMS     404739 | Peer ---E- M#00000000 Sack00000015 NSack00000000 (C0.0% S:0.0) [  ]
20:02:58.45   RLINK -- SENDING FORCED ACK from Peer 8 to Peer 1 - timeSinceLastAckMS       1104, transmitAckLastTimeMS     405600 | Peer ---E- M#00000000 Sack00000174 NSack00000000 (C0.0% S:0.0) [  ]
20:02:59.55   RLINK -- Accepted matchInfo updated 438 from host
20:03:00.70   RLINK -- SENDING FORCED ACK from Peer 8 to Peer 2 - timeSinceLastAckMS       2081, transmitAckLastTimeMS     407855 | Peer ---E- M#00000000 Sack00000007 NSack00000000 (C0.0% S:0.0) [  ]
20:03:01.05   RLINK -- Accepted matchInfo updated 439 from host
20:03:02.25   RLINK -- SENDING RETRY - Peer 8 to Peer 1 retryTimeMS       1193 oneMsg.lastTransmitTime     408203, timeSinceLastTransmitMS       1198 | Peer RS--- M#00000248 Sack00000176 NSack00000000 (C0.0% S:0.0) [ PKT SIZE:18 data DestChannel:�W�, Size:14  ]
20:03:03.68   SMT_StartGame_To_Everyone - received
20:03:03.68   SMT_StartGame_To_Everyone - Starting game with synclevel 0 from start message
20:03:03.68   GameSetupForm - Starting game
20:03:03.68   GameInfo::ResetInfo - SyncLevel set to 0 on reset
20:03:03.68   PopulateGameInfoInternal - Setting Option #0 - [Id 1397509955, Value 1]
20:03:03.68   PopulateGameInfoInternal - Setting Option #1 - [Id 1381192532, Value 1]
20:03:03.68   PopulateGameInfoInternal - Setting Option #2 - [Id 1448105035, Value 1]
20:03:03.68   PopulateGameInfoInternal - Player #0 - [Id 26726, Type 2, Team 0, Race 2]
20:03:03.68   PopulateGameInfoInternal - Player #4 - [Id 1850731, Type 0, Team 1, Race 1]
20:03:03.68   PopulateGameInfoInternal - Player #1 - [Id 1243386, Type 2, Team 0, Race 0]
20:03:03.68   PopulateGameInfoInternal - Player #5 - [Id 1491000, Type 2, Team 1, Race 3]
20:03:03.68   PopulateGameInfoInternal - Player #2 - [Id 140455, Type 2, Team 0, Race 0]
20:03:03.68   PopulateGameInfoInternal - Player #6 - [Id 45185, Type 2, Team 1, Race 3]
20:03:03.68   PopulateGameInfoInternal - Player #3 - [Id 642693, Type 2, Team 0, Race 2]
20:03:03.68   PopulateGameInfoInternal - Player #7 - [Id 952820, Type 2, Team 1, Race 1]
20:03:03.68   PopulateGameInfoInternal - Team #0 Player Count: 4
20:03:03.68   PopulateGameInfoInternal - Team #1 Player Count: 4
20:03:03.68   PopulateGameInfo - random seed:[1665424982], guid:[{9007e9e8-d4ab-4bbf-adb8-7131ed8a04e4}], sync level:[0]
20:03:03.68   RLINK -- Accepted matchInfo updated 441 from host
20:03:03.68   RLINK -- WorldwideAutomatchService::OnStartComplete - detected successful game start
20:03:03.68   RLINK -- Match Started - [00000000:00006866 /steam/76561198012399268], slot =  0, ranking =   -1
20:03:03.68   RLINK -- Match Started - [00000000:001c3d6b /steam/76561199210795903], slot =  1, ranking =   -1
20:03:03.68   RLINK -- Match Started - [00000000:0012f8fa /steam/76561198263392865], slot =  2, ranking =   -1
20:03:03.68   RLINK -- Match Started - [00000000:0016c038 /steam/76561198873493279], slot =  3, ranking =   -1
20:03:03.68   RLINK -- Match Started - [00000000:000224a7 /steam/76561197975452220], slot =  4, ranking =   -1
20:03:03.68   RLINK -- Match Started - [00000000:0000b081 /steam/76561198079666514], slot =  5, ranking =   -1
20:03:03.68   RLINK -- Match Started - [00000000:0009ce85 /steam/76561198014477013], slot =  6, ranking =   -1
20:03:03.68   RLINK -- Match Started - [00000000:000e89f4 /steam/76561198285889230], slot =  7, ranking =   -1
20:03:03.69   Error loading [DATA:levelingCurve.lua]
20:03:03.69   Error loading [DATA:levelingCurve.lua]
20:03:03.69   Error loading [DATA:levelingCurve.lua]
20:03:03.69   Error loading [DATA:levelingCurve.lua]
20:03:03.69   Error loading [DATA:levelingCurve.lua]
20:03:03.69   Error loading [DATA:levelingCurve.lua]
20:03:03.69   Error loading [DATA:levelingCurve.lua]
20:03:03.69   Error loading [DATA:levelingCurve.lua]
20:03:03.69   MOD - Setting player (0) race to: allies_commonwealth
20:03:03.69   MOD - Setting player (0) race to: 0
20:03:03.69   ModDllSetup::PlayerSetRewardUnits - playerIndex 0...
20:03:03.69       adding reward 'upgrade\upgrade_axis_geschutzwagen'
20:03:03.69       adding reward 'upgrade\upgrade_allied_hellcat'
20:03:03.69       adding reward 'upgrade\upgrade_british_kangaroo'
20:03:03.69       adding reward 'upgrade\upgrade_axis_schwimmwagen'
20:03:03.69       adding reward 'upgrade\upgrade_allied_staghound'
20:03:03.69   MOD - Setting player (1) race to: allies
20:03:03.69   MOD - Setting player (1) race to: 1
20:03:03.69   ModDllSetup::PlayerSetRewardUnits - playerIndex 1...
20:03:03.69   MOD - Setting player (2) race to: allies
20:03:03.69   MOD - Setting player (2) race to: 1
20:03:03.69   ModDllSetup::PlayerSetRewardUnits - playerIndex 2...
20:03:03.69   MOD - Setting player (3) race to: allies_commonwealth
20:03:03.69   MOD - Setting player (3) race to: 0
20:03:03.69   ModDllSetup::PlayerSetRewardUnits - playerIndex 3...
20:03:03.69   MOD - Setting player (4) race to: axis
20:03:03.69   MOD - Setting player (4) race to: 2
20:03:03.69   ModDllSetup::PlayerSetRewardUnits - playerIndex 4...
20:03:03.69       adding reward 'upgrade\upgrade_axis_schwimmwagen'
20:03:03.69       adding reward 'upgrade\upgrade_allied_hellcat'
20:03:03.69       adding reward 'upgrade\upgrade_british_staghound'
20:03:03.69   MOD - Setting player (5) race to: axis_panzer_elite
20:03:03.69   MOD - Setting player (5) race to: 3
20:03:03.69   ModDllSetup::PlayerSetRewardUnits - playerIndex 5...
20:03:03.69       adding reward 'upgrade\upgrade_axis_geschutzwagen'
20:03:03.69       adding reward 'upgrade\upgrade_panzer_elite_hotchkiss'
20:03:03.69   MOD - Setting player (6) race to: axis_panzer_elite
20:03:03.69   MOD - Setting player (6) race to: 3
20:03:03.69   ModDllSetup::PlayerSetRewardUnits - playerIndex 6...
20:03:03.69       adding reward 'upgrade\upgrade_axis_geschutzwagen'
20:03:03.69       adding reward 'upgrade\upgrade_allied_hellcat'
20:03:03.69       adding reward 'upgrade\upgrade_panzer_elite_hotchkiss'
20:03:03.69       adding reward 'upgrade\upgrade_british_kangaroo'
20:03:03.69       adding reward 'upgrade\upgrade_axis_schwimmwagen'
20:03:03.69       adding reward 'upgrade\upgrade_panzer_elite_schwimmwagen'
20:03:03.69       adding reward 'upgrade\upgrade_allied_staghound'
20:03:03.69       adding reward 'upgrade\upgrade_british_staghound'
20:03:03.69   MOD - Setting player (7) race to: axis
20:03:03.69   MOD - Setting player (7) race to: 2
20:03:03.69   ModDllSetup::PlayerSetRewardUnits - playerIndex 7...
20:03:03.69       adding reward 'upgrade\upgrade_voss_tiger'
20:03:03.69       adding reward 'upgrade\upgrade_axis_schwimmwagen'
20:03:03.71   APP -- Game Start
20:03:03.73   GameInfo::ResetInfo - SyncLevel set to 0 on reset
20:03:03.73   GameInfo::ResetInfo - SyncLevel set to 0 on reset
20:03:03.73   GameInfo::ResetInfo - SyncLevel set to 0 on reset
20:03:03.73   GameInfo::ResetInfo - SyncLevel set to 0 on reset
20:03:03.73   GameInfo::ResetInfo - SyncLevel set to 0 on reset
20:03:03.73   GameInfo::ResetInfo - SyncLevel set to 0 on reset
20:03:03.73   GameInfo::ResetInfo - SyncLevel set to 0 on reset
20:03:03.73   GameInfo::ResetInfo - SyncLevel set to 0 on reset
20:03:03.73   GameInfo::ResetInfo - SyncLevel set to 0 on reset
20:03:03.73   GameInfo::ResetInfo - SyncLevel set to 0 on reset
20:03:03.73   GameInfo::ResetInfo - SyncLevel set to 0 on reset
20:03:03.73   GameInfo::ResetInfo - SyncLevel set to 0 on reset
20:03:03.73   GameInfo::ResetInfo - SyncLevel set to 0 on reset
20:03:03.73   GameInfo::ResetInfo - SyncLevel set to 0 on reset
20:03:03.73   GameInfo::ResetInfo - SyncLevel set to 0 on reset
20:03:03.74   GameInfo::ResetInfo - SyncLevel set to 0 on reset
20:03:03.74   GameInfo::ResetInfo - SyncLevel set to 0 on reset
20:03:03.74   GameInfo::ResetInfo - SyncLevel set to 0 on reset
20:03:03.74   GameInfo::ResetInfo - SyncLevel set to 0 on reset
20:03:03.74   GameInfo::ResetInfo - SyncLevel set to 0 on reset
20:03:03.74   GameInfo::ResetInfo - SyncLevel set to 0 on reset
20:03:03.74   GameInfo::ResetInfo - SyncLevel set to 0 on reset
20:03:03.74   GameInfo::ResetInfo - SyncLevel set to 0 on reset
20:03:03.74   GameInfo::ResetInfo - SyncLevel set to 0 on reset
20:03:03.74   GameInfo::ResetInfo - SyncLevel set to 0 on reset
20:03:03.74   GameInfo::ResetInfo - SyncLevel set to 0 on reset
20:03:03.74   GameInfo::ResetInfo - SyncLevel set to 0 on reset
20:03:03.74   GameInfo::ResetInfo - SyncLevel set to 0 on reset
20:03:03.74   GameInfo::ResetInfo - SyncLevel set to 0 on reset
20:03:03.74   GameInfo::ResetInfo - SyncLevel set to 0 on reset
20:03:03.74   GameInfo::ResetInfo - SyncLevel set to 0 on reset
20:03:03.74   GameInfo::ResetInfo - SyncLevel set to 0 on reset
20:03:03.74   GameInfo::ResetInfo - SyncLevel set to 0 on reset
20:03:03.74   GameInfo::ResetInfo - SyncLevel set to 0 on reset
20:03:03.74   GameInfo::ResetInfo - SyncLevel set to 0 on reset
20:03:03.74   GameInfo::ResetInfo - SyncLevel set to 0 on reset
20:03:03.74   GameInfo::ResetInfo - SyncLevel set to 0 on reset
20:03:03.74   GameInfo::ResetInfo - SyncLevel set to 0 on reset
20:03:03.74   GameInfo::ResetInfo - SyncLevel set to 0 on reset
20:03:03.74   GameInfo::ResetInfo - SyncLevel set to 0 on reset
20:03:03.74   GameInfo::ResetInfo - SyncLevel set to 0 on reset
20:03:03.74   GameInfo::ResetInfo - SyncLevel set to 0 on reset
20:03:03.74   GameInfo::ResetInfo - SyncLevel set to 0 on reset
20:03:03.74   GameInfo::ResetInfo - SyncLevel set to 0 on reset
20:03:03.74   GameInfo::ResetInfo - SyncLevel set to 0 on reset
20:03:03.74   GameInfo::ResetInfo - SyncLevel set to 0 on reset
20:03:03.74   GameInfo::ResetInfo - SyncLevel set to 0 on reset
20:03:03.74   GameInfo::ResetInfo - SyncLevel set to 0 on reset
20:03:03.74   GameInfo::ResetInfo - SyncLevel set to 0 on reset
20:03:03.74   GameInfo::ResetInfo - SyncLevel set to 0 on reset
20:03:03.74   GameInfo::ResetInfo - SyncLevel set to 0 on reset
20:03:03.75   GameInfo::ResetInfo - SyncLevel set to 0 on reset
20:03:03.75   GameInfo::ResetInfo - SyncLevel set to 0 on reset
20:03:03.75   GameInfo::ResetInfo - SyncLevel set to 0 on reset
20:03:03.75   GameInfo::ResetInfo - SyncLevel set to 0 on reset
20:03:03.75   GameInfo::ResetInfo - SyncLevel set to 0 on reset
20:03:03.75   GameInfo::ResetInfo - SyncLevel set to 0 on reset
20:03:03.75   GameInfo::ResetInfo - SyncLevel set to 0 on reset
20:03:03.75   GameInfo::ResetInfo - SyncLevel set to 0 on reset
20:03:03.75   GameInfo::ResetInfo - SyncLevel set to 0 on reset
20:03:03.75   GameInfo::ResetInfo - SyncLevel set to 0 on reset
20:03:03.75   GameInfo::ResetInfo - SyncLevel set to 0 on reset
20:03:03.75   GameInfo::ResetInfo - SyncLevel set to 0 on reset
20:03:03.75   GameInfo::ResetInfo - SyncLevel set to 0 on reset
20:03:03.75   GameInfo::ResetInfo - SyncLevel set to 0 on reset
20:03:03.75   GameInfo::ResetInfo - SyncLevel set to 0 on reset
20:03:03.75   GameInfo::ResetInfo - SyncLevel set to 0 on reset
20:03:03.75   GameInfo::ResetInfo - SyncLevel set to 0 on reset
20:03:03.75   GameInfo::ResetInfo - SyncLevel set to 0 on reset
20:03:03.75   GameInfo::ResetInfo - SyncLevel set to 0 on reset
20:03:03.75   GameInfo::ResetInfo - SyncLevel set to 0 on reset
20:03:03.75   GameInfo::ResetInfo - SyncLevel set to 0 on reset
20:03:03.75   GameInfo::ResetInfo - SyncLevel set to 0 on reset
20:03:03.75   GameInfo::ResetInfo - SyncLevel set to 0 on reset
20:03:03.75   GameInfo::ResetInfo - SyncLevel set to 0 on reset
20:03:03.75   GameInfo::ResetInfo - SyncLevel set to 0 on reset
20:03:03.75   GameInfo::ResetInfo - SyncLevel set to 0 on reset
20:03:03.75   GameInfo::ResetInfo - SyncLevel set to 0 on reset
20:03:03.75   GameInfo::ResetInfo - SyncLevel set to 0 on reset
20:03:03.75   GameInfo::ResetInfo - SyncLevel set to 0 on reset
20:03:03.75   GameInfo::ResetInfo - SyncLevel set to 0 on reset
20:03:03.75   GameInfo::ResetInfo - SyncLevel set to 0 on reset
20:03:03.75   GameInfo::ResetInfo - SyncLevel set to 0 on reset
20:03:03.75   GameInfo::ResetInfo - SyncLevel set to 0 on reset
20:03:03.76   GameInfo::ResetInfo - SyncLevel set to 0 on reset
20:03:03.76   GameInfo::ResetInfo - SyncLevel set to 0 on reset
20:03:03.76   GameInfo::ResetInfo - SyncLevel set to 0 on reset
20:03:03.76   GameInfo::ResetInfo - SyncLevel set to 0 on reset
20:03:03.76   GameInfo::ResetInfo - SyncLevel set to 0 on reset
20:03:03.76   GameInfo::ResetInfo - SyncLevel set to 0 on reset
20:03:03.76   GameInfo::ResetInfo - SyncLevel set to 0 on reset
20:03:03.76   GameInfo::ResetInfo - SyncLevel set to 0 on reset
20:03:03.76   GameInfo::ResetInfo - SyncLevel set to 0 on reset
20:03:03.76   GameInfo::ResetInfo - SyncLevel set to 0 on reset
20:03:03.76   GameInfo::ResetInfo - SyncLevel set to 0 on reset
20:03:03.76   GameInfo::ResetInfo - SyncLevel set to 0 on reset
20:03:03.76   GameInfo::ResetInfo - SyncLevel set to 0 on reset
20:03:03.76   GameInfo::ResetInfo - SyncLevel set to 0 on reset
20:03:03.76   GameInfo::ResetInfo - SyncLevel set to 0 on reset
20:03:03.76   GameInfo::ResetInfo - SyncLevel set to 0 on reset
20:03:03.76   GameInfo::ResetInfo - SyncLevel set to 0 on reset
20:03:03.76   GameInfo::ResetInfo - SyncLevel set to 0 on reset
20:03:03.76   GameInfo::ResetInfo - SyncLevel set to 0 on reset
20:03:03.76   GameInfo::ResetInfo - SyncLevel set to 0 on reset
20:03:03.76   GameInfo::ResetInfo - SyncLevel set to 0 on reset
20:03:03.76   GameInfo::ResetInfo - SyncLevel set to 0 on reset
20:03:03.76   GameInfo::ResetInfo - SyncLevel set to 0 on reset
20:03:03.76   GameInfo::ResetInfo - SyncLevel set to 0 on reset
20:03:03.76   GameInfo::ResetInfo - SyncLevel set to 0 on reset
20:03:03.76   GameInfo::ResetInfo - SyncLevel set to 0 on reset
20:03:03.76   GameInfo::ResetInfo - SyncLevel set to 0 on reset
20:03:03.76   GameInfo::ResetInfo - SyncLevel set to 0 on reset
20:03:03.76   GameInfo::ResetInfo - SyncLevel set to 0 on reset
20:03:03.76   GameInfo::ResetInfo - SyncLevel set to 0 on reset
20:03:03.76   GameInfo::ResetInfo - SyncLevel set to 0 on reset
20:03:03.76   GameInfo::ResetInfo - SyncLevel set to 0 on reset
20:03:03.76   GameInfo::ResetInfo - SyncLevel set to 0 on reset
20:03:03.76   GameInfo::ResetInfo - SyncLevel set to 0 on reset
20:03:03.76   GameInfo::ResetInfo - SyncLevel set to 0 on reset
20:03:03.76   GameInfo::ResetInfo - SyncLevel set to 0 on reset
20:03:03.76   GameInfo::ResetInfo - SyncLevel set to 0 on reset
20:03:03.76   GameInfo::ResetInfo - SyncLevel set to 0 on reset
20:03:03.76   GameInfo::ResetInfo - SyncLevel set to 0 on reset
20:03:03.76   GameInfo::ResetInfo - SyncLevel set to 0 on reset
20:03:03.76   GameInfo::ResetInfo - SyncLevel set to 0 on reset
20:03:03.76   GameInfo::ResetInfo - SyncLevel set to 0 on reset
20:03:03.76   GameInfo::ResetInfo - SyncLevel set to 0 on reset
20:03:03.76   GameInfo::ResetInfo - SyncLevel set to 0 on reset
20:03:03.76   GameInfo::ResetInfo - SyncLevel set to 0 on reset
20:03:03.77   GameInfo::ResetInfo - SyncLevel set to 0 on reset
20:03:03.77   GameInfo::ResetInfo - SyncLevel set to 0 on reset
20:03:03.77   GameInfo::ResetInfo - SyncLevel set to 0 on reset
20:03:03.77   GameInfo::ResetInfo - SyncLevel set to 0 on reset
20:03:03.77   GameInfo::ResetInfo - SyncLevel set to 0 on reset
20:03:03.77   GameInfo::ResetInfo - SyncLevel set to 0 on reset
20:03:03.77   GameInfo::ResetInfo - SyncLevel set to 0 on reset
20:03:03.77   GameInfo::ResetInfo - SyncLevel set to 0 on reset
20:03:03.77   GameInfo::ResetInfo - SyncLevel set to 0 on reset
20:03:03.77   GameInfo::ResetInfo - SyncLevel set to 0 on reset
20:03:03.77   GameInfo::ResetInfo - SyncLevel set to 0 on reset
20:03:03.77   GameInfo::ResetInfo - SyncLevel set to 0 on reset
20:03:03.77   GameInfo::ResetInfo - SyncLevel set to 0 on reset
20:03:03.77   GameInfo::ResetInfo - SyncLevel set to 0 on reset
20:03:03.77   GameInfo::ResetInfo - SyncLevel set to 0 on reset
20:03:03.77   GameInfo::ResetInfo - SyncLevel set to 0 on reset
20:03:03.77   GameInfo::ResetInfo - SyncLevel set to 0 on reset
20:03:03.77   GameInfo::ResetInfo - SyncLevel set to 0 on reset
20:03:03.77   GameInfo::ResetInfo - SyncLevel set to 0 on reset
20:03:03.77   GameInfo::ResetInfo - SyncLevel set to 0 on reset
20:03:03.77   GameInfo::ResetInfo - SyncLevel set to 0 on reset
20:03:03.77   GameInfo::ResetInfo - SyncLevel set to 0 on reset
20:03:03.77   GameInfo::ResetInfo - SyncLevel set to 0 on reset
20:03:03.77   GameInfo::ResetInfo - SyncLevel set to 0 on reset
20:03:03.77   GameInfo::ResetInfo - SyncLevel set to 0 on reset
20:03:03.77   GameInfo::ResetInfo - SyncLevel set to 0 on reset
20:03:03.77   GameInfo::ResetInfo - SyncLevel set to 0 on reset
20:03:03.77   GameInfo::ResetInfo - SyncLevel set to 0 on reset
20:03:03.77   GameInfo::ResetInfo - SyncLevel set to 0 on reset
20:03:03.77   GameInfo::ResetInfo - SyncLevel set to 0 on reset
20:03:03.77   GameInfo::ResetInfo - SyncLevel set to 0 on reset
20:03:03.77   GameInfo::ResetInfo - SyncLevel set to 0 on reset
20:03:03.77   GameInfo::ResetInfo - SyncLevel set to 0 on reset
20:03:03.77   GameInfo::ResetInfo - SyncLevel set to 0 on reset
20:03:03.77   GameInfo::ResetInfo - SyncLevel set to 0 on reset
20:03:03.77   GameInfo::ResetInfo - SyncLevel set to 0 on reset
20:03:03.77   GameInfo::ResetInfo - SyncLevel set to 0 on reset
20:03:03.77   GameInfo::ResetInfo - SyncLevel set to 0 on reset
20:03:03.78   GameInfo::ResetInfo - SyncLevel set to 0 on reset
20:03:03.78   GameInfo::ResetInfo - SyncLevel set to 0 on reset
20:03:03.78   GameInfo::ResetInfo - SyncLevel set to 0 on reset
20:03:03.78   GameInfo::ResetInfo - SyncLevel set to 0 on reset
20:03:03.78   GameInfo::ResetInfo - SyncLevel set to 0 on reset
20:03:03.78   GameInfo::ResetInfo - SyncLevel set to 0 on reset
20:03:03.78   GameInfo::ResetInfo - SyncLevel set to 0 on reset
20:03:03.78   GameInfo::ResetInfo - SyncLevel set to 0 on reset
20:03:03.78   GameInfo::ResetInfo - SyncLevel set to 0 on reset
20:03:03.78   GameInfo::ResetInfo - SyncLevel set to 0 on reset
20:03:03.78   GameInfo::ResetInfo - SyncLevel set to 0 on reset
20:03:03.78   GameInfo::ResetInfo - SyncLevel set to 0 on reset
20:03:03.78   GameInfo::ResetInfo - SyncLevel set to 0 on reset
20:03:03.78   GameInfo::ResetInfo - SyncLevel set to 0 on reset
20:03:03.78   GameInfo::ResetInfo - SyncLevel set to 0 on reset
20:03:03.78   GameInfo::ResetInfo - SyncLevel set to 0 on reset
20:03:03.78   GameInfo::ResetInfo - SyncLevel set to 0 on reset
20:03:03.78   GameInfo::ResetInfo - SyncLevel set to 0 on reset
20:03:03.78   GameInfo::ResetInfo - SyncLevel set to 0 on reset
20:03:03.78   GameInfo::ResetInfo - SyncLevel set to 0 on reset
20:03:03.78   GameInfo::ResetInfo - SyncLevel set to 0 on reset
20:03:03.78   GameInfo::ResetInfo - SyncLevel set to 0 on reset
20:03:03.78   GameInfo::ResetInfo - SyncLevel set to 0 on reset
20:03:03.78   GameInfo::ResetInfo - SyncLevel set to 0 on reset
20:03:03.78   GameInfo::ResetInfo - SyncLevel set to 0 on reset
20:03:03.78   GameInfo::ResetInfo - SyncLevel set to 0 on reset
20:03:03.78   GameInfo::ResetInfo - SyncLevel set to 0 on reset
20:03:03.78   GameInfo::ResetInfo - SyncLevel set to 0 on reset
20:03:03.78   GameInfo::ResetInfo - SyncLevel set to 0 on reset
20:03:03.78   GameInfo::ResetInfo - SyncLevel set to 0 on reset
20:03:03.78   GameInfo::ResetInfo - SyncLevel set to 0 on reset
20:03:03.78   GameInfo::ResetInfo - SyncLevel set to 0 on reset
20:03:03.78   GameInfo::ResetInfo - SyncLevel set to 0 on reset
20:03:03.78   GameInfo::ResetInfo - SyncLevel set to 0 on reset
20:03:03.78   GameInfo::ResetInfo - SyncLevel set to 0 on reset
20:03:03.78   GameInfo::ResetInfo - SyncLevel set to 0 on reset
20:03:03.78   GameInfo::ResetInfo - SyncLevel set to 0 on reset
20:03:03.78   GameInfo::ResetInfo - SyncLevel set to 0 on reset
20:03:03.78   GameInfo::ResetInfo - SyncLevel set to 0 on reset
20:03:03.78   GameInfo::ResetInfo - SyncLevel set to 0 on reset
20:03:03.78   GameInfo::ResetInfo - SyncLevel set to 0 on reset
20:03:03.78   GameInfo::ResetInfo - SyncLevel set to 0 on reset
20:03:03.79   GameInfo::ResetInfo - SyncLevel set to 0 on reset
20:03:03.79   GameInfo::ResetInfo - SyncLevel set to 0 on reset
20:03:03.79   GameInfo::ResetInfo - SyncLevel set to 0 on reset
20:03:03.79   GameInfo::ResetInfo - SyncLevel set to 0 on reset
20:03:03.79   GameInfo::ResetInfo - SyncLevel set to 0 on reset
20:03:03.79   GameInfo::ResetInfo - SyncLevel set to 0 on reset
20:03:03.79   GameInfo::ResetInfo - SyncLevel set to 0 on reset
20:03:03.79   GameInfo::ResetInfo - SyncLevel set to 0 on reset
20:03:03.79   GameInfo::ResetInfo - SyncLevel set to 0 on reset
20:03:03.79   GameInfo::ResetInfo - SyncLevel set to 0 on reset
20:03:03.79   GameInfo::ResetInfo - SyncLevel set to 0 on reset
20:03:03.79   GameInfo::ResetInfo - SyncLevel set to 0 on reset
20:03:03.79   GameInfo::ResetInfo - SyncLevel set to 0 on reset
20:03:03.79   GameInfo::ResetInfo - SyncLevel set to 0 on reset
20:03:03.79   GameInfo::ResetInfo - SyncLevel set to 0 on reset
20:03:03.79   GameInfo::ResetInfo - SyncLevel set to 0 on reset
20:03:03.79   GameInfo::ResetInfo - SyncLevel set to 0 on reset
20:03:03.79   GameInfo::ResetInfo - SyncLevel set to 0 on reset
20:03:03.79   GameInfo::ResetInfo - SyncLevel set to 0 on reset
20:03:03.79   GameInfo::ResetInfo - SyncLevel set to 0 on reset
20:03:03.79   GameInfo::ResetInfo - SyncLevel set to 0 on reset
20:03:03.79   GameInfo::ResetInfo - SyncLevel set to 0 on reset
20:03:03.79   GameInfo::ResetInfo - SyncLevel set to 0 on reset
20:03:03.79   GameInfo::ResetInfo - SyncLevel set to 0 on reset
20:03:03.79   GameInfo::ResetInfo - SyncLevel set to 0 on reset
20:03:03.79   GameInfo::ResetInfo - SyncLevel set to 0 on reset
20:03:03.79   GameInfo::ResetInfo - SyncLevel set to 0 on reset
20:03:03.79   GameInfo::ResetInfo - SyncLevel set to 0 on reset
20:03:03.79   GameInfo::ResetInfo - SyncLevel set to 0 on reset
20:03:03.79   GameInfo::ResetInfo - SyncLevel set to 0 on reset
20:03:03.79   GameInfo::ResetInfo - SyncLevel set to 0 on reset
20:03:03.79   GameInfo::ResetInfo - SyncLevel set to 0 on reset
20:03:03.79   GameInfo::ResetInfo - SyncLevel set to 0 on reset
20:03:03.79   GameInfo::ResetInfo - SyncLevel set to 0 on reset
20:03:03.79   GameInfo::ResetInfo - SyncLevel set to 0 on reset
20:03:03.79   GameInfo::ResetInfo - SyncLevel set to 0 on reset
20:03:03.79   GameInfo::ResetInfo - SyncLevel set to 0 on reset
20:03:03.80   GameInfo::ResetInfo - SyncLevel set to 0 on reset
20:03:03.80   GameInfo::ResetInfo - SyncLevel set to 0 on reset
20:03:03.80   GameInfo::ResetInfo - SyncLevel set to 0 on reset
20:03:03.80   GameInfo::ResetInfo - SyncLevel set to 0 on reset
20:03:03.80   GameInfo::ResetInfo - SyncLevel set to 0 on reset
20:03:03.80   GameInfo::ResetInfo - SyncLevel set to 0 on reset
20:03:03.80   GameInfo::ResetInfo - SyncLevel set to 0 on reset
20:03:03.80   GameInfo::ResetInfo - SyncLevel set to 0 on reset
20:03:03.80   GameInfo::ResetInfo - SyncLevel set to 0 on reset
20:03:03.80   GameInfo::ResetInfo - SyncLevel set to 0 on reset
20:03:03.80   GameInfo::ResetInfo - SyncLevel set to 0 on reset
20:03:03.80   GameInfo::ResetInfo - SyncLevel set to 0 on reset
20:03:03.80   GameInfo::ResetInfo - SyncLevel set to 0 on reset
20:03:03.80   GameInfo::ResetInfo - SyncLevel set to 0 on reset
20:03:03.80   GameInfo::ResetInfo - SyncLevel set to 0 on reset
20:03:03.80   GameInfo::ResetInfo - SyncLevel set to 0 on reset
20:03:03.80   GameInfo::ResetInfo - SyncLevel set to 0 on reset
20:03:03.80   GameInfo::ResetInfo - SyncLevel set to 0 on reset
20:03:03.80   GameInfo::ResetInfo - SyncLevel set to 0 on reset
20:03:03.80   GameInfo::ResetInfo - SyncLevel set to 0 on reset
20:03:03.80   GameInfo::ResetInfo - SyncLevel set to 0 on reset
20:03:03.80   GameInfo::ResetInfo - SyncLevel set to 0 on reset
20:03:03.80   GameInfo::ResetInfo - SyncLevel set to 0 on reset
20:03:03.80   GameInfo::ResetInfo - SyncLevel set to 0 on reset
20:03:03.80   GameInfo::ResetInfo - SyncLevel set to 0 on reset
20:03:03.80   GameInfo::ResetInfo - SyncLevel set to 0 on reset
20:03:03.80   GameInfo::ResetInfo - SyncLevel set to 0 on reset
20:03:03.80   GameInfo::ResetInfo - SyncLevel set to 0 on reset
20:03:03.80   GameInfo::ResetInfo - SyncLevel set to 0 on reset
20:03:03.80   GameInfo::ResetInfo - SyncLevel set to 0 on reset
20:03:03.80   GameInfo::ResetInfo - SyncLevel set to 0 on reset
20:03:03.80   GameInfo::ResetInfo - SyncLevel set to 0 on reset
20:03:03.80   GameInfo::ResetInfo - SyncLevel set to 0 on reset
20:03:03.80   GameInfo::ResetInfo - SyncLevel set to 0 on reset
20:03:03.80   GameInfo::ResetInfo - SyncLevel set to 0 on reset
20:03:03.80   GameInfo::ResetInfo - SyncLevel set to 0 on reset
20:03:03.81   GameInfo::ResetInfo - SyncLevel set to 0 on reset
20:03:03.81   GameInfo::ResetInfo - SyncLevel set to 0 on reset
20:03:03.81   GameInfo::ResetInfo - SyncLevel set to 0 on reset
20:03:03.81   GameInfo::ResetInfo - SyncLevel set to 0 on reset
20:03:03.81   GameInfo::ResetInfo - SyncLevel set to 0 on reset
20:03:03.81   GameInfo::ResetInfo - SyncLevel set to 0 on reset
20:03:03.81   GameInfo::ResetInfo - SyncLevel set to 0 on reset
20:03:03.81   GameInfo::ResetInfo - SyncLevel set to 0 on reset
20:03:03.81   GameInfo::ResetInfo - SyncLevel set to 0 on reset
20:03:03.81   GameInfo::ResetInfo - SyncLevel set to 0 on reset
20:03:03.81   GameInfo::ResetInfo - SyncLevel set to 0 on reset
20:03:03.81   GameInfo::ResetInfo - SyncLevel set to 0 on reset
20:03:03.81   GameInfo::ResetInfo - SyncLevel set to 0 on reset
20:03:03.81   GameInfo::ResetInfo - SyncLevel set to 0 on reset
20:03:03.81   GameInfo::ResetInfo - SyncLevel set to 0 on reset
20:03:03.81   GameInfo::ResetInfo - SyncLevel set to 0 on reset
20:03:03.81   GameInfo::ResetInfo - SyncLevel set to 0 on reset
20:03:03.81   GameInfo::ResetInfo - SyncLevel set to 0 on reset
20:03:03.81   GameInfo::ResetInfo - SyncLevel set to 0 on reset
20:03:03.81   GameInfo::ResetInfo - SyncLevel set to 0 on reset
20:03:03.81   GameInfo::ResetInfo - SyncLevel set to 0 on reset
20:03:03.81   GameInfo::ResetInfo - SyncLevel set to 0 on reset
20:03:03.81   GameInfo::ResetInfo - SyncLevel set to 0 on reset
20:03:03.81   GameInfo::ResetInfo - SyncLevel set to 0 on reset
20:03:03.81   GameInfo::ResetInfo - SyncLevel set to 0 on reset
20:03:03.81   GameInfo::ResetInfo - SyncLevel set to 0 on reset
20:03:03.81   GameInfo::ResetInfo - SyncLevel set to 0 on reset
20:03:03.81   GameInfo::ResetInfo - SyncLevel set to 0 on reset
20:03:03.81   GameInfo::ResetInfo - SyncLevel set to 0 on reset
20:03:03.81   GameInfo::ResetInfo - SyncLevel set to 0 on reset
20:03:03.81   GameInfo::ResetInfo - SyncLevel set to 0 on reset
20:03:03.81   GameInfo::ResetInfo - SyncLevel set to 0 on reset
20:03:03.81   GameInfo::ResetInfo - SyncLevel set to 0 on reset
20:03:03.81   GameInfo::ResetInfo - SyncLevel set to 0 on reset
20:03:03.81   GameInfo::ResetInfo - SyncLevel set to 0 on reset
20:03:03.81   GameInfo::ResetInfo - SyncLevel set to 0 on reset
20:03:03.81   GameInfo::ResetInfo - SyncLevel set to 0 on reset
20:03:03.81   GameInfo::ResetInfo - SyncLevel set to 0 on reset
20:03:03.81   GameInfo::ResetInfo - SyncLevel set to 0 on reset
20:03:03.82   GameInfo::ResetInfo - SyncLevel set to 0 on reset
20:03:03.82   GameInfo::ResetInfo - SyncLevel set to 0 on reset
20:03:03.82   GameInfo::ResetInfo - SyncLevel set to 0 on reset
20:03:03.82   GameInfo::ResetInfo - SyncLevel set to 0 on reset
20:03:03.82   GameInfo::ResetInfo - SyncLevel set to 0 on reset
20:03:03.82   GameInfo::ResetInfo - SyncLevel set to 0 on reset
20:03:03.82   GameInfo::ResetInfo - SyncLevel set to 0 on reset
20:03:03.82   GameInfo::ResetInfo - SyncLevel set to 0 on reset
20:03:03.82   GameInfo::ResetInfo - SyncLevel set to 0 on reset
20:03:03.82   GameInfo::ResetInfo - SyncLevel set to 0 on reset
20:03:03.82   GameInfo::ResetInfo - SyncLevel set to 0 on reset
20:03:03.82   GameInfo::ResetInfo - SyncLevel set to 0 on reset
20:03:03.82   GameInfo::ResetInfo - SyncLevel set to 0 on reset
20:03:03.82   GameInfo::ResetInfo - SyncLevel set to 0 on reset
20:03:03.82   GameInfo::ResetInfo - SyncLevel set to 0 on reset
20:03:03.82   GameInfo::ResetInfo - SyncLevel set to 0 on reset
20:03:03.82   GameInfo::ResetInfo - SyncLevel set to 0 on reset
20:03:03.82   GameInfo::ResetInfo - SyncLevel set to 0 on reset
20:03:03.82   GameInfo::ResetInfo - SyncLevel set to 0 on reset
20:03:03.82   GameInfo::ResetInfo - SyncLevel set to 0 on reset
20:03:03.82   GameInfo::ResetInfo - SyncLevel set to 0 on reset
20:03:03.82   GameInfo::ResetInfo - SyncLevel set to 0 on reset
20:03:03.82   GameInfo::ResetInfo - SyncLevel set to 0 on reset
20:03:03.82   GameInfo::ResetInfo - SyncLevel set to 0 on reset
20:03:03.82   GameInfo::ResetInfo - SyncLevel set to 0 on reset
20:03:03.82   GameInfo::ResetInfo - SyncLevel set to 0 on reset
20:03:03.82   GameInfo::ResetInfo - SyncLevel set to 0 on reset
20:03:03.82   GameInfo::ResetInfo - SyncLevel set to 0 on reset
20:03:03.82   GameInfo::ResetInfo - SyncLevel set to 0 on reset
20:03:03.82   GameInfo::ResetInfo - SyncLevel set to 0 on reset
20:03:03.82   GameInfo::ResetInfo - SyncLevel set to 0 on reset
20:03:03.82   GameInfo::ResetInfo - SyncLevel set to 0 on reset
20:03:03.82   GameInfo::ResetInfo - SyncLevel set to 0 on reset
20:03:03.82   GameInfo::ResetInfo - SyncLevel set to 0 on reset
20:03:03.82   GameInfo::ResetInfo - SyncLevel set to 0 on reset
20:03:03.82   GameInfo::ResetInfo - SyncLevel set to 0 on reset
20:03:03.82   GameInfo::ResetInfo - SyncLevel set to 0 on reset
20:03:03.82   GameInfo::ResetInfo - SyncLevel set to 0 on reset
20:03:03.82   GameInfo::ResetInfo - SyncLevel set to 0 on reset
20:03:03.82   GameInfo::ResetInfo - SyncLevel set to 0 on reset
20:03:03.82   GameInfo::ResetInfo - SyncLevel set to 0 on reset
20:03:03.82   GameInfo::ResetInfo - SyncLevel set to 0 on reset
20:03:03.83   GameInfo::ResetInfo - SyncLevel set to 0 on reset
20:03:03.83   GameInfo::ResetInfo - SyncLevel set to 0 on reset
20:03:03.83   GameInfo::ResetInfo - SyncLevel set to 0 on reset
20:03:03.83   GameInfo::ResetInfo - SyncLevel set to 0 on reset
20:03:03.83   GameInfo::ResetInfo - SyncLevel set to 0 on reset
20:03:03.83   GameInfo::ResetInfo - SyncLevel set to 0 on reset
20:03:03.83   GameInfo::ResetInfo - SyncLevel set to 0 on reset
20:03:03.83   GameInfo::ResetInfo - SyncLevel set to 0 on reset
20:03:03.83   GameInfo::ResetInfo - SyncLevel set to 0 on reset
20:03:03.83   GameInfo::ResetInfo - SyncLevel set to 0 on reset
20:03:03.83   GameInfo::ResetInfo - SyncLevel set to 0 on reset
20:03:03.83   GameInfo::ResetInfo - SyncLevel set to 0 on reset
20:03:03.83   GameInfo::ResetInfo - SyncLevel set to 0 on reset
20:03:03.83   GameInfo::ResetInfo - SyncLevel set to 0 on reset
20:03:03.83   GAME -- Error reading header for recorded game PLAYBACK:4p_rails_and_metal20110731195813__[GameReplays.org].rec
20:03:03.83   GameInfo::ResetInfo - SyncLevel set to 0 on reset
20:03:03.83   GameInfo::ResetInfo - SyncLevel set to 0 on reset
20:03:03.83   GAME -- Error reading header for recorded game PLAYBACK:4p_rails_and_metal20110801000124__[GameReplays.org].rec
20:03:03.83   GameInfo::ResetInfo - SyncLevel set to 0 on reset
20:03:03.83   GameInfo::ResetInfo - SyncLevel set to 0 on reset
20:03:03.83   GAME -- Error reading header for recorded game PLAYBACK:4p_rails_and_metal20120827200108__[GameReplays.org].rec
20:03:03.83   GameInfo::ResetInfo - SyncLevel set to 0 on reset
20:03:03.83   GameInfo::ResetInfo - SyncLevel set to 0 on reset
20:03:03.83   GameInfo::ResetInfo - SyncLevel set to 0 on reset
20:03:03.83   GameInfo::ResetInfo - SyncLevel set to 0 on reset
20:03:03.83   GameInfo::ResetInfo - SyncLevel set to 0 on reset
20:03:03.83   GameInfo::ResetInfo - SyncLevel set to 0 on reset
20:03:03.83   GameInfo::ResetInfo - SyncLevel set to 0 on reset
20:03:03.83   GameInfo::ResetInfo - SyncLevel set to 0 on reset
20:03:03.83   GameInfo::ResetInfo - SyncLevel set to 0 on reset
20:03:03.83   GameInfo::ResetInfo - SyncLevel set to 0 on reset
20:03:03.83   GameInfo::ResetInfo - SyncLevel set to 0 on reset
20:03:03.83   GameInfo::ResetInfo - SyncLevel set to 0 on reset
20:03:03.83   GameInfo::ResetInfo - SyncLevel set to 0 on reset
20:03:03.83   GameInfo::ResetInfo - SyncLevel set to 0 on reset
20:03:03.83   GameInfo::ResetInfo - SyncLevel set to 0 on reset
20:03:03.83   GameInfo::ResetInfo - SyncLevel set to 0 on reset
20:03:03.83   GameInfo::ResetInfo - SyncLevel set to 0 on reset
20:03:03.83   GameInfo::ResetInfo - SyncLevel set to 0 on reset
20:03:03.83   GameInfo::ResetInfo - SyncLevel set to 0 on reset
20:03:03.83   GameInfo::ResetInfo - SyncLevel set to 0 on reset
20:03:03.83   GameInfo::ResetInfo - SyncLevel set to 0 on reset
20:03:03.83   GameInfo::ResetInfo - SyncLevel set to 0 on reset
20:03:03.83   GameInfo::ResetInfo - SyncLevel set to 0 on reset
20:03:03.83   GameInfo::ResetInfo - SyncLevel set to 0 on reset
20:03:03.83   GameInfo::ResetInfo - SyncLevel set to 0 on reset
20:03:03.83   GameInfo::ResetInfo - SyncLevel set to 0 on reset
20:03:03.83   GameInfo::ResetInfo - SyncLevel set to 0 on reset
20:03:03.83   GameInfo::ResetInfo - SyncLevel set to 0 on reset
20:03:03.83   GameInfo::ResetInfo - SyncLevel set to 0 on reset
20:03:03.83   GameInfo::ResetInfo - SyncLevel set to 0 on reset
20:03:03.84   GameInfo::ResetInfo - SyncLevel set to 0 on reset
20:03:03.84   GameInfo::ResetInfo - SyncLevel set to 0 on reset
20:03:03.84   GameInfo::ResetInfo - SyncLevel set to 0 on reset
20:03:03.84   GameInfo::ResetInfo - SyncLevel set to 0 on reset
20:03:03.84   GameInfo::ResetInfo - SyncLevel set to 0 on reset
20:03:03.84   GameInfo::ResetInfo - SyncLevel set to 0 on reset
20:03:03.84   GameInfo::ResetInfo - SyncLevel set to 0 on reset
20:03:03.84   GameInfo::ResetInfo - SyncLevel set to 0 on reset
20:03:03.84   GameInfo::ResetInfo - SyncLevel set to 0 on reset
20:03:03.84   GameInfo::ResetInfo - SyncLevel set to 0 on reset
20:03:03.84   GameInfo::ResetInfo - SyncLevel set to 0 on reset
20:03:03.84   GameInfo::ResetInfo - SyncLevel set to 0 on reset
20:03:03.84   GameInfo::ResetInfo - SyncLevel set to 0 on reset
20:03:03.84   GameInfo::ResetInfo - SyncLevel set to 0 on reset
20:03:03.84   GameInfo::ResetInfo - SyncLevel set to 0 on reset
20:03:03.84   GameInfo::ResetInfo - SyncLevel set to 0 on reset
20:03:03.84   GameInfo::ResetInfo - SyncLevel set to 0 on reset
20:03:03.84   GameInfo::ResetInfo - SyncLevel set to 0 on reset
20:03:03.84   GameInfo::ResetInfo - SyncLevel set to 0 on reset
20:03:03.84   GameInfo::ResetInfo - SyncLevel set to 0 on reset
20:03:03.84   GameInfo::ResetInfo - SyncLevel set to 0 on reset
20:03:03.84   GameInfo::ResetInfo - SyncLevel set to 0 on reset
20:03:03.84   GameInfo::ResetInfo - SyncLevel set to 0 on reset
20:03:03.84   GameInfo::ResetInfo - SyncLevel set to 0 on reset
20:03:03.84   GameInfo::ResetInfo - SyncLevel set to 0 on reset
20:03:03.84   GameInfo::ResetInfo - SyncLevel set to 0 on reset
20:03:03.84   GameInfo::ResetInfo - SyncLevel set to 0 on reset
20:03:03.84   GameInfo::ResetInfo - SyncLevel set to 0 on reset
20:03:03.84   GameInfo::ResetInfo - SyncLevel set to 0 on reset
20:03:03.84   GameInfo::ResetInfo - SyncLevel set to 0 on reset
20:03:03.84   GameInfo::ResetInfo - SyncLevel set to 0 on reset
20:03:03.84   GameInfo::ResetInfo - SyncLevel set to 0 on reset
20:03:03.84   GameInfo::ResetInfo - SyncLevel set to 0 on reset
20:03:03.84   GameInfo::ResetInfo - SyncLevel set to 0 on reset
20:03:03.84   GameInfo::ResetInfo - SyncLevel set to 0 on reset
20:03:03.84   GameInfo::ResetInfo - SyncLevel set to 0 on reset
20:03:03.84   GameInfo::ResetInfo - SyncLevel set to 0 on reset
20:03:03.84   GameInfo::ResetInfo - SyncLevel set to 0 on reset
20:03:03.84   GameInfo::ResetInfo - SyncLevel set to 0 on reset
20:03:03.84   GameInfo::ResetInfo - SyncLevel set to 0 on reset
20:03:03.84   GameInfo::ResetInfo - SyncLevel set to 0 on reset
20:03:03.84   GameInfo::ResetInfo - SyncLevel set to 0 on reset
20:03:03.85   GameInfo::ResetInfo - SyncLevel set to 0 on reset
20:03:03.85   GameInfo::ResetInfo - SyncLevel set to 0 on reset
20:03:03.85   GameInfo::ResetInfo - SyncLevel set to 0 on reset
20:03:03.85   GameInfo::ResetInfo - SyncLevel set to 0 on reset
20:03:03.85   GameInfo::ResetInfo - SyncLevel set to 0 on reset
20:03:03.85   GameInfo::ResetInfo - SyncLevel set to 0 on reset
20:03:03.85   GameInfo::ResetInfo - SyncLevel set to 0 on reset
20:03:03.85   GameInfo::ResetInfo - SyncLevel set to 0 on reset
20:03:03.85   GameInfo::ResetInfo - SyncLevel set to 0 on reset
20:03:03.85   GameInfo::ResetInfo - SyncLevel set to 0 on reset
20:03:03.85   GameInfo::ResetInfo - SyncLevel set to 0 on reset
20:03:03.85   GameInfo::ResetInfo - SyncLevel set to 0 on reset
20:03:03.85   GameInfo::ResetInfo - SyncLevel set to 0 on reset
20:03:03.85   GameInfo::ResetInfo - SyncLevel set to 0 on reset
20:03:03.85   GameInfo::ResetInfo - SyncLevel set to 0 on reset
20:03:03.85   GameInfo::ResetInfo - SyncLevel set to 0 on reset
20:03:03.85   GameInfo::ResetInfo - SyncLevel set to 0 on reset
20:03:03.85   GameInfo::ResetInfo - SyncLevel set to 0 on reset
20:03:03.85   GameInfo::ResetInfo - SyncLevel set to 0 on reset
20:03:03.85   GameInfo::ResetInfo - SyncLevel set to 0 on reset
20:03:03.85   GameInfo::ResetInfo - SyncLevel set to 0 on reset
20:03:03.85   GameInfo::ResetInfo - SyncLevel set to 0 on reset
20:03:03.85   GameInfo::ResetInfo - SyncLevel set to 0 on reset
20:03:03.85   GameInfo::ResetInfo - SyncLevel set to 0 on reset
20:03:03.85   GameInfo::ResetInfo - SyncLevel set to 0 on reset
20:03:03.85   GameInfo::ResetInfo - SyncLevel set to 0 on reset
20:03:03.85   GameInfo::ResetInfo - SyncLevel set to 0 on reset
20:03:03.85   GameInfo::ResetInfo - SyncLevel set to 0 on reset
20:03:03.85   GameInfo::ResetInfo - SyncLevel set to 0 on reset
20:03:03.85   GameInfo::ResetInfo - SyncLevel set to 0 on reset
20:03:03.85   GameInfo::ResetInfo - SyncLevel set to 0 on reset
20:03:03.85   GameInfo::ResetInfo - SyncLevel set to 0 on reset
20:03:03.85   GameInfo::ResetInfo - SyncLevel set to 0 on reset
20:03:03.85   GameInfo::ResetInfo - SyncLevel set to 0 on reset
20:03:03.85   GameInfo::ResetInfo - SyncLevel set to 0 on reset
20:03:03.85   GameInfo::ResetInfo - SyncLevel set to 0 on reset
20:03:03.85   GameInfo::ResetInfo - SyncLevel set to 0 on reset
20:03:03.85   GameInfo::ResetInfo - SyncLevel set to 0 on reset
20:03:03.85   GameInfo::ResetInfo - SyncLevel set to 0 on reset
20:03:03.85   GameInfo::ResetInfo - SyncLevel set to 0 on reset
20:03:03.85   GameInfo::ResetInfo - SyncLevel set to 0 on reset
20:03:03.85   GameInfo::ResetInfo - SyncLevel set to 0 on reset
20:03:03.86   GameInfo::ResetInfo - SyncLevel set to 0 on reset
20:03:03.86   GameInfo::ResetInfo - SyncLevel set to 0 on reset
20:03:03.86   GameInfo::ResetInfo - SyncLevel set to 0 on reset
20:03:03.86   GameInfo::ResetInfo - SyncLevel set to 0 on reset
20:03:03.86   GameInfo::ResetInfo - SyncLevel set to 0 on reset
20:03:03.86   GameInfo::ResetInfo - SyncLevel set to 0 on reset
20:03:03.86   GameInfo::ResetInfo - SyncLevel set to 0 on reset
20:03:03.86   GameInfo::ResetInfo - SyncLevel set to 0 on reset
20:03:03.86   GameInfo::ResetInfo - SyncLevel set to 0 on reset
20:03:03.86   GameInfo::ResetInfo - SyncLevel set to 0 on reset
20:03:03.86   GameInfo::ResetInfo - SyncLevel set to 0 on reset
20:03:03.86   GameInfo::ResetInfo - SyncLevel set to 0 on reset
20:03:03.86   GameInfo::ResetInfo - SyncLevel set to 0 on reset
20:03:03.86   GameInfo::ResetInfo - SyncLevel set to 0 on reset
20:03:03.86   GAME -- Error reading header for recorded game PLAYBACK:4p_wolfheze20090305210256__[GameReplays.org].rec
20:03:03.86   GameInfo::ResetInfo - SyncLevel set to 0 on reset
20:03:03.86   GameInfo::ResetInfo - SyncLevel set to 0 on reset
20:03:03.86   GameInfo::ResetInfo - SyncLevel set to 0 on reset
20:03:03.86   GameInfo::ResetInfo - SyncLevel set to 0 on reset
20:03:03.86   GameInfo::ResetInfo - SyncLevel set to 0 on reset
20:03:03.86   GameInfo::ResetInfo - SyncLevel set to 0 on reset
20:03:03.86   GameInfo::ResetInfo - SyncLevel set to 0 on reset
20:03:03.86   GameInfo::ResetInfo - SyncLevel set to 0 on reset
20:03:03.86   GameInfo::ResetInfo - SyncLevel set to 0 on reset
20:03:03.86   GameInfo::ResetInfo - SyncLevel set to 0 on reset
20:03:03.86   GameInfo::ResetInfo - SyncLevel set to 0 on reset
20:03:03.86   GameInfo::ResetInfo - SyncLevel set to 0 on reset
20:03:03.86   GameInfo::ResetInfo - SyncLevel set to 0 on reset
20:03:03.86   GameInfo::ResetInfo - SyncLevel set to 0 on reset
20:03:03.86   GameInfo::ResetInfo - SyncLevel set to 0 on reset
20:03:03.86   GameInfo::ResetInfo - SyncLevel set to 0 on reset
20:03:03.86   GameInfo::ResetInfo - SyncLevel set to 0 on reset
20:03:03.86   GameInfo::ResetInfo - SyncLevel set to 0 on reset
20:03:03.86   GameInfo::ResetInfo - SyncLevel set to 0 on reset
20:03:03.86   GameInfo::ResetInfo - SyncLevel set to 0 on reset
20:03:03.86   GameInfo::ResetInfo - SyncLevel set to 0 on reset
20:03:03.86   GameInfo::ResetInfo - SyncLevel set to 0 on reset
20:03:03.86   GameInfo::ResetInfo - SyncLevel set to 0 on reset
20:03:03.86   GameInfo::ResetInfo - SyncLevel set to 0 on reset
20:03:03.86   GameInfo::ResetInfo - SyncLevel set to 0 on reset
20:03:03.86   GameInfo::ResetInfo - SyncLevel set to 0 on reset
20:03:03.86   GameInfo::ResetInfo - SyncLevel set to 0 on reset
20:03:03.86   GameInfo::ResetInfo - SyncLevel set to 0 on reset
20:03:03.86   GameInfo::ResetInfo - SyncLevel set to 0 on reset
20:03:03.86   GameInfo::ResetInfo - SyncLevel set to 0 on reset
20:03:03.86   GameInfo::ResetInfo - SyncLevel set to 0 on reset
20:03:03.86   GameInfo::ResetInfo - SyncLevel set to 0 on reset
20:03:03.86   GameInfo::ResetInfo - SyncLevel set to 0 on reset
20:03:03.87   GameInfo::ResetInfo - SyncLevel set to 0 on reset
20:03:03.87   GameInfo::ResetInfo - SyncLevel set to 0 on reset
20:03:03.87   GameInfo::ResetInfo - SyncLevel set to 0 on reset
20:03:03.87   GameInfo::ResetInfo - SyncLevel set to 0 on reset
20:03:03.87   GameInfo::ResetInfo - SyncLevel set to 0 on reset
20:03:03.87   GameInfo::ResetInfo - SyncLevel set to 0 on reset
20:03:03.87   GameInfo::ResetInfo - SyncLevel set to 0 on reset
20:03:03.87   GameInfo::ResetInfo - SyncLevel set to 0 on reset
20:03:03.87   GameInfo::ResetInfo - SyncLevel set to 0 on reset
20:03:03.87   GameInfo::ResetInfo - SyncLevel set to 0 on reset
20:03:03.87   GameInfo::ResetInfo - SyncLevel set to 0 on reset
20:03:03.87   GameInfo::ResetInfo - SyncLevel set to 0 on reset
20:03:03.87   GameInfo::ResetInfo - SyncLevel set to 0 on reset
20:03:03.87   GameInfo::ResetInfo - SyncLevel set to 0 on reset
20:03:03.87   GameInfo::ResetInfo - SyncLevel set to 0 on reset
20:03:03.87   GameInfo::ResetInfo - SyncLevel set to 0 on reset
20:03:03.87   GameInfo::ResetInfo - SyncLevel set to 0 on reset
20:03:03.87   GameInfo::ResetInfo - SyncLevel set to 0 on reset
20:03:03.87   GameInfo::ResetInfo - SyncLevel set to 0 on reset
20:03:03.87   GameInfo::ResetInfo - SyncLevel set to 0 on reset
20:03:03.87   GameInfo::ResetInfo - SyncLevel set to 0 on reset
20:03:03.87   GameInfo::ResetInfo - SyncLevel set to 0 on reset
20:03:03.87   GameInfo::ResetInfo - SyncLevel set to 0 on reset
20:03:03.87   GameInfo::ResetInfo - SyncLevel set to 0 on reset
20:03:03.87   GameInfo::ResetInfo - SyncLevel set to 0 on reset
20:03:03.87   GameInfo::ResetInfo - SyncLevel set to 0 on reset
20:03:03.87   GameInfo::ResetInfo - SyncLevel set to 0 on reset
20:03:03.87   GameInfo::ResetInfo - SyncLevel set to 0 on reset
20:03:03.87   GameInfo::ResetInfo - SyncLevel set to 0 on reset
20:03:03.87   GameInfo::ResetInfo - SyncLevel set to 0 on reset
20:03:03.87   GameInfo::ResetInfo - SyncLevel set to 0 on reset
20:03:03.87   GameInfo::ResetInfo - SyncLevel set to 0 on reset
20:03:03.87   GameInfo::ResetInfo - SyncLevel set to 0 on reset
20:03:03.87   GameInfo::ResetInfo - SyncLevel set to 0 on reset
20:03:03.87   GameInfo::ResetInfo - SyncLevel set to 0 on reset
20:03:03.87   GameInfo::ResetInfo - SyncLevel set to 0 on reset
20:03:03.87   GameInfo::ResetInfo - SyncLevel set to 0 on reset
20:03:03.87   GameInfo::ResetInfo - SyncLevel set to 0 on reset
20:03:03.87   GameInfo::ResetInfo - SyncLevel set to 0 on reset
20:03:03.88   GameInfo::ResetInfo - SyncLevel set to 0 on reset
20:03:03.88   GameInfo::ResetInfo - SyncLevel set to 0 on reset
20:03:03.88   GameInfo::ResetInfo - SyncLevel set to 0 on reset
20:03:03.88   GameInfo::ResetInfo - SyncLevel set to 0 on reset
20:03:03.88   GameInfo::ResetInfo - SyncLevel set to 0 on reset
20:03:03.88   GameInfo::ResetInfo - SyncLevel set to 0 on reset
20:03:03.88   GameInfo::ResetInfo - SyncLevel set to 0 on reset
20:03:03.88   GameInfo::ResetInfo - SyncLevel set to 0 on reset
20:03:03.88   GameInfo::ResetInfo - SyncLevel set to 0 on reset
20:03:03.88   GameInfo::ResetInfo - SyncLevel set to 0 on reset
20:03:03.88   GameInfo::ResetInfo - SyncLevel set to 0 on reset
20:03:03.88   GameInfo::ResetInfo - SyncLevel set to 0 on reset
20:03:03.88   GameInfo::ResetInfo - SyncLevel set to 0 on reset
20:03:03.88   GameInfo::ResetInfo - SyncLevel set to 0 on reset
20:03:03.88   GameInfo::ResetInfo - SyncLevel set to 0 on reset
20:03:03.88   GameInfo::ResetInfo - SyncLevel set to 0 on reset
20:03:03.88   GameInfo::ResetInfo - SyncLevel set to 0 on reset
20:03:03.88   GameInfo::ResetInfo - SyncLevel set to 0 on reset
20:03:03.88   GameInfo::ResetInfo - SyncLevel set to 0 on reset
20:03:03.88   GameInfo::ResetInfo - SyncLevel set to 0 on reset
20:03:03.88   GameInfo::ResetInfo - SyncLevel set to 0 on reset
20:03:03.88   GameInfo::ResetInfo - SyncLevel set to 0 on reset
20:03:03.88   GameInfo::ResetInfo - SyncLevel set to 0 on reset
20:03:03.88   GameInfo::ResetInfo - SyncLevel set to 0 on reset
20:03:03.88   GameInfo::ResetInfo - SyncLevel set to 0 on reset
20:03:03.88   GameInfo::ResetInfo - SyncLevel set to 0 on reset
20:03:03.88   GameInfo::ResetInfo - SyncLevel set to 0 on reset
20:03:03.88   GameInfo::ResetInfo - SyncLevel set to 0 on reset
20:03:03.88   GameInfo::ResetInfo - SyncLevel set to 0 on reset
20:03:03.88   GameInfo::ResetInfo - SyncLevel set to 0 on reset
20:03:03.88   GameInfo::ResetInfo - SyncLevel set to 0 on reset
20:03:03.88   GameInfo::ResetInfo - SyncLevel set to 0 on reset
20:03:03.88   GameInfo::ResetInfo - SyncLevel set to 0 on reset
20:03:03.89   GameInfo::ResetInfo - SyncLevel set to 0 on reset
20:03:03.89   GameInfo::ResetInfo - SyncLevel set to 0 on reset
20:03:03.89   GameInfo::ResetInfo - SyncLevel set to 0 on reset
20:03:03.89   GameInfo::ResetInfo - SyncLevel set to 0 on reset
20:03:03.89   GameInfo::ResetInfo - SyncLevel set to 0 on reset
20:03:03.89   GameInfo::ResetInfo - SyncLevel set to 0 on reset
20:03:03.89   GameInfo::ResetInfo - SyncLevel set to 0 on reset
20:03:03.89   GameInfo::ResetInfo - SyncLevel set to 0 on reset
20:03:03.89   GameInfo::ResetInfo - SyncLevel set to 0 on reset
20:03:03.89   GameInfo::ResetInfo - SyncLevel set to 0 on reset
20:03:03.89   GameInfo::ResetInfo - SyncLevel set to 0 on reset
20:03:03.89   GameInfo::ResetInfo - SyncLevel set to 0 on reset
20:03:03.89   GameInfo::ResetInfo - SyncLevel set to 0 on reset
20:03:03.89   GameInfo::ResetInfo - SyncLevel set to 0 on reset
20:03:03.89   GameInfo::ResetInfo - SyncLevel set to 0 on reset
20:03:03.89   GameInfo::ResetInfo - SyncLevel set to 0 on reset
20:03:03.89   GameInfo::ResetInfo - SyncLevel set to 0 on reset
20:03:03.89   GameInfo::ResetInfo - SyncLevel set to 0 on reset
20:03:03.89   GameInfo::ResetInfo - SyncLevel set to 0 on reset
20:03:03.89   GameInfo::ResetInfo - SyncLevel set to 0 on reset
20:03:03.89   GameInfo::ResetInfo - SyncLevel set to 0 on reset
20:03:03.89   GameInfo::ResetInfo - SyncLevel set to 0 on reset
20:03:03.89   GameInfo::ResetInfo - SyncLevel set to 0 on reset
20:03:03.89   GameInfo::ResetInfo - SyncLevel set to 0 on reset
20:03:03.89   GameInfo::ResetInfo - SyncLevel set to 0 on reset
20:03:03.89   GameInfo::ResetInfo - SyncLevel set to 0 on reset
20:03:03.89   GameInfo::ResetInfo - SyncLevel set to 0 on reset
20:03:03.89   GameInfo::ResetInfo - SyncLevel set to 0 on reset
20:03:03.89   GameInfo::ResetInfo - SyncLevel set to 0 on reset
20:03:03.89   GameInfo::ResetInfo - SyncLevel set to 0 on reset
20:03:03.90   GameInfo::ResetInfo - SyncLevel set to 0 on reset
20:03:03.90   GameInfo::ResetInfo - SyncLevel set to 0 on reset
20:03:03.90   GameInfo::ResetInfo - SyncLevel set to 0 on reset
20:03:03.90   GameInfo::ResetInfo - SyncLevel set to 0 on reset
20:03:03.90   GameInfo::ResetInfo - SyncLevel set to 0 on reset
20:03:03.90   GameInfo::ResetInfo - SyncLevel set to 0 on reset
20:03:03.90   GameInfo::ResetInfo - SyncLevel set to 0 on reset
20:03:03.90   GameInfo::ResetInfo - SyncLevel set to 0 on reset
20:03:03.90   GameInfo::ResetInfo - SyncLevel set to 0 on reset
20:03:03.90   GameInfo::ResetInfo - SyncLevel set to 0 on reset
20:03:03.90   GameInfo::ResetInfo - SyncLevel set to 0 on reset
20:03:03.90   GameInfo::ResetInfo - SyncLevel set to 0 on reset
20:03:03.90   GameInfo::ResetInfo - SyncLevel set to 0 on reset
20:03:03.90   GameInfo::ResetInfo - SyncLevel set to 0 on reset
20:03:03.90   GameInfo::ResetInfo - SyncLevel set to 0 on reset
20:03:03.90   GameInfo::ResetInfo - SyncLevel set to 0 on reset
20:03:03.90   GameInfo::ResetInfo - SyncLevel set to 0 on reset
20:03:03.90   GameInfo::ResetInfo - SyncLevel set to 0 on reset
20:03:03.90   GameInfo::ResetInfo - SyncLevel set to 0 on reset
20:03:03.90   GameInfo::ResetInfo - SyncLevel set to 0 on reset
20:03:03.90   GameInfo::ResetInfo - SyncLevel set to 0 on reset
20:03:03.90   GameInfo::ResetInfo - SyncLevel set to 0 on reset
20:03:03.90   GameInfo::ResetInfo - SyncLevel set to 0 on reset
20:03:03.90   GameInfo::ResetInfo - SyncLevel set to 0 on reset
20:03:03.90   GameInfo::ResetInfo - SyncLevel set to 0 on reset
20:03:03.90   GameInfo::ResetInfo - SyncLevel set to 0 on reset
20:03:03.90   GameInfo::ResetInfo - SyncLevel set to 0 on reset
20:03:03.91   GameInfo::ResetInfo - SyncLevel set to 0 on reset
20:03:03.91   GameInfo::ResetInfo - SyncLevel set to 0 on reset
20:03:03.91   GameInfo::ResetInfo - SyncLevel set to 0 on reset
20:03:03.91   GameInfo::ResetInfo - SyncLevel set to 0 on reset
20:03:03.91   GameInfo::ResetInfo - SyncLevel set to 0 on reset
20:03:03.91   GameInfo::ResetInfo - SyncLevel set to 0 on reset
20:03:03.91   GameInfo::ResetInfo - SyncLevel set to 0 on reset
20:03:03.91   GameInfo::ResetInfo - SyncLevel set to 0 on reset
20:03:03.91   GameInfo::ResetInfo - SyncLevel set to 0 on reset
20:03:03.91   GameInfo::ResetInfo - SyncLevel set to 0 on reset
20:03:03.91   GameInfo::ResetInfo - SyncLevel set to 0 on reset
20:03:03.91   GameInfo::ResetInfo - SyncLevel set to 0 on reset
20:03:03.91   GameInfo::ResetInfo - SyncLevel set to 0 on reset
20:03:03.91   GameInfo::ResetInfo - SyncLevel set to 0 on reset
20:03:03.91   GameInfo::ResetInfo - SyncLevel set to 0 on reset
20:03:03.91   GameInfo::ResetInfo - SyncLevel set to 0 on reset
20:03:03.91   GameInfo::ResetInfo - SyncLevel set to 0 on reset
20:03:03.91   GAME -- Error reading header for recorded game PLAYBACK:6p_close_river_combat.2018-01-28.00-37-43.rec
20:03:03.91   GameInfo::ResetInfo - SyncLevel set to 0 on reset
20:03:03.91   GameInfo::ResetInfo - SyncLevel set to 0 on reset
20:03:03.91   GAME -- Error reading header for recorded game PLAYBACK:6p_close_river_combat.2018-01-31.23-35-59.rec
20:03:03.91   GameInfo::ResetInfo - SyncLevel set to 0 on reset
20:03:03.91   GameInfo::ResetInfo - SyncLevel set to 0 on reset
20:03:03.91   GameInfo::ResetInfo - SyncLevel set to 0 on reset
20:03:03.91   GameInfo::ResetInfo - SyncLevel set to 0 on reset
20:03:03.91   GameInfo::ResetInfo - SyncLevel set to 0 on reset
20:03:03.91   GameInfo::ResetInfo - SyncLevel set to 0 on reset
20:03:03.91   GameInfo::ResetInfo - SyncLevel set to 0 on reset
20:03:03.91   GameInfo::ResetInfo - SyncLevel set to 0 on reset
20:03:03.91   GameInfo::ResetInfo - SyncLevel set to 0 on reset
20:03:03.91   GameInfo::ResetInfo - SyncLevel set to 0 on reset
20:03:03.91   GameInfo::ResetInfo - SyncLevel set to 0 on reset
20:03:03.91   GameInfo::ResetInfo - SyncLevel set to 0 on reset
20:03:03.91   GameInfo::ResetInfo - SyncLevel set to 0 on reset
20:03:03.91   GameInfo::ResetInfo - SyncLevel set to 0 on reset
20:03:03.91   GameInfo::ResetInfo - SyncLevel set to 0 on reset
20:03:03.92   GameInfo::ResetInfo - SyncLevel set to 0 on reset
20:03:03.92   GameInfo::ResetInfo - SyncLevel set to 0 on reset
20:03:03.92   GameInfo::ResetInfo - SyncLevel set to 0 on reset
20:03:03.92   GameInfo::ResetInfo - SyncLevel set to 0 on reset
20:03:03.92   GameInfo::ResetInfo - SyncLevel set to 0 on reset
20:03:03.92   GameInfo::ResetInfo - SyncLevel set to 0 on reset
20:03:03.92   GameInfo::ResetInfo - SyncLevel set to 0 on reset
20:03:03.92   GameInfo::ResetInfo - SyncLevel set to 0 on reset
20:03:03.92   GameInfo::ResetInfo - SyncLevel set to 0 on reset
20:03:03.92   GameInfo::ResetInfo - SyncLevel set to 0 on reset
20:03:03.92   GameInfo::ResetInfo - SyncLevel set to 0 on reset
20:03:03.92   GameInfo::ResetInfo - SyncLevel set to 0 on reset
20:03:03.92   GameInfo::ResetInfo - SyncLevel set to 0 on reset
20:03:03.92   GameInfo::ResetInfo - SyncLevel set to 0 on reset
20:03:03.92   GameInfo::ResetInfo - SyncLevel set to 0 on reset
20:03:03.92   GameInfo::ResetInfo - SyncLevel set to 0 on reset
20:03:03.92   GameInfo::ResetInfo - SyncLevel set to 0 on reset
20:03:03.92   GameInfo::ResetInfo - SyncLevel set to 0 on reset
20:03:03.92   GameInfo::ResetInfo - SyncLevel set to 0 on reset
20:03:03.92   GameInfo::ResetInfo - SyncLevel set to 0 on reset
20:03:03.92   GameInfo::ResetInfo - SyncLevel set to 0 on reset
20:03:03.92   GameInfo::ResetInfo - SyncLevel set to 0 on reset
20:03:03.92   GameInfo::ResetInfo - SyncLevel set to 0 on reset
20:03:03.92   GameInfo::ResetInfo - SyncLevel set to 0 on reset
20:03:03.92   GameInfo::ResetInfo - SyncLevel set to 0 on reset
20:03:03.92   GameInfo::ResetInfo - SyncLevel set to 0 on reset
20:03:03.92   GameInfo::ResetInfo - SyncLevel set to 0 on reset
20:03:03.92   GameInfo::ResetInfo - SyncLevel set to 0 on reset
20:03:03.92   GameInfo::ResetInfo - SyncLevel set to 0 on reset
20:03:03.92   GameInfo::ResetInfo - SyncLevel set to 0 on reset
20:03:03.92   GameInfo::ResetInfo - SyncLevel set to 0 on reset
20:03:03.92   GameInfo::ResetInfo - SyncLevel set to 0 on reset
20:03:03.92   GameInfo::ResetInfo - SyncLevel set to 0 on reset
20:03:03.93   GameInfo::ResetInfo - SyncLevel set to 0 on reset
20:03:03.93   GameInfo::ResetInfo - SyncLevel set to 0 on reset
20:03:03.93   GameInfo::ResetInfo - SyncLevel set to 0 on reset
20:03:03.93   GameInfo::ResetInfo - SyncLevel set to 0 on reset
20:03:03.93   GameInfo::ResetInfo - SyncLevel set to 0 on reset
20:03:03.93   GameInfo::ResetInfo - SyncLevel set to 0 on reset
20:03:03.93   GameInfo::ResetInfo - SyncLevel set to 0 on reset
20:03:03.93   GameInfo::ResetInfo - SyncLevel set to 0 on reset
20:03:03.93   GameInfo::ResetInfo - SyncLevel set to 0 on reset
20:03:03.93   GameInfo::ResetInfo - SyncLevel set to 0 on reset
20:03:03.93   GameInfo::ResetInfo - SyncLevel set to 0 on reset
20:03:03.93   GameInfo::ResetInfo - SyncLevel set to 0 on reset
20:03:03.93   GameInfo::ResetInfo - SyncLevel set to 0 on reset
20:03:03.93   GameInfo::ResetInfo - SyncLevel set to 0 on reset
20:03:03.93   GameInfo::ResetInfo - SyncLevel set to 0 on reset
20:03:03.93   GameInfo::ResetInfo - SyncLevel set to 0 on reset
20:03:03.93   GameInfo::ResetInfo - SyncLevel set to 0 on reset
20:03:03.93   GameInfo::ResetInfo - SyncLevel set to 0 on reset
20:03:03.93   GameInfo::ResetInfo - SyncLevel set to 0 on reset
20:03:03.93   GameInfo::ResetInfo - SyncLevel set to 0 on reset
20:03:03.93   GameInfo::ResetInfo - SyncLevel set to 0 on reset
20:03:03.93   GameInfo::ResetInfo - SyncLevel set to 0 on reset
20:03:03.93   GameInfo::ResetInfo - SyncLevel set to 0 on reset
20:03:03.93   GameInfo::ResetInfo - SyncLevel set to 0 on reset
20:03:03.93   GameInfo::ResetInfo - SyncLevel set to 0 on reset
20:03:03.93   GameInfo::ResetInfo - SyncLevel set to 0 on reset
20:03:03.93   GameInfo::ResetInfo - SyncLevel set to 0 on reset
20:03:03.93   GameInfo::ResetInfo - SyncLevel set to 0 on reset
20:03:03.93   GameInfo::ResetInfo - SyncLevel set to 0 on reset
20:03:03.93   GameInfo::ResetInfo - SyncLevel set to 0 on reset
20:03:03.93   GameInfo::ResetInfo - SyncLevel set to 0 on reset
20:03:03.93   GameInfo::ResetInfo - SyncLevel set to 0 on reset
20:03:03.93   GameInfo::ResetInfo - SyncLevel set to 0 on reset
20:03:03.94   GameInfo::ResetInfo - SyncLevel set to 0 on reset
20:03:03.94   GameInfo::ResetInfo - SyncLevel set to 0 on reset
20:03:03.94   GameInfo::ResetInfo - SyncLevel set to 0 on reset
20:03:03.94   GameInfo::ResetInfo - SyncLevel set to 0 on reset
20:03:03.94   GameInfo::ResetInfo - SyncLevel set to 0 on reset
20:03:03.94   GameInfo::ResetInfo - SyncLevel set to 0 on reset
20:03:03.94   GameInfo::ResetInfo - SyncLevel set to 0 on reset
20:03:03.94   GameInfo::ResetInfo - SyncLevel set to 0 on reset
20:03:03.94   GameInfo::ResetInfo - SyncLevel set to 0 on reset
20:03:03.94   GameInfo::ResetInfo - SyncLevel set to 0 on reset
20:03:03.94   GameInfo::ResetInfo - SyncLevel set to 0 on reset
20:03:03.94   GameInfo::ResetInfo - SyncLevel set to 0 on reset
20:03:03.94   GameInfo::ResetInfo - SyncLevel set to 0 on reset
20:03:03.94   GameInfo::ResetInfo - SyncLevel set to 0 on reset
20:03:03.94   GameInfo::ResetInfo - SyncLevel set to 0 on reset
20:03:03.94   GameInfo::ResetInfo - SyncLevel set to 0 on reset
20:03:03.94   GameInfo::ResetInfo - SyncLevel set to 0 on reset
20:03:03.94   GameInfo::ResetInfo - SyncLevel set to 0 on reset
20:03:03.94   GameInfo::ResetInfo - SyncLevel set to 0 on reset
20:03:03.94   GameInfo::ResetInfo - SyncLevel set to 0 on reset
20:03:03.94   GameInfo::ResetInfo - SyncLevel set to 0 on reset
20:03:03.94   GameInfo::ResetInfo - SyncLevel set to 0 on reset
20:03:03.94   GameInfo::ResetInfo - SyncLevel set to 0 on reset
20:03:03.94   GameInfo::ResetInfo - SyncLevel set to 0 on reset
20:03:03.94   GameInfo::ResetInfo - SyncLevel set to 0 on reset
20:03:03.94   GameInfo::ResetInfo - SyncLevel set to 0 on reset
20:03:03.94   GameInfo::ResetInfo - SyncLevel set to 0 on reset
20:03:03.94   GameInfo::ResetInfo - SyncLevel set to 0 on reset
20:03:03.94   GameInfo::ResetInfo - SyncLevel set to 0 on reset
20:03:03.94   GameInfo::ResetInfo - SyncLevel set to 0 on reset
20:03:03.95   GameInfo::ResetInfo - SyncLevel set to 0 on reset
20:03:03.95   GameInfo::ResetInfo - SyncLevel set to 0 on reset
20:03:03.95   GameInfo::ResetInfo - SyncLevel set to 0 on reset
20:03:03.95   GameInfo::ResetInfo - SyncLevel set to 0 on reset
20:03:03.95   GameInfo::ResetInfo - SyncLevel set to 0 on reset
20:03:03.95   GameInfo::ResetInfo - SyncLevel set to 0 on reset
20:03:03.95   GameInfo::ResetInfo - SyncLevel set to 0 on reset
20:03:03.95   GameInfo::ResetInfo - SyncLevel set to 0 on reset
20:03:03.95   GameInfo::ResetInfo - SyncLevel set to 0 on reset
20:03:03.95   GameInfo::ResetInfo - SyncLevel set to 0 on reset
20:03:03.95   GameInfo::ResetInfo - SyncLevel set to 0 on reset
20:03:03.95   GameInfo::ResetInfo - SyncLevel set to 0 on reset
20:03:03.95   GameInfo::ResetInfo - SyncLevel set to 0 on reset
20:03:03.95   GameInfo::ResetInfo - SyncLevel set to 0 on reset
20:03:03.95   GameInfo::ResetInfo - SyncLevel set to 0 on reset
20:03:03.95   GameInfo::ResetInfo - SyncLevel set to 0 on reset
20:03:03.95   GameInfo::ResetInfo - SyncLevel set to 0 on reset
20:03:03.95   GameInfo::ResetInfo - SyncLevel set to 0 on reset
20:03:03.95   GameInfo::ResetInfo - SyncLevel set to 0 on reset
20:03:03.95   GameInfo::ResetInfo - SyncLevel set to 0 on reset
20:03:03.95   GameInfo::ResetInfo - SyncLevel set to 0 on reset
20:03:03.95   GameInfo::ResetInfo - SyncLevel set to 0 on reset
20:03:03.95   GameInfo::ResetInfo - SyncLevel set to 0 on reset
20:03:03.95   GameInfo::ResetInfo - SyncLevel set to 0 on reset
20:03:03.95   GameInfo::ResetInfo - SyncLevel set to 0 on reset
20:03:03.95   GameInfo::ResetInfo - SyncLevel set to 0 on reset
20:03:03.95   GameInfo::ResetInfo - SyncLevel set to 0 on reset
20:03:03.95   GameInfo::ResetInfo - SyncLevel set to 0 on reset
20:03:03.95   GameInfo::ResetInfo - SyncLevel set to 0 on reset
20:03:03.95   GameInfo::ResetInfo - SyncLevel set to 0 on reset
20:03:03.96   GameInfo::ResetInfo - SyncLevel set to 0 on reset
20:03:03.96   GameInfo::ResetInfo - SyncLevel set to 0 on reset
20:03:03.96   GameInfo::ResetInfo - SyncLevel set to 0 on reset
20:03:03.96   GameInfo::ResetInfo - SyncLevel set to 0 on reset
20:03:03.96   GameInfo::ResetInfo - SyncLevel set to 0 on reset
20:03:03.96   GameInfo::ResetInfo - SyncLevel set to 0 on reset
20:03:03.96   GameInfo::ResetInfo - SyncLevel set to 0 on reset
20:03:03.96   GameInfo::ResetInfo - SyncLevel set to 0 on reset
20:03:03.96   GameInfo::ResetInfo - SyncLevel set to 0 on reset
20:03:03.96   GameInfo::ResetInfo - SyncLevel set to 0 on reset
20:03:03.96   GameInfo::ResetInfo - SyncLevel set to 0 on reset
20:03:03.96   GameInfo::ResetInfo - SyncLevel set to 0 on reset
20:03:03.96   GameInfo::ResetInfo - SyncLevel set to 0 on reset
20:03:03.96   GameInfo::ResetInfo - SyncLevel set to 0 on reset
20:03:03.96   GameInfo::ResetInfo - SyncLevel set to 0 on reset
20:03:03.96   GameInfo::ResetInfo - SyncLevel set to 0 on reset
20:03:03.96   GameInfo::ResetInfo - SyncLevel set to 0 on reset
20:03:03.96   GameInfo::ResetInfo - SyncLevel set to 0 on reset
20:03:03.96   GameInfo::ResetInfo - SyncLevel set to 0 on reset
20:03:03.96   GameInfo::ResetInfo - SyncLevel set to 0 on reset
20:03:03.96   GameInfo::ResetInfo - SyncLevel set to 0 on reset
20:03:03.96   GameInfo::ResetInfo - SyncLevel set to 0 on reset
20:03:03.96   GameInfo::ResetInfo - SyncLevel set to 0 on reset
20:03:03.96   GameInfo::ResetInfo - SyncLevel set to 0 on reset
20:03:03.96   GameInfo::ResetInfo - SyncLevel set to 0 on reset
20:03:03.96   GameInfo::ResetInfo - SyncLevel set to 0 on reset
20:03:03.96   GameInfo::ResetInfo - SyncLevel set to 0 on reset
20:03:03.96   GameInfo::ResetInfo - SyncLevel set to 0 on reset
20:03:03.96   GameInfo::ResetInfo - SyncLevel set to 0 on reset
20:03:03.96   GameInfo::ResetInfo - SyncLevel set to 0 on reset
20:03:03.96   GameInfo::ResetInfo - SyncLevel set to 0 on reset
20:03:03.96   GameInfo::ResetInfo - SyncLevel set to 0 on reset
20:03:03.96   GameInfo::ResetInfo - SyncLevel set to 0 on reset
20:03:03.96   GameInfo::ResetInfo - SyncLevel set to 0 on reset
20:03:03.96   GameInfo::ResetInfo - SyncLevel set to 0 on reset
20:03:03.96   GameInfo::ResetInfo - SyncLevel set to 0 on reset
20:03:03.97   GameInfo::ResetInfo - SyncLevel set to 0 on reset
20:03:03.97   GameInfo::ResetInfo - SyncLevel set to 0 on reset
20:03:03.97   GameInfo::ResetInfo - SyncLevel set to 0 on reset
20:03:03.97   GameInfo::ResetInfo - SyncLevel set to 0 on reset
20:03:03.97   GameInfo::ResetInfo - SyncLevel set to 0 on reset
20:03:03.97   GameInfo::ResetInfo - SyncLevel set to 0 on reset
20:03:03.97   GameInfo::ResetInfo - SyncLevel set to 0 on reset
20:03:03.97   GameInfo::ResetInfo - SyncLevel set to 0 on reset
20:03:03.97   GameInfo::ResetInfo - SyncLevel set to 0 on reset
20:03:03.97   GameInfo::ResetInfo - SyncLevel set to 0 on reset
20:03:03.97   GameInfo::ResetInfo - SyncLevel set to 0 on reset
20:03:03.97   GameInfo::ResetInfo - SyncLevel set to 0 on reset
20:03:03.97   GameInfo::ResetInfo - SyncLevel set to 0 on reset
20:03:03.97   GameInfo::ResetInfo - SyncLevel set to 0 on reset
20:03:03.97   GameInfo::ResetInfo - SyncLevel set to 0 on reset
20:03:03.97   GameInfo::ResetInfo - SyncLevel set to 0 on reset
20:03:03.97   GameInfo::ResetInfo - SyncLevel set to 0 on reset
20:03:03.97   GameInfo::ResetInfo - SyncLevel set to 0 on reset
20:03:03.97   GameInfo::ResetInfo - SyncLevel set to 0 on reset
20:03:03.97   GameInfo::ResetInfo - SyncLevel set to 0 on reset
20:03:03.97   GameInfo::ResetInfo - SyncLevel set to 0 on reset
20:03:03.97   GameInfo::ResetInfo - SyncLevel set to 0 on reset
20:03:03.97   GameInfo::ResetInfo - SyncLevel set to 0 on reset
20:03:03.97   GameInfo::ResetInfo - SyncLevel set to 0 on reset
20:03:03.97   GameInfo::ResetInfo - SyncLevel set to 0 on reset
20:03:03.97   GameInfo::ResetInfo - SyncLevel set to 0 on reset
20:03:03.97   GameInfo::ResetInfo - SyncLevel set to 0 on reset
20:03:03.97   GameInfo::ResetInfo - SyncLevel set to 0 on reset
20:03:03.97   GameInfo::ResetInfo - SyncLevel set to 0 on reset
20:03:03.97   GameInfo::ResetInfo - SyncLevel set to 0 on reset
20:03:03.97   GameInfo::ResetInfo - SyncLevel set to 0 on reset
20:03:03.97   GameInfo::ResetInfo - SyncLevel set to 0 on reset
20:03:03.97   GameInfo::ResetInfo - SyncLevel set to 0 on reset
20:03:03.98   GameInfo::ResetInfo - SyncLevel set to 0 on reset
20:03:03.98   GameInfo::ResetInfo - SyncLevel set to 0 on reset
20:03:03.98   GameInfo::ResetInfo - SyncLevel set to 0 on reset
20:03:03.98   GameInfo::ResetInfo - SyncLevel set to 0 on reset
20:03:03.98   GameInfo::ResetInfo - SyncLevel set to 0 on reset
20:03:03.98   GameInfo::ResetInfo - SyncLevel set to 0 on reset
20:03:03.98   GameInfo::ResetInfo - SyncLevel set to 0 on reset
20:03:03.98   GameInfo::ResetInfo - SyncLevel set to 0 on reset
20:03:03.98   GameInfo::ResetInfo - SyncLevel set to 0 on reset
20:03:03.98   GameInfo::ResetInfo - SyncLevel set to 0 on reset
20:03:03.98   GameInfo::ResetInfo - SyncLevel set to 0 on reset
20:03:03.98   GameInfo::ResetInfo - SyncLevel set to 0 on reset
20:03:03.98   GameInfo::ResetInfo - SyncLevel set to 0 on reset
20:03:03.98   GameInfo::ResetInfo - SyncLevel set to 0 on reset
20:03:03.98   GameInfo::ResetInfo - SyncLevel set to 0 on reset
20:03:03.98   GameInfo::ResetInfo - SyncLevel set to 0 on reset
20:03:03.98   GameInfo::ResetInfo - SyncLevel set to 0 on reset
20:03:03.98   GameInfo::ResetInfo - SyncLevel set to 0 on reset
20:03:03.98   GameInfo::ResetInfo - SyncLevel set to 0 on reset
20:03:03.98   GameInfo::ResetInfo - SyncLevel set to 0 on reset
20:03:03.98   GameInfo::ResetInfo - SyncLevel set to 0 on reset
20:03:03.98   GameInfo::ResetInfo - SyncLevel set to 0 on reset
20:03:03.98   GameInfo::ResetInfo - SyncLevel set to 0 on reset
20:03:03.98   GameInfo::ResetInfo - SyncLevel set to 0 on reset
20:03:03.98   GameInfo::ResetInfo - SyncLevel set to 0 on reset
20:03:03.98   GameInfo::ResetInfo - SyncLevel set to 0 on reset
20:03:03.98   GameInfo::ResetInfo - SyncLevel set to 0 on reset
20:03:03.98   GameInfo::ResetInfo - SyncLevel set to 0 on reset
20:03:03.98   GameInfo::ResetInfo - SyncLevel set to 0 on reset
20:03:03.98   GameInfo::ResetInfo - SyncLevel set to 0 on reset
20:03:03.99   GameInfo::ResetInfo - SyncLevel set to 0 on reset
20:03:03.99   GameInfo::ResetInfo - SyncLevel set to 0 on reset
20:03:03.99   GameInfo::ResetInfo - SyncLevel set to 0 on reset
20:03:03.99   GameInfo::ResetInfo - SyncLevel set to 0 on reset
20:03:03.99   GameInfo::ResetInfo - SyncLevel set to 0 on reset
20:03:03.99   GameInfo::ResetInfo - SyncLevel set to 0 on reset
20:03:03.99   GameInfo::ResetInfo - SyncLevel set to 0 on reset
20:03:03.99   GameInfo::ResetInfo - SyncLevel set to 0 on reset
20:03:03.99   GameInfo::ResetInfo - SyncLevel set to 0 on reset
20:03:03.99   GameInfo::ResetInfo - SyncLevel set to 0 on reset
20:03:03.99   GameInfo::ResetInfo - SyncLevel set to 0 on reset
20:03:03.99   GameInfo::ResetInfo - SyncLevel set to 0 on reset
20:03:03.99   GameInfo::ResetInfo - SyncLevel set to 0 on reset
20:03:03.99   GameInfo::ResetInfo - SyncLevel set to 0 on reset
20:03:03.99   GameInfo::ResetInfo - SyncLevel set to 0 on reset
20:03:03.99   GameInfo::ResetInfo - SyncLevel set to 0 on reset
20:03:03.99   GameInfo::ResetInfo - SyncLevel set to 0 on reset
20:03:03.99   GameInfo::ResetInfo - SyncLevel set to 0 on reset
20:03:03.99   GameInfo::ResetInfo - SyncLevel set to 0 on reset
20:03:03.99   GameInfo::ResetInfo - SyncLevel set to 0 on reset
20:03:03.99   GameInfo::ResetInfo - SyncLevel set to 0 on reset
20:03:03.99   GameInfo::ResetInfo - SyncLevel set to 0 on reset
20:03:03.99   GameInfo::ResetInfo - SyncLevel set to 0 on reset
20:03:03.99   GameInfo::ResetInfo - SyncLevel set to 0 on reset
20:03:03.99   GameInfo::ResetInfo - SyncLevel set to 0 on reset
20:03:03.99   GameInfo::ResetInfo - SyncLevel set to 0 on reset
20:03:03.99   GameInfo::ResetInfo - SyncLevel set to 0 on reset
20:03:04.00   GameInfo::ResetInfo - SyncLevel set to 0 on reset
20:03:04.00   GameInfo::ResetInfo - SyncLevel set to 0 on reset
20:03:04.00   GameInfo::ResetInfo - SyncLevel set to 0 on reset
20:03:04.00   GAME -- Error reading header for recorded game PLAYBACK:8P SEMOIS REMASTERED 07.2021-03-27.02-50-45.rec
20:03:04.00   GameInfo::ResetInfo - SyncLevel set to 0 on reset
20:03:04.00   GameInfo::ResetInfo - SyncLevel set to 0 on reset
20:03:04.00   GameInfo::ResetInfo - SyncLevel set to 0 on reset
20:03:04.00   GAME -- Error reading header for recorded game PLAYBACK:8P SEMOIS REMASTERED 07.2021-03-27.03-39-59.rec
20:03:04.00   GameInfo::ResetInfo - SyncLevel set to 0 on reset
20:03:04.00   GameInfo::ResetInfo - SyncLevel set to 0 on reset
20:03:04.00   GameInfo::ResetInfo - SyncLevel set to 0 on reset
20:03:04.00   GAME -- Error reading header for recorded game PLAYBACK:8P SEMOIS REMASTERED 07.2021-03-31.03-23-44.rec
20:03:04.00   GameInfo::ResetInfo - SyncLevel set to 0 on reset
20:03:04.00   GameInfo::ResetInfo - SyncLevel set to 0 on reset
20:03:04.00   GameInfo::ResetInfo - SyncLevel set to 0 on reset
20:03:04.00   GAME -- Error reading header for recorded game PLAYBACK:8P SEMOIS REMASTERED 07.2021-04-28.02-52-08.rec
20:03:04.00   GameInfo::ResetInfo - SyncLevel set to 0 on reset
20:03:04.00   GameInfo::ResetInfo - SyncLevel set to 0 on reset
20:03:04.00   GameInfo::ResetInfo - SyncLevel set to 0 on reset
20:03:04.00   GAME -- Error reading header for recorded game PLAYBACK:8P_CLOSE_RIVER_COMBAT.2018-01-08.20-06-29.rec
20:03:04.00   GameInfo::ResetInfo - SyncLevel set to 0 on reset
20:03:04.00   GameInfo::ResetInfo - SyncLevel set to 0 on reset
20:03:04.00   GameInfo::ResetInfo - SyncLevel set to 0 on reset
20:03:04.00   GameInfo::ResetInfo - SyncLevel set to 0 on reset
20:03:04.00   GameInfo::ResetInfo - SyncLevel set to 0 on reset
20:03:04.00   GameInfo::ResetInfo - SyncLevel set to 0 on reset
20:03:04.00   GameInfo::ResetInfo - SyncLevel set to 0 on reset
20:03:04.00   GameInfo::ResetInfo - SyncLevel set to 0 on reset
20:03:04.00   GameInfo::ResetInfo - SyncLevel set to 0 on reset
20:03:04.00   GameInfo::ResetInfo - SyncLevel set to 0 on reset
20:03:04.00   GameInfo::ResetInfo - SyncLevel set to 0 on reset
20:03:04.00   GameInfo::ResetInfo - SyncLevel set to 0 on reset
20:03:04.00   GameInfo::ResetInfo - SyncLevel set to 0 on reset
20:03:04.00   GameInfo::ResetInfo - SyncLevel set to 0 on reset
20:03:04.00   GameInfo::ResetInfo - SyncLevel set to 0 on reset
20:03:04.01   GameInfo::ResetInfo - SyncLevel set to 0 on reset
20:03:04.01   GameInfo::ResetInfo - SyncLevel set to 0 on reset
20:03:04.01   GameInfo::ResetInfo - SyncLevel set to 0 on reset
20:03:04.01   GameInfo::ResetInfo - SyncLevel set to 0 on reset
20:03:04.01   GameInfo::ResetInfo - SyncLevel set to 0 on reset
20:03:04.01   GameInfo::ResetInfo - SyncLevel set to 0 on reset
20:03:04.01   GameInfo::ResetInfo - SyncLevel set to 0 on reset
20:03:04.01   GameInfo::ResetInfo - SyncLevel set to 0 on reset
20:03:04.01   GameInfo::ResetInfo - SyncLevel set to 0 on reset
20:03:04.01   GameInfo::ResetInfo - SyncLevel set to 0 on reset
20:03:04.01   GameInfo::ResetInfo - SyncLevel set to 0 on reset
20:03:04.01   GameInfo::ResetInfo - SyncLevel set to 0 on reset
20:03:04.01   GameInfo::ResetInfo - SyncLevel set to 0 on reset
20:03:04.01   GameInfo::ResetInfo - SyncLevel set to 0 on reset
20:03:04.01   GameInfo::ResetInfo - SyncLevel set to 0 on reset
20:03:04.01   RLINK -- local      PeerID 8 LOCL ack=  0 (  0ms~0) unack=  0, retry=  0, highwaterOOS=0 (ip=WINaddr:192.168.50.236:6112;), pending=0, dead=0, RS#=0/0
20:03:04.01   RLINK --       host PeerID 1 RELY ack=249 (693ms~399) unack=  1, retry= 22, highwaterOOS=4 (ip=WINaddr:192.168.1.10:6112;), pending=0, dead=0, RS#=248/249
20:03:04.01   RLINK --            PeerID 2 RELY ack= 15 (394ms~112) unack=  0, retry=  0, highwaterOOS=0 (ip=WINaddr:192.168.91.212:6112;), pending=0, dead=0, RS#=15/15
20:03:04.01   RLINK --            PeerID 3 RELY ack= 15 (371ms~88) unack=  0, retry=  0, highwaterOOS=0 (ip=WINaddr:192.168.0.23:6112;), pending=0, dead=0, RS#=15/15
20:03:04.01   RLINK --            PeerID 5 RELY ack= 15 (462ms~49) unack=  0, retry=  0, highwaterOOS=0 (ip=WINaddr:192.168.10.3:6112;), pending=0, dead=0, RS#=15/15
20:03:04.01   RLINK --            PeerID 6 RELY ack= 15 (477ms~34) unack=  0, retry=  0, highwaterOOS=0 (ip=WINaddr:192.168.1.33:6112;), pending=0, dead=0, RS#=15/15
20:03:04.01   RLINK --            PeerID 10 RELY ack= 11 (477ms~33) unack=  0, retry=  0, highwaterOOS=0 (ip=WINaddr:192.168.178.30:6112;), pending=0, dead=0, RS#=11/11
20:03:04.01   RLINK --            PeerID 20 RELY ack=  3 (319ms~319) unack=  0, retry=  1, highwaterOOS=0 (ip=WINaddr:192.168.0.128:6112;), pending=0, dead=0, RS#=3/3
20:03:04.01   RLINK -- MessageCounts: inval=0/0, seek=0/0, join=0/1, ichk=0/0, sk_r=0/0, deny=0/0, Padd=0/2, Pdel=0/0, drop=0/0, data=60/42, mdat=0/0, voip=0/0, rchk=12/0, nudg=14/26, Thdr=11/0, Peer=104/108, PPrx=49/158, ping=0/0, Pfrg=0/0, rely=14/14, lb_p=4/4, lb_c=0/0, cast=0/0, cdat=0/0, sorq1=0/0, sorp=0/0, acto=0/0, spob=0/0, sorq2=0/0
20:03:04.01   GameInfo::ResetInfo - SyncLevel set to 0 on reset
20:03:04.01   GameInfo::ResetInfo - SyncLevel set to 0 on reset
20:03:04.01   GameInfo::ResetInfo - SyncLevel set to 0 on reset
20:03:04.01   GameInfo::ResetInfo - SyncLevel set to 0 on reset
20:03:04.01   GameInfo::ResetInfo - SyncLevel set to 0 on reset
20:03:04.01   GameInfo::ResetInfo - SyncLevel set to 0 on reset
20:03:04.01   GameInfo::ResetInfo - SyncLevel set to 0 on reset
20:03:04.01   GameInfo::ResetInfo - SyncLevel set to 0 on reset
20:03:04.01   GameInfo::ResetInfo - SyncLevel set to 0 on reset
20:03:04.01   GameInfo::ResetInfo - SyncLevel set to 0 on reset
20:03:04.01   GameInfo::ResetInfo - SyncLevel set to 0 on reset
20:03:04.01   GameInfo::ResetInfo - SyncLevel set to 0 on reset
20:03:04.02   GameInfo::ResetInfo - SyncLevel set to 0 on reset
20:03:04.02   GameInfo::ResetInfo - SyncLevel set to 0 on reset
20:03:04.02   GameInfo::ResetInfo - SyncLevel set to 0 on reset
20:03:04.02   GameInfo::ResetInfo - SyncLevel set to 0 on reset
20:03:04.02   GameInfo::ResetInfo - SyncLevel set to 0 on reset
20:03:04.02   GameInfo::ResetInfo - SyncLevel set to 0 on reset
20:03:04.02   GameInfo::ResetInfo - SyncLevel set to 0 on reset
20:03:04.02   GameInfo::ResetInfo - SyncLevel set to 0 on reset
20:03:04.02   GameInfo::ResetInfo - SyncLevel set to 0 on reset
20:03:04.02   GameInfo::ResetInfo - SyncLevel set to 0 on reset
20:03:04.02   GameInfo::ResetInfo - SyncLevel set to 0 on reset
20:03:04.02   GameInfo::ResetInfo - SyncLevel set to 0 on reset
20:03:04.02   GameInfo::ResetInfo - SyncLevel set to 0 on reset
20:03:04.02   GameInfo::ResetInfo - SyncLevel set to 0 on reset
20:03:04.02   GameInfo::ResetInfo - SyncLevel set to 0 on reset
20:03:04.02   GameInfo::ResetInfo - SyncLevel set to 0 on reset
20:03:04.02   GameInfo::ResetInfo - SyncLevel set to 0 on reset
20:03:04.02   GameInfo::ResetInfo - SyncLevel set to 0 on reset
20:03:04.02   GameInfo::ResetInfo - SyncLevel set to 0 on reset
20:03:04.02   GameInfo::ResetInfo - SyncLevel set to 0 on reset
20:03:04.02   GameInfo::ResetInfo - SyncLevel set to 0 on reset
20:03:04.02   GameInfo::ResetInfo - SyncLevel set to 0 on reset
20:03:04.02   GameInfo::ResetInfo - SyncLevel set to 0 on reset
20:03:04.02   GameInfo::ResetInfo - SyncLevel set to 0 on reset
20:03:04.03   GameInfo::ResetInfo - SyncLevel set to 0 on reset
20:03:04.03   GameInfo::ResetInfo - SyncLevel set to 0 on reset
20:03:04.03   GameInfo::ResetInfo - SyncLevel set to 0 on reset
20:03:04.03   GameInfo::ResetInfo - SyncLevel set to 0 on reset
20:03:04.03   GameInfo::ResetInfo - SyncLevel set to 0 on reset
20:03:04.03   GameInfo::ResetInfo - SyncLevel set to 0 on reset
20:03:04.03   GameInfo::ResetInfo - SyncLevel set to 0 on reset
20:03:04.03   GameInfo::ResetInfo - SyncLevel set to 0 on reset
20:03:04.03   GameInfo::ResetInfo - SyncLevel set to 0 on reset
20:03:04.03   GameInfo::ResetInfo - SyncLevel set to 0 on reset
20:03:04.03   GameInfo::ResetInfo - SyncLevel set to 0 on reset
20:03:04.03   GameInfo::ResetInfo - SyncLevel set to 0 on reset
20:03:04.03   GameInfo::ResetInfo - SyncLevel set to 0 on reset
20:03:04.03   GameInfo::ResetInfo - SyncLevel set to 0 on reset
20:03:04.03   GameInfo::ResetInfo - SyncLevel set to 0 on reset
20:03:04.03   GameInfo::ResetInfo - SyncLevel set to 0 on reset
20:03:04.03   GameInfo::ResetInfo - SyncLevel set to 0 on reset
20:03:04.03   GameInfo::ResetInfo - SyncLevel set to 0 on reset
20:03:04.03   GameInfo::ResetInfo - SyncLevel set to 0 on reset
20:03:04.03   GameInfo::ResetInfo - SyncLevel set to 0 on reset
20:03:04.03   GameInfo::ResetInfo - SyncLevel set to 0 on reset
20:03:04.03   GameInfo::ResetInfo - SyncLevel set to 0 on reset
20:03:04.03   GameInfo::ResetInfo - SyncLevel set to 0 on reset
20:03:04.03   GameInfo::ResetInfo - SyncLevel set to 0 on reset
20:03:04.03   GameInfo::ResetInfo - SyncLevel set to 0 on reset
20:03:04.04   GameInfo::ResetInfo - SyncLevel set to 0 on reset
20:03:04.04   GameInfo::ResetInfo - SyncLevel set to 0 on reset
20:03:04.04   GameInfo::ResetInfo - SyncLevel set to 0 on reset
20:03:04.04   GameInfo::ResetInfo - SyncLevel set to 0 on reset
20:03:04.04   GameInfo::ResetInfo - SyncLevel set to 0 on reset
20:03:04.04   GameInfo::ResetInfo - SyncLevel set to 0 on reset
20:03:04.04   GameInfo::ResetInfo - SyncLevel set to 0 on reset
20:03:04.04   GameInfo::ResetInfo - SyncLevel set to 0 on reset
20:03:04.04   GameInfo::ResetInfo - SyncLevel set to 0 on reset
20:03:04.04   GameInfo::ResetInfo - SyncLevel set to 0 on reset
20:03:04.04   GameInfo::ResetInfo - SyncLevel set to 0 on reset
20:03:04.04   GameInfo::ResetInfo - SyncLevel set to 0 on reset
20:03:04.04   GameInfo::ResetInfo - SyncLevel set to 0 on reset
20:03:04.04   GameInfo::ResetInfo - SyncLevel set to 0 on reset
20:03:04.04   GameInfo::ResetInfo - SyncLevel set to 0 on reset
20:03:04.04   GameInfo::ResetInfo - SyncLevel set to 0 on reset
20:03:04.04   GameInfo::ResetInfo - SyncLevel set to 0 on reset
20:03:04.04   GameInfo::ResetInfo - SyncLevel set to 0 on reset
20:03:04.04   GameInfo::ResetInfo - SyncLevel set to 0 on reset
20:03:04.04   GameInfo::ResetInfo - SyncLevel set to 0 on reset
20:03:04.04   GameInfo::ResetInfo - SyncLevel set to 0 on reset
20:03:04.04   GameInfo::ResetInfo - SyncLevel set to 0 on reset
20:03:04.04   GameInfo::ResetInfo - SyncLevel set to 0 on reset
20:03:04.05   GameInfo::ResetInfo - SyncLevel set to 0 on reset
20:03:04.05   GameInfo::ResetInfo - SyncLevel set to 0 on reset
20:03:04.05   GameInfo::ResetInfo - SyncLevel set to 0 on reset
20:03:04.05   GameInfo::ResetInfo - SyncLevel set to 0 on reset
20:03:04.05   GameInfo::ResetInfo - SyncLevel set to 0 on reset
20:03:04.05   GameInfo::ResetInfo - SyncLevel set to 0 on reset
20:03:04.05   GameInfo::ResetInfo - SyncLevel set to 0 on reset
20:03:04.05   GameInfo::ResetInfo - SyncLevel set to 0 on reset
20:03:04.05   GameInfo::ResetInfo - SyncLevel set to 0 on reset
20:03:04.05   GameInfo::ResetInfo - SyncLevel set to 0 on reset
20:03:04.05   GameInfo::ResetInfo - SyncLevel set to 0 on reset
20:03:04.05   GameInfo::ResetInfo - SyncLevel set to 0 on reset
20:03:04.05   GameInfo::ResetInfo - SyncLevel set to 0 on reset
20:03:04.05   GameInfo::ResetInfo - SyncLevel set to 0 on reset
20:03:04.05   GameInfo::ResetInfo - SyncLevel set to 0 on reset
20:03:04.05   GameInfo::ResetInfo - SyncLevel set to 0 on reset
20:03:04.05   GameInfo::ResetInfo - SyncLevel set to 0 on reset
20:03:04.05   GameInfo::ResetInfo - SyncLevel set to 0 on reset
20:03:04.05   GameInfo::ResetInfo - SyncLevel set to 0 on reset
20:03:04.05   GameInfo::ResetInfo - SyncLevel set to 0 on reset
20:03:04.05   GameInfo::ResetInfo - SyncLevel set to 0 on reset
20:03:04.05   GameInfo::ResetInfo - SyncLevel set to 0 on reset
20:03:04.05   GameInfo::ResetInfo - SyncLevel set to 0 on reset
20:03:04.05   GameInfo::ResetInfo - SyncLevel set to 0 on reset
20:03:04.05   GameInfo::ResetInfo - SyncLevel set to 0 on reset
20:03:04.05   GameInfo::ResetInfo - SyncLevel set to 0 on reset
20:03:04.06   GameInfo::ResetInfo - SyncLevel set to 0 on reset
20:03:04.06   GameInfo::ResetInfo - SyncLevel set to 0 on reset
20:03:04.06   GameInfo::ResetInfo - SyncLevel set to 0 on reset
20:03:04.06   GameInfo::ResetInfo - SyncLevel set to 0 on reset
20:03:04.06   GameInfo::ResetInfo - SyncLevel set to 0 on reset
20:03:04.06   GameInfo::ResetInfo - SyncLevel set to 0 on reset
20:03:04.06   GameInfo::ResetInfo - SyncLevel set to 0 on reset
20:03:04.06   GameInfo::ResetInfo - SyncLevel set to 0 on reset
20:03:04.06   GameInfo::ResetInfo - SyncLevel set to 0 on reset
20:03:04.06   GameInfo::ResetInfo - SyncLevel set to 0 on reset
20:03:04.06   GameInfo::ResetInfo - SyncLevel set to 0 on reset
20:03:04.06   GameInfo::ResetInfo - SyncLevel set to 0 on reset
20:03:04.06   GameInfo::ResetInfo - SyncLevel set to 0 on reset
20:03:04.06   GameInfo::ResetInfo - SyncLevel set to 0 on reset
20:03:04.06   GameInfo::ResetInfo - SyncLevel set to 0 on reset
20:03:04.06   GameInfo::ResetInfo - SyncLevel set to 0 on reset
20:03:04.06   GameInfo::ResetInfo - SyncLevel set to 0 on reset
20:03:04.06   GameInfo::ResetInfo - SyncLevel set to 0 on reset
20:03:04.06   GameInfo::ResetInfo - SyncLevel set to 0 on reset
20:03:04.06   GameInfo::ResetInfo - SyncLevel set to 0 on reset
20:03:04.06   GameInfo::ResetInfo - SyncLevel set to 0 on reset
20:03:04.06   GameInfo::ResetInfo - SyncLevel set to 0 on reset
20:03:04.06   GameInfo::ResetInfo - SyncLevel set to 0 on reset
20:03:04.06   GameInfo::ResetInfo - SyncLevel set to 0 on reset
20:03:04.06   GameInfo::ResetInfo - SyncLevel set to 0 on reset
20:03:04.07   GameInfo::ResetInfo - SyncLevel set to 0 on reset
20:03:04.07   GameInfo::ResetInfo - SyncLevel set to 0 on reset
20:03:04.07   GameInfo::ResetInfo - SyncLevel set to 0 on reset
20:03:04.07   GameInfo::ResetInfo - SyncLevel set to 0 on reset
20:03:04.07   GameInfo::ResetInfo - SyncLevel set to 0 on reset
20:03:04.07   GameInfo::ResetInfo - SyncLevel set to 0 on reset
20:03:04.07   GameInfo::ResetInfo - SyncLevel set to 0 on reset
20:03:04.07   GameInfo::ResetInfo - SyncLevel set to 0 on reset
20:03:04.07   GameInfo::ResetInfo - SyncLevel set to 0 on reset
20:03:04.07   GameInfo::ResetInfo - SyncLevel set to 0 on reset
20:03:04.07   GameInfo::ResetInfo - SyncLevel set to 0 on reset
20:03:04.07   GameInfo::ResetInfo - SyncLevel set to 0 on reset
20:03:04.07   GameInfo::ResetInfo - SyncLevel set to 0 on reset
20:03:04.07   GameInfo::ResetInfo - SyncLevel set to 0 on reset
20:03:04.07   GameInfo::ResetInfo - SyncLevel set to 0 on reset
20:03:04.07   GameInfo::ResetInfo - SyncLevel set to 0 on reset
20:03:04.07   GameInfo::ResetInfo - SyncLevel set to 0 on reset
20:03:04.07   GameInfo::ResetInfo - SyncLevel set to 0 on reset
20:03:04.07   GameInfo::ResetInfo - SyncLevel set to 0 on reset
20:03:04.07   GameInfo::ResetInfo - SyncLevel set to 0 on reset
20:03:04.07   GameInfo::ResetInfo - SyncLevel set to 0 on reset
20:03:04.07   GameInfo::ResetInfo - SyncLevel set to 0 on reset
20:03:04.07   GameInfo::ResetInfo - SyncLevel set to 0 on reset
20:03:04.07   GameInfo::ResetInfo - SyncLevel set to 0 on reset
20:03:04.08   GameInfo::ResetInfo - SyncLevel set to 0 on reset
20:03:04.08   GameInfo::ResetInfo - SyncLevel set to 0 on reset
20:03:04.08   GameInfo::ResetInfo - SyncLevel set to 0 on reset
20:03:04.08   GameInfo::ResetInfo - SyncLevel set to 0 on reset
20:03:04.08   GameInfo::ResetInfo - SyncLevel set to 0 on reset
20:03:04.08   GameInfo::ResetInfo - SyncLevel set to 0 on reset
20:03:04.08   GameInfo::ResetInfo - SyncLevel set to 0 on reset
20:03:04.08   GameInfo::ResetInfo - SyncLevel set to 0 on reset
20:03:04.08   GameInfo::ResetInfo - SyncLevel set to 0 on reset
20:03:04.08   GameInfo::ResetInfo - SyncLevel set to 0 on reset
20:03:04.08   GameInfo::ResetInfo - SyncLevel set to 0 on reset
20:03:04.08   GameInfo::ResetInfo - SyncLevel set to 0 on reset
20:03:04.08   GameInfo::ResetInfo - SyncLevel set to 0 on reset
20:03:04.08   GameInfo::ResetInfo - SyncLevel set to 0 on reset
20:03:04.08   GameInfo::ResetInfo - SyncLevel set to 0 on reset
20:03:04.08   GameInfo::ResetInfo - SyncLevel set to 0 on reset
20:03:04.08   GameInfo::ResetInfo - SyncLevel set to 0 on reset
20:03:04.08   GameInfo::ResetInfo - SyncLevel set to 0 on reset
20:03:04.08   GameInfo::ResetInfo - SyncLevel set to 0 on reset
20:03:04.08   GameInfo::ResetInfo - SyncLevel set to 0 on reset
20:03:04.08   GameInfo::ResetInfo - SyncLevel set to 0 on reset
20:03:04.08   GameInfo::ResetInfo - SyncLevel set to 0 on reset
20:03:04.08   GameInfo::ResetInfo - SyncLevel set to 0 on reset
20:03:04.08   GameInfo::ResetInfo - SyncLevel set to 0 on reset
20:03:04.08   GameInfo::ResetInfo - SyncLevel set to 0 on reset
20:03:04.08   GameInfo::ResetInfo - SyncLevel set to 0 on reset
20:03:04.08   GameInfo::ResetInfo - SyncLevel set to 0 on reset
20:03:04.09   GameInfo::ResetInfo - SyncLevel set to 0 on reset
20:03:04.09   GameInfo::ResetInfo - SyncLevel set to 0 on reset
20:03:04.09   GameInfo::ResetInfo - SyncLevel set to 0 on reset
20:03:04.09   GameInfo::ResetInfo - SyncLevel set to 0 on reset
20:03:04.09   GameInfo::ResetInfo - SyncLevel set to 0 on reset
20:03:04.09   GameInfo::ResetInfo - SyncLevel set to 0 on reset
20:03:04.09   GameInfo::ResetInfo - SyncLevel set to 0 on reset
20:03:04.09   GameInfo::ResetInfo - SyncLevel set to 0 on reset
20:03:04.09   GameInfo::ResetInfo - SyncLevel set to 0 on reset
20:03:04.09   GameInfo::ResetInfo - SyncLevel set to 0 on reset
20:03:04.09   GameInfo::ResetInfo - SyncLevel set to 0 on reset
20:03:04.09   GameInfo::ResetInfo - SyncLevel set to 0 on reset
20:03:04.09   GameInfo::ResetInfo - SyncLevel set to 0 on reset
20:03:04.09   GameInfo::ResetInfo - SyncLevel set to 0 on reset
20:03:04.09   GameInfo::ResetInfo - SyncLevel set to 0 on reset
20:03:04.09   GameInfo::ResetInfo - SyncLevel set to 0 on reset
20:03:04.09   GameInfo::ResetInfo - SyncLevel set to 0 on reset
20:03:04.09   GameInfo::ResetInfo - SyncLevel set to 0 on reset
20:03:04.09   GameInfo::ResetInfo - SyncLevel set to 0 on reset
20:03:04.09   GameInfo::ResetInfo - SyncLevel set to 0 on reset
20:03:04.09   GameInfo::ResetInfo - SyncLevel set to 0 on reset
20:03:04.09   GameInfo::ResetInfo - SyncLevel set to 0 on reset
20:03:04.09   GameInfo::ResetInfo - SyncLevel set to 0 on reset
20:03:04.09   GameInfo::ResetInfo - SyncLevel set to 0 on reset
20:03:04.09   GameInfo::ResetInfo - SyncLevel set to 0 on reset
20:03:04.09   GameInfo::ResetInfo - SyncLevel set to 0 on reset
20:03:04.09   GameInfo::ResetInfo - SyncLevel set to 0 on reset
20:03:04.10   GameInfo::ResetInfo - SyncLevel set to 0 on reset
20:03:04.10   GameInfo::ResetInfo - SyncLevel set to 0 on reset
20:03:04.10   GameInfo::ResetInfo - SyncLevel set to 0 on reset
20:03:04.10   GameInfo::ResetInfo - SyncLevel set to 0 on reset
20:03:04.10   GameInfo::ResetInfo - SyncLevel set to 0 on reset
20:03:04.10   GameInfo::ResetInfo - SyncLevel set to 0 on reset
20:03:04.10   GameInfo::ResetInfo - SyncLevel set to 0 on reset
20:03:04.10   GameInfo::ResetInfo - SyncLevel set to 0 on reset
20:03:04.10   GameInfo::ResetInfo - SyncLevel set to 0 on reset
20:03:04.10   GameInfo::ResetInfo - SyncLevel set to 0 on reset
20:03:04.10   GameInfo::ResetInfo - SyncLevel set to 0 on reset
20:03:04.10   GameInfo::ResetInfo - SyncLevel set to 0 on reset
20:03:04.10   GameInfo::ResetInfo - SyncLevel set to 0 on reset
20:03:04.10   GameInfo::ResetInfo - SyncLevel set to 0 on reset
20:03:04.10   GameInfo::ResetInfo - SyncLevel set to 0 on reset
20:03:04.10   GameInfo::ResetInfo - SyncLevel set to 0 on reset
20:03:04.10   GameInfo::ResetInfo - SyncLevel set to 0 on reset
20:03:04.10   GameInfo::ResetInfo - SyncLevel set to 0 on reset
20:03:04.10   GameInfo::ResetInfo - SyncLevel set to 0 on reset
20:03:04.10   GameInfo::ResetInfo - SyncLevel set to 0 on reset
20:03:04.10   GameInfo::ResetInfo - SyncLevel set to 0 on reset
20:03:04.10   GameInfo::ResetInfo - SyncLevel set to 0 on reset
20:03:04.10   GameInfo::ResetInfo - SyncLevel set to 0 on reset
20:03:04.10   GameInfo::ResetInfo - SyncLevel set to 0 on reset
20:03:04.10   GameInfo::ResetInfo - SyncLevel set to 0 on reset
20:03:04.10   GameInfo::ResetInfo - SyncLevel set to 0 on reset
20:03:04.10   GameInfo::ResetInfo - SyncLevel set to 0 on reset
20:03:04.10   GameInfo::ResetInfo - SyncLevel set to 0 on reset
20:03:04.10   GameInfo::ResetInfo - SyncLevel set to 0 on reset
20:03:04.10   GameInfo::ResetInfo - SyncLevel set to 0 on reset
20:03:04.11   GameInfo::ResetInfo - SyncLevel set to 0 on reset
20:03:04.11   GameInfo::ResetInfo - SyncLevel set to 0 on reset
20:03:04.11   GameInfo::ResetInfo - SyncLevel set to 0 on reset
20:03:04.11   GameInfo::ResetInfo - SyncLevel set to 0 on reset
20:03:04.11   GameInfo::ResetInfo - SyncLevel set to 0 on reset
20:03:04.11   GameInfo::ResetInfo - SyncLevel set to 0 on reset
20:03:04.11   GameInfo::ResetInfo - SyncLevel set to 0 on reset
20:03:04.11   GameInfo::ResetInfo - SyncLevel set to 0 on reset
20:03:04.11   GameInfo::ResetInfo - SyncLevel set to 0 on reset
20:03:04.11   GameInfo::ResetInfo - SyncLevel set to 0 on reset
20:03:04.11   GameInfo::ResetInfo - SyncLevel set to 0 on reset
20:03:04.11   GameInfo::ResetInfo - SyncLevel set to 0 on reset
20:03:04.11   GameInfo::ResetInfo - SyncLevel set to 0 on reset
20:03:04.11   GameInfo::ResetInfo - SyncLevel set to 0 on reset
20:03:04.11   GameInfo::ResetInfo - SyncLevel set to 0 on reset
20:03:04.11   GameInfo::ResetInfo - SyncLevel set to 0 on reset
20:03:04.11   GameInfo::ResetInfo - SyncLevel set to 0 on reset
20:03:04.11   GameInfo::ResetInfo - SyncLevel set to 0 on reset
20:03:04.11   GameInfo::ResetInfo - SyncLevel set to 0 on reset
20:03:04.11   GameInfo::ResetInfo - SyncLevel set to 0 on reset
20:03:04.11   GameInfo::ResetInfo - SyncLevel set to 0 on reset
20:03:04.11   GameInfo::ResetInfo - SyncLevel set to 0 on reset
20:03:04.11   GameInfo::ResetInfo - SyncLevel set to 0 on reset
20:03:04.11   GameInfo::ResetInfo - SyncLevel set to 0 on reset
20:03:04.11   GameInfo::ResetInfo - SyncLevel set to 0 on reset
20:03:04.11   GameInfo::ResetInfo - SyncLevel set to 0 on reset
20:03:04.11   GameInfo::ResetInfo - SyncLevel set to 0 on reset
20:03:04.11   GameInfo::ResetInfo - SyncLevel set to 0 on reset
20:03:04.11   GameInfo::ResetInfo - SyncLevel set to 0 on reset
20:03:04.11   GameInfo::ResetInfo - SyncLevel set to 0 on reset
20:03:04.11   GameInfo::ResetInfo - SyncLevel set to 0 on reset
20:03:04.11   GameInfo::ResetInfo - SyncLevel set to 0 on reset
20:03:04.11   GameInfo::ResetInfo - SyncLevel set to 0 on reset
20:03:04.12   GameInfo::ResetInfo - SyncLevel set to 0 on reset
20:03:04.12   GameInfo::ResetInfo - SyncLevel set to 0 on reset
20:03:04.12   GameInfo::ResetInfo - SyncLevel set to 0 on reset
20:03:04.12   GameInfo::ResetInfo - SyncLevel set to 0 on reset
20:03:04.12   GameInfo::ResetInfo - SyncLevel set to 0 on reset
20:03:04.12   GameInfo::ResetInfo - SyncLevel set to 0 on reset
20:03:04.12   GameInfo::ResetInfo - SyncLevel set to 0 on reset
20:03:04.12   GameInfo::ResetInfo - SyncLevel set to 0 on reset
20:03:04.12   GameInfo::ResetInfo - SyncLevel set to 0 on reset
20:03:04.12   GameInfo::ResetInfo - SyncLevel set to 0 on reset
20:03:04.12   GameInfo::ResetInfo - SyncLevel set to 0 on reset
20:03:04.12   GameInfo::ResetInfo - SyncLevel set to 0 on reset
20:03:04.12   GameInfo::ResetInfo - SyncLevel set to 0 on reset
20:03:04.12   GameInfo::ResetInfo - SyncLevel set to 0 on reset
20:03:04.12   GameInfo::ResetInfo - SyncLevel set to 0 on reset
20:03:04.12   GameInfo::ResetInfo - SyncLevel set to 0 on reset
20:03:04.12   GameInfo::ResetInfo - SyncLevel set to 0 on reset
20:03:04.12   GameInfo::ResetInfo - SyncLevel set to 0 on reset
20:03:04.12   GameInfo::ResetInfo - SyncLevel set to 0 on reset
20:03:04.12   GameInfo::ResetInfo - SyncLevel set to 0 on reset
20:03:04.12   GameInfo::ResetInfo - SyncLevel set to 0 on reset
20:03:04.12   GameInfo::ResetInfo - SyncLevel set to 0 on reset
20:03:04.12   GameInfo::ResetInfo - SyncLevel set to 0 on reset
20:03:04.12   GameInfo::ResetInfo - SyncLevel set to 0 on reset
20:03:04.12   GameInfo::ResetInfo - SyncLevel set to 0 on reset
20:03:04.12   GameInfo::ResetInfo - SyncLevel set to 0 on reset
20:03:04.12   GameInfo::ResetInfo - SyncLevel set to 0 on reset
20:03:04.12   GameInfo::ResetInfo - SyncLevel set to 0 on reset
20:03:04.12   GameInfo::ResetInfo - SyncLevel set to 0 on reset
20:03:04.12   GameInfo::ResetInfo - SyncLevel set to 0 on reset
20:03:04.12   GameInfo::ResetInfo - SyncLevel set to 0 on reset
20:03:04.12   GameInfo::ResetInfo - SyncLevel set to 0 on reset
20:03:04.12   GameInfo::ResetInfo - SyncLevel set to 0 on reset
20:03:04.13   GameInfo::ResetInfo - SyncLevel set to 0 on reset
20:03:04.13   GameInfo::ResetInfo - SyncLevel set to 0 on reset
20:03:04.13   GameInfo::ResetInfo - SyncLevel set to 0 on reset
20:03:04.13   GameInfo::ResetInfo - SyncLevel set to 0 on reset
20:03:04.13   GameInfo::ResetInfo - SyncLevel set to 0 on reset
20:03:04.13   GameInfo::ResetInfo - SyncLevel set to 0 on reset
20:03:04.13   GameInfo::ResetInfo - SyncLevel set to 0 on reset
20:03:04.13   GameInfo::ResetInfo - SyncLevel set to 0 on reset
20:03:04.13   GameInfo::ResetInfo - SyncLevel set to 0 on reset
20:03:04.13   GameInfo::ResetInfo - SyncLevel set to 0 on reset
20:03:04.13   GameInfo::ResetInfo - SyncLevel set to 0 on reset
20:03:04.13   GameInfo::ResetInfo - SyncLevel set to 0 on reset
20:03:04.13   GameInfo::ResetInfo - SyncLevel set to 0 on reset
20:03:04.13   GameInfo::ResetInfo - SyncLevel set to 0 on reset
20:03:04.13   GameInfo::ResetInfo - SyncLevel set to 0 on reset
20:03:04.13   GameInfo::ResetInfo - SyncLevel set to 0 on reset
20:03:04.13   GameInfo::ResetInfo - SyncLevel set to 0 on reset
20:03:04.13   GameInfo::ResetInfo - SyncLevel set to 0 on reset
20:03:04.13   GameInfo::ResetInfo - SyncLevel set to 0 on reset
20:03:04.13   GameInfo::ResetInfo - SyncLevel set to 0 on reset
20:03:04.13   GameInfo::ResetInfo - SyncLevel set to 0 on reset
20:03:04.13   GameInfo::ResetInfo - SyncLevel set to 0 on reset
20:03:04.13   GameInfo::ResetInfo - SyncLevel set to 0 on reset
20:03:04.13   GameInfo::ResetInfo - SyncLevel set to 0 on reset
20:03:04.13   GameInfo::ResetInfo - SyncLevel set to 0 on reset
20:03:04.13   GameInfo::ResetInfo - SyncLevel set to 0 on reset
20:03:04.13   GameInfo::ResetInfo - SyncLevel set to 0 on reset
20:03:04.13   GameInfo::ResetInfo - SyncLevel set to 0 on reset
20:03:04.13   GameInfo::ResetInfo - SyncLevel set to 0 on reset
20:03:04.13   GameInfo::ResetInfo - SyncLevel set to 0 on reset
20:03:04.14   GameInfo::ResetInfo - SyncLevel set to 0 on reset
20:03:04.14   GameInfo::ResetInfo - SyncLevel set to 0 on reset
20:03:04.14   GameInfo::ResetInfo - SyncLevel set to 0 on reset
20:03:04.14   GameInfo::ResetInfo - SyncLevel set to 0 on reset
20:03:04.14   GameInfo::ResetInfo - SyncLevel set to 0 on reset
20:03:04.14   GameInfo::ResetInfo - SyncLevel set to 0 on reset
20:03:04.14   GameInfo::ResetInfo - SyncLevel set to 0 on reset
20:03:04.14   GameInfo::ResetInfo - SyncLevel set to 0 on reset
20:03:04.14   GameInfo::ResetInfo - SyncLevel set to 0 on reset
20:03:04.14   GameInfo::ResetInfo - SyncLevel set to 0 on reset
20:03:04.14   GameInfo::ResetInfo - SyncLevel set to 0 on reset
20:03:04.14   GameInfo::ResetInfo - SyncLevel set to 0 on reset
20:03:04.14   GameInfo::ResetInfo - SyncLevel set to 0 on reset
20:03:04.14   GameInfo::ResetInfo - SyncLevel set to 0 on reset
20:03:04.14   GameInfo::ResetInfo - SyncLevel set to 0 on reset
20:03:04.14   GameInfo::ResetInfo - SyncLevel set to 0 on reset
20:03:04.14   GameInfo::ResetInfo - SyncLevel set to 0 on reset
20:03:04.14   GameInfo::ResetInfo - SyncLevel set to 0 on reset
20:03:04.14   GameInfo::ResetInfo - SyncLevel set to 0 on reset
20:03:04.14   GameInfo::ResetInfo - SyncLevel set to 0 on reset
20:03:04.14   GameInfo::ResetInfo - SyncLevel set to 0 on reset
20:03:04.14   GameInfo::ResetInfo - SyncLevel set to 0 on reset
20:03:04.14   GameInfo::ResetInfo - SyncLevel set to 0 on reset
20:03:04.14   GameInfo::ResetInfo - SyncLevel set to 0 on reset
20:03:04.14   GameInfo::ResetInfo - SyncLevel set to 0 on reset
20:03:04.14   GameInfo::ResetInfo - SyncLevel set to 0 on reset
20:03:04.14   GameInfo::ResetInfo - SyncLevel set to 0 on reset
20:03:04.14   GameInfo::ResetInfo - SyncLevel set to 0 on reset
20:03:04.14   GameInfo::ResetInfo - SyncLevel set to 0 on reset
20:03:04.15   GameInfo::ResetInfo - SyncLevel set to 0 on reset
20:03:04.15   GameInfo::ResetInfo - SyncLevel set to 0 on reset
20:03:04.15   GameInfo::ResetInfo - SyncLevel set to 0 on reset
20:03:04.15   GameInfo::ResetInfo - SyncLevel set to 0 on reset
20:03:04.15   GameInfo::ResetInfo - SyncLevel set to 0 on reset
20:03:04.15   GameInfo::ResetInfo - SyncLevel set to 0 on reset
20:03:04.15   GameInfo::ResetInfo - SyncLevel set to 0 on reset
20:03:04.15   GameInfo::ResetInfo - SyncLevel set to 0 on reset
20:03:04.15   GameInfo::ResetInfo - SyncLevel set to 0 on reset
20:03:04.15   GameInfo::ResetInfo - SyncLevel set to 0 on reset
20:03:04.15   GameInfo::ResetInfo - SyncLevel set to 0 on reset
20:03:04.15   GameInfo::ResetInfo - SyncLevel set to 0 on reset
20:03:04.15   GameInfo::ResetInfo - SyncLevel set to 0 on reset
20:03:04.15   GameInfo::ResetInfo - SyncLevel set to 0 on reset
20:03:04.15   GameInfo::ResetInfo - SyncLevel set to 0 on reset
20:03:04.15   GameInfo::ResetInfo - SyncLevel set to 0 on reset
20:03:04.15   GameInfo::ResetInfo - SyncLevel set to 0 on reset
20:03:04.15   GameInfo::ResetInfo - SyncLevel set to 0 on reset
20:03:04.15   GameInfo::ResetInfo - SyncLevel set to 0 on reset
20:03:04.15   GameInfo::ResetInfo - SyncLevel set to 0 on reset
20:03:04.15   GameInfo::ResetInfo - SyncLevel set to 0 on reset
20:03:04.15   GameInfo::ResetInfo - SyncLevel set to 0 on reset
20:03:04.15   GameInfo::ResetInfo - SyncLevel set to 0 on reset
20:03:04.15   GameInfo::ResetInfo - SyncLevel set to 0 on reset
20:03:04.15   GameInfo::ResetInfo - SyncLevel set to 0 on reset
20:03:04.15   GameInfo::ResetInfo - SyncLevel set to 0 on reset
20:03:04.15   GameInfo::ResetInfo - SyncLevel set to 0 on reset
20:03:04.15   GameInfo::ResetInfo - SyncLevel set to 0 on reset
20:03:04.15   GameInfo::ResetInfo - SyncLevel set to 0 on reset
20:03:04.15   GameInfo::ResetInfo - SyncLevel set to 0 on reset
20:03:04.16   GameInfo::ResetInfo - SyncLevel set to 0 on reset
20:03:04.16   GameInfo::ResetInfo - SyncLevel set to 0 on reset
20:03:04.16   GameInfo::ResetInfo - SyncLevel set to 0 on reset
20:03:04.16   GameInfo::ResetInfo - SyncLevel set to 0 on reset
20:03:04.16   GameInfo::ResetInfo - SyncLevel set to 0 on reset
20:03:04.16   GameInfo::ResetInfo - SyncLevel set to 0 on reset
20:03:04.16   GameInfo::ResetInfo - SyncLevel set to 0 on reset
20:03:04.16   GameInfo::ResetInfo - SyncLevel set to 0 on reset
20:03:04.16   GameInfo::ResetInfo - SyncLevel set to 0 on reset
20:03:04.16   GameInfo::ResetInfo - SyncLevel set to 0 on reset
20:03:04.16   GameInfo::ResetInfo - SyncLevel set to 0 on reset
20:03:04.16   GameInfo::ResetInfo - SyncLevel set to 0 on reset
20:03:04.16   GameInfo::ResetInfo - SyncLevel set to 0 on reset
20:03:04.16   GameInfo::ResetInfo - SyncLevel set to 0 on reset
20:03:04.16   GameInfo::ResetInfo - SyncLevel set to 0 on reset
20:03:04.16   GameInfo::ResetInfo - SyncLevel set to 0 on reset
20:03:04.16   GameInfo::ResetInfo - SyncLevel set to 0 on reset
20:03:04.16   GameInfo::ResetInfo - SyncLevel set to 0 on reset
20:03:04.16   GameInfo::ResetInfo - SyncLevel set to 0 on reset
20:03:04.16   GameInfo::ResetInfo - SyncLevel set to 0 on reset
20:03:04.16   GameInfo::ResetInfo - SyncLevel set to 0 on reset
20:03:04.16   GameInfo::ResetInfo - SyncLevel set to 0 on reset
20:03:04.16   GameInfo::ResetInfo - SyncLevel set to 0 on reset
20:03:04.16   GameInfo::ResetInfo - SyncLevel set to 0 on reset
20:03:04.16   GameInfo::ResetInfo - SyncLevel set to 0 on reset
20:03:04.16   GameInfo::ResetInfo - SyncLevel set to 0 on reset
20:03:04.16   GameInfo::ResetInfo - SyncLevel set to 0 on reset
20:03:04.17   GameInfo::ResetInfo - SyncLevel set to 0 on reset
20:03:04.17   GameInfo::ResetInfo - SyncLevel set to 0 on reset
20:03:04.17   GameInfo::ResetInfo - SyncLevel set to 0 on reset
20:03:04.17   GameInfo::ResetInfo - SyncLevel set to 0 on reset
20:03:04.17   GameInfo::ResetInfo - SyncLevel set to 0 on reset
20:03:04.17   GameInfo::ResetInfo - SyncLevel set to 0 on reset
20:03:04.17   GameInfo::ResetInfo - SyncLevel set to 0 on reset
20:03:04.17   GameInfo::ResetInfo - SyncLevel set to 0 on reset
20:03:04.17   GameInfo::ResetInfo - SyncLevel set to 0 on reset
20:03:04.17   GameInfo::ResetInfo - SyncLevel set to 0 on reset
20:03:04.17   GameInfo::ResetInfo - SyncLevel set to 0 on reset
20:03:04.17   GameInfo::ResetInfo - SyncLevel set to 0 on reset
20:03:04.17   GameInfo::ResetInfo - SyncLevel set to 0 on reset
20:03:04.17   GameInfo::ResetInfo - SyncLevel set to 0 on reset
20:03:04.17   GameInfo::ResetInfo - SyncLevel set to 0 on reset
20:03:04.17   GameInfo::ResetInfo - SyncLevel set to 0 on reset
20:03:04.17   GameInfo::ResetInfo - SyncLevel set to 0 on reset
20:03:04.17   GameInfo::ResetInfo - SyncLevel set to 0 on reset
20:03:04.17   GameInfo::ResetInfo - SyncLevel set to 0 on reset
20:03:04.17   GameInfo::ResetInfo - SyncLevel set to 0 on reset
20:03:04.17   GameInfo::ResetInfo - SyncLevel set to 0 on reset
20:03:04.17   GameInfo::ResetInfo - SyncLevel set to 0 on reset
20:03:04.17   GameInfo::ResetInfo - SyncLevel set to 0 on reset
20:03:04.17   GameInfo::ResetInfo - SyncLevel set to 0 on reset
20:03:04.17   GameInfo::ResetInfo - SyncLevel set to 0 on reset
20:03:04.18   GameInfo::ResetInfo - SyncLevel set to 0 on reset
20:03:04.18   GameInfo::ResetInfo - SyncLevel set to 0 on reset
20:03:04.18   GameInfo::ResetInfo - SyncLevel set to 0 on reset
20:03:04.18   GameInfo::ResetInfo - SyncLevel set to 0 on reset
20:03:04.18   GameInfo::ResetInfo - SyncLevel set to 0 on reset
20:03:04.18   GameInfo::ResetInfo - SyncLevel set to 0 on reset
20:03:04.18   GameInfo::ResetInfo - SyncLevel set to 0 on reset
20:03:04.18   GameInfo::ResetInfo - SyncLevel set to 0 on reset
20:03:04.18   GameInfo::ResetInfo - SyncLevel set to 0 on reset
20:03:04.18   GameInfo::ResetInfo - SyncLevel set to 0 on reset
20:03:04.18   GameInfo::ResetInfo - SyncLevel set to 0 on reset
20:03:04.18   GameInfo::ResetInfo - SyncLevel set to 0 on reset
20:03:04.18   GameInfo::ResetInfo - SyncLevel set to 0 on reset
20:03:04.18   GameInfo::ResetInfo - SyncLevel set to 0 on reset
20:03:04.18   GameInfo::ResetInfo - SyncLevel set to 0 on reset
20:03:04.18   GameInfo::ResetInfo - SyncLevel set to 0 on reset
20:03:04.18   GameInfo::ResetInfo - SyncLevel set to 0 on reset
20:03:04.18   GameInfo::ResetInfo - SyncLevel set to 0 on reset
20:03:04.18   GameInfo::ResetInfo - SyncLevel set to 0 on reset
20:03:04.18   GameInfo::ResetInfo - SyncLevel set to 0 on reset
20:03:04.18   GameInfo::ResetInfo - SyncLevel set to 0 on reset
20:03:04.18   GameInfo::ResetInfo - SyncLevel set to 0 on reset
20:03:04.18   GameInfo::ResetInfo - SyncLevel set to 0 on reset
20:03:04.18   GameInfo::ResetInfo - SyncLevel set to 0 on reset
20:03:04.18   GameInfo::ResetInfo - SyncLevel set to 0 on reset
20:03:04.18   GameInfo::ResetInfo - SyncLevel set to 0 on reset
20:03:04.18   GameInfo::ResetInfo - SyncLevel set to 0 on reset
20:03:04.19   GameInfo::ResetInfo - SyncLevel set to 0 on reset
20:03:04.19   GameInfo::ResetInfo - SyncLevel set to 0 on reset
20:03:04.19   GameInfo::ResetInfo - SyncLevel set to 0 on reset
20:03:04.19   GameInfo::ResetInfo - SyncLevel set to 0 on reset
20:03:04.19   GameInfo::ResetInfo - SyncLevel set to 0 on reset
20:03:04.19   GameInfo::ResetInfo - SyncLevel set to 0 on reset
20:03:04.19   GameInfo::ResetInfo - SyncLevel set to 0 on reset
20:03:04.19   GameInfo::ResetInfo - SyncLevel set to 0 on reset
20:03:04.19   GameInfo::ResetInfo - SyncLevel set to 0 on reset
20:03:04.19   GameInfo::ResetInfo - SyncLevel set to 0 on reset
20:03:04.19   GameInfo::ResetInfo - SyncLevel set to 0 on reset
20:03:04.19   GameInfo::ResetInfo - SyncLevel set to 0 on reset
20:03:04.19   GameInfo::ResetInfo - SyncLevel set to 0 on reset
20:03:04.19   GameInfo::ResetInfo - SyncLevel set to 0 on reset
20:03:04.19   GameInfo::ResetInfo - SyncLevel set to 0 on reset
20:03:04.19   GameInfo::ResetInfo - SyncLevel set to 0 on reset
20:03:04.19   GameInfo::ResetInfo - SyncLevel set to 0 on reset
20:03:04.19   GameInfo::ResetInfo - SyncLevel set to 0 on reset
20:03:04.19   GameInfo::ResetInfo - SyncLevel set to 0 on reset
20:03:04.19   GameInfo::ResetInfo - SyncLevel set to 0 on reset
20:03:04.19   GameInfo::ResetInfo - SyncLevel set to 0 on reset
20:03:04.19   GameInfo::ResetInfo - SyncLevel set to 0 on reset
20:03:04.19   GameInfo::ResetInfo - SyncLevel set to 0 on reset
20:03:04.19   GameInfo::ResetInfo - SyncLevel set to 0 on reset
20:03:04.19   GameInfo::ResetInfo - SyncLevel set to 0 on reset
20:03:04.19   GameInfo::ResetInfo - SyncLevel set to 0 on reset
20:03:04.19   RLINK -- SENDING FORCED ACK from Peer 8 to Peer 2 - timeSinceLastAckMS       3489, transmitAckLastTimeMS     411344 | Peer ---E- M#00000000 Sack00000008 NSack00000000 (C0.0% S:0.0) [  ]
20:03:04.19   GameInfo::ResetInfo - SyncLevel set to 0 on reset
20:03:04.19   RLINK -- SENDING FORCED ACK from Peer 8 to Peer 10 - timeSinceLastAckMS       5570, transmitAckLastTimeMS     411344 | Peer ---E- M#00000000 Sack00000001 NSack00000000 (C0.0% S:0.0) [  ]
20:03:04.19   GameInfo::ResetInfo - SyncLevel set to 0 on reset
20:03:04.19   GameInfo::ResetInfo - SyncLevel set to 0 on reset
20:03:04.19   GameInfo::ResetInfo - SyncLevel set to 0 on reset
20:03:04.19   GameInfo::ResetInfo - SyncLevel set to 0 on reset
20:03:04.19   GameInfo::ResetInfo - SyncLevel set to 0 on reset
20:03:04.19   GameInfo::ResetInfo - SyncLevel set to 0 on reset
20:03:04.20   GameInfo::ResetInfo - SyncLevel set to 0 on reset
20:03:04.20   GameInfo::ResetInfo - SyncLevel set to 0 on reset
20:03:04.20   GameInfo::ResetInfo - SyncLevel set to 0 on reset
20:03:04.20   GameInfo::ResetInfo - SyncLevel set to 0 on reset
20:03:04.20   GameInfo::ResetInfo - SyncLevel set to 0 on reset
20:03:04.20   GameInfo::ResetInfo - SyncLevel set to 0 on reset
20:03:04.20   GameInfo::ResetInfo - SyncLevel set to 0 on reset
20:03:04.20   GameInfo::ResetInfo - SyncLevel set to 0 on reset
20:03:04.20   GameInfo::ResetInfo - SyncLevel set to 0 on reset
20:03:04.20   GameInfo::ResetInfo - SyncLevel set to 0 on reset
20:03:04.20   GameInfo::ResetInfo - SyncLevel set to 0 on reset
20:03:04.20   GameInfo::ResetInfo - SyncLevel set to 0 on reset
20:03:04.20   GameInfo::ResetInfo - SyncLevel set to 0 on reset
20:03:04.20   GameInfo::ResetInfo - SyncLevel set to 0 on reset
20:03:04.20   GameInfo::ResetInfo - SyncLevel set to 0 on reset
20:03:04.20   GameInfo::ResetInfo - SyncLevel set to 0 on reset
20:03:04.20   GameInfo::ResetInfo - SyncLevel set to 0 on reset
20:03:04.20   GameInfo::ResetInfo - SyncLevel set to 0 on reset
20:03:04.20   GameInfo::ResetInfo - SyncLevel set to 0 on reset
20:03:04.20   GameInfo::ResetInfo - SyncLevel set to 0 on reset
20:03:04.20   GameInfo::ResetInfo - SyncLevel set to 0 on reset
20:03:04.20   GameInfo::ResetInfo - SyncLevel set to 0 on reset
20:03:04.20   GameInfo::ResetInfo - SyncLevel set to 0 on reset
20:03:04.20   GameInfo::ResetInfo - SyncLevel set to 0 on reset
20:03:04.20   GameInfo::ResetInfo - SyncLevel set to 0 on reset
20:03:04.20   GameInfo::ResetInfo - SyncLevel set to 0 on reset
20:03:04.20   GameInfo::ResetInfo - SyncLevel set to 0 on reset
20:03:04.20   GameInfo::ResetInfo - SyncLevel set to 0 on reset
20:03:04.20   GameInfo::ResetInfo - SyncLevel set to 0 on reset
20:03:04.20   GameInfo::ResetInfo - SyncLevel set to 0 on reset
20:03:04.21   GameInfo::ResetInfo - SyncLevel set to 0 on reset
20:03:04.21   GameInfo::ResetInfo - SyncLevel set to 0 on reset
20:03:04.21   GameInfo::ResetInfo - SyncLevel set to 0 on reset
20:03:04.21   GameInfo::ResetInfo - SyncLevel set to 0 on reset
20:03:04.21   GameInfo::ResetInfo - SyncLevel set to 0 on reset
20:03:04.21   GameInfo::ResetInfo - SyncLevel set to 0 on reset
20:03:04.21   GameInfo::ResetInfo - SyncLevel set to 0 on reset
20:03:04.21   GameInfo::ResetInfo - SyncLevel set to 0 on reset
20:03:04.21   GameInfo::ResetInfo - SyncLevel set to 0 on reset
20:03:04.21   GameInfo::ResetInfo - SyncLevel set to 0 on reset
20:03:04.21   GameInfo::ResetInfo - SyncLevel set to 0 on reset
20:03:04.21   GameInfo::ResetInfo - SyncLevel set to 0 on reset
20:03:04.21   GameInfo::ResetInfo - SyncLevel set to 0 on reset
20:03:04.21   GameInfo::ResetInfo - SyncLevel set to 0 on reset
20:03:04.21   GameInfo::ResetInfo - SyncLevel set to 0 on reset
20:03:04.21   GameInfo::ResetInfo - SyncLevel set to 0 on reset
20:03:04.21   GameInfo::ResetInfo - SyncLevel set to 0 on reset
20:03:04.21   GameInfo::ResetInfo - SyncLevel set to 0 on reset
20:03:04.21   GameInfo::ResetInfo - SyncLevel set to 0 on reset
20:03:04.21   GameInfo::ResetInfo - SyncLevel set to 0 on reset
20:03:04.21   GameInfo::ResetInfo - SyncLevel set to 0 on reset
20:03:04.21   GameInfo::ResetInfo - SyncLevel set to 0 on reset
20:03:04.21   GameInfo::ResetInfo - SyncLevel set to 0 on reset
20:03:04.21   GameInfo::ResetInfo - SyncLevel set to 0 on reset
20:03:04.21   GameInfo::ResetInfo - SyncLevel set to 0 on reset
20:03:04.21   GameInfo::ResetInfo - SyncLevel set to 0 on reset
20:03:04.21   GameInfo::ResetInfo - SyncLevel set to 0 on reset
20:03:04.21   GameInfo::ResetInfo - SyncLevel set to 0 on reset
20:03:04.21   GameInfo::ResetInfo - SyncLevel set to 0 on reset
20:03:04.21   GameInfo::ResetInfo - SyncLevel set to 0 on reset
20:03:04.21   GameInfo::ResetInfo - SyncLevel set to 0 on reset
20:03:04.21   GameInfo::ResetInfo - SyncLevel set to 0 on reset
20:03:04.21   GameInfo::ResetInfo - SyncLevel set to 0 on reset
20:03:04.22   GameInfo::ResetInfo - SyncLevel set to 0 on reset
20:03:04.22   GameInfo::ResetInfo - SyncLevel set to 0 on reset
20:03:04.22   GameInfo::ResetInfo - SyncLevel set to 0 on reset
20:03:04.22   GameInfo::ResetInfo - SyncLevel set to 0 on reset
20:03:04.22   GameInfo::ResetInfo - SyncLevel set to 0 on reset
20:03:04.22   GameInfo::ResetInfo - SyncLevel set to 0 on reset
20:03:04.22   GameInfo::ResetInfo - SyncLevel set to 0 on reset
20:03:04.22   GameInfo::ResetInfo - SyncLevel set to 0 on reset
20:03:04.22   GameInfo::ResetInfo - SyncLevel set to 0 on reset
20:03:04.22   GameInfo::ResetInfo - SyncLevel set to 0 on reset
20:03:04.22   GameInfo::ResetInfo - SyncLevel set to 0 on reset
20:03:04.22   GameInfo::ResetInfo - SyncLevel set to 0 on reset
20:03:04.22   GameInfo::ResetInfo - SyncLevel set to 0 on reset
20:03:04.22   GameInfo::ResetInfo - SyncLevel set to 0 on reset
20:03:04.22   GameInfo::ResetInfo - SyncLevel set to 0 on reset
20:03:04.22   GameInfo::ResetInfo - SyncLevel set to 0 on reset
20:03:04.22   GameInfo::ResetInfo - SyncLevel set to 0 on reset
20:03:04.22   GameInfo::ResetInfo - SyncLevel set to 0 on reset
20:03:04.22   GameInfo::ResetInfo - SyncLevel set to 0 on reset
20:03:04.22   GameInfo::ResetInfo - SyncLevel set to 0 on reset
20:03:04.22   GameInfo::ResetInfo - SyncLevel set to 0 on reset
20:03:04.22   GameInfo::ResetInfo - SyncLevel set to 0 on reset
20:03:04.22   GameInfo::ResetInfo - SyncLevel set to 0 on reset
20:03:04.22   GameInfo::ResetInfo - SyncLevel set to 0 on reset
20:03:04.22   GameInfo::ResetInfo - SyncLevel set to 0 on reset
20:03:04.22   GameInfo::ResetInfo - SyncLevel set to 0 on reset
20:03:04.22   GameInfo::ResetInfo - SyncLevel set to 0 on reset
20:03:04.22   GameInfo::ResetInfo - SyncLevel set to 0 on reset
20:03:04.22   GameInfo::ResetInfo - SyncLevel set to 0 on reset
20:03:04.22   GameInfo::ResetInfo - SyncLevel set to 0 on reset
20:03:04.23   GameInfo::ResetInfo - SyncLevel set to 0 on reset
20:03:04.23   GameInfo::ResetInfo - SyncLevel set to 0 on reset
20:03:04.23   GameInfo::ResetInfo - SyncLevel set to 0 on reset
20:03:04.23   GameInfo::ResetInfo - SyncLevel set to 0 on reset
20:03:04.23   GameInfo::ResetInfo - SyncLevel set to 0 on reset
20:03:04.23   GameInfo::ResetInfo - SyncLevel set to 0 on reset
20:03:04.23   GameInfo::ResetInfo - SyncLevel set to 0 on reset
20:03:04.23   GameInfo::ResetInfo - SyncLevel set to 0 on reset
20:03:04.23   GameInfo::ResetInfo - SyncLevel set to 0 on reset
20:03:04.23   GameInfo::ResetInfo - SyncLevel set to 0 on reset
20:03:04.23   GameInfo::ResetInfo - SyncLevel set to 0 on reset
20:03:04.23   GameInfo::ResetInfo - SyncLevel set to 0 on reset
20:03:04.23   GameInfo::ResetInfo - SyncLevel set to 0 on reset
20:03:04.23   GameInfo::ResetInfo - SyncLevel set to 0 on reset
20:03:04.23   GameInfo::ResetInfo - SyncLevel set to 0 on reset
20:03:04.23   GameInfo::ResetInfo - SyncLevel set to 0 on reset
20:03:04.23   GameInfo::ResetInfo - SyncLevel set to 0 on reset
20:03:04.23   GameInfo::ResetInfo - SyncLevel set to 0 on reset
20:03:04.23   GameInfo::ResetInfo - SyncLevel set to 0 on reset
20:03:04.23   GameInfo::ResetInfo - SyncLevel set to 0 on reset
20:03:04.23   GameInfo::ResetInfo - SyncLevel set to 0 on reset
20:03:04.23   GameInfo::ResetInfo - SyncLevel set to 0 on reset
20:03:04.23   GameInfo::ResetInfo - SyncLevel set to 0 on reset
20:03:04.23   GameInfo::ResetInfo - SyncLevel set to 0 on reset
20:03:04.23   GameInfo::ResetInfo - SyncLevel set to 0 on reset
20:03:04.23   GameInfo::ResetInfo - SyncLevel set to 0 on reset
20:03:04.23   GameInfo::ResetInfo - SyncLevel set to 0 on reset
20:03:04.23   GameInfo::ResetInfo - SyncLevel set to 0 on reset
20:03:04.23   GameInfo::ResetInfo - SyncLevel set to 0 on reset
20:03:04.23   GameInfo::ResetInfo - SyncLevel set to 0 on reset
20:03:04.24   GameInfo::ResetInfo - SyncLevel set to 0 on reset
20:03:04.24   GameInfo::ResetInfo - SyncLevel set to 0 on reset
20:03:04.24   GameInfo::ResetInfo - SyncLevel set to 0 on reset
20:03:04.24   GameInfo::ResetInfo - SyncLevel set to 0 on reset
20:03:04.24   GameInfo::ResetInfo - SyncLevel set to 0 on reset
20:03:04.24   GameInfo::ResetInfo - SyncLevel set to 0 on reset
20:03:04.24   GameInfo::ResetInfo - SyncLevel set to 0 on reset
20:03:04.24   GameInfo::ResetInfo - SyncLevel set to 0 on reset
20:03:04.24   GameInfo::ResetInfo - SyncLevel set to 0 on reset
20:03:04.24   GAME -- Error reading header for recorded game PLAYBACK:8P_MONTARGIS_REGION_POINTS_UP.2019-01-28.01-38-28.rec
20:03:04.24   GameInfo::ResetInfo - SyncLevel set to 0 on reset
20:03:04.24   GameInfo::ResetInfo - SyncLevel set to 0 on reset
20:03:04.24   GameInfo::ResetInfo - SyncLevel set to 0 on reset
20:03:04.24   GAME -- Error reading header for recorded game PLAYBACK:8P_MONTARGIS_REGION_POINTS_UP.2019-08-27.22-25-49.rec
20:03:04.24   GameInfo::ResetInfo - SyncLevel set to 0 on reset
20:03:04.24   GameInfo::ResetInfo - SyncLevel set to 0 on reset
20:03:04.24   GameInfo::ResetInfo - SyncLevel set to 0 on reset
20:03:04.24   GameInfo::ResetInfo - SyncLevel set to 0 on reset
20:03:04.24   GameInfo::ResetInfo - SyncLevel set to 0 on reset
20:03:04.24   GameInfo::ResetInfo - SyncLevel set to 0 on reset
20:03:04.24   GameInfo::ResetInfo - SyncLevel set to 0 on reset
20:03:04.24   GameInfo::ResetInfo - SyncLevel set to 0 on reset
20:03:04.24   GameInfo::ResetInfo - SyncLevel set to 0 on reset
20:03:04.24   GameInfo::ResetInfo - SyncLevel set to 0 on reset
20:03:04.24   GameInfo::ResetInfo - SyncLevel set to 0 on reset
20:03:04.24   GameInfo::ResetInfo - SyncLevel set to 0 on reset
20:03:04.24   GameInfo::ResetInfo - SyncLevel set to 0 on reset
20:03:04.24   GameInfo::ResetInfo - SyncLevel set to 0 on reset
20:03:04.24   GameInfo::ResetInfo - SyncLevel set to 0 on reset
20:03:04.24   GameInfo::ResetInfo - SyncLevel set to 0 on reset
20:03:04.24   GameInfo::ResetInfo - SyncLevel set to 0 on reset
20:03:04.24   GameInfo::ResetInfo - SyncLevel set to 0 on reset
20:03:04.25   GameInfo::ResetInfo - SyncLevel set to 0 on reset
20:03:04.25   GameInfo::ResetInfo - SyncLevel set to 0 on reset
20:03:04.25   GameInfo::ResetInfo - SyncLevel set to 0 on reset
20:03:04.25   GameInfo::ResetInfo - SyncLevel set to 0 on reset
20:03:04.25   GameInfo::ResetInfo - SyncLevel set to 0 on reset
20:03:04.25   GameInfo::ResetInfo - SyncLevel set to 0 on reset
20:03:04.25   GameInfo::ResetInfo - SyncLevel set to 0 on reset
20:03:04.25   GameInfo::ResetInfo - SyncLevel set to 0 on reset
20:03:04.25   GameInfo::ResetInfo - SyncLevel set to 0 on reset
20:03:04.25   GameInfo::ResetInfo - SyncLevel set to 0 on reset
20:03:04.25   GameInfo::ResetInfo - SyncLevel set to 0 on reset
20:03:04.25   GameInfo::ResetInfo - SyncLevel set to 0 on reset
20:03:04.25   GameInfo::ResetInfo - SyncLevel set to 0 on reset
20:03:04.25   GameInfo::ResetInfo - SyncLevel set to 0 on reset
20:03:04.25   GameInfo::ResetInfo - SyncLevel set to 0 on reset
20:03:04.25   GameInfo::ResetInfo - SyncLevel set to 0 on reset
20:03:04.25   GameInfo::ResetInfo - SyncLevel set to 0 on reset
20:03:04.25   GameInfo::ResetInfo - SyncLevel set to 0 on reset
20:03:04.25   GameInfo::ResetInfo - SyncLevel set to 0 on reset
20:03:04.25   GameInfo::ResetInfo - SyncLevel set to 0 on reset
20:03:04.25   GameInfo::ResetInfo - SyncLevel set to 0 on reset
20:03:04.25   GameInfo::ResetInfo - SyncLevel set to 0 on reset
20:03:04.25   GameInfo::ResetInfo - SyncLevel set to 0 on reset
20:03:04.25   GameInfo::ResetInfo - SyncLevel set to 0 on reset
20:03:04.25   GameInfo::ResetInfo - SyncLevel set to 0 on reset
20:03:04.25   GameInfo::ResetInfo - SyncLevel set to 0 on reset
20:03:04.25   GameInfo::ResetInfo - SyncLevel set to 0 on reset
20:03:04.25   GameInfo::ResetInfo - SyncLevel set to 0 on reset
20:03:04.25   GameInfo::ResetInfo - SyncLevel set to 0 on reset
20:03:04.25   GameInfo::ResetInfo - SyncLevel set to 0 on reset
20:03:04.25   GameInfo::ResetInfo - SyncLevel set to 0 on reset
20:03:04.25   GameInfo::ResetInfo - SyncLevel set to 0 on reset
20:03:04.25   GameInfo::ResetInfo - SyncLevel set to 0 on reset
20:03:04.26   GameInfo::ResetInfo - SyncLevel set to 0 on reset
20:03:04.26   GameInfo::ResetInfo - SyncLevel set to 0 on reset
20:03:04.26   GameInfo::ResetInfo - SyncLevel set to 0 on reset
20:03:04.26   GameInfo::ResetInfo - SyncLevel set to 0 on reset
20:03:04.26   GameInfo::ResetInfo - SyncLevel set to 0 on reset
20:03:04.26   GameInfo::ResetInfo - SyncLevel set to 0 on reset
20:03:04.26   GameInfo::ResetInfo - SyncLevel set to 0 on reset
20:03:04.26   GameInfo::ResetInfo - SyncLevel set to 0 on reset
20:03:04.26   GameInfo::ResetInfo - SyncLevel set to 0 on reset
20:03:04.26   GameInfo::ResetInfo - SyncLevel set to 0 on reset
20:03:04.26   GameInfo::ResetInfo - SyncLevel set to 0 on reset
20:03:04.26   GameInfo::ResetInfo - SyncLevel set to 0 on reset
20:03:04.26   GameInfo::ResetInfo - SyncLevel set to 0 on reset
20:03:04.26   GameInfo::ResetInfo - SyncLevel set to 0 on reset
20:03:04.26   GameInfo::ResetInfo - SyncLevel set to 0 on reset
20:03:04.26   GameInfo::ResetInfo - SyncLevel set to 0 on reset
20:03:04.26   GameInfo::ResetInfo - SyncLevel set to 0 on reset
20:03:04.26   GameInfo::ResetInfo - SyncLevel set to 0 on reset
20:03:04.26   GameInfo::ResetInfo - SyncLevel set to 0 on reset
20:03:04.26   GameInfo::ResetInfo - SyncLevel set to 0 on reset
20:03:04.26   GameInfo::ResetInfo - SyncLevel set to 0 on reset
20:03:04.26   GameInfo::ResetInfo - SyncLevel set to 0 on reset
20:03:04.26   GameInfo::ResetInfo - SyncLevel set to 0 on reset
20:03:04.26   GameInfo::ResetInfo - SyncLevel set to 0 on reset
20:03:04.26   GameInfo::ResetInfo - SyncLevel set to 0 on reset
20:03:04.26   GameInfo::ResetInfo - SyncLevel set to 0 on reset
20:03:04.26   GameInfo::ResetInfo - SyncLevel set to 0 on reset
20:03:04.26   GameInfo::ResetInfo - SyncLevel set to 0 on reset
20:03:04.26   GameInfo::ResetInfo - SyncLevel set to 0 on reset
20:03:04.26   GameInfo::ResetInfo - SyncLevel set to 0 on reset
20:03:04.27   GameInfo::ResetInfo - SyncLevel set to 0 on reset
20:03:04.27   GameInfo::ResetInfo - SyncLevel set to 0 on reset
20:03:04.27   GameInfo::ResetInfo - SyncLevel set to 0 on reset
20:03:04.27   GameInfo::ResetInfo - SyncLevel set to 0 on reset
20:03:04.27   GameInfo::ResetInfo - SyncLevel set to 0 on reset
20:03:04.27   GameInfo::ResetInfo - SyncLevel set to 0 on reset
20:03:04.27   GameInfo::ResetInfo - SyncLevel set to 0 on reset
20:03:04.27   GameInfo::ResetInfo - SyncLevel set to 0 on reset
20:03:04.27   GameInfo::ResetInfo - SyncLevel set to 0 on reset
20:03:04.27   GameInfo::ResetInfo - SyncLevel set to 0 on reset
20:03:04.27   GameInfo::ResetInfo - SyncLevel set to 0 on reset
20:03:04.27   GameInfo::ResetInfo - SyncLevel set to 0 on reset
20:03:04.27   GAME -- Error reading header for recorded game PLAYBACK:fun_high_res_monti.rec
20:03:04.27   GameInfo::ResetInfo - SyncLevel set to 0 on reset
20:03:04.27   GameInfo::ResetInfo - SyncLevel set to 0 on reset
20:03:04.27   GameInfo::ResetInfo - SyncLevel set to 0 on reset
20:03:04.27   GameInfo::ResetInfo - SyncLevel set to 0 on reset
20:03:04.27   GameInfo::ResetInfo - SyncLevel set to 0 on reset
20:03:04.27   GameInfo::ResetInfo - SyncLevel set to 0 on reset
20:03:04.27   GameInfo::ResetInfo - SyncLevel set to 0 on reset
20:03:04.27   GameInfo::ResetInfo - SyncLevel set to 0 on reset
20:03:04.27   GameInfo::ResetInfo - SyncLevel set to 0 on reset
20:03:04.27   GameInfo::ResetInfo - SyncLevel set to 0 on reset
20:03:04.27   GameInfo::ResetInfo - SyncLevel set to 0 on reset
20:03:04.27   GameInfo::ResetInfo - SyncLevel set to 0 on reset
20:03:04.27   GameInfo::ResetInfo - SyncLevel set to 0 on reset
20:03:04.27   GameInfo::ResetInfo - SyncLevel set to 0 on reset
20:03:04.27   GameInfo::ResetInfo - SyncLevel set to 0 on reset
20:03:04.27   GameInfo::ResetInfo - SyncLevel set to 0 on reset
20:03:04.27   GameInfo::ResetInfo - SyncLevel set to 0 on reset
20:03:04.27   GameInfo::ResetInfo - SyncLevel set to 0 on reset
20:03:04.27   GameInfo::ResetInfo - SyncLevel set to 0 on reset
20:03:04.27   GameInfo::ResetInfo - SyncLevel set to 0 on reset
20:03:04.27   GameInfo::ResetInfo - SyncLevel set to 0 on reset
20:03:04.27   GAME -- Error reading header for recorded game PLAYBACK:gdfg.rec
20:03:04.27   GameInfo::ResetInfo - SyncLevel set to 0 on reset
20:03:04.27   GameInfo::ResetInfo - SyncLevel set to 0 on reset
20:03:04.28   GameInfo::ResetInfo - SyncLevel set to 0 on reset
20:03:04.28   GameInfo::ResetInfo - SyncLevel set to 0 on reset
20:03:04.28   GameInfo::ResetInfo - SyncLevel set to 0 on reset
20:03:04.28   GameInfo::ResetInfo - SyncLevel set to 0 on reset
20:03:04.28   GameInfo::ResetInfo - SyncLevel set to 0 on reset
20:03:04.28   GameInfo::ResetInfo - SyncLevel set to 0 on reset
20:03:04.28   GameInfo::ResetInfo - SyncLevel set to 0 on reset
20:03:04.28   GameInfo::ResetInfo - SyncLevel set to 0 on reset
20:03:04.28   GameInfo::ResetInfo - SyncLevel set to 0 on reset
20:03:04.28   GameInfo::ResetInfo - SyncLevel set to 0 on reset
20:03:04.28   GameInfo::ResetInfo - SyncLevel set to 0 on reset
20:03:04.28   GameInfo::ResetInfo - SyncLevel set to 0 on reset
20:03:04.28   GameInfo::ResetInfo - SyncLevel set to 0 on reset
20:03:04.28   GameInfo::ResetInfo - SyncLevel set to 0 on reset
20:03:04.28   GameInfo::ResetInfo - SyncLevel set to 0 on reset
20:03:04.28   GameInfo::ResetInfo - SyncLevel set to 0 on reset
20:03:04.28   GameInfo::ResetInfo - SyncLevel set to 0 on reset
20:03:04.28   GameInfo::ResetInfo - SyncLevel set to 0 on reset
20:03:04.28   GameInfo::ResetInfo - SyncLevel set to 0 on reset
20:03:04.28   GameInfo::ResetInfo - SyncLevel set to 0 on reset
20:03:04.28   GameInfo::ResetInfo - SyncLevel set to 0 on reset
20:03:04.28   GameInfo::ResetInfo - SyncLevel set to 0 on reset
20:03:04.28   GameInfo::ResetInfo - SyncLevel set to 0 on reset
20:03:04.28   GameInfo::ResetInfo - SyncLevel set to 0 on reset
20:03:04.28   GameInfo::ResetInfo - SyncLevel set to 0 on reset
20:03:04.28   GameInfo::ResetInfo - SyncLevel set to 0 on reset
20:03:04.28   GameInfo::ResetInfo - SyncLevel set to 0 on reset
20:03:04.28   GameInfo::ResetInfo - SyncLevel set to 0 on reset
20:03:04.28   GameInfo::ResetInfo - SyncLevel set to 0 on reset
20:03:04.28   GameInfo::ResetInfo - SyncLevel set to 0 on reset
20:03:04.28   GameInfo::ResetInfo - SyncLevel set to 0 on reset
20:03:04.28   GameInfo::ResetInfo - SyncLevel set to 0 on reset
20:03:04.28   GameInfo::ResetInfo - SyncLevel set to 0 on reset
20:03:04.28   GameInfo::ResetInfo - SyncLevel set to 0 on reset
20:03:04.28   GameInfo::ResetInfo - SyncLevel set to 0 on reset
20:03:04.28   GameInfo::ResetInfo - SyncLevel set to 0 on reset
20:03:04.28   GameInfo::ResetInfo - SyncLevel set to 0 on reset
20:03:04.28   GameInfo::ResetInfo - SyncLevel set to 0 on reset
20:03:04.28   GameInfo::ResetInfo - SyncLevel set to 0 on reset
20:03:04.29   GameInfo::ResetInfo - SyncLevel set to 0 on reset
20:03:04.29   GameInfo::ResetInfo - SyncLevel set to 0 on reset
20:03:04.29   GameInfo::ResetInfo - SyncLevel set to 0 on reset
20:03:04.29   GameInfo::ResetInfo - SyncLevel set to 0 on reset
20:03:04.29   GameInfo::ResetInfo - SyncLevel set to 0 on reset
20:03:04.29   GameInfo::ResetInfo - SyncLevel set to 0 on reset
20:03:04.29   GameInfo::ResetInfo - SyncLevel set to 0 on reset
20:03:04.29   GameInfo::ResetInfo - SyncLevel set to 0 on reset
20:03:04.29   GameInfo::ResetInfo - SyncLevel set to 0 on reset
20:03:04.29   GameInfo::ResetInfo - SyncLevel set to 0 on reset
20:03:04.29   GameInfo::ResetInfo - SyncLevel set to 0 on reset
20:03:04.29   GameInfo::ResetInfo - SyncLevel set to 0 on reset
20:03:04.29   GameInfo::ResetInfo - SyncLevel set to 0 on reset
20:03:04.29   GameInfo::ResetInfo - SyncLevel set to 0 on reset
20:03:04.29   GameInfo::ResetInfo - SyncLevel set to 0 on reset
20:03:04.29   GameInfo::ResetInfo - SyncLevel set to 0 on reset
20:03:04.29   GameInfo::ResetInfo - SyncLevel set to 0 on reset
20:03:04.29   GameInfo::ResetInfo - SyncLevel set to 0 on reset
20:03:04.29   GameInfo::ResetInfo - SyncLevel set to 0 on reset
20:03:04.29   GameInfo::ResetInfo - SyncLevel set to 0 on reset
20:03:04.29   GameInfo::ResetInfo - SyncLevel set to 0 on reset
20:03:04.29   GameInfo::ResetInfo - SyncLevel set to 0 on reset
20:03:04.29   GameInfo::ResetInfo - SyncLevel set to 0 on reset
20:03:04.29   GameInfo::ResetInfo - SyncLevel set to 0 on reset
20:03:04.29   GameInfo::ResetInfo - SyncLevel set to 0 on reset
20:03:04.29   GameInfo::ResetInfo - SyncLevel set to 0 on reset
20:03:04.29   GameInfo::ResetInfo - SyncLevel set to 0 on reset
20:03:04.29   GameInfo::ResetInfo - SyncLevel set to 0 on reset
20:03:04.29   GameInfo::ResetInfo - SyncLevel set to 0 on reset
20:03:04.29   GameInfo::ResetInfo - SyncLevel set to 0 on reset
20:03:04.29   GameInfo::ResetInfo - SyncLevel set to 0 on reset
20:03:04.30   GameInfo::ResetInfo - SyncLevel set to 0 on reset
20:03:04.30   GameInfo::ResetInfo - SyncLevel set to 0 on reset
20:03:04.30   GameInfo::ResetInfo - SyncLevel set to 0 on reset
20:03:04.30   GameInfo::ResetInfo - SyncLevel set to 0 on reset
20:03:04.30   GameInfo::ResetInfo - SyncLevel set to 0 on reset
20:03:04.30   GameInfo::ResetInfo - SyncLevel set to 0 on reset
20:03:04.30   GameInfo::ResetInfo - SyncLevel set to 0 on reset
20:03:04.30   GameInfo::ResetInfo - SyncLevel set to 0 on reset
20:03:04.30   GAME -- Error reading header for recorded game PLAYBACK:ischutz_mad.rec
20:03:04.30   GameInfo::ResetInfo - SyncLevel set to 0 on reset
20:03:04.30   GameInfo::ResetInfo - SyncLevel set to 0 on reset
20:03:04.30   GameInfo::ResetInfo - SyncLevel set to 0 on reset
20:03:04.30   GameInfo::ResetInfo - SyncLevel set to 0 on reset
20:03:04.30   GameInfo::ResetInfo - SyncLevel set to 0 on reset
20:03:04.30   GameInfo::ResetInfo - SyncLevel set to 0 on reset
20:03:04.30   GameInfo::ResetInfo - SyncLevel set to 0 on reset
20:03:04.30   GameInfo::ResetInfo - SyncLevel set to 0 on reset
20:03:04.30   GameInfo::ResetInfo - SyncLevel set to 0 on reset
20:03:04.30   GameInfo::ResetInfo - SyncLevel set to 0 on reset
20:03:04.30   GameInfo::ResetInfo - SyncLevel set to 0 on reset
20:03:04.30   GameInfo::ResetInfo - SyncLevel set to 0 on reset
20:03:04.30   GameInfo::ResetInfo - SyncLevel set to 0 on reset
20:03:04.30   GameInfo::ResetInfo - SyncLevel set to 0 on reset
20:03:04.30   GameInfo::ResetInfo - SyncLevel set to 0 on reset
20:03:04.30   GameInfo::ResetInfo - SyncLevel set to 0 on reset
20:03:04.30   GameInfo::ResetInfo - SyncLevel set to 0 on reset
20:03:04.30   GameInfo::ResetInfo - SyncLevel set to 0 on reset
20:03:04.30   GameInfo::ResetInfo - SyncLevel set to 0 on reset
20:03:04.30   GameInfo::ResetInfo - SyncLevel set to 0 on reset
20:03:04.30   GameInfo::ResetInfo - SyncLevel set to 0 on reset
20:03:04.30   GameInfo::ResetInfo - SyncLevel set to 0 on reset
20:03:04.30   GameInfo::ResetInfo - SyncLevel set to 0 on reset
20:03:04.30   GameInfo::ResetInfo - SyncLevel set to 0 on reset
20:03:04.30   GameInfo::ResetInfo - SyncLevel set to 0 on reset
20:03:04.30   GameInfo::ResetInfo - SyncLevel set to 0 on reset
20:03:04.30   GameInfo::ResetInfo - SyncLevel set to 0 on reset
20:03:04.30   GameInfo::ResetInfo - SyncLevel set to 0 on reset
20:03:04.30   GameInfo::ResetInfo - SyncLevel set to 0 on reset
20:03:04.30   GameInfo::ResetInfo - SyncLevel set to 0 on reset
20:03:04.31   GameInfo::ResetInfo - SyncLevel set to 0 on reset
20:03:04.31   GameInfo::ResetInfo - SyncLevel set to 0 on reset
20:03:04.31   GameInfo::ResetInfo - SyncLevel set to 0 on reset
20:03:04.31   GameInfo::ResetInfo - SyncLevel set to 0 on reset
20:03:04.31   GameInfo::ResetInfo - SyncLevel set to 0 on reset
20:03:04.31   GameInfo::ResetInfo - SyncLevel set to 0 on reset
20:03:04.31   GameInfo::ResetInfo - SyncLevel set to 0 on reset
20:03:04.31   GameInfo::ResetInfo - SyncLevel set to 0 on reset
20:03:04.31   GameInfo::ResetInfo - SyncLevel set to 0 on reset
20:03:04.31   GAME -- Error reading header for recorded game PLAYBACK:MONTARGIS REGION REVISED.2019-06-01.00-22-47.rec
20:03:04.31   GameInfo::ResetInfo - SyncLevel set to 0 on reset
20:03:04.31   GameInfo::ResetInfo - SyncLevel set to 0 on reset
20:03:04.31   GameInfo::ResetInfo - SyncLevel set to 0 on reset
20:03:04.31   GameInfo::ResetInfo - SyncLevel set to 0 on reset
20:03:04.31   GameInfo::ResetInfo - SyncLevel set to 0 on reset
20:03:04.31   GameInfo::ResetInfo - SyncLevel set to 0 on reset
20:03:04.31   GameInfo::ResetInfo - SyncLevel set to 0 on reset
20:03:04.31   GameInfo::ResetInfo - SyncLevel set to 0 on reset
20:03:04.31   GameInfo::ResetInfo - SyncLevel set to 0 on reset
20:03:04.31   GameInfo::ResetInfo - SyncLevel set to 0 on reset
20:03:04.31   GameInfo::ResetInfo - SyncLevel set to 0 on reset
20:03:04.31   GameInfo::ResetInfo - SyncLevel set to 0 on reset
20:03:04.31   GameInfo::ResetInfo - SyncLevel set to 0 on reset
20:03:04.31   GameInfo::ResetInfo - SyncLevel set to 0 on reset
20:03:04.31   GameInfo::ResetInfo - SyncLevel set to 0 on reset
20:03:04.31   GameInfo::ResetInfo - SyncLevel set to 0 on reset
20:03:04.31   GameInfo::ResetInfo - SyncLevel set to 0 on reset
20:03:04.31   GameInfo::ResetInfo - SyncLevel set to 0 on reset
20:03:04.31   GameInfo::ResetInfo - SyncLevel set to 0 on reset
20:03:04.31   GameInfo::ResetInfo - SyncLevel set to 0 on reset
20:03:04.31   GameInfo::ResetInfo - SyncLevel set to 0 on reset
20:03:04.31   GameInfo::ResetInfo - SyncLevel set to 0 on reset
20:03:04.31   GameInfo::ResetInfo - SyncLevel set to 0 on reset
20:03:04.31   GAME -- Error reading header for recorded game PLAYBACK:PE_Baserush_Counter__[GameReplays.org].rec
20:03:04.31   GameInfo::ResetInfo - SyncLevel set to 0 on reset
20:03:04.31   GameInfo::ResetInfo - SyncLevel set to 0 on reset
20:03:04.31   GameInfo::ResetInfo - SyncLevel set to 0 on reset
20:03:04.31   RLINK -- SENDING FORCED ACK from Peer 8 to Peer 3 - timeSinceLastAckMS       5690, transmitAckLastTimeMS     411464 | Peer ---E- M#00000000 Sack00000016 NSack00000000 (C0.0% S:0.0) [  ]
20:03:04.31   RLINK -- SENDING FORCED ACK from Peer 8 to Peer 6 - timeSinceLastAckMS       5690, transmitAckLastTimeMS     411464 | Peer ---E- M#00000000 Sack00000002 NSack00000000 (C0.0% S:0.0) [  ]
20:03:04.31   GameInfo::ResetInfo - SyncLevel set to 0 on reset
20:03:04.31   GameInfo::ResetInfo - SyncLevel set to 0 on reset
20:03:04.31   GameInfo::ResetInfo - SyncLevel set to 0 on reset
20:03:04.31   GameInfo::ResetInfo - SyncLevel set to 0 on reset
20:03:04.31   GameInfo::ResetInfo - SyncLevel set to 0 on reset
20:03:04.31   GameInfo::ResetInfo - SyncLevel set to 0 on reset
20:03:04.32   GameInfo::ResetInfo - SyncLevel set to 0 on reset
20:03:04.32   GameInfo::ResetInfo - SyncLevel set to 0 on reset
20:03:04.32   GameInfo::ResetInfo - SyncLevel set to 0 on reset
20:03:04.32   GameInfo::ResetInfo - SyncLevel set to 0 on reset
20:03:04.32   GameInfo::ResetInfo - SyncLevel set to 0 on reset
20:03:04.32   GameInfo::ResetInfo - SyncLevel set to 0 on reset
20:03:04.32   GameInfo::ResetInfo - SyncLevel set to 0 on reset
20:03:04.32   GameInfo::ResetInfo - SyncLevel set to 0 on reset
20:03:04.32   GameInfo::ResetInfo - SyncLevel set to 0 on reset
20:03:04.32   GameInfo::ResetInfo - SyncLevel set to 0 on reset
20:03:04.32   GameInfo::ResetInfo - SyncLevel set to 0 on reset
20:03:04.32   GameInfo::ResetInfo - SyncLevel set to 0 on reset
20:03:04.32   GameInfo::ResetInfo - SyncLevel set to 0 on reset
20:03:04.32   GameInfo::ResetInfo - SyncLevel set to 0 on reset
20:03:04.32   GameInfo::ResetInfo - SyncLevel set to 0 on reset
20:03:04.32   GAME -- Error reading header for recorded game PLAYBACK:Scheldt shit.rec
20:03:04.32   GameInfo::ResetInfo - SyncLevel set to 0 on reset
20:03:04.32   GameInfo::ResetInfo - SyncLevel set to 0 on reset
20:03:04.32   GameInfo::ResetInfo - SyncLevel set to 0 on reset
20:03:04.32   GameInfo::ResetInfo - SyncLevel set to 0 on reset
20:03:04.32   GameInfo::ResetInfo - SyncLevel set to 0 on reset
20:03:04.32   GameInfo::ResetInfo - SyncLevel set to 0 on reset
20:03:04.32   GameInfo::ResetInfo - SyncLevel set to 0 on reset
20:03:04.32   GameInfo::ResetInfo - SyncLevel set to 0 on reset
20:03:04.32   GameInfo::ResetInfo - SyncLevel set to 0 on reset
20:03:04.32   GameInfo::ResetInfo - SyncLevel set to 0 on reset
20:03:04.32   GameInfo::ResetInfo - SyncLevel set to 0 on reset
20:03:04.32   GameInfo::ResetInfo - SyncLevel set to 0 on reset
20:03:04.32   GameInfo::ResetInfo - SyncLevel set to 0 on reset
20:03:04.32   GameInfo::ResetInfo - SyncLevel set to 0 on reset
20:03:04.32   GameInfo::ResetInfo - SyncLevel set to 0 on reset
20:03:04.32   GameInfo::ResetInfo - SyncLevel set to 0 on reset
20:03:04.32   GameInfo::ResetInfo - SyncLevel set to 0 on reset
20:03:04.32   GameInfo::ResetInfo - SyncLevel set to 0 on reset
20:03:04.32   GameInfo::ResetInfo - SyncLevel set to 0 on reset
20:03:04.32   GameInfo::ResetInfo - SyncLevel set to 0 on reset
20:03:04.32   GameInfo::ResetInfo - SyncLevel set to 0 on reset
20:03:04.33   GameInfo::ResetInfo - SyncLevel set to 0 on reset
20:03:04.33   GameInfo::ResetInfo - SyncLevel set to 0 on reset
20:03:04.33   GameInfo::ResetInfo - SyncLevel set to 0 on reset
20:03:04.33   GameInfo::ResetInfo - SyncLevel set to 0 on reset
20:03:04.33   GameInfo::ResetInfo - SyncLevel set to 0 on reset
20:03:04.33   GameInfo::ResetInfo - SyncLevel set to 0 on reset
20:03:04.33   GameInfo::ResetInfo - SyncLevel set to 0 on reset
20:03:04.33   GameInfo::ResetInfo - SyncLevel set to 0 on reset
20:03:04.33   GameInfo::ResetInfo - SyncLevel set to 0 on reset
20:03:04.33   GameInfo::ResetInfo - SyncLevel set to 0 on reset
20:03:04.33   GameInfo::ResetInfo - SyncLevel set to 0 on reset
20:03:04.33   GameInfo::ResetInfo - SyncLevel set to 0 on reset
20:03:04.33   GameInfo::ResetInfo - SyncLevel set to 0 on reset
20:03:04.33   GameInfo::ResetInfo - SyncLevel set to 0 on reset
20:03:04.33   GameInfo::ResetInfo - SyncLevel set to 0 on reset
20:03:04.33   GameInfo::ResetInfo - SyncLevel set to 0 on reset
20:03:04.33   GameInfo::ResetInfo - SyncLevel set to 0 on reset
20:03:04.33   GameInfo::ResetInfo - SyncLevel set to 0 on reset
20:03:04.33   GameInfo::ResetInfo - SyncLevel set to 0 on reset
20:03:04.33   GameInfo::ResetInfo - SyncLevel set to 0 on reset
20:03:04.33   GameInfo::ResetInfo - SyncLevel set to 0 on reset
20:03:04.33   GameInfo::ResetInfo - SyncLevel set to 0 on reset
20:03:04.33   GameInfo::ResetInfo - SyncLevel set to 0 on reset
20:03:04.33   GameInfo::ResetInfo - SyncLevel set to 0 on reset
20:03:04.33   GameInfo::ResetInfo - SyncLevel set to 0 on reset
20:03:04.33   GameInfo::ResetInfo - SyncLevel set to 0 on reset
20:03:04.33   GameInfo::ResetInfo - SyncLevel set to 0 on reset
20:03:04.33   GameInfo::ResetInfo - SyncLevel set to 0 on reset
20:03:04.33   GameInfo::ResetInfo - SyncLevel set to 0 on reset
20:03:04.33   GameInfo::ResetInfo - SyncLevel set to 0 on reset
20:03:04.33   GameInfo::ResetInfo - SyncLevel set to 0 on reset
20:03:04.33   GameInfo::ResetInfo - SyncLevel set to 0 on reset
20:03:04.33   GameInfo::ResetInfo - SyncLevel set to 0 on reset
20:03:04.33   GameInfo::ResetInfo - SyncLevel set to 0 on reset
20:03:04.33   GameInfo::ResetInfo - SyncLevel set to 0 on reset
20:03:04.33   GameInfo::ResetInfo - SyncLevel set to 0 on reset
20:03:04.34   GameInfo::ResetInfo - SyncLevel set to 0 on reset
20:03:04.34   GameInfo::ResetInfo - SyncLevel set to 0 on reset
20:03:04.34   GameInfo::ResetInfo - SyncLevel set to 0 on reset
20:03:04.34   GameInfo::ResetInfo - SyncLevel set to 0 on reset
20:03:04.34   GameInfo::ResetInfo - SyncLevel set to 0 on reset
20:03:04.34   GameInfo::ResetInfo - SyncLevel set to 0 on reset
20:03:04.34   GameInfo::ResetInfo - SyncLevel set to 0 on reset
20:03:04.34   GameInfo::ResetInfo - SyncLevel set to 0 on reset
20:03:04.34   GameInfo::ResetInfo - SyncLevel set to 0 on reset
20:03:04.34   GameInfo::ResetInfo - SyncLevel set to 0 on reset
20:03:04.34   GameInfo::ResetInfo - SyncLevel set to 0 on reset
20:03:04.34   GameInfo::ResetInfo - SyncLevel set to 0 on reset
20:03:04.34   GameInfo::ResetInfo - SyncLevel set to 0 on reset
20:03:04.34   GameInfo::ResetInfo - SyncLevel set to 0 on reset
20:03:04.34   GameInfo::ResetInfo - SyncLevel set to 0 on reset
20:03:04.34   GameInfo::ResetInfo - SyncLevel set to 0 on reset
20:03:04.34   GameInfo::ResetInfo - SyncLevel set to 0 on reset
20:03:04.34   GameInfo::ResetInfo - SyncLevel set to 0 on reset
20:03:04.34   GameInfo::ResetInfo - SyncLevel set to 0 on reset
20:03:04.34   GameInfo::ResetInfo - SyncLevel set to 0 on reset
20:03:04.34   GameInfo::ResetInfo - SyncLevel set to 0 on reset
20:03:04.34   GameInfo::ResetInfo - SyncLevel set to 0 on reset
20:03:04.34   GameInfo::ResetInfo - SyncLevel set to 0 on reset
20:03:04.34   GameInfo::ResetInfo - SyncLevel set to 0 on reset
20:03:04.34   GameInfo::ResetInfo - SyncLevel set to 0 on reset
20:03:04.34   GameInfo::ResetInfo - SyncLevel set to 0 on reset
20:03:04.34   GameInfo::ResetInfo - SyncLevel set to 0 on reset
20:03:04.34   GameInfo::ResetInfo - SyncLevel set to 0 on reset
20:03:04.34   GameInfo::ResetInfo - SyncLevel set to 0 on reset
20:03:04.34   GameInfo::ResetInfo - SyncLevel set to 0 on reset
20:03:04.34   GameInfo::ResetInfo - SyncLevel set to 0 on reset
20:03:04.34   GameInfo::ResetInfo - SyncLevel set to 0 on reset
20:03:04.34   GameInfo::ResetInfo - SyncLevel set to 0 on reset
20:03:04.34   GameInfo::ResetInfo - SyncLevel set to 0 on reset
20:03:04.34   GameInfo::ResetInfo - SyncLevel set to 0 on reset
20:03:04.34   GameInfo::ResetInfo - SyncLevel set to 0 on reset
20:03:04.34   GameInfo::ResetInfo - SyncLevel set to 0 on reset
20:03:04.34   GameInfo::ResetInfo - SyncLevel set to 0 on reset
20:03:04.34   GameInfo::ResetInfo - SyncLevel set to 0 on reset
20:03:04.34   GameInfo::ResetInfo - SyncLevel set to 0 on reset
20:03:04.34   GameInfo::ResetInfo - SyncLevel set to 0 on reset
20:03:04.34   GameInfo::ResetInfo - SyncLevel set to 0 on reset
20:03:04.35   GameInfo::ResetInfo - SyncLevel set to 0 on reset
20:03:04.35   GameInfo::ResetInfo - SyncLevel set to 0 on reset
20:03:04.35   GameInfo::ResetInfo - SyncLevel set to 0 on reset
20:03:04.35   GameInfo::ResetInfo - SyncLevel set to 0 on reset
20:03:04.35   GameInfo::ResetInfo - SyncLevel set to 0 on reset
20:03:04.35   GameInfo::ResetInfo - SyncLevel set to 0 on reset
20:03:04.35   GameInfo::ResetInfo - SyncLevel set to 0 on reset
20:03:04.35   GameInfo::ResetInfo - SyncLevel set to 0 on reset
20:03:04.35   GameInfo::ResetInfo - SyncLevel set to 0 on reset
20:03:04.46   RLINK -- SENDING FORCED ACK from Peer 8 to Peer 20 - timeSinceLastAckMS       5841, transmitAckLastTimeMS     411615 | Peer ---E- M#00000000 Sack00000001 NSack00000000 (C0.0% S:0.0) [  ]
20:03:04.59   RLINK -- SENDING FORCED ACK from Peer 8 to Peer 3 - timeSinceLastAckMS        272, transmitAckLastTimeMS     411736 | Peer ---E- M#00000000 Sack00000017 NSack00000000 (C0.0% S:0.0) [  ]
20:03:04.59   RLINK -- SENDING FORCED ACK from Peer 8 to Peer 5 - timeSinceLastAckMS       5962, transmitAckLastTimeMS     411736 | Peer ---E- M#00000000 Sack00000001 NSack00000000 (C0.0% S:0.0) [  ]
20:03:04.59   RLINK -- SENDING FORCED ACK from Peer 8 to Peer 10 - timeSinceLastAckMS        392, transmitAckLastTimeMS     411736 | Peer ---E- M#00000000 Sack00000002 NSack00000000 (C0.0% S:0.0) [  ]
20:03:04.71   RLINK -- SENDING FORCED ACK from Peer 8 to Peer 2 - timeSinceLastAckMS        513, transmitAckLastTimeMS     411857 | Peer ---E- M#00000000 Sack00000009 NSack00000000 (C0.0% S:0.0) [  ]
20:03:04.80   RLINK -- [P#8] SrcP# 6 ignoring old retry: 2 expect: 3
20:03:04.83   RLINK -- SENDING FORCED ACK from Peer 8 to Peer 6 - timeSinceLastAckMS        515, transmitAckLastTimeMS     411979 | Peer ---E- M#00000000 Sack00000003 NSack00000000 (C0.0% S:0.0) [  ]
20:03:04.83   RLINK -- SENDING FORCED ACK from Peer 8 to Peer 20 - timeSinceLastAckMS        364, transmitAckLastTimeMS     411979 | Peer ---E- M#00000000 Sack00000002 NSack00000000 (C0.0% S:0.0) [  ]
20:03:04.86   RLINK -- SENDING FORCED ACK from Peer 8 to Peer 5 - timeSinceLastAckMS        273, transmitAckLastTimeMS     412009 | Peer ---E- M#00000000 Sack00000002 NSack00000000 (C0.0% S:0.0) [  ]
20:03:04.86   RLINK -- SENDING FORCED ACK from Peer 8 to Peer 10 - timeSinceLastAckMS        273, transmitAckLastTimeMS     412009 | Peer ---E- M#00000000 Sack00000003 NSack00000000 (C0.0% S:0.0) [  ]
20:03:05.07   RLINK -- SENDING FORCED ACK from Peer 8 to Peer 2 - timeSinceLastAckMS        363, transmitAckLastTimeMS     412220 | Peer ---E- M#00000000 Sack00000010 NSack00000000 (C0.0% S:0.0) [  ]
20:03:05.07   RLINK -- SENDING FORCED ACK from Peer 8 to Peer 3 - timeSinceLastAckMS        484, transmitAckLastTimeMS     412220 | Peer ---E- M#00000000 Sack00000018 NSack00000000 (C0.0% S:0.0) [  ]
20:03:05.16   RLINK -- [P#8] SrcP# 5 ignoring old retry: 1 expect: 3
20:03:05.19   RLINK -- SENDING FORCED ACK from Peer 8 to Peer 6 - timeSinceLastAckMS        363, transmitAckLastTimeMS     412342 | Peer ---E- M#00000000 Sack00000004 NSack00000000 (C0.0% S:0.0) [  ]
20:03:05.19   RLINK -- SENDING FORCED ACK from Peer 8 to Peer 10 - timeSinceLastAckMS        333, transmitAckLastTimeMS     412342 | Peer ---E- M#00000000 Sack00000004 NSack00000000 (C0.0% S:0.0) [  ]
20:03:05.19   RLINK -- SENDING FORCED ACK from Peer 8 to Peer 20 - timeSinceLastAckMS        363, transmitAckLastTimeMS     412342 | Peer ---E- M#00000000 Sack00000003 NSack00000000 (C0.0% S:0.0) [  ]
20:03:05.28   RLINK -- [P#8] SrcP# 6 ignoring old retry: 3 expect: 5
20:03:05.34   RLINK -- SENDING FORCED ACK from Peer 8 to Peer 2 - timeSinceLastAckMS        273, transmitAckLastTimeMS     412493 | Peer ---E- M#00000000 Sack00000011 NSack00000000 (C0.0% S:0.0) [  ]
20:03:05.34   RLINK -- SENDING FORCED ACK from Peer 8 to Peer 3 - timeSinceLastAckMS        273, transmitAckLastTimeMS     412493 | Peer ---E- M#00000000 Sack00000019 NSack00000000 (C0.0% S:0.0) [  ]
20:03:05.40   Re-winding a compressed stream for file 'data:sound\wav\music\frontend\opening_ambience_tg\opening_ambience_with_birds.smf'.  Expensive operation
20:03:05.46   RLINK -- SENDING FORCED ACK from Peer 8 to Peer 20 - timeSinceLastAckMS        272, transmitAckLastTimeMS     412614 | Peer ---E- M#00000000 Sack00000004 NSack00000000 (C0.0% S:0.0) [  ]
20:03:05.58   RLINK -- SENDING FORCED ACK from Peer 8 to Peer 6 - timeSinceLastAckMS        393, transmitAckLastTimeMS     412735 | Peer ---E- M#00000000 Sack00000005 NSack00000000 (C0.0% S:0.0) [  ]
20:03:05.58   RLINK -- SENDING FORCED ACK from Peer 8 to Peer 10 - timeSinceLastAckMS        393, transmitAckLastTimeMS     412735 | Peer ---E- M#00000000 Sack00000005 NSack00000000 (C0.0% S:0.0) [  ]
20:03:05.67   RLINK -- [P#8] SrcP# 6 ignoring old retry: 4 expect: 6
20:03:05.71   RLINK -- SENDING FORCED ACK from Peer 8 to Peer 2 - timeSinceLastAckMS        363, transmitAckLastTimeMS     412856 | Peer ---E- M#00000000 Sack00000012 NSack00000000 (C0.0% S:0.0) [  ]
20:03:05.71   RLINK -- SENDING FORCED ACK from Peer 8 to Peer 3 - timeSinceLastAckMS        363, transmitAckLastTimeMS     412856 | Peer ---E- M#00000000 Sack00000020 NSack00000000 (C0.0% S:0.0) [  ]
20:03:05.71   RLINK -- SENDING FORCED ACK from Peer 8 to Peer 5 - timeSinceLastAckMS        847, transmitAckLastTimeMS     412856 | Peer ---E- M#00000000 Sack00000003 NSack00000000 (C0.0% S:0.0) [  ]
20:03:05.73   GAME -- Ending FE
20:03:05.73   UIFrontEnd - Unloading Front End
20:03:05.76   SOUND -- Shutting down ...
20:03:05.83   RLINK -- SENDING FORCED ACK from Peer 8 to Peer 20 - timeSinceLastAckMS        363, transmitAckLastTimeMS     412977 | Peer ---E- M#00000000 Sack00000005 NSack00000000 (C0.0% S:0.0) [  ]
20:03:05.84   SOUND -- Shutdown completed!
20:03:05.85   P2PNetworkSynchronization::RegisterPeer - info, registered remote station [1].
20:03:05.85   P2PNetworkSynchronization::RegisterPeer - info, registered remote station [2].
20:03:05.85   P2PNetworkSynchronization::RegisterPeer - info, registered remote station [3].
20:03:05.85   P2PNetworkSynchronization::RegisterPeer - info, registered remote station [5].
20:03:05.85   P2PNetworkSynchronization::RegisterPeer - info, registered remote station [6].
20:03:05.85   P2PNetworkSynchronization::RegisterPeer - info, registered local station [8].
20:03:05.85   P2PNetworkSynchronization::RegisterPeer - info, registered remote station [10].
20:03:05.85   P2PNetworkSynchronization::RegisterPeer - info, registered remote station [20].
20:03:05.85
20:03:05.85   GAME -- *** Beginning mission 8p_montargis region (8 Humans, 0 Computers) ***
20:03:05.85
20:03:05.85   GameObj::StartGameObj - info, network session GUID set to [{9007e9e8-d4ab-4bbf-adb8-7131ed8a04e4}].
20:03:05.86   RLINK -- SENDING FORCED ACK from Peer 8 to Peer 6 - timeSinceLastAckMS        272, transmitAckLastTimeMS     413007 | Peer ---E- M#00000000 Sack00000006 NSack00000000 (C0.0% S:0.0) [  ]
20:03:05.86   RLINK -- SENDING FORCED ACK from Peer 8 to Peer 10 - timeSinceLastAckMS        272, transmitAckLastTimeMS     413007 | Peer ---E- M#00000000 Sack00000006 NSack00000000 (C0.0% S:0.0) [  ]
20:03:05.98   GAME -- Recording game
20:03:05.98   RLINK -- SENDING FORCED ACK from Peer 8 to Peer 3 - timeSinceLastAckMS        273, transmitAckLastTimeMS     413129 | Peer ---E- M#00000000 Sack00000021 NSack00000000 (C0.0% S:0.0) [  ]
20:03:05.99   Activating screen: GameLoadScreen
20:03:06.04   RLINK -- [P#8] SrcP# 6 ignoring old retry: 5 expect: 7
20:03:06.14   THREAD: Hyper-Threading Technology Processors are not detected.
20:03:06.18   SOUND -- Initializing ...
20:03:06.23   SOUND -- Initialization completed!
20:03:06.24   PHYSICS: detected processor(s) capable of handling 12 threads.
20:03:06.24   MOD -- Locating MOD for scenario 'DATA:scenarios\mp\classic\8p_montargis region\8p_montargis region'
20:03:06.24   MOD -- Using Mod 'RelicCOH'
20:03:06.26   Unable to load/parse precache file [DATA:scenarios\mp\classic\8p_montargis region\8p_montargis region_precache.lua]
20:03:06.52   RLINK -- SENDING FORCED ACK from Peer 8 to Peer 2 - timeSinceLastAckMS        266, transmitAckLastTimeMS     413671 | Peer ---E- M#00000000 Sack00000014 NSack00000000 (C0.0% S:0.0) [  ]
20:03:06.52   RLINK -- SENDING FORCED ACK from Peer 8 to Peer 3 - timeSinceLastAckMS        266, transmitAckLastTimeMS     413671 | Peer ---E- M#00000000 Sack00000022 NSack00000000 (C0.0% S:0.0) [  ]
20:03:06.52   RLINK -- SENDING FORCED ACK from Peer 8 to Peer 6 - timeSinceLastAckMS        266, transmitAckLastTimeMS     413671 | Peer ---E- M#00000000 Sack00000008 NSack00000000 (C0.0% S:0.0) [  ]
20:03:06.52   RLINK -- SENDING FORCED ACK from Peer 8 to Peer 10 - timeSinceLastAckMS        266, transmitAckLastTimeMS     413671 | Peer ---E- M#00000000 Sack00000008 NSack00000000 (C0.0% S:0.0) [  ]
20:03:06.52   RLINK -- SENDING FORCED ACK from Peer 8 to Peer 20 - timeSinceLastAckMS        266, transmitAckLastTimeMS     413671 | Peer ---E- M#00000000 Sack00000007 NSack00000000 (C0.0% S:0.0) [  ]
20:03:06.57   GameObjLoader - upgrading load_count from 0 to 558
20:03:06.63   PHYSICS -- Created node factory 'HVOK'
20:03:06.63   PHYSICS -- Created node factory 'DMMY'
20:03:06.73   GameObjLoader - upgrading load_count from 558 to 1412
20:03:06.83   RLINK -- SENDING FORCED ACK from Peer 8 to Peer 1 - timeSinceLastAckMS        256, transmitAckLastTimeMS     413978 | Peer ---E- M#00000000 Sack00000179 NSack00000000 (C0.0% S:0.0) [  ]
20:03:06.83   RLINK -- SENDING FORCED ACK from Peer 8 to Peer 2 - timeSinceLastAckMS        256, transmitAckLastTimeMS     413978 | Peer ---E- M#00000000 Sack00000015 NSack00000000 (C0.0% S:0.0) [  ]
20:03:06.83   RLINK -- SENDING FORCED ACK from Peer 8 to Peer 3 - timeSinceLastAckMS        256, transmitAckLastTimeMS     413978 | Peer ---E- M#00000000 Sack00000024 NSack00000000 (C0.0% S:0.0) [  ]
20:03:06.83   RLINK -- SENDING FORCED ACK from Peer 8 to Peer 5 - timeSinceLastAckMS        256, transmitAckLastTimeMS     413978 | Peer ---E- M#00000000 Sack00000006 NSack00000000 (C0.0% S:0.0) [  ]
20:03:06.83   RLINK -- SENDING FORCED ACK from Peer 8 to Peer 6 - timeSinceLastAckMS        256, transmitAckLastTimeMS     413978 | Peer ---E- M#00000000 Sack00000009 NSack00000000 (C0.0% S:0.0) [  ]
20:03:06.83   RLINK -- SENDING FORCED ACK from Peer 8 to Peer 10 - timeSinceLastAckMS        256, transmitAckLastTimeMS     413978 | Peer ---E- M#00000000 Sack00000009 NSack00000000 (C0.0% S:0.0) [  ]
20:03:06.83   RLINK -- SENDING FORCED ACK from Peer 8 to Peer 20 - timeSinceLastAckMS        256, transmitAckLastTimeMS     413978 | Peer ---E- M#00000000 Sack00000008 NSack00000000 (C0.0% S:0.0) [  ]
20:03:06.89   RLINK -- Asked to remove user 00000000:0004d17f :/steam/76561198044607521 that doesn't exist
20:03:06.89   RLINK -- Asked to remove user 00000000:0015ae6f :/steam/76561197971332737 that doesn't exist
20:03:06.89   RLINK -- Asked to remove user 00000000:001dca23 :/steam/76561199405513917 that doesn't exist
20:03:06.89   RLINK -- Asked to remove user 00000000:00006866 :/steam/76561198012399268 that doesn't exist
20:03:06.89   RLINK -- Asked to remove user 00000000:0000b081 :/steam/76561198079666514 that doesn't exist
20:03:06.89   RLINK -- Asked to remove user 00000000:0012f8fa :/steam/76561198263392865 that doesn't exist
20:03:06.89   RLINK -- Asked to remove user 00000000:0016c038 :/steam/76561198873493279 that doesn't exist
20:03:06.89   RLINK -- Asked to remove user 00000000:0009ce85 :/steam/76561198014477013 that doesn't exist
20:03:06.89   RLINK -- Asked to remove user 00000000:000224a7 :/steam/76561197975452220 that doesn't exist
20:03:07.16   RLINK -- SENDING FORCED ACK from Peer 8 to Peer 2 - timeSinceLastAckMS        278, transmitAckLastTimeMS     414311 | Peer ---E- M#00000000 Sack00000016 NSack00000000 (C0.0% S:0.0) [  ]
20:03:07.16   RLINK -- SENDING FORCED ACK from Peer 8 to Peer 6 - timeSinceLastAckMS        278, transmitAckLastTimeMS     414311 | Peer ---E- M#00000000 Sack00000010 NSack00000000 (C0.0% S:0.0) [  ]
20:03:07.16   RLINK -- SENDING FORCED ACK from Peer 8 to Peer 10 - timeSinceLastAckMS        278, transmitAckLastTimeMS     414311 | Peer ---E- M#00000000 Sack00000010 NSack00000000 (C0.0% S:0.0) [  ]
20:03:07.16   RLINK -- SENDING FORCED ACK from Peer 8 to Peer 20 - timeSinceLastAckMS        278, transmitAckLastTimeMS     414311 | Peer ---E- M#00000000 Sack00000009 NSack00000000 (C0.0% S:0.0) [  ]
20:03:07.19   RLINK -- SENDING FORCED ACK from Peer 8 to Peer 3 - timeSinceLastAckMS        308, transmitAckLastTimeMS     414341 | Peer ---E- M#00000000 Sack00000025 NSack00000000 (C0.0% S:0.0) [  ]
20:03:07.19   RLINK -- SENDING FORCED ACK from Peer 8 to Peer 5 - timeSinceLastAckMS        308, transmitAckLastTimeMS     414341 | Peer ---E- M#00000000 Sack00000007 NSack00000000 (C0.0% S:0.0) [  ]
20:03:07.46   RLINK -- SENDING FORCED ACK from Peer 8 to Peer 2 - timeSinceLastAckMS        257, transmitAckLastTimeMS     414614 | Peer ---E- M#00000000 Sack00000017 NSack00000000 (C0.0% S:0.0) [  ]
20:03:07.46   RLINK -- SENDING FORCED ACK from Peer 8 to Peer 6 - timeSinceLastAckMS        257, transmitAckLastTimeMS     414614 | Peer ---E- M#00000000 Sack00000011 NSack00000000 (C0.0% S:0.0) [  ]
20:03:07.46   RLINK -- SENDING FORCED ACK from Peer 8 to Peer 10 - timeSinceLastAckMS        257, transmitAckLastTimeMS     414614 | Peer ---E- M#00000000 Sack00000011 NSack00000000 (C0.0% S:0.0) [  ]
20:03:07.46   RLINK -- SENDING FORCED ACK from Peer 8 to Peer 20 - timeSinceLastAckMS        257, transmitAckLastTimeMS     414614 | Peer ---E- M#00000000 Sack00000010 NSack00000000 (C0.0% S:0.0) [  ]
20:03:07.80   RLINK -- SENDING FORCED ACK from Peer 8 to Peer 1 - timeSinceLastAckMS        266, transmitAckLastTimeMS     414950 | Peer ---E- M#00000000 Sack00000180 NSack00000000 (C0.0% S:0.0) [  ]
20:03:07.80   RLINK -- SENDING FORCED ACK from Peer 8 to Peer 2 - timeSinceLastAckMS        266, transmitAckLastTimeMS     414950 | Peer ---E- M#00000000 Sack00000018 NSack00000000 (C0.0% S:0.0) [  ]
20:03:07.80   RLINK -- SENDING FORCED ACK from Peer 8 to Peer 3 - timeSinceLastAckMS        266, transmitAckLastTimeMS     414950 | Peer ---E- M#00000000 Sack00000026 NSack00000000 (C0.0% S:0.0) [  ]
20:03:07.80   RLINK -- SENDING FORCED ACK from Peer 8 to Peer 5 - timeSinceLastAckMS        266, transmitAckLastTimeMS     414950 | Peer ---E- M#00000000 Sack00000008 NSack00000000 (C0.0% S:0.0) [  ]
20:03:07.80   RLINK -- SENDING FORCED ACK from Peer 8 to Peer 6 - timeSinceLastAckMS        266, transmitAckLastTimeMS     414950 | Peer ---E- M#00000000 Sack00000012 NSack00000000 (C0.0% S:0.0) [  ]
20:03:07.80   RLINK -- SENDING FORCED ACK from Peer 8 to Peer 10 - timeSinceLastAckMS        266, transmitAckLastTimeMS     414950 | Peer ---E- M#00000000 Sack00000012 NSack00000000 (C0.0% S:0.0) [  ]
20:03:07.80   RLINK -- SENDING FORCED ACK from Peer 8 to Peer 20 - timeSinceLastAckMS        266, transmitAckLastTimeMS     414950 | Peer ---E- M#00000000 Sack00000011 NSack00000000 (C0.0% S:0.0) [  ]
20:03:08.00   GameObjLoader - upgrading load_count from 1412 to 1457
20:03:08.10   RLINK -- SENDING FORCED ACK from Peer 8 to Peer 1 - timeSinceLastAckMS        254, transmitAckLastTimeMS     415250 | Peer ---E- M#00000000 Sack00000181 NSack00000000 (C0.0% S:0.0) [  ]
20:03:08.10   RLINK -- SENDING FORCED ACK from Peer 8 to Peer 2 - timeSinceLastAckMS        254, transmitAckLastTimeMS     415250 | Peer ---E- M#00000000 Sack00000019 NSack00000000 (C0.0% S:0.0) [  ]
20:03:08.10   RLINK -- SENDING FORCED ACK from Peer 8 to Peer 3 - timeSinceLastAckMS        254, transmitAckLastTimeMS     415250 | Peer ---E- M#00000000 Sack00000028 NSack00000000 (C0.0% S:0.0) [  ]
20:03:08.10   RLINK -- SENDING FORCED ACK from Peer 8 to Peer 5 - timeSinceLastAckMS        254, transmitAckLastTimeMS     415250 | Peer ---E- M#00000000 Sack00000009 NSack00000000 (C0.0% S:0.0) [  ]
20:03:08.10   RLINK -- SENDING FORCED ACK from Peer 8 to Peer 6 - timeSinceLastAckMS        254, transmitAckLastTimeMS     415250 | Peer ---E- M#00000000 Sack00000013 NSack00000000 (C0.0% S:0.0) [  ]
20:03:08.10   RLINK -- SENDING FORCED ACK from Peer 8 to Peer 10 - timeSinceLastAckMS        254, transmitAckLastTimeMS     415250 | Peer ---E- M#00000000 Sack00000013 NSack00000000 (C0.0% S:0.0) [  ]
20:03:08.44   RLINK -- SENDING FORCED ACK from Peer 8 to Peer 2 - timeSinceLastAckMS        265, transmitAckLastTimeMS     415587 | Peer ---E- M#00000000 Sack00000020 NSack00000000 (C0.0% S:0.0) [  ]
20:03:08.44   RLINK -- SENDING FORCED ACK from Peer 8 to Peer 5 - timeSinceLastAckMS        265, transmitAckLastTimeMS     415587 | Peer ---E- M#00000000 Sack00000010 NSack00000000 (C0.0% S:0.0) [  ]
20:03:08.44   RLINK -- SENDING FORCED ACK from Peer 8 to Peer 10 - timeSinceLastAckMS        265, transmitAckLastTimeMS     415587 | Peer ---E- M#00000000 Sack00000014 NSack00000000 (C0.0% S:0.0) [  ]
20:03:08.47   RLINK -- SENDING FORCED ACK from Peer 8 to Peer 3 - timeSinceLastAckMS        296, transmitAckLastTimeMS     415618 | Peer ---E- M#00000000 Sack00000029 NSack00000000 (C0.0% S:0.0) [  ]
20:03:08.74   RLINK -- SENDING FORCED ACK from Peer 8 to Peer 1 - timeSinceLastAckMS        260, transmitAckLastTimeMS     415892 | Peer ---E- M#00000000 Sack00000182 NSack00000000 (C0.0% S:0.0) [  ]
20:03:08.74   RLINK -- SENDING FORCED ACK from Peer 8 to Peer 2 - timeSinceLastAckMS        260, transmitAckLastTimeMS     415892 | Peer ---E- M#00000000 Sack00000021 NSack00000000 (C0.0% S:0.0) [  ]
20:03:08.74   RLINK -- SENDING FORCED ACK from Peer 8 to Peer 5 - timeSinceLastAckMS        260, transmitAckLastTimeMS     415892 | Peer ---E- M#00000000 Sack00000011 NSack00000000 (C0.0% S:0.0) [  ]
20:03:08.74   RLINK -- SENDING FORCED ACK from Peer 8 to Peer 10 - timeSinceLastAckMS        260, transmitAckLastTimeMS     415892 | Peer ---E- M#00000000 Sack00000015 NSack00000000 (C0.0% S:0.0) [  ]
20:03:09.05   RLINK -- SENDING FORCED ACK from Peer 8 to Peer 1 - timeSinceLastAckMS        258, transmitAckLastTimeMS     416198 | Peer ---E- M#00000000 Sack00000183 NSack00000000 (C0.0% S:0.0) [  ]
20:03:09.05   RLINK -- SENDING FORCED ACK from Peer 8 to Peer 2 - timeSinceLastAckMS        258, transmitAckLastTimeMS     416198 | Peer ---E- M#00000000 Sack00000022 NSack00000000 (C0.0% S:0.0) [  ]
20:03:09.05   RLINK -- SENDING FORCED ACK from Peer 8 to Peer 5 - timeSinceLastAckMS        258, transmitAckLastTimeMS     416198 | Peer ---E- M#00000000 Sack00000012 NSack00000000 (C0.0% S:0.0) [  ]
20:03:09.05   RLINK -- SENDING FORCED ACK from Peer 8 to Peer 10 - timeSinceLastAckMS        258, transmitAckLastTimeMS     416198 | Peer ---E- M#00000000 Sack00000016 NSack00000000 (C0.0% S:0.0) [  ]
20:03:09.05   RLINK -- SENDING FORCED ACK from Peer 8 to Peer 20 - timeSinceLastAckMS        258, transmitAckLastTimeMS     416198 | Peer ---E- M#00000000 Sack00000012 NSack00000000 (C0.0% S:0.0) [  ]
20:03:09.10   GameObjLoader - upgrading load_count from 1457 to 4319
20:03:09.38   RLINK -- SENDING FORCED ACK from Peer 8 to Peer 2 - timeSinceLastAckMS        274, transmitAckLastTimeMS     416530 | Peer ---E- M#00000000 Sack00000023 NSack00000000 (C0.0% S:0.0) [  ]
20:03:09.38   RLINK -- SENDING FORCED ACK from Peer 8 to Peer 5 - timeSinceLastAckMS        274, transmitAckLastTimeMS     416530 | Peer ---E- M#00000000 Sack00000013 NSack00000000 (C0.0% S:0.0) [  ]
20:03:09.38   RLINK -- SENDING FORCED ACK from Peer 8 to Peer 6 - timeSinceLastAckMS        274, transmitAckLastTimeMS     416530 | Peer ---E- M#00000000 Sack00000014 NSack00000000 (C0.0% S:0.0) [  ]
20:03:09.38   RLINK -- SENDING FORCED ACK from Peer 8 to Peer 10 - timeSinceLastAckMS        274, transmitAckLastTimeMS     416530 | Peer ---E- M#00000000 Sack00000017 NSack00000000 (C0.0% S:0.0) [  ]
20:03:09.68   RLINK -- SENDING FORCED ACK from Peer 8 to Peer 1 - timeSinceLastAckMS        262, transmitAckLastTimeMS     416835 | Peer ---E- M#00000000 Sack00000184 NSack00000000 (C0.0% S:0.0) [  ]
20:03:09.68   RLINK -- SENDING FORCED ACK from Peer 8 to Peer 2 - timeSinceLastAckMS        262, transmitAckLastTimeMS     416835 | Peer ---E- M#00000000 Sack00000024 NSack00000000 (C0.0% S:0.0) [  ]
20:03:09.68   RLINK -- SENDING FORCED ACK from Peer 8 to Peer 5 - timeSinceLastAckMS        262, transmitAckLastTimeMS     416835 | Peer ---E- M#00000000 Sack00000014 NSack00000000 (C0.0% S:0.0) [  ]
20:03:09.68   RLINK -- SENDING FORCED ACK from Peer 8 to Peer 10 - timeSinceLastAckMS        262, transmitAckLastTimeMS     416835 | Peer ---E- M#00000000 Sack00000018 NSack00000000 (C0.0% S:0.0) [  ]
20:03:09.99   RLINK -- SENDING FORCED ACK from Peer 8 to Peer 3 - timeSinceLastAckMS        259, transmitAckLastTimeMS     417139 | Peer ---E- M#00000000 Sack00000030 NSack00000000 (C0.0% S:0.0) [  ]
20:03:09.99   RLINK -- SENDING FORCED ACK from Peer 8 to Peer 5 - timeSinceLastAckMS        259, transmitAckLastTimeMS     417139 | Peer ---E- M#00000000 Sack00000015 NSack00000000 (C0.0% S:0.0) [  ]
20:03:09.99   RLINK -- SENDING FORCED ACK from Peer 8 to Peer 10 - timeSinceLastAckMS        259, transmitAckLastTimeMS     417139 | Peer ---E- M#00000000 Sack00000019 NSack00000000 (C0.0% S:0.0) [  ]
20:03:10.29   RLINK -- SENDING RETRY - Peer 8 to Peer 1 retryTimeMS       1181 oneMsg.lastTransmitTime     416256, timeSinceLastTransmitMS       1188 | Peer RS--- M#00000260 Sack00000184 NSack00000000 (C0.0% S:0.0) [ PKT SIZE:22 data DestChannel: ]
20:03:10.29   RLINK -- SENDING FORCED ACK from Peer 8 to Peer 5 - timeSinceLastAckMS        257, transmitAckLastTimeMS     417444 | Peer ---E- M#00000000 Sack00000016 NSack00000000 (C0.0% S:0.0) [  ]
20:03:10.29   RLINK -- SENDING FORCED ACK from Peer 8 to Peer 10 - timeSinceLastAckMS        257, transmitAckLastTimeMS     417444 | Peer ---E- M#00000000 Sack00000020 NSack00000000 (C0.0% S:0.0) [  ]
20:03:10.29   RLINK -- SENDING FORCED ACK from Peer 8 to Peer 20 - timeSinceLastAckMS        257, transmitAckLastTimeMS     417444 | Peer ---E- M#00000000 Sack00000013 NSack00000000 (C0.0% S:0.0) [  ]
20:03:10.50   GameObjLoader 16e79880 - resetting counters
20:03:10.50   GameObjLoader 16e79880 - LOAD_DONE
20:03:10.50   GAME - SessionSetup
20:03:10.53   CommandBPDatabase - Unable to register function [splat_attach] due to missing CommandBP.
20:03:10.53   TERRAINTEXTURE -- compositor added RenderTarget [0] of size 1024 x 1024
20:03:10.53   TERRAINTEXTURE -- compositor added RenderTarget [1] of size 1024 x 1024
20:03:10.60   RLINK -- SENDING FORCED ACK from Peer 8 to Peer 1 - timeSinceLastAckMS        253, transmitAckLastTimeMS     417747 | Peer ---E- M#00000000 Sack00000187 NSack00000000 (C0.0% S:0.0) [  ]
20:03:10.60   RLINK -- SENDING FORCED ACK from Peer 8 to Peer 5 - timeSinceLastAckMS        253, transmitAckLastTimeMS     417747 | Peer ---E- M#00000000 Sack00000017 NSack00000000 (C0.0% S:0.0) [  ]
20:03:10.60   RLINK -- SENDING FORCED ACK from Peer 8 to Peer 6 - timeSinceLastAckMS        253, transmitAckLastTimeMS     417747 | Peer ---E- M#00000000 Sack00000015 NSack00000000 (C0.0% S:0.0) [  ]
20:03:10.60   RLINK -- SENDING FORCED ACK from Peer 8 to Peer 10 - timeSinceLastAckMS        253, transmitAckLastTimeMS     417747 | Peer ---E- M#00000000 Sack00000021 NSack00000000 (C0.0% S:0.0) [  ]
20:03:10.60   RLINK -- SENDING FORCED ACK from Peer 8 to Peer 20 - timeSinceLastAckMS        253, transmitAckLastTimeMS     417747 | Peer ---E- M#00000000 Sack00000014 NSack00000000 (C0.0% S:0.0) [  ]
20:03:10.87   RLINK -- SENDING FORCED ACK from Peer 8 to Peer 1 - timeSinceLastAckMS        275, transmitAckLastTimeMS     418022 | Peer ---E- M#00000000 Sack00000188 NSack00000000 (C0.0% S:0.0) [  ]
20:03:10.87   RLINK -- SENDING FORCED ACK from Peer 8 to Peer 5 - timeSinceLastAckMS        275, transmitAckLastTimeMS     418022 | Peer ---E- M#00000000 Sack00000018 NSack00000000 (C0.0% S:0.0) [  ]
20:03:10.87   RLINK -- SENDING FORCED ACK from Peer 8 to Peer 6 - timeSinceLastAckMS        275, transmitAckLastTimeMS     418022 | Peer ---E- M#00000000 Sack00000016 NSack00000000 (C0.0% S:0.0) [  ]
20:03:10.96   RLINK -- SENDING FORCED ACK from Peer 8 to Peer 20 - timeSinceLastAckMS        365, transmitAckLastTimeMS     418112 | Peer ---E- M#00000000 Sack00000015 NSack00000000 (C0.0% S:0.0) [  ]
20:03:11.14   RLINK -- SENDING FORCED ACK from Peer 8 to Peer 5 - timeSinceLastAckMS        272, transmitAckLastTimeMS     418294 | Peer ---E- M#00000000 Sack00000019 NSack00000000 (C0.0% S:0.0) [  ]
20:03:11.20   RLINK -- SENDING FORCED ACK from Peer 8 to Peer 6 - timeSinceLastAckMS        333, transmitAckLastTimeMS     418355 | Peer ---E- M#00000000 Sack00000017 NSack00000000 (C0.0% S:0.0) [  ]
20:03:11.33   RLINK -- SENDING FORCED ACK from Peer 8 to Peer 3 - timeSinceLastAckMS        984, transmitAckLastTimeMS     418478 | Peer ---E- M#00000000 Sack00000031 NSack00000000 (C0.0% S:0.0) [  ]
20:03:11.33   RLINK -- SENDING FORCED ACK from Peer 8 to Peer 20 - timeSinceLastAckMS        366, transmitAckLastTimeMS     418478 | Peer ---E- M#00000000 Sack00000016 NSack00000000 (C0.0% S:0.0) [  ]
20:03:11.45   RLINK -- SENDING FORCED ACK from Peer 8 to Peer 5 - timeSinceLastAckMS        307, transmitAckLastTimeMS     418601 | Peer ---E- M#00000000 Sack00000020 NSack00000000 (C0.0% S:0.0) [  ]
20:03:11.53   GAME - CreateGEWorld in 1028 ms
20:03:11.53   TGAIO -- TGA file 'data:simulation/deformdata/Lock_deform.tga' is RLE compressed. For optimal speed, please re-save uncompressed.
20:03:11.54   RLINK -- [P#8] SrcP# 1 ignoring old retry: 185 expect: 189
20:03:11.57   RLINK -- SENDING FORCED ACK from Peer 8 to Peer 1 - timeSinceLastAckMS        700, transmitAckLastTimeMS     418722 | Peer ---E- M#00000000 Sack00000191 NSack00000000 (C0.0% S:0.0) [  ]
20:03:11.58   GAME - SessionSetup finished in 1086 ms
20:03:11.59   LoadArbitrator::UpdateLoadProgress - info, player "[0:20]" finished loading with checksum [186758690].
20:03:11.59   GAME - WaterReflectionManagerSetup
20:03:11.59   GAME - WaterReflectionManagerSetup finished in 0 ms
20:03:11.63   Regenerating ImpassMap data...
20:03:11.63       Impass Data was already valid, but regenerating...
20:03:11.84   RLINK -- SENDING FORCED ACK from Peer 8 to Peer 3 - timeSinceLastAckMS        259, transmitAckLastTimeMS     418995 | Peer ---E- M#00000000 Sack00000032 NSack00000000 (C0.0% S:0.0) [  ]
20:03:11.84   RLINK -- SENDING FORCED ACK from Peer 8 to Peer 5 - timeSinceLastAckMS        259, transmitAckLastTimeMS     418995 | Peer ---E- M#00000000 Sack00000021 NSack00000000 (C0.0% S:0.0) [  ]
20:03:11.84   RLINK -- SENDING FORCED ACK from Peer 8 to Peer 6 - timeSinceLastAckMS        259, transmitAckLastTimeMS     418995 | Peer ---E- M#00000000 Sack00000019 NSack00000000 (C0.0% S:0.0) [  ]
20:03:11.88   Generating CanBuild Map.  THIS SHOULD ONLY HAPPEN IN WORLDBUILDER!  IF YOU SEE THIS IN GAME, RE-SAVE THE MAP!
20:03:11.88   Regenerating CanBuildMap data...
20:03:11.88   Generating CanShoot Map.
20:03:11.88   Pathfinder::Regenerate()...
20:03:11.92   Generating PathSectorMap...
20:03:12.12   RLINK -- SENDING FORCED ACK from Peer 8 to Peer 3 - timeSinceLastAckMS        274, transmitAckLastTimeMS     419269 | Peer ---E- M#00000000 Sack00000033 NSack00000000 (C0.0% S:0.0) [  ]
20:03:12.12   RLINK -- SENDING FORCED ACK from Peer 8 to Peer 5 - timeSinceLastAckMS        274, transmitAckLastTimeMS     419269 | Peer ---E- M#00000000 Sack00000022 NSack00000000 (C0.0% S:0.0) [  ]
20:03:12.23   Pathfinder::Regenerate() Done.
20:03:12.25   ModWorld::LoadWinCondition: - [DATA:Scar/WinConditions/ZANNIHILATE.SCAR] succeeded.
20:03:12.33   RLINK -- SENDING FORCED ACK from Peer 8 to Peer 1 - timeSinceLastAckMS        748, transmitAckLastTimeMS     419484 | Peer ---E- M#00000000 Sack00000193 NSack00000000 (C0.0% S:0.0) [  ]
20:03:12.45   RLINK -- SENDING FORCED ACK from Peer 8 to Peer 5 - timeSinceLastAckMS        336, transmitAckLastTimeMS     419605 | Peer ---E- M#00000000 Sack00000023 NSack00000000 (C0.0% S:0.0) [  ]
20:03:12.57   RLINK -- SENDING FORCED ACK from Peer 8 to Peer 3 - timeSinceLastAckMS        456, transmitAckLastTimeMS     419725 | Peer ---E- M#00000000 Sack00000034 NSack00000000 (C0.0% S:0.0) [  ]
20:03:12.61   RLINK -- SENDING FORCED ACK from Peer 8 to Peer 1 - timeSinceLastAckMS        272, transmitAckLastTimeMS     419756 | Peer ---E- M#00000000 Sack00000194 NSack00000000 (C0.0% S:0.0) [  ]
20:03:12.70   RLINK -- SENDING FORCED ACK from Peer 8 to Peer 2 - timeSinceLastAckMS       1112, transmitAckLastTimeMS     419848 | Peer ---E- M#00000000 Sack00000026 NSack00000000 (C0.0% S:0.0) [  ]
20:03:12.73   RLINK -- SENDING FORCED ACK from Peer 8 to Peer 5 - timeSinceLastAckMS        273, transmitAckLastTimeMS     419878 | Peer ---E- M#00000000 Sack00000024 NSack00000000 (C0.0% S:0.0) [  ]
20:03:12.85   RLINK -- SENDING FORCED ACK from Peer 8 to Peer 3 - timeSinceLastAckMS        274, transmitAckLastTimeMS     419999 | Peer ---E- M#00000000 Sack00000035 NSack00000000 (C0.0% S:0.0) [  ]
20:03:12.85   RLINK -- SENDING FORCED ACK from Peer 8 to Peer 20 - timeSinceLastAckMS       1263, transmitAckLastTimeMS     419999 | Peer ---E- M#00000000 Sack00000018 NSack00000000 (C0.0% S:0.0) [  ]
20:03:12.88   RLINK -- SENDING FORCED ACK from Peer 8 to Peer 1 - timeSinceLastAckMS        274, transmitAckLastTimeMS     420030 | Peer ---E- M#00000000 Sack00000195 NSack00000000 (C0.0% S:0.0) [  ]
20:03:12.91   LoadArbitrator::UpdateLoadProgress - info, player "[0:6]" finished loading with checksum [186758690].
20:03:12.92   LoadArbitrator::UpdateLoadProgress - info, player "[0:3]" finished loading with checksum [186758690].
20:03:12.92   LoadArbitrator::UpdateLoadProgress - info, player "[0:20]" finished loading with checksum [186758690].
20:03:13.00   MOD UI - Invalid key combo (event_cue_cycle) found in data:game/keydefaults.lua.  Use format "CTRL+SHIFT+A"
20:03:13.08   Invalid hotkey (event_cue_cycle) in binding 'static_hotkey_bindings_child21'.
20:03:13.08   BindingsSystem -- Cannot create binding.  Unknown type 'repair_radius_circle'
20:03:13.08   BindingsSystem -- Cannot create binding.  Unknown type 'repair_radius_circle'
20:03:13.08   BindingsSystem -- Cannot create binding.  Unknown type 'repair_radius_circle'
20:03:13.08   BindingsSystem -- Cannot create binding.  Unknown type 'repair_radius_circle'
20:03:13.08   BindingsSystem -- Cannot create binding.  Unknown type 'repair_radius_circle'
20:03:13.12   SPEECHMANAGER -- Loaded in 0.028095 seconds
20:03:13.18   RLINK -- SENDING FORCED ACK from Peer 8 to Peer 5 - timeSinceLastAckMS        269, transmitAckLastTimeMS     420332 | Peer ---E- M#00000000 Sack00000025 NSack00000000 (C0.0% S:0.0) [  ]
20:03:13.18   RLINK -- SENDING FORCED ACK from Peer 8 to Peer 6 - timeSinceLastAckMS        269, transmitAckLastTimeMS     420332 | Peer ---E- M#00000000 Sack00000020 NSack00000000 (C0.0% S:0.0) [  ]
20:03:13.30   LoadArbitrator::UpdateLoadProgress - info, player "[0:6]" finished loading with checksum [186758690].
20:03:13.50   GameObjLoader - upgrading load_count from 0 to 143
20:03:13.58   RLINK -- SENDING FORCED ACK from Peer 8 to Peer 1 - timeSinceLastAckMS        282, transmitAckLastTimeMS     420729 | Peer ---E- M#00000000 Sack00000197 NSack00000000 (C0.0% S:0.0) [  ]
20:03:13.65   GameObjLoader 16e79600 - resetting counters
20:03:13.65   GameObjLoader 16e79600 - LOAD_DONE
20:03:14.10   RLINK -- SENDING FORCED ACK from Peer 8 to Peer 3 - timeSinceLastAckMS        445, transmitAckLastTimeMS     421248 | Peer ---E- M#00000000 Sack00000036 NSack00000000 (C0.0% S:0.0) [  ]
20:03:14.18   PreloadResources took 321ms.
20:03:14.18   LoadArbitrator::UpdateLoadProgress - info, player "[0:3]" finished loading with checksum [186758690].
20:03:14.20   GAME -- Loading completed (8 seconds)
20:03:14.20   SIM -- Setting SyncErrorChecking level to Low
20:03:14.24   LoadArbitrator::UpdateLoadProgress - info, player "[0:8]" finished loading with checksum [186758690].
20:03:14.49   RLINK -- SENDING FORCED ACK from Peer 8 to Peer 1 - timeSinceLastAckMS        258, transmitAckLastTimeMS     421645 | Peer ---E- M#00000000 Sack00000200 NSack00000000 (C0.0% S:0.0) [  ]
20:03:14.49   RLINK -- SENDING FORCED ACK from Peer 8 to Peer 10 - timeSinceLastAckMS        258, transmitAckLastTimeMS     421645 | Peer ---E- M#00000000 Sack00000022 NSack00000000 (C0.0% S:0.0) [  ]
20:03:14.77   RLINK -- SENDING FORCED ACK from Peer 8 to Peer 1 - timeSinceLastAckMS        278, transmitAckLastTimeMS     421923 | Peer ---E- M#00000000 Sack00000201 NSack00000000 (C0.0% S:0.0) [  ]
20:03:14.81   LoadArbitrator::UpdateLoadProgress - info, player "[0:20]" finished loading with checksum [186758690].
20:03:14.83   RLINK -- SENDING FORCED ACK from Peer 8 to Peer 20 - timeSinceLastAckMS        596, transmitAckLastTimeMS     421983 | Peer ---E- M#00000000 Sack00000019 NSack00000000 (C0.0% S:0.0) [  ]
20:03:14.93   LoadArbitrator::UpdateLoadProgress - info, player "[0:6]" finished loading with checksum [186758690].
20:03:14.95   RLINK -- SENDING FORCED ACK from Peer 8 to Peer 6 - timeSinceLastAckMS        719, transmitAckLastTimeMS     422106 | Peer ---E- M#00000000 Sack00000021 NSack00000000 (C0.0% S:0.0) [  ]
20:03:15.08   RLINK -- SENDING FORCED ACK from Peer 8 to Peer 1 - timeSinceLastAckMS        306, transmitAckLastTimeMS     422229 | Peer ---E- M#00000000 Sack00000202 NSack00000000 (C0.0% S:0.0) [  ]
20:03:15.35   RLINK -- SENDING FORCED ACK from Peer 8 to Peer 1 - timeSinceLastAckMS        275, transmitAckLastTimeMS     422504 | Peer ---E- M#00000000 Sack00000203 NSack00000000 (C0.0% S:0.0) [  ]
20:03:15.72   RLINK -- SENDING FORCED ACK from Peer 8 to Peer 1 - timeSinceLastAckMS        369, transmitAckLastTimeMS     422873 | Peer ---E- M#00000000 Sack00000204 NSack00000000 (C0.0% S:0.0) [  ]
20:03:16.00   RLINK -- SENDING FORCED ACK from Peer 8 to Peer 1 - timeSinceLastAckMS        274, transmitAckLastTimeMS     423147 | Peer ---E- M#00000000 Sack00000205 NSack00000000 (C0.0% S:0.0) [  ]
20:03:16.00   LoadArbitrator::UpdateLoadProgress - info, player "[0:8]" finished loading with checksum [186758690].
20:03:16.18   LoadArbitrator::UpdateLoadProgress - info, player "[0:3]" finished loading with checksum [186758690].
20:03:16.27   RLINK -- SENDING FORCED ACK from Peer 8 to Peer 3 - timeSinceLastAckMS        272, transmitAckLastTimeMS     423420 | Peer ---E- M#00000000 Sack00000037 NSack00000000 (C0.0% S:0.0) [  ]
20:03:16.33   RLINK -- SENDING FORCED ACK from Peer 8 to Peer 1 - timeSinceLastAckMS        333, transmitAckLastTimeMS     423481 | Peer ---E- M#00000000 Sack00000206 NSack00000000 (C0.0% S:0.0) [  ]
20:03:16.60   RLINK -- SENDING FORCED ACK from Peer 8 to Peer 1 - timeSinceLastAckMS        274, transmitAckLastTimeMS     423755 | Peer ---E- M#00000000 Sack00000207 NSack00000000 (C0.0% S:0.0) [  ]
20:03:16.82   LoadArbitrator::UpdateLoadProgress - info, player "[0:6]" finished loading with checksum [186758690].
20:03:16.82   LoadArbitrator::UpdateLoadProgress - info, player "[0:20]" finished loading with checksum [186758690].
20:03:16.85   RLINK -- SENDING FORCED ACK from Peer 8 to Peer 6 - timeSinceLastAckMS        849, transmitAckLastTimeMS     423997 | Peer ---E- M#00000000 Sack00000022 NSack00000000 (C0.0% S:0.0) [  ]
20:03:16.85   RLINK -- SENDING FORCED ACK from Peer 8 to Peer 20 - timeSinceLastAckMS        849, transmitAckLastTimeMS     423997 | Peer ---E- M#00000000 Sack00000020 NSack00000000 (C0.0% S:0.0) [  ]
20:03:16.97   RLINK -- SENDING FORCED ACK from Peer 8 to Peer 2 - timeSinceLastAckMS        969, transmitAckLastTimeMS     424117 | Peer ---E- M#00000000 Sack00000027 NSack00000000 (C0.0% S:0.0) [  ]
20:03:17.45   RLINK -- SENDING FORCED ACK from Peer 8 to Peer 2 - timeSinceLastAckMS        485, transmitAckLastTimeMS     424602 | Peer ---E- M#00000000 Sack00000028 NSack00000000 (C0.0% S:0.0) [  ]
20:03:17.57   RLINK -- SENDING FORCED ACK from Peer 8 to Peer 1 - timeSinceLastAckMS        970, transmitAckLastTimeMS     424725 | Peer ---E- M#00000000 Sack00000208 NSack00000000 (C0.0% S:0.0) [  ]
20:03:17.57   RLINK -- SENDING FORCED ACK from Peer 8 to Peer 5 - timeSinceLastAckMS       1577, transmitAckLastTimeMS     424725 | Peer ---E- M#00000000 Sack00000026 NSack00000000 (C0.0% S:0.0) [  ]
20:03:17.82   RLINK -- SENDING FORCED ACK from Peer 8 to Peer 2 - timeSinceLastAckMS        371, transmitAckLastTimeMS     424973 | Peer ---E- M#00000000 Sack00000029 NSack00000000 (C0.0% S:0.0) [  ]
20:03:17.82   RLINK -- SENDING FORCED ACK from Peer 8 to Peer 10 - timeSinceLastAckMS       1825, transmitAckLastTimeMS     424973 | Peer ---E- M#00000000 Sack00000023 NSack00000000 (C0.0% S:0.0) [  ]
20:03:18.00   LoadArbitrator::UpdateLoadProgress - info, player "[0:8]" finished loading with checksum [186758690].
20:03:18.07   LoadArbitrator::UpdateLoadProgress - info, player "[0:3]" finished loading with checksum [186758690].
20:03:18.19   RLINK -- [P#8] SrcP# 1 ignoring old retry: 208 expect: 209
20:03:18.25   RLINK -- SENDING FORCED ACK from Peer 8 to Peer 3 - timeSinceLastAckMS        253, transmitAckLastTimeMS     425400 | Peer ---E- M#00000000 Sack00000038 NSack00000000 (C0.0% S:0.0) [  ]
20:03:18.25   RLINK -- SENDING FORCED ACK from Peer 8 to Peer 10 - timeSinceLastAckMS        253, transmitAckLastTimeMS     425400 | Peer ---E- M#00000000 Sack00000024 NSack00000000 (C0.0% S:0.0) [  ]
20:03:18.59   RLINK -- SENDING FORCED ACK from Peer 8 to Peer 10 - timeSinceLastAckMS        337, transmitAckLastTimeMS     425737 | Peer ---E- M#00000000 Sack00000025 NSack00000000 (C0.0% S:0.0) [  ]
20:03:18.71   RLINK -- SENDING FORCED ACK from Peer 8 to Peer 2 - timeSinceLastAckMS        710, transmitAckLastTimeMS     425857 | Peer ---E- M#00000000 Sack00000030 NSack00000000 (C0.0% S:0.0) [  ]
20:03:18.80   LoadArbitrator::UpdateLoadProgress - info, player "[0:2]" finished loading with checksum [186758690].
20:03:18.80   LoadArbitrator::UpdateLoadProgress - info, player "[0:20]" finished loading with checksum [186758690].
20:03:18.83   RLINK -- SENDING FORCED ACK from Peer 8 to Peer 20 - timeSinceLastAckMS        832, transmitAckLastTimeMS     425979 | Peer ---E- M#00000000 Sack00000021 NSack00000000 (C0.0% S:0.0) [  ]
20:03:18.92   LoadArbitrator::UpdateLoadProgress - info, player "[0:6]" finished loading with checksum [186758690].
20:03:18.95   RLINK -- SENDING FORCED ACK from Peer 8 to Peer 6 - timeSinceLastAckMS        953, transmitAckLastTimeMS     426100 | Peer ---E- M#00000000 Sack00000023 NSack00000000 (C0.0% S:0.0) [  ]
20:03:18.98   RLINK -- SENDING FORCED ACK from Peer 8 to Peer 2 - timeSinceLastAckMS        272, transmitAckLastTimeMS     426129 | Peer ---E- M#00000000 Sack00000031 NSack00000000 (C0.0% S:0.0) [  ]
20:03:19.59   RLINK -- SENDING FORCED ACK from Peer 8 to Peer 10 - timeSinceLastAckMS       1000, transmitAckLastTimeMS     426737 | Peer ---E- M#00000000 Sack00000026 NSack00000000 (C0.0% S:0.0) [  ]
20:03:19.68   LoadArbitrator::UpdateLoadProgress - info, player "[0:10]" finished loading with checksum [186758690].
20:03:19.86   RLINK -- SENDING FORCED ACK from Peer 8 to Peer 10 - timeSinceLastAckMS        276, transmitAckLastTimeMS     427013 | Peer ---E- M#00000000 Sack00000027 NSack00000000 (C0.0% S:0.0) [  ]
20:03:20.00   LoadArbitrator::UpdateLoadProgress - info, player "[0:8]" finished loading with checksum [186758690].
20:03:20.05   LoadArbitrator::UpdateLoadProgress - info, player "[0:3]" finished loading with checksum [186758690].
20:03:20.26   RLINK -- SENDING FORCED ACK from Peer 8 to Peer 3 - timeSinceLastAckMS        260, transmitAckLastTimeMS     427408 | Peer ---E- M#00000000 Sack00000039 NSack00000000 (C0.0% S:0.0) [  ]
20:03:20.69   LoadArbitrator::UpdateLoadProgress - info, player "[0:2]" finished loading with checksum [186758690].
20:03:20.71   RLINK -- SENDING FORCED ACK from Peer 8 to Peer 2 - timeSinceLastAckMS        718, transmitAckLastTimeMS     427866 | Peer ---E- M#00000000 Sack00000032 NSack00000000 (C0.0% S:0.0) [  ]
20:03:20.81   LoadArbitrator::UpdateLoadProgress - info, player "[0:20]" finished loading with checksum [186758690].
20:03:20.84   RLINK -- SENDING FORCED ACK from Peer 8 to Peer 20 - timeSinceLastAckMS        841, transmitAckLastTimeMS     427989 | Peer ---E- M#00000000 Sack00000022 NSack00000000 (C0.0% S:0.0) [  ]
20:03:20.94   LoadArbitrator::UpdateLoadProgress - info, player "[0:6]" finished loading with checksum [186758690].
20:03:20.96   RLINK -- SENDING FORCED ACK from Peer 8 to Peer 6 - timeSinceLastAckMS        963, transmitAckLastTimeMS     428111 | Peer ---E- M#00000000 Sack00000024 NSack00000000 (C0.0% S:0.0) [  ]
20:03:21.18   LoadArbitrator::UpdateLoadProgress - info, player "[0:10]" finished loading with checksum [186758690].
20:03:21.20   RLINK -- SENDING FORCED ACK from Peer 8 to Peer 10 - timeSinceLastAckMS       1208, transmitAckLastTimeMS     428356 | Peer ---E- M#00000000 Sack00000028 NSack00000000 (C0.0% S:0.0) [  ]
20:03:21.33   RLINK -- SENDING FORCED ACK from Peer 8 to Peer 1 - timeSinceLastAckMS       1330, transmitAckLastTimeMS     428478 | Peer ---E- M#00000000 Sack00000209 NSack00000000 (C0.0% S:0.0) [  ]
20:03:22.00   LoadArbitrator::UpdateLoadProgress - info, player "[0:8]" finished loading with checksum [186758690].
20:03:22.19   LoadArbitrator::UpdateLoadProgress - info, player "[0:3]" finished loading with checksum [186758690].
20:03:22.27   RLINK -- SENDING FORCED ACK from Peer 8 to Peer 3 - timeSinceLastAckMS        276, transmitAckLastTimeMS     429425 | Peer ---E- M#00000000 Sack00000040 NSack00000000 (C0.0% S:0.0) [  ]
20:03:22.71   LoadArbitrator::UpdateLoadProgress - info, player "[0:2]" finished loading with checksum [186758690].
20:03:22.73   RLINK -- SENDING FORCED ACK from Peer 8 to Peer 2 - timeSinceLastAckMS        734, transmitAckLastTimeMS     429883 | Peer ---E- M#00000000 Sack00000033 NSack00000000 (C0.0% S:0.0) [  ]
20:03:22.86   LoadArbitrator::UpdateLoadProgress - info, player "[0:20]" finished loading with checksum [186758690].
20:03:22.89   RLINK -- SENDING FORCED ACK from Peer 8 to Peer 20 - timeSinceLastAckMS        888, transmitAckLastTimeMS     430037 | Peer ---E- M#00000000 Sack00000023 NSack00000000 (C0.0% S:0.0) [  ]
20:03:22.98   LoadArbitrator::UpdateLoadProgress - info, player "[0:6]" finished loading with checksum [186758690].
20:03:23.01   RLINK -- SENDING FORCED ACK from Peer 8 to Peer 5 - timeSinceLastAckMS       1011, transmitAckLastTimeMS     430160 | Peer ---E- M#00000000 Sack00000027 NSack00000000 (C0.0% S:0.0) [  ]
20:03:23.01   RLINK -- SENDING FORCED ACK from Peer 8 to Peer 6 - timeSinceLastAckMS       1011, transmitAckLastTimeMS     430160 | Peer ---E- M#00000000 Sack00000025 NSack00000000 (C0.0% S:0.0) [  ]
20:03:23.23   LoadArbitrator::UpdateLoadProgress - info, player "[0:10]" finished loading with checksum [186758690].
20:03:23.25   RLINK -- SENDING FORCED ACK from Peer 8 to Peer 10 - timeSinceLastAckMS       1254, transmitAckLastTimeMS     430403 | Peer ---E- M#00000000 Sack00000029 NSack00000000 (C0.0% S:0.0) [  ]
20:03:23.47   RLINK -- SENDING FORCED ACK from Peer 8 to Peer 5 - timeSinceLastAckMS        457, transmitAckLastTimeMS     430617 | Peer ---E- M#00000000 Sack00000028 NSack00000000 (C0.0% S:0.0) [  ]
20:03:23.83   RLINK -- SENDING FORCED ACK from Peer 8 to Peer 5 - timeSinceLastAckMS        367, transmitAckLastTimeMS     430984 | Peer ---E- M#00000000 Sack00000029 NSack00000000 (C0.0% S:0.0) [  ]
20:03:24.00   LoadArbitrator::UpdateLoadProgress - info, player "[0:8]" finished loading with checksum [186758690].
20:03:24.18   LoadArbitrator::UpdateLoadProgress - info, player "[0:3]" finished loading with checksum [186758690].
20:03:24.26   RLINK -- SENDING FORCED ACK from Peer 8 to Peer 3 - timeSinceLastAckMS        264, transmitAckLastTimeMS     431413 | Peer ---E- M#00000000 Sack00000041 NSack00000000 (C0.0% S:0.0) [  ]
20:03:24.69   LoadArbitrator::UpdateLoadProgress - info, player "[0:2]" finished loading with checksum [186758690].
20:03:24.72   RLINK -- SENDING FORCED ACK from Peer 8 to Peer 2 - timeSinceLastAckMS        723, transmitAckLastTimeMS     431872 | Peer ---E- M#00000000 Sack00000034 NSack00000000 (C0.0% S:0.0) [  ]
20:03:24.82   LoadArbitrator::UpdateLoadProgress - info, player "[0:6]" finished loading with checksum [186758690].
20:03:24.82   LoadArbitrator::UpdateLoadProgress - info, player "[0:20]" finished loading with checksum [186758690].
20:03:24.84   RLINK -- SENDING FORCED ACK from Peer 8 to Peer 6 - timeSinceLastAckMS        845, transmitAckLastTimeMS     431994 | Peer ---E- M#00000000 Sack00000026 NSack00000000 (C0.0% S:0.0) [  ]
20:03:24.84   RLINK -- SENDING FORCED ACK from Peer 8 to Peer 20 - timeSinceLastAckMS        845, transmitAckLastTimeMS     431994 | Peer ---E- M#00000000 Sack00000024 NSack00000000 (C0.0% S:0.0) [  ]
20:03:25.19   LoadArbitrator::UpdateLoadProgress - info, player "[0:10]" finished loading with checksum [186758690].
20:03:25.21   RLINK -- SENDING FORCED ACK from Peer 8 to Peer 5 - timeSinceLastAckMS       1215, transmitAckLastTimeMS     432364 | Peer ---E- M#00000000 Sack00000030 NSack00000000 (C0.0% S:0.0) [  ]
20:03:25.21   RLINK -- SENDING FORCED ACK from Peer 8 to Peer 10 - timeSinceLastAckMS       1215, transmitAckLastTimeMS     432364 | Peer ---E- M#00000000 Sack00000030 NSack00000000 (C0.0% S:0.0) [  ]
20:03:25.37   LoadArbitrator::UpdateLoadProgress - info, player "[0:5]" finished loading with checksum [186758690].
20:03:25.49   RLINK -- SENDING FORCED ACK from Peer 8 to Peer 5 - timeSinceLastAckMS        275, transmitAckLastTimeMS     432639 | Peer ---E- M#00000000 Sack00000031 NSack00000000 (C0.0% S:0.0) [  ]
20:03:26.00   LoadArbitrator::UpdateLoadProgress - info, player "[0:8]" finished loading with checksum [186758690].
20:03:26.20   LoadArbitrator::UpdateLoadProgress - info, player "[0:3]" finished loading with checksum [186758690].
20:03:26.25   RLINK -- SENDING FORCED ACK from Peer 8 to Peer 3 - timeSinceLastAckMS        252, transmitAckLastTimeMS     433402 | Peer ---E- M#00000000 Sack00000042 NSack00000000 (C0.0% S:0.0) [  ]
20:03:26.68   LoadArbitrator::UpdateLoadProgress - info, player "[0:2]" finished loading with checksum [186758690].
20:03:26.71   RLINK -- SENDING FORCED ACK from Peer 8 to Peer 2 - timeSinceLastAckMS        707, transmitAckLastTimeMS     433857 | Peer ---E- M#00000000 Sack00000035 NSack00000000 (C0.0% S:0.0) [  ]
20:03:26.80   LoadArbitrator::UpdateLoadProgress - info, player "[0:6]" finished loading with checksum [186758690].
20:03:26.80   LoadArbitrator::UpdateLoadProgress - info, player "[0:20]" finished loading with checksum [186758690].
20:03:26.83   RLINK -- SENDING FORCED ACK from Peer 8 to Peer 6 - timeSinceLastAckMS        829, transmitAckLastTimeMS     433979 | Peer ---E- M#00000000 Sack00000027 NSack00000000 (C0.0% S:0.0) [  ]
20:03:26.83   RLINK -- SENDING FORCED ACK from Peer 8 to Peer 20 - timeSinceLastAckMS        829, transmitAckLastTimeMS     433979 | Peer ---E- M#00000000 Sack00000025 NSack00000000 (C0.0% S:0.0) [  ]
20:03:27.20   LoadArbitrator::UpdateLoadProgress - info, player "[0:5]" finished loading with checksum [186758690].
20:03:27.20   LoadArbitrator::UpdateLoadProgress - info, player "[0:10]" finished loading with checksum [186758690].
20:03:27.23   RLINK -- SENDING FORCED ACK from Peer 8 to Peer 5 - timeSinceLastAckMS       1229, transmitAckLastTimeMS     434379 | Peer ---E- M#00000000 Sack00000032 NSack00000000 (C0.0% S:0.0) [  ]
20:03:27.23   RLINK -- SENDING FORCED ACK from Peer 8 to Peer 10 - timeSinceLastAckMS       1229, transmitAckLastTimeMS     434379 | Peer ---E- M#00000000 Sack00000031 NSack00000000 (C0.0% S:0.0) [  ]
20:03:27.84   RLINK -- SENDING FORCED ACK from Peer 8 to Peer 1 - timeSinceLastAckMS       1841, transmitAckLastTimeMS     434991 | Peer ---E- M#00000000 Sack00000210 NSack00000000 (C0.0% S:0.0) [  ]
20:03:28.00   LoadArbitrator::UpdateLoadProgress - info, player "[0:8]" finished loading with checksum [186758690].
20:03:28.18   LoadArbitrator::UpdateLoadProgress - info, player "[0:3]" finished loading with checksum [186758690].
20:03:28.26   RLINK -- SENDING FORCED ACK from Peer 8 to Peer 3 - timeSinceLastAckMS        265, transmitAckLastTimeMS     435414 | Peer ---E- M#00000000 Sack00000043 NSack00000000 (C0.0% S:0.0) [  ]
20:03:28.69   LoadArbitrator::UpdateLoadProgress - info, player "[0:2]" finished loading with checksum [186758690].
20:03:28.72   RLINK -- SENDING FORCED ACK from Peer 8 to Peer 2 - timeSinceLastAckMS        720, transmitAckLastTimeMS     435869 | Peer ---E- M#00000000 Sack00000036 NSack00000000 (C0.0% S:0.0) [  ]
20:03:28.81   LoadArbitrator::UpdateLoadProgress - info, player "[0:6]" finished loading with checksum [186758690].
20:03:28.81   LoadArbitrator::UpdateLoadProgress - info, player "[0:20]" finished loading with checksum [186758690].
20:03:28.84   RLINK -- SENDING FORCED ACK from Peer 8 to Peer 6 - timeSinceLastAckMS        842, transmitAckLastTimeMS     435991 | Peer ---E- M#00000000 Sack00000028 NSack00000000 (C0.0% S:0.0) [  ]
20:03:28.84   RLINK -- SENDING FORCED ACK from Peer 8 to Peer 20 - timeSinceLastAckMS        842, transmitAckLastTimeMS     435991 | Peer ---E- M#00000000 Sack00000026 NSack00000000 (C0.0% S:0.0) [  ]
20:03:29.18   LoadArbitrator::UpdateLoadProgress - info, player "[0:5]" finished loading with checksum [186758690].
20:03:29.18   LoadArbitrator::UpdateLoadProgress - info, player "[0:10]" finished loading with checksum [186758690].
20:03:29.21   RLINK -- SENDING FORCED ACK from Peer 8 to Peer 1 - timeSinceLastAckMS       1208, transmitAckLastTimeMS     436357 | Peer ---E- M#00000000 Sack00000211 NSack00000000 (C0.0% S:0.0) [  ]
20:03:29.21   RLINK -- SENDING FORCED ACK from Peer 8 to Peer 5 - timeSinceLastAckMS       1208, transmitAckLastTimeMS     436357 | Peer ---E- M#00000000 Sack00000033 NSack00000000 (C0.0% S:0.0) [  ]
20:03:29.21   RLINK -- SENDING FORCED ACK from Peer 8 to Peer 10 - timeSinceLastAckMS       1208, transmitAckLastTimeMS     436357 | Peer ---E- M#00000000 Sack00000032 NSack00000000 (C0.0% S:0.0) [  ]
20:03:29.60   RLINK -- SENDING FORCED ACK from Peer 8 to Peer 1 - timeSinceLastAckMS        395, transmitAckLastTimeMS     436752 | Peer ---E- M#00000000 Sack00000212 NSack00000000 (C0.0% S:0.0) [  ]
20:03:30.00   LoadArbitrator::UpdateLoadProgress - info, player "[0:8]" finished loading with checksum [186758690].
20:03:30.06   LoadArbitrator::UpdateLoadProgress - info, player "[0:3]" finished loading with checksum [186758690].
20:03:30.27   RLINK -- SENDING FORCED ACK from Peer 8 to Peer 3 - timeSinceLastAckMS        268, transmitAckLastTimeMS     437418 | Peer ---E- M#00000000 Sack00000044 NSack00000000 (C0.0% S:0.0) [  ]
20:03:30.61   RLINK -- SENDING FORCED ACK from Peer 8 to Peer 1 - timeSinceLastAckMS        606, transmitAckLastTimeMS     437756 | Peer ---E- M#00000000 Sack00000213 NSack00000000 (C0.0% S:0.0) [  ]
20:03:30.70   LoadArbitrator::UpdateLoadProgress - info, player "[0:2]" finished loading with checksum [186758690].
20:03:30.73   RLINK -- SENDING FORCED ACK from Peer 8 to Peer 2 - timeSinceLastAckMS        727, transmitAckLastTimeMS     437877 | Peer ---E- M#00000000 Sack00000037 NSack00000000 (C0.0% S:0.0) [  ]
20:03:30.82   RLINK -- [P#8] SrcP# 1 ignoring old retry: 213 expect: 214
20:03:30.82   LoadArbitrator::UpdateLoadProgress - info, player "[0:6]" finished loading with checksum [186758690].
20:03:30.82   LoadArbitrator::UpdateLoadProgress - info, player "[0:20]" finished loading with checksum [186758690].
20:03:30.85   RLINK -- SENDING FORCED ACK from Peer 8 to Peer 6 - timeSinceLastAckMS        848, transmitAckLastTimeMS     437998 | Peer ---E- M#00000000 Sack00000029 NSack00000000 (C0.0% S:0.0) [  ]
20:03:30.85   RLINK -- SENDING FORCED ACK from Peer 8 to Peer 20 - timeSinceLastAckMS        848, transmitAckLastTimeMS     437998 | Peer ---E- M#00000000 Sack00000027 NSack00000000 (C0.0% S:0.0) [  ]
20:03:31.19   LoadArbitrator::UpdateLoadProgress - info, player "[0:5]" finished loading with checksum [186758690].
20:03:31.19   LoadArbitrator::UpdateLoadProgress - info, player "[0:10]" finished loading with checksum [186758690].
20:03:31.22   RLINK -- SENDING FORCED ACK from Peer 8 to Peer 5 - timeSinceLastAckMS       1219, transmitAckLastTimeMS     438369 | Peer ---E- M#00000000 Sack00000034 NSack00000000 (C0.0% S:0.0) [  ]
20:03:31.22   RLINK -- SENDING FORCED ACK from Peer 8 to Peer 10 - timeSinceLastAckMS       1219, transmitAckLastTimeMS     438369 | Peer ---E- M#00000000 Sack00000033 NSack00000000 (C0.0% S:0.0) [  ]
20:03:31.56   LoadArbitrator::UpdateLoadProgress - info, player "[0:1]" finished loading with checksum [186758690].
20:03:31.57   Activating screen: GameScreen
20:03:31.57   Activating screen: Decorators_widescreen
20:03:31.57   Activating screen: Taskbar_widescreen
20:03:31.57   Activating screen: SubtitleScreen
20:03:31.57   Activating screen: TextOverlayScreen
20:03:31.59   RLINK -- SENDING FORCED ACK from Peer 8 to Peer 1 - timeSinceLastAckMS        983, transmitAckLastTimeMS     438739 | Peer ---E- M#00000000 Sack00000215 NSack00000000 (C0.0% S:0.0) [  ]
20:03:31.62   PerformanceRecorder::StartRecording for game size 8
20:03:31.62   GAME -- Starting mission...
20:03:32.61   Warning: binding repeat_3(Ability: abilities\reenable_capture_ability_engineers) -- ui index '0' out of bounds; range is [1, 12]
20:03:37.00   RLINK -- Transport - median kBPS [hi/cur] sent = 0.1/0.0, recvd = 0.0/0.0, #p/sec[s/r] = 0.2/0.0, max unsent 0, version err 0, merge 0
20:03:37.56   Warning: non auto-match upgrade not found in AE, tuning
20:03:38.34   RLINK -- SENDING FORCED ACK from Peer 8 to Peer 1 - timeSinceLastAckMS       6748, transmitAckLastTimeMS     445487 | Peer ---E- M#00000000 Sack00000216 NSack00000000 (C0.0% S:0.0) [  ]
20:03:45.10   RLINK -- SENDING FORCED ACK from Peer 8 to Peer 1 - timeSinceLastAckMS       6769, transmitAckLastTimeMS     452256 | Peer ---E- M#00000000 Sack00000217 NSack00000000 (C0.0% S:0.0) [  ]
20:03:46.47   RLINK -- SENDING FORCED ACK from Peer 8 to Peer 1 - timeSinceLastAckMS       1362, transmitAckLastTimeMS     453618 | Peer ---E- M#00000000 Sack00000218 NSack00000000 (C0.0% S:0.0) [  ]
20:03:46.74   RLINK -- SENDING FORCED ACK from Peer 8 to Peer 1 - timeSinceLastAckMS        273, transmitAckLastTimeMS     453891 | Peer ---E- M#00000000 Sack00000219 NSack00000000 (C0.0% S:0.0) [  ]
20:03:47.01   RLINK -- SENDING FORCED ACK from Peer 8 to Peer 1 - timeSinceLastAckMS        273, transmitAckLastTimeMS     454164 | Peer ---E- M#00000000 Sack00000220 NSack00000000 (C0.0% S:0.0) [  ]
20:03:47.28   RLINK -- SENDING FORCED ACK from Peer 8 to Peer 1 - timeSinceLastAckMS        270, transmitAckLastTimeMS     454434 | Peer ---E- M#00000000 Sack00000221 NSack00000000 (C0.0% S:0.0) [  ]
20:04:05.01   RLINK -- local      PeerID 8 LOCL ack=  0 (  0ms~0) unack=  0, retry=  0, highwaterOOS=0 (ip=WINaddr:192.168.50.236:6112;), pending=0, dead=0, RS#=0/0
20:04:05.01   RLINK --       host PeerID 1 RELY ack=279 (560ms~100) unack=  0, retry= 23, highwaterOOS=4 (ip=WINaddr:192.168.1.10:6112;), pending=0, dead=0, RS#=278/278
20:04:05.01   RLINK --            PeerID 2 RELY ack= 44 (475ms~11) unack=  0, retry=  0, highwaterOOS=0 (ip=WINaddr:192.168.91.212:6112;), pending=0, dead=0, RS#=44/44
20:04:05.01   RLINK --            PeerID 3 RELY ack= 44 (398ms~78) unack=  0, retry=  0, highwaterOOS=0 (ip=WINaddr:192.168.0.23:6112;), pending=0, dead=0, RS#=44/44
20:04:05.01   RLINK --            PeerID 5 RELY ack= 44 (475ms~10) unack=  0, retry=  0, highwaterOOS=0 (ip=WINaddr:192.168.10.3:6112;), pending=0, dead=0, RS#=44/44
20:04:05.01   RLINK --            PeerID 6 RELY ack= 44 (475ms~10) unack=  0, retry=  0, highwaterOOS=0 (ip=WINaddr:192.168.1.33:6112;), pending=0, dead=0, RS#=44/44
20:04:05.01   RLINK --            PeerID 10 RELY ack= 40 (475ms~10) unack=  0, retry=  0, highwaterOOS=0 (ip=WINaddr:192.168.178.30:6112;), pending=0, dead=0, RS#=40/40
20:04:05.01   RLINK --            PeerID 20 RELY ack= 32 (349ms~61) unack=  0, retry=  1, highwaterOOS=0 (ip=WINaddr:192.168.0.128:6112;), pending=0, dead=0, RS#=32/32
20:04:05.01   RLINK -- MessageCounts: inval=0/0, seek=0/0, join=0/0, ichk=0/0, sk_r=0/0, deny=0/0, Padd=0/0, Pdel=0/0, drop=0/0, data=476/226, mdat=0/261, voip=0/0, rchk=0/0, nudg=0/8, Thdr=0/0, Peer=409/417, PPrx=146/818, ping=0/0, Pfrg=0/0, rely=0/4, lb_p=2/2, lb_c=0/0, cast=0/0, cdat=254/0, sorq1=0/0, sorp=0/0, acto=0/0, spob=0/0, sorq2=0/0
20:04:05.26   Warning: binding selection bindings_child6() -- Binding selection bindings_child6: failed bind to widget 'build_max_background'
20:04:16.74   Activating screen: TacticalMap_widescreen
20:04:16.74   Activating screen: TextOverlayScreen
20:04:18.10   Activating screen: GameScreen
20:04:18.10   Activating screen: Decorators_widescreen
20:04:18.10   Activating screen: Taskbar_widescreen
20:04:18.10   Activating screen: SubtitleScreen
20:04:18.10   Activating screen: TextOverlayScreen
20:04:38.01   RLINK -- Transport - median kBPS [hi/cur] sent = 0.1/0.0, recvd = 0.0/0.0, #p/sec[s/r] = 0.0/0.0, max unsent 0, version err 0, merge 0
20:04:49.93   Activating screen: TacticalMap_widescreen
20:04:49.93   Activating screen: TextOverlayScreen
20:04:50.79   Activating screen: GameScreen
20:04:50.79   Activating screen: Decorators_widescreen
20:04:50.79   Activating screen: Taskbar_widescreen
20:04:50.79   Activating screen: SubtitleScreen
20:04:50.79   Activating screen: TextOverlayScreen
20:04:53.57   Activating screen: TacticalMap_widescreen
20:04:53.57   Activating screen: TextOverlayScreen
20:04:54.77   Activating screen: GameScreen
20:04:54.77   Activating screen: Decorators_widescreen
20:04:54.77   Activating screen: Taskbar_widescreen
20:04:54.77   Activating screen: SubtitleScreen
20:04:54.77   Activating screen: TextOverlayScreen
20:05:06.00   RLINK -- local      PeerID 8 LOCL ack=  0 (  0ms~0) unack=  0, retry=  0, highwaterOOS=0 (ip=WINaddr:192.168.50.236:6112;), pending=0, dead=0, RS#=0/0
20:05:06.00   RLINK --       host PeerID 1 RELY ack=279 (560ms~100) unack=  0, retry= 23, highwaterOOS=4 (ip=WINaddr:192.168.1.10:6112;), pending=0, dead=0, RS#=278/278
20:05:06.00   RLINK --            PeerID 2 RELY ack= 44 (475ms~11) unack=  0, retry=  0, highwaterOOS=0 (ip=WINaddr:192.168.91.212:6112;), pending=0, dead=0, RS#=44/44
20:05:06.00   RLINK --            PeerID 3 RELY ack= 44 (398ms~78) unack=  0, retry=  0, highwaterOOS=0 (ip=WINaddr:192.168.0.23:6112;), pending=0, dead=0, RS#=44/44
20:05:06.00   RLINK --            PeerID 5 RELY ack= 44 (475ms~10) unack=  0, retry=  0, highwaterOOS=0 (ip=WINaddr:192.168.10.3:6112;), pending=0, dead=0, RS#=44/44
20:05:06.00   RLINK --            PeerID 6 RELY ack= 44 (475ms~10) unack=  0, retry=  0, highwaterOOS=0 (ip=WINaddr:192.168.1.33:6112;), pending=0, dead=0, RS#=44/44
20:05:06.00   RLINK --            PeerID 10 RELY ack= 40 (475ms~10) unack=  0, retry=  0, highwaterOOS=0 (ip=WINaddr:192.168.178.30:6112;), pending=0, dead=0, RS#=40/40
20:05:06.00   RLINK --            PeerID 20 RELY ack= 32 (349ms~61) unack=  0, retry=  1, highwaterOOS=0 (ip=WINaddr:192.168.0.128:6112;), pending=0, dead=0, RS#=32/32
20:05:06.00   RLINK -- MessageCounts: inval=0/0, seek=0/0, join=0/0, ichk=0/0, sk_r=0/0, deny=0/0, Padd=0/0, Pdel=0/0, drop=0/0, data=504/0, mdat=0/488, voip=0/0, rchk=0/0, nudg=0/0, Thdr=0/0, Peer=0/0, PPrx=0/0, ping=0/0, Pfrg=0/0, rely=0/0, lb_p=2/2, lb_c=0/0, cast=0/0, cdat=471/0, sorq1=0/0, sorp=0/0, acto=0/0, spob=0/0, sorq2=0/0
20:05:27.43   Activating screen: TacticalMap_widescreen
20:05:27.43   Activating screen: TextOverlayScreen
20:05:27.65   RLINK -- SENDING FORCED ACK from Peer 8 to Peer 5 - timeSinceLastAckMS     116436, transmitAckLastTimeMS     554805 | Peer ---E- M#00000000 Sack00000035 NSack00000000 (C0.0% S:0.0) [  ]
20:05:28.16   Activating screen: GameScreen
20:05:28.16   Activating screen: Decorators_widescreen
20:05:28.16   Activating screen: Taskbar_widescreen
20:05:28.16   Activating screen: SubtitleScreen
20:05:28.16   Activating screen: TextOverlayScreen
20:05:28.71   Activating screen: TacticalMap_widescreen
20:05:28.71   Activating screen: TextOverlayScreen
20:05:29.27   Activating screen: GameScreen
20:05:29.27   Activating screen: Decorators_widescreen
20:05:29.27   Activating screen: Taskbar_widescreen
20:05:29.27   Activating screen: SubtitleScreen
20:05:29.27   Activating screen: TextOverlayScreen
20:05:39.00   RLINK -- Transport - median kBPS [hi/cur] sent = 0.1/0.0, recvd = 0.0/0.0, #p/sec[s/r] = 0.0/0.0, max unsent 0, version err 0, merge 0
20:05:59.25   Warning: binding repeat_1(Ability: abilities\reenable_capture_ability) -- ui index '0' out of bounds; range is [1, 12]
20:06:07.01   RLINK -- local      PeerID 8 LOCL ack=  0 (  0ms~0) unack=  0, retry=  0, highwaterOOS=0 (ip=WINaddr:192.168.50.236:6112;), pending=0, dead=0, RS#=0/0
20:06:07.01   RLINK --       host PeerID 1 RELY ack=279 (560ms~100) unack=  0, retry= 23, highwaterOOS=4 (ip=WINaddr:192.168.1.10:6112;), pending=0, dead=0, RS#=278/278
20:06:07.01   RLINK --            PeerID 2 RELY ack= 44 (475ms~11) unack=  0, retry=  0, highwaterOOS=0 (ip=WINaddr:192.168.91.212:6112;), pending=0, dead=0, RS#=44/44
20:06:07.01   RLINK --            PeerID 3 RELY ack= 44 (398ms~78) unack=  0, retry=  0, highwaterOOS=0 (ip=WINaddr:192.168.0.23:6112;), pending=0, dead=0, RS#=44/44
20:06:07.01   RLINK --            PeerID 5 RELY ack= 44 (475ms~10) unack=  0, retry=  0, highwaterOOS=0 (ip=WINaddr:192.168.10.3:6112;), pending=0, dead=0, RS#=44/44
20:06:07.01   RLINK --            PeerID 6 RELY ack= 44 (475ms~10) unack=  0, retry=  0, highwaterOOS=0 (ip=WINaddr:192.168.1.33:6112;), pending=0, dead=0, RS#=44/44
20:06:07.01   RLINK --            PeerID 10 RELY ack= 40 (475ms~10) unack=  0, retry=  0, highwaterOOS=0 (ip=WINaddr:192.168.178.30:6112;), pending=0, dead=0, RS#=40/40
20:06:07.01   RLINK --            PeerID 20 RELY ack= 32 (349ms~61) unack=  0, retry=  1, highwaterOOS=0 (ip=WINaddr:192.168.0.128:6112;), pending=0, dead=0, RS#=32/32
20:06:07.01   RLINK -- MessageCounts: inval=0/0, seek=0/0, join=0/0, ichk=0/0, sk_r=0/0, deny=0/0, Padd=0/0, Pdel=0/0, drop=0/0, data=540/1, mdat=0/488, voip=0/0, rchk=0/0, nudg=0/0, Thdr=0/0, Peer=1/1, PPrx=1/2, ping=0/0, Pfrg=0/0, rely=0/0, lb_p=2/2, lb_c=0/0, cast=0/0, cdat=473/0, sorq1=0/0, sorp=0/0, acto=0/0, spob=0/0, sorq2=0/0
20:06:14.25   Warning: binding repeat_2(Ability: abilities\reenable_capture_ability) -- ui index '0' out of bounds; range is [1, 12]
20:06:25.05   Unable to bind updater for fx [ui\reveal].  It could be looping in a fire-n-forget action.
20:06:28.95   Unable to bind updater for fx [ui\reveal].  It could be looping in a fire-n-forget action.
20:06:40.01   RLINK -- Transport - median kBPS [hi/cur] sent = 0.1/0.0, recvd = 0.0/0.0, #p/sec[s/r] = 0.0/0.0, max unsent 0, version err 0, merge 0
20:06:41.53   Unable to bind updater for fx [ui\reveal].  It could be looping in a fire-n-forget action.
20:06:46.27   Unable to bind updater for fx [ui\reveal].  It could be looping in a fire-n-forget action.
20:06:47.28   Activating screen: TacticalMap_widescreen
20:06:47.28   Activating screen: TextOverlayScreen
20:06:48.01   Activating screen: GameScreen
20:06:48.01   Activating screen: Decorators_widescreen
20:06:48.01   Activating screen: Taskbar_widescreen
20:06:48.01   Activating screen: SubtitleScreen
20:06:48.01   Activating screen: TextOverlayScreen
20:06:57.27   Unable to bind updater for fx [ui\reveal].  It could be looping in a fire-n-forget action.
20:06:59.40   Unable to bind updater for fx [ui\reveal].  It could be looping in a fire-n-forget action.
20:07:03.65   Unable to bind updater for fx [ui\reveal].  It could be looping in a fire-n-forget action.
20:07:05.38   Unable to bind updater for fx [ui\reveal].  It could be looping in a fire-n-forget action.
20:07:08.01   RLINK -- local      PeerID 8 LOCL ack=  0 (  0ms~0) unack=  0, retry=  0, highwaterOOS=0 (ip=WINaddr:192.168.50.236:6112;), pending=0, dead=0, RS#=0/0
20:07:08.01   RLINK --       host PeerID 1 RELY ack=279 (560ms~100) unack=  0, retry= 23, highwaterOOS=4 (ip=WINaddr:192.168.1.10:6112;), pending=0, dead=0, RS#=278/278
20:07:08.01   RLINK --            PeerID 2 RELY ack= 44 (475ms~11) unack=  0, retry=  0, highwaterOOS=0 (ip=WINaddr:192.168.91.212:6112;), pending=0, dead=0, RS#=44/44
20:07:08.01   RLINK --            PeerID 3 RELY ack= 44 (398ms~78) unack=  0, retry=  0, highwaterOOS=0 (ip=WINaddr:192.168.0.23:6112;), pending=0, dead=0, RS#=44/44
20:07:08.01   RLINK --            PeerID 5 RELY ack= 44 (475ms~10) unack=  0, retry=  0, highwaterOOS=0 (ip=WINaddr:192.168.10.3:6112;), pending=0, dead=0, RS#=44/44
20:07:08.01   RLINK --            PeerID 6 RELY ack= 44 (475ms~10) unack=  0, retry=  0, highwaterOOS=0 (ip=WINaddr:192.168.1.33:6112;), pending=0, dead=0, RS#=44/44
20:07:08.01   RLINK --            PeerID 10 RELY ack= 40 (475ms~10) unack=  0, retry=  0, highwaterOOS=0 (ip=WINaddr:192.168.178.30:6112;), pending=0, dead=0, RS#=40/40
20:07:08.01   RLINK --            PeerID 20 RELY ack= 32 (349ms~61) unack=  0, retry=  1, highwaterOOS=0 (ip=WINaddr:192.168.0.128:6112;), pending=0, dead=0, RS#=32/32
20:07:08.01   RLINK -- MessageCounts: inval=0/0, seek=0/0, join=0/0, ichk=0/0, sk_r=0/0, deny=0/0, Padd=0/0, Pdel=0/0, drop=0/0, data=542/0, mdat=0/488, voip=0/0, rchk=0/0, nudg=0/0, Thdr=0/0, Peer=0/0, PPrx=0/0, ping=0/0, Pfrg=0/0, rely=0/0, lb_p=2/2, lb_c=0/0, cast=0/0, cdat=474/0, sorq1=0/0, sorp=0/0, acto=0/0, spob=0/0, sorq2=0/0
20:07:12.40   Unable to bind updater for fx [ui\reveal].  It could be looping in a fire-n-forget action.
20:07:18.31   Unable to bind updater for fx [ui\reveal].  It could be looping in a fire-n-forget action.
20:07:18.31   Muting spew of bind updater.  Fix art and re-test.
20:07:27.34   RLINK -- SENDING FORCED ACK from Peer 8 to Peer 1 - timeSinceLastAckMS     220058, transmitAckLastTimeMS     674492 | Peer ---E- M#00000000 Sack00000222 NSack00000000 (C0.0% S:0.0) [  ]
20:07:28.95   RLINK -- SENDING FORCED ACK from Peer 8 to Peer 1 - timeSinceLastAckMS       1612, transmitAckLastTimeMS     676104 | Peer ---E- M#00000000 Sack00000223 NSack00000000 (C0.0% S:0.0) [  ]
20:07:41.01   RLINK -- Transport - median kBPS [hi/cur] sent = 0.1/0.0, recvd = 0.0/0.0, #p/sec[s/r] = 0.0/0.0, max unsent 0, version err 0, merge 0
20:08:09.02   RLINK -- local      PeerID 8 LOCL ack=  0 (  0ms~0) unack=  0, retry=  0, highwaterOOS=0 (ip=WINaddr:192.168.50.236:6112;), pending=0, dead=0, RS#=0/0
20:08:09.02   RLINK --       host PeerID 1 RELY ack=279 (560ms~100) unack=  0, retry= 23, highwaterOOS=4 (ip=WINaddr:192.168.1.10:6112;), pending=0, dead=0, RS#=278/278
20:08:09.02   RLINK --            PeerID 2 RELY ack= 44 (475ms~11) unack=  0, retry=  0, highwaterOOS=0 (ip=WINaddr:192.168.91.212:6112;), pending=0, dead=0, RS#=44/44
20:08:09.02   RLINK --            PeerID 3 RELY ack= 44 (398ms~78) unack=  0, retry=  0, highwaterOOS=0 (ip=WINaddr:192.168.0.23:6112;), pending=0, dead=0, RS#=44/44
20:08:09.02   RLINK --            PeerID 5 RELY ack= 44 (475ms~10) unack=  0, retry=  0, highwaterOOS=0 (ip=WINaddr:192.168.10.3:6112;), pending=0, dead=0, RS#=44/44
20:08:09.02   RLINK --            PeerID 6 RELY ack= 44 (475ms~10) unack=  0, retry=  0, highwaterOOS=0 (ip=WINaddr:192.168.1.33:6112;), pending=0, dead=0, RS#=44/44
20:08:09.02   RLINK --            PeerID 10 RELY ack= 40 (475ms~10) unack=  0, retry=  0, highwaterOOS=0 (ip=WINaddr:192.168.178.30:6112;), pending=0, dead=0, RS#=40/40
20:08:09.02   RLINK --            PeerID 20 RELY ack= 32 (349ms~61) unack=  0, retry=  1, highwaterOOS=0 (ip=WINaddr:192.168.0.128:6112;), pending=0, dead=0, RS#=32/32
20:08:09.02   RLINK -- MessageCounts: inval=0/0, seek=0/0, join=0/0, ichk=0/0, sk_r=0/0, deny=0/0, Padd=0/0, Pdel=0/0, drop=0/0, data=541/2, mdat=0/487, voip=0/0, rchk=0/0, nudg=0/0, Thdr=0/0, Peer=2/2, PPrx=2/4, ping=0/0, Pfrg=0/0, rely=0/0, lb_p=2/2, lb_c=0/0, cast=0/0, cdat=474/0, sorq1=0/0, sorp=0/0, acto=0/0, spob=0/0, sorq2=0/0
20:08:42.00   RLINK -- Transport - median kBPS [hi/cur] sent = 0.1/0.0, recvd = 0.0/0.0, #p/sec[s/r] = 0.0/0.0, max unsent 0, version err 0, merge 0
20:09:05.83   Activating screen: TacticalMap_widescreen
20:09:05.83   Activating screen: TextOverlayScreen
20:09:06.47   Activating screen: GameScreen
20:09:06.47   Activating screen: Decorators_widescreen
20:09:06.47   Activating screen: Taskbar_widescreen
20:09:06.47   Activating screen: SubtitleScreen
20:09:06.47   Activating screen: TextOverlayScreen
20:09:09.18   Activating screen: TacticalMap_widescreen
20:09:09.18   Activating screen: TextOverlayScreen
20:09:10.00   RLINK -- local      PeerID 8 LOCL ack=  0 (  0ms~0) unack=  0, retry=  0, highwaterOOS=0 (ip=WINaddr:192.168.50.236:6112;), pending=0, dead=0, RS#=0/0
20:09:10.00   RLINK --       host PeerID 1 RELY ack=279 (560ms~100) unack=  0, retry= 23, highwaterOOS=4 (ip=WINaddr:192.168.1.10:6112;), pending=0, dead=0, RS#=278/278
20:09:10.00   RLINK --            PeerID 2 RELY ack= 44 (475ms~11) unack=  0, retry=  0, highwaterOOS=0 (ip=WINaddr:192.168.91.212:6112;), pending=0, dead=0, RS#=44/44
20:09:10.00   RLINK --            PeerID 3 RELY ack= 44 (398ms~78) unack=  0, retry=  0, highwaterOOS=0 (ip=WINaddr:192.168.0.23:6112;), pending=0, dead=0, RS#=44/44
20:09:10.00   RLINK --            PeerID 5 RELY ack= 44 (475ms~10) unack=  0, retry=  0, highwaterOOS=0 (ip=WINaddr:192.168.10.3:6112;), pending=0, dead=0, RS#=44/44
20:09:10.00   RLINK --            PeerID 6 RELY ack= 44 (475ms~10) unack=  0, retry=  0, highwaterOOS=0 (ip=WINaddr:192.168.1.33:6112;), pending=0, dead=0, RS#=44/44
20:09:10.00   RLINK --            PeerID 10 RELY ack= 40 (475ms~10) unack=  0, retry=  0, highwaterOOS=0 (ip=WINaddr:192.168.178.30:6112;), pending=0, dead=0, RS#=40/40
20:09:10.00   RLINK --            PeerID 20 RELY ack= 32 (349ms~61) unack=  0, retry=  1, highwaterOOS=0 (ip=WINaddr:192.168.0.128:6112;), pending=0, dead=0, RS#=32/32
20:09:10.00   RLINK -- MessageCounts: inval=0/0, seek=0/0, join=0/0, ichk=0/0, sk_r=0/0, deny=0/0, Padd=0/0, Pdel=0/0, drop=0/0, data=537/0, mdat=0/488, voip=0/0, rchk=0/0, nudg=0/0, Thdr=0/0, Peer=0/0, PPrx=0/0, ping=0/0, Pfrg=0/0, rely=0/0, lb_p=2/2, lb_c=0/0, cast=0/0, cdat=473/0, sorq1=0/0, sorp=0/0, acto=0/0, spob=0/0, sorq2=0/0
20:09:10.35   Activating screen: GameScreen
20:09:10.35   Activating screen: Decorators_widescreen
20:09:10.35   Activating screen: Taskbar_widescreen
20:09:10.35   Activating screen: SubtitleScreen
20:09:10.35   Activating screen: TextOverlayScreen
20:09:18.25   RLINK -- SENDING FORCED ACK from Peer 8 to Peer 1 - timeSinceLastAckMS     109299, transmitAckLastTimeMS     785403 | Peer ---E- M#00000000 Sack00000224 NSack00000000 (C0.0% S:0.0) [  ]
20:09:19.38   RLINK -- SENDING FORCED ACK from Peer 8 to Peer 1 - timeSinceLastAckMS       1126, transmitAckLastTimeMS     786529 | Peer ---E- M#00000000 Sack00000225 NSack00000000 (C0.0% S:0.0) [  ]
20:09:19.65   RLINK -- SENDING FORCED ACK from Peer 8 to Peer 1 - timeSinceLastAckMS        271, transmitAckLastTimeMS     786800 | Peer ---E- M#00000000 Sack00000226 NSack00000000 (C0.0% S:0.0) [  ]
20:09:19.92   RLINK -- SENDING FORCED ACK from Peer 8 to Peer 1 - timeSinceLastAckMS        272, transmitAckLastTimeMS     787072 | Peer ---E- M#00000000 Sack00000227 NSack00000000 (C0.0% S:0.0) [  ]
20:09:23.90   Activating screen: TacticalMap_widescreen
20:09:23.90   Activating screen: TextOverlayScreen
20:09:24.82   Activating screen: GameScreen
20:09:24.82   Activating screen: Decorators_widescreen
20:09:24.82   Activating screen: Taskbar_widescreen
20:09:24.82   Activating screen: SubtitleScreen
20:09:24.82   Activating screen: TextOverlayScreen
20:09:27.14   Activating screen: Command_Tree
20:09:27.51   Activating screen: Command_Branch
20:09:32.52   RLINK -- SENDING FORCED ACK from Peer 8 to Peer 5 - timeSinceLastAckMS     244862, transmitAckLastTimeMS     799667 | Peer ---E- M#00000000 Sack00000036 NSack00000000 (C0.0% S:0.0) [  ]
20:09:37.19   Activating screen: TacticalMap_widescreen
20:09:37.19   Activating screen: TextOverlayScreen
20:09:38.18   Activating screen: GameScreen
20:09:38.18   Activating screen: Decorators_widescreen
20:09:38.18   Activating screen: Taskbar_widescreen
20:09:38.18   Activating screen: SubtitleScreen
20:09:38.18   Activating screen: TextOverlayScreen
20:09:38.73   Activating screen: TacticalMap_widescreen
20:09:38.73   Activating screen: TextOverlayScreen
20:09:39.66   Activating screen: GameScreen
20:09:39.66   Activating screen: Decorators_widescreen
20:09:39.66   Activating screen: Taskbar_widescreen
20:09:39.66   Activating screen: SubtitleScreen
20:09:39.66   Activating screen: TextOverlayScreen
20:09:40.99   Activating screen: TacticalMap_widescreen
20:09:40.99   Activating screen: TextOverlayScreen
20:09:41.64   Activating screen: GameScreen
20:09:41.64   Activating screen: Decorators_widescreen
20:09:41.64   Activating screen: Taskbar_widescreen
20:09:41.64   Activating screen: SubtitleScreen
20:09:41.64   Activating screen: TextOverlayScreen
20:09:43.00   RLINK -- Transport - median kBPS [hi/cur] sent = 0.1/0.0, recvd = 0.0/0.0, #p/sec[s/r] = 0.0/0.0, max unsent 0, version err 0, merge 0
20:09:52.49   Activating screen: TacticalMap_widescreen
20:09:52.49   Activating screen: TextOverlayScreen
20:09:53.37   Activating screen: GameScreen
20:09:53.37   Activating screen: Decorators_widescreen
20:09:53.37   Activating screen: Taskbar_widescreen
20:09:53.37   Activating screen: SubtitleScreen
20:09:53.37   Activating screen: TextOverlayScreen
20:09:55.69   Activating screen: TacticalMap_widescreen
20:09:55.69   Activating screen: TextOverlayScreen
20:09:57.24   Activating screen: GameScreen
20:09:57.24   Activating screen: Decorators_widescreen
20:09:57.24   Activating screen: Taskbar_widescreen
20:09:57.24   Activating screen: SubtitleScreen
20:09:57.24   Activating screen: TextOverlayScreen
20:10:00.90   Activating screen: TacticalMap_widescreen
20:10:00.90   Activating screen: TextOverlayScreen
20:10:01.56   Activating screen: GameScreen
20:10:01.56   Activating screen: Decorators_widescreen
20:10:01.56   Activating screen: Taskbar_widescreen
20:10:01.56   Activating screen: SubtitleScreen
20:10:01.56   Activating screen: TextOverlayScreen
20:10:11.02   RLINK -- local      PeerID 8 LOCL ack=  0 (  0ms~0) unack=  0, retry=  0, highwaterOOS=0 (ip=WINaddr:192.168.50.236:6112;), pending=0, dead=0, RS#=0/0
20:10:11.02   RLINK --       host PeerID 1 RELY ack=279 (560ms~100) unack=  0, retry= 23, highwaterOOS=4 (ip=WINaddr:192.168.1.10:6112;), pending=0, dead=0, RS#=278/278
20:10:11.02   RLINK --            PeerID 2 RELY ack= 44 (475ms~11) unack=  0, retry=  0, highwaterOOS=0 (ip=WINaddr:192.168.91.212:6112;), pending=0, dead=0, RS#=44/44
20:10:11.02   RLINK --            PeerID 3 RELY ack= 44 (398ms~78) unack=  0, retry=  0, highwaterOOS=0 (ip=WINaddr:192.168.0.23:6112;), pending=0, dead=0, RS#=44/44
20:10:11.02   RLINK --            PeerID 5 RELY ack= 44 (475ms~10) unack=  0, retry=  0, highwaterOOS=0 (ip=WINaddr:192.168.10.3:6112;), pending=0, dead=0, RS#=44/44
20:10:11.02   RLINK --            PeerID 6 RELY ack= 44 (475ms~10) unack=  0, retry=  0, highwaterOOS=0 (ip=WINaddr:192.168.1.33:6112;), pending=0, dead=0, RS#=44/44
20:10:11.02   RLINK --            PeerID 10 RELY ack= 40 (475ms~10) unack=  0, retry=  0, highwaterOOS=0 (ip=WINaddr:192.168.178.30:6112;), pending=0, dead=0, RS#=40/40
20:10:11.02   RLINK --            PeerID 20 RELY ack= 32 (349ms~61) unack=  0, retry=  1, highwaterOOS=0 (ip=WINaddr:192.168.0.128:6112;), pending=0, dead=0, RS#=32/32
20:10:11.02   RLINK -- MessageCounts: inval=0/0, seek=0/0, join=0/0, ichk=0/0, sk_r=0/0, deny=0/0, Padd=0/0, Pdel=0/0, drop=0/0, data=504/5, mdat=0/488, voip=0/0, rchk=0/0, nudg=0/0, Thdr=0/0, Peer=5/5, PPrx=5/10, ping=0/0, Pfrg=0/0, rely=0/0, lb_p=2/2, lb_c=0/0, cast=0/0, cdat=476/0, sorq1=0/0, sorp=0/0, acto=0/0, spob=0/0, sorq2=0/0
20:10:27.74   Activating screen: TacticalMap_widescreen
20:10:27.74   Activating screen: TextOverlayScreen
20:10:28.68   Activating screen: GameScreen
20:10:28.68   Activating screen: Decorators_widescreen
20:10:28.68   Activating screen: Taskbar_widescreen
20:10:28.68   Activating screen: SubtitleScreen
20:10:28.68   Activating screen: TextOverlayScreen
20:10:30.94   RLINK -- SENDING FORCED ACK from Peer 8 to Peer 6 - timeSinceLastAckMS     420089, transmitAckLastTimeMS     858087 | Peer ---E- M#00000000 Sack00000030 NSack00000000 (C0.0% S:0.0) [  ]
20:10:37.81   Activating screen: TacticalMap_widescreen
20:10:37.81   Activating screen: TextOverlayScreen
20:10:38.48   Activating screen: GameScreen
20:10:38.48   Activating screen: Decorators_widescreen
20:10:38.48   Activating screen: Taskbar_widescreen
20:10:38.48   Activating screen: SubtitleScreen
20:10:38.48   Activating screen: TextOverlayScreen
20:10:44.00   RLINK -- Transport - median kBPS [hi/cur] sent = 0.1/0.0, recvd = 0.0/0.0, #p/sec[s/r] = 0.0/0.0, max unsent 0, version err 0, merge 0
20:10:51.72   Activating screen: Command_Branch
20:11:07.58   RLINK -- SENDING FORCED ACK from Peer 8 to Peer 5 - timeSinceLastAckMS      95066, transmitAckLastTimeMS     894733 | Peer ---E- M#00000000 Sack00000037 NSack00000000 (C0.0% S:0.0) [  ]
20:11:07.85   RLINK -- SENDING FORCED ACK from Peer 8 to Peer 5 - timeSinceLastAckMS        272, transmitAckLastTimeMS     895005 | Peer ---E- M#00000000 Sack00000038 NSack00000000 (C0.0% S:0.0) [  ]
20:11:08.13   RLINK -- SENDING FORCED ACK from Peer 8 to Peer 5 - timeSinceLastAckMS        271, transmitAckLastTimeMS     895276 | Peer ---E- M#00000000 Sack00000039 NSack00000000 (C0.0% S:0.0) [  ]
20:11:12.01   RLINK -- local      PeerID 8 LOCL ack=  0 (  0ms~0) unack=  0, retry=  0, highwaterOOS=0 (ip=WINaddr:192.168.50.236:6112;), pending=0, dead=0, RS#=0/0
20:11:12.01   RLINK --       host PeerID 1 RELY ack=279 (560ms~100) unack=  0, retry= 23, highwaterOOS=4 (ip=WINaddr:192.168.1.10:6112;), pending=0, dead=0, RS#=278/278
20:11:12.01   RLINK --            PeerID 2 RELY ack= 44 (475ms~11) unack=  0, retry=  0, highwaterOOS=0 (ip=WINaddr:192.168.91.212:6112;), pending=0, dead=0, RS#=44/44
20:11:12.01   RLINK --            PeerID 3 RELY ack= 44 (398ms~78) unack=  0, retry=  0, highwaterOOS=0 (ip=WINaddr:192.168.0.23:6112;), pending=0, dead=0, RS#=44/44
20:11:12.01   RLINK --            PeerID 5 RELY ack= 44 (475ms~10) unack=  0, retry=  0, highwaterOOS=0 (ip=WINaddr:192.168.10.3:6112;), pending=0, dead=0, RS#=44/44
20:11:12.01   RLINK --            PeerID 6 RELY ack= 44 (475ms~10) unack=  0, retry=  0, highwaterOOS=0 (ip=WINaddr:192.168.1.33:6112;), pending=0, dead=0, RS#=44/44
20:11:12.01   RLINK --            PeerID 10 RELY ack= 40 (475ms~10) unack=  0, retry=  0, highwaterOOS=0 (ip=WINaddr:192.168.178.30:6112;), pending=0, dead=0, RS#=40/40
20:11:12.01   RLINK --            PeerID 20 RELY ack= 32 (349ms~61) unack=  0, retry=  1, highwaterOOS=0 (ip=WINaddr:192.168.0.128:6112;), pending=0, dead=0, RS#=32/32
20:11:12.01   RLINK -- MessageCounts: inval=0/0, seek=0/0, join=0/0, ichk=0/0, sk_r=0/0, deny=0/0, Padd=0/0, Pdel=0/0, drop=0/0, data=514/4, mdat=0/488, voip=0/0, rchk=0/0, nudg=0/0, Thdr=0/0, Peer=4/4, PPrx=4/8, ping=0/0, Pfrg=0/0, rely=0/0, lb_p=2/2, lb_c=0/0, cast=0/0, cdat=475/0, sorq1=0/0, sorp=0/0, acto=0/0, spob=0/0, sorq2=0/0
20:11:40.84   RLINK -- SENDING FORCED ACK from Peer 8 to Peer 1 - timeSinceLastAckMS     140920, transmitAckLastTimeMS     927992 | Peer ---E- M#00000000 Sack00000228 NSack00000000 (C0.0% S:0.0) [  ]
20:11:41.11   RLINK -- SENDING FORCED ACK from Peer 8 to Peer 1 - timeSinceLastAckMS        273, transmitAckLastTimeMS     928265 | Peer ---E- M#00000000 Sack00000230 NSack00000000 (C0.0% S:0.0) [  ]
20:11:45.00   RLINK -- Transport - median kBPS [hi/cur] sent = 0.1/0.0, recvd = 0.0/0.0, #p/sec[s/r] = 0.0/0.0, max unsent 0, version err 0, merge 0
20:12:13.00   RLINK -- local      PeerID 8 LOCL ack=  0 (  0ms~0) unack=  0, retry=  0, highwaterOOS=0 (ip=WINaddr:192.168.50.236:6112;), pending=0, dead=0, RS#=0/0
20:12:13.00   RLINK --       host PeerID 1 RELY ack=279 (560ms~100) unack=  0, retry= 23, highwaterOOS=4 (ip=WINaddr:192.168.1.10:6112;), pending=0, dead=0, RS#=278/278
20:12:13.00   RLINK --            PeerID 2 RELY ack= 44 (475ms~11) unack=  0, retry=  0, highwaterOOS=0 (ip=WINaddr:192.168.91.212:6112;), pending=0, dead=0, RS#=44/44
20:12:13.00   RLINK --            PeerID 3 RELY ack= 44 (398ms~78) unack=  0, retry=  0, highwaterOOS=0 (ip=WINaddr:192.168.0.23:6112;), pending=0, dead=0, RS#=44/44
20:12:13.00   RLINK --            PeerID 5 RELY ack= 44 (475ms~10) unack=  0, retry=  0, highwaterOOS=0 (ip=WINaddr:192.168.10.3:6112;), pending=0, dead=0, RS#=44/44
20:12:13.00   RLINK --            PeerID 6 RELY ack= 44 (475ms~10) unack=  0, retry=  0, highwaterOOS=0 (ip=WINaddr:192.168.1.33:6112;), pending=0, dead=0, RS#=44/44
20:12:13.00   RLINK --            PeerID 10 RELY ack= 40 (475ms~10) unack=  0, retry=  0, highwaterOOS=0 (ip=WINaddr:192.168.178.30:6112;), pending=0, dead=0, RS#=40/40
20:12:13.00   RLINK --            PeerID 20 RELY ack= 32 (349ms~61) unack=  0, retry=  1, highwaterOOS=0 (ip=WINaddr:192.168.0.128:6112;), pending=0, dead=0, RS#=32/32
20:12:13.00   RLINK -- MessageCounts: inval=0/0, seek=0/0, join=0/0, ichk=0/0, sk_r=0/0, deny=0/0, Padd=0/0, Pdel=0/0, drop=0/0, data=526/3, mdat=0/487, voip=0/0, rchk=0/0, nudg=0/0, Thdr=0/0, Peer=3/3, PPrx=2/6, ping=0/0, Pfrg=0/0, rely=0/0, lb_p=2/2, lb_c=0/0, cast=0/0, cdat=475/0, sorq1=0/0, sorp=0/0, acto=0/0, spob=0/0, sorq2=0/0
20:12:46.00   RLINK -- Transport - median kBPS [hi/cur] sent = 0.1/0.0, recvd = 0.0/0.0, #p/sec[s/r] = 0.0/0.0, max unsent 0, version err 0, merge 0
20:13:14.01   RLINK -- local      PeerID 8 LOCL ack=  0 (  0ms~0) unack=  0, retry=  0, highwaterOOS=0 (ip=WINaddr:192.168.50.236:6112;), pending=0, dead=0, RS#=0/0
20:13:14.01   RLINK --       host PeerID 1 RELY ack=279 (560ms~100) unack=  0, retry= 23, highwaterOOS=4 (ip=WINaddr:192.168.1.10:6112;), pending=0, dead=0, RS#=278/278
20:13:14.01   RLINK --            PeerID 2 RELY ack= 44 (475ms~11) unack=  0, retry=  0, highwaterOOS=0 (ip=WINaddr:192.168.91.212:6112;), pending=0, dead=0, RS#=44/44
20:13:14.01   RLINK --            PeerID 3 RELY ack= 44 (398ms~78) unack=  0, retry=  0, highwaterOOS=0 (ip=WINaddr:192.168.0.23:6112;), pending=0, dead=0, RS#=44/44
20:13:14.01   RLINK --            PeerID 5 RELY ack= 44 (475ms~10) unack=  0, retry=  0, highwaterOOS=0 (ip=WINaddr:192.168.10.3:6112;), pending=0, dead=0, RS#=44/44
20:13:14.01   RLINK --            PeerID 6 RELY ack= 44 (475ms~10) unack=  0, retry=  0, highwaterOOS=0 (ip=WINaddr:192.168.1.33:6112;), pending=0, dead=0, RS#=44/44
20:13:14.01   RLINK --            PeerID 10 RELY ack= 40 (475ms~10) unack=  0, retry=  0, highwaterOOS=0 (ip=WINaddr:192.168.178.30:6112;), pending=0, dead=0, RS#=40/40
20:13:14.01   RLINK --            PeerID 20 RELY ack= 32 (349ms~61) unack=  0, retry=  1, highwaterOOS=0 (ip=WINaddr:192.168.0.128:6112;), pending=0, dead=0, RS#=32/32
20:13:14.01   RLINK -- MessageCounts: inval=0/0, seek=0/0, join=0/0, ichk=0/0, sk_r=0/0, deny=0/0, Padd=0/0, Pdel=0/0, drop=0/0, data=514/0, mdat=0/488, voip=0/0, rchk=0/0, nudg=0/0, Thdr=0/0, Peer=0/0, PPrx=0/0, ping=0/0, Pfrg=0/0, rely=0/0, lb_p=2/2, lb_c=0/0, cast=0/0, cdat=477/0, sorq1=0/0, sorp=0/0, acto=0/0, spob=0/0, sorq2=0/0
20:13:47.00   RLINK -- Transport - median kBPS [hi/cur] sent = 0.1/0.0, recvd = 0.0/0.0, #p/sec[s/r] = 0.0/0.0, max unsent 0, version err 0, merge 0
20:14:15.01   RLINK -- local      PeerID 8 LOCL ack=  0 (  0ms~0) unack=  0, retry=  0, highwaterOOS=0 (ip=WINaddr:192.168.50.236:6112;), pending=0, dead=0, RS#=0/0
20:14:15.01   RLINK --       host PeerID 1 RELY ack=279 (560ms~100) unack=  0, retry= 23, highwaterOOS=4 (ip=WINaddr:192.168.1.10:6112;), pending=0, dead=0, RS#=278/278
20:14:15.01   RLINK --            PeerID 2 RELY ack= 44 (475ms~11) unack=  0, retry=  0, highwaterOOS=0 (ip=WINaddr:192.168.91.212:6112;), pending=0, dead=0, RS#=44/44
20:14:15.01   RLINK --            PeerID 3 RELY ack= 44 (398ms~78) unack=  0, retry=  0, highwaterOOS=0 (ip=WINaddr:192.168.0.23:6112;), pending=0, dead=0, RS#=44/44
20:14:15.01   RLINK --            PeerID 5 RELY ack= 44 (475ms~10) unack=  0, retry=  0, highwaterOOS=0 (ip=WINaddr:192.168.10.3:6112;), pending=0, dead=0, RS#=44/44
20:14:15.01   RLINK --            PeerID 6 RELY ack= 44 (475ms~10) unack=  0, retry=  0, highwaterOOS=0 (ip=WINaddr:192.168.1.33:6112;), pending=0, dead=0, RS#=44/44
20:14:15.01   RLINK --            PeerID 10 RELY ack= 40 (475ms~10) unack=  0, retry=  0, highwaterOOS=0 (ip=WINaddr:192.168.178.30:6112;), pending=0, dead=0, RS#=40/40
20:14:15.01   RLINK --            PeerID 20 RELY ack= 32 (349ms~61) unack=  0, retry=  1, highwaterOOS=0 (ip=WINaddr:192.168.0.128:6112;), pending=0, dead=0, RS#=32/32
20:14:15.01   RLINK -- MessageCounts: inval=0/0, seek=0/0, join=0/0, ichk=0/0, sk_r=0/0, deny=0/0, Padd=0/0, Pdel=0/0, drop=0/0, data=540/0, mdat=0/488, voip=0/0, rchk=0/0, nudg=0/0, Thdr=0/0, Peer=0/0, PPrx=0/0, ping=0/0, Pfrg=0/0, rely=0/0, lb_p=2/2, lb_c=0/0, cast=0/0, cdat=476/0, sorq1=0/0, sorp=0/0, acto=0/0, spob=0/0, sorq2=0/0
20:14:48.01   RLINK -- Transport - median kBPS [hi/cur] sent = 0.1/0.0, recvd = 0.0/0.0, #p/sec[s/r] = 0.0/0.0, max unsent 0, version err 0, merge 0
20:15:16.01   RLINK -- local      PeerID 8 LOCL ack=  0 (  0ms~0) unack=  0, retry=  0, highwaterOOS=0 (ip=WINaddr:192.168.50.236:6112;), pending=0, dead=0, RS#=0/0
20:15:16.01   RLINK --       host PeerID 1 RELY ack=279 (560ms~100) unack=  0, retry= 23, highwaterOOS=4 (ip=WINaddr:192.168.1.10:6112;), pending=0, dead=0, RS#=278/278
20:15:16.01   RLINK --            PeerID 2 RELY ack= 44 (475ms~11) unack=  0, retry=  0, highwaterOOS=0 (ip=WINaddr:192.168.91.212:6112;), pending=0, dead=0, RS#=44/44
20:15:16.01   RLINK --            PeerID 3 RELY ack= 44 (398ms~78) unack=  0, retry=  0, highwaterOOS=0 (ip=WINaddr:192.168.0.23:6112;), pending=0, dead=0, RS#=44/44
20:15:16.01   RLINK --            PeerID 5 RELY ack= 44 (475ms~10) unack=  0, retry=  0, highwaterOOS=0 (ip=WINaddr:192.168.10.3:6112;), pending=0, dead=0, RS#=44/44
20:15:16.01   RLINK --            PeerID 6 RELY ack= 44 (475ms~10) unack=  0, retry=  0, highwaterOOS=0 (ip=WINaddr:192.168.1.33:6112;), pending=0, dead=0, RS#=44/44
20:15:16.01   RLINK --            PeerID 10 RELY ack= 40 (475ms~10) unack=  0, retry=  0, highwaterOOS=0 (ip=WINaddr:192.168.178.30:6112;), pending=0, dead=0, RS#=40/40
20:15:16.01   RLINK --            PeerID 20 RELY ack= 32 (349ms~61) unack=  0, retry=  1, highwaterOOS=0 (ip=WINaddr:192.168.0.128:6112;), pending=0, dead=0, RS#=32/32
20:15:16.01   RLINK -- MessageCounts: inval=0/0, seek=0/0, join=0/0, ichk=0/0, sk_r=0/0, deny=0/0, Padd=0/0, Pdel=0/0, drop=0/0, data=531/0, mdat=0/488, voip=0/0, rchk=0/0, nudg=0/0, Thdr=0/0, Peer=0/0, PPrx=0/0, ping=0/0, Pfrg=0/0, rely=0/0, lb_p=2/2, lb_c=0/0, cast=0/0, cdat=475/0, sorq1=0/0, sorp=0/0, acto=0/0, spob=0/0, sorq2=0/0
20:15:49.00   RLINK -- Transport - median kBPS [hi/cur] sent = 0.1/0.0, recvd = 0.0/0.0, #p/sec[s/r] = 0.0/0.0, max unsent 0, version err 0, merge 0
20:15:56.97   Activating screen: TacticalMap_widescreen
20:15:56.97   Activating screen: TextOverlayScreen
20:15:57.83   Activating screen: GameScreen
20:15:57.83   Activating screen: Decorators_widescreen
20:15:57.83   Activating screen: Taskbar_widescreen
20:15:57.83   Activating screen: SubtitleScreen
20:15:57.83   Activating screen: TextOverlayScreen
20:15:58.59   Activating screen: TacticalMap_widescreen
20:15:58.59   Activating screen: TextOverlayScreen
20:16:00.68   Activating screen: GameScreen
20:16:00.68   Activating screen: Decorators_widescreen
20:16:00.68   Activating screen: Taskbar_widescreen
20:16:00.68   Activating screen: SubtitleScreen
20:16:00.68   Activating screen: TextOverlayScreen
20:16:01.19   Activating screen: TacticalMap_widescreen
20:16:01.19   Activating screen: TextOverlayScreen
20:16:01.89   Activating screen: GameScreen
20:16:01.89   Activating screen: Decorators_widescreen
20:16:01.89   Activating screen: Taskbar_widescreen
20:16:01.89   Activating screen: SubtitleScreen
20:16:01.89   Activating screen: TextOverlayScreen
20:16:17.02   RLINK -- local      PeerID 8 LOCL ack=  0 (  0ms~0) unack=  0, retry=  0, highwaterOOS=0 (ip=WINaddr:192.168.50.236:6112;), pending=0, dead=0, RS#=0/0
20:16:17.02   RLINK --       host PeerID 1 RELY ack=279 (560ms~100) unack=  0, retry= 23, highwaterOOS=4 (ip=WINaddr:192.168.1.10:6112;), pending=0, dead=0, RS#=278/278
20:16:17.02   RLINK --            PeerID 2 RELY ack= 44 (475ms~11) unack=  0, retry=  0, highwaterOOS=0 (ip=WINaddr:192.168.91.212:6112;), pending=0, dead=0, RS#=44/44
20:16:17.02   RLINK --            PeerID 3 RELY ack= 44 (398ms~78) unack=  0, retry=  0, highwaterOOS=0 (ip=WINaddr:192.168.0.23:6112;), pending=0, dead=0, RS#=44/44
20:16:17.02   RLINK --            PeerID 5 RELY ack= 44 (475ms~10) unack=  0, retry=  0, highwaterOOS=0 (ip=WINaddr:192.168.10.3:6112;), pending=0, dead=0, RS#=44/44
20:16:17.02   RLINK --            PeerID 6 RELY ack= 44 (475ms~10) unack=  0, retry=  0, highwaterOOS=0 (ip=WINaddr:192.168.1.33:6112;), pending=0, dead=0, RS#=44/44
20:16:17.02   RLINK --            PeerID 10 RELY ack= 40 (475ms~10) unack=  0, retry=  0, highwaterOOS=0 (ip=WINaddr:192.168.178.30:6112;), pending=0, dead=0, RS#=40/40
20:16:17.02   RLINK --            PeerID 20 RELY ack= 32 (349ms~61) unack=  0, retry=  1, highwaterOOS=0 (ip=WINaddr:192.168.0.128:6112;), pending=0, dead=0, RS#=32/32
20:16:17.02   RLINK -- MessageCounts: inval=0/0, seek=0/0, join=0/0, ichk=0/0, sk_r=0/0, deny=0/0, Padd=0/0, Pdel=0/0, drop=0/0, data=509/0, mdat=0/487, voip=0/0, rchk=0/0, nudg=0/0, Thdr=0/0, Peer=0/0, PPrx=0/0, ping=0/0, Pfrg=0/0, rely=0/0, lb_p=2/2, lb_c=0/0, cast=0/0, cdat=478/0, sorq1=0/0, sorp=0/0, acto=0/0, spob=0/0, sorq2=0/0
20:16:50.00   RLINK -- Transport - median kBPS [hi/cur] sent = 0.1/0.0, recvd = 0.0/0.0, #p/sec[s/r] = 0.0/0.0, max unsent 0, version err 0, merge 0
20:16:59.86   Activating screen: TacticalMap_widescreen
20:16:59.86   Activating screen: TextOverlayScreen
20:17:00.94   Activating screen: GameScreen
20:17:00.94   Activating screen: Decorators_widescreen
20:17:00.94   Activating screen: Taskbar_widescreen
20:17:00.94   Activating screen: SubtitleScreen
20:17:00.94   Activating screen: TextOverlayScreen
20:17:18.00   RLINK -- local      PeerID 8 LOCL ack=  0 (  0ms~0) unack=  0, retry=  0, highwaterOOS=0 (ip=WINaddr:192.168.50.236:6112;), pending=0, dead=0, RS#=0/0
20:17:18.00   RLINK --       host PeerID 1 RELY ack=279 (560ms~100) unack=  0, retry= 23, highwaterOOS=4 (ip=WINaddr:192.168.1.10:6112;), pending=0, dead=0, RS#=278/278
20:17:18.00   RLINK --            PeerID 2 RELY ack= 44 (475ms~11) unack=  0, retry=  0, highwaterOOS=0 (ip=WINaddr:192.168.91.212:6112;), pending=0, dead=0, RS#=44/44
20:17:18.00   RLINK --            PeerID 3 RELY ack= 44 (398ms~78) unack=  0, retry=  0, highwaterOOS=0 (ip=WINaddr:192.168.0.23:6112;), pending=0, dead=0, RS#=44/44
20:17:18.00   RLINK --            PeerID 5 RELY ack= 44 (475ms~10) unack=  0, retry=  0, highwaterOOS=0 (ip=WINaddr:192.168.10.3:6112;), pending=0, dead=0, RS#=44/44
20:17:18.00   RLINK --            PeerID 6 RELY ack= 44 (475ms~10) unack=  0, retry=  0, highwaterOOS=0 (ip=WINaddr:192.168.1.33:6112;), pending=0, dead=0, RS#=44/44
20:17:18.00   RLINK --            PeerID 10 RELY ack= 40 (475ms~10) unack=  0, retry=  0, highwaterOOS=0 (ip=WINaddr:192.168.178.30:6112;), pending=0, dead=0, RS#=40/40
20:17:18.00   RLINK --            PeerID 20 RELY ack= 32 (349ms~61) unack=  0, retry=  1, highwaterOOS=0 (ip=WINaddr:192.168.0.128:6112;), pending=0, dead=0, RS#=32/32
20:17:18.00   RLINK -- MessageCounts: inval=0/0, seek=0/0, join=0/0, ichk=0/0, sk_r=0/0, deny=0/0, Padd=0/0, Pdel=0/0, drop=0/0, data=538/0, mdat=0/488, voip=0/0, rchk=0/0, nudg=0/0, Thdr=0/0, Peer=0/0, PPrx=0/0, ping=0/0, Pfrg=0/0, rely=0/0, lb_p=2/2, lb_c=0/0, cast=0/0, cdat=472/0, sorq1=0/0, sorp=0/0, acto=0/0, spob=0/0, sorq2=0/0
20:17:29.55   RLINK -- SENDING RETRY - Peer 8 to Peer 1 retryTimeMS       1060 oneMsg.lastTransmitTime    1275619, timeSinceLastTransmitMS       1084 | Peer RS--- M#00000279 Sack00000230 NSack00000000 (C0.0% S:0.0) [ PKT SIZE:37 data DestChannel:H�, Size:33  ]
20:17:31.63   Activating screen: TacticalMap_widescreen
20:17:31.63   Activating screen: TextOverlayScreen
20:17:31.81   Activating screen: GameScreen
20:17:31.81   Activating screen: Decorators_widescreen
20:17:31.81   Activating screen: Taskbar_widescreen
20:17:31.81   Activating screen: SubtitleScreen
20:17:31.81   Activating screen: TextOverlayScreen
20:17:50.63   RLINK -- SENDING FORCED ACK from Peer 8 to Peer 3 - timeSinceLastAckMS      22159, transmitAckLastTimeMS    1297778 | Peer ---E- M#00000000 Sack00000045 NSack00000000 (C0.0% S:0.0) [  ]
20:17:51.00   RLINK -- Transport - median kBPS [hi/cur] sent = 0.1/0.0, recvd = 0.0/0.0, #p/sec[s/r] = 0.0/0.0, max unsent 0, version err 0, merge 0
20:18:19.00   RLINK -- local      PeerID 8 LOCL ack=  0 (  0ms~0) unack=  0, retry=  0, highwaterOOS=0 (ip=WINaddr:192.168.50.236:6112;), pending=0, dead=0, RS#=0/0
20:18:19.00   RLINK --       host PeerID 1 RELY ack=280 (560ms~100) unack=  0, retry= 24, highwaterOOS=4 (ip=WINaddr:192.168.1.10:6112;), pending=0, dead=0, RS#=279/279
20:18:19.00   RLINK --            PeerID 2 RELY ack= 45 (505ms~36) unack=  0, retry=  0, highwaterOOS=0 (ip=WINaddr:192.168.91.212:6112;), pending=0, dead=0, RS#=45/45
20:18:19.00   RLINK --            PeerID 3 RELY ack= 45 (407ms~48) unack=  0, retry=  0, highwaterOOS=0 (ip=WINaddr:192.168.0.23:6112;), pending=0, dead=0, RS#=45/45
20:18:19.00   RLINK --            PeerID 5 RELY ack= 45 (505ms~36) unack=  0, retry=  0, highwaterOOS=0 (ip=WINaddr:192.168.10.3:6112;), pending=0, dead=0, RS#=45/45
20:18:19.00   RLINK --            PeerID 6 RELY ack= 45 (505ms~36) unack=  0, retry=  0, highwaterOOS=0 (ip=WINaddr:192.168.1.33:6112;), pending=0, dead=0, RS#=45/45
20:18:19.00   RLINK --            PeerID 10 RELY ack= 41 (505ms~36) unack=  0, retry=  0, highwaterOOS=0 (ip=WINaddr:192.168.178.30:6112;), pending=0, dead=0, RS#=41/41
20:18:19.00   RLINK --            PeerID 20 RELY ack= 33 (442ms~124) unack=  0, retry=  1, highwaterOOS=0 (ip=WINaddr:192.168.0.128:6112;), pending=0, dead=0, RS#=33/33
20:18:19.00   RLINK -- MessageCounts: inval=0/0, seek=0/0, join=0/0, ichk=0/0, sk_r=0/0, deny=0/0, Padd=0/0, Pdel=0/0, drop=0/0, data=511/3, mdat=0/488, voip=0/0, rchk=0/0, nudg=0/0, Thdr=0/0, Peer=8/8, PPrx=3/16, ping=0/0, Pfrg=0/0, rely=0/0, lb_p=2/2, lb_c=0/0, cast=0/0, cdat=475/0, sorq1=0/0, sorp=0/0, acto=0/0, spob=0/0, sorq2=0/0
20:18:47.68   Activating screen: TacticalMap_widescreen
20:18:47.68   Activating screen: TextOverlayScreen
20:18:50.34   Activating screen: GameScreen
20:18:50.34   Activating screen: Decorators_widescreen
20:18:50.34   Activating screen: Taskbar_widescreen
20:18:50.34   Activating screen: SubtitleScreen
20:18:50.34   Activating screen: TextOverlayScreen
20:18:50.81   Activating screen: TacticalMap_widescreen
20:18:50.81   Activating screen: TextOverlayScreen
20:18:51.53   Activating screen: GameScreen
20:18:51.53   Activating screen: Decorators_widescreen
20:18:51.53   Activating screen: Taskbar_widescreen
20:18:51.53   Activating screen: SubtitleScreen
20:18:51.53   Activating screen: TextOverlayScreen
20:18:52.01   RLINK -- Transport - median kBPS [hi/cur] sent = 0.1/0.0, recvd = 0.0/0.0, #p/sec[s/r] = 0.0/0.0, max unsent 0, version err 0, merge 0
20:19:06.42   Activating screen: TacticalMap_widescreen
20:19:06.42   Activating screen: TextOverlayScreen
20:19:08.21   Activating screen: GameScreen
20:19:08.21   Activating screen: Decorators_widescreen
20:19:08.21   Activating screen: Taskbar_widescreen
20:19:08.21   Activating screen: SubtitleScreen
20:19:08.21   Activating screen: TextOverlayScreen
20:19:12.93   RLINK -- SENDING FORCED ACK from Peer 8 to Peer 6 - timeSinceLastAckMS     104460, transmitAckLastTimeMS    1380079 | Peer ---E- M#00000000 Sack00000031 NSack00000000 (C0.0% S:0.0) [  ]
20:19:20.00   RLINK -- local      PeerID 8 LOCL ack=  0 (  0ms~0) unack=  0, retry=  0, highwaterOOS=0 (ip=WINaddr:192.168.50.236:6112;), pending=0, dead=0, RS#=0/0
20:19:20.00   RLINK --       host PeerID 1 RELY ack=280 (560ms~100) unack=  0, retry= 24, highwaterOOS=4 (ip=WINaddr:192.168.1.10:6112;), pending=0, dead=0, RS#=279/279
20:19:20.00   RLINK --            PeerID 2 RELY ack= 45 (505ms~36) unack=  0, retry=  0, highwaterOOS=0 (ip=WINaddr:192.168.91.212:6112;), pending=0, dead=0, RS#=45/45
20:19:20.00   RLINK --            PeerID 3 RELY ack= 45 (407ms~48) unack=  0, retry=  0, highwaterOOS=0 (ip=WINaddr:192.168.0.23:6112;), pending=0, dead=0, RS#=45/45
20:19:20.00   RLINK --            PeerID 5 RELY ack= 45 (505ms~36) unack=  0, retry=  0, highwaterOOS=0 (ip=WINaddr:192.168.10.3:6112;), pending=0, dead=0, RS#=45/45
20:19:20.00   RLINK --            PeerID 6 RELY ack= 45 (505ms~36) unack=  0, retry=  0, highwaterOOS=0 (ip=WINaddr:192.168.1.33:6112;), pending=0, dead=0, RS#=45/45
20:19:20.00   RLINK --            PeerID 10 RELY ack= 41 (505ms~36) unack=  0, retry=  0, highwaterOOS=0 (ip=WINaddr:192.168.178.30:6112;), pending=0, dead=0, RS#=41/41
20:19:20.00   RLINK --            PeerID 20 RELY ack= 33 (442ms~124) unack=  0, retry=  1, highwaterOOS=0 (ip=WINaddr:192.168.0.128:6112;), pending=0, dead=0, RS#=33/33
20:19:20.00   RLINK -- MessageCounts: inval=0/0, seek=0/0, join=0/0, ichk=0/0, sk_r=0/0, deny=0/0, Padd=0/0, Pdel=0/0, drop=0/0, data=509/1, mdat=0/488, voip=0/0, rchk=0/0, nudg=0/0, Thdr=0/0, Peer=1/1, PPrx=1/2, ping=0/0, Pfrg=0/0, rely=0/0, lb_p=2/2, lb_c=0/0, cast=0/0, cdat=480/0, sorq1=0/0, sorp=0/0, acto=0/0, spob=0/0, sorq2=0/0
20:19:24.31   RLINK -- SENDING FORCED ACK from Peer 8 to Peer 6 - timeSinceLastAckMS      11381, transmitAckLastTimeMS    1391460 | Peer ---E- M#00000000 Sack00000032 NSack00000000 (C0.0% S:0.0) [  ]
20:19:26.80   Activating screen: TacticalMap_widescreen
20:19:26.80   Activating screen: TextOverlayScreen
20:19:27.55   Activating screen: GameScreen
20:19:27.55   Activating screen: Decorators_widescreen
20:19:27.55   Activating screen: Taskbar_widescreen
20:19:27.55   Activating screen: SubtitleScreen
20:19:27.55   Activating screen: TextOverlayScreen
20:19:38.55   Activating screen: TacticalMap_widescreen
20:19:38.55   Activating screen: TextOverlayScreen
20:19:39.28   Activating screen: GameScreen
20:19:39.28   Activating screen: Decorators_widescreen
20:19:39.28   Activating screen: Taskbar_widescreen
20:19:39.28   Activating screen: SubtitleScreen
20:19:39.28   Activating screen: TextOverlayScreen
20:19:41.00   Activating screen: TacticalMap_widescreen
20:19:41.00   Activating screen: TextOverlayScreen
20:19:41.73   Activating screen: GameScreen
20:19:41.73   Activating screen: Decorators_widescreen
20:19:41.73   Activating screen: Taskbar_widescreen
20:19:41.73   Activating screen: SubtitleScreen
20:19:41.73   Activating screen: TextOverlayScreen
20:19:44.81   RLINK -- SENDING FORCED ACK from Peer 8 to Peer 6 - timeSinceLastAckMS      20501, transmitAckLastTimeMS    1411961 | Peer ---E- M#00000000 Sack00000033 NSack00000000 (C0.0% S:0.0) [  ]
20:19:53.00   RLINK -- Transport - median kBPS [hi/cur] sent = 0.1/0.0, recvd = 0.0/0.0, #p/sec[s/r] = 0.0/0.0, max unsent 0, version err 0, merge 0
20:19:56.71   RLINK -- SENDING RETRY - Peer 8 to Peer 1 retryTimeMS        994 oneMsg.lastTransmitTime    1422849, timeSinceLastTransmitMS       1010 | Peer RS--- M#00000281 Sack00000230 NSack00000000 (C0.0% S:0.0) [ PKT SIZE:23 data DestChannel:H�, Size:19  ]
20:19:57.96   Activating screen: TacticalMap_widescreen
20:19:57.96   Activating screen: TextOverlayScreen
20:19:59.14   Activating screen: GameScreen
20:19:59.14   Activating screen: Decorators_widescreen
20:19:59.14   Activating screen: Taskbar_widescreen
20:19:59.14   Activating screen: SubtitleScreen
20:19:59.14   Activating screen: TextOverlayScreen
20:20:14.74   Activating screen: TacticalMap_widescreen
20:20:14.74   Activating screen: TextOverlayScreen
20:20:15.34   Activating screen: GameScreen
20:20:15.34   Activating screen: Decorators_widescreen
20:20:15.34   Activating screen: Taskbar_widescreen
20:20:15.34   Activating screen: SubtitleScreen
20:20:15.34   Activating screen: TextOverlayScreen
20:20:19.31   Activating screen: TacticalMap_widescreen
20:20:19.31   Activating screen: TextOverlayScreen
20:20:21.00   RLINK -- local      PeerID 8 LOCL ack=  0 (  0ms~0) unack=  0, retry=  0, highwaterOOS=0 (ip=WINaddr:192.168.50.236:6112;), pending=0, dead=0, RS#=0/0
20:20:21.00   RLINK --       host PeerID 1 RELY ack=282 (494ms~115) unack=  0, retry= 25, highwaterOOS=4 (ip=WINaddr:192.168.1.10:6112;), pending=0, dead=0, RS#=281/281
20:20:21.00   RLINK --            PeerID 2 RELY ack= 47 (387ms~76) unack=  0, retry=  0, highwaterOOS=0 (ip=WINaddr:192.168.91.212:6112;), pending=0, dead=0, RS#=47/47
20:20:21.00   RLINK --            PeerID 3 RELY ack= 47 (424ms~103) unack=  0, retry=  0, highwaterOOS=0 (ip=WINaddr:192.168.0.23:6112;), pending=0, dead=0, RS#=47/47
20:20:21.00   RLINK --            PeerID 5 RELY ack= 47 (479ms~41) unack=  0, retry=  0, highwaterOOS=0 (ip=WINaddr:192.168.10.3:6112;), pending=0, dead=0, RS#=47/47
20:20:21.00   RLINK --            PeerID 6 RELY ack= 47 (479ms~41) unack=  0, retry=  0, highwaterOOS=0 (ip=WINaddr:192.168.1.33:6112;), pending=0, dead=0, RS#=47/47
20:20:21.00   RLINK --            PeerID 10 RELY ack= 43 (479ms~41) unack=  0, retry=  0, highwaterOOS=0 (ip=WINaddr:192.168.178.30:6112;), pending=0, dead=0, RS#=43/43
20:20:21.00   RLINK --            PeerID 20 RELY ack= 35 (371ms~67) unack=  0, retry=  1, highwaterOOS=0 (ip=WINaddr:192.168.0.128:6112;), pending=0, dead=0, RS#=35/35
20:20:21.00   RLINK -- MessageCounts: inval=0/0, seek=0/0, join=0/0, ichk=0/0, sk_r=0/0, deny=0/0, Padd=0/0, Pdel=0/0, drop=0/0, data=531/4, mdat=0/488, voip=0/0, rchk=0/0, nudg=0/0, Thdr=0/0, Peer=16/16, PPrx=5/32, ping=0/0, Pfrg=0/0, rely=0/0, lb_p=2/2, lb_c=0/0, cast=0/0, cdat=475/0, sorq1=0/0, sorp=0/0, acto=0/0, spob=0/0, sorq2=0/0
20:20:21.15   Activating screen: GameScreen
20:20:21.15   Activating screen: Decorators_widescreen
20:20:21.15   Activating screen: Taskbar_widescreen
20:20:21.15   Activating screen: SubtitleScreen
20:20:21.15   Activating screen: TextOverlayScreen
20:20:22.07   RLINK -- SENDING FORCED ACK from Peer 8 to Peer 5 - timeSinceLastAckMS      26368, transmitAckLastTimeMS    1449217 | Peer ---E- M#00000000 Sack00000040 NSack00000000 (C0.0% S:0.0) [  ]
20:20:35.06   Activating screen: TacticalMap_widescreen
20:20:35.06   Activating screen: TextOverlayScreen
20:20:35.74   Activating screen: GameScreen
20:20:35.74   Activating screen: Decorators_widescreen
20:20:35.74   Activating screen: Taskbar_widescreen
20:20:35.74   Activating screen: SubtitleScreen
20:20:35.74   Activating screen: TextOverlayScreen
20:20:38.56   Activating screen: TacticalMap_widescreen
20:20:38.56   Activating screen: TextOverlayScreen
20:20:39.72   Activating screen: GameScreen
20:20:39.72   Activating screen: Decorators_widescreen
20:20:39.72   Activating screen: Taskbar_widescreen
20:20:39.72   Activating screen: SubtitleScreen
20:20:39.72   Activating screen: TextOverlayScreen
20:20:54.00   RLINK -- Transport - median kBPS [hi/cur] sent = 0.1/0.0, recvd = 0.0/0.0, #p/sec[s/r] = 0.0/0.0, max unsent 0, version err 0, merge 0
20:20:56.96   RLINK -- SENDING FORCED ACK from Peer 8 to Peer 5 - timeSinceLastAckMS      34895, transmitAckLastTimeMS    1484112 | Peer ---E- M#00000000 Sack00000041 NSack00000000 (C0.0% S:0.0) [  ]
20:21:16.90   Activating screen: TacticalMap_widescreen
20:21:16.90   Activating screen: TextOverlayScreen
20:21:17.84   Activating screen: GameScreen
20:21:17.84   Activating screen: Decorators_widescreen
20:21:17.85   Activating screen: Taskbar_widescreen
20:21:17.85   Activating screen: SubtitleScreen
20:21:17.85   Activating screen: TextOverlayScreen
20:21:20.45   Activating screen: TacticalMap_widescreen
20:21:20.45   Activating screen: TextOverlayScreen
20:21:21.43   Activating screen: GameScreen
20:21:21.43   Activating screen: Decorators_widescreen
20:21:21.43   Activating screen: Taskbar_widescreen
20:21:21.43   Activating screen: SubtitleScreen
20:21:21.43   Activating screen: TextOverlayScreen
20:21:22.02   RLINK -- local      PeerID 8 LOCL ack=  0 (  0ms~0) unack=  0, retry=  0, highwaterOOS=0 (ip=WINaddr:192.168.50.236:6112;), pending=0, dead=0, RS#=0/0
20:21:22.02   RLINK --       host PeerID 1 RELY ack=282 (494ms~115) unack=  0, retry= 25, highwaterOOS=4 (ip=WINaddr:192.168.1.10:6112;), pending=0, dead=0, RS#=281/281
20:21:22.02   RLINK --            PeerID 2 RELY ack= 47 (387ms~76) unack=  0, retry=  0, highwaterOOS=0 (ip=WINaddr:192.168.91.212:6112;), pending=0, dead=0, RS#=47/47
20:21:22.02   RLINK --            PeerID 3 RELY ack= 47 (424ms~103) unack=  0, retry=  0, highwaterOOS=0 (ip=WINaddr:192.168.0.23:6112;), pending=0, dead=0, RS#=47/47
20:21:22.02   RLINK --            PeerID 5 RELY ack= 47 (479ms~41) unack=  0, retry=  0, highwaterOOS=0 (ip=WINaddr:192.168.10.3:6112;), pending=0, dead=0, RS#=47/47
20:21:22.02   RLINK --            PeerID 6 RELY ack= 47 (479ms~41) unack=  0, retry=  0, highwaterOOS=0 (ip=WINaddr:192.168.1.33:6112;), pending=0, dead=0, RS#=47/47
20:21:22.02   RLINK --            PeerID 10 RELY ack= 43 (479ms~41) unack=  0, retry=  0, highwaterOOS=0 (ip=WINaddr:192.168.178.30:6112;), pending=0, dead=0, RS#=43/43
20:21:22.02   RLINK --            PeerID 20 RELY ack= 35 (371ms~67) unack=  0, retry=  1, highwaterOOS=0 (ip=WINaddr:192.168.0.128:6112;), pending=0, dead=0, RS#=35/35
20:21:22.02   RLINK -- MessageCounts: inval=0/0, seek=0/0, join=0/0, ichk=0/0, sk_r=0/0, deny=0/0, Padd=0/0, Pdel=0/0, drop=0/0, data=498/2, mdat=0/487, voip=0/0, rchk=0/0, nudg=0/0, Thdr=0/0, Peer=2/2, PPrx=2/4, ping=0/0, Pfrg=0/0, rely=0/0, lb_p=2/2, lb_c=0/0, cast=0/0, cdat=482/0, sorq1=0/0, sorp=0/0, acto=0/0, spob=0/0, sorq2=0/0
20:21:55.01   RLINK -- Transport - median kBPS [hi/cur] sent = 0.1/0.0, recvd = 0.0/0.0, #p/sec[s/r] = 0.0/0.0, max unsent 0, version err 0, merge 0
20:21:59.40   Activating screen: TacticalMap_widescreen
20:21:59.40   Activating screen: TextOverlayScreen
20:22:00.62   Activating screen: GameScreen
20:22:00.62   Activating screen: Decorators_widescreen
20:22:00.62   Activating screen: Taskbar_widescreen
20:22:00.62   Activating screen: SubtitleScreen
20:22:00.62   Activating screen: TextOverlayScreen
20:22:13.44   Activating screen: TacticalMap_widescreen
20:22:13.44   Activating screen: TextOverlayScreen
20:22:14.07   Activating screen: GameScreen
20:22:14.07   Activating screen: Decorators_widescreen
20:22:14.07   Activating screen: Taskbar_widescreen
20:22:14.07   Activating screen: SubtitleScreen
20:22:14.07   Activating screen: TextOverlayScreen
20:22:15.03   Activating screen: TacticalMap_widescreen
20:22:15.03   Activating screen: TextOverlayScreen
20:22:15.61   Activating screen: GameScreen
20:22:15.61   Activating screen: Decorators_widescreen
20:22:15.61   Activating screen: Taskbar_widescreen
20:22:15.61   Activating screen: SubtitleScreen
20:22:15.61   Activating screen: TextOverlayScreen
20:22:23.00   RLINK -- local      PeerID 8 LOCL ack=  0 (  0ms~0) unack=  0, retry=  0, highwaterOOS=0 (ip=WINaddr:192.168.50.236:6112;), pending=0, dead=0, RS#=0/0
20:22:23.00   RLINK --       host PeerID 1 RELY ack=282 (494ms~115) unack=  0, retry= 25, highwaterOOS=4 (ip=WINaddr:192.168.1.10:6112;), pending=0, dead=0, RS#=281/281
20:22:23.00   RLINK --            PeerID 2 RELY ack= 47 (387ms~76) unack=  0, retry=  0, highwaterOOS=0 (ip=WINaddr:192.168.91.212:6112;), pending=0, dead=0, RS#=47/47
20:22:23.00   RLINK --            PeerID 3 RELY ack= 47 (424ms~103) unack=  0, retry=  0, highwaterOOS=0 (ip=WINaddr:192.168.0.23:6112;), pending=0, dead=0, RS#=47/47
20:22:23.00   RLINK --            PeerID 5 RELY ack= 47 (479ms~41) unack=  0, retry=  0, highwaterOOS=0 (ip=WINaddr:192.168.10.3:6112;), pending=0, dead=0, RS#=47/47
20:22:23.00   RLINK --            PeerID 6 RELY ack= 47 (479ms~41) unack=  0, retry=  0, highwaterOOS=0 (ip=WINaddr:192.168.1.33:6112;), pending=0, dead=0, RS#=47/47
20:22:23.00   RLINK --            PeerID 10 RELY ack= 43 (479ms~41) unack=  0, retry=  0, highwaterOOS=0 (ip=WINaddr:192.168.178.30:6112;), pending=0, dead=0, RS#=43/43
20:22:23.00   RLINK --            PeerID 20 RELY ack= 35 (371ms~67) unack=  0, retry=  1, highwaterOOS=0 (ip=WINaddr:192.168.0.128:6112;), pending=0, dead=0, RS#=35/35
20:22:23.00   RLINK -- MessageCounts: inval=0/0, seek=0/0, join=0/0, ichk=0/0, sk_r=0/0, deny=0/0, Padd=0/0, Pdel=0/0, drop=0/0, data=517/0, mdat=0/488, voip=0/0, rchk=0/0, nudg=0/0, Thdr=0/0, Peer=0/0, PPrx=0/0, ping=0/0, Pfrg=0/0, rely=0/0, lb_p=2/2, lb_c=0/0, cast=0/0, cdat=481/0, sorq1=0/0, sorp=0/0, acto=0/0, spob=0/0, sorq2=0/0
20:22:56.00   RLINK -- Transport - median kBPS [hi/cur] sent = 0.1/0.0, recvd = 0.0/0.0, #p/sec[s/r] = 0.0/0.0, max unsent 0, version err 0, merge 0
20:22:57.93   Activating screen: Command_Branch
20:23:24.00   RLINK -- local      PeerID 8 LOCL ack=  0 (  0ms~0) unack=  0, retry=  0, highwaterOOS=0 (ip=WINaddr:192.168.50.236:6112;), pending=0, dead=0, RS#=0/0
20:23:24.00   RLINK --       host PeerID 1 RELY ack=282 (494ms~115) unack=  0, retry= 25, highwaterOOS=4 (ip=WINaddr:192.168.1.10:6112;), pending=0, dead=0, RS#=281/281
20:23:24.00   RLINK --            PeerID 2 RELY ack= 47 (387ms~76) unack=  0, retry=  0, highwaterOOS=0 (ip=WINaddr:192.168.91.212:6112;), pending=0, dead=0, RS#=47/47
20:23:24.00   RLINK --            PeerID 3 RELY ack= 47 (424ms~103) unack=  0, retry=  0, highwaterOOS=0 (ip=WINaddr:192.168.0.23:6112;), pending=0, dead=0, RS#=47/47
20:23:24.00   RLINK --            PeerID 5 RELY ack= 47 (479ms~41) unack=  0, retry=  0, highwaterOOS=0 (ip=WINaddr:192.168.10.3:6112;), pending=0, dead=0, RS#=47/47
20:23:24.00   RLINK --            PeerID 6 RELY ack= 47 (479ms~41) unack=  0, retry=  0, highwaterOOS=0 (ip=WINaddr:192.168.1.33:6112;), pending=0, dead=0, RS#=47/47
20:23:24.00   RLINK --            PeerID 10 RELY ack= 43 (479ms~41) unack=  0, retry=  0, highwaterOOS=0 (ip=WINaddr:192.168.178.30:6112;), pending=0, dead=0, RS#=43/43
20:23:24.00   RLINK --            PeerID 20 RELY ack= 35 (371ms~67) unack=  0, retry=  1, highwaterOOS=0 (ip=WINaddr:192.168.0.128:6112;), pending=0, dead=0, RS#=35/35
20:23:24.00   RLINK -- MessageCounts: inval=0/0, seek=0/0, join=0/0, ichk=0/0, sk_r=0/0, deny=0/0, Padd=0/0, Pdel=0/0, drop=0/0, data=515/0, mdat=0/488, voip=0/0, rchk=0/0, nudg=0/0, Thdr=0/0, Peer=0/0, PPrx=0/0, ping=0/0, Pfrg=0/0, rely=0/0, lb_p=2/2, lb_c=0/0, cast=0/0, cdat=469/0, sorq1=0/0, sorp=0/0, acto=0/0, spob=0/0, sorq2=0/0
20:23:29.87   Activating screen: TacticalMap_widescreen
20:23:29.88   Activating screen: TextOverlayScreen
20:23:30.53   Activating screen: GameScreen
20:23:30.53   Activating screen: Decorators_widescreen
20:23:30.53   Activating screen: Taskbar_widescreen
20:23:30.53   Activating screen: SubtitleScreen
20:23:30.53   Activating screen: TextOverlayScreen
20:23:52.95   RLINK -- SENDING FORCED ACK from Peer 8 to Peer 6 - timeSinceLastAckMS     237251, transmitAckLastTimeMS    1660100 | Peer ---E- M#00000000 Sack00000034 NSack00000000 (C0.0% S:0.0) [  ]
20:23:57.00   RLINK -- Transport - median kBPS [hi/cur] sent = 0.1/0.0, recvd = 0.0/0.0, #p/sec[s/r] = 0.0/0.0, max unsent 0, version err 0, merge 0
20:24:03.15   Activating screen: TacticalMap_widescreen
20:24:03.15   Activating screen: TextOverlayScreen
20:24:04.03   Activating screen: GameScreen
20:24:04.03   Activating screen: Decorators_widescreen
20:24:04.03   Activating screen: Taskbar_widescreen
20:24:04.03   Activating screen: SubtitleScreen
20:24:04.03   Activating screen: TextOverlayScreen
20:24:07.76   Activating screen: TacticalMap_widescreen
20:24:07.76   Activating screen: TextOverlayScreen
20:24:08.55   Activating screen: GameScreen
20:24:08.55   Activating screen: Decorators_widescreen
20:24:08.55   Activating screen: Taskbar_widescreen
20:24:08.55   Activating screen: SubtitleScreen
20:24:08.55   Activating screen: TextOverlayScreen
20:24:25.01   RLINK -- local      PeerID 8 LOCL ack=  0 (  0ms~0) unack=  0, retry=  0, highwaterOOS=0 (ip=WINaddr:192.168.50.236:6112;), pending=0, dead=0, RS#=0/0
20:24:25.01   RLINK --       host PeerID 1 RELY ack=282 (494ms~115) unack=  0, retry= 25, highwaterOOS=4 (ip=WINaddr:192.168.1.10:6112;), pending=0, dead=0, RS#=281/281
20:24:25.01   RLINK --            PeerID 2 RELY ack= 47 (387ms~76) unack=  0, retry=  0, highwaterOOS=0 (ip=WINaddr:192.168.91.212:6112;), pending=0, dead=0, RS#=47/47
20:24:25.01   RLINK --            PeerID 3 RELY ack= 47 (424ms~103) unack=  0, retry=  0, highwaterOOS=0 (ip=WINaddr:192.168.0.23:6112;), pending=0, dead=0, RS#=47/47
20:24:25.01   RLINK --            PeerID 5 RELY ack= 47 (479ms~41) unack=  0, retry=  0, highwaterOOS=0 (ip=WINaddr:192.168.10.3:6112;), pending=0, dead=0, RS#=47/47
20:24:25.01   RLINK --            PeerID 6 RELY ack= 47 (479ms~41) unack=  0, retry=  0, highwaterOOS=0 (ip=WINaddr:192.168.1.33:6112;), pending=0, dead=0, RS#=47/47
20:24:25.01   RLINK --            PeerID 10 RELY ack= 43 (479ms~41) unack=  0, retry=  0, highwaterOOS=0 (ip=WINaddr:192.168.178.30:6112;), pending=0, dead=0, RS#=43/43
20:24:25.01   RLINK --            PeerID 20 RELY ack= 35 (371ms~67) unack=  0, retry=  1, highwaterOOS=0 (ip=WINaddr:192.168.0.128:6112;), pending=0, dead=0, RS#=35/35
20:24:25.01   RLINK -- MessageCounts: inval=0/0, seek=0/0, join=0/0, ichk=0/0, sk_r=0/0, deny=0/0, Padd=0/0, Pdel=0/0, drop=0/0, data=537/1, mdat=0/488, voip=0/0, rchk=0/0, nudg=0/0, Thdr=0/0, Peer=1/1, PPrx=1/2, ping=0/0, Pfrg=0/0, rely=0/0, lb_p=2/2, lb_c=0/0, cast=0/0, cdat=479/0, sorq1=0/0, sorp=0/0, acto=0/0, spob=0/0, sorq2=0/0
20:24:25.38   Activating screen: TacticalMap_widescreen
20:24:25.38   Activating screen: TextOverlayScreen
20:24:26.24   Activating screen: GameScreen
20:24:26.24   Activating screen: Decorators_widescreen
20:24:26.24   Activating screen: Taskbar_widescreen
20:24:26.24   Activating screen: SubtitleScreen
20:24:26.24   Activating screen: TextOverlayScreen
20:24:45.20   RLINK -- SENDING FORCED ACK from Peer 8 to Peer 3 - timeSinceLastAckMS        583, transmitAckLastTimeMS    1712346 | Peer ---E- M#00000000 Sack00000046 NSack00000000 (C0.0% S:0.0) [  ]
20:24:46.71   RLINK -- SENDING FORCED ACK from Peer 8 to Peer 3 - timeSinceLastAckMS       1516, transmitAckLastTimeMS    1713862 | Peer ---E- M#00000000 Sack00000047 NSack00000000 (C0.0% S:0.0) [  ]
20:24:48.82   RLINK -- SENDING FORCED ACK from Peer 8 to Peer 3 - timeSinceLastAckMS       2112, transmitAckLastTimeMS    1715974 | Peer ---E- M#00000000 Sack00000048 NSack00000000 (C0.0% S:0.0) [  ]
20:24:57.11   Activating screen: TacticalMap_widescreen
20:24:57.11   Activating screen: TextOverlayScreen
20:24:57.83   Activating screen: GameScreen
20:24:57.83   Activating screen: Decorators_widescreen
20:24:57.83   Activating screen: Taskbar_widescreen
20:24:57.83   Activating screen: SubtitleScreen
20:24:57.83   Activating screen: TextOverlayScreen
20:24:58.00   RLINK -- Transport - median kBPS [hi/cur] sent = 0.1/0.0, recvd = 0.0/0.0, #p/sec[s/r] = 0.0/0.0, max unsent 0, version err 0, merge 0
20:24:58.53   Activating screen: TacticalMap_widescreen
20:24:58.53   Activating screen: TextOverlayScreen
20:24:59.35   Activating screen: GameScreen
20:24:59.35   Activating screen: Decorators_widescreen
20:24:59.35   Activating screen: Taskbar_widescreen
20:24:59.35   Activating screen: SubtitleScreen
20:24:59.35   Activating screen: TextOverlayScreen
20:24:59.91   Activating screen: TacticalMap_widescreen
20:24:59.91   Activating screen: TextOverlayScreen
20:25:01.25   Activating screen: GameScreen
20:25:01.25   Activating screen: Decorators_widescreen
20:25:01.25   Activating screen: Taskbar_widescreen
20:25:01.25   Activating screen: SubtitleScreen
20:25:01.25   Activating screen: TextOverlayScreen
20:25:20.10   RLINK -- SENDING FORCED ACK from Peer 8 to Peer 1 - timeSinceLastAckMS      28765, transmitAckLastTimeMS    1747247 | Peer ---E- M#00000000 Sack00000231 NSack00000000 (C0.0% S:0.0) [  ]
20:25:23.57   Activating screen: TacticalMap_widescreen
20:25:23.57   Activating screen: TextOverlayScreen
20:25:23.96   RLINK -- SENDING FORCED ACK from Peer 8 to Peer 1 - timeSinceLastAckMS       3860, transmitAckLastTimeMS    1751107 | Peer ---E- M#00000000 Sack00000232 NSack00000000 (C0.0% S:0.0) [  ]
20:25:25.07   Activating screen: GameScreen
20:25:25.07   Activating screen: Decorators_widescreen
20:25:25.07   Activating screen: Taskbar_widescreen
20:25:25.07   Activating screen: SubtitleScreen
20:25:25.07   Activating screen: TextOverlayScreen
20:25:25.23   RLINK -- SENDING FORCED ACK from Peer 8 to Peer 3 - timeSinceLastAckMS      33896, transmitAckLastTimeMS    1752378 | Peer ---E- M#00000000 Sack00000049 NSack00000000 (C0.0% S:0.0) [  ]
20:25:25.59   RLINK -- SENDING FORCED ACK from Peer 8 to Peer 3 - timeSinceLastAckMS        362, transmitAckLastTimeMS    1752740 | Peer ---E- M#00000000 Sack00000050 NSack00000000 (C0.0% S:0.0) [  ]
20:25:25.86   RLINK -- SENDING FORCED ACK from Peer 8 to Peer 3 - timeSinceLastAckMS        274, transmitAckLastTimeMS    1753014 | Peer ---E- M#00000000 Sack00000052 NSack00000000 (C0.0% S:0.0) [  ]
20:25:26.01   RLINK -- local      PeerID 8 LOCL ack=  0 (  0ms~0) unack=  0, retry=  0, highwaterOOS=0 (ip=WINaddr:192.168.50.236:6112;), pending=0, dead=0, RS#=0/0
20:25:26.01   RLINK --       host PeerID 1 RELY ack=285 (560ms~107) unack=  0, retry= 25, highwaterOOS=4 (ip=WINaddr:192.168.1.10:6112;), pending=0, dead=0, RS#=284/284
20:25:26.01   RLINK --            PeerID 2 RELY ack= 50 (472ms~46) unack=  0, retry=  0, highwaterOOS=0 (ip=WINaddr:192.168.91.212:6112;), pending=0, dead=0, RS#=50/50
20:25:26.01   RLINK --            PeerID 3 RELY ack= 50 (385ms~72) unack=  0, retry=  0, highwaterOOS=0 (ip=WINaddr:192.168.0.23:6112;), pending=0, dead=0, RS#=50/50
20:25:26.01   RLINK --            PeerID 5 RELY ack= 50 (483ms~23) unack=  0, retry=  0, highwaterOOS=0 (ip=WINaddr:192.168.10.3:6112;), pending=0, dead=0, RS#=50/50
20:25:26.01   RLINK --            PeerID 6 RELY ack= 50 (483ms~23) unack=  0, retry=  0, highwaterOOS=0 (ip=WINaddr:192.168.1.33:6112;), pending=0, dead=0, RS#=50/50
20:25:26.01   RLINK --            PeerID 10 RELY ack= 46 (483ms~23) unack=  0, retry=  0, highwaterOOS=0 (ip=WINaddr:192.168.178.30:6112;), pending=0, dead=0, RS#=46/46
20:25:26.01   RLINK --            PeerID 20 RELY ack= 38 (470ms~51) unack=  0, retry=  1, highwaterOOS=0 (ip=WINaddr:192.168.0.128:6112;), pending=0, dead=0, RS#=38/38
20:25:26.01   RLINK -- MessageCounts: inval=0/0, seek=0/0, join=0/0, ichk=0/0, sk_r=0/0, deny=0/0, Padd=0/0, Pdel=0/0, drop=0/0, data=526/9, mdat=0/487, voip=0/0, rchk=0/0, nudg=0/0, Thdr=0/0, Peer=30/30, PPrx=11/60, ping=0/0, Pfrg=0/0, rely=0/0, lb_p=2/2, lb_c=0/0, cast=0/0, cdat=469/0, sorq1=0/0, sorp=0/0, acto=0/0, spob=0/0, sorq2=0/0
20:25:26.14   RLINK -- SENDING FORCED ACK from Peer 8 to Peer 3 - timeSinceLastAckMS        276, transmitAckLastTimeMS    1753290 | Peer ---E- M#00000000 Sack00000053 NSack00000000 (C0.0% S:0.0) [  ]
20:25:26.42   RLINK -- SENDING FORCED ACK from Peer 8 to Peer 3 - timeSinceLastAckMS        276, transmitAckLastTimeMS    1753566 | Peer ---E- M#00000000 Sack00000054 NSack00000000 (C0.0% S:0.0) [  ]
20:25:26.69   RLINK -- SENDING FORCED ACK from Peer 8 to Peer 3 - timeSinceLastAckMS        273, transmitAckLastTimeMS    1753839 | Peer ---E- M#00000000 Sack00000055 NSack00000000 (C0.0% S:0.0) [  ]
20:25:50.85   RLINK -- SENDING FORCED ACK from Peer 8 to Peer 2 - timeSinceLastAckMS      59520, transmitAckLastTimeMS    1778002 | Peer ---E- M#00000000 Sack00000038 NSack00000000 (C0.0% S:0.0) [  ]
20:25:52.09   RLINK -- SENDING FORCED ACK from Peer 8 to Peer 2 - timeSinceLastAckMS       1243, transmitAckLastTimeMS    1779245 | Peer ---E- M#00000000 Sack00000039 NSack00000000 (C0.0% S:0.0) [  ]
20:25:56.85   RLINK -- SENDING FORCED ACK from Peer 8 to Peer 1 - timeSinceLastAckMS      32890, transmitAckLastTimeMS    1783997 | Peer ---E- M#00000000 Sack00000233 NSack00000000 (C0.0% S:0.0) [  ]
20:25:58.87   RLINK -- SENDING FORCED ACK from Peer 8 to Peer 1 - timeSinceLastAckMS       2029, transmitAckLastTimeMS    1786026 | Peer ---E- M#00000000 Sack00000234 NSack00000000 (C0.0% S:0.0) [  ]
20:25:59.01   RLINK -- Transport - median kBPS [hi/cur] sent = 0.1/0.0, recvd = 0.0/0.0, #p/sec[s/r] = 0.0/0.0, max unsent 0, version err 0, merge 0
20:26:09.72   RLINK -- SENDING FORCED ACK from Peer 8 to Peer 1 - timeSinceLastAckMS      10846, transmitAckLastTimeMS    1796872 | Peer ---E- M#00000000 Sack00000235 NSack00000000 (C0.0% S:0.0) [  ]
20:26:12.23   RLINK -- SENDING FORCED ACK from Peer 8 to Peer 1 - timeSinceLastAckMS       2511, transmitAckLastTimeMS    1799383 | Peer ---E- M#00000000 Sack00000236 NSack00000000 (C0.0% S:0.0) [  ]
20:26:13.75   RLINK -- SENDING FORCED ACK from Peer 8 to Peer 1 - timeSinceLastAckMS       1514, transmitAckLastTimeMS    1800897 | Peer ---E- M#00000000 Sack00000237 NSack00000000 (C0.0% S:0.0) [  ]
20:26:18.75   Activating screen: TacticalMap_widescreen
20:26:18.75   Activating screen: TextOverlayScreen
20:26:19.74   Activating screen: GameScreen
20:26:19.74   Activating screen: Decorators_widescreen
20:26:19.74   Activating screen: Taskbar_widescreen
20:26:19.74   Activating screen: SubtitleScreen
20:26:19.74   Activating screen: TextOverlayScreen
20:26:27.02   RLINK -- local      PeerID 8 LOCL ack=  0 (  0ms~0) unack=  0, retry=  0, highwaterOOS=0 (ip=WINaddr:192.168.50.236:6112;), pending=0, dead=0, RS#=0/0
20:26:27.02   RLINK --       host PeerID 1 RELY ack=285 (560ms~107) unack=  0, retry= 25, highwaterOOS=4 (ip=WINaddr:192.168.1.10:6112;), pending=0, dead=0, RS#=284/284
20:26:27.02   RLINK --            PeerID 2 RELY ack= 50 (472ms~46) unack=  0, retry=  0, highwaterOOS=0 (ip=WINaddr:192.168.91.212:6112;), pending=0, dead=0, RS#=50/50
20:26:27.02   RLINK --            PeerID 3 RELY ack= 50 (385ms~72) unack=  0, retry=  0, highwaterOOS=0 (ip=WINaddr:192.168.0.23:6112;), pending=0, dead=0, RS#=50/50
20:26:27.02   RLINK --            PeerID 5 RELY ack= 50 (483ms~23) unack=  0, retry=  0, highwaterOOS=0 (ip=WINaddr:192.168.10.3:6112;), pending=0, dead=0, RS#=50/50
20:26:27.02   RLINK --            PeerID 6 RELY ack= 50 (483ms~23) unack=  0, retry=  0, highwaterOOS=0 (ip=WINaddr:192.168.1.33:6112;), pending=0, dead=0, RS#=50/50
20:26:27.02   RLINK --            PeerID 10 RELY ack= 46 (483ms~23) unack=  0, retry=  0, highwaterOOS=0 (ip=WINaddr:192.168.178.30:6112;), pending=0, dead=0, RS#=46/46
20:26:27.02   RLINK --            PeerID 20 RELY ack= 38 (470ms~51) unack=  0, retry=  1, highwaterOOS=0 (ip=WINaddr:192.168.0.128:6112;), pending=0, dead=0, RS#=38/38
20:26:27.02   RLINK -- MessageCounts: inval=0/0, seek=0/0, join=0/0, ichk=0/0, sk_r=0/0, deny=0/0, Padd=0/0, Pdel=0/0, drop=0/0, data=529/10, mdat=0/488, voip=0/0, rchk=0/0, nudg=0/0, Thdr=0/0, Peer=10/10, PPrx=10/20, ping=0/0, Pfrg=0/0, rely=0/0, lb_p=2/2, lb_c=0/0, cast=0/0, cdat=477/0, sorq1=0/0, sorp=0/0, acto=0/0, spob=0/0, sorq2=0/0
20:26:37.22   Activating screen: Command_Branch
20:26:38.74   Activating screen: NewObjective_widescreen
20:26:45.98   Activating screen: TacticalMap_widescreen
20:26:45.98   Activating screen: TextOverlayScreen
20:26:47.13   Activating screen: GameScreen
20:26:47.13   Activating screen: Decorators_widescreen
20:26:47.13   Activating screen: Taskbar_widescreen
20:26:47.13   Activating screen: SubtitleScreen
20:26:47.13   Activating screen: TextOverlayScreen
20:27:00.00   RLINK -- Transport - median kBPS [hi/cur] sent = 0.1/0.0, recvd = 0.0/0.0, #p/sec[s/r] = 0.0/0.0, max unsent 0, version err 0, merge 0
20:27:06.27   RLINK -- SENDING FORCED ACK from Peer 8 to Peer 1 - timeSinceLastAckMS      52523, transmitAckLastTimeMS    1853420 | Peer ---E- M#00000000 Sack00000238 NSack00000000 (C0.0% S:0.0) [  ]
20:27:08.14   RLINK -- SENDING FORCED ACK from Peer 8 to Peer 6 - timeSinceLastAckMS     136804, transmitAckLastTimeMS    1855286 | Peer ---E- M#00000000 Sack00000035 NSack00000000 (C0.0% S:0.0) [  ]
20:27:09.38   RLINK -- SENDING FORCED ACK from Peer 8 to Peer 6 - timeSinceLastAckMS       1247, transmitAckLastTimeMS    1856533 | Peer ---E- M#00000000 Sack00000036 NSack00000000 (C0.0% S:0.0) [  ]
20:27:12.26   RLINK -- SENDING FORCED ACK from Peer 8 to Peer 1 - timeSinceLastAckMS       5992, transmitAckLastTimeMS    1859412 | Peer ---E- M#00000000 Sack00000239 NSack00000000 (C0.0% S:0.0) [  ]
20:27:27.36   Warning: upgrade in upgrade prerequisite doesn't exist
20:27:27.50   Warning: upgrade in upgrade prerequisite doesn't exist
20:27:28.02   RLINK -- local      PeerID 8 LOCL ack=  0 (  0ms~0) unack=  0, retry=  0, highwaterOOS=0 (ip=WINaddr:192.168.50.236:6112;), pending=0, dead=0, RS#=0/0
20:27:28.02   RLINK --       host PeerID 1 RELY ack=285 (560ms~107) unack=  0, retry= 25, highwaterOOS=4 (ip=WINaddr:192.168.1.10:6112;), pending=0, dead=0, RS#=284/284
20:27:28.02   RLINK --            PeerID 2 RELY ack= 50 (472ms~46) unack=  0, retry=  0, highwaterOOS=0 (ip=WINaddr:192.168.91.212:6112;), pending=0, dead=0, RS#=50/50
20:27:28.02   RLINK --            PeerID 3 RELY ack= 50 (385ms~72) unack=  0, retry=  0, highwaterOOS=0 (ip=WINaddr:192.168.0.23:6112;), pending=0, dead=0, RS#=50/50
20:27:28.02   RLINK --            PeerID 5 RELY ack= 50 (483ms~23) unack=  0, retry=  0, highwaterOOS=0 (ip=WINaddr:192.168.10.3:6112;), pending=0, dead=0, RS#=50/50
20:27:28.02   RLINK --            PeerID 6 RELY ack= 50 (483ms~23) unack=  0, retry=  0, highwaterOOS=0 (ip=WINaddr:192.168.1.33:6112;), pending=0, dead=0, RS#=50/50
20:27:28.02   RLINK --            PeerID 10 RELY ack= 46 (483ms~23) unack=  0, retry=  0, highwaterOOS=0 (ip=WINaddr:192.168.178.30:6112;), pending=0, dead=0, RS#=46/46
20:27:28.02   RLINK --            PeerID 20 RELY ack= 38 (470ms~51) unack=  0, retry=  1, highwaterOOS=0 (ip=WINaddr:192.168.0.128:6112;), pending=0, dead=0, RS#=38/38
20:27:28.02   RLINK -- MessageCounts: inval=0/0, seek=0/0, join=0/0, ichk=0/0, sk_r=0/0, deny=0/0, Padd=0/0, Pdel=0/0, drop=0/0, data=526/4, mdat=0/488, voip=0/0, rchk=0/0, nudg=0/0, Thdr=0/0, Peer=4/4, PPrx=4/8, ping=0/0, Pfrg=0/0, rely=0/0, lb_p=2/2, lb_c=0/0, cast=0/0, cdat=473/0, sorq1=0/0, sorp=0/0, acto=0/0, spob=0/0, sorq2=0/0
20:27:30.02   RLINK -- SENDING FORCED ACK from Peer 8 to Peer 6 - timeSinceLastAckMS      20636, transmitAckLastTimeMS    1877169 | Peer ---E- M#00000000 Sack00000037 NSack00000000 (C0.0% S:0.0) [  ]
20:27:42.25   Activating screen: TacticalMap_widescreen
20:27:42.25   Activating screen: TextOverlayScreen
20:27:43.01   Activating screen: GameScreen
20:27:43.01   Activating screen: Decorators_widescreen
20:27:43.01   Activating screen: Taskbar_widescreen
20:27:43.01   Activating screen: SubtitleScreen
20:27:43.01   Activating screen: TextOverlayScreen
20:28:01.00   RLINK -- Transport - median kBPS [hi/cur] sent = 0.1/0.0, recvd = 0.0/0.0, #p/sec[s/r] = 0.0/0.0, max unsent 0, version err 0, merge 0
20:28:11.61   Activating screen: TacticalMap_widescreen
20:28:11.61   Activating screen: TextOverlayScreen
20:28:12.37   Activating screen: GameScreen
20:28:12.37   Activating screen: Decorators_widescreen
20:28:12.37   Activating screen: Taskbar_widescreen
20:28:12.37   Activating screen: SubtitleScreen
20:28:12.37   Activating screen: TextOverlayScreen
20:28:15.97   Activating screen: TacticalMap_widescreen
20:28:15.97   Activating screen: TextOverlayScreen
20:28:16.79   Activating screen: GameScreen
20:28:16.79   Activating screen: Decorators_widescreen
20:28:16.79   Activating screen: Taskbar_widescreen
20:28:16.79   Activating screen: SubtitleScreen
20:28:16.79   Activating screen: TextOverlayScreen
20:28:29.01   RLINK -- local      PeerID 8 LOCL ack=  0 (  0ms~0) unack=  0, retry=  0, highwaterOOS=0 (ip=WINaddr:192.168.50.236:6112;), pending=0, dead=0, RS#=0/0
20:28:29.01   RLINK --       host PeerID 1 RELY ack=285 (560ms~107) unack=  0, retry= 25, highwaterOOS=4 (ip=WINaddr:192.168.1.10:6112;), pending=0, dead=0, RS#=284/284
20:28:29.01   RLINK --            PeerID 2 RELY ack= 50 (472ms~46) unack=  0, retry=  0, highwaterOOS=0 (ip=WINaddr:192.168.91.212:6112;), pending=0, dead=0, RS#=50/50
20:28:29.01   RLINK --            PeerID 3 RELY ack= 50 (385ms~72) unack=  0, retry=  0, highwaterOOS=0 (ip=WINaddr:192.168.0.23:6112;), pending=0, dead=0, RS#=50/50
20:28:29.01   RLINK --            PeerID 5 RELY ack= 50 (483ms~23) unack=  0, retry=  0, highwaterOOS=0 (ip=WINaddr:192.168.10.3:6112;), pending=0, dead=0, RS#=50/50
20:28:29.01   RLINK --            PeerID 6 RELY ack= 50 (483ms~23) unack=  0, retry=  0, highwaterOOS=0 (ip=WINaddr:192.168.1.33:6112;), pending=0, dead=0, RS#=50/50
20:28:29.01   RLINK --            PeerID 10 RELY ack= 46 (483ms~23) unack=  0, retry=  0, highwaterOOS=0 (ip=WINaddr:192.168.178.30:6112;), pending=0, dead=0, RS#=46/46
20:28:29.01   RLINK --            PeerID 20 RELY ack= 38 (470ms~51) unack=  0, retry=  1, highwaterOOS=0 (ip=WINaddr:192.168.0.128:6112;), pending=0, dead=0, RS#=38/38
20:28:29.01   RLINK -- MessageCounts: inval=0/0, seek=0/0, join=0/0, ichk=0/0, sk_r=0/0, deny=0/0, Padd=0/0, Pdel=0/0, drop=0/0, data=501/1, mdat=0/488, voip=0/0, rchk=0/0, nudg=0/0, Thdr=0/0, Peer=1/1, PPrx=1/2, ping=0/0, Pfrg=0/0, rely=0/0, lb_p=2/2, lb_c=0/0, cast=0/0, cdat=480/0, sorq1=0/0, sorp=0/0, acto=0/0, spob=0/0, sorq2=0/0
20:29:02.00   RLINK -- Transport - median kBPS [hi/cur] sent = 0.1/0.0, recvd = 0.0/0.0, #p/sec[s/r] = 0.0/0.0, max unsent 0, version err 0, merge 0
20:29:30.00   RLINK -- local      PeerID 8 LOCL ack=  0 (  0ms~0) unack=  0, retry=  0, highwaterOOS=0 (ip=WINaddr:192.168.50.236:6112;), pending=0, dead=0, RS#=0/0
20:29:30.00   RLINK --       host PeerID 1 RELY ack=285 (560ms~107) unack=  0, retry= 25, highwaterOOS=4 (ip=WINaddr:192.168.1.10:6112;), pending=0, dead=0, RS#=284/284
20:29:30.00   RLINK --            PeerID 2 RELY ack= 50 (472ms~46) unack=  0, retry=  0, highwaterOOS=0 (ip=WINaddr:192.168.91.212:6112;), pending=0, dead=0, RS#=50/50
20:29:30.00   RLINK --            PeerID 3 RELY ack= 50 (385ms~72) unack=  0, retry=  0, highwaterOOS=0 (ip=WINaddr:192.168.0.23:6112;), pending=0, dead=0, RS#=50/50
20:29:30.00   RLINK --            PeerID 5 RELY ack= 50 (483ms~23) unack=  0, retry=  0, highwaterOOS=0 (ip=WINaddr:192.168.10.3:6112;), pending=0, dead=0, RS#=50/50
20:29:30.00   RLINK --            PeerID 6 RELY ack= 50 (483ms~23) unack=  0, retry=  0, highwaterOOS=0 (ip=WINaddr:192.168.1.33:6112;), pending=0, dead=0, RS#=50/50
20:29:30.00   RLINK --            PeerID 10 RELY ack= 46 (483ms~23) unack=  0, retry=  0, highwaterOOS=0 (ip=WINaddr:192.168.178.30:6112;), pending=0, dead=0, RS#=46/46
20:29:30.00   RLINK --            PeerID 20 RELY ack= 38 (470ms~51) unack=  0, retry=  1, highwaterOOS=0 (ip=WINaddr:192.168.0.128:6112;), pending=0, dead=0, RS#=38/38
20:29:30.00   RLINK -- MessageCounts: inval=0/0, seek=0/0, join=0/0, ichk=0/0, sk_r=0/0, deny=0/0, Padd=0/0, Pdel=0/0, drop=0/0, data=502/0, mdat=0/487, voip=0/0, rchk=0/0, nudg=0/0, Thdr=0/0, Peer=0/0, PPrx=0/0, ping=0/0, Pfrg=0/0, rely=0/0, lb_p=2/2, lb_c=0/0, cast=0/0, cdat=482/0, sorq1=0/0, sorp=0/0, acto=0/0, spob=0/0, sorq2=0/0
20:30:01.97   RLINK -- SENDING FORCED ACK from Peer 8 to Peer 3 - timeSinceLastAckMS     275278, transmitAckLastTimeMS    2029117 | Peer ---E- M#00000000 Sack00000056 NSack00000000 (C0.0% S:0.0) [  ]
20:30:03.01   RLINK -- Transport - median kBPS [hi/cur] sent = 0.1/0.0, recvd = 0.0/0.0, #p/sec[s/r] = 0.0/0.0, max unsent 0, version err 0, merge 0
20:30:03.48   RLINK -- SENDING FORCED ACK from Peer 8 to Peer 3 - timeSinceLastAckMS       1510, transmitAckLastTimeMS    2030627 | Peer ---E- M#00000000 Sack00000057 NSack00000000 (C0.0% S:0.0) [  ]
20:30:14.61   RLINK -- SENDING FORCED ACK from Peer 8 to Peer 1 - timeSinceLastAckMS     182346, transmitAckLastTimeMS    2041758 | Peer ---E- M#00000000 Sack00000240 NSack00000000 (C0.0% S:0.0) [  ]
20:30:30.90   Activating screen: TacticalMap_widescreen
20:30:30.90   Activating screen: TextOverlayScreen
20:30:31.02   RLINK -- local      PeerID 8 LOCL ack=  0 (  0ms~0) unack=  0, retry=  0, highwaterOOS=0 (ip=WINaddr:192.168.50.236:6112;), pending=0, dead=0, RS#=0/0
20:30:31.02   RLINK --       host PeerID 1 RELY ack=285 (560ms~107) unack=  0, retry= 25, highwaterOOS=4 (ip=WINaddr:192.168.1.10:6112;), pending=0, dead=0, RS#=284/284
20:30:31.02   RLINK --            PeerID 2 RELY ack= 50 (472ms~46) unack=  0, retry=  0, highwaterOOS=0 (ip=WINaddr:192.168.91.212:6112;), pending=0, dead=0, RS#=50/50
20:30:31.02   RLINK --            PeerID 3 RELY ack= 50 (385ms~72) unack=  0, retry=  0, highwaterOOS=0 (ip=WINaddr:192.168.0.23:6112;), pending=0, dead=0, RS#=50/50
20:30:31.02   RLINK --            PeerID 5 RELY ack= 50 (483ms~23) unack=  0, retry=  0, highwaterOOS=0 (ip=WINaddr:192.168.10.3:6112;), pending=0, dead=0, RS#=50/50
20:30:31.02   RLINK --            PeerID 6 RELY ack= 50 (483ms~23) unack=  0, retry=  0, highwaterOOS=0 (ip=WINaddr:192.168.1.33:6112;), pending=0, dead=0, RS#=50/50
20:30:31.02   RLINK --            PeerID 10 RELY ack= 46 (483ms~23) unack=  0, retry=  0, highwaterOOS=0 (ip=WINaddr:192.168.178.30:6112;), pending=0, dead=0, RS#=46/46
20:30:31.02   RLINK --            PeerID 20 RELY ack= 38 (470ms~51) unack=  0, retry=  1, highwaterOOS=0 (ip=WINaddr:192.168.0.128:6112;), pending=0, dead=0, RS#=38/38
20:30:31.02   RLINK -- MessageCounts: inval=0/0, seek=0/0, join=0/0, ichk=0/0, sk_r=0/0, deny=0/0, Padd=0/0, Pdel=0/0, drop=0/0, data=495/3, mdat=0/488, voip=0/0, rchk=0/0, nudg=0/0, Thdr=0/0, Peer=3/3, PPrx=3/6, ping=0/0, Pfrg=0/0, rely=0/0, lb_p=2/2, lb_c=0/0, cast=0/0, cdat=479/0, sorq1=0/0, sorp=0/0, acto=0/0, spob=0/0, sorq2=0/0
20:30:31.84   Activating screen: GameScreen
20:30:31.84   Activating screen: Decorators_widescreen
20:30:31.84   Activating screen: Taskbar_widescreen
20:30:31.84   Activating screen: SubtitleScreen
20:30:31.84   Activating screen: TextOverlayScreen
20:31:04.01   RLINK -- Transport - median kBPS [hi/cur] sent = 0.1/0.0, recvd = 0.0/0.0, #p/sec[s/r] = 0.0/0.0, max unsent 0, version err 0, merge 0
20:31:06.99   Activating screen: TacticalMap_widescreen
20:31:06.99   Activating screen: TextOverlayScreen
20:31:07.51   RLINK -- SENDING FORCED ACK from Peer 8 to Peer 5 - timeSinceLastAckMS     376179, transmitAckLastTimeMS    2094661 | Peer ---E- M#00000000 Sack00000042 NSack00000000 (C0.0% S:0.0) [  ]
20:31:07.63   Activating screen: GameScreen
20:31:07.63   Activating screen: Decorators_widescreen
20:31:07.63   Activating screen: Taskbar_widescreen
20:31:07.63   Activating screen: SubtitleScreen
20:31:07.63   Activating screen: TextOverlayScreen
20:31:10.00   Activating screen: TacticalMap_widescreen
20:31:10.00   Activating screen: TextOverlayScreen
20:31:11.12   Activating screen: GameScreen
20:31:11.12   Activating screen: Decorators_widescreen
20:31:11.12   Activating screen: Taskbar_widescreen
20:31:11.12   Activating screen: SubtitleScreen
20:31:11.12   Activating screen: TextOverlayScreen
20:31:12.17   Activating screen: TacticalMap_widescreen
20:31:12.17   Activating screen: TextOverlayScreen
20:31:13.03   Activating screen: GameScreen
20:31:13.03   Activating screen: Decorators_widescreen
20:31:13.03   Activating screen: Taskbar_widescreen
20:31:13.03   Activating screen: SubtitleScreen
20:31:13.03   Activating screen: TextOverlayScreen
20:31:14.69   Activating screen: TacticalMap_widescreen
20:31:14.69   Activating screen: TextOverlayScreen
20:31:15.32   Activating screen: GameScreen
20:31:15.32   Activating screen: Decorators_widescreen
20:31:15.32   Activating screen: Taskbar_widescreen
20:31:15.32   Activating screen: SubtitleScreen
20:31:15.32   Activating screen: TextOverlayScreen
20:31:32.02   RLINK -- local      PeerID 8 LOCL ack=  0 (  0ms~0) unack=  0, retry=  0, highwaterOOS=0 (ip=WINaddr:192.168.50.236:6112;), pending=0, dead=0, RS#=0/0
20:31:32.02   RLINK --       host PeerID 1 RELY ack=285 (560ms~107) unack=  0, retry= 25, highwaterOOS=4 (ip=WINaddr:192.168.1.10:6112;), pending=0, dead=0, RS#=284/284
20:31:32.02   RLINK --            PeerID 2 RELY ack= 50 (472ms~46) unack=  0, retry=  0, highwaterOOS=0 (ip=WINaddr:192.168.91.212:6112;), pending=0, dead=0, RS#=50/50
20:31:32.02   RLINK --            PeerID 3 RELY ack= 50 (385ms~72) unack=  0, retry=  0, highwaterOOS=0 (ip=WINaddr:192.168.0.23:6112;), pending=0, dead=0, RS#=50/50
20:31:32.02   RLINK --            PeerID 5 RELY ack= 50 (483ms~23) unack=  0, retry=  0, highwaterOOS=0 (ip=WINaddr:192.168.10.3:6112;), pending=0, dead=0, RS#=50/50
20:31:32.02   RLINK --            PeerID 6 RELY ack= 50 (483ms~23) unack=  0, retry=  0, highwaterOOS=0 (ip=WINaddr:192.168.1.33:6112;), pending=0, dead=0, RS#=50/50
20:31:32.02   RLINK --            PeerID 10 RELY ack= 46 (483ms~23) unack=  0, retry=  0, highwaterOOS=0 (ip=WINaddr:192.168.178.30:6112;), pending=0, dead=0, RS#=46/46
20:31:32.02   RLINK --            PeerID 20 RELY ack= 38 (470ms~51) unack=  0, retry=  1, highwaterOOS=0 (ip=WINaddr:192.168.0.128:6112;), pending=0, dead=0, RS#=38/38
20:31:32.02   RLINK -- MessageCounts: inval=0/0, seek=0/0, join=0/0, ichk=0/0, sk_r=0/0, deny=0/0, Padd=0/0, Pdel=0/0, drop=0/0, data=498/1, mdat=0/488, voip=0/0, rchk=0/0, nudg=0/0, Thdr=0/0, Peer=1/1, PPrx=1/2, ping=0/0, Pfrg=0/0, rely=0/0, lb_p=3/2, lb_c=0/0, cast=0/0, cdat=471/0, sorq1=0/0, sorp=0/0, acto=0/0, spob=0/0, sorq2=0/0
20:32:05.01   RLINK -- Transport - median kBPS [hi/cur] sent = 0.1/0.0, recvd = 0.0/0.0, #p/sec[s/r] = 0.0/0.0, max unsent 0, version err 0, merge 0
20:32:32.69   Activating screen: Command_Branch
20:32:33.00   RLINK -- local      PeerID 8 LOCL ack=  0 (  0ms~0) unack=  0, retry=  0, highwaterOOS=0 (ip=WINaddr:192.168.50.236:6112;), pending=0, dead=0, RS#=0/0
20:32:33.00   RLINK --       host PeerID 1 RELY ack=285 (560ms~107) unack=  0, retry= 25, highwaterOOS=4 (ip=WINaddr:192.168.1.10:6112;), pending=0, dead=0, RS#=284/284
20:32:33.00   RLINK --            PeerID 2 RELY ack= 50 (472ms~46) unack=  0, retry=  0, highwaterOOS=0 (ip=WINaddr:192.168.91.212:6112;), pending=0, dead=0, RS#=50/50
20:32:33.00   RLINK --            PeerID 3 RELY ack= 50 (385ms~72) unack=  0, retry=  0, highwaterOOS=0 (ip=WINaddr:192.168.0.23:6112;), pending=0, dead=0, RS#=50/50
20:32:33.00   RLINK --            PeerID 5 RELY ack= 50 (483ms~23) unack=  0, retry=  0, highwaterOOS=0 (ip=WINaddr:192.168.10.3:6112;), pending=0, dead=0, RS#=50/50
20:32:33.00   RLINK --            PeerID 6 RELY ack= 50 (483ms~23) unack=  0, retry=  0, highwaterOOS=0 (ip=WINaddr:192.168.1.33:6112;), pending=0, dead=0, RS#=50/50
20:32:33.00   RLINK --            PeerID 10 RELY ack= 46 (483ms~23) unack=  0, retry=  0, highwaterOOS=0 (ip=WINaddr:192.168.178.30:6112;), pending=0, dead=0, RS#=46/46
20:32:33.00   RLINK --            PeerID 20 RELY ack= 38 (470ms~51) unack=  0, retry=  1, highwaterOOS=0 (ip=WINaddr:192.168.0.128:6112;), pending=0, dead=0, RS#=38/38
20:32:33.00   RLINK -- MessageCounts: inval=0/0, seek=0/0, join=0/0, ichk=0/0, sk_r=0/0, deny=0/0, Padd=0/0, Pdel=0/0, drop=0/0, data=534/0, mdat=0/488, voip=0/0, rchk=0/0, nudg=0/0, Thdr=0/0, Peer=0/0, PPrx=0/0, ping=0/0, Pfrg=0/0, rely=0/0, lb_p=2/3, lb_c=0/0, cast=0/0, cdat=467/0, sorq1=0/0, sorp=0/0, acto=0/0, spob=0/0, sorq2=0/0
20:32:33.84   Activating screen: NewObjective_widescreen
20:33:04.90   P2PNetworkSynchronization::RemovePeer - info, drop event received for remote station [10].
20:33:04.90   GameObj::OnRemoteStationDisconnected - info, remote station [a] was disconnected reason 4
20:33:04.90   GameObj::ShowPlayerDroppedMessage - info, station [a] is disconnected
20:33:04.90   ModUI::OnPlayerDrops player 1000 reason 0
20:33:04.90   ModUI::OnPlayerDrops adding player 1000 [26726] as victorious enemy
20:33:04.90   GameObj::SchedulePeerForDestruction - info, frame [14161], peer for station [a] scheduled for destruction on frame 14161.
20:33:04.90   GAME -- Frame 14161 - SchedulePeerForDestruction - peer 1000 scheduledfor destruction
20:33:04.90   GameObj::KillAllDropped - info, processing disconnected player [1000], set to  migrate to station [14], local station [8].
20:33:04.90   GameObj::KillAllDropped - Remote Human - doing station takeover
20:33:04.90   GameObj - AI Simulation for player [0] migrated to remote station [14].
20:33:06.01   RLINK -- Transport - median kBPS [hi/cur] sent = 0.1/0.0, recvd = 0.0/0.0, #p/sec[s/r] = 0.0/0.0, max unsent 0, version err 0, merge 0
20:33:06.33   MOD -- Player The Wolf, Duc Volpe set to AI Type: Remote Human Takeover (frame 14173) (CmdAI)
20:33:06.99   Unabled to do upgrade, CANPRODUCE_NoResources
20:33:10.66   Activating screen: TacticalMap_widescreen
20:33:10.66   Activating screen: TextOverlayScreen
20:33:10.90   Activating screen: GameScreen
20:33:10.90   Activating screen: Decorators_widescreen
20:33:10.90   Activating screen: Taskbar_widescreen
20:33:10.90   Activating screen: SubtitleScreen
20:33:10.90   Activating screen: TextOverlayScreen
20:33:34.02   RLINK -- local      PeerID 8 LOCL ack=  0 (  0ms~0) unack=  0, retry=  0, highwaterOOS=0 (ip=WINaddr:192.168.50.236:6112;), pending=0, dead=0, RS#=0/0
20:33:34.02   RLINK --       host PeerID 1 RELY ack=285 (560ms~107) unack=  0, retry= 25, highwaterOOS=4 (ip=WINaddr:192.168.1.10:6112;), pending=0, dead=0, RS#=284/284
20:33:34.02   RLINK --            PeerID 2 RELY ack= 50 (472ms~46) unack=  0, retry=  0, highwaterOOS=0 (ip=WINaddr:192.168.91.212:6112;), pending=0, dead=0, RS#=50/50
20:33:34.02   RLINK --            PeerID 3 RELY ack= 50 (385ms~72) unack=  0, retry=  0, highwaterOOS=0 (ip=WINaddr:192.168.0.23:6112;), pending=0, dead=0, RS#=50/50
20:33:34.02   RLINK --            PeerID 5 RELY ack= 50 (483ms~23) unack=  0, retry=  0, highwaterOOS=0 (ip=WINaddr:192.168.10.3:6112;), pending=0, dead=0, RS#=50/50
20:33:34.02   RLINK --            PeerID 6 RELY ack= 50 (483ms~23) unack=  0, retry=  0, highwaterOOS=0 (ip=WINaddr:192.168.1.33:6112;), pending=0, dead=0, RS#=50/50
20:33:34.02   RLINK --            PeerID 10 RELY ack= 46 (483ms~23) unack=  0, retry=  0, highwaterOOS=0 (ip=WINaddr:192.168.178.30:6112;), pending=0, dead=0, RS#=46/46
20:33:34.02   RLINK --            PeerID 20 RELY ack= 38 (470ms~51) unack=  0, retry=  1, highwaterOOS=0 (ip=WINaddr:192.168.0.128:6112;), pending=0, dead=0, RS#=38/38
20:33:34.02   RLINK -- MessageCounts: inval=0/0, seek=0/0, join=0/0, ichk=0/0, sk_r=0/0, deny=0/0, Padd=0/0, Pdel=0/0, drop=0/0, data=501/0, mdat=0/488, voip=0/0, rchk=0/0, nudg=0/0, Thdr=0/0, Peer=0/0, PPrx=0/0, ping=0/0, Pfrg=0/0, rely=0/0, lb_p=2/2, lb_c=0/0, cast=0/0, cdat=474/0, sorq1=0/0, sorp=0/0, acto=0/0, spob=0/0, sorq2=0/0
20:33:48.28   RLINK -- SENDING FORCED ACK from Peer 8 to Peer 1 - timeSinceLastAckMS     213668, transmitAckLastTimeMS    2255426 | Peer ---E- M#00000000 Sack00000241 NSack00000000 (C0.0% S:0.0) [  ]
20:33:48.28   RLINK -- Removing peer 10 from session due to REMOVEPEER from host PeerID 1
20:33:48.28   RLINK -- Session::SchedulePeerRemove - Scheduling peerID: 10 to disconnect, reasonCode:2, reason:No longer connected to host
20:33:48.30   RLINK -- Session Destroy Peer Event - ReasonID: 2 ReasonDebug: No longer connected to host
20:33:48.30   RLINK -- Session::GetEvent DestroyPeer success Peer 10 removed, reasonCode 2, reasonDebug No longer connected to host
20:33:48.30   RLINK -- Session::DestroyPeer - deallocating peer 10
20:33:48.30   RLINK -- Session - Requested Disconnect for connectionID 9
20:33:48.30   RLINK -- WorldwideAdvertisementService::Process - EVENT_DESTROYPEER
20:33:48.43   RLINK -- Accepted matchInfo updated 442 from host
20:33:48.43   P2PNetworkSynchronization::OnMatchEvent() - Disconnecting non-existant player 10
20:33:48.43   GameObjController - OnMatchEvent: event type 1
20:33:48.44   GameObjController - OnMatchEvent: event type 4
20:33:51.79   Activating screen: TacticalMap_widescreen
20:33:51.79   Activating screen: TextOverlayScreen
20:33:52.50   Activating screen: GameScreen
20:33:52.50   Activating screen: Decorators_widescreen
20:33:52.50   Activating screen: Taskbar_widescreen
20:33:52.50   Activating screen: SubtitleScreen
20:33:52.50   Activating screen: TextOverlayScreen
20:34:07.00   RLINK -- Transport - median kBPS [hi/cur] sent = 0.1/0.0, recvd = 0.0/0.0, #p/sec[s/r] = 0.0/0.0, max unsent 0, version err 0, merge 0
20:34:35.00   RLINK -- local      PeerID 8 LOCL ack=  0 (  0ms~0) unack=  0, retry=  0, highwaterOOS=0 (ip=WINaddr:192.168.50.236:6112;), pending=0, dead=0, RS#=0/0
20:34:35.00   RLINK --       host PeerID 1 RELY ack=286 (551ms~62) unack=  0, retry= 25, highwaterOOS=4 (ip=WINaddr:192.168.1.10:6112;), pending=0, dead=0, RS#=285/285
20:34:35.00   RLINK --            PeerID 2 RELY ack= 50 (472ms~46) unack=  0, retry=  0, highwaterOOS=0 (ip=WINaddr:192.168.91.212:6112;), pending=0, dead=0, RS#=50/50
20:34:35.00   RLINK --            PeerID 3 RELY ack= 50 (385ms~72) unack=  0, retry=  0, highwaterOOS=0 (ip=WINaddr:192.168.0.23:6112;), pending=0, dead=0, RS#=50/50
20:34:35.00   RLINK --            PeerID 5 RELY ack= 50 (483ms~23) unack=  0, retry=  0, highwaterOOS=0 (ip=WINaddr:192.168.10.3:6112;), pending=0, dead=0, RS#=50/50
20:34:35.00   RLINK --            PeerID 6 RELY ack= 50 (483ms~23) unack=  0, retry=  0, highwaterOOS=0 (ip=WINaddr:192.168.1.33:6112;), pending=0, dead=0, RS#=50/50
20:34:35.00   RLINK --            PeerID 20 RELY ack= 38 (470ms~51) unack=  0, retry=  1, highwaterOOS=0 (ip=WINaddr:192.168.0.128:6112;), pending=0, dead=0, RS#=38/38
20:34:35.00   RLINK -- MessageCounts: inval=0/0, seek=0/0, join=0/0, ichk=0/0, sk_r=0/0, deny=0/0, Padd=0/0, Pdel=0/2, drop=0/0, data=522/1, mdat=0/487, voip=0/0, rchk=0/0, nudg=0/0, Thdr=0/0, Peer=2/4, PPrx=2/4, ping=0/0, Pfrg=0/0, rely=0/1, lb_p=2/2, lb_c=0/0, cast=0/0, cdat=476/0, sorq1=0/0, sorp=0/0, acto=0/0, spob=0/0, sorq2=0/0
20:34:51.39   Activating screen: TacticalMap_widescreen
20:34:51.39   Activating screen: TextOverlayScreen
20:34:52.59   Activating screen: GameScreen
20:34:52.59   Activating screen: Decorators_widescreen
20:34:52.59   Activating screen: Taskbar_widescreen
20:34:52.59   Activating screen: SubtitleScreen
20:34:52.59   Activating screen: TextOverlayScreen
20:35:08.01   RLINK -- Transport - median kBPS [hi/cur] sent = 0.1/0.0, recvd = 0.0/0.0, #p/sec[s/r] = 0.0/0.0, max unsent 0, version err 0, merge 0
20:35:36.02   RLINK -- local      PeerID 8 LOCL ack=  0 (  0ms~0) unack=  0, retry=  0, highwaterOOS=0 (ip=WINaddr:192.168.50.236:6112;), pending=0, dead=0, RS#=0/0
20:35:36.02   RLINK --       host PeerID 1 RELY ack=286 (551ms~62) unack=  0, retry= 25, highwaterOOS=4 (ip=WINaddr:192.168.1.10:6112;), pending=0, dead=0, RS#=285/285
20:35:36.02   RLINK --            PeerID 2 RELY ack= 50 (472ms~46) unack=  0, retry=  0, highwaterOOS=0 (ip=WINaddr:192.168.91.212:6112;), pending=0, dead=0, RS#=50/50
20:35:36.02   RLINK --            PeerID 3 RELY ack= 50 (385ms~72) unack=  0, retry=  0, highwaterOOS=0 (ip=WINaddr:192.168.0.23:6112;), pending=0, dead=0, RS#=50/50
20:35:36.02   RLINK --            PeerID 5 RELY ack= 50 (483ms~23) unack=  0, retry=  0, highwaterOOS=0 (ip=WINaddr:192.168.10.3:6112;), pending=0, dead=0, RS#=50/50
20:35:36.02   RLINK --            PeerID 6 RELY ack= 50 (483ms~23) unack=  0, retry=  0, highwaterOOS=0 (ip=WINaddr:192.168.1.33:6112;), pending=0, dead=0, RS#=50/50
20:35:36.02   RLINK --            PeerID 20 RELY ack= 38 (470ms~51) unack=  0, retry=  1, highwaterOOS=0 (ip=WINaddr:192.168.0.128:6112;), pending=0, dead=0, RS#=38/38
20:35:36.02   RLINK -- MessageCounts: inval=0/0, seek=0/0, join=0/0, ichk=0/0, sk_r=0/0, deny=0/0, Padd=0/0, Pdel=0/0, drop=0/0, data=517/0, mdat=0/488, voip=0/0, rchk=0/0, nudg=0/0, Thdr=0/0, Peer=0/0, PPrx=0/0, ping=0/0, Pfrg=0/0, rely=0/0, lb_p=2/2, lb_c=0/0, cast=0/0, cdat=479/0, sorq1=0/0, sorp=0/0, acto=0/0, spob=0/0, sorq2=0/0
20:36:09.01   RLINK -- Transport - median kBPS [hi/cur] sent = 0.1/0.0, recvd = 0.0/0.0, #p/sec[s/r] = 0.0/0.0, max unsent 0, version err 0, merge 0
20:36:20.19   RLINK -- SENDING FORCED ACK from Peer 8 to Peer 5 - timeSinceLastAckMS     312676, transmitAckLastTimeMS    2407337 | Peer ---E- M#00000000 Sack00000043 NSack00000000 (C0.0% S:0.0) [  ]
20:36:37.02   RLINK -- local      PeerID 8 LOCL ack=  0 (  0ms~0) unack=  0, retry=  0, highwaterOOS=0 (ip=WINaddr:192.168.50.236:6112;), pending=0, dead=0, RS#=0/0
20:36:37.02   RLINK --       host PeerID 1 RELY ack=286 (551ms~62) unack=  0, retry= 25, highwaterOOS=4 (ip=WINaddr:192.168.1.10:6112;), pending=0, dead=0, RS#=285/285
20:36:37.02   RLINK --            PeerID 2 RELY ack= 50 (472ms~46) unack=  0, retry=  0, highwaterOOS=0 (ip=WINaddr:192.168.91.212:6112;), pending=0, dead=0, RS#=50/50
20:36:37.02   RLINK --            PeerID 3 RELY ack= 50 (385ms~72) unack=  0, retry=  0, highwaterOOS=0 (ip=WINaddr:192.168.0.23:6112;), pending=0, dead=0, RS#=50/50
20:36:37.02   RLINK --            PeerID 5 RELY ack= 50 (483ms~23) unack=  0, retry=  0, highwaterOOS=0 (ip=WINaddr:192.168.10.3:6112;), pending=0, dead=0, RS#=50/50
20:36:37.02   RLINK --            PeerID 6 RELY ack= 50 (483ms~23) unack=  0, retry=  0, highwaterOOS=0 (ip=WINaddr:192.168.1.33:6112;), pending=0, dead=0, RS#=50/50
20:36:37.02   RLINK --            PeerID 20 RELY ack= 38 (470ms~51) unack=  0, retry=  1, highwaterOOS=0 (ip=WINaddr:192.168.0.128:6112;), pending=0, dead=0, RS#=38/38
20:36:37.02   RLINK -- MessageCounts: inval=0/0, seek=0/0, join=0/0, ichk=0/0, sk_r=0/0, deny=0/0, Padd=0/0, Pdel=0/0, drop=0/0, data=510/1, mdat=0/488, voip=0/0, rchk=0/0, nudg=0/0, Thdr=0/0, Peer=1/1, PPrx=1/2, ping=0/0, Pfrg=0/0, rely=0/0, lb_p=2/2, lb_c=0/0, cast=0/0, cdat=482/0, sorq1=0/0, sorp=0/0, acto=0/0, spob=0/0, sorq2=0/0
20:36:40.31   RLINK -- SENDING FORCED ACK from Peer 8 to Peer 5 - timeSinceLastAckMS      20123, transmitAckLastTimeMS    2427460 | Peer ---E- M#00000000 Sack00000044 NSack00000000 (C0.0% S:0.0) [  ]
20:36:42.56   RLINK -- SENDING FORCED ACK from Peer 8 to Peer 5 - timeSinceLastAckMS       2249, transmitAckLastTimeMS    2429709 | Peer ---E- M#00000000 Sack00000045 NSack00000000 (C0.0% S:0.0) [  ]
20:36:43.68   RLINK -- SENDING FORCED ACK from Peer 8 to Peer 3 - timeSinceLastAckMS     400202, transmitAckLastTimeMS    2430829 | Peer ---E- M#00000000 Sack00000058 NSack00000000 (C0.0% S:0.0) [  ]
20:36:50.71   RLINK -- SENDING FORCED ACK from Peer 8 to Peer 2 - timeSinceLastAckMS     658616, transmitAckLastTimeMS    2437861 | Peer ---E- M#00000000 Sack00000040 NSack00000000 (C0.0% S:0.0) [  ]
20:36:52.19   RLINK -- SENDING FORCED ACK from Peer 8 to Peer 5 - timeSinceLastAckMS       9635, transmitAckLastTimeMS    2439344 | Peer ---E- M#00000000 Sack00000046 NSack00000000 (C0.0% S:0.0) [  ]
20:36:59.46   RLINK -- SENDING FORCED ACK from Peer 8 to Peer 1 - timeSinceLastAckMS     191030, transmitAckLastTimeMS    2446612 | Peer ---E- M#00000000 Sack00000243 NSack00000000 (C0.0% S:0.0) [  ]
20:37:01.43   GameObj::ShowPlayerDroppedMessage - info, station [5] is disconnected
20:37:01.43   ModUI::OnPlayerDrops player 1002 reason 1
20:37:01.46   RLINK -- SENDING FORCED ACK from Peer 8 to Peer 5 - timeSinceLastAckMS       9264, transmitAckLastTimeMS    2448608 | Peer ---E- M#00000000 Sack00000047 NSack00000000 (C0.0% S:0.0) [  ]
20:37:01.52   RLINK -- Session::ProcessPeerMessages - Got DROPOUT from peer 5
20:37:01.52   RLINK -- Session::ProcessPeerMessages - Got DROPOUT from peer 5
20:37:01.73   RLINK -- SENDING FORCED ACK from Peer 8 to Peer 5 - timeSinceLastAckMS        271, transmitAckLastTimeMS    2448879 | Peer ---E- M#00000000 Sack00000049 NSack00000000 (C0.0% S:0.0) [  ]
20:37:01.76   RLINK -- [P#8] SrcP# 1 buffer out of seq: 245 expect: 244
20:37:01.79   RLINK -- [P#8] SrcP# 1 buffer out of seq: 246 expect: 245
20:37:01.79   RLINK -- SrcP# 1 deliver out of seq: 245 expect: 245
20:37:01.79   RLINK -- SrcP# 1 erase out of seq: 245 expect: 245
20:37:01.79   RLINK -- SrcP# 1 deliver out of seq: 246 expect: 246
20:37:01.79   RLINK -- SrcP# 1 erase out of seq: 246 expect: 246
20:37:01.79   RLINK -- Removing peer 5 from session due to REMOVEPEER from host PeerID 1
20:37:01.79   RLINK -- Session::SchedulePeerRemove - Scheduling peerID: 5 to disconnect, reasonCode:1004, reason:disconnected
20:37:01.79   RLINK -- Session Destroy Peer Event - ReasonID: 1004 ReasonDebug: disconnected
20:37:01.79   RLINK -- Session::GetEvent DestroyPeer success Peer 5 removed, reasonCode 1004, reasonDebug disconnected
20:37:01.79   RLINK -- Session::DestroyPeer - deallocating peer 5
20:37:01.79   RLINK -- Session - Requested Disconnect for connectionID 6
20:37:01.79   RLINK -- WorldwideAdvertisementService::Process - EVENT_DESTROYPEER
20:37:01.79   RLINK -- Accepted matchInfo updated 443 from host
20:37:01.79   P2PNetworkSynchronization::OnMatchEvent() - Disconnecting player 5
20:37:01.79   GameObjController - OnMatchEvent: event type 1
20:37:01.80   GameObjController - OnMatchEvent: event type 4
20:37:02.89   Activating screen: TacticalMap_widescreen
20:37:02.89   Activating screen: TextOverlayScreen
20:37:03.88   RLINK -- [P#8] SrcP# 6 buffer out of seq: 39 expect: 38
20:37:03.88   RLINK -- [P#8] SrcP# 6 buffer out of seq: 40 expect: 38
20:37:03.88   Activating screen: GameScreen
20:37:03.88   Activating screen: Decorators_widescreen
20:37:03.88   Activating screen: Taskbar_widescreen
20:37:03.88   Activating screen: SubtitleScreen
20:37:03.88   Activating screen: TextOverlayScreen
20:37:03.91   RLINK -- SrcP# 6 deliver out of seq: 39 expect: 39
20:37:03.91   RLINK -- SrcP# 6 erase out of seq: 39 expect: 39
20:37:03.91   RLINK -- SrcP# 6 deliver out of seq: 40 expect: 40
20:37:03.91   RLINK -- SrcP# 6 erase out of seq: 40 expect: 40
20:37:03.91   RLINK -- Session::ProcessPeerMessages - Got DROPOUT from peer 6
20:37:03.91   RLINK -- Session::ProcessPeerMessages - Got DROPOUT from peer 6
20:37:03.93   GameObj::ShowPlayerDroppedMessage - info, station [6] is disconnected
20:37:03.93   ModUI::OnPlayerDrops player 1001 reason 1
20:37:03.94   RLINK -- SENDING FORCED ACK from Peer 8 to Peer 6 - timeSinceLastAckMS     573925, transmitAckLastTimeMS    2451094 | Peer ---E- M#00000000 Sack00000040 NSack00000000 (C0.0% S:0.0) [  ]
20:37:04.15   RLINK -- SENDING FORCED ACK from Peer 8 to Peer 1 - timeSinceLastAckMS       2361, transmitAckLastTimeMS    2451304 | Peer ---E- M#00000000 Sack00000247 NSack00000000 (C0.0% S:0.0) [  ]
20:37:04.15   RLINK -- Removing peer 6 from session due to REMOVEPEER from host PeerID 1
20:37:04.15   RLINK -- Session::SchedulePeerRemove - Scheduling peerID: 6 to disconnect, reasonCode:1004, reason:disconnected
20:37:04.16   RLINK -- Session Destroy Peer Event - ReasonID: 1004 ReasonDebug: disconnected
20:37:04.16   RLINK -- Session::GetEvent DestroyPeer success Peer 6 removed, reasonCode 1004, reasonDebug disconnected
20:37:04.16   RLINK -- Session::DestroyPeer - deallocating peer 6
20:37:04.16   RLINK -- Session - Requested Disconnect for connectionID 7
20:37:04.16   RLINK -- WorldwideAdvertisementService::Process - EVENT_DESTROYPEER
20:37:04.19   RLINK -- Accepted matchInfo updated 444 from host
20:37:04.19   P2PNetworkSynchronization::OnMatchEvent() - Disconnecting player 6
20:37:04.19   GameObjController - OnMatchEvent: event type 1
20:37:04.20   GameObjController - OnMatchEvent: event type 4
20:37:10.01   RLINK -- Transport - median kBPS [hi/cur] sent = 0.1/0.0, recvd = 0.0/0.0, #p/sec[s/r] = 0.0/0.0, max unsent 0, version err 0, merge 0
20:37:17.96   RLINK -- SENDING FORCED ACK from Peer 8 to Peer 20 - timeSinceLastAckMS     746626, transmitAckLastTimeMS    2465108 | Peer ---E- M#00000000 Sack00000028 NSack00000000 (C0.0% S:0.0) [  ]
20:37:32.03   P2PNetworkSynchronization::RemovePeer - info, drop event received for remote station [5].
20:37:32.04   GameObj::OnRemoteStationDisconnected - info, remote station [5] was disconnected reason 5
20:37:32.04   GameObj::SchedulePeerForDestruction - info, frame [16308], peer for station [5] scheduled for destruction on frame 16308.
20:37:32.04   GAME -- Frame 16308 - SchedulePeerForDestruction - peer 1002 scheduledfor destruction
20:37:32.04   GameObj::KillAllDropped - info, processing disconnected player [1002], set to  migrate to station [14], local station [8].
20:37:32.04   GameObj::KillAllDropped - Remote Human - doing station takeover
20:37:32.04   GameObj - AI Simulation for player [2] migrated to remote station [14].
20:37:32.53   MOD -- Player twitchsopamanxx set to AI Type: Remote Human Takeover (frame 16311) (CmdAI)
20:37:34.44   P2PNetworkSynchronization::RemovePeer - info, drop event received for remote station [6].
20:37:34.45   GameObj::OnRemoteStationDisconnected - info, remote station [6] was disconnected reason 5
20:37:34.45   GameObj::SchedulePeerForDestruction - info, frame [16327], peer for station [6] scheduled for destruction on frame 16327.
20:37:34.45   GAME -- Frame 16327 - SchedulePeerForDestruction - peer 1001 scheduledfor destruction
20:37:34.45   GameObj::KillAllDropped - info, processing disconnected player [1001], set to  migrate to station [14], local station [8].
20:37:34.45   GameObj::KillAllDropped - Remote Human - doing station takeover
20:37:34.45   GameObj - AI Simulation for player [1] migrated to remote station [14].
20:37:34.92   MOD -- Player dundar set to AI Type: Remote Human Takeover (frame 16330) (CmdAI)
20:37:38.00   RLINK -- local      PeerID 8 LOCL ack=  0 (  0ms~0) unack=  0, retry=  0, highwaterOOS=0 (ip=WINaddr:192.168.50.236:6112;), pending=0, dead=0, RS#=0/0
20:37:38.00   RLINK --       host PeerID 1 RELY ack=288 (528ms~35) unack=  0, retry= 25, highwaterOOS=4 (ip=WINaddr:192.168.1.10:6112;), pending=0, dead=0, RS#=287/287
20:37:38.00   RLINK --            PeerID 2 RELY ack= 50 (472ms~46) unack=  0, retry=  0, highwaterOOS=0 (ip=WINaddr:192.168.91.212:6112;), pending=0, dead=0, RS#=50/50
20:37:38.00   RLINK --            PeerID 3 RELY ack= 50 (385ms~72) unack=  0, retry=  0, highwaterOOS=0 (ip=WINaddr:192.168.0.23:6112;), pending=0, dead=0, RS#=50/50
20:37:38.00   RLINK --            PeerID 20 RELY ack= 38 (470ms~51) unack=  0, retry=  1, highwaterOOS=0 (ip=WINaddr:192.168.0.128:6112;), pending=0, dead=0, RS#=38/38
20:37:38.00   RLINK -- MessageCounts: inval=0/0, seek=0/0, join=0/0, ichk=0/0, sk_r=0/0, deny=0/0, Padd=0/0, Pdel=0/4, drop=0/8, data=512/12, mdat=0/487, voip=0/0, rchk=0/0, nudg=0/0, Thdr=0/0, Peer=22/26, PPrx=13/28, ping=0/0, Pfrg=0/0, rely=0/6, lb_p=2/2, lb_c=0/0, cast=0/0, cdat=478/0, sorq1=0/0, sorp=0/0, acto=0/0, spob=0/0, sorq2=0/0
20:37:48.60   Activating screen: TacticalMap_widescreen
20:37:48.60   Activating screen: TextOverlayScreen
20:37:50.45   Activating screen: GameScreen
20:37:50.45   Activating screen: Decorators_widescreen
20:37:50.45   Activating screen: Taskbar_widescreen
20:37:50.45   Activating screen: SubtitleScreen
20:37:50.45   Activating screen: TextOverlayScreen
20:38:11.01   RLINK -- Transport - median kBPS [hi/cur] sent = 0.1/0.0, recvd = 0.0/0.0, #p/sec[s/r] = 0.0/0.0, max unsent 0, version err 0, merge 0
20:38:18.25   RLINK -- SENDING FORCED ACK from Peer 8 to Peer 2 - timeSinceLastAckMS      87536, transmitAckLastTimeMS    2525397 | Peer ---E- M#00000000 Sack00000041 NSack00000000 (C0.0% S:0.0) [  ]
20:38:27.74   RLINK -- SENDING FORCED ACK from Peer 8 to Peer 2 - timeSinceLastAckMS       9496, transmitAckLastTimeMS    2534893 | Peer ---E- M#00000000 Sack00000042 NSack00000000 (C0.0% S:0.0) [  ]
20:38:31.10   RLINK -- SENDING FORCED ACK from Peer 8 to Peer 3 - timeSinceLastAckMS     107422, transmitAckLastTimeMS    2538251 | Peer ---E- M#00000000 Sack00000059 NSack00000000 (C0.0% S:0.0) [  ]
20:38:32.98   RLINK -- SENDING FORCED ACK from Peer 8 to Peer 3 - timeSinceLastAckMS       1879, transmitAckLastTimeMS    2540130 | Peer ---E- M#00000000 Sack00000060 NSack00000000 (C0.0% S:0.0) [  ]
20:38:39.01   RLINK -- local      PeerID 8 LOCL ack=  0 (  0ms~0) unack=  0, retry=  0, highwaterOOS=0 (ip=WINaddr:192.168.50.236:6112;), pending=0, dead=0, RS#=0/0
20:38:39.01   RLINK --       host PeerID 1 RELY ack=288 (528ms~35) unack=  0, retry= 25, highwaterOOS=4 (ip=WINaddr:192.168.1.10:6112;), pending=0, dead=0, RS#=287/287
20:38:39.01   RLINK --            PeerID 2 RELY ack= 50 (472ms~46) unack=  0, retry=  0, highwaterOOS=0 (ip=WINaddr:192.168.91.212:6112;), pending=0, dead=0, RS#=50/50
20:38:39.01   RLINK --            PeerID 3 RELY ack= 50 (385ms~72) unack=  0, retry=  0, highwaterOOS=0 (ip=WINaddr:192.168.0.23:6112;), pending=0, dead=0, RS#=50/50
20:38:39.01   RLINK --            PeerID 20 RELY ack= 38 (470ms~51) unack=  0, retry=  1, highwaterOOS=0 (ip=WINaddr:192.168.0.128:6112;), pending=0, dead=0, RS#=38/38
20:38:39.01   RLINK -- MessageCounts: inval=0/0, seek=0/0, join=0/0, ichk=0/0, sk_r=0/0, deny=0/0, Padd=0/0, Pdel=0/0, drop=0/0, data=516/4, mdat=0/488, voip=0/0, rchk=0/0, nudg=0/0, Thdr=0/0, Peer=4/4, PPrx=4/8, ping=0/0, Pfrg=0/0, rely=0/0, lb_p=2/2, lb_c=0/0, cast=0/0, cdat=475/0, sorq1=0/0, sorp=0/0, acto=0/0, spob=0/0, sorq2=0/0
20:38:55.26   RLINK -- SENDING FORCED ACK from Peer 8 to Peer 1 - timeSinceLastAckMS     111062, transmitAckLastTimeMS    2562406 | Peer ---E- M#00000000 Sack00000249 NSack00000000 (C0.0% S:0.0) [  ]
20:39:12.00   RLINK -- Transport - median kBPS [hi/cur] sent = 0.1/0.0, recvd = 0.0/0.0, #p/sec[s/r] = 0.0/0.0, max unsent 0, version err 0, merge 0
20:39:33.64   Activating screen: TacticalMap_widescreen
20:39:33.64   Activating screen: TextOverlayScreen
20:39:34.53   Activating screen: GameScreen
20:39:34.53   Activating screen: Decorators_widescreen
20:39:34.53   Activating screen: Taskbar_widescreen
20:39:34.53   Activating screen: SubtitleScreen
20:39:34.53   Activating screen: TextOverlayScreen
20:39:35.07   Activating screen: TacticalMap_widescreen
20:39:35.07   Activating screen: TextOverlayScreen
20:39:35.79   Activating screen: GameScreen
20:39:35.79   Activating screen: Decorators_widescreen
20:39:35.79   Activating screen: Taskbar_widescreen
20:39:35.79   Activating screen: SubtitleScreen
20:39:35.79   Activating screen: TextOverlayScreen
20:39:36.40   Activating screen: TacticalMap_widescreen
20:39:36.40   Activating screen: TextOverlayScreen
20:39:37.03   Activating screen: GameScreen
20:39:37.03   Activating screen: Decorators_widescreen
20:39:37.03   Activating screen: Taskbar_widescreen
20:39:37.03   Activating screen: SubtitleScreen
20:39:37.03   Activating screen: TextOverlayScreen
20:39:40.01   RLINK -- local      PeerID 8 LOCL ack=  0 (  0ms~0) unack=  0, retry=  0, highwaterOOS=0 (ip=WINaddr:192.168.50.236:6112;), pending=0, dead=0, RS#=0/0
20:39:40.01   RLINK --       host PeerID 1 RELY ack=290 (595ms~173) unack=  0, retry= 25, highwaterOOS=4 (ip=WINaddr:192.168.1.10:6112;), pending=0, dead=0, RS#=289/289
20:39:40.01   RLINK --            PeerID 2 RELY ack= 52 (490ms~29) unack=  0, retry=  0, highwaterOOS=0 (ip=WINaddr:192.168.91.212:6112;), pending=0, dead=0, RS#=52/52
20:39:40.01   RLINK --            PeerID 3 RELY ack= 52 (408ms~59) unack=  0, retry=  0, highwaterOOS=0 (ip=WINaddr:192.168.0.23:6112;), pending=0, dead=0, RS#=52/52
20:39:40.01   RLINK --            PeerID 20 RELY ack= 40 (399ms~53) unack=  0, retry=  1, highwaterOOS=0 (ip=WINaddr:192.168.0.128:6112;), pending=0, dead=0, RS#=40/40
20:39:40.01   RLINK -- MessageCounts: inval=0/0, seek=0/0, join=0/0, ichk=0/0, sk_r=0/0, deny=0/0, Padd=0/0, Pdel=0/0, drop=0/0, data=514/1, mdat=0/488, voip=0/0, rchk=0/0, nudg=0/0, Thdr=0/0, Peer=9/9, PPrx=3/18, ping=0/0, Pfrg=0/0, rely=0/0, lb_p=2/2, lb_c=0/0, cast=0/0, cdat=481/0, sorq1=0/0, sorp=0/0, acto=0/0, spob=0/0, sorq2=0/0
20:39:55.64   Activating screen: TacticalMap_widescreen
20:39:55.64   Activating screen: TextOverlayScreen
20:39:56.54   Activating screen: GameScreen
20:39:56.54   Activating screen: Decorators_widescreen
20:39:56.54   Activating screen: Taskbar_widescreen
20:39:56.54   Activating screen: SubtitleScreen
20:39:56.54   Activating screen: TextOverlayScreen
20:39:59.66   Activating screen: TacticalMap_widescreen
20:39:59.66   Activating screen: TextOverlayScreen
20:40:00.88   Activating screen: GameScreen
20:40:00.88   Activating screen: Decorators_widescreen
20:40:00.88   Activating screen: Taskbar_widescreen
20:40:00.88   Activating screen: SubtitleScreen
20:40:00.88   Activating screen: TextOverlayScreen
20:40:02.70   Activating screen: TacticalMap_widescreen
20:40:02.70   Activating screen: TextOverlayScreen
20:40:03.96   Activating screen: GameScreen
20:40:03.96   Activating screen: Decorators_widescreen
20:40:03.96   Activating screen: Taskbar_widescreen
20:40:03.96   Activating screen: SubtitleScreen
20:40:03.96   Activating screen: TextOverlayScreen
20:40:08.59   Activating screen: TacticalMap_widescreen
20:40:08.59   Activating screen: TextOverlayScreen
20:40:09.51   Activating screen: GameScreen
20:40:09.51   Activating screen: Decorators_widescreen
20:40:09.51   Activating screen: Taskbar_widescreen
20:40:09.51   Activating screen: SubtitleScreen
20:40:09.51   Activating screen: TextOverlayScreen
20:40:13.01   RLINK -- Transport - median kBPS [hi/cur] sent = 0.1/0.0, recvd = 0.0/0.0, #p/sec[s/r] = 0.0/0.0, max unsent 0, version err 0, merge 0
20:40:15.32   Activating screen: TacticalMap_widescreen
20:40:15.32   Activating screen: TextOverlayScreen
20:40:15.89   Activating screen: GameScreen
20:40:15.89   Activating screen: Decorators_widescreen
20:40:15.89   Activating screen: Taskbar_widescreen
20:40:15.89   Activating screen: SubtitleScreen
20:40:15.89   Activating screen: TextOverlayScreen
20:40:39.93   Activating screen: TacticalMap_widescreen
20:40:39.93   Activating screen: TextOverlayScreen
20:40:41.02   RLINK -- local      PeerID 8 LOCL ack=  0 (  0ms~0) unack=  0, retry=  0, highwaterOOS=0 (ip=WINaddr:192.168.50.236:6112;), pending=0, dead=0, RS#=0/0
20:40:41.02   RLINK --       host PeerID 1 RELY ack=290 (595ms~173) unack=  0, retry= 25, highwaterOOS=4 (ip=WINaddr:192.168.1.10:6112;), pending=0, dead=0, RS#=289/289
20:40:41.02   RLINK --            PeerID 2 RELY ack= 52 (490ms~29) unack=  0, retry=  0, highwaterOOS=0 (ip=WINaddr:192.168.91.212:6112;), pending=0, dead=0, RS#=52/52
20:40:41.02   RLINK --            PeerID 3 RELY ack= 52 (408ms~59) unack=  0, retry=  0, highwaterOOS=0 (ip=WINaddr:192.168.0.23:6112;), pending=0, dead=0, RS#=52/52
20:40:41.02   RLINK --            PeerID 20 RELY ack= 40 (399ms~53) unack=  0, retry=  1, highwaterOOS=0 (ip=WINaddr:192.168.0.128:6112;), pending=0, dead=0, RS#=40/40
20:40:41.02   RLINK -- MessageCounts: inval=0/0, seek=0/0, join=0/0, ichk=0/0, sk_r=0/0, deny=0/0, Padd=0/0, Pdel=0/0, drop=0/0, data=505/0, mdat=0/488, voip=0/0, rchk=0/0, nudg=0/0, Thdr=0/0, Peer=0/0, PPrx=0/0, ping=0/0, Pfrg=0/0, rely=0/0, lb_p=2/2, lb_c=0/0, cast=0/0, cdat=480/0, sorq1=0/0, sorp=0/0, acto=0/0, spob=0/0, sorq2=0/0
20:40:41.53   Activating screen: GameScreen
20:40:41.53   Activating screen: Decorators_widescreen
20:40:41.53   Activating screen: Taskbar_widescreen
20:40:41.53   Activating screen: SubtitleScreen
20:40:41.53   Activating screen: TextOverlayScreen
20:40:43.43   Activating screen: TacticalMap_widescreen
20:40:43.43   Activating screen: TextOverlayScreen
20:40:44.04   Activating screen: GameScreen
20:40:44.04   Activating screen: Decorators_widescreen
20:40:44.04   Activating screen: Taskbar_widescreen
20:40:44.04   Activating screen: SubtitleScreen
20:40:44.04   Activating screen: TextOverlayScreen
20:40:45.03   Activating screen: TacticalMap_widescreen
20:40:45.03   Activating screen: TextOverlayScreen
20:40:45.77   Activating screen: GameScreen
20:40:45.77   Activating screen: Decorators_widescreen
20:40:45.77   Activating screen: Taskbar_widescreen
20:40:45.77   Activating screen: SubtitleScreen
20:40:45.77   Activating screen: TextOverlayScreen
20:41:14.01   RLINK -- Transport - median kBPS [hi/cur] sent = 0.1/0.0, recvd = 0.0/0.0, #p/sec[s/r] = 0.0/0.0, max unsent 0, version err 0, merge 0
20:41:24.56   Was already stealing a skeleton when told to steal another [mortar_target].
20:41:42.00   RLINK -- local      PeerID 8 LOCL ack=  0 (  0ms~0) unack=  0, retry=  0, highwaterOOS=0 (ip=WINaddr:192.168.50.236:6112;), pending=0, dead=0, RS#=0/0
20:41:42.00   RLINK --       host PeerID 1 RELY ack=290 (595ms~173) unack=  0, retry= 25, highwaterOOS=4 (ip=WINaddr:192.168.1.10:6112;), pending=0, dead=0, RS#=289/289
20:41:42.00   RLINK --            PeerID 2 RELY ack= 52 (490ms~29) unack=  0, retry=  0, highwaterOOS=0 (ip=WINaddr:192.168.91.212:6112;), pending=0, dead=0, RS#=52/52
20:41:42.00   RLINK --            PeerID 3 RELY ack= 52 (408ms~59) unack=  0, retry=  0, highwaterOOS=0 (ip=WINaddr:192.168.0.23:6112;), pending=0, dead=0, RS#=52/52
20:41:42.00   RLINK --            PeerID 20 RELY ack= 40 (399ms~53) unack=  0, retry=  1, highwaterOOS=0 (ip=WINaddr:192.168.0.128:6112;), pending=0, dead=0, RS#=40/40
20:41:42.00   RLINK -- MessageCounts: inval=0/0, seek=0/0, join=0/0, ichk=0/0, sk_r=0/0, deny=0/0, Padd=0/0, Pdel=0/0, drop=0/0, data=510/0, mdat=0/487, voip=0/0, rchk=0/0, nudg=0/0, Thdr=0/0, Peer=0/0, PPrx=0/0, ping=0/0, Pfrg=0/0, rely=0/0, lb_p=2/2, lb_c=0/0, cast=0/0, cdat=476/0, sorq1=0/0, sorp=0/0, acto=0/0, spob=0/0, sorq2=0/0
20:41:43.98   Activating screen: TacticalMap_widescreen
20:41:43.98   Activating screen: TextOverlayScreen
20:41:46.88   Activating screen: GameScreen
20:41:46.88   Activating screen: Decorators_widescreen
20:41:46.88   Activating screen: Taskbar_widescreen
20:41:46.88   Activating screen: SubtitleScreen
20:41:46.88   Activating screen: TextOverlayScreen
20:42:15.00   RLINK -- Transport - median kBPS [hi/cur] sent = 0.1/0.0, recvd = 0.0/0.0, #p/sec[s/r] = 0.0/0.0, max unsent 0, version err 0, merge 0
20:42:43.00   RLINK -- local      PeerID 8 LOCL ack=  0 (  0ms~0) unack=  0, retry=  0, highwaterOOS=0 (ip=WINaddr:192.168.50.236:6112;), pending=0, dead=0, RS#=0/0
20:42:43.00   RLINK --       host PeerID 1 RELY ack=290 (595ms~173) unack=  0, retry= 25, highwaterOOS=4 (ip=WINaddr:192.168.1.10:6112;), pending=0, dead=0, RS#=289/289
20:42:43.00   RLINK --            PeerID 2 RELY ack= 52 (490ms~29) unack=  0, retry=  0, highwaterOOS=0 (ip=WINaddr:192.168.91.212:6112;), pending=0, dead=0, RS#=52/52
20:42:43.00   RLINK --            PeerID 3 RELY ack= 52 (408ms~59) unack=  0, retry=  0, highwaterOOS=0 (ip=WINaddr:192.168.0.23:6112;), pending=0, dead=0, RS#=52/52
20:42:43.00   RLINK --            PeerID 20 RELY ack= 40 (399ms~53) unack=  0, retry=  1, highwaterOOS=0 (ip=WINaddr:192.168.0.128:6112;), pending=0, dead=0, RS#=40/40
20:42:43.00   RLINK -- MessageCounts: inval=0/0, seek=0/0, join=0/0, ichk=0/0, sk_r=0/0, deny=0/0, Padd=0/0, Pdel=0/0, drop=0/0, data=510/0, mdat=0/488, voip=0/0, rchk=0/0, nudg=0/0, Thdr=0/0, Peer=0/0, PPrx=0/0, ping=0/0, Pfrg=0/0, rely=0/0, lb_p=2/2, lb_c=0/0, cast=0/0, cdat=476/0, sorq1=0/0, sorp=0/0, acto=0/0, spob=0/0, sorq2=0/0
20:43:16.00   RLINK -- Transport - median kBPS [hi/cur] sent = 0.1/0.0, recvd = 0.0/0.0, #p/sec[s/r] = 0.0/0.0, max unsent 0, version err 0, merge 0
20:43:27.90   P2PNetworkSynchronization::RemovePeer - info, drop event received for remote station [20].
20:43:27.90   GameObj::OnRemoteStationDisconnected - info, remote station [14] was disconnected reason 4
20:43:27.90   GameObj::ShowPlayerDroppedMessage - info, station [14] is disconnected
20:43:27.90   ModUI::OnPlayerDrops player 1003 reason 0
20:43:27.90   ModUI::OnPlayerDrops adding player 1003 [642693] as victorious enemy
20:43:27.90   GameObj::SchedulePeerForDestruction - info, frame [19138], peer for station [14] scheduled for destruction on frame 19138.
20:43:27.90   GAME -- Frame 19138 - SchedulePeerForDestruction - peer 1000 scheduledfor destruction
20:43:27.90   GAME -- Frame 19138 - SchedulePeerForDestruction - peer 1001 scheduledfor destruction
20:43:27.90   GAME -- Frame 19138 - SchedulePeerForDestruction - peer 1002 scheduledfor destruction
20:43:27.90   GAME -- Frame 19138 - SchedulePeerForDestruction - peer 1003 scheduledfor destruction
20:43:27.90   GameObj::KillAllDropped - info, processing disconnected player [1000], set to  migrate to station [8], local station [8].
20:43:27.92   GameObj - AI Simulation for player [0] migrated to local station [8].
20:43:27.92   GameObj::KillAllDropped - Remote AI
20:43:27.92   GameObj::KillAllDropped - info, processing disconnected player [1001], set to  migrate to station [8], local station [8].
20:43:27.94   GameObj - AI Simulation for player [1] migrated to local station [8].
20:43:27.94   GameObj::KillAllDropped - Remote AI
20:43:27.94   GameObj::KillAllDropped - info, processing disconnected player [1002], set to  migrate to station [8], local station [8].
20:43:27.97   GameObj - AI Simulation for player [2] migrated to local station [8].
20:43:27.97   GameObj::KillAllDropped - Remote AI
20:43:27.97   GameObj::KillAllDropped - info, processing disconnected player [1003], set to  migrate to station [8], local station [8].
20:43:27.97   GameObj::KillAllDropped - Remote Human - doing station takeover
20:43:27.99   GameObj - AI Simulation for player [3] migrated to local station [8].
20:43:29.54   MOD -- Player CraftBeer4Life set to AI Type: Remote Human Takeover (frame 19157) (CmdAI)
20:43:29.75   MOD -- Player The Wolf, Duc Volpe (kill endgame) (frame 19159) (KillPlayer)
20:43:29.75   MOD -- Player dundar (kill endgame) (frame 19159) (KillPlayer)
20:43:29.75   MOD -- Player twitchsopamanxx (kill endgame) (frame 19159) (KillPlayer)
20:43:29.75   MOD -- Player CraftBeer4Life (kill endgame) (frame 19159) (KillPlayer)
20:43:29.75   MOD -- Game Over at frame 19159
20:43:29.75   GameApp::ReportStats
20:43:29.75   ReportMatchResults - onlyReportOnWin = 0
20:43:29.75   ReportMatchResults - SimID:1000, raceID:2, teamID:0, uid:0:26726, result:3:PS_KILLED
20:43:29.75   ReportMatchResults - SimID:1001, raceID:0, teamID:0, uid:0:1243386, result:3:PS_KILLED
20:43:29.75   ReportMatchResults - SimID:1002, raceID:0, teamID:0, uid:0:140455, result:3:PS_KILLED
20:43:29.75   ReportMatchResults - SimID:1003, raceID:2, teamID:0, uid:0:642693, result:3:PS_KILLED
20:43:29.75   ReportMatchResults - SimID:1004, raceID:1, teamID:1, uid:0:1850731, result:5:PS_WON
20:43:29.75   ReportMatchResults - SimID:1005, raceID:3, teamID:1, uid:0:1491000, result:5:PS_WON
20:43:29.75   ReportMatchResults - SimID:1006, raceID:3, teamID:1, uid:0:45185, result:5:PS_WON
20:43:29.75   ReportMatchResults - SimID:1007, raceID:1, teamID:1, uid:0:952820, result:5:PS_WON
20:43:29.75   ReportMatchResults - reporting normal game results for match 0:112388013
20:43:29.75   ReportSimStats - storing simulation results for match 0:112388013
20:43:29.75   ModWorld::ReportSimStats complete:
20:43:29.75   8 player entries
20:43:29.75   0 player reward entries
20:43:29.75   0 player endgame entries
20:43:29.75   0 player skipped NIS entries
20:43:29.75   0 player production entries
20:43:29.75   0 player entity death entries
20:43:29.75   0 player resource entries
20:43:29.75   0 player objectives entries
20:43:29.75   0 player PBG stat entries
20:43:29.75   0 player PBG ability use entries
20:43:29.75   GameObj::DoGameOverPopup
20:43:29.75   Activating screen: GameOverDialog
20:43:29.75   ArbitrationMessageNeeded already counted 1000 [26726] as dropped
20:43:29.75   ArbitrationMessageNeeded already counted 1003 [642693] as dropped
20:43:29.75   ArbitrationMessageNeeded adding player 1004 [1850731] as victorious ally
20:43:29.75   ArbitrationMessageNeeded adding player 1005 [1491000] as victorious ally
20:43:29.75   ArbitrationMessageNeeded adding player 1006 [45185] as victorious ally
20:43:29.75   ArbitrationMessageNeeded adding player 1007 [952820] as victorious ally
20:43:29.75   ArbitrationMessageNeeded 4 allies vs 2 enemies result 0
20:43:29.75   GameOverDialog - normal game ending (no sync errors)
20:43:30.41   Activating screen: ViewStats
20:43:31.03   GameObjController - OnMatchEvent: event type 9
20:43:40.11   GameObj::ShowPlayerDroppedMessage - info, station [2] is disconnected
20:43:40.11   ModUI::OnPlayerDrops player 1006 reason 1
20:43:40.23   RLINK -- SENDING FORCED ACK from Peer 8 to Peer 2 - timeSinceLastAckMS        266, transmitAckLastTimeMS    2847376 | Peer ---E- M#00000000 Sack00000043 NSack00000000 (C0.0% S:0.0) [  ]
20:43:40.86   RLINK -- SENDING RETRY - Peer 8 to Peer 20 retryTimeMS        899 oneMsg.lastTransmitTime    2847110, timeSinceLastTransmitMS        902 | Peer RS--- M#00000041 Sack00000028 NSack00000000 (C0.0% S:0.0) [ PKT SIZE:56 data DestChannel:L�, Size:52  ]
20:43:41.77   RLINK -- SENDING RETRY - Peer 8 to Peer 20 retryTimeMS        899 oneMsg.lastTransmitTime    2848012, timeSinceLastTransmitMS        909 | Peer RS--- M#00000041 Sack00000028 NSack00000000 (C0.0% S:0.0) [ PKT SIZE:56 data DestChannel:<�, Size:52  ]
20:43:42.03   RLINK -- internal\service\Worldwide\WorldwideNotifier.cpp - GameResultNotificationMessage
20:43:42.03   RLINK -- RNT_StatsUpdate: Loss notification, profileID [00000000:00006866 /steam/76561198012399268], race =2, level=-1, ranking=-1
20:43:42.03   RLINK -- RNT_StatsUpdate: Win notification, profileID [00000000:0000b081 /steam/76561198079666514], race =3, level=-1, ranking=-1
20:43:42.03   RLINK -- RNT_StatsUpdate: Loss notification, profileID [00000000:000224a7 /steam/76561197975452220], race =0, level=-1, ranking=-1
20:43:42.03   RLINK -- RNT_StatsUpdate: Loss notification, profileID [00000000:0009ce85 /steam/76561198014477013], race =2, level=-1, ranking=-1
20:43:42.03   RLINK -- RNT_StatsUpdate: Win notification, profileID [00000000:000e89f4 /steam/76561198285889230], race =1, level=-1, ranking=-1
20:43:42.03   RLINK -- RNT_StatsUpdate: Loss notification, profileID [00000000:0012f8fa /steam/76561198263392865], race =0, level=-1, ranking=-1
20:43:42.03   RLINK -- RNT_StatsUpdate: Win notification, profileID [00000000:0016c038 /steam/76561198873493279], race =3, level=-1, ranking=-1
20:43:42.03   RLINK -- RNT_StatsUpdate: Win notification, profileID [00000000:001c3d6b /steam/76561199210795903], race =1, level=-1, ranking=-1
20:43:42.68   RLINK -- SENDING RETRY - Peer 8 to Peer 20 retryTimeMS        899 oneMsg.lastTransmitTime    2848921, timeSinceLastTransmitMS        915 | Peer RS--- M#00000041 Sack00000028 NSack00000000 (C0.0% S:0.0) [ PKT SIZE:56 data DestChannel:<�, Size:52  ]
20:43:43.60   RLINK -- SENDING RETRY - Peer 8 to Peer 20 retryTimeMS        899 oneMsg.lastTransmitTime    2849836, timeSinceLastTransmitMS        912 | Peer RS--- M#00000041 Sack00000028 NSack00000000 (C0.0% S:0.0) [ PKT SIZE:56 data DestChannel:<�, Size:52  ]
20:43:44.02   RLINK -- local      PeerID 8 LOCL ack=  0 (  0ms~0) unack=  0, retry=  0, highwaterOOS=0 (ip=WINaddr:192.168.50.236:6112;), pending=0, dead=0, RS#=0/0
20:43:44.02   RLINK --       host PeerID 1 RELY ack=291 (567ms~113) unack=  0, retry= 25, highwaterOOS=4 (ip=WINaddr:192.168.1.10:6112;), pending=0, dead=0, RS#=290/290
20:43:44.02   RLINK --            PeerID 2 RELY ack= 53 (515ms~39) unack=  0, retry=  0, highwaterOOS=0 (ip=WINaddr:192.168.91.212:6112;), pending=0, dead=0, RS#=53/53
20:43:44.02   RLINK --            PeerID 3 RELY ack= 53 (474ms~95) unack=  0, retry=  0, highwaterOOS=0 (ip=WINaddr:192.168.0.23:6112;), pending=0, dead=0, RS#=53/53
20:43:44.02   RLINK --            PeerID 20 RELY ack= 40 (399ms~53) unack=  1, retry=  5, highwaterOOS=0 (ip=WINaddr:192.168.0.128:6112;), pending=0, dead=0, RS#=40/41
20:43:44.02   RLINK -- MessageCounts: inval=0/0, seek=0/0, join=0/0, ichk=0/0, sk_r=0/0, deny=0/0, Padd=0/0, Pdel=0/0, drop=0/0, data=400/9, mdat=0/488, voip=0/0, rchk=0/0, nudg=0/0, Thdr=0/0, Peer=4/4, PPrx=6/8, ping=0/0, Pfrg=0/0, rely=0/0, lb_p=2/2, lb_c=0/0, cast=0/0, cdat=364/0, sorq1=0/0, sorp=0/0, acto=0/0, spob=0/0, sorq2=0/0
20:43:44.51   RLINK -- SENDING RETRY - Peer 8 to Peer 20 retryTimeMS        899 oneMsg.lastTransmitTime    2850748, timeSinceLastTransmitMS        910 | Peer RS--- M#00000041 Sack00000028 NSack00000000 (C0.0% S:0.0) [ PKT SIZE:56 data DestChannel:K�, Size:52  ]
20:43:45.42   RLINK -- SENDING RETRY - Peer 8 to Peer 20 retryTimeMS        899 oneMsg.lastTransmitTime    2851658, timeSinceLastTransmitMS        909 | Peer RS--- M#00000041 Sack00000028 NSack00000000 (C0.0% S:0.0) [ PKT SIZE:56 data DestChannel:9�, Size:52  ]
20:43:46.32   RLINK -- SENDING RETRY - Peer 8 to Peer 20 retryTimeMS        899 oneMsg.lastTransmitTime    2852567, timeSinceLastTransmitMS        906 | Peer RS--- M#00000041 Sack00000028 NSack00000000 (C0.0% S:0.0) [ PKT SIZE:56 data DestChannel:<�, Size:52  ]
20:43:47.23   RLINK -- SENDING RETRY - Peer 8 to Peer 20 retryTimeMS        899 oneMsg.lastTransmitTime    2853473, timeSinceLastTransmitMS        910 | Peer RS--- M#00000041 Sack00000028 NSack00000000 (C0.0% S:0.0) [ PKT SIZE:56 data DestChannel:F�, Size:52  ]
20:43:48.13   RLINK -- SENDING RETRY - Peer 8 to Peer 20 retryTimeMS        899 oneMsg.lastTransmitTime    2854383, timeSinceLastTransmitMS        900 | Peer RS--- M#00000041 Sack00000028 NSack00000000 (C0.0% S:0.0) [ PKT SIZE:56 data DestChannel:<�, Size:52  ]
20:43:48.97   GameObj::ShowPlayerDroppedMessage - info, station [1] is disconnected
20:43:48.97   ModUI::OnPlayerDrops player 1007 reason 1
20:43:49.00   RLINK -- SENDING FORCED ACK from Peer 8 to Peer 1 - timeSinceLastAckMS       9043, transmitAckLastTimeMS    2856153 | Peer ---E- M#00000000 Sack00000250 NSack00000000 (C0.0% S:0.0) [  ]
20:43:49.03   RLINK -- SENDING RETRY - Peer 8 to Peer 20 retryTimeMS        899 oneMsg.lastTransmitTime    2855283, timeSinceLastTransmitMS        900 | Peer RS--- M#00000041 Sack00000028 NSack00000000 (C0.0% S:0.0) [ PKT SIZE:56 data DestChannel:K�, Size:52  ]
20:43:49.94   RLINK -- SENDING RETRY - Peer 8 to Peer 20 retryTimeMS        899 oneMsg.lastTransmitTime    2856183, timeSinceLastTransmitMS        910 | Peer RS--- M#00000041 Sack00000028 NSack00000000 (C0.0% S:0.0) [ PKT SIZE:56 data DestChannel:F�, Size:52  ]
20:43:50.85   RLINK -- SENDING RETRY - Peer 8 to Peer 20 retryTimeMS        899 oneMsg.lastTransmitTime    2857093, timeSinceLastTransmitMS        911 | Peer RS--- M#00000041 Sack00000028 NSack00000000 (C0.0% S:0.0) [ PKT SIZE:56 data DestChannel:H�, Size:52  ]
20:43:50.85   RLINK -- Accepted matchInfo updated 452 from host
20:43:50.86   GameObjController - OnMatchEvent: event type 4
20:43:51.77   RLINK -- SENDING RETRY - Peer 8 to Peer 20 retryTimeMS        899 oneMsg.lastTransmitTime    2858004, timeSinceLastTransmitMS        913 | Peer RS--- M#00000041 Sack00000028 NSack00000000 (C0.0% S:0.0) [ PKT SIZE:56 data DestChannel:f�, Size:52  ]
20:43:51.95   RLINK -- SENDING RETRY - Peer 8 to Peer 1 retryTimeMS       1067 oneMsg.lastTransmitTime    2858004, timeSinceLastTransmitMS       1094 | Peer RS--- M#00000291 Sack00000251 NSack00000000 (C0.0% S:0.0) [ PKT SIZE:18 data DestChannel:��{, Size:14  ]
20:43:52.67   RLINK -- SENDING RETRY - Peer 8 to Peer 20 retryTimeMS        899 oneMsg.lastTransmitTime    2858917, timeSinceLastTransmitMS        908 | Peer RS--- M#00000041 Sack00000028 NSack00000000 (C0.0% S:0.0) [ PKT SIZE:56 data DestChannel:F�, Size:52  ]
20:43:52.67   RLINK -- Peer::RetranUnack,bad con to P#:20, using Proxy packet unacked 15 tries [Peer RS--- M#00000041 Sack00000028 NSack00000000 (C0.0% S:0.0) [ PKT SIZE:56 data DestChannel:F�, Size:52  ]]
20:43:53.04   RLINK -- SENDING RETRY - Peer 8 to Peer 1 retryTimeMS       1067 oneMsg.lastTransmitTime    2859098, timeSinceLastTransmitMS       1091 | Peer RS--- M#00000291 Sack00000251 NSack00000000 (C0.0% S:0.0) [ PKT SIZE:18 data DestChannel:�F�, Size:14  ]
20:43:53.58   RLINK -- SENDING RETRY - Peer 8 to Peer 20 retryTimeMS        899 oneMsg.lastTransmitTime    2859825, timeSinceLastTransmitMS        906 | Peer RS--- M#00000041 Sack00000028 NSack00000000 (C0.0% S:0.0) [ PKT SIZE:56 data DestChannel:L�, Size:52  ]
20:43:54.12   RLINK -- SENDING RETRY - Peer 8 to Peer 1 retryTimeMS       1067 oneMsg.lastTransmitTime    2860189, timeSinceLastTransmitMS       1082 | Peer RS--- M#00000291 Sack00000251 NSack00000000 (C0.0% S:0.0) [ PKT SIZE:18 data DestChannel:�F�, Size:14  ]
20:43:54.49   RLINK -- SENDING RETRY - Peer 8 to Peer 20 retryTimeMS        899 oneMsg.lastTransmitTime    2860731, timeSinceLastTransmitMS        906 | Peer RS--- M#00000041 Sack00000028 NSack00000000 (C0.0% S:0.0) [ PKT SIZE:56 data DestChannel:9�, Size:52  ]
20:43:54.82   Activating screen: postgame_stats_skirm
20:43:55.22   RLINK -- SENDING RETRY - Peer 8 to Peer 1 retryTimeMS       1067 oneMsg.lastTransmitTime    2861271, timeSinceLastTransmitMS       1097 | Peer RS--- M#00000291 Sack00000251 NSack00000000 (C0.0% S:0.0) [ PKT SIZE:18 data DestChannel:�W�, Size:14  ]
20:43:55.40   RLINK -- SENDING RETRY - Peer 8 to Peer 20 retryTimeMS        899 oneMsg.lastTransmitTime    2861637, timeSinceLastTransmitMS        915 | Peer RS--- M#00000041 Sack00000028 NSack00000000 (C0.0% S:0.0) [ PKT SIZE:56 data DestChannel:H�, Size:52  ]
20:43:56.31   RLINK -- SENDING RETRY - Peer 8 to Peer 1 retryTimeMS       1067 oneMsg.lastTransmitTime    2862368, timeSinceLastTransmitMS       1097 | Peer RS--- M#00000291 Sack00000251 NSack00000000 (C0.0% S:0.0) [ PKT SIZE:18 data DestChannel:�W�, Size:14  ]
20:43:56.31   RLINK -- SENDING RETRY - Peer 8 to Peer 20 retryTimeMS        899 oneMsg.lastTransmitTime    2862552, timeSinceLastTransmitMS        913 | Peer RS--- M#00000041 Sack00000028 NSack00000000 (C0.0% S:0.0) [ PKT SIZE:56 data DestChannel:9�, Size:52  ]
20:43:57.22   RLINK -- SENDING RETRY - Peer 8 to Peer 20 retryTimeMS        899 oneMsg.lastTransmitTime    2863465, timeSinceLastTransmitMS        906 | Peer RS--- M#00000041 Sack00000028 NSack00000000 (C0.0% S:0.0) [ PKT SIZE:56 data DestChannel:f�, Size:52  ]
20:43:57.40   RLINK -- SENDING RETRY - Peer 8 to Peer 1 retryTimeMS       1067 oneMsg.lastTransmitTime    2863465, timeSinceLastTransmitMS       1088 | Peer RS--- M#00000291 Sack00000251 NSack00000000 (C0.0% S:0.0) [ PKT SIZE:18 data DestChannel:�W�, Size:14  ]
20:43:58.13   RLINK -- SENDING RETRY - Peer 8 to Peer 20 retryTimeMS        899 oneMsg.lastTransmitTime    2864371, timeSinceLastTransmitMS        915 | Peer RS--- M#00000041 Sack00000028 NSack00000000 (C0.0% S:0.0) [ PKT SIZE:56 data DestChannel:f�, Size:52  ]
20:43:58.50   RLINK -- SENDING RETRY - Peer 8 to Peer 1 retryTimeMS       1067 oneMsg.lastTransmitTime    2864553, timeSinceLastTransmitMS       1097 | Peer RS--- M#00000291 Sack00000251 NSack00000000 (C0.0% S:0.0) [ PKT SIZE:18 data DestChannel:�W�, Size:14  ]
20:43:59.05   RLINK -- SENDING RETRY - Peer 8 to Peer 20 retryTimeMS        899 oneMsg.lastTransmitTime    2865286, timeSinceLastTransmitMS        911 | Peer RS--- M#00000041 Sack00000028 NSack00000000 (C0.0% S:0.0) [ PKT SIZE:56 data DestChannel:W�, Size:52  ]
20:43:59.59   RLINK -- SENDING RETRY - Peer 8 to Peer 1 retryTimeMS       1067 oneMsg.lastTransmitTime    2865650, timeSinceLastTransmitMS       1095 | Peer RS--- M#00000291 Sack00000251 NSack00000000 (C0.0% S:0.0) [ PKT SIZE:18 data DestChannel:�W�, Size:14  ]
20:43:59.96   RLINK -- SENDING RETRY - Peer 8 to Peer 20 retryTimeMS        899 oneMsg.lastTransmitTime    2866197, timeSinceLastTransmitMS        917 | Peer RS--- M#00000041 Sack00000028 NSack00000000 (C0.0% S:0.0) [ PKT SIZE:56 data DestChannel:f�, Size:52  ]
20:44:00.67   RLINK -- SENDING RETRY - Peer 8 to Peer 1 retryTimeMS       1067 oneMsg.lastTransmitTime    2866745, timeSinceLastTransmitMS       1071 | Peer RS--- M#00000291 Sack00000251 NSack00000000 (C0.0% S:0.0) [ PKT SIZE:18 data DestChannel:�L�, Size:14  ]
20:44:00.88   RLINK -- SENDING RETRY - Peer 8 to Peer 20 retryTimeMS        899 oneMsg.lastTransmitTime    2867114, timeSinceLastTransmitMS        916 | Peer RS--- M#00000041 Sack00000028 NSack00000000 (C0.0% S:0.0) [ PKT SIZE:56 data DestChannel:K�, Size:52  ]
20:44:01.73   RLINK -- SENDING RETRY - Peer 8 to Peer 1 retryTimeMS       1067 oneMsg.lastTransmitTime    2867816, timeSinceLastTransmitMS       1069 | Peer RS--- M#00000291 Sack00000251 NSack00000000 (C0.0% S:0.0) [ PKT SIZE:18 data DestChannel:�W�, Size:14  ]
20:44:01.79   RLINK -- SENDING RETRY - Peer 8 to Peer 20 retryTimeMS        899 oneMsg.lastTransmitTime    2868030, timeSinceLastTransmitMS        915 | Peer RS--- M#00000041 Sack00000028 NSack00000000 (C0.0% S:0.0) [ PKT SIZE:56 data DestChannel:<�, Size:52  ]
20:44:02.71   RLINK -- SENDING RETRY - Peer 8 to Peer 20 retryTimeMS        899 oneMsg.lastTransmitTime    2868945, timeSinceLastTransmitMS        912 | Peer RS--- M#00000041 Sack00000028 NSack00000000 (C0.0% S:0.0) [ PKT SIZE:56 data DestChannel:<�, Size:52  ]
20:44:02.83   RLINK -- SENDING RETRY - Peer 8 to Peer 1 retryTimeMS       1067 oneMsg.lastTransmitTime    2868885, timeSinceLastTransmitMS       1092 | Peer RS--- M#00000291 Sack00000251 NSack00000000 (C0.0% S:0.0) [ PKT SIZE:18 data DestChannel:�K�, Size:14  ]
20:44:03.62   RLINK -- SENDING RETRY - Peer 8 to Peer 20 retryTimeMS        899 oneMsg.lastTransmitTime    2869857, timeSinceLastTransmitMS        909 | Peer RS--- M#00000041 Sack00000028 NSack00000000 (C0.0% S:0.0) [ PKT SIZE:56 data DestChannel:H�, Size:52  ]
20:44:03.92   RLINK -- SENDING RETRY - Peer 8 to Peer 1 retryTimeMS       1067 oneMsg.lastTransmitTime    2869977, timeSinceLastTransmitMS       1091 | Peer RS--- M#00000291 Sack00000251 NSack00000000 (C0.0% S:0.0) [ PKT SIZE:18 data DestChannel:�f�, Size:14  ]
20:44:04.52   RLINK -- SENDING RETRY - Peer 8 to Peer 20 retryTimeMS        899 oneMsg.lastTransmitTime    2870766, timeSinceLastTransmitMS        908 | Peer RS--- M#00000041 Sack00000028 NSack00000000 (C0.0% S:0.0) [ PKT SIZE:56 data DestChannel:K�, Size:52  ]
20:44:05.01   RLINK -- SENDING RETRY - Peer 8 to Peer 1 retryTimeMS       1067 oneMsg.lastTransmitTime    2871068, timeSinceLastTransmitMS       1090 | Peer RS--- M#00000291 Sack00000251 NSack00000000 (C0.0% S:0.0) [ PKT SIZE:18 data DestChannel:�L�, Size:14  ]
20:44:05.44   RLINK -- SENDING RETRY - Peer 8 to Peer 20 retryTimeMS        899 oneMsg.lastTransmitTime    2871674, timeSinceLastTransmitMS        914 | Peer RS--- M#00000041 Sack00000028 NSack00000000 (C0.0% S:0.0) [ PKT SIZE:56 data DestChannel:L�, Size:52  ]
20:44:06.08   RLINK -- SENDING RETRY - Peer 8 to Peer 1 retryTimeMS       1067 oneMsg.lastTransmitTime    2872158, timeSinceLastTransmitMS       1068 | Peer RS--- M#00000291 Sack00000251 NSack00000000 (C0.0% S:0.0) [ PKT SIZE:18 data DestChannel:�F�, Size:14  ]
20:44:06.08   RLINK -- Peer::RetranUnack,bad con to P#:1, using Proxy packet unacked 15 tries [Peer RS--- M#00000291 Sack00000251 NSack00000000 (C0.0% S:0.0) [ PKT SIZE:18 data DestChannel:�K�, Size:14  ]]
20:44:06.35   RLINK -- SENDING RETRY - Peer 8 to Peer 20 retryTimeMS        899 oneMsg.lastTransmitTime    2872588, timeSinceLastTransmitMS        909 | Peer RS--- M#00000041 Sack00000028 NSack00000000 (C0.0% S:0.0) [ PKT SIZE:56 data DestChannel:<�, Size:52  ]
20:44:07.17   RLINK -- SENDING RETRY - Peer 8 to Peer 1 retryTimeMS       1067 oneMsg.lastTransmitTime    2873226, timeSinceLastTransmitMS       1092 | Peer RS--- M#00000291 Sack00000251 NSack00000000 (C0.0% S:0.0) [ PKT SIZE:18 data DestChannel:�L�, Size:14  ]
20:44:07.26   RLINK -- SENDING RETRY - Peer 8 to Peer 20 retryTimeMS        899 oneMsg.lastTransmitTime    2873497, timeSinceLastTransmitMS        912 | Peer RS--- M#00000041 Sack00000028 NSack00000000 (C0.0% S:0.0) [ PKT SIZE:56 data DestChannel:9�, Size:52  ]
20:44:07.26   RLINK -- Peer::RetranUnack,bad con to P#:20, using Proxy packet unacked 31 tries [Peer RS--- M#00000041 Sack00000028 NSack00000000 (C0.0% S:0.0) [ PKT SIZE:56 data DestChannel:F�, Size:52  ]]
20:44:08.17   RLINK -- SENDING RETRY - Peer 8 to Peer 20 retryTimeMS        899 oneMsg.lastTransmitTime    2874409, timeSinceLastTransmitMS        910 | Peer RS--- M#00000041 Sack00000028 NSack00000000 (C0.0% S:0.0) [ PKT SIZE:56 data DestChannel:W�, Size:52  ]
20:44:08.26   RLINK -- SENDING RETRY - Peer 8 to Peer 1 retryTimeMS       1067 oneMsg.lastTransmitTime    2874318, timeSinceLastTransmitMS       1091 | Peer RS--- M#00000291 Sack00000251 NSack00000000 (C0.0% S:0.0) [ PKT SIZE:18 data DestChannel:�K�, Size:14  ]
20:44:09.07   RLINK -- SENDING RETRY - Peer 8 to Peer 20 retryTimeMS        899 oneMsg.lastTransmitTime    2875319, timeSinceLastTransmitMS        904 | Peer RS--- M#00000041 Sack00000028 NSack00000000 (C0.0% S:0.0) [ PKT SIZE:56 data DestChannel:W�, Size:52  ]
20:44:09.35   RLINK -- SENDING RETRY - Peer 8 to Peer 1 retryTimeMS       1067 oneMsg.lastTransmitTime    2875409, timeSinceLastTransmitMS       1090 | Peer RS--- M#00000291 Sack00000251 NSack00000000 (C0.0% S:0.0) [ PKT SIZE:18 data DestChannel:�K�, Size:14  ]
20:44:09.98   RLINK -- SENDING RETRY - Peer 8 to Peer 20 retryTimeMS        899 oneMsg.lastTransmitTime    2876223, timeSinceLastTransmitMS        908 | Peer RS--- M#00000041 Sack00000028 NSack00000000 (C0.0% S:0.0) [ PKT SIZE:56 data DestChannel:K�, Size:52  ]
20:44:09.98   GameObj::ShowPlayerDroppedMessage - info, station [3] is disconnected
20:44:09.98   ModUI::OnPlayerDrops player 1005 reason 1
20:44:10.01   RLINK -- SENDING FORCED ACK from Peer 8 to Peer 3 - timeSinceLastAckMS      30051, transmitAckLastTimeMS    2877161 | Peer ---E- M#00000000 Sack00000061 NSack00000000 (C0.0% S:0.0) [  ]
20:44:10.43   RLINK -- SENDING RETRY - Peer 8 to Peer 1 retryTimeMS       1067 oneMsg.lastTransmitTime    2876499, timeSinceLastTransmitMS       1086 | Peer RS--- M#00000291 Sack00000251 NSack00000000 (C0.0% S:0.0) [ PKT SIZE:18 data DestChannel:�W�, Size:14  ]
20:44:10.89   RLINK -- SENDING RETRY - Peer 8 to Peer 20 retryTimeMS        899 oneMsg.lastTransmitTime    2877131, timeSinceLastTransmitMS        912 | Peer RS--- M#00000041 Sack00000028 NSack00000000 (C0.0% S:0.0) [ PKT SIZE:56 data DestChannel:K�, Size:52  ]
20:44:11.08   RLINK -- SENDING FORCED ACK from Peer 8 to Peer 3 - timeSinceLastAckMS       1066, transmitAckLastTimeMS    2878227 | Peer ---E- M#00000000 Sack00000063 NSack00000000 (C0.0% S:0.0) [  ]
20:44:11.08   RLINK -- Session::ProcessPeerMessages - Got DROPOUT from peer 3
20:44:11.08   RLINK -- Session::ProcessPeerMessages - Got DROPOUT from peer 3
20:44:11.53   RLINK -- SENDING RETRY - Peer 8 to Peer 1 retryTimeMS       1067 oneMsg.lastTransmitTime    2877585, timeSinceLastTransmitMS       1097 | Peer RS--- M#00000291 Sack00000251 NSack00000000 (C0.0% S:0.0) [ PKT SIZE:18 data DestChannel:�W�, Size:14  ]
20:44:11.80   RLINK -- SENDING RETRY - Peer 8 to Peer 20 retryTimeMS        899 oneMsg.lastTransmitTime    2878043, timeSinceLastTransmitMS        909 | Peer RS--- M#00000041 Sack00000028 NSack00000000 (C0.0% S:0.0) [ PKT SIZE:56 data DestChannel:H�, Size:52  ]
20:44:12.61   RLINK -- SENDING RETRY - Peer 8 to Peer 1 retryTimeMS       1067 oneMsg.lastTransmitTime    2878682, timeSinceLastTransmitMS       1083 | Peer RS--- M#00000291 Sack00000251 NSack00000000 (C0.0% S:0.0) [ PKT SIZE:18 data DestChannel:�W�, Size:14  ]
20:44:12.70   RLINK -- SENDING RETRY - Peer 8 to Peer 20 retryTimeMS        899 oneMsg.lastTransmitTime    2878952, timeSinceLastTransmitMS        903 | Peer RS--- M#00000041 Sack00000028 NSack00000000 (C0.0% S:0.0) [ PKT SIZE:56 data DestChannel:<�, Size:52  ]
20:44:13.62   RLINK -- SENDING RETRY - Peer 8 to Peer 20 retryTimeMS        899 oneMsg.lastTransmitTime    2879855, timeSinceLastTransmitMS        913 | Peer RS--- M#00000041 Sack00000028 NSack00000000 (C0.0% S:0.0) [ PKT SIZE:56 data DestChannel:f�, Size:52  ]
20:44:13.71   RLINK -- SENDING RETRY - Peer 8 to Peer 1 retryTimeMS       1067 oneMsg.lastTransmitTime    2879765, timeSinceLastTransmitMS       1094 | Peer RS--- M#00000291 Sack00000251 NSack00000000 (C0.0% S:0.0) [ PKT SIZE:18 data DestChannel:�f�, Size:14  ]
20:44:14.53   RLINK -- SENDING RETRY - Peer 8 to Peer 20 retryTimeMS        899 oneMsg.lastTransmitTime    2880768, timeSinceLastTransmitMS        913 | Peer RS--- M#00000041 Sack00000028 NSack00000000 (C0.0% S:0.0) [ PKT SIZE:56 data DestChannel:H�, Size:52  ]
20:44:14.80   RLINK -- SENDING RETRY - Peer 8 to Peer 1 retryTimeMS       1067 oneMsg.lastTransmitTime    2880859, timeSinceLastTransmitMS       1096 | Peer RS--- M#00000291 Sack00000251 NSack00000000 (C0.0% S:0.0) [ PKT SIZE:18 data DestChannel:�W�, Size:14  ]
20:44:15.44   RLINK -- SENDING RETRY - Peer 8 to Peer 20 retryTimeMS        899 oneMsg.lastTransmitTime    2881681, timeSinceLastTransmitMS        913 | Peer RS--- M#00000041 Sack00000028 NSack00000000 (C0.0% S:0.0) [ PKT SIZE:56 data DestChannel:W�, Size:52  ]
20:44:15.90   RLINK -- SENDING RETRY - Peer 8 to Peer 1 retryTimeMS       1067 oneMsg.lastTransmitTime    2881955, timeSinceLastTransmitMS       1095 | Peer RS--- M#00000291 Sack00000251 NSack00000000 (C0.0% S:0.0) [ PKT SIZE:18 data DestChannel:�H�, Size:14  ]
20:44:16.36   RLINK -- SENDING RETRY - Peer 8 to Peer 20 retryTimeMS        899 oneMsg.lastTransmitTime    2882594, timeSinceLastTransmitMS        917 | Peer RS--- M#00000041 Sack00000028 NSack00000000 (C0.0% S:0.0) [ PKT SIZE:56 data DestChannel:H�, Size:52  ]
20:44:16.97   RLINK -- SENDING RETRY - Peer 8 to Peer 1 retryTimeMS       1067 oneMsg.lastTransmitTime    2883050, timeSinceLastTransmitMS       1073 | Peer RS--- M#00000291 Sack00000251 NSack00000000 (C0.0% S:0.0) [ PKT SIZE:18 data DestChannel:�H�, Size:14  ]
20:44:17.00   RLINK -- Transport - median kBPS [hi/cur] sent = 0.1/0.0, recvd = 0.0/0.0, #p/sec[s/r] = 0.0/0.0, max unsent 0, version err 0, merge 0
20:44:17.28   RLINK -- SENDING RETRY - Peer 8 to Peer 20 retryTimeMS        899 oneMsg.lastTransmitTime    2883511, timeSinceLastTransmitMS        919 | Peer RS--- M#00000041 Sack00000028 NSack00000000 (C0.0% S:0.0) [ PKT SIZE:56 data DestChannel:<�, Size:52  ]
20:44:18.04   RLINK -- SENDING RETRY - Peer 8 to Peer 1 retryTimeMS       1067 oneMsg.lastTransmitTime    2884123, timeSinceLastTransmitMS       1073 | Peer RS--- M#00000291 Sack00000251 NSack00000000 (C0.0% S:0.0) [ PKT SIZE:18 data DestChannel:�f�, Size:14  ]
20:44:18.20   RLINK -- SENDING RETRY - Peer 8 to Peer 20 retryTimeMS        899 oneMsg.lastTransmitTime    2884430, timeSinceLastTransmitMS        919 | Peer RS--- M#00000041 Sack00000028 NSack00000000 (C0.0% S:0.0) [ PKT SIZE:56 data DestChannel:f�, Size:52  ]
20:44:18.98   Activating screen: AppRestartingForm
20:44:18.98   SetupProductLoadingArt - choosing bgArt = 4 (gold=0)
20:44:18.98   Widget attempting to remove a non-existance listener. Widget:bkg_COH
20:44:18.98   Widget attempting to remove a non-existance listener. Widget:bkg_CXP1
20:44:18.98   Widget attempting to remove a non-existance listener. Widget:bkg_CXP2
20:44:18.98   Widget attempting to remove a non-existance listener. Widget:bkg_COHCXP1
20:44:18.98   Widget attempting to remove a non-existance listener. Widget:bkg_ToV
20:44:19.00   APP -- Game Stop
20:44:19.00   GameApp::TransitionGameStop
20:44:19.00   RLINK -- SessionID : 6b2e7ad - Disconnect called with reasonID 1004 - ended automatch game, leaving match
20:44:19.00   GameApp::TransitionQuitCommon
20:44:19.00   PerformanceRecorder: Updating profile history
20:44:19.00   GetMaxFrameTimeFromProfile: players=8 expected FPS=57.450951, bars=5, max avg=0.015, sd=0.003, 5 samples =  0.01 0.01 0.01 0.02 0.02
20:44:19.00   PerformanceRecorder::EndRecording - game size=8, max average=0.012939, worst frame=0.017406
20:44:19.00    Recording: No [8 players]
20:44:19.00    Total render, sim time: 5.24, 6.66 sec
20:44:19.00    Total render, sim frames: 662, 0
20:44:19.00    Max/Avg: 0.01, 0.01 sec (fps=77.29, 92.46) (120 samples)
20:44:19.00    Bars: 5
20:44:19.00   Profile Max Performance[8 players] =  0.01 0.01 0.01 0.02 0.02
20:44:19.00   Profile Avg Performance[8 players] =  0.01 0.01 0.01 0.01 0.01
20:44:19.00   GameObj::ShutdownGameObj
20:44:19.00   GAME -- Ending mission (Game over)
20:44:19.00   GameObjLoader 16e79600 - Unload
20:44:19.00   GameObjLoader 16e79600 - resetting counters
20:44:19.11   RLINK -- SENDING RETRY - Peer 8 to Peer 1 retryTimeMS       1067 oneMsg.lastTransmitTime    2885196, timeSinceLastTransmitMS       1068 | Peer RS--- M#00000291 Sack00000251 NSack00000000 (C0.0% S:0.0) [ PKT SIZE:18 data DestChannel:��{, Size:14  ]
20:44:19.11   RLINK -- SENDING RETRY - Peer 8 to Peer 20 retryTimeMS        899 oneMsg.lastTransmitTime    2885349, timeSinceLastTransmitMS        915 | Peer RS--- M#00000041 Sack00000028 NSack00000000 (C0.0% S:0.0) [ PKT SIZE:56 data DestChannel:�{, Size:52  ]
20:44:19.25   GameObjLoader 16e79880 - Unload
20:44:19.25   GameObjLoader 16e79880 - resetting counters
20:44:19.35   SOUND -- Shutting down ...
20:44:19.49   SOUND -- Shutdown completed!
20:44:19.50   GAME -- Beginning FE
20:44:19.50   UIFrontEnd - Loading Front End
20:44:19.50   THREAD: Hyper-Threading Technology Processors are not detected.
20:44:19.55   SOUND -- Initializing ...
20:44:19.57   SOUND -- Initialization completed!
20:44:19.57   UIFrontEnd - Initializing Forms
20:44:19.91   RLINK -- SENDING RETRY - Peer 8 to Peer 20 retryTimeMS        899 oneMsg.lastTransmitTime    2886149, timeSinceLastTransmitMS        908 | Peer RS--- M#00000042 Sack00000028 NSack00000000 (C0.0% S:0.0) [ PKT SIZE:23 data DestChannel:�{, Size:19  ]
20:44:20.00   RLINK -- SENDING RETRY - Peer 8 to Peer 3 retryTimeMS        974 oneMsg.lastTransmitTime    2886149, timeSinceLastTransmitMS       1000 | Peer RS--- M#00000054 Sack00000063 NSack00000000 (C0.0% S:0.0) [ PKT SIZE:23 data DestChannel: ]
20:44:20.00   CampaignFilter::BindFilterSpecificWidgets()
20:44:20.01   RLINK -- WorldwideLeaveAdvertisementAsync: Match id = 112388013 started, nothing to do
20:44:20.01   MOD -- Mounting RelicDLC1, 1.0
20:44:20.02   FILESYSTEM -- filepath failure, path does not exist 'C:\Users\Richa\OneDrive\Documenten\My Games\Company of Heroes Relaunch\DLC1\Movies\'
20:44:20.02   MOD -- Mounting RelicDLC2, 1.0
20:44:20.02   FILESYSTEM -- filepath failure, path does not exist 'C:\Users\Richa\OneDrive\Documenten\My Games\Company of Heroes Relaunch\DLC2\Movies\'
20:44:20.02   MOD -- Mounting RelicDLC3, 1.0
20:44:20.02   FILESYSTEM -- filepath failure, path does not exist 'C:\Users\Richa\OneDrive\Documenten\My Games\Company of Heroes Relaunch\DLC3\Movies\'
20:44:20.02   MOD -- Mounting RelicOps, 1.0
20:44:20.02   MOD -- Mounting RelicCOH, 1.0
20:44:20.03   RLINK -- SENDING RETRY - Peer 8 to Peer 2 retryTimeMS       1015 oneMsg.lastTransmitTime    2886149, timeSinceLastTransmitMS       1031 | Peer RS--- M#00000054 Sack00000043 NSack00000000 (C0.0% S:0.0) [ PKT SIZE:23 data DestChannel:�{, Size:19  ]
20:44:20.03   RLINK -- SENDING RETRY - Peer 8 to Peer 20 retryTimeMS        899 oneMsg.lastTransmitTime    2886264, timeSinceLastTransmitMS        916 | Peer RS--- M#00000041 Sack00000028 NSack00000000 (C0.0% S:0.0) [ PKT SIZE:56 data DestChannel:���, Size:52  ]
20:44:20.04   FILESYSTEM -- filepath failure, path does not exist 'C:\Users\Richa\OneDrive\Documenten\My Games\Company of Heroes Relaunch\Engine\Movies\'
20:44:20.04   FILESYSTEM -- filepath failure, path does not exist 'C:\Users\Richa\OneDrive\Documenten\My Games\Company of Heroes Relaunch\WW2\Movies\'
20:44:20.05   Activating screen: AppRestartingForm
20:44:20.05   SetupProductLoadingArt - choosing bgArt = 4 (gold=0)
20:44:20.05   RLINK -- WorldwideLeaveAdvertisementAsync: Match id = 112388013 started, nothing to do
20:44:20.09   RLINK -- SENDING RETRY - Peer 8 to Peer 1 retryTimeMS       1067 oneMsg.lastTransmitTime    2886149, timeSinceLastTransmitMS       1092 | Peer RS--- M#00000292 Sack00000251 NSack00000000 (C0.0% S:0.0) [ PKT SIZE:23 data DestChannel:�{, Size:19  ]
20:44:20.18   RLINK -- SENDING RETRY - Peer 8 to Peer 1 retryTimeMS       1067 oneMsg.lastTransmitTime    2886264, timeSinceLastTransmitMS       1068 | Peer RS--- M#00000291 Sack00000251 NSack00000000 (C0.0% S:0.0) [ PKT SIZE:18 data DestChannel:� ]
20:44:20.41   RLINK -- Session::SelectNewSessionHost - Select peer 8 to be next host (previously peer 1)
20:44:20.41   RLINK -- Session::SchedulePeerRemove - Scheduling peerID: 1 to disconnect, reasonCode:1004, reason:ended automatch game, leaving match
20:44:20.41   RLINK -- Session disconnect is marking PeerID 1 for death
20:44:20.41   RLINK -- Session::SchedulePeerRemove - Scheduling peerID: 2 to disconnect, reasonCode:1004, reason:ended automatch game, leaving match
20:44:20.41   RLINK -- Session disconnect is marking PeerID 2 for death
20:44:20.41   RLINK -- Session::SchedulePeerRemove - Scheduling peerID: 3 to disconnect, reasonCode:1004, reason:ended automatch game, leaving match
20:44:20.41   RLINK -- Session disconnect is marking PeerID 3 for death
20:44:20.41   RLINK -- Session::SchedulePeerRemove - Scheduling peerID: 20 to disconnect, reasonCode:1004, reason:ended automatch game, leaving match
20:44:20.41   RLINK -- Session disconnect is marking PeerID 20 for death
20:44:20.41   RLINK -- Session::SchedulePeerRemove - Scheduling peerID: 8 to disconnect, reasonCode:1004, reason:ended automatch game, leaving match
20:44:20.41   RLINK -- WorldwideAdvertisementService::Process - EVENT_HOSTMIGRATION
20:44:20.41   RLINK -- WorldwidePartyService::OnHostMigration - [[00000000:06b2e7ad]] Got a queued migration event while disconnecting, ignoring
20:44:20.41   RLINK -- Session Destroy Peer Event - ReasonID: 1004 ReasonDebug: ended automatch game, leaving match
20:44:20.42   RLINK -- Session::GetEvent DestroyPeer success Peer 1 removed, reasonCode 1004, reasonDebug ended automatch game, leaving match
20:44:20.42   RLINK -- Session::DestroyPeer - deallocating peer 1
20:44:20.42   RLINK -- Session - Requested Disconnect for connectionID 2
20:44:20.42   RLINK -- WorldwideAdvertisementService::Process - EVENT_DESTROYPEER
20:44:20.42   RLINK -- peerremove - peerIDRemoved=[00000000:000e89f4], reasonID=1004, reason debug hint - ended automatch game, leaving match
20:44:20.42   RLINK -- Session Destroy Peer Event - ReasonID: 1004 ReasonDebug: ended automatch game, leaving match
20:44:20.42   RLINK -- Session::GetEvent DestroyPeer success Peer 2 removed, reasonCode 1004, reasonDebug ended automatch game, leaving match
20:44:20.42   RLINK -- Session::DestroyPeer - deallocating peer 2
20:44:20.42   RLINK -- Session - Requested Disconnect for connectionID 4
20:44:20.42   RLINK -- WorldwideAdvertisementService::Process - EVENT_DESTROYPEER
20:44:20.42   RLINK -- peerremove - peerIDRemoved=[00000000:0000b081], reasonID=1004, reason debug hint - ended automatch game, leaving match
20:44:20.42   RLINK -- Session Destroy Peer Event - ReasonID: 1004 ReasonDebug: ended automatch game, leaving match
20:44:20.42   RLINK -- Session::GetEvent DestroyPeer success Peer 3 removed, reasonCode 1004, reasonDebug ended automatch game, leaving match
20:44:20.42   RLINK -- Session::DestroyPeer - deallocating peer 3
20:44:20.42   RLINK -- Session - Requested Disconnect for connectionID 5
20:44:20.42   RLINK -- WorldwideAdvertisementService::Process - EVENT_DESTROYPEER
20:44:20.42   RLINK -- peerremove - peerIDRemoved=[00000000:0016c038], reasonID=1004, reason debug hint - ended automatch game, leaving match
20:44:20.42   RLINK -- Session Destroy Peer Event - ReasonID: 1004 ReasonDebug: ended automatch game, leaving match
20:44:20.42   RLINK -- Session::GetEvent DestroyPeer success Peer 20 removed, reasonCode 1004, reasonDebug ended automatch game, leaving match
20:44:20.42   RLINK -- Session::DestroyPeer - deallocating peer 20
20:44:20.42   RLINK -- Session - Requested Disconnect for connectionID 18
20:44:20.42   RLINK -- WorldwideAdvertisementService::Process - EVENT_DESTROYPEER
20:44:20.42   RLINK -- peerremove - peerIDRemoved=[00000000:0009ce85], reasonID=1004, reason debug hint - ended automatch game, leaving match
20:44:20.42   RLINK -- Session Destroy Peer Event - ReasonID: 1004 ReasonDebug: ended automatch game, leaving match
20:44:20.42   RLINK -- Session::GetEvent DestroyPeer success Peer 8 removed, reasonCode 1004, reasonDebug ended automatch game, leaving match
20:44:20.42   RLINK -- Session::DestroyPeer - deallocating peer 8
20:44:20.42   RLINK -- Session - Requested Disconnect for connectionID 1
20:44:20.42   RLINK -- Deallocated route ID=3 for PeerID 8 at WINaddr:192.168.50.236:6112;
20:44:20.42   RLINK -- Session - Requested Disconnect for connectionID 3
20:44:20.42   RLINK -- Closed route 3<>3 for PeerID 8 at WINaddr:192.168.50.236:6112;
20:44:20.42   RLINK -- WorldwideAdvertisementService::Process - EVENT_DESTROYPEER
20:44:20.42   RLINK -- peerremove - peerIDRemoved=[00000000:001c3d6b], reasonID=1004, reason debug hint - ended automatch game, leaving match
20:44:20.43   RLINK -- Session::SendQueuedMessagesToRelay local peer is missing, not sending
20:44:20.43   RLINK -- Session::GetState - info, session [112388013]'s state changed to [1:STATE_DISCONNECTED].
20:44:20.43   RLINK -- PeerRemoveAll - flushing local session peer data
20:44:20.43   RLINK -- Session::Reset with reason WorldwidePartyService::PeerRemoveAll
20:44:20.43   RLINK -- LeaveSessionInternal - no action taken, needLeave=0, service=0
20:44:20.43   RLINK -- Destroyed Matchinfo
20:44:20.43   RLINK -- DBG - _SockFree: socket 0/6068 sending graceful shutdown request. reason: SockCollection::DisconnectAll forceFree
20:44:20.43   RLINK -- DBG - _SockClose: socket 0/6068 initiating close
20:44:20.43   RLINK -- DBG - _SockClose: socket 0/6068 close complete. debugReason SockCollection::DisconnectAll forceFree
20:44:20.43   RLINK -- DBG - _SockFree: socket 0/6068 _SockFree complete
20:44:20.54   RLINK -- BT! - SockUnInit - sending shutdown notification & close with linger for all 0 active sockets
20:44:20.54   RLINK -- SessionManager::UnregisterSession - Unregistering session 155646a0
20:44:20.54   RLINK -- OnDestroyPartyNotification - partyID = [00000000:06b2e7ad], prevID = [ffffffff:ffffffff]
20:44:20.54   RLINK -- Transport - Largest received is now 8
20:44:20.69   SetupProductLoadingArt - choosing bgArt = 4 (gold=0)
20:44:20.69   Activating screen: FEMovie
20:44:20.69   Activating screen: OnlineWidget
20:44:20.69   CRC & Version Info : 000002bc:924f95e6:dc49d0cb reliccoh:700:ww2mod.dll 0
20:44:20.69   Activating screen: OnlineSelectGame
20:44:20.72   SetupProductLoadingArt - choosing bgArt = 4 (gold=0)
20:44:20.72   Activating screen: RelicOnlineChat
20:44:20.72   Activating screen: RelicOnlineNewsScreen
20:44:20.73   Activating screen: RelicOnlineStatsScreen
20:44:20.74   Activating screen: Achievements
20:44:20.74   GAME -- Setting campaign state to 'coh'
20:44:20.74   GAME -- Closing state 'coh'
20:44:20.74   GAME -- Setting campaign state to 'cxp2'
20:44:20.74   GAME -- Closing state 'cxp2'
20:44:20.74   GAME -- Setting campaign state to 'cxp1'
20:44:20.74   GAME -- Closing state 'cxp1'
20:44:20.75   GAME -- Setting campaign state to 'dlc1'
20:44:20.75   GAME -- Closing state 'dlc1'
20:44:20.75   GAME -- Setting campaign state to 'dlc2'
20:44:20.75   GAME -- Closing state 'dlc2'
20:44:20.75   GAME -- Setting campaign state to 'dlc3'
20:44:20.75   GAME -- Closing state 'dlc3'
20:44:20.75   GAME -- Setting campaign state to 'dlc1'
20:44:20.75   GAME -- Closing state 'dlc1'
20:44:20.76   Activating screen: GameHistory
20:44:20.81   GameInfo::ResetInfo - SyncLevel set to 0 on reset
20:44:20.81   GameInfo::ResetInfo - SyncLevel set to 0 on reset
20:44:20.82   GameInfo::ResetInfo - SyncLevel set to 0 on reset
20:44:20.82   GameInfo::ResetInfo - SyncLevel set to 0 on reset
20:44:20.82   GameInfo::ResetInfo - SyncLevel set to 0 on reset
20:44:20.82   GameInfo::ResetInfo - SyncLevel set to 0 on reset
20:44:20.82   GameInfo::ResetInfo - SyncLevel set to 0 on reset
20:44:20.82   GameInfo::ResetInfo - SyncLevel set to 0 on reset
20:44:20.82   GameInfo::ResetInfo - SyncLevel set to 0 on reset
20:44:20.82   GameInfo::ResetInfo - SyncLevel set to 0 on reset
20:44:20.82   GameInfo::ResetInfo - SyncLevel set to 0 on reset
20:44:20.83   GameInfo::ResetInfo - SyncLevel set to 0 on reset
20:44:20.83   GameInfo::ResetInfo - SyncLevel set to 0 on reset
20:44:20.83   GameInfo::ResetInfo - SyncLevel set to 0 on reset
20:44:20.83   GameInfo::ResetInfo - SyncLevel set to 0 on reset
20:44:20.83   GameInfo::ResetInfo - SyncLevel set to 0 on reset
20:44:20.83   GameInfo::ResetInfo - SyncLevel set to 0 on reset
20:44:20.84   GameInfo::ResetInfo - SyncLevel set to 0 on reset
20:44:20.84   GameInfo::ResetInfo - SyncLevel set to 0 on reset
20:44:20.84   GameInfo::ResetInfo - SyncLevel set to 0 on reset
20:44:20.84   GameInfo::ResetInfo - SyncLevel set to 0 on reset
20:44:20.84   GameInfo::ResetInfo - SyncLevel set to 0 on reset
20:44:20.84   GameInfo::ResetInfo - SyncLevel set to 0 on reset
20:44:20.84   GameInfo::ResetInfo - SyncLevel set to 0 on reset
20:44:20.84   GameInfo::ResetInfo - SyncLevel set to 0 on reset
20:44:20.84   GameInfo::ResetInfo - SyncLevel set to 0 on reset
20:44:20.85   GameInfo::ResetInfo - SyncLevel set to 0 on reset
20:44:20.85   GameInfo::ResetInfo - SyncLevel set to 0 on reset
20:44:20.85   GameInfo::ResetInfo - SyncLevel set to 0 on reset
20:44:20.85   GameInfo::ResetInfo - SyncLevel set to 0 on reset
20:44:20.85   GameInfo::ResetInfo - SyncLevel set to 0 on reset
20:44:20.85   GameInfo::ResetInfo - SyncLevel set to 0 on reset
20:44:20.85   GameInfo::ResetInfo - SyncLevel set to 0 on reset
20:44:20.85   GameInfo::ResetInfo - SyncLevel set to 0 on reset
20:44:20.85   GameInfo::ResetInfo - SyncLevel set to 0 on reset
20:44:20.86   GameInfo::ResetInfo - SyncLevel set to 0 on reset
20:44:20.86   GameInfo::ResetInfo - SyncLevel set to 0 on reset
20:44:20.86   GameInfo::ResetInfo - SyncLevel set to 0 on reset
20:44:20.86   GameInfo::ResetInfo - SyncLevel set to 0 on reset
20:44:20.86   GameInfo::ResetInfo - SyncLevel set to 0 on reset
20:44:20.86   GameInfo::ResetInfo - SyncLevel set to 0 on reset
20:44:20.86   GameInfo::ResetInfo - SyncLevel set to 0 on reset
20:44:20.86   GameInfo::ResetInfo - SyncLevel set to 0 on reset
20:44:20.86   GameInfo::ResetInfo - SyncLevel set to 0 on reset
20:44:20.87   GameInfo::ResetInfo - SyncLevel set to 0 on reset
20:44:20.87   GameInfo::ResetInfo - SyncLevel set to 0 on reset
20:44:20.87   GameInfo::ResetInfo - SyncLevel set to 0 on reset
20:44:20.87   GameInfo::ResetInfo - SyncLevel set to 0 on reset
20:44:20.87   GameInfo::ResetInfo - SyncLevel set to 0 on reset
20:44:20.87   GameInfo::ResetInfo - SyncLevel set to 0 on reset
20:44:20.87   GameInfo::ResetInfo - SyncLevel set to 0 on reset
20:44:20.87   GameInfo::ResetInfo - SyncLevel set to 0 on reset
20:44:20.87   GameInfo::ResetInfo - SyncLevel set to 0 on reset
20:44:20.88   GameInfo::ResetInfo - SyncLevel set to 0 on reset
20:44:20.88   GameInfo::ResetInfo - SyncLevel set to 0 on reset
20:44:20.88   GameInfo::ResetInfo - SyncLevel set to 0 on reset
20:44:20.88   GameInfo::ResetInfo - SyncLevel set to 0 on reset
20:44:20.88   GameInfo::ResetInfo - SyncLevel set to 0 on reset
20:44:20.88   GameInfo::ResetInfo - SyncLevel set to 0 on reset
20:44:20.89   GameInfo::ResetInfo - SyncLevel set to 0 on reset
20:44:20.89   GameInfo::ResetInfo - SyncLevel set to 0 on reset
20:44:20.89   GameInfo::ResetInfo - SyncLevel set to 0 on reset
20:44:20.91   GameInfo::ResetInfo - SyncLevel set to 0 on reset
20:44:20.91   GameInfo::ResetInfo - SyncLevel set to 0 on reset
20:44:20.91   GameInfo::ResetInfo - SyncLevel set to 0 on reset
20:44:20.92   GameInfo::ResetInfo - SyncLevel set to 0 on reset
20:44:20.92   GameInfo::ResetInfo - SyncLevel set to 0 on reset
20:44:20.92   GameInfo::ResetInfo - SyncLevel set to 0 on reset
20:44:20.92   GameInfo::ResetInfo - SyncLevel set to 0 on reset
20:44:20.92   GameInfo::ResetInfo - SyncLevel set to 0 on reset
20:44:20.92   GameInfo::ResetInfo - SyncLevel set to 0 on reset
20:44:20.93   GameInfo::ResetInfo - SyncLevel set to 0 on reset
20:44:20.93   GameInfo::ResetInfo - SyncLevel set to 0 on reset
20:44:20.93   GameInfo::ResetInfo - SyncLevel set to 0 on reset
20:44:20.93   GameInfo::ResetInfo - SyncLevel set to 0 on reset
20:44:20.93   GameInfo::ResetInfo - SyncLevel set to 0 on reset
20:44:20.93   GameInfo::ResetInfo - SyncLevel set to 0 on reset
20:44:20.94   GameInfo::ResetInfo - SyncLevel set to 0 on reset
20:44:20.94   GameInfo::ResetInfo - SyncLevel set to 0 on reset
20:44:20.94   GameInfo::ResetInfo - SyncLevel set to 0 on reset
20:44:20.94   GameInfo::ResetInfo - SyncLevel set to 0 on reset
20:44:20.94   GameInfo::ResetInfo - SyncLevel set to 0 on reset
20:44:20.94   GameInfo::ResetInfo - SyncLevel set to 0 on reset
20:44:20.94   GameInfo::ResetInfo - SyncLevel set to 0 on reset
20:44:20.95   GameInfo::ResetInfo - SyncLevel set to 0 on reset
20:44:20.95   GameInfo::ResetInfo - SyncLevel set to 0 on reset
20:44:20.95   GameInfo::ResetInfo - SyncLevel set to 0 on reset
20:44:20.95   GameInfo::ResetInfo - SyncLevel set to 0 on reset
20:44:20.95   GameInfo::ResetInfo - SyncLevel set to 0 on reset
20:44:20.95   GameInfo::ResetInfo - SyncLevel set to 0 on reset
20:44:20.95   GameInfo::ResetInfo - SyncLevel set to 0 on reset
20:44:20.95   GameInfo::ResetInfo - SyncLevel set to 0 on reset
20:44:20.96   GameInfo::ResetInfo - SyncLevel set to 0 on reset
20:44:20.96   GameInfo::ResetInfo - SyncLevel set to 0 on reset
20:44:20.96   GameInfo::ResetInfo - SyncLevel set to 0 on reset
20:44:20.96   GameInfo::ResetInfo - SyncLevel set to 0 on reset
20:44:20.96   GameInfo::ResetInfo - SyncLevel set to 0 on reset
20:44:20.96   GameInfo::ResetInfo - SyncLevel set to 0 on reset
20:44:20.97   GameInfo::ResetInfo - SyncLevel set to 0 on reset
20:44:20.97   GameInfo::ResetInfo - SyncLevel set to 0 on reset
20:44:20.97   GameInfo::ResetInfo - SyncLevel set to 0 on reset
20:44:20.97   GameInfo::ResetInfo - SyncLevel set to 0 on reset
20:44:20.97   GameInfo::ResetInfo - SyncLevel set to 0 on reset
20:44:20.97   GameInfo::ResetInfo - SyncLevel set to 0 on reset
20:44:20.98   GameInfo::ResetInfo - SyncLevel set to 0 on reset
20:44:20.98   GameInfo::ResetInfo - SyncLevel set to 0 on reset
20:44:20.98   GameInfo::ResetInfo - SyncLevel set to 0 on reset
20:44:20.98   GameInfo::ResetInfo - SyncLevel set to 0 on reset
20:44:20.98   GameInfo::ResetInfo - SyncLevel set to 0 on reset
20:44:20.98   GameInfo::ResetInfo - SyncLevel set to 0 on reset
20:44:20.98   GameInfo::ResetInfo - SyncLevel set to 0 on reset
20:44:20.98   GameInfo::ResetInfo - SyncLevel set to 0 on reset
20:44:20.98   GameInfo::ResetInfo - SyncLevel set to 0 on reset
20:44:20.99   GameInfo::ResetInfo - SyncLevel set to 0 on reset
20:44:20.99   GameInfo::ResetInfo - SyncLevel set to 0 on reset
20:44:20.99   GameInfo::ResetInfo - SyncLevel set to 0 on reset
20:44:20.99   GameInfo::ResetInfo - SyncLevel set to 0 on reset
20:44:20.99   GameInfo::ResetInfo - SyncLevel set to 0 on reset
20:44:20.99   GameInfo::ResetInfo - SyncLevel set to 0 on reset
20:44:21.00   GameInfo::ResetInfo - SyncLevel set to 0 on reset
20:44:21.00   GameInfo::ResetInfo - SyncLevel set to 0 on reset
20:44:21.00   GameInfo::ResetInfo - SyncLevel set to 0 on reset
20:44:21.00   GameInfo::ResetInfo - SyncLevel set to 0 on reset
20:44:21.00   GameInfo::ResetInfo - SyncLevel set to 0 on reset
20:44:21.00   GameInfo::ResetInfo - SyncLevel set to 0 on reset
20:44:21.01   GameInfo::ResetInfo - SyncLevel set to 0 on reset
20:44:21.01   GameInfo::ResetInfo - SyncLevel set to 0 on reset
20:44:21.01   GameInfo::ResetInfo - SyncLevel set to 0 on reset
20:44:21.01   GameInfo::ResetInfo - SyncLevel set to 0 on reset
20:44:21.01   GameInfo::ResetInfo - SyncLevel set to 0 on reset
20:44:21.01   GameInfo::ResetInfo - SyncLevel set to 0 on reset
20:44:21.01   GameInfo::ResetInfo - SyncLevel set to 0 on reset
20:44:21.02   GameInfo::ResetInfo - SyncLevel set to 0 on reset
20:44:21.02   GameInfo::ResetInfo - SyncLevel set to 0 on reset
20:44:21.02   GameInfo::ResetInfo - SyncLevel set to 0 on reset
20:44:21.02   GameInfo::ResetInfo - SyncLevel set to 0 on reset
20:44:21.02   GameInfo::ResetInfo - SyncLevel set to 0 on reset
20:44:21.02   GameInfo::ResetInfo - SyncLevel set to 0 on reset
20:44:21.02   GameInfo::ResetInfo - SyncLevel set to 0 on reset
20:44:21.02   GameInfo::ResetInfo - SyncLevel set to 0 on reset
20:44:21.03   GameInfo::ResetInfo - SyncLevel set to 0 on reset
20:44:21.03   GameInfo::ResetInfo - SyncLevel set to 0 on reset
20:44:21.03   GameInfo::ResetInfo - SyncLevel set to 0 on reset
20:44:21.03   GameInfo::ResetInfo - SyncLevel set to 0 on reset
20:44:21.03   GameInfo::ResetInfo - SyncLevel set to 0 on reset
20:44:21.03   GameInfo::ResetInfo - SyncLevel set to 0 on reset
20:44:21.04   GameInfo::ResetInfo - SyncLevel set to 0 on reset
20:44:21.04   GameInfo::ResetInfo - SyncLevel set to 0 on reset
20:44:21.04   GameInfo::ResetInfo - SyncLevel set to 0 on reset
20:44:21.04   GameInfo::ResetInfo - SyncLevel set to 0 on reset
20:44:21.04   GameInfo::ResetInfo - SyncLevel set to 0 on reset
20:44:21.04   GameInfo::ResetInfo - SyncLevel set to 0 on reset
20:44:21.05   GameInfo::ResetInfo - SyncLevel set to 0 on reset
20:44:21.05   GameInfo::ResetInfo - SyncLevel set to 0 on reset
20:44:21.05   GameInfo::ResetInfo - SyncLevel set to 0 on reset
20:44:21.05   GameInfo::ResetInfo - SyncLevel set to 0 on reset
20:44:21.05   GameInfo::ResetInfo - SyncLevel set to 0 on reset
20:44:21.05   GameInfo::ResetInfo - SyncLevel set to 0 on reset
20:44:21.06   GameInfo::ResetInfo - SyncLevel set to 0 on reset
20:44:21.06   GameInfo::ResetInfo - SyncLevel set to 0 on reset
20:44:21.06   GameInfo::ResetInfo - SyncLevel set to 0 on reset
20:44:21.06   GameInfo::ResetInfo - SyncLevel set to 0 on reset
20:44:21.06   GameInfo::ResetInfo - SyncLevel set to 0 on reset
20:44:21.06   GameInfo::ResetInfo - SyncLevel set to 0 on reset
20:44:21.06   GameInfo::ResetInfo - SyncLevel set to 0 on reset
20:44:21.06   GameInfo::ResetInfo - SyncLevel set to 0 on reset
20:44:21.06   GameInfo::ResetInfo - SyncLevel set to 0 on reset
20:44:21.10   GameInfo::ResetInfo - SyncLevel set to 0 on reset
20:44:21.10   GameInfo::ResetInfo - SyncLevel set to 0 on reset
20:44:21.10   GameInfo::ResetInfo - SyncLevel set to 0 on reset
20:44:21.11   GameInfo::ResetInfo - SyncLevel set to 0 on reset
20:44:21.11   GameInfo::ResetInfo - SyncLevel set to 0 on reset
20:44:21.11   GameInfo::ResetInfo - SyncLevel set to 0 on reset
20:44:21.11   GameInfo::ResetInfo - SyncLevel set to 0 on reset
20:44:21.11   GameInfo::ResetInfo - SyncLevel set to 0 on reset
20:44:21.11   GameInfo::ResetInfo - SyncLevel set to 0 on reset
20:44:21.11   GameInfo::ResetInfo - SyncLevel set to 0 on reset
20:44:21.11   GameInfo::ResetInfo - SyncLevel set to 0 on reset
20:44:21.11   GameInfo::ResetInfo - SyncLevel set to 0 on reset
20:44:21.12   GameInfo::ResetInfo - SyncLevel set to 0 on reset
20:44:21.12   GameInfo::ResetInfo - SyncLevel set to 0 on reset
20:44:21.12   GameInfo::ResetInfo - SyncLevel set to 0 on reset
20:44:21.12   GameInfo::ResetInfo - SyncLevel set to 0 on reset
20:44:21.12   GameInfo::ResetInfo - SyncLevel set to 0 on reset
20:44:21.12   GameInfo::ResetInfo - SyncLevel set to 0 on reset
20:44:21.13   GameInfo::ResetInfo - SyncLevel set to 0 on reset
20:44:21.13   GameInfo::ResetInfo - SyncLevel set to 0 on reset
20:44:21.13   GameInfo::ResetInfo - SyncLevel set to 0 on reset
20:44:21.13   GameInfo::ResetInfo - SyncLevel set to 0 on reset
20:44:21.13   GameInfo::ResetInfo - SyncLevel set to 0 on reset
20:44:21.13   GameInfo::ResetInfo - SyncLevel set to 0 on reset
20:44:21.13   GameInfo::ResetInfo - SyncLevel set to 0 on reset
20:44:21.14   GameInfo::ResetInfo - SyncLevel set to 0 on reset
20:44:21.14   GameInfo::ResetInfo - SyncLevel set to 0 on reset
20:44:21.14   GameInfo::ResetInfo - SyncLevel set to 0 on reset
20:44:21.14   GameInfo::ResetInfo - SyncLevel set to 0 on reset
20:44:21.14   GameInfo::ResetInfo - SyncLevel set to 0 on reset
20:44:21.14   GameInfo::ResetInfo - SyncLevel set to 0 on reset
20:44:21.14   GameInfo::ResetInfo - SyncLevel set to 0 on reset
20:44:21.14   GameInfo::ResetInfo - SyncLevel set to 0 on reset
20:44:21.15   GameInfo::ResetInfo - SyncLevel set to 0 on reset
20:44:21.15   GameInfo::ResetInfo - SyncLevel set to 0 on reset
20:44:21.15   GameInfo::ResetInfo - SyncLevel set to 0 on reset
20:44:21.15   GameInfo::ResetInfo - SyncLevel set to 0 on reset
20:44:21.15   GameInfo::ResetInfo - SyncLevel set to 0 on reset
20:44:21.15   GameInfo::ResetInfo - SyncLevel set to 0 on reset
20:44:21.16   GameInfo::ResetInfo - SyncLevel set to 0 on reset
20:44:21.16   GameInfo::ResetInfo - SyncLevel set to 0 on reset
20:44:21.16   GameInfo::ResetInfo - SyncLevel set to 0 on reset
20:44:21.16   GameInfo::ResetInfo - SyncLevel set to 0 on reset
20:44:21.16   GameInfo::ResetInfo - SyncLevel set to 0 on reset
20:44:21.16   GameInfo::ResetInfo - SyncLevel set to 0 on reset
20:44:21.17   GameInfo::ResetInfo - SyncLevel set to 0 on reset
20:44:21.17   GameInfo::ResetInfo - SyncLevel set to 0 on reset
20:44:21.17   GameInfo::ResetInfo - SyncLevel set to 0 on reset
20:44:21.17   GameInfo::ResetInfo - SyncLevel set to 0 on reset
20:44:21.17   GameInfo::ResetInfo - SyncLevel set to 0 on reset
20:44:21.17   GameInfo::ResetInfo - SyncLevel set to 0 on reset
20:44:21.18   GameInfo::ResetInfo - SyncLevel set to 0 on reset
20:44:21.18   GameInfo::ResetInfo - SyncLevel set to 0 on reset
20:44:21.18   GameInfo::ResetInfo - SyncLevel set to 0 on reset
20:44:21.18   GameInfo::ResetInfo - SyncLevel set to 0 on reset
20:44:21.18   GameInfo::ResetInfo - SyncLevel set to 0 on reset
20:44:21.18   GameInfo::ResetInfo - SyncLevel set to 0 on reset
20:44:21.19   GameInfo::ResetInfo - SyncLevel set to 0 on reset
20:44:21.19   GameInfo::ResetInfo - SyncLevel set to 0 on reset
20:44:21.19   GameInfo::ResetInfo - SyncLevel set to 0 on reset
20:44:21.19   GameInfo::ResetInfo - SyncLevel set to 0 on reset
20:44:21.19   GameInfo::ResetInfo - SyncLevel set to 0 on reset
20:44:21.19   GameInfo::ResetInfo - SyncLevel set to 0 on reset
20:44:21.19   GameInfo::ResetInfo - SyncLevel set to 0 on reset
20:44:21.19   GameInfo::ResetInfo - SyncLevel set to 0 on reset
20:44:21.19   GameInfo::ResetInfo - SyncLevel set to 0 on reset
20:44:21.20   GameInfo::ResetInfo - SyncLevel set to 0 on reset
20:44:21.20   GameInfo::ResetInfo - SyncLevel set to 0 on reset
20:44:21.20   GameInfo::ResetInfo - SyncLevel set to 0 on reset
20:44:21.20   GameInfo::ResetInfo - SyncLevel set to 0 on reset
20:44:21.20   GameInfo::ResetInfo - SyncLevel set to 0 on reset
20:44:21.20   GameInfo::ResetInfo - SyncLevel set to 0 on reset
20:44:21.20   GameInfo::ResetInfo - SyncLevel set to 0 on reset
20:44:21.21   GameInfo::ResetInfo - SyncLevel set to 0 on reset
20:44:21.21   GameInfo::ResetInfo - SyncLevel set to 0 on reset
20:44:21.21   GameInfo::ResetInfo - SyncLevel set to 0 on reset
20:44:21.21   GameInfo::ResetInfo - SyncLevel set to 0 on reset
20:44:21.21   GameInfo::ResetInfo - SyncLevel set to 0 on reset
20:44:21.21   GameInfo::ResetInfo - SyncLevel set to 0 on reset
20:44:21.22   GameInfo::ResetInfo - SyncLevel set to 0 on reset
20:44:21.22   GameInfo::ResetInfo - SyncLevel set to 0 on reset
20:44:21.22   GameInfo::ResetInfo - SyncLevel set to 0 on reset
20:44:21.22   GameInfo::ResetInfo - SyncLevel set to 0 on reset
20:44:21.22   GameInfo::ResetInfo - SyncLevel set to 0 on reset
20:44:21.22   GameInfo::ResetInfo - SyncLevel set to 0 on reset
20:44:21.22   GameInfo::ResetInfo - SyncLevel set to 0 on reset
20:44:21.22   GameInfo::ResetInfo - SyncLevel set to 0 on reset
20:44:21.23   GameInfo::ResetInfo - SyncLevel set to 0 on reset
20:44:21.23   GameInfo::ResetInfo - SyncLevel set to 0 on reset
20:44:21.23   GameInfo::ResetInfo - SyncLevel set to 0 on reset
20:44:21.23   GameInfo::ResetInfo - SyncLevel set to 0 on reset
20:44:21.23   GameInfo::ResetInfo - SyncLevel set to 0 on reset
20:44:21.23   GameInfo::ResetInfo - SyncLevel set to 0 on reset
20:44:21.23   GameInfo::ResetInfo - SyncLevel set to 0 on reset
20:44:21.23   GameInfo::ResetInfo - SyncLevel set to 0 on reset
20:44:21.23   GameInfo::ResetInfo - SyncLevel set to 0 on reset
20:44:21.24   GameInfo::ResetInfo - SyncLevel set to 0 on reset
20:44:21.24   GameInfo::ResetInfo - SyncLevel set to 0 on reset
20:44:21.24   GameInfo::ResetInfo - SyncLevel set to 0 on reset
20:44:21.24   GameInfo::ResetInfo - SyncLevel set to 0 on reset
20:44:21.24   GameInfo::ResetInfo - SyncLevel set to 0 on reset
20:44:21.24   GameInfo::ResetInfo - SyncLevel set to 0 on reset
20:44:21.25   GameInfo::ResetInfo - SyncLevel set to 0 on reset
20:44:21.25   GameInfo::ResetInfo - SyncLevel set to 0 on reset
20:44:21.25   GameInfo::ResetInfo - SyncLevel set to 0 on reset
20:44:21.25   GameInfo::ResetInfo - SyncLevel set to 0 on reset
20:44:21.25   GameInfo::ResetInfo - SyncLevel set to 0 on reset
20:44:21.25   GameInfo::ResetInfo - SyncLevel set to 0 on reset
20:44:21.25   GameInfo::ResetInfo - SyncLevel set to 0 on reset
20:44:21.25   GameInfo::ResetInfo - SyncLevel set to 0 on reset
20:44:21.25   GameInfo::ResetInfo - SyncLevel set to 0 on reset
20:44:21.26   GameInfo::ResetInfo - SyncLevel set to 0 on reset
20:44:21.26   GameInfo::ResetInfo - SyncLevel set to 0 on reset
20:44:21.26   GameInfo::ResetInfo - SyncLevel set to 0 on reset
20:44:21.26   GameInfo::ResetInfo - SyncLevel set to 0 on reset
20:44:21.26   GameInfo::ResetInfo - SyncLevel set to 0 on reset
20:44:21.26   GameInfo::ResetInfo - SyncLevel set to 0 on reset
20:44:21.27   GameInfo::ResetInfo - SyncLevel set to 0 on reset
20:44:21.27   GameInfo::ResetInfo - SyncLevel set to 0 on reset
20:44:21.27   GameInfo::ResetInfo - SyncLevel set to 0 on reset
20:44:21.29   GameInfo::ResetInfo - SyncLevel set to 0 on reset
20:44:21.29   GameInfo::ResetInfo - SyncLevel set to 0 on reset
20:44:21.29   GameInfo::ResetInfo - SyncLevel set to 0 on reset
20:44:21.30   GameInfo::ResetInfo - SyncLevel set to 0 on reset
20:44:21.30   GameInfo::ResetInfo - SyncLevel set to 0 on reset
20:44:21.30   GameInfo::ResetInfo - SyncLevel set to 0 on reset
20:44:21.30   GameInfo::ResetInfo - SyncLevel set to 0 on reset
20:44:21.30   GameInfo::ResetInfo - SyncLevel set to 0 on reset
20:44:21.30   GameInfo::ResetInfo - SyncLevel set to 0 on reset
20:44:21.31   GameInfo::ResetInfo - SyncLevel set to 0 on reset
20:44:21.31   GameInfo::ResetInfo - SyncLevel set to 0 on reset
20:44:21.31   GameInfo::ResetInfo - SyncLevel set to 0 on reset
20:44:21.31   GameInfo::ResetInfo - SyncLevel set to 0 on reset
20:44:21.31   GameInfo::ResetInfo - SyncLevel set to 0 on reset
20:44:21.31   GameInfo::ResetInfo - SyncLevel set to 0 on reset
20:44:21.32   GameInfo::ResetInfo - SyncLevel set to 0 on reset
20:44:21.32   GameInfo::ResetInfo - SyncLevel set to 0 on reset
20:44:21.32   GameInfo::ResetInfo - SyncLevel set to 0 on reset
20:44:21.32   GameInfo::ResetInfo - SyncLevel set to 0 on reset
20:44:21.32   GameInfo::ResetInfo - SyncLevel set to 0 on reset
20:44:21.32   GameInfo::ResetInfo - SyncLevel set to 0 on reset
20:44:21.32   GameInfo::ResetInfo - SyncLevel set to 0 on reset
20:44:21.33   GameInfo::ResetInfo - SyncLevel set to 0 on reset
20:44:21.33   GameInfo::ResetInfo - SyncLevel set to 0 on reset
20:44:21.33   GameInfo::ResetInfo - SyncLevel set to 0 on reset
20:44:21.33   GameInfo::ResetInfo - SyncLevel set to 0 on reset
20:44:21.33   GameInfo::ResetInfo - SyncLevel set to 0 on reset
20:44:21.33   GameInfo::ResetInfo - SyncLevel set to 0 on reset
20:44:21.34   GameInfo::ResetInfo - SyncLevel set to 0 on reset
20:44:21.34   GameInfo::ResetInfo - SyncLevel set to 0 on reset
20:44:21.34   GameInfo::ResetInfo - SyncLevel set to 0 on reset
20:44:21.34   GameInfo::ResetInfo - SyncLevel set to 0 on reset
20:44:21.34   GameInfo::ResetInfo - SyncLevel set to 0 on reset
20:44:21.35   GameInfo::ResetInfo - SyncLevel set to 0 on reset
20:44:21.35   GameInfo::ResetInfo - SyncLevel set to 0 on reset
20:44:21.35   GameInfo::ResetInfo - SyncLevel set to 0 on reset
20:44:21.35   GameInfo::ResetInfo - SyncLevel set to 0 on reset
20:44:21.35   GameInfo::ResetInfo - SyncLevel set to 0 on reset
20:44:21.35   GameInfo::ResetInfo - SyncLevel set to 0 on reset
20:44:21.35   GameInfo::ResetInfo - SyncLevel set to 0 on reset
20:44:21.35   GameInfo::ResetInfo - SyncLevel set to 0 on reset
20:44:21.35   GameInfo::ResetInfo - SyncLevel set to 0 on reset
20:44:21.36   GameInfo::ResetInfo - SyncLevel set to 0 on reset
20:44:21.36   GameInfo::ResetInfo - SyncLevel set to 0 on reset
20:44:21.36   GameInfo::ResetInfo - SyncLevel set to 0 on reset
20:44:21.36   GameInfo::ResetInfo - SyncLevel set to 0 on reset
20:44:21.36   GameInfo::ResetInfo - SyncLevel set to 0 on reset
20:44:21.36   GameInfo::ResetInfo - SyncLevel set to 0 on reset
20:44:21.37   GameInfo::ResetInfo - SyncLevel set to 0 on reset
20:44:21.37   GameInfo::ResetInfo - SyncLevel set to 0 on reset
20:44:21.37   GameInfo::ResetInfo - SyncLevel set to 0 on reset
20:44:21.37   GameInfo::ResetInfo - SyncLevel set to 0 on reset
20:44:21.37   GameInfo::ResetInfo - SyncLevel set to 0 on reset
20:44:21.37   GameInfo::ResetInfo - SyncLevel set to 0 on reset
20:44:21.38   GameInfo::ResetInfo - SyncLevel set to 0 on reset
20:44:21.38   GameInfo::ResetInfo - SyncLevel set to 0 on reset
20:44:21.38   GameInfo::ResetInfo - SyncLevel set to 0 on reset
20:44:21.38   GameInfo::ResetInfo - SyncLevel set to 0 on reset
20:44:21.38   GameInfo::ResetInfo - SyncLevel set to 0 on reset
20:44:21.38   GameInfo::ResetInfo - SyncLevel set to 0 on reset
20:44:21.39   GameInfo::ResetInfo - SyncLevel set to 0 on reset
20:44:21.39   GameInfo::ResetInfo - SyncLevel set to 0 on reset
20:44:21.39   GameInfo::ResetInfo - SyncLevel set to 0 on reset
20:44:21.39   GameInfo::ResetInfo - SyncLevel set to 0 on reset
20:44:21.39   GameInfo::ResetInfo - SyncLevel set to 0 on reset
20:44:21.39   GameInfo::ResetInfo - SyncLevel set to 0 on reset
20:44:21.39   GameInfo::ResetInfo - SyncLevel set to 0 on reset
20:44:21.39   GameInfo::ResetInfo - SyncLevel set to 0 on reset
20:44:21.40   GameInfo::ResetInfo - SyncLevel set to 0 on reset
20:44:21.40   GameInfo::ResetInfo - SyncLevel set to 0 on reset
20:44:21.40   GameInfo::ResetInfo - SyncLevel set to 0 on reset
20:44:21.40   GameInfo::ResetInfo - SyncLevel set to 0 on reset
20:44:21.41   GameInfo::ResetInfo - SyncLevel set to 0 on reset
20:44:21.41   GameInfo::ResetInfo - SyncLevel set to 0 on reset
20:44:21.41   GameInfo::ResetInfo - SyncLevel set to 0 on reset
20:44:21.41   GameInfo::ResetInfo - SyncLevel set to 0 on reset
20:44:21.41   GameInfo::ResetInfo - SyncLevel set to 0 on reset
20:44:21.41   GameInfo::ResetInfo - SyncLevel set to 0 on reset
20:44:21.41   GameInfo::ResetInfo - SyncLevel set to 0 on reset
20:44:21.41   GameInfo::ResetInfo - SyncLevel set to 0 on reset
20:44:21.41   GameInfo::ResetInfo - SyncLevel set to 0 on reset
20:44:21.42   GameInfo::ResetInfo - SyncLevel set to 0 on reset
20:44:21.42   GameInfo::ResetInfo - SyncLevel set to 0 on reset
20:44:21.42   GameInfo::ResetInfo - SyncLevel set to 0 on reset
20:44:21.42   GameInfo::ResetInfo - SyncLevel set to 0 on reset
20:44:21.42   GameInfo::ResetInfo - SyncLevel set to 0 on reset
20:44:21.42   GameInfo::ResetInfo - SyncLevel set to 0 on reset
20:44:21.43   GameInfo::ResetInfo - SyncLevel set to 0 on reset
20:44:21.43   GameInfo::ResetInfo - SyncLevel set to 0 on reset
20:44:21.43   GameInfo::ResetInfo - SyncLevel set to 0 on reset
20:44:21.43   GAME -- Error reading header for recorded game PLAYBACK:4p_rails_and_metal20110731195813__[GameReplays.org].rec
20:44:21.43   GameInfo::ResetInfo - SyncLevel set to 0 on reset
20:44:21.43   GameInfo::ResetInfo - SyncLevel set to 0 on reset
20:44:21.44   GAME -- Error reading header for recorded game PLAYBACK:4p_rails_and_metal20110801000124__[GameReplays.org].rec
20:44:21.44   GameInfo::ResetInfo - SyncLevel set to 0 on reset
20:44:21.44   GameInfo::ResetInfo - SyncLevel set to 0 on reset
20:44:21.44   GAME -- Error reading header for recorded game PLAYBACK:4p_rails_and_metal20120827200108__[GameReplays.org].rec
20:44:21.44   GameInfo::ResetInfo - SyncLevel set to 0 on reset
20:44:21.44   GameInfo::ResetInfo - SyncLevel set to 0 on reset
20:44:21.44   GameInfo::ResetInfo - SyncLevel set to 0 on reset
20:44:21.44   GameInfo::ResetInfo - SyncLevel set to 0 on reset
20:44:21.44   GameInfo::ResetInfo - SyncLevel set to 0 on reset
20:44:21.45   GameInfo::ResetInfo - SyncLevel set to 0 on reset
20:44:21.45   GameInfo::ResetInfo - SyncLevel set to 0 on reset
20:44:21.45   GameInfo::ResetInfo - SyncLevel set to 0 on reset
20:44:21.45   GameInfo::ResetInfo - SyncLevel set to 0 on reset
20:44:21.45   GameInfo::ResetInfo - SyncLevel set to 0 on reset
20:44:21.45   GameInfo::ResetInfo - SyncLevel set to 0 on reset
20:44:21.46   GameInfo::ResetInfo - SyncLevel set to 0 on reset
20:44:21.46   GameInfo::ResetInfo - SyncLevel set to 0 on reset
20:44:21.46   GameInfo::ResetInfo - SyncLevel set to 0 on reset
20:44:21.46   GameInfo::ResetInfo - SyncLevel set to 0 on reset
20:44:21.46   GameInfo::ResetInfo - SyncLevel set to 0 on reset
20:44:21.46   GameInfo::ResetInfo - SyncLevel set to 0 on reset
20:44:21.47   GameInfo::ResetInfo - SyncLevel set to 0 on reset
20:44:21.47   GameInfo::ResetInfo - SyncLevel set to 0 on reset
20:44:21.47   GameInfo::ResetInfo - SyncLevel set to 0 on reset
20:44:21.47   GameInfo::ResetInfo - SyncLevel set to 0 on reset
20:44:21.47   GameInfo::ResetInfo - SyncLevel set to 0 on reset
20:44:21.47   GameInfo::ResetInfo - SyncLevel set to 0 on reset
20:44:21.48   GameInfo::ResetInfo - SyncLevel set to 0 on reset
20:44:21.48   GameInfo::ResetInfo - SyncLevel set to 0 on reset
20:44:21.48   GameInfo::ResetInfo - SyncLevel set to 0 on reset
20:44:21.48   GameInfo::ResetInfo - SyncLevel set to 0 on reset
20:44:21.48   GameInfo::ResetInfo - SyncLevel set to 0 on reset
20:44:21.48   GameInfo::ResetInfo - SyncLevel set to 0 on reset
20:44:21.49   GameInfo::ResetInfo - SyncLevel set to 0 on reset
20:44:21.49   GameInfo::ResetInfo - SyncLevel set to 0 on reset
20:44:21.49   GameInfo::ResetInfo - SyncLevel set to 0 on reset
20:44:21.49   GameInfo::ResetInfo - SyncLevel set to 0 on reset
20:44:21.49   GameInfo::ResetInfo - SyncLevel set to 0 on reset
20:44:21.49   GameInfo::ResetInfo - SyncLevel set to 0 on reset
20:44:21.50   GameInfo::ResetInfo - SyncLevel set to 0 on reset
20:44:21.50   GameInfo::ResetInfo - SyncLevel set to 0 on reset
20:44:21.50   GameInfo::ResetInfo - SyncLevel set to 0 on reset
20:44:21.50   GameInfo::ResetInfo - SyncLevel set to 0 on reset
20:44:21.50   GameInfo::ResetInfo - SyncLevel set to 0 on reset
20:44:21.50   GameInfo::ResetInfo - SyncLevel set to 0 on reset
20:44:21.50   GameInfo::ResetInfo - SyncLevel set to 0 on reset
20:44:21.50   GameInfo::ResetInfo - SyncLevel set to 0 on reset
20:44:21.50   GameInfo::ResetInfo - SyncLevel set to 0 on reset
20:44:21.51   GameInfo::ResetInfo - SyncLevel set to 0 on reset
20:44:21.51   GameInfo::ResetInfo - SyncLevel set to 0 on reset
20:44:21.51   GameInfo::ResetInfo - SyncLevel set to 0 on reset
20:44:21.51   GameInfo::ResetInfo - SyncLevel set to 0 on reset
20:44:21.51   GameInfo::ResetInfo - SyncLevel set to 0 on reset
20:44:21.51   GameInfo::ResetInfo - SyncLevel set to 0 on reset
20:44:21.52   GameInfo::ResetInfo - SyncLevel set to 0 on reset
20:44:21.52   GameInfo::ResetInfo - SyncLevel set to 0 on reset
20:44:21.52   GameInfo::ResetInfo - SyncLevel set to 0 on reset
20:44:21.52   GameInfo::ResetInfo - SyncLevel set to 0 on reset
20:44:21.52   GameInfo::ResetInfo - SyncLevel set to 0 on reset
20:44:21.52   GameInfo::ResetInfo - SyncLevel set to 0 on reset
20:44:21.53   GameInfo::ResetInfo - SyncLevel set to 0 on reset
20:44:21.53   GameInfo::ResetInfo - SyncLevel set to 0 on reset
20:44:21.53   GameInfo::ResetInfo - SyncLevel set to 0 on reset
20:44:21.53   GameInfo::ResetInfo - SyncLevel set to 0 on reset
20:44:21.53   GameInfo::ResetInfo - SyncLevel set to 0 on reset
20:44:21.53   GameInfo::ResetInfo - SyncLevel set to 0 on reset
20:44:21.54   GameInfo::ResetInfo - SyncLevel set to 0 on reset
20:44:21.54   GameInfo::ResetInfo - SyncLevel set to 0 on reset
20:44:21.54   GameInfo::ResetInfo - SyncLevel set to 0 on reset
20:44:21.54   GameInfo::ResetInfo - SyncLevel set to 0 on reset
20:44:21.54   GameInfo::ResetInfo - SyncLevel set to 0 on reset
20:44:21.54   GameInfo::ResetInfo - SyncLevel set to 0 on reset
20:44:21.54   GameInfo::ResetInfo - SyncLevel set to 0 on reset
20:44:21.54   GameInfo::ResetInfo - SyncLevel set to 0 on reset
20:44:21.54   GameInfo::ResetInfo - SyncLevel set to 0 on reset
20:44:21.55   GameInfo::ResetInfo - SyncLevel set to 0 on reset
20:44:21.55   GameInfo::ResetInfo - SyncLevel set to 0 on reset
20:44:21.55   GameInfo::ResetInfo - SyncLevel set to 0 on reset
20:44:21.55   GameInfo::ResetInfo - SyncLevel set to 0 on reset
20:44:21.55   GameInfo::ResetInfo - SyncLevel set to 0 on reset
20:44:21.55   GameInfo::ResetInfo - SyncLevel set to 0 on reset
20:44:21.55   GameInfo::ResetInfo - SyncLevel set to 0 on reset
20:44:21.55   GameInfo::ResetInfo - SyncLevel set to 0 on reset
20:44:21.55   GameInfo::ResetInfo - SyncLevel set to 0 on reset
20:44:21.55   GameInfo::ResetInfo - SyncLevel set to 0 on reset
20:44:21.56   GameInfo::ResetInfo - SyncLevel set to 0 on reset
20:44:21.56   GameInfo::ResetInfo - SyncLevel set to 0 on reset
20:44:21.56   GameInfo::ResetInfo - SyncLevel set to 0 on reset
20:44:21.56   GameInfo::ResetInfo - SyncLevel set to 0 on reset
20:44:21.56   GameInfo::ResetInfo - SyncLevel set to 0 on reset
20:44:21.56   GameInfo::ResetInfo - SyncLevel set to 0 on reset
20:44:21.56   GameInfo::ResetInfo - SyncLevel set to 0 on reset
20:44:21.56   GameInfo::ResetInfo - SyncLevel set to 0 on reset
20:44:21.57   GameInfo::ResetInfo - SyncLevel set to 0 on reset
20:44:21.57   GameInfo::ResetInfo - SyncLevel set to 0 on reset
20:44:21.57   GameInfo::ResetInfo - SyncLevel set to 0 on reset
20:44:21.57   GameInfo::ResetInfo - SyncLevel set to 0 on reset
20:44:21.57   GameInfo::ResetInfo - SyncLevel set to 0 on reset
20:44:21.57   GameInfo::ResetInfo - SyncLevel set to 0 on reset
20:44:21.58   GameInfo::ResetInfo - SyncLevel set to 0 on reset
20:44:21.58   GameInfo::ResetInfo - SyncLevel set to 0 on reset
20:44:21.58   GameInfo::ResetInfo - SyncLevel set to 0 on reset
20:44:21.58   GameInfo::ResetInfo - SyncLevel set to 0 on reset
20:44:21.58   GameInfo::ResetInfo - SyncLevel set to 0 on reset
20:44:21.58   GameInfo::ResetInfo - SyncLevel set to 0 on reset
20:44:21.58   GameInfo::ResetInfo - SyncLevel set to 0 on reset
20:44:21.59   GameInfo::ResetInfo - SyncLevel set to 0 on reset
20:44:21.59   GameInfo::ResetInfo - SyncLevel set to 0 on reset
20:44:21.59   GameInfo::ResetInfo - SyncLevel set to 0 on reset
20:44:21.59   GameInfo::ResetInfo - SyncLevel set to 0 on reset
20:44:21.59   GameInfo::ResetInfo - SyncLevel set to 0 on reset
20:44:21.59   GameInfo::ResetInfo - SyncLevel set to 0 on reset
20:44:21.59   GameInfo::ResetInfo - SyncLevel set to 0 on reset
20:44:21.59   GameInfo::ResetInfo - SyncLevel set to 0 on reset
20:44:21.60   GameInfo::ResetInfo - SyncLevel set to 0 on reset
20:44:21.60   GameInfo::ResetInfo - SyncLevel set to 0 on reset
20:44:21.60   GameInfo::ResetInfo - SyncLevel set to 0 on reset
20:44:21.60   GameInfo::ResetInfo - SyncLevel set to 0 on reset
20:44:21.60   GameInfo::ResetInfo - SyncLevel set to 0 on reset
20:44:21.60   GameInfo::ResetInfo - SyncLevel set to 0 on reset
20:44:21.61   GameInfo::ResetInfo - SyncLevel set to 0 on reset
20:44:21.61   GameInfo::ResetInfo - SyncLevel set to 0 on reset
20:44:21.61   GameInfo::ResetInfo - SyncLevel set to 0 on reset
20:44:21.61   GameInfo::ResetInfo - SyncLevel set to 0 on reset
20:44:21.61   GameInfo::ResetInfo - SyncLevel set to 0 on reset
20:44:21.61   GameInfo::ResetInfo - SyncLevel set to 0 on reset
20:44:21.62   GameInfo::ResetInfo - SyncLevel set to 0 on reset
20:44:21.62   GameInfo::ResetInfo - SyncLevel set to 0 on reset
20:44:21.62   GameInfo::ResetInfo - SyncLevel set to 0 on reset
20:44:21.62   GameInfo::ResetInfo - SyncLevel set to 0 on reset
20:44:21.62   GameInfo::ResetInfo - SyncLevel set to 0 on reset
20:44:21.62   GameInfo::ResetInfo - SyncLevel set to 0 on reset
20:44:21.62   GAME -- Error reading header for recorded game PLAYBACK:4p_wolfheze20090305210256__[GameReplays.org].rec
20:44:21.62   GameInfo::ResetInfo - SyncLevel set to 0 on reset
20:44:21.62   GameInfo::ResetInfo - SyncLevel set to 0 on reset
20:44:21.63   GameInfo::ResetInfo - SyncLevel set to 0 on reset
20:44:21.63   GameInfo::ResetInfo - SyncLevel set to 0 on reset
20:44:21.63   GameInfo::ResetInfo - SyncLevel set to 0 on reset
20:44:21.63   GameInfo::ResetInfo - SyncLevel set to 0 on reset
20:44:21.63   GameInfo::ResetInfo - SyncLevel set to 0 on reset
20:44:21.63   GameInfo::ResetInfo - SyncLevel set to 0 on reset
20:44:21.64   GameInfo::ResetInfo - SyncLevel set to 0 on reset
20:44:21.64   GameInfo::ResetInfo - SyncLevel set to 0 on reset
20:44:21.64   GameInfo::ResetInfo - SyncLevel set to 0 on reset
20:44:21.64   GameInfo::ResetInfo - SyncLevel set to 0 on reset
20:44:21.64   GameInfo::ResetInfo - SyncLevel set to 0 on reset
20:44:21.64   GameInfo::ResetInfo - SyncLevel set to 0 on reset
20:44:21.64   GameInfo::ResetInfo - SyncLevel set to 0 on reset
20:44:21.64   GameInfo::ResetInfo - SyncLevel set to 0 on reset
20:44:21.64   GameInfo::ResetInfo - SyncLevel set to 0 on reset
20:44:21.65   GameInfo::ResetInfo - SyncLevel set to 0 on reset
20:44:21.65   GameInfo::ResetInfo - SyncLevel set to 0 on reset
20:44:21.65   GameInfo::ResetInfo - SyncLevel set to 0 on reset
20:44:21.65   GameInfo::ResetInfo - SyncLevel set to 0 on reset
20:44:21.65   GameInfo::ResetInfo - SyncLevel set to 0 on reset
20:44:21.65   GameInfo::ResetInfo - SyncLevel set to 0 on reset
20:44:21.66   GameInfo::ResetInfo - SyncLevel set to 0 on reset
20:44:21.66   GameInfo::ResetInfo - SyncLevel set to 0 on reset
20:44:21.66   GameInfo::ResetInfo - SyncLevel set to 0 on reset
20:44:21.66   GameInfo::ResetInfo - SyncLevel set to 0 on reset
20:44:21.66   GameInfo::ResetInfo - SyncLevel set to 0 on reset
20:44:21.66   GameInfo::ResetInfo - SyncLevel set to 0 on reset
20:44:21.66   GameInfo::ResetInfo - SyncLevel set to 0 on reset
20:44:21.66   GameInfo::ResetInfo - SyncLevel set to 0 on reset
20:44:21.66   GameInfo::ResetInfo - SyncLevel set to 0 on reset
20:44:21.66   GameInfo::ResetInfo - SyncLevel set to 0 on reset
20:44:21.66   GameInfo::ResetInfo - SyncLevel set to 0 on reset
20:44:21.66   GameInfo::ResetInfo - SyncLevel set to 0 on reset
20:44:21.66   GameInfo::ResetInfo - SyncLevel set to 0 on reset
20:44:21.66   GameInfo::ResetInfo - SyncLevel set to 0 on reset
20:44:21.66   GameInfo::ResetInfo - SyncLevel set to 0 on reset
20:44:21.67   GameInfo::ResetInfo - SyncLevel set to 0 on reset
20:44:21.67   GameInfo::ResetInfo - SyncLevel set to 0 on reset
20:44:21.67   GameInfo::ResetInfo - SyncLevel set to 0 on reset
20:44:21.67   GameInfo::ResetInfo - SyncLevel set to 0 on reset
20:44:21.67   GameInfo::ResetInfo - SyncLevel set to 0 on reset
20:44:21.67   GameInfo::ResetInfo - SyncLevel set to 0 on reset
20:44:21.67   GameInfo::ResetInfo - SyncLevel set to 0 on reset
20:44:21.68   GameInfo::ResetInfo - SyncLevel set to 0 on reset
20:44:21.68   GameInfo::ResetInfo - SyncLevel set to 0 on reset
20:44:21.68   GameInfo::ResetInfo - SyncLevel set to 0 on reset
20:44:21.68   GameInfo::ResetInfo - SyncLevel set to 0 on reset
20:44:21.68   GameInfo::ResetInfo - SyncLevel set to 0 on reset
20:44:21.68   GameInfo::ResetInfo - SyncLevel set to 0 on reset
20:44:21.68   GameInfo::ResetInfo - SyncLevel set to 0 on reset
20:44:21.68   GameInfo::ResetInfo - SyncLevel set to 0 on reset
20:44:21.68   GameInfo::ResetInfo - SyncLevel set to 0 on reset
20:44:21.69   GameInfo::ResetInfo - SyncLevel set to 0 on reset
20:44:21.69   GameInfo::ResetInfo - SyncLevel set to 0 on reset
20:44:21.69   GameInfo::ResetInfo - SyncLevel set to 0 on reset
20:44:21.69   GameInfo::ResetInfo - SyncLevel set to 0 on reset
20:44:21.69   GameInfo::ResetInfo - SyncLevel set to 0 on reset
20:44:21.69   GameInfo::ResetInfo - SyncLevel set to 0 on reset
20:44:21.69   GameInfo::ResetInfo - SyncLevel set to 0 on reset
20:44:21.69   GameInfo::ResetInfo - SyncLevel set to 0 on reset
20:44:21.69   GameInfo::ResetInfo - SyncLevel set to 0 on reset
20:44:21.69   GameInfo::ResetInfo - SyncLevel set to 0 on reset
20:44:21.69   GameInfo::ResetInfo - SyncLevel set to 0 on reset
20:44:21.69   GameInfo::ResetInfo - SyncLevel set to 0 on reset
20:44:21.69   GameInfo::ResetInfo - SyncLevel set to 0 on reset
20:44:21.69   GameInfo::ResetInfo - SyncLevel set to 0 on reset
20:44:21.70   GameInfo::ResetInfo - SyncLevel set to 0 on reset
20:44:21.70   GameInfo::ResetInfo - SyncLevel set to 0 on reset
20:44:21.70   GameInfo::ResetInfo - SyncLevel set to 0 on reset
20:44:21.70   GameInfo::ResetInfo - SyncLevel set to 0 on reset
20:44:21.70   GameInfo::ResetInfo - SyncLevel set to 0 on reset
20:44:21.70   GameInfo::ResetInfo - SyncLevel set to 0 on reset
20:44:21.71   GameInfo::ResetInfo - SyncLevel set to 0 on reset
20:44:21.71   GameInfo::ResetInfo - SyncLevel set to 0 on reset
20:44:21.71   GameInfo::ResetInfo - SyncLevel set to 0 on reset
20:44:21.71   GameInfo::ResetInfo - SyncLevel set to 0 on reset
20:44:21.71   GameInfo::ResetInfo - SyncLevel set to 0 on reset
20:44:21.71   GameInfo::ResetInfo - SyncLevel set to 0 on reset
20:44:21.72   GameInfo::ResetInfo - SyncLevel set to 0 on reset
20:44:21.72   GameInfo::ResetInfo - SyncLevel set to 0 on reset
20:44:21.72   GameInfo::ResetInfo - SyncLevel set to 0 on reset
20:44:21.72   GameInfo::ResetInfo - SyncLevel set to 0 on reset
20:44:21.72   GameInfo::ResetInfo - SyncLevel set to 0 on reset
20:44:21.72   GameInfo::ResetInfo - SyncLevel set to 0 on reset
20:44:21.73   GameInfo::ResetInfo - SyncLevel set to 0 on reset
20:44:21.73   GameInfo::ResetInfo - SyncLevel set to 0 on reset
20:44:21.73   GameInfo::ResetInfo - SyncLevel set to 0 on reset
20:44:21.73   GameInfo::ResetInfo - SyncLevel set to 0 on reset
20:44:21.73   GameInfo::ResetInfo - SyncLevel set to 0 on reset
20:44:21.73   GameInfo::ResetInfo - SyncLevel set to 0 on reset
20:44:21.73   GameInfo::ResetInfo - SyncLevel set to 0 on reset
20:44:21.73   GameInfo::ResetInfo - SyncLevel set to 0 on reset
20:44:21.73   GameInfo::ResetInfo - SyncLevel set to 0 on reset
20:44:21.74   GameInfo::ResetInfo - SyncLevel set to 0 on reset
20:44:21.74   GameInfo::ResetInfo - SyncLevel set to 0 on reset
20:44:21.74   GameInfo::ResetInfo - SyncLevel set to 0 on reset
20:44:21.74   GameInfo::ResetInfo - SyncLevel set to 0 on reset
20:44:21.74   GameInfo::ResetInfo - SyncLevel set to 0 on reset
20:44:21.74   GameInfo::ResetInfo - SyncLevel set to 0 on reset
20:44:21.74   GameInfo::ResetInfo - SyncLevel set to 0 on reset
20:44:21.75   GameInfo::ResetInfo - SyncLevel set to 0 on reset
20:44:21.75   GameInfo::ResetInfo - SyncLevel set to 0 on reset
20:44:21.75   GameInfo::ResetInfo - SyncLevel set to 0 on reset
20:44:21.75   GameInfo::ResetInfo - SyncLevel set to 0 on reset
20:44:21.75   GameInfo::ResetInfo - SyncLevel set to 0 on reset
20:44:21.75   GameInfo::ResetInfo - SyncLevel set to 0 on reset
20:44:21.76   GameInfo::ResetInfo - SyncLevel set to 0 on reset
20:44:21.76   GameInfo::ResetInfo - SyncLevel set to 0 on reset
20:44:21.76   GameInfo::ResetInfo - SyncLevel set to 0 on reset
20:44:21.76   GameInfo::ResetInfo - SyncLevel set to 0 on reset
20:44:21.76   GameInfo::ResetInfo - SyncLevel set to 0 on reset
20:44:21.77   GameInfo::ResetInfo - SyncLevel set to 0 on reset
20:44:21.77   GameInfo::ResetInfo - SyncLevel set to 0 on reset
20:44:21.77   GameInfo::ResetInfo - SyncLevel set to 0 on reset
20:44:21.77   GameInfo::ResetInfo - SyncLevel set to 0 on reset
20:44:21.77   GameInfo::ResetInfo - SyncLevel set to 0 on reset
20:44:21.77   GameInfo::ResetInfo - SyncLevel set to 0 on reset
20:44:21.77   GameInfo::ResetInfo - SyncLevel set to 0 on reset
20:44:21.77   GameInfo::ResetInfo - SyncLevel set to 0 on reset
20:44:21.77   GameInfo::ResetInfo - SyncLevel set to 0 on reset
20:44:21.78   GameInfo::ResetInfo - SyncLevel set to 0 on reset
20:44:21.78   GameInfo::ResetInfo - SyncLevel set to 0 on reset
20:44:21.78   GameInfo::ResetInfo - SyncLevel set to 0 on reset
20:44:21.78   GameInfo::ResetInfo - SyncLevel set to 0 on reset
20:44:21.78   GameInfo::ResetInfo - SyncLevel set to 0 on reset
20:44:21.78   GameInfo::ResetInfo - SyncLevel set to 0 on reset
20:44:21.78   GameInfo::ResetInfo - SyncLevel set to 0 on reset
20:44:21.78   GameInfo::ResetInfo - SyncLevel set to 0 on reset
20:44:21.78   GameInfo::ResetInfo - SyncLevel set to 0 on reset
20:44:21.79   GameInfo::ResetInfo - SyncLevel set to 0 on reset
20:44:21.79   GameInfo::ResetInfo - SyncLevel set to 0 on reset
20:44:21.79   GameInfo::ResetInfo - SyncLevel set to 0 on reset
20:44:21.79   GameInfo::ResetInfo - SyncLevel set to 0 on reset
20:44:21.79   GameInfo::ResetInfo - SyncLevel set to 0 on reset
20:44:21.79   GameInfo::ResetInfo - SyncLevel set to 0 on reset
20:44:21.80   GameInfo::ResetInfo - SyncLevel set to 0 on reset
20:44:21.80   GameInfo::ResetInfo - SyncLevel set to 0 on reset
20:44:21.80   GameInfo::ResetInfo - SyncLevel set to 0 on reset
20:44:21.80   GameInfo::ResetInfo - SyncLevel set to 0 on reset
20:44:21.80   GameInfo::ResetInfo - SyncLevel set to 0 on reset
20:44:21.80   GameInfo::ResetInfo - SyncLevel set to 0 on reset
20:44:21.81   GameInfo::ResetInfo - SyncLevel set to 0 on reset
20:44:21.81   GameInfo::ResetInfo - SyncLevel set to 0 on reset
20:44:21.81   GameInfo::ResetInfo - SyncLevel set to 0 on reset
20:44:21.81   GameInfo::ResetInfo - SyncLevel set to 0 on reset
20:44:21.81   GameInfo::ResetInfo - SyncLevel set to 0 on reset
20:44:21.81   GameInfo::ResetInfo - SyncLevel set to 0 on reset
20:44:21.82   GameInfo::ResetInfo - SyncLevel set to 0 on reset
20:44:21.82   GameInfo::ResetInfo - SyncLevel set to 0 on reset
20:44:21.82   GameInfo::ResetInfo - SyncLevel set to 0 on reset
20:44:21.82   GameInfo::ResetInfo - SyncLevel set to 0 on reset
20:44:21.83   GameInfo::ResetInfo - SyncLevel set to 0 on reset
20:44:21.83   GameInfo::ResetInfo - SyncLevel set to 0 on reset
20:44:21.83   GameInfo::ResetInfo - SyncLevel set to 0 on reset
20:44:21.83   GameInfo::ResetInfo - SyncLevel set to 0 on reset
20:44:21.83   GameInfo::ResetInfo - SyncLevel set to 0 on reset
20:44:21.83   GameInfo::ResetInfo - SyncLevel set to 0 on reset
20:44:21.84   GameInfo::ResetInfo - SyncLevel set to 0 on reset
20:44:21.84   GameInfo::ResetInfo - SyncLevel set to 0 on reset
20:44:21.84   GameInfo::ResetInfo - SyncLevel set to 0 on reset
20:44:21.84   GameInfo::ResetInfo - SyncLevel set to 0 on reset
20:44:21.84   GameInfo::ResetInfo - SyncLevel set to 0 on reset
20:44:21.84   GameInfo::ResetInfo - SyncLevel set to 0 on reset
20:44:21.84   GameInfo::ResetInfo - SyncLevel set to 0 on reset
20:44:21.84   GameInfo::ResetInfo - SyncLevel set to 0 on reset
20:44:21.85   GameInfo::ResetInfo - SyncLevel set to 0 on reset
20:44:21.85   GameInfo::ResetInfo - SyncLevel set to 0 on reset
20:44:21.85   GameInfo::ResetInfo - SyncLevel set to 0 on reset
20:44:21.85   GameInfo::ResetInfo - SyncLevel set to 0 on reset
20:44:21.86   GameInfo::ResetInfo - SyncLevel set to 0 on reset
20:44:21.86   GameInfo::ResetInfo - SyncLevel set to 0 on reset
20:44:21.86   GameInfo::ResetInfo - SyncLevel set to 0 on reset
20:44:21.86   GameInfo::ResetInfo - SyncLevel set to 0 on reset
20:44:21.86   GameInfo::ResetInfo - SyncLevel set to 0 on reset
20:44:21.86   GameInfo::ResetInfo - SyncLevel set to 0 on reset
20:44:21.87   GameInfo::ResetInfo - SyncLevel set to 0 on reset
20:44:21.87   GameInfo::ResetInfo - SyncLevel set to 0 on reset
20:44:21.87   GAME -- Error reading header for recorded game PLAYBACK:6p_close_river_combat.2018-01-28.00-37-43.rec
20:44:21.87   GameInfo::ResetInfo - SyncLevel set to 0 on reset
20:44:21.87   GameInfo::ResetInfo - SyncLevel set to 0 on reset
20:44:21.87   GAME -- Error reading header for recorded game PLAYBACK:6p_close_river_combat.2018-01-31.23-35-59.rec
20:44:21.87   GameInfo::ResetInfo - SyncLevel set to 0 on reset
20:44:21.87   GameInfo::ResetInfo - SyncLevel set to 0 on reset
20:44:21.88   GameInfo::ResetInfo - SyncLevel set to 0 on reset
20:44:21.88   GameInfo::ResetInfo - SyncLevel set to 0 on reset
20:44:21.88   GameInfo::ResetInfo - SyncLevel set to 0 on reset
20:44:21.88   GameInfo::ResetInfo - SyncLevel set to 0 on reset
20:44:21.88   GameInfo::ResetInfo - SyncLevel set to 0 on reset
20:44:21.88   GameInfo::ResetInfo - SyncLevel set to 0 on reset
20:44:21.89   GameInfo::ResetInfo - SyncLevel set to 0 on reset
20:44:21.89   GameInfo::ResetInfo - SyncLevel set to 0 on reset
20:44:21.89   GameInfo::ResetInfo - SyncLevel set to 0 on reset
20:44:21.89   GameInfo::ResetInfo - SyncLevel set to 0 on reset
20:44:21.89   GameInfo::ResetInfo - SyncLevel set to 0 on reset
20:44:21.89   GameInfo::ResetInfo - SyncLevel set to 0 on reset
20:44:21.90   GameInfo::ResetInfo - SyncLevel set to 0 on reset
20:44:21.90   GameInfo::ResetInfo - SyncLevel set to 0 on reset
20:44:21.90   GameInfo::ResetInfo - SyncLevel set to 0 on reset
20:44:21.90   GameInfo::ResetInfo - SyncLevel set to 0 on reset
20:44:21.90   GameInfo::ResetInfo - SyncLevel set to 0 on reset
20:44:21.90   GameInfo::ResetInfo - SyncLevel set to 0 on reset
20:44:21.91   GameInfo::ResetInfo - SyncLevel set to 0 on reset
20:44:21.91   GameInfo::ResetInfo - SyncLevel set to 0 on reset
20:44:21.91   GameInfo::ResetInfo - SyncLevel set to 0 on reset
20:44:21.91   GameInfo::ResetInfo - SyncLevel set to 0 on reset
20:44:21.91   GameInfo::ResetInfo - SyncLevel set to 0 on reset
20:44:21.91   GameInfo::ResetInfo - SyncLevel set to 0 on reset
20:44:21.91   GameInfo::ResetInfo - SyncLevel set to 0 on reset
20:44:21.92   GameInfo::ResetInfo - SyncLevel set to 0 on reset
20:44:21.92   GameInfo::ResetInfo - SyncLevel set to 0 on reset
20:44:21.92   GameInfo::ResetInfo - SyncLevel set to 0 on reset
20:44:21.92   GameInfo::ResetInfo - SyncLevel set to 0 on reset
20:44:21.92   GameInfo::ResetInfo - SyncLevel set to 0 on reset
20:44:21.92   GameInfo::ResetInfo - SyncLevel set to 0 on reset
20:44:21.92   GameInfo::ResetInfo - SyncLevel set to 0 on reset
20:44:21.93   GameInfo::ResetInfo - SyncLevel set to 0 on reset
20:44:21.93   GameInfo::ResetInfo - SyncLevel set to 0 on reset
20:44:21.93   GameInfo::ResetInfo - SyncLevel set to 0 on reset
20:44:21.93   GameInfo::ResetInfo - SyncLevel set to 0 on reset
20:44:21.93   GameInfo::ResetInfo - SyncLevel set to 0 on reset
20:44:21.93   GameInfo::ResetInfo - SyncLevel set to 0 on reset
20:44:21.93   GameInfo::ResetInfo - SyncLevel set to 0 on reset
20:44:21.94   GameInfo::ResetInfo - SyncLevel set to 0 on reset
20:44:21.94   GameInfo::ResetInfo - SyncLevel set to 0 on reset
20:44:21.94   GameInfo::ResetInfo - SyncLevel set to 0 on reset
20:44:21.94   GameInfo::ResetInfo - SyncLevel set to 0 on reset
20:44:21.94   GameInfo::ResetInfo - SyncLevel set to 0 on reset
20:44:21.94   GameInfo::ResetInfo - SyncLevel set to 0 on reset
20:44:21.95   GameInfo::ResetInfo - SyncLevel set to 0 on reset
20:44:21.95   GameInfo::ResetInfo - SyncLevel set to 0 on reset
20:44:21.95   GameInfo::ResetInfo - SyncLevel set to 0 on reset
20:44:21.95   GameInfo::ResetInfo - SyncLevel set to 0 on reset
20:44:21.95   GameInfo::ResetInfo - SyncLevel set to 0 on reset
20:44:21.95   GameInfo::ResetInfo - SyncLevel set to 0 on reset
20:44:21.96   GameInfo::ResetInfo - SyncLevel set to 0 on reset
20:44:21.96   GameInfo::ResetInfo - SyncLevel set to 0 on reset
20:44:21.96   GameInfo::ResetInfo - SyncLevel set to 0 on reset
20:44:21.96   GameInfo::ResetInfo - SyncLevel set to 0 on reset
20:44:21.96   GameInfo::ResetInfo - SyncLevel set to 0 on reset
20:44:21.96   GameInfo::ResetInfo - SyncLevel set to 0 on reset
20:44:21.97   GameInfo::ResetInfo - SyncLevel set to 0 on reset
20:44:21.97   GameInfo::ResetInfo - SyncLevel set to 0 on reset
20:44:21.97   GameInfo::ResetInfo - SyncLevel set to 0 on reset
20:44:21.97   GameInfo::ResetInfo - SyncLevel set to 0 on reset
20:44:21.97   GameInfo::ResetInfo - SyncLevel set to 0 on reset
20:44:21.97   GameInfo::ResetInfo - SyncLevel set to 0 on reset
20:44:21.98   GameInfo::ResetInfo - SyncLevel set to 0 on reset
20:44:21.98   GameInfo::ResetInfo - SyncLevel set to 0 on reset
20:44:21.98   GameInfo::ResetInfo - SyncLevel set to 0 on reset
20:44:21.98   GameInfo::ResetInfo - SyncLevel set to 0 on reset
20:44:21.98   GameInfo::ResetInfo - SyncLevel set to 0 on reset
20:44:21.98   GameInfo::ResetInfo - SyncLevel set to 0 on reset
20:44:21.99   GameInfo::ResetInfo - SyncLevel set to 0 on reset
20:44:21.99   GameInfo::ResetInfo - SyncLevel set to 0 on reset
20:44:21.99   GameInfo::ResetInfo - SyncLevel set to 0 on reset
20:44:21.99   GameInfo::ResetInfo - SyncLevel set to 0 on reset
20:44:21.99   GameInfo::ResetInfo - SyncLevel set to 0 on reset
20:44:21.99   GameInfo::ResetInfo - SyncLevel set to 0 on reset
20:44:22.00   GameInfo::ResetInfo - SyncLevel set to 0 on reset
20:44:22.00   GameInfo::ResetInfo - SyncLevel set to 0 on reset
20:44:22.00   GameInfo::ResetInfo - SyncLevel set to 0 on reset
20:44:22.00   GameInfo::ResetInfo - SyncLevel set to 0 on reset
20:44:22.00   GameInfo::ResetInfo - SyncLevel set to 0 on reset
20:44:22.00   GameInfo::ResetInfo - SyncLevel set to 0 on reset
20:44:22.00   GameInfo::ResetInfo - SyncLevel set to 0 on reset
20:44:22.01   GameInfo::ResetInfo - SyncLevel set to 0 on reset
20:44:22.01   GameInfo::ResetInfo - SyncLevel set to 0 on reset
20:44:22.01   GameInfo::ResetInfo - SyncLevel set to 0 on reset
20:44:22.01   GameInfo::ResetInfo - SyncLevel set to 0 on reset
20:44:22.01   GameInfo::ResetInfo - SyncLevel set to 0 on reset
20:44:22.02   GameInfo::ResetInfo - SyncLevel set to 0 on reset
20:44:22.02   GameInfo::ResetInfo - SyncLevel set to 0 on reset
20:44:22.02   GameInfo::ResetInfo - SyncLevel set to 0 on reset
20:44:22.02   GameInfo::ResetInfo - SyncLevel set to 0 on reset
20:44:22.02   GameInfo::ResetInfo - SyncLevel set to 0 on reset
20:44:22.02   GameInfo::ResetInfo - SyncLevel set to 0 on reset
20:44:22.03   GameInfo::ResetInfo - SyncLevel set to 0 on reset
20:44:22.03   GameInfo::ResetInfo - SyncLevel set to 0 on reset
20:44:22.03   GameInfo::ResetInfo - SyncLevel set to 0 on reset
20:44:22.03   GameInfo::ResetInfo - SyncLevel set to 0 on reset
20:44:22.03   GameInfo::ResetInfo - SyncLevel set to 0 on reset
20:44:22.03   GameInfo::ResetInfo - SyncLevel set to 0 on reset
20:44:22.03   GameInfo::ResetInfo - SyncLevel set to 0 on reset
20:44:22.04   GameInfo::ResetInfo - SyncLevel set to 0 on reset
20:44:22.04   GameInfo::ResetInfo - SyncLevel set to 0 on reset
20:44:22.04   GameInfo::ResetInfo - SyncLevel set to 0 on reset
20:44:22.04   GameInfo::ResetInfo - SyncLevel set to 0 on reset
20:44:22.04   GameInfo::ResetInfo - SyncLevel set to 0 on reset
20:44:22.04   GameInfo::ResetInfo - SyncLevel set to 0 on reset
20:44:22.05   GameInfo::ResetInfo - SyncLevel set to 0 on reset
20:44:22.05   GameInfo::ResetInfo - SyncLevel set to 0 on reset
20:44:22.05   GameInfo::ResetInfo - SyncLevel set to 0 on reset
20:44:22.05   GameInfo::ResetInfo - SyncLevel set to 0 on reset
20:44:22.05   GameInfo::ResetInfo - SyncLevel set to 0 on reset
20:44:22.05   GameInfo::ResetInfo - SyncLevel set to 0 on reset
20:44:22.06   GameInfo::ResetInfo - SyncLevel set to 0 on reset
20:44:22.06   GameInfo::ResetInfo - SyncLevel set to 0 on reset
20:44:22.06   GameInfo::ResetInfo - SyncLevel set to 0 on reset
20:44:22.06   GameInfo::ResetInfo - SyncLevel set to 0 on reset
20:44:22.06   GameInfo::ResetInfo - SyncLevel set to 0 on reset
20:44:22.06   GameInfo::ResetInfo - SyncLevel set to 0 on reset
20:44:22.06   GameInfo::ResetInfo - SyncLevel set to 0 on reset
20:44:22.06   GameInfo::ResetInfo - SyncLevel set to 0 on reset
20:44:22.07   GameInfo::ResetInfo - SyncLevel set to 0 on reset
20:44:22.07   GameInfo::ResetInfo - SyncLevel set to 0 on reset
20:44:22.07   GameInfo::ResetInfo - SyncLevel set to 0 on reset
20:44:22.07   GameInfo::ResetInfo - SyncLevel set to 0 on reset
20:44:22.07   GameInfo::ResetInfo - SyncLevel set to 0 on reset
20:44:22.07   GameInfo::ResetInfo - SyncLevel set to 0 on reset
20:44:22.08   GameInfo::ResetInfo - SyncLevel set to 0 on reset
20:44:22.08   GameInfo::ResetInfo - SyncLevel set to 0 on reset
20:44:22.08   GameInfo::ResetInfo - SyncLevel set to 0 on reset
20:44:22.08   GameInfo::ResetInfo - SyncLevel set to 0 on reset
20:44:22.08   GameInfo::ResetInfo - SyncLevel set to 0 on reset
20:44:22.08   GameInfo::ResetInfo - SyncLevel set to 0 on reset
20:44:22.09   GameInfo::ResetInfo - SyncLevel set to 0 on reset
20:44:22.09   GameInfo::ResetInfo - SyncLevel set to 0 on reset
20:44:22.09   GameInfo::ResetInfo - SyncLevel set to 0 on reset
20:44:22.09   GameInfo::ResetInfo - SyncLevel set to 0 on reset
20:44:22.09   GameInfo::ResetInfo - SyncLevel set to 0 on reset
20:44:22.09   GameInfo::ResetInfo - SyncLevel set to 0 on reset
20:44:22.10   GameInfo::ResetInfo - SyncLevel set to 0 on reset
20:44:22.10   GameInfo::ResetInfo - SyncLevel set to 0 on reset
20:44:22.10   GameInfo::ResetInfo - SyncLevel set to 0 on reset
20:44:22.10   GameInfo::ResetInfo - SyncLevel set to 0 on reset
20:44:22.10   GameInfo::ResetInfo - SyncLevel set to 0 on reset
20:44:22.10   GameInfo::ResetInfo - SyncLevel set to 0 on reset
20:44:22.11   GameInfo::ResetInfo - SyncLevel set to 0 on reset
20:44:22.11   GameInfo::ResetInfo - SyncLevel set to 0 on reset
20:44:22.11   GameInfo::ResetInfo - SyncLevel set to 0 on reset
20:44:22.11   GameInfo::ResetInfo - SyncLevel set to 0 on reset
20:44:22.11   GameInfo::ResetInfo - SyncLevel set to 0 on reset
20:44:22.11   GameInfo::ResetInfo - SyncLevel set to 0 on reset
20:44:22.11   GameInfo::ResetInfo - SyncLevel set to 0 on reset
20:44:22.12   GameInfo::ResetInfo - SyncLevel set to 0 on reset
20:44:22.12   GameInfo::ResetInfo - SyncLevel set to 0 on reset
20:44:22.12   GameInfo::ResetInfo - SyncLevel set to 0 on reset
20:44:22.12   GameInfo::ResetInfo - SyncLevel set to 0 on reset
20:44:22.12   GameInfo::ResetInfo - SyncLevel set to 0 on reset
20:44:22.12   GameInfo::ResetInfo - SyncLevel set to 0 on reset
20:44:22.12   GameInfo::ResetInfo - SyncLevel set to 0 on reset
20:44:22.12   GameInfo::ResetInfo - SyncLevel set to 0 on reset
20:44:22.13   GameInfo::ResetInfo - SyncLevel set to 0 on reset
20:44:22.13   GameInfo::ResetInfo - SyncLevel set to 0 on reset
20:44:22.13   GameInfo::ResetInfo - SyncLevel set to 0 on reset
20:44:22.13   GameInfo::ResetInfo - SyncLevel set to 0 on reset
20:44:22.13   GameInfo::ResetInfo - SyncLevel set to 0 on reset
20:44:22.13   GameInfo::ResetInfo - SyncLevel set to 0 on reset
20:44:22.14   GameInfo::ResetInfo - SyncLevel set to 0 on reset
20:44:22.14   GameInfo::ResetInfo - SyncLevel set to 0 on reset
20:44:22.14   GameInfo::ResetInfo - SyncLevel set to 0 on reset
20:44:22.14   GameInfo::ResetInfo - SyncLevel set to 0 on reset
20:44:22.14   GameInfo::ResetInfo - SyncLevel set to 0 on reset
20:44:22.14   GameInfo::ResetInfo - SyncLevel set to 0 on reset
20:44:22.15   GameInfo::ResetInfo - SyncLevel set to 0 on reset
20:44:22.15   GameInfo::ResetInfo - SyncLevel set to 0 on reset
20:44:22.15   GameInfo::ResetInfo - SyncLevel set to 0 on reset
20:44:22.15   GameInfo::ResetInfo - SyncLevel set to 0 on reset
20:44:22.15   GameInfo::ResetInfo - SyncLevel set to 0 on reset
20:44:22.15   GameInfo::ResetInfo - SyncLevel set to 0 on reset
20:44:22.16   GameInfo::ResetInfo - SyncLevel set to 0 on reset
20:44:22.16   GameInfo::ResetInfo - SyncLevel set to 0 on reset
20:44:22.16   GameInfo::ResetInfo - SyncLevel set to 0 on reset
20:44:22.16   GameInfo::ResetInfo - SyncLevel set to 0 on reset
20:44:22.16   GameInfo::ResetInfo - SyncLevel set to 0 on reset
20:44:22.16   GameInfo::ResetInfo - SyncLevel set to 0 on reset
20:44:22.17   GameInfo::ResetInfo - SyncLevel set to 0 on reset
20:44:22.17   GameInfo::ResetInfo - SyncLevel set to 0 on reset
20:44:22.17   GameInfo::ResetInfo - SyncLevel set to 0 on reset
20:44:22.17   GameInfo::ResetInfo - SyncLevel set to 0 on reset
20:44:22.17   GameInfo::ResetInfo - SyncLevel set to 0 on reset
20:44:22.17   GameInfo::ResetInfo - SyncLevel set to 0 on reset
20:44:22.18   GameInfo::ResetInfo - SyncLevel set to 0 on reset
20:44:22.18   GameInfo::ResetInfo - SyncLevel set to 0 on reset
20:44:22.18   GameInfo::ResetInfo - SyncLevel set to 0 on reset
20:44:22.18   GameInfo::ResetInfo - SyncLevel set to 0 on reset
20:44:22.18   GameInfo::ResetInfo - SyncLevel set to 0 on reset
20:44:22.18   GameInfo::ResetInfo - SyncLevel set to 0 on reset
20:44:22.19   GameInfo::ResetInfo - SyncLevel set to 0 on reset
20:44:22.19   GameInfo::ResetInfo - SyncLevel set to 0 on reset
20:44:22.19   GameInfo::ResetInfo - SyncLevel set to 0 on reset
20:44:22.19   GameInfo::ResetInfo - SyncLevel set to 0 on reset
20:44:22.19   GameInfo::ResetInfo - SyncLevel set to 0 on reset
20:44:22.19   GameInfo::ResetInfo - SyncLevel set to 0 on reset
20:44:22.20   GameInfo::ResetInfo - SyncLevel set to 0 on reset
20:44:22.20   GameInfo::ResetInfo - SyncLevel set to 0 on reset
20:44:22.20   GameInfo::ResetInfo - SyncLevel set to 0 on reset
20:44:22.20   GameInfo::ResetInfo - SyncLevel set to 0 on reset
20:44:22.20   GameInfo::ResetInfo - SyncLevel set to 0 on reset
20:44:22.20   GameInfo::ResetInfo - SyncLevel set to 0 on reset
20:44:22.21   GameInfo::ResetInfo - SyncLevel set to 0 on reset
20:44:22.21   GameInfo::ResetInfo - SyncLevel set to 0 on reset
20:44:22.21   GameInfo::ResetInfo - SyncLevel set to 0 on reset
20:44:22.21   GameInfo::ResetInfo - SyncLevel set to 0 on reset
20:44:22.21   GameInfo::ResetInfo - SyncLevel set to 0 on reset
20:44:22.21   GameInfo::ResetInfo - SyncLevel set to 0 on reset
20:44:22.21   GameInfo::ResetInfo - SyncLevel set to 0 on reset
20:44:22.21   GameInfo::ResetInfo - SyncLevel set to 0 on reset
20:44:22.21   GameInfo::ResetInfo - SyncLevel set to 0 on reset
20:44:22.22   GameInfo::ResetInfo - SyncLevel set to 0 on reset
20:44:22.22   GameInfo::ResetInfo - SyncLevel set to 0 on reset
20:44:22.22   GameInfo::ResetInfo - SyncLevel set to 0 on reset
20:44:22.22   GameInfo::ResetInfo - SyncLevel set to 0 on reset
20:44:22.22   GameInfo::ResetInfo - SyncLevel set to 0 on reset
20:44:22.22   GameInfo::ResetInfo - SyncLevel set to 0 on reset
20:44:22.23   GameInfo::ResetInfo - SyncLevel set to 0 on reset
20:44:22.23   GameInfo::ResetInfo - SyncLevel set to 0 on reset
20:44:22.23   GameInfo::ResetInfo - SyncLevel set to 0 on reset
20:44:22.23   GameInfo::ResetInfo - SyncLevel set to 0 on reset
20:44:22.23   GameInfo::ResetInfo - SyncLevel set to 0 on reset
20:44:22.23   GameInfo::ResetInfo - SyncLevel set to 0 on reset
20:44:22.24   GameInfo::ResetInfo - SyncLevel set to 0 on reset
20:44:22.24   GameInfo::ResetInfo - SyncLevel set to 0 on reset
20:44:22.24   GameInfo::ResetInfo - SyncLevel set to 0 on reset
20:44:22.24   GameInfo::ResetInfo - SyncLevel set to 0 on reset
20:44:22.24   GameInfo::ResetInfo - SyncLevel set to 0 on reset
20:44:22.24   GameInfo::ResetInfo - SyncLevel set to 0 on reset
20:44:22.25   GameInfo::ResetInfo - SyncLevel set to 0 on reset
20:44:22.25   GameInfo::ResetInfo - SyncLevel set to 0 on reset
20:44:22.25   GameInfo::ResetInfo - SyncLevel set to 0 on reset
20:44:22.25   GameInfo::ResetInfo - SyncLevel set to 0 on reset
20:44:22.25   GameInfo::ResetInfo - SyncLevel set to 0 on reset
20:44:22.25   GameInfo::ResetInfo - SyncLevel set to 0 on reset
20:44:22.26   GameInfo::ResetInfo - SyncLevel set to 0 on reset
20:44:22.26   GameInfo::ResetInfo - SyncLevel set to 0 on reset
20:44:22.26   GameInfo::ResetInfo - SyncLevel set to 0 on reset
20:44:22.26   GameInfo::ResetInfo - SyncLevel set to 0 on reset
20:44:22.26   GameInfo::ResetInfo - SyncLevel set to 0 on reset
20:44:22.26   GameInfo::ResetInfo - SyncLevel set to 0 on reset
20:44:22.27   GameInfo::ResetInfo - SyncLevel set to 0 on reset
20:44:22.27   GameInfo::ResetInfo - SyncLevel set to 0 on reset
20:44:22.27   GameInfo::ResetInfo - SyncLevel set to 0 on reset
20:44:22.27   GameInfo::ResetInfo - SyncLevel set to 0 on reset
20:44:22.27   GameInfo::ResetInfo - SyncLevel set to 0 on reset
20:44:22.27   GameInfo::ResetInfo - SyncLevel set to 0 on reset
20:44:22.28   GameInfo::ResetInfo - SyncLevel set to 0 on reset
20:44:22.28   GameInfo::ResetInfo - SyncLevel set to 0 on reset
20:44:22.28   GameInfo::ResetInfo - SyncLevel set to 0 on reset
20:44:22.28   GameInfo::ResetInfo - SyncLevel set to 0 on reset
20:44:22.28   GameInfo::ResetInfo - SyncLevel set to 0 on reset
20:44:22.28   GameInfo::ResetInfo - SyncLevel set to 0 on reset
20:44:22.28   GameInfo::ResetInfo - SyncLevel set to 0 on reset
20:44:22.28   GameInfo::ResetInfo - SyncLevel set to 0 on reset
20:44:22.28   GameInfo::ResetInfo - SyncLevel set to 0 on reset
20:44:22.29   GameInfo::ResetInfo - SyncLevel set to 0 on reset
20:44:22.29   GameInfo::ResetInfo - SyncLevel set to 0 on reset
20:44:22.29   GameInfo::ResetInfo - SyncLevel set to 0 on reset
20:44:22.29   GameInfo::ResetInfo - SyncLevel set to 0 on reset
20:44:22.29   GameInfo::ResetInfo - SyncLevel set to 0 on reset
20:44:22.29   GameInfo::ResetInfo - SyncLevel set to 0 on reset
20:44:22.30   GameInfo::ResetInfo - SyncLevel set to 0 on reset
20:44:22.30   GAME -- Error reading header for recorded game PLAYBACK:8P SEMOIS REMASTERED 07.2021-03-27.02-50-45.rec
20:44:22.30   GameInfo::ResetInfo - SyncLevel set to 0 on reset
20:44:22.30   GameInfo::ResetInfo - SyncLevel set to 0 on reset
20:44:22.30   GameInfo::ResetInfo - SyncLevel set to 0 on reset
20:44:22.30   GAME -- Error reading header for recorded game PLAYBACK:8P SEMOIS REMASTERED 07.2021-03-27.03-39-59.rec
20:44:22.30   GameInfo::ResetInfo - SyncLevel set to 0 on reset
20:44:22.30   GameInfo::ResetInfo - SyncLevel set to 0 on reset
20:44:22.31   GameInfo::ResetInfo - SyncLevel set to 0 on reset
20:44:22.31   GAME -- Error reading header for recorded game PLAYBACK:8P SEMOIS REMASTERED 07.2021-03-31.03-23-44.rec
20:44:22.31   GameInfo::ResetInfo - SyncLevel set to 0 on reset
20:44:22.31   GameInfo::ResetInfo - SyncLevel set to 0 on reset
20:44:22.31   GameInfo::ResetInfo - SyncLevel set to 0 on reset
20:44:22.31   GAME -- Error reading header for recorded game PLAYBACK:8P SEMOIS REMASTERED 07.2021-04-28.02-52-08.rec
20:44:22.31   GameInfo::ResetInfo - SyncLevel set to 0 on reset
20:44:22.31   GameInfo::ResetInfo - SyncLevel set to 0 on reset
20:44:22.31   GameInfo::ResetInfo - SyncLevel set to 0 on reset
20:44:22.31   GAME -- Error reading header for recorded game PLAYBACK:8P_CLOSE_RIVER_COMBAT.2018-01-08.20-06-29.rec
20:44:22.31   GameInfo::ResetInfo - SyncLevel set to 0 on reset
20:44:22.31   GameInfo::ResetInfo - SyncLevel set to 0 on reset
20:44:22.32   GameInfo::ResetInfo - SyncLevel set to 0 on reset
20:44:22.32   GameInfo::ResetInfo - SyncLevel set to 0 on reset
20:44:22.32   GameInfo::ResetInfo - SyncLevel set to 0 on reset
20:44:22.32   GameInfo::ResetInfo - SyncLevel set to 0 on reset
20:44:22.33   GameInfo::ResetInfo - SyncLevel set to 0 on reset
20:44:22.33   GameInfo::ResetInfo - SyncLevel set to 0 on reset
20:44:22.33   GameInfo::ResetInfo - SyncLevel set to 0 on reset
20:44:22.33   GameInfo::ResetInfo - SyncLevel set to 0 on reset
20:44:22.33   GameInfo::ResetInfo - SyncLevel set to 0 on reset
20:44:22.33   GameInfo::ResetInfo - SyncLevel set to 0 on reset
20:44:22.33   GameInfo::ResetInfo - SyncLevel set to 0 on reset
20:44:22.33   GameInfo::ResetInfo - SyncLevel set to 0 on reset
20:44:22.34   GameInfo::ResetInfo - SyncLevel set to 0 on reset
20:44:22.34   GameInfo::ResetInfo - SyncLevel set to 0 on reset
20:44:22.34   GameInfo::ResetInfo - SyncLevel set to 0 on reset
20:44:22.34   GameInfo::ResetInfo - SyncLevel set to 0 on reset
20:44:22.34   GameInfo::ResetInfo - SyncLevel set to 0 on reset
20:44:22.34   GameInfo::ResetInfo - SyncLevel set to 0 on reset
20:44:22.35   GameInfo::ResetInfo - SyncLevel set to 0 on reset
20:44:22.35   GameInfo::ResetInfo - SyncLevel set to 0 on reset
20:44:22.35   GameInfo::ResetInfo - SyncLevel set to 0 on reset
20:44:22.35   GameInfo::ResetInfo - SyncLevel set to 0 on reset
20:44:22.35   GameInfo::ResetInfo - SyncLevel set to 0 on reset
20:44:22.35   GameInfo::ResetInfo - SyncLevel set to 0 on reset
20:44:22.36   GameInfo::ResetInfo - SyncLevel set to 0 on reset
20:44:22.36   GameInfo::ResetInfo - SyncLevel set to 0 on reset
20:44:22.36   GameInfo::ResetInfo - SyncLevel set to 0 on reset
20:44:22.36   GameInfo::ResetInfo - SyncLevel set to 0 on reset
20:44:22.36   GameInfo::ResetInfo - SyncLevel set to 0 on reset
20:44:22.36   GameInfo::ResetInfo - SyncLevel set to 0 on reset
20:44:22.37   GameInfo::ResetInfo - SyncLevel set to 0 on reset
20:44:22.37   GameInfo::ResetInfo - SyncLevel set to 0 on reset
20:44:22.37   GameInfo::ResetInfo - SyncLevel set to 0 on reset
20:44:22.37   GameInfo::ResetInfo - SyncLevel set to 0 on reset
20:44:22.37   GameInfo::ResetInfo - SyncLevel set to 0 on reset
20:44:22.37   GameInfo::ResetInfo - SyncLevel set to 0 on reset
20:44:22.38   GameInfo::ResetInfo - SyncLevel set to 0 on reset
20:44:22.38   GameInfo::ResetInfo - SyncLevel set to 0 on reset
20:44:22.38   GameInfo::ResetInfo - SyncLevel set to 0 on reset
20:44:22.38   GameInfo::ResetInfo - SyncLevel set to 0 on reset
20:44:22.38   GameInfo::ResetInfo - SyncLevel set to 0 on reset
20:44:22.38   GameInfo::ResetInfo - SyncLevel set to 0 on reset
20:44:22.39   GameInfo::ResetInfo - SyncLevel set to 0 on reset
20:44:22.39   GameInfo::ResetInfo - SyncLevel set to 0 on reset
20:44:22.39   GameInfo::ResetInfo - SyncLevel set to 0 on reset
20:44:22.39   GameInfo::ResetInfo - SyncLevel set to 0 on reset
20:44:22.39   GameInfo::ResetInfo - SyncLevel set to 0 on reset
20:44:22.39   GameInfo::ResetInfo - SyncLevel set to 0 on reset
20:44:22.39   GameInfo::ResetInfo - SyncLevel set to 0 on reset
20:44:22.40   GameInfo::ResetInfo - SyncLevel set to 0 on reset
20:44:22.40   GameInfo::ResetInfo - SyncLevel set to 0 on reset
20:44:22.40   GameInfo::ResetInfo - SyncLevel set to 0 on reset
20:44:22.40   GameInfo::ResetInfo - SyncLevel set to 0 on reset
20:44:22.40   GameInfo::ResetInfo - SyncLevel set to 0 on reset
20:44:22.40   GameInfo::ResetInfo - SyncLevel set to 0 on reset
20:44:22.41   GameInfo::ResetInfo - SyncLevel set to 0 on reset
20:44:22.41   GameInfo::ResetInfo - SyncLevel set to 0 on reset
20:44:22.41   GameInfo::ResetInfo - SyncLevel set to 0 on reset
20:44:22.41   GameInfo::ResetInfo - SyncLevel set to 0 on reset
20:44:22.41   GameInfo::ResetInfo - SyncLevel set to 0 on reset
20:44:22.41   GameInfo::ResetInfo - SyncLevel set to 0 on reset
20:44:22.41   GameInfo::ResetInfo - SyncLevel set to 0 on reset
20:44:22.41   GameInfo::ResetInfo - SyncLevel set to 0 on reset
20:44:22.42   GameInfo::ResetInfo - SyncLevel set to 0 on reset
20:44:22.42   GameInfo::ResetInfo - SyncLevel set to 0 on reset
20:44:22.42   GameInfo::ResetInfo - SyncLevel set to 0 on reset
20:44:22.42   GameInfo::ResetInfo - SyncLevel set to 0 on reset
20:44:22.42   GameInfo::ResetInfo - SyncLevel set to 0 on reset
20:44:22.42   GameInfo::ResetInfo - SyncLevel set to 0 on reset
20:44:22.43   GameInfo::ResetInfo - SyncLevel set to 0 on reset
20:44:22.43   GameInfo::ResetInfo - SyncLevel set to 0 on reset
20:44:22.43   GameInfo::ResetInfo - SyncLevel set to 0 on reset
20:44:22.43   GameInfo::ResetInfo - SyncLevel set to 0 on reset
20:44:22.43   GameInfo::ResetInfo - SyncLevel set to 0 on reset
20:44:22.43   GameInfo::ResetInfo - SyncLevel set to 0 on reset
20:44:22.44   GameInfo::ResetInfo - SyncLevel set to 0 on reset
20:44:22.44   GameInfo::ResetInfo - SyncLevel set to 0 on reset
20:44:22.44   GameInfo::ResetInfo - SyncLevel set to 0 on reset
20:44:22.44   GameInfo::ResetInfo - SyncLevel set to 0 on reset
20:44:22.44   GameInfo::ResetInfo - SyncLevel set to 0 on reset
20:44:22.44   GameInfo::ResetInfo - SyncLevel set to 0 on reset
20:44:22.44   GameInfo::ResetInfo - SyncLevel set to 0 on reset
20:44:22.45   GameInfo::ResetInfo - SyncLevel set to 0 on reset
20:44:22.45   GameInfo::ResetInfo - SyncLevel set to 0 on reset
20:44:22.45   GameInfo::ResetInfo - SyncLevel set to 0 on reset
20:44:22.45   GameInfo::ResetInfo - SyncLevel set to 0 on reset
20:44:22.45   GameInfo::ResetInfo - SyncLevel set to 0 on reset
20:44:22.45   GameInfo::ResetInfo - SyncLevel set to 0 on reset
20:44:22.45   GameInfo::ResetInfo - SyncLevel set to 0 on reset
20:44:22.45   GameInfo::ResetInfo - SyncLevel set to 0 on reset
20:44:22.46   GameInfo::ResetInfo - SyncLevel set to 0 on reset
20:44:22.46   GameInfo::ResetInfo - SyncLevel set to 0 on reset
20:44:22.46   GameInfo::ResetInfo - SyncLevel set to 0 on reset
20:44:22.46   GameInfo::ResetInfo - SyncLevel set to 0 on reset
20:44:22.46   GameInfo::ResetInfo - SyncLevel set to 0 on reset
20:44:22.46   GameInfo::ResetInfo - SyncLevel set to 0 on reset
20:44:22.47   GameInfo::ResetInfo - SyncLevel set to 0 on reset
20:44:22.47   GameInfo::ResetInfo - SyncLevel set to 0 on reset
20:44:22.47   GameInfo::ResetInfo - SyncLevel set to 0 on reset
20:44:22.47   GameInfo::ResetInfo - SyncLevel set to 0 on reset
20:44:22.47   GameInfo::ResetInfo - SyncLevel set to 0 on reset
20:44:22.47   GameInfo::ResetInfo - SyncLevel set to 0 on reset
20:44:22.48   GameInfo::ResetInfo - SyncLevel set to 0 on reset
20:44:22.48   GameInfo::ResetInfo - SyncLevel set to 0 on reset
20:44:22.48   GameInfo::ResetInfo - SyncLevel set to 0 on reset
20:44:22.48   GameInfo::ResetInfo - SyncLevel set to 0 on reset
20:44:22.48   GameInfo::ResetInfo - SyncLevel set to 0 on reset
20:44:22.48   GameInfo::ResetInfo - SyncLevel set to 0 on reset
20:44:22.49   GameInfo::ResetInfo - SyncLevel set to 0 on reset
20:44:22.49   GameInfo::ResetInfo - SyncLevel set to 0 on reset
20:44:22.49   GameInfo::ResetInfo - SyncLevel set to 0 on reset
20:44:22.49   GameInfo::ResetInfo - SyncLevel set to 0 on reset
20:44:22.49   GameInfo::ResetInfo - SyncLevel set to 0 on reset
20:44:22.49   GameInfo::ResetInfo - SyncLevel set to 0 on reset
20:44:22.49   GameInfo::ResetInfo - SyncLevel set to 0 on reset
20:44:22.50   GameInfo::ResetInfo - SyncLevel set to 0 on reset
20:44:22.50   GameInfo::ResetInfo - SyncLevel set to 0 on reset
20:44:22.50   GameInfo::ResetInfo - SyncLevel set to 0 on reset
20:44:22.50   GameInfo::ResetInfo - SyncLevel set to 0 on reset
20:44:22.50   GameInfo::ResetInfo - SyncLevel set to 0 on reset
20:44:22.50   GameInfo::ResetInfo - SyncLevel set to 0 on reset
20:44:22.50   GameInfo::ResetInfo - SyncLevel set to 0 on reset
20:44:22.50   GameInfo::ResetInfo - SyncLevel set to 0 on reset
20:44:22.51   GameInfo::ResetInfo - SyncLevel set to 0 on reset
20:44:22.51   GameInfo::ResetInfo - SyncLevel set to 0 on reset
20:44:22.51   GameInfo::ResetInfo - SyncLevel set to 0 on reset
20:44:22.51   GameInfo::ResetInfo - SyncLevel set to 0 on reset
20:44:22.51   GameInfo::ResetInfo - SyncLevel set to 0 on reset
20:44:22.51   GameInfo::ResetInfo - SyncLevel set to 0 on reset
20:44:22.52   GameInfo::ResetInfo - SyncLevel set to 0 on reset
20:44:22.52   GameInfo::ResetInfo - SyncLevel set to 0 on reset
20:44:22.52   GameInfo::ResetInfo - SyncLevel set to 0 on reset
20:44:22.52   GameInfo::ResetInfo - SyncLevel set to 0 on reset
20:44:22.52   GameInfo::ResetInfo - SyncLevel set to 0 on reset
20:44:22.52   GameInfo::ResetInfo - SyncLevel set to 0 on reset
20:44:22.53   GameInfo::ResetInfo - SyncLevel set to 0 on reset
20:44:22.53   GameInfo::ResetInfo - SyncLevel set to 0 on reset
20:44:22.53   GameInfo::ResetInfo - SyncLevel set to 0 on reset
20:44:22.53   GameInfo::ResetInfo - SyncLevel set to 0 on reset
20:44:22.53   GameInfo::ResetInfo - SyncLevel set to 0 on reset
20:44:22.53   GameInfo::ResetInfo - SyncLevel set to 0 on reset
20:44:22.53   GameInfo::ResetInfo - SyncLevel set to 0 on reset
20:44:22.53   GameInfo::ResetInfo - SyncLevel set to 0 on reset
20:44:22.53   GameInfo::ResetInfo - SyncLevel set to 0 on reset
20:44:22.54   GameInfo::ResetInfo - SyncLevel set to 0 on reset
20:44:22.54   GameInfo::ResetInfo - SyncLevel set to 0 on reset
20:44:22.54   GameInfo::ResetInfo - SyncLevel set to 0 on reset
20:44:22.54   GameInfo::ResetInfo - SyncLevel set to 0 on reset
20:44:22.54   GameInfo::ResetInfo - SyncLevel set to 0 on reset
20:44:22.54   GameInfo::ResetInfo - SyncLevel set to 0 on reset
20:44:22.55   GameInfo::ResetInfo - SyncLevel set to 0 on reset
20:44:22.55   GameInfo::ResetInfo - SyncLevel set to 0 on reset
20:44:22.55   GameInfo::ResetInfo - SyncLevel set to 0 on reset
20:44:22.55   GameInfo::ResetInfo - SyncLevel set to 0 on reset
20:44:22.55   GameInfo::ResetInfo - SyncLevel set to 0 on reset
20:44:22.55   GameInfo::ResetInfo - SyncLevel set to 0 on reset
20:44:22.56   GameInfo::ResetInfo - SyncLevel set to 0 on reset
20:44:22.56   GameInfo::ResetInfo - SyncLevel set to 0 on reset
20:44:22.56   GameInfo::ResetInfo - SyncLevel set to 0 on reset
20:44:22.56   GameInfo::ResetInfo - SyncLevel set to 0 on reset
20:44:22.56   GameInfo::ResetInfo - SyncLevel set to 0 on reset
20:44:22.56   GameInfo::ResetInfo - SyncLevel set to 0 on reset
20:44:22.57   GameInfo::ResetInfo - SyncLevel set to 0 on reset
20:44:22.57   GameInfo::ResetInfo - SyncLevel set to 0 on reset
20:44:22.57   GameInfo::ResetInfo - SyncLevel set to 0 on reset
20:44:22.57   GameInfo::ResetInfo - SyncLevel set to 0 on reset
20:44:22.57   GameInfo::ResetInfo - SyncLevel set to 0 on reset
20:44:22.57   GameInfo::ResetInfo - SyncLevel set to 0 on reset
20:44:22.58   GameInfo::ResetInfo - SyncLevel set to 0 on reset
20:44:22.58   GameInfo::ResetInfo - SyncLevel set to 0 on reset
20:44:22.58   GameInfo::ResetInfo - SyncLevel set to 0 on reset
20:44:22.58   GameInfo::ResetInfo - SyncLevel set to 0 on reset
20:44:22.58   GameInfo::ResetInfo - SyncLevel set to 0 on reset
20:44:22.58   GameInfo::ResetInfo - SyncLevel set to 0 on reset
20:44:22.58   GameInfo::ResetInfo - SyncLevel set to 0 on reset
20:44:22.59   GameInfo::ResetInfo - SyncLevel set to 0 on reset
20:44:22.59   GameInfo::ResetInfo - SyncLevel set to 0 on reset
20:44:22.59   GameInfo::ResetInfo - SyncLevel set to 0 on reset
20:44:22.59   GameInfo::ResetInfo - SyncLevel set to 0 on reset
20:44:22.59   GameInfo::ResetInfo - SyncLevel set to 0 on reset
20:44:22.59   GameInfo::ResetInfo - SyncLevel set to 0 on reset
20:44:22.59   GameInfo::ResetInfo - SyncLevel set to 0 on reset
20:44:22.59   GameInfo::ResetInfo - SyncLevel set to 0 on reset
20:44:22.60   GameInfo::ResetInfo - SyncLevel set to 0 on reset
20:44:22.60   GameInfo::ResetInfo - SyncLevel set to 0 on reset
20:44:22.60   GameInfo::ResetInfo - SyncLevel set to 0 on reset
20:44:22.60   GameInfo::ResetInfo - SyncLevel set to 0 on reset
20:44:22.60   GameInfo::ResetInfo - SyncLevel set to 0 on reset
20:44:22.60   GameInfo::ResetInfo - SyncLevel set to 0 on reset
20:44:22.61   GameInfo::ResetInfo - SyncLevel set to 0 on reset
20:44:22.61   GameInfo::ResetInfo - SyncLevel set to 0 on reset
20:44:22.61   GameInfo::ResetInfo - SyncLevel set to 0 on reset
20:44:22.61   GameInfo::ResetInfo - SyncLevel set to 0 on reset
20:44:22.61   GameInfo::ResetInfo - SyncLevel set to 0 on reset
20:44:22.61   GameInfo::ResetInfo - SyncLevel set to 0 on reset
20:44:22.62   GameInfo::ResetInfo - SyncLevel set to 0 on reset
20:44:22.62   GameInfo::ResetInfo - SyncLevel set to 0 on reset
20:44:22.62   GameInfo::ResetInfo - SyncLevel set to 0 on reset
20:44:22.62   GameInfo::ResetInfo - SyncLevel set to 0 on reset
20:44:22.62   GameInfo::ResetInfo - SyncLevel set to 0 on reset
20:44:22.62   GameInfo::ResetInfo - SyncLevel set to 0 on reset
20:44:22.63   GameInfo::ResetInfo - SyncLevel set to 0 on reset
20:44:22.63   GameInfo::ResetInfo - SyncLevel set to 0 on reset
20:44:22.63   GameInfo::ResetInfo - SyncLevel set to 0 on reset
20:44:22.63   GameInfo::ResetInfo - SyncLevel set to 0 on reset
20:44:22.63   GameInfo::ResetInfo - SyncLevel set to 0 on reset
20:44:22.63   GameInfo::ResetInfo - SyncLevel set to 0 on reset
20:44:22.64   GameInfo::ResetInfo - SyncLevel set to 0 on reset
20:44:22.64   GameInfo::ResetInfo - SyncLevel set to 0 on reset
20:44:22.64   GameInfo::ResetInfo - SyncLevel set to 0 on reset
20:44:22.64   GameInfo::ResetInfo - SyncLevel set to 0 on reset
20:44:22.64   GameInfo::ResetInfo - SyncLevel set to 0 on reset
20:44:22.64   GameInfo::ResetInfo - SyncLevel set to 0 on reset
20:44:22.64   GameInfo::ResetInfo - SyncLevel set to 0 on reset
20:44:22.65   GameInfo::ResetInfo - SyncLevel set to 0 on reset
20:44:22.65   GameInfo::ResetInfo - SyncLevel set to 0 on reset
20:44:22.65   GameInfo::ResetInfo - SyncLevel set to 0 on reset
20:44:22.65   GameInfo::ResetInfo - SyncLevel set to 0 on reset
20:44:22.65   GameInfo::ResetInfo - SyncLevel set to 0 on reset
20:44:22.65   GameInfo::ResetInfo - SyncLevel set to 0 on reset
20:44:22.66   GameInfo::ResetInfo - SyncLevel set to 0 on reset
20:44:22.66   GameInfo::ResetInfo - SyncLevel set to 0 on reset
20:44:22.66   GameInfo::ResetInfo - SyncLevel set to 0 on reset
20:44:22.66   GameInfo::ResetInfo - SyncLevel set to 0 on reset
20:44:22.66   GameInfo::ResetInfo - SyncLevel set to 0 on reset
20:44:22.66   GameInfo::ResetInfo - SyncLevel set to 0 on reset
20:44:22.66   GameInfo::ResetInfo - SyncLevel set to 0 on reset
20:44:22.66   GameInfo::ResetInfo - SyncLevel set to 0 on reset
20:44:22.67   GameInfo::ResetInfo - SyncLevel set to 0 on reset
20:44:22.67   GameInfo::ResetInfo - SyncLevel set to 0 on reset
20:44:22.67   GameInfo::ResetInfo - SyncLevel set to 0 on reset
20:44:22.67   GameInfo::ResetInfo - SyncLevel set to 0 on reset
20:44:22.67   GameInfo::ResetInfo - SyncLevel set to 0 on reset
20:44:22.67   GameInfo::ResetInfo - SyncLevel set to 0 on reset
20:44:22.68   GameInfo::ResetInfo - SyncLevel set to 0 on reset
20:44:22.68   GameInfo::ResetInfo - SyncLevel set to 0 on reset
20:44:22.68   GameInfo::ResetInfo - SyncLevel set to 0 on reset
20:44:22.68   GameInfo::ResetInfo - SyncLevel set to 0 on reset
20:44:22.68   GameInfo::ResetInfo - SyncLevel set to 0 on reset
20:44:22.68   GameInfo::ResetInfo - SyncLevel set to 0 on reset
20:44:22.69   GameInfo::ResetInfo - SyncLevel set to 0 on reset
20:44:22.69   GameInfo::ResetInfo - SyncLevel set to 0 on reset
20:44:22.69   GameInfo::ResetInfo - SyncLevel set to 0 on reset
20:44:22.69   GameInfo::ResetInfo - SyncLevel set to 0 on reset
20:44:22.69   GameInfo::ResetInfo - SyncLevel set to 0 on reset
20:44:22.69   GameInfo::ResetInfo - SyncLevel set to 0 on reset
20:44:22.70   GameInfo::ResetInfo - SyncLevel set to 0 on reset
20:44:22.70   GameInfo::ResetInfo - SyncLevel set to 0 on reset
20:44:22.70   GameInfo::ResetInfo - SyncLevel set to 0 on reset
20:44:22.70   GameInfo::ResetInfo - SyncLevel set to 0 on reset
20:44:22.70   GameInfo::ResetInfo - SyncLevel set to 0 on reset
20:44:22.70   GameInfo::ResetInfo - SyncLevel set to 0 on reset
20:44:22.70   GameInfo::ResetInfo - SyncLevel set to 0 on reset
20:44:22.70   GameInfo::ResetInfo - SyncLevel set to 0 on reset
20:44:22.70   GameInfo::ResetInfo - SyncLevel set to 0 on reset
20:44:22.71   GameInfo::ResetInfo - SyncLevel set to 0 on reset
20:44:22.71   GameInfo::ResetInfo - SyncLevel set to 0 on reset
20:44:22.71   GameInfo::ResetInfo - SyncLevel set to 0 on reset
20:44:22.71   GameInfo::ResetInfo - SyncLevel set to 0 on reset
20:44:22.72   GameInfo::ResetInfo - SyncLevel set to 0 on reset
20:44:22.72   GameInfo::ResetInfo - SyncLevel set to 0 on reset
20:44:22.72   GameInfo::ResetInfo - SyncLevel set to 0 on reset
20:44:22.72   GameInfo::ResetInfo - SyncLevel set to 0 on reset
20:44:22.72   GameInfo::ResetInfo - SyncLevel set to 0 on reset
20:44:22.72   GameInfo::ResetInfo - SyncLevel set to 0 on reset
20:44:22.73   GameInfo::ResetInfo - SyncLevel set to 0 on reset
20:44:22.73   GameInfo::ResetInfo - SyncLevel set to 0 on reset
20:44:22.73   GameInfo::ResetInfo - SyncLevel set to 0 on reset
20:44:22.73   GameInfo::ResetInfo - SyncLevel set to 0 on reset
20:44:22.73   GameInfo::ResetInfo - SyncLevel set to 0 on reset
20:44:22.73   GameInfo::ResetInfo - SyncLevel set to 0 on reset
20:44:22.73   GameInfo::ResetInfo - SyncLevel set to 0 on reset
20:44:22.73   GameInfo::ResetInfo - SyncLevel set to 0 on reset
20:44:22.74   GameInfo::ResetInfo - SyncLevel set to 0 on reset
20:44:22.74   GameInfo::ResetInfo - SyncLevel set to 0 on reset
20:44:22.74   GameInfo::ResetInfo - SyncLevel set to 0 on reset
20:44:22.74   GameInfo::ResetInfo - SyncLevel set to 0 on reset
20:44:22.74   GameInfo::ResetInfo - SyncLevel set to 0 on reset
20:44:22.74   GameInfo::ResetInfo - SyncLevel set to 0 on reset
20:44:22.75   GameInfo::ResetInfo - SyncLevel set to 0 on reset
20:44:22.75   GameInfo::ResetInfo - SyncLevel set to 0 on reset
20:44:22.75   GameInfo::ResetInfo - SyncLevel set to 0 on reset
20:44:22.75   GameInfo::ResetInfo - SyncLevel set to 0 on reset
20:44:22.75   GameInfo::ResetInfo - SyncLevel set to 0 on reset
20:44:22.75   GameInfo::ResetInfo - SyncLevel set to 0 on reset
20:44:22.76   GameInfo::ResetInfo - SyncLevel set to 0 on reset
20:44:22.76   GameInfo::ResetInfo - SyncLevel set to 0 on reset
20:44:22.76   GameInfo::ResetInfo - SyncLevel set to 0 on reset
20:44:22.76   GameInfo::ResetInfo - SyncLevel set to 0 on reset
20:44:22.76   GameInfo::ResetInfo - SyncLevel set to 0 on reset
20:44:22.76   GameInfo::ResetInfo - SyncLevel set to 0 on reset
20:44:22.77   GameInfo::ResetInfo - SyncLevel set to 0 on reset
20:44:22.77   GameInfo::ResetInfo - SyncLevel set to 0 on reset
20:44:22.77   GameInfo::ResetInfo - SyncLevel set to 0 on reset
20:44:22.77   GameInfo::ResetInfo - SyncLevel set to 0 on reset
20:44:22.77   GameInfo::ResetInfo - SyncLevel set to 0 on reset
20:44:22.77   GameInfo::ResetInfo - SyncLevel set to 0 on reset
20:44:22.78   GameInfo::ResetInfo - SyncLevel set to 0 on reset
20:44:22.78   GameInfo::ResetInfo - SyncLevel set to 0 on reset
20:44:22.78   GameInfo::ResetInfo - SyncLevel set to 0 on reset
20:44:22.78   GameInfo::ResetInfo - SyncLevel set to 0 on reset
20:44:22.78   GameInfo::ResetInfo - SyncLevel set to 0 on reset
20:44:22.78   GameInfo::ResetInfo - SyncLevel set to 0 on reset
20:44:22.78   GameInfo::ResetInfo - SyncLevel set to 0 on reset
20:44:22.79   GameInfo::ResetInfo - SyncLevel set to 0 on reset
20:44:22.79   GameInfo::ResetInfo - SyncLevel set to 0 on reset
20:44:22.79   GameInfo::ResetInfo - SyncLevel set to 0 on reset
20:44:22.79   GameInfo::ResetInfo - SyncLevel set to 0 on reset
20:44:22.79   GameInfo::ResetInfo - SyncLevel set to 0 on reset
20:44:22.79   GameInfo::ResetInfo - SyncLevel set to 0 on reset
20:44:22.79   GameInfo::ResetInfo - SyncLevel set to 0 on reset
20:44:22.79   GameInfo::ResetInfo - SyncLevel set to 0 on reset
20:44:22.80   GameInfo::ResetInfo - SyncLevel set to 0 on reset
20:44:22.80   GameInfo::ResetInfo - SyncLevel set to 0 on reset
20:44:22.80   GameInfo::ResetInfo - SyncLevel set to 0 on reset
20:44:22.80   GameInfo::ResetInfo - SyncLevel set to 0 on reset
20:44:22.80   GameInfo::ResetInfo - SyncLevel set to 0 on reset
20:44:22.80   GameInfo::ResetInfo - SyncLevel set to 0 on reset
20:44:22.81   GameInfo::ResetInfo - SyncLevel set to 0 on reset
20:44:22.81   GameInfo::ResetInfo - SyncLevel set to 0 on reset
20:44:22.81   GameInfo::ResetInfo - SyncLevel set to 0 on reset
20:44:22.81   GameInfo::ResetInfo - SyncLevel set to 0 on reset
20:44:22.81   GameInfo::ResetInfo - SyncLevel set to 0 on reset
20:44:22.81   GameInfo::ResetInfo - SyncLevel set to 0 on reset
20:44:22.81   GameInfo::ResetInfo - SyncLevel set to 0 on reset
20:44:22.82   GameInfo::ResetInfo - SyncLevel set to 0 on reset
20:44:22.82   GameInfo::ResetInfo - SyncLevel set to 0 on reset
20:44:22.82   GameInfo::ResetInfo - SyncLevel set to 0 on reset
20:44:22.82   GameInfo::ResetInfo - SyncLevel set to 0 on reset
20:44:22.82   GameInfo::ResetInfo - SyncLevel set to 0 on reset
20:44:22.83   GameInfo::ResetInfo - SyncLevel set to 0 on reset
20:44:22.83   GameInfo::ResetInfo - SyncLevel set to 0 on reset
20:44:22.83   GameInfo::ResetInfo - SyncLevel set to 0 on reset
20:44:22.83   GameInfo::ResetInfo - SyncLevel set to 0 on reset
20:44:22.83   GameInfo::ResetInfo - SyncLevel set to 0 on reset
20:44:22.83   GameInfo::ResetInfo - SyncLevel set to 0 on reset
20:44:22.84   GameInfo::ResetInfo - SyncLevel set to 0 on reset
20:44:22.84   GameInfo::ResetInfo - SyncLevel set to 0 on reset
20:44:22.84   GameInfo::ResetInfo - SyncLevel set to 0 on reset
20:44:22.84   GameInfo::ResetInfo - SyncLevel set to 0 on reset
20:44:22.84   GameInfo::ResetInfo - SyncLevel set to 0 on reset
20:44:22.84   GameInfo::ResetInfo - SyncLevel set to 0 on reset
20:44:22.84   GameInfo::ResetInfo - SyncLevel set to 0 on reset
20:44:22.85   GameInfo::ResetInfo - SyncLevel set to 0 on reset
20:44:22.85   GameInfo::ResetInfo - SyncLevel set to 0 on reset
20:44:22.85   GameInfo::ResetInfo - SyncLevel set to 0 on reset
20:44:22.85   GameInfo::ResetInfo - SyncLevel set to 0 on reset
20:44:22.85   GameInfo::ResetInfo - SyncLevel set to 0 on reset
20:44:22.85   GameInfo::ResetInfo - SyncLevel set to 0 on reset
20:44:22.85   GameInfo::ResetInfo - SyncLevel set to 0 on reset
20:44:22.85   GameInfo::ResetInfo - SyncLevel set to 0 on reset
20:44:22.86   GameInfo::ResetInfo - SyncLevel set to 0 on reset
20:44:22.86   GameInfo::ResetInfo - SyncLevel set to 0 on reset
20:44:22.86   GameInfo::ResetInfo - SyncLevel set to 0 on reset
20:44:22.86   GameInfo::ResetInfo - SyncLevel set to 0 on reset
20:44:22.86   GameInfo::ResetInfo - SyncLevel set to 0 on reset
20:44:22.86   GameInfo::ResetInfo - SyncLevel set to 0 on reset
20:44:22.87   GameInfo::ResetInfo - SyncLevel set to 0 on reset
20:44:22.87   GameInfo::ResetInfo - SyncLevel set to 0 on reset
20:44:22.87   GameInfo::ResetInfo - SyncLevel set to 0 on reset
20:44:22.87   GameInfo::ResetInfo - SyncLevel set to 0 on reset
20:44:22.87   GameInfo::ResetInfo - SyncLevel set to 0 on reset
20:44:22.87   GameInfo::ResetInfo - SyncLevel set to 0 on reset
20:44:22.88   GameInfo::ResetInfo - SyncLevel set to 0 on reset
20:44:22.88   GameInfo::ResetInfo - SyncLevel set to 0 on reset
20:44:22.88   GameInfo::ResetInfo - SyncLevel set to 0 on reset
20:44:22.88   GameInfo::ResetInfo - SyncLevel set to 0 on reset
20:44:22.88   GameInfo::ResetInfo - SyncLevel set to 0 on reset
20:44:22.88   GameInfo::ResetInfo - SyncLevel set to 0 on reset
20:44:22.89   GameInfo::ResetInfo - SyncLevel set to 0 on reset
20:44:22.89   GameInfo::ResetInfo - SyncLevel set to 0 on reset
20:44:22.89   GameInfo::ResetInfo - SyncLevel set to 0 on reset
20:44:22.89   GameInfo::ResetInfo - SyncLevel set to 0 on reset
20:44:22.89   GameInfo::ResetInfo - SyncLevel set to 0 on reset
20:44:22.89   GameInfo::ResetInfo - SyncLevel set to 0 on reset
20:44:22.90   GameInfo::ResetInfo - SyncLevel set to 0 on reset
20:44:22.90   GameInfo::ResetInfo - SyncLevel set to 0 on reset
20:44:22.90   GameInfo::ResetInfo - SyncLevel set to 0 on reset
20:44:22.90   GameInfo::ResetInfo - SyncLevel set to 0 on reset
20:44:22.90   GameInfo::ResetInfo - SyncLevel set to 0 on reset
20:44:22.90   GameInfo::ResetInfo - SyncLevel set to 0 on reset
20:44:22.91   GameInfo::ResetInfo - SyncLevel set to 0 on reset
20:44:22.91   GameInfo::ResetInfo - SyncLevel set to 0 on reset
20:44:22.91   GameInfo::ResetInfo - SyncLevel set to 0 on reset
20:44:22.91   GameInfo::ResetInfo - SyncLevel set to 0 on reset
20:44:22.91   GameInfo::ResetInfo - SyncLevel set to 0 on reset
20:44:22.91   GameInfo::ResetInfo - SyncLevel set to 0 on reset
20:44:22.91   GameInfo::ResetInfo - SyncLevel set to 0 on reset
20:44:22.92   GameInfo::ResetInfo - SyncLevel set to 0 on reset
20:44:22.92   GameInfo::ResetInfo - SyncLevel set to 0 on reset
20:44:22.92   GameInfo::ResetInfo - SyncLevel set to 0 on reset
20:44:22.92   GameInfo::ResetInfo - SyncLevel set to 0 on reset
20:44:22.92   GameInfo::ResetInfo - SyncLevel set to 0 on reset
20:44:22.92   GameInfo::ResetInfo - SyncLevel set to 0 on reset
20:44:22.92   GameInfo::ResetInfo - SyncLevel set to 0 on reset
20:44:22.92   GameInfo::ResetInfo - SyncLevel set to 0 on reset
20:44:22.93   GameInfo::ResetInfo - SyncLevel set to 0 on reset
20:44:22.93   GameInfo::ResetInfo - SyncLevel set to 0 on reset
20:44:22.93   GameInfo::ResetInfo - SyncLevel set to 0 on reset
20:44:22.93   GameInfo::ResetInfo - SyncLevel set to 0 on reset
20:44:22.93   GameInfo::ResetInfo - SyncLevel set to 0 on reset
20:44:22.93   GameInfo::ResetInfo - SyncLevel set to 0 on reset
20:44:22.94   GameInfo::ResetInfo - SyncLevel set to 0 on reset
20:44:22.94   GameInfo::ResetInfo - SyncLevel set to 0 on reset
20:44:22.94   GameInfo::ResetInfo - SyncLevel set to 0 on reset
20:44:22.94   GameInfo::ResetInfo - SyncLevel set to 0 on reset
20:44:22.94   GameInfo::ResetInfo - SyncLevel set to 0 on reset
20:44:22.94   GameInfo::ResetInfo - SyncLevel set to 0 on reset
20:44:22.95   GameInfo::ResetInfo - SyncLevel set to 0 on reset
20:44:22.95   GameInfo::ResetInfo - SyncLevel set to 0 on reset
20:44:22.95   GameInfo::ResetInfo - SyncLevel set to 0 on reset
20:44:22.95   GameInfo::ResetInfo - SyncLevel set to 0 on reset
20:44:22.95   GameInfo::ResetInfo - SyncLevel set to 0 on reset
20:44:22.95   GameInfo::ResetInfo - SyncLevel set to 0 on reset
20:44:22.95   GameInfo::ResetInfo - SyncLevel set to 0 on reset
20:44:22.96   GameInfo::ResetInfo - SyncLevel set to 0 on reset
20:44:22.96   GameInfo::ResetInfo - SyncLevel set to 0 on reset
20:44:22.96   GameInfo::ResetInfo - SyncLevel set to 0 on reset
20:44:22.96   GameInfo::ResetInfo - SyncLevel set to 0 on reset
20:44:22.96   GameInfo::ResetInfo - SyncLevel set to 0 on reset
20:44:22.96   GameInfo::ResetInfo - SyncLevel set to 0 on reset
20:44:22.97   GameInfo::ResetInfo - SyncLevel set to 0 on reset
20:44:22.97   GameInfo::ResetInfo - SyncLevel set to 0 on reset
20:44:22.97   GameInfo::ResetInfo - SyncLevel set to 0 on reset
20:44:22.97   GameInfo::ResetInfo - SyncLevel set to 0 on reset
20:44:22.97   GameInfo::ResetInfo - SyncLevel set to 0 on reset
20:44:22.97   GameInfo::ResetInfo - SyncLevel set to 0 on reset
20:44:22.97   GameInfo::ResetInfo - SyncLevel set to 0 on reset
20:44:22.97   GameInfo::ResetInfo - SyncLevel set to 0 on reset
20:44:22.98   GameInfo::ResetInfo - SyncLevel set to 0 on reset
20:44:22.98   GameInfo::ResetInfo - SyncLevel set to 0 on reset
20:44:22.98   GameInfo::ResetInfo - SyncLevel set to 0 on reset
20:44:22.98   GameInfo::ResetInfo - SyncLevel set to 0 on reset
20:44:22.98   GameInfo::ResetInfo - SyncLevel set to 0 on reset
20:44:22.98   GameInfo::ResetInfo - SyncLevel set to 0 on reset
20:44:22.99   GameInfo::ResetInfo - SyncLevel set to 0 on reset
20:44:22.99   GameInfo::ResetInfo - SyncLevel set to 0 on reset
20:44:22.99   GameInfo::ResetInfo - SyncLevel set to 0 on reset
20:44:22.99   GameInfo::ResetInfo - SyncLevel set to 0 on reset
20:44:22.99   GameInfo::ResetInfo - SyncLevel set to 0 on reset
20:44:22.99   GameInfo::ResetInfo - SyncLevel set to 0 on reset
20:44:23.00   GameInfo::ResetInfo - SyncLevel set to 0 on reset
20:44:23.00   GameInfo::ResetInfo - SyncLevel set to 0 on reset
20:44:23.00   GameInfo::ResetInfo - SyncLevel set to 0 on reset
20:44:23.00   GameInfo::ResetInfo - SyncLevel set to 0 on reset
20:44:23.00   GameInfo::ResetInfo - SyncLevel set to 0 on reset
20:44:23.00   GameInfo::ResetInfo - SyncLevel set to 0 on reset
20:44:23.01   GameInfo::ResetInfo - SyncLevel set to 0 on reset
20:44:23.01   GameInfo::ResetInfo - SyncLevel set to 0 on reset
20:44:23.01   GameInfo::ResetInfo - SyncLevel set to 0 on reset
20:44:23.01   GameInfo::ResetInfo - SyncLevel set to 0 on reset
20:44:23.01   GameInfo::ResetInfo - SyncLevel set to 0 on reset
20:44:23.01   GameInfo::ResetInfo - SyncLevel set to 0 on reset
20:44:23.02   GameInfo::ResetInfo - SyncLevel set to 0 on reset
20:44:23.02   GameInfo::ResetInfo - SyncLevel set to 0 on reset
20:44:23.02   GameInfo::ResetInfo - SyncLevel set to 0 on reset
20:44:23.02   GameInfo::ResetInfo - SyncLevel set to 0 on reset
20:44:23.02   GameInfo::ResetInfo - SyncLevel set to 0 on reset
20:44:23.02   GameInfo::ResetInfo - SyncLevel set to 0 on reset
20:44:23.03   GameInfo::ResetInfo - SyncLevel set to 0 on reset
20:44:23.03   GameInfo::ResetInfo - SyncLevel set to 0 on reset
20:44:23.03   GameInfo::ResetInfo - SyncLevel set to 0 on reset
20:44:23.03   GameInfo::ResetInfo - SyncLevel set to 0 on reset
20:44:23.03   GameInfo::ResetInfo - SyncLevel set to 0 on reset
20:44:23.03   GameInfo::ResetInfo - SyncLevel set to 0 on reset
20:44:23.03   GameInfo::ResetInfo - SyncLevel set to 0 on reset
20:44:23.03   GameInfo::ResetInfo - SyncLevel set to 0 on reset
20:44:23.03   GameInfo::ResetInfo - SyncLevel set to 0 on reset
20:44:23.04   GameInfo::ResetInfo - SyncLevel set to 0 on reset
20:44:23.04   GameInfo::ResetInfo - SyncLevel set to 0 on reset
20:44:23.04   GameInfo::ResetInfo - SyncLevel set to 0 on reset
20:44:23.04   GameInfo::ResetInfo - SyncLevel set to 0 on reset
20:44:23.04   GameInfo::ResetInfo - SyncLevel set to 0 on reset
20:44:23.04   GameInfo::ResetInfo - SyncLevel set to 0 on reset
20:44:23.05   GameInfo::ResetInfo - SyncLevel set to 0 on reset
20:44:23.05   GameInfo::ResetInfo - SyncLevel set to 0 on reset
20:44:23.05   GameInfo::ResetInfo - SyncLevel set to 0 on reset
20:44:23.05   GameInfo::ResetInfo - SyncLevel set to 0 on reset
20:44:23.05   GameInfo::ResetInfo - SyncLevel set to 0 on reset
20:44:23.05   GameInfo::ResetInfo - SyncLevel set to 0 on reset
20:44:23.06   GameInfo::ResetInfo - SyncLevel set to 0 on reset
20:44:23.06   GameInfo::ResetInfo - SyncLevel set to 0 on reset
20:44:23.06   GameInfo::ResetInfo - SyncLevel set to 0 on reset
20:44:23.06   GameInfo::ResetInfo - SyncLevel set to 0 on reset
20:44:23.06   GameInfo::ResetInfo - SyncLevel set to 0 on reset
20:44:23.06   GameInfo::ResetInfo - SyncLevel set to 0 on reset
20:44:23.07   GameInfo::ResetInfo - SyncLevel set to 0 on reset
20:44:23.07   GameInfo::ResetInfo - SyncLevel set to 0 on reset
20:44:23.07   GameInfo::ResetInfo - SyncLevel set to 0 on reset
20:44:23.07   GameInfo::ResetInfo - SyncLevel set to 0 on reset
20:44:23.07   GameInfo::ResetInfo - SyncLevel set to 0 on reset
20:44:23.07   GameInfo::ResetInfo - SyncLevel set to 0 on reset
20:44:23.08   GameInfo::ResetInfo - SyncLevel set to 0 on reset
20:44:23.08   GameInfo::ResetInfo - SyncLevel set to 0 on reset
20:44:23.08   GameInfo::ResetInfo - SyncLevel set to 0 on reset
20:44:23.08   GameInfo::ResetInfo - SyncLevel set to 0 on reset
20:44:23.08   GameInfo::ResetInfo - SyncLevel set to 0 on reset
20:44:23.08   GameInfo::ResetInfo - SyncLevel set to 0 on reset
20:44:23.08   GameInfo::ResetInfo - SyncLevel set to 0 on reset
20:44:23.08   GameInfo::ResetInfo - SyncLevel set to 0 on reset
20:44:23.08   GameInfo::ResetInfo - SyncLevel set to 0 on reset
20:44:23.09   GameInfo::ResetInfo - SyncLevel set to 0 on reset
20:44:23.09   GameInfo::ResetInfo - SyncLevel set to 0 on reset
20:44:23.09   GameInfo::ResetInfo - SyncLevel set to 0 on reset
20:44:23.09   GameInfo::ResetInfo - SyncLevel set to 0 on reset
20:44:23.09   GameInfo::ResetInfo - SyncLevel set to 0 on reset
20:44:23.09   GameInfo::ResetInfo - SyncLevel set to 0 on reset
20:44:23.10   GameInfo::ResetInfo - SyncLevel set to 0 on reset
20:44:23.10   GameInfo::ResetInfo - SyncLevel set to 0 on reset
20:44:23.10   GameInfo::ResetInfo - SyncLevel set to 0 on reset
20:44:23.10   GameInfo::ResetInfo - SyncLevel set to 0 on reset
20:44:23.10   GameInfo::ResetInfo - SyncLevel set to 0 on reset
20:44:23.10   GameInfo::ResetInfo - SyncLevel set to 0 on reset
20:44:23.11   GameInfo::ResetInfo - SyncLevel set to 0 on reset
20:44:23.11   GameInfo::ResetInfo - SyncLevel set to 0 on reset
20:44:23.11   GameInfo::ResetInfo - SyncLevel set to 0 on reset
20:44:23.11   GameInfo::ResetInfo - SyncLevel set to 0 on reset
20:44:23.11   GameInfo::ResetInfo - SyncLevel set to 0 on reset
20:44:23.11   GameInfo::ResetInfo - SyncLevel set to 0 on reset
20:44:23.12   GameInfo::ResetInfo - SyncLevel set to 0 on reset
20:44:23.12   GameInfo::ResetInfo - SyncLevel set to 0 on reset
20:44:23.12   GameInfo::ResetInfo - SyncLevel set to 0 on reset
20:44:23.12   GameInfo::ResetInfo - SyncLevel set to 0 on reset
20:44:23.12   GameInfo::ResetInfo - SyncLevel set to 0 on reset
20:44:23.12   GameInfo::ResetInfo - SyncLevel set to 0 on reset
20:44:23.12   GameInfo::ResetInfo - SyncLevel set to 0 on reset
20:44:23.12   GameInfo::ResetInfo - SyncLevel set to 0 on reset
20:44:23.12   GameInfo::ResetInfo - SyncLevel set to 0 on reset
20:44:23.13   GameInfo::ResetInfo - SyncLevel set to 0 on reset
20:44:23.13   GameInfo::ResetInfo - SyncLevel set to 0 on reset
20:44:23.13   GameInfo::ResetInfo - SyncLevel set to 0 on reset
20:44:23.13   GameInfo::ResetInfo - SyncLevel set to 0 on reset
20:44:23.14   GameInfo::ResetInfo - SyncLevel set to 0 on reset
20:44:23.14   GameInfo::ResetInfo - SyncLevel set to 0 on reset
20:44:23.14   GameInfo::ResetInfo - SyncLevel set to 0 on reset
20:44:23.14   GameInfo::ResetInfo - SyncLevel set to 0 on reset
20:44:23.14   GameInfo::ResetInfo - SyncLevel set to 0 on reset
20:44:23.14   GameInfo::ResetInfo - SyncLevel set to 0 on reset
20:44:23.14   GameInfo::ResetInfo - SyncLevel set to 0 on reset
20:44:23.14   GameInfo::ResetInfo - SyncLevel set to 0 on reset
20:44:23.15   GameInfo::ResetInfo - SyncLevel set to 0 on reset
20:44:23.15   GameInfo::ResetInfo - SyncLevel set to 0 on reset
20:44:23.15   GameInfo::ResetInfo - SyncLevel set to 0 on reset
20:44:23.15   GameInfo::ResetInfo - SyncLevel set to 0 on reset
20:44:23.15   GameInfo::ResetInfo - SyncLevel set to 0 on reset
20:44:23.15   GameInfo::ResetInfo - SyncLevel set to 0 on reset
20:44:23.16   GameInfo::ResetInfo - SyncLevel set to 0 on reset
20:44:23.16   GameInfo::ResetInfo - SyncLevel set to 0 on reset
20:44:23.16   GameInfo::ResetInfo - SyncLevel set to 0 on reset
20:44:23.16   GameInfo::ResetInfo - SyncLevel set to 0 on reset
20:44:23.16   GameInfo::ResetInfo - SyncLevel set to 0 on reset
20:44:23.16   GameInfo::ResetInfo - SyncLevel set to 0 on reset
20:44:23.17   GameInfo::ResetInfo - SyncLevel set to 0 on reset
20:44:23.17   GameInfo::ResetInfo - SyncLevel set to 0 on reset
20:44:23.17   GameInfo::ResetInfo - SyncLevel set to 0 on reset
20:44:23.17   GameInfo::ResetInfo - SyncLevel set to 0 on reset
20:44:23.17   GameInfo::ResetInfo - SyncLevel set to 0 on reset
20:44:23.17   GameInfo::ResetInfo - SyncLevel set to 0 on reset
20:44:23.18   GameInfo::ResetInfo - SyncLevel set to 0 on reset
20:44:23.18   GameInfo::ResetInfo - SyncLevel set to 0 on reset
20:44:23.18   GameInfo::ResetInfo - SyncLevel set to 0 on reset
20:44:23.18   GameInfo::ResetInfo - SyncLevel set to 0 on reset
20:44:23.18   GameInfo::ResetInfo - SyncLevel set to 0 on reset
20:44:23.18   GameInfo::ResetInfo - SyncLevel set to 0 on reset
20:44:23.19   GameInfo::ResetInfo - SyncLevel set to 0 on reset
20:44:23.19   GameInfo::ResetInfo - SyncLevel set to 0 on reset
20:44:23.19   GameInfo::ResetInfo - SyncLevel set to 0 on reset
20:44:23.19   GameInfo::ResetInfo - SyncLevel set to 0 on reset
20:44:23.19   GameInfo::ResetInfo - SyncLevel set to 0 on reset
20:44:23.19   GameInfo::ResetInfo - SyncLevel set to 0 on reset
20:44:23.20   GameInfo::ResetInfo - SyncLevel set to 0 on reset
20:44:23.20   GameInfo::ResetInfo - SyncLevel set to 0 on reset
20:44:23.20   GameInfo::ResetInfo - SyncLevel set to 0 on reset
20:44:23.20   GameInfo::ResetInfo - SyncLevel set to 0 on reset
20:44:23.20   GameInfo::ResetInfo - SyncLevel set to 0 on reset
20:44:23.20   GameInfo::ResetInfo - SyncLevel set to 0 on reset
20:44:23.20   GameInfo::ResetInfo - SyncLevel set to 0 on reset
20:44:23.21   GameInfo::ResetInfo - SyncLevel set to 0 on reset
20:44:23.21   GameInfo::ResetInfo - SyncLevel set to 0 on reset
20:44:23.21   GameInfo::ResetInfo - SyncLevel set to 0 on reset
20:44:23.21   GameInfo::ResetInfo - SyncLevel set to 0 on reset
20:44:23.21   GameInfo::ResetInfo - SyncLevel set to 0 on reset
20:44:23.22   GameInfo::ResetInfo - SyncLevel set to 0 on reset
20:44:23.22   GameInfo::ResetInfo - SyncLevel set to 0 on reset
20:44:23.22   GameInfo::ResetInfo - SyncLevel set to 0 on reset
20:44:23.22   GameInfo::ResetInfo - SyncLevel set to 0 on reset
20:44:23.22   GameInfo::ResetInfo - SyncLevel set to 0 on reset
20:44:23.22   GameInfo::ResetInfo - SyncLevel set to 0 on reset
20:44:23.23   GameInfo::ResetInfo - SyncLevel set to 0 on reset
20:44:23.23   GameInfo::ResetInfo - SyncLevel set to 0 on reset
20:44:23.23   GameInfo::ResetInfo - SyncLevel set to 0 on reset
20:44:23.23   GameInfo::ResetInfo - SyncLevel set to 0 on reset
20:44:23.23   GameInfo::ResetInfo - SyncLevel set to 0 on reset
20:44:23.23   GameInfo::ResetInfo - SyncLevel set to 0 on reset
20:44:23.23   GameInfo::ResetInfo - SyncLevel set to 0 on reset
20:44:23.24   GameInfo::ResetInfo - SyncLevel set to 0 on reset
20:44:23.24   GameInfo::ResetInfo - SyncLevel set to 0 on reset
20:44:23.24   GameInfo::ResetInfo - SyncLevel set to 0 on reset
20:44:23.24   GameInfo::ResetInfo - SyncLevel set to 0 on reset
20:44:23.24   GameInfo::ResetInfo - SyncLevel set to 0 on reset
20:44:23.24   GameInfo::ResetInfo - SyncLevel set to 0 on reset
20:44:23.25   GameInfo::ResetInfo - SyncLevel set to 0 on reset
20:44:23.25   GameInfo::ResetInfo - SyncLevel set to 0 on reset
20:44:23.25   GameInfo::ResetInfo - SyncLevel set to 0 on reset
20:44:23.25   GameInfo::ResetInfo - SyncLevel set to 0 on reset
20:44:23.25   GameInfo::ResetInfo - SyncLevel set to 0 on reset
20:44:23.25   GameInfo::ResetInfo - SyncLevel set to 0 on reset
20:44:23.25   GameInfo::ResetInfo - SyncLevel set to 0 on reset
20:44:23.25   GameInfo::ResetInfo - SyncLevel set to 0 on reset
20:44:23.26   GameInfo::ResetInfo - SyncLevel set to 0 on reset
20:44:23.26   GameInfo::ResetInfo - SyncLevel set to 0 on reset
20:44:23.26   GameInfo::ResetInfo - SyncLevel set to 0 on reset
20:44:23.26   GameInfo::ResetInfo - SyncLevel set to 0 on reset
20:44:23.26   GameInfo::ResetInfo - SyncLevel set to 0 on reset
20:44:23.26   GameInfo::ResetInfo - SyncLevel set to 0 on reset
20:44:23.27   GameInfo::ResetInfo - SyncLevel set to 0 on reset
20:44:23.27   GameInfo::ResetInfo - SyncLevel set to 0 on reset
20:44:23.27   GameInfo::ResetInfo - SyncLevel set to 0 on reset
20:44:23.27   GameInfo::ResetInfo - SyncLevel set to 0 on reset
20:44:23.27   GameInfo::ResetInfo - SyncLevel set to 0 on reset
20:44:23.27   GameInfo::ResetInfo - SyncLevel set to 0 on reset
20:44:23.27   GameInfo::ResetInfo - SyncLevel set to 0 on reset
20:44:23.28   GameInfo::ResetInfo - SyncLevel set to 0 on reset
20:44:23.28   GameInfo::ResetInfo - SyncLevel set to 0 on reset
20:44:23.28   GameInfo::ResetInfo - SyncLevel set to 0 on reset
20:44:23.28   GameInfo::ResetInfo - SyncLevel set to 0 on reset
20:44:23.28   GameInfo::ResetInfo - SyncLevel set to 0 on reset
20:44:23.28   GameInfo::ResetInfo - SyncLevel set to 0 on reset
20:44:23.28   GameInfo::ResetInfo - SyncLevel set to 0 on reset
20:44:23.29   GameInfo::ResetInfo - SyncLevel set to 0 on reset
20:44:23.29   GameInfo::ResetInfo - SyncLevel set to 0 on reset
20:44:23.29   GameInfo::ResetInfo - SyncLevel set to 0 on reset
20:44:23.29   GameInfo::ResetInfo - SyncLevel set to 0 on reset
20:44:23.29   GameInfo::ResetInfo - SyncLevel set to 0 on reset
20:44:23.29   GameInfo::ResetInfo - SyncLevel set to 0 on reset
20:44:23.29   GameInfo::ResetInfo - SyncLevel set to 0 on reset
20:44:23.30   GameInfo::ResetInfo - SyncLevel set to 0 on reset
20:44:23.30   GameInfo::ResetInfo - SyncLevel set to 0 on reset
20:44:23.30   GameInfo::ResetInfo - SyncLevel set to 0 on reset
20:44:23.30   GameInfo::ResetInfo - SyncLevel set to 0 on reset
20:44:23.30   GameInfo::ResetInfo - SyncLevel set to 0 on reset
20:44:23.30   GameInfo::ResetInfo - SyncLevel set to 0 on reset
20:44:23.31   GameInfo::ResetInfo - SyncLevel set to 0 on reset
20:44:23.31   GameInfo::ResetInfo - SyncLevel set to 0 on reset
20:44:23.31   GameInfo::ResetInfo - SyncLevel set to 0 on reset
20:44:23.31   GameInfo::ResetInfo - SyncLevel set to 0 on reset
20:44:23.31   GameInfo::ResetInfo - SyncLevel set to 0 on reset
20:44:23.31   GameInfo::ResetInfo - SyncLevel set to 0 on reset
20:44:23.32   GameInfo::ResetInfo - SyncLevel set to 0 on reset
20:44:23.32   GameInfo::ResetInfo - SyncLevel set to 0 on reset
20:44:23.32   GameInfo::ResetInfo - SyncLevel set to 0 on reset
20:44:23.32   GameInfo::ResetInfo - SyncLevel set to 0 on reset
20:44:23.32   GameInfo::ResetInfo - SyncLevel set to 0 on reset
20:44:23.32   GameInfo::ResetInfo - SyncLevel set to 0 on reset
20:44:23.33   GameInfo::ResetInfo - SyncLevel set to 0 on reset
20:44:23.33   GameInfo::ResetInfo - SyncLevel set to 0 on reset
20:44:23.33   GameInfo::ResetInfo - SyncLevel set to 0 on reset
20:44:23.33   GameInfo::ResetInfo - SyncLevel set to 0 on reset
20:44:23.33   GameInfo::ResetInfo - SyncLevel set to 0 on reset
20:44:23.33   GameInfo::ResetInfo - SyncLevel set to 0 on reset
20:44:23.34   GameInfo::ResetInfo - SyncLevel set to 0 on reset
20:44:23.34   GameInfo::ResetInfo - SyncLevel set to 0 on reset
20:44:23.34   GameInfo::ResetInfo - SyncLevel set to 0 on reset
20:44:23.34   GameInfo::ResetInfo - SyncLevel set to 0 on reset
20:44:23.34   GameInfo::ResetInfo - SyncLevel set to 0 on reset
20:44:23.34   GameInfo::ResetInfo - SyncLevel set to 0 on reset
20:44:23.35   GameInfo::ResetInfo - SyncLevel set to 0 on reset
20:44:23.35   GameInfo::ResetInfo - SyncLevel set to 0 on reset
20:44:23.35   GameInfo::ResetInfo - SyncLevel set to 0 on reset
20:44:23.35   GameInfo::ResetInfo - SyncLevel set to 0 on reset
20:44:23.35   GAME -- Error reading header for recorded game PLAYBACK:8P_MONTARGIS_REGION_POINTS_UP.2019-01-28.01-38-28.rec
20:44:23.35   GameInfo::ResetInfo - SyncLevel set to 0 on reset
20:44:23.35   GameInfo::ResetInfo - SyncLevel set to 0 on reset
20:44:23.35   GameInfo::ResetInfo - SyncLevel set to 0 on reset
20:44:23.35   GAME -- Error reading header for recorded game PLAYBACK:8P_MONTARGIS_REGION_POINTS_UP.2019-08-27.22-25-49.rec
20:44:23.35   GameInfo::ResetInfo - SyncLevel set to 0 on reset
20:44:23.35   GameInfo::ResetInfo - SyncLevel set to 0 on reset
20:44:23.36   GameInfo::ResetInfo - SyncLevel set to 0 on reset
20:44:23.36   GameInfo::ResetInfo - SyncLevel set to 0 on reset
20:44:23.36   GameInfo::ResetInfo - SyncLevel set to 0 on reset
20:44:23.36   GameInfo::ResetInfo - SyncLevel set to 0 on reset
20:44:23.37   GameInfo::ResetInfo - SyncLevel set to 0 on reset
20:44:23.37   GameInfo::ResetInfo - SyncLevel set to 0 on reset
20:44:23.37   GameInfo::ResetInfo - SyncLevel set to 0 on reset
20:44:23.37   GameInfo::ResetInfo - SyncLevel set to 0 on reset
20:44:23.37   GameInfo::ResetInfo - SyncLevel set to 0 on reset
20:44:23.37   GameInfo::ResetInfo - SyncLevel set to 0 on reset
20:44:23.37   GameInfo::ResetInfo - SyncLevel set to 0 on reset
20:44:23.37   GameInfo::ResetInfo - SyncLevel set to 0 on reset
20:44:23.37   GameInfo::ResetInfo - SyncLevel set to 0 on reset
20:44:23.38   GameInfo::ResetInfo - SyncLevel set to 0 on reset
20:44:23.38   GameInfo::ResetInfo - SyncLevel set to 0 on reset
20:44:23.38   GameInfo::ResetInfo - SyncLevel set to 0 on reset
20:44:23.38   GameInfo::ResetInfo - SyncLevel set to 0 on reset
20:44:23.38   GameInfo::ResetInfo - SyncLevel set to 0 on reset
20:44:23.38   GameInfo::ResetInfo - SyncLevel set to 0 on reset
20:44:23.39   GameInfo::ResetInfo - SyncLevel set to 0 on reset
20:44:23.39   GameInfo::ResetInfo - SyncLevel set to 0 on reset
20:44:23.39   GameInfo::ResetInfo - SyncLevel set to 0 on reset
20:44:23.39   GameInfo::ResetInfo - SyncLevel set to 0 on reset
20:44:23.39   GameInfo::ResetInfo - SyncLevel set to 0 on reset
20:44:23.39   GameInfo::ResetInfo - SyncLevel set to 0 on reset
20:44:23.39   GameInfo::ResetInfo - SyncLevel set to 0 on reset
20:44:23.40   GameInfo::ResetInfo - SyncLevel set to 0 on reset
20:44:23.40   GameInfo::ResetInfo - SyncLevel set to 0 on reset
20:44:23.40   GameInfo::ResetInfo - SyncLevel set to 0 on reset
20:44:23.40   GameInfo::ResetInfo - SyncLevel set to 0 on reset
20:44:23.40   GameInfo::ResetInfo - SyncLevel set to 0 on reset
20:44:23.40   GameInfo::ResetInfo - SyncLevel set to 0 on reset
20:44:23.40   GameInfo::ResetInfo - SyncLevel set to 0 on reset
20:44:23.41   GameInfo::ResetInfo - SyncLevel set to 0 on reset
20:44:23.41   GameInfo::ResetInfo - SyncLevel set to 0 on reset
20:44:23.41   GameInfo::ResetInfo - SyncLevel set to 0 on reset
20:44:23.41   GameInfo::ResetInfo - SyncLevel set to 0 on reset
20:44:23.41   GameInfo::ResetInfo - SyncLevel set to 0 on reset
20:44:23.41   GameInfo::ResetInfo - SyncLevel set to 0 on reset
20:44:23.41   GameInfo::ResetInfo - SyncLevel set to 0 on reset
20:44:23.41   GameInfo::ResetInfo - SyncLevel set to 0 on reset
20:44:23.41   GameInfo::ResetInfo - SyncLevel set to 0 on reset
20:44:23.41   GameInfo::ResetInfo - SyncLevel set to 0 on reset
20:44:23.41   GameInfo::ResetInfo - SyncLevel set to 0 on reset
20:44:23.41   GameInfo::ResetInfo - SyncLevel set to 0 on reset
20:44:23.42   GameInfo::ResetInfo - SyncLevel set to 0 on reset
20:44:23.42   GameInfo::ResetInfo - SyncLevel set to 0 on reset
20:44:23.42   GameInfo::ResetInfo - SyncLevel set to 0 on reset
20:44:23.42   GameInfo::ResetInfo - SyncLevel set to 0 on reset
20:44:23.42   GameInfo::ResetInfo - SyncLevel set to 0 on reset
20:44:23.42   GameInfo::ResetInfo - SyncLevel set to 0 on reset
20:44:23.43   GameInfo::ResetInfo - SyncLevel set to 0 on reset
20:44:23.43   GameInfo::ResetInfo - SyncLevel set to 0 on reset
20:44:23.43   GameInfo::ResetInfo - SyncLevel set to 0 on reset
20:44:23.43   GameInfo::ResetInfo - SyncLevel set to 0 on reset
20:44:23.43   GameInfo::ResetInfo - SyncLevel set to 0 on reset
20:44:23.43   GameInfo::ResetInfo - SyncLevel set to 0 on reset
20:44:23.43   GameInfo::ResetInfo - SyncLevel set to 0 on reset
20:44:23.43   GameInfo::ResetInfo - SyncLevel set to 0 on reset
20:44:23.43   GameInfo::ResetInfo - SyncLevel set to 0 on reset
20:44:23.44   GameInfo::ResetInfo - SyncLevel set to 0 on reset
20:44:23.44   GameInfo::ResetInfo - SyncLevel set to 0 on reset
20:44:23.44   GameInfo::ResetInfo - SyncLevel set to 0 on reset
20:44:23.44   GameInfo::ResetInfo - SyncLevel set to 0 on reset
20:44:23.44   GameInfo::ResetInfo - SyncLevel set to 0 on reset
20:44:23.44   GameInfo::ResetInfo - SyncLevel set to 0 on reset
20:44:23.44   GameInfo::ResetInfo - SyncLevel set to 0 on reset
20:44:23.44   GameInfo::ResetInfo - SyncLevel set to 0 on reset
20:44:23.44   GameInfo::ResetInfo - SyncLevel set to 0 on reset
20:44:23.45   GameInfo::ResetInfo - SyncLevel set to 0 on reset
20:44:23.45   GameInfo::ResetInfo - SyncLevel set to 0 on reset
20:44:23.45   GameInfo::ResetInfo - SyncLevel set to 0 on reset
20:44:23.45   GameInfo::ResetInfo - SyncLevel set to 0 on reset
20:44:23.45   GameInfo::ResetInfo - SyncLevel set to 0 on reset
20:44:23.45   GameInfo::ResetInfo - SyncLevel set to 0 on reset
20:44:23.45   GameInfo::ResetInfo - SyncLevel set to 0 on reset
20:44:23.45   GameInfo::ResetInfo - SyncLevel set to 0 on reset
20:44:23.45   GameInfo::ResetInfo - SyncLevel set to 0 on reset
20:44:23.46   GameInfo::ResetInfo - SyncLevel set to 0 on reset
20:44:23.46   GameInfo::ResetInfo - SyncLevel set to 0 on reset
20:44:23.46   GameInfo::ResetInfo - SyncLevel set to 0 on reset
20:44:23.46   GameInfo::ResetInfo - SyncLevel set to 0 on reset
20:44:23.46   GameInfo::ResetInfo - SyncLevel set to 0 on reset
20:44:23.46   GameInfo::ResetInfo - SyncLevel set to 0 on reset
20:44:23.46   GameInfo::ResetInfo - SyncLevel set to 0 on reset
20:44:23.47   GameInfo::ResetInfo - SyncLevel set to 0 on reset
20:44:23.47   GameInfo::ResetInfo - SyncLevel set to 0 on reset
20:44:23.47   GameInfo::ResetInfo - SyncLevel set to 0 on reset
20:44:23.47   GameInfo::ResetInfo - SyncLevel set to 0 on reset
20:44:23.47   GameInfo::ResetInfo - SyncLevel set to 0 on reset
20:44:23.47   GameInfo::ResetInfo - SyncLevel set to 0 on reset
20:44:23.47   GAME -- Error reading header for recorded game PLAYBACK:fun_high_res_monti.rec
20:44:23.47   GameInfo::ResetInfo - SyncLevel set to 0 on reset
20:44:23.47   GameInfo::ResetInfo - SyncLevel set to 0 on reset
20:44:23.48   GameInfo::ResetInfo - SyncLevel set to 0 on reset
20:44:23.48   GameInfo::ResetInfo - SyncLevel set to 0 on reset
20:44:23.48   GameInfo::ResetInfo - SyncLevel set to 0 on reset
20:44:23.48   GameInfo::ResetInfo - SyncLevel set to 0 on reset
20:44:23.48   GameInfo::ResetInfo - SyncLevel set to 0 on reset
20:44:23.48   GameInfo::ResetInfo - SyncLevel set to 0 on reset
20:44:23.49   GameInfo::ResetInfo - SyncLevel set to 0 on reset
20:44:23.49   GameInfo::ResetInfo - SyncLevel set to 0 on reset
20:44:23.49   GameInfo::ResetInfo - SyncLevel set to 0 on reset
20:44:23.49   GameInfo::ResetInfo - SyncLevel set to 0 on reset
20:44:23.49   GameInfo::ResetInfo - SyncLevel set to 0 on reset
20:44:23.49   GameInfo::ResetInfo - SyncLevel set to 0 on reset
20:44:23.50   GameInfo::ResetInfo - SyncLevel set to 0 on reset
20:44:23.50   GameInfo::ResetInfo - SyncLevel set to 0 on reset
20:44:23.50   GameInfo::ResetInfo - SyncLevel set to 0 on reset
20:44:23.50   GameInfo::ResetInfo - SyncLevel set to 0 on reset
20:44:23.50   GameInfo::ResetInfo - SyncLevel set to 0 on reset
20:44:23.50   GameInfo::ResetInfo - SyncLevel set to 0 on reset
20:44:23.50   GameInfo::ResetInfo - SyncLevel set to 0 on reset
20:44:23.51   GAME -- Error reading header for recorded game PLAYBACK:gdfg.rec
20:44:23.51   GameInfo::ResetInfo - SyncLevel set to 0 on reset
20:44:23.51   GameInfo::ResetInfo - SyncLevel set to 0 on reset
20:44:23.51   GameInfo::ResetInfo - SyncLevel set to 0 on reset
20:44:23.51   GameInfo::ResetInfo - SyncLevel set to 0 on reset
20:44:23.51   GameInfo::ResetInfo - SyncLevel set to 0 on reset
20:44:23.51   GameInfo::ResetInfo - SyncLevel set to 0 on reset
20:44:23.52   GameInfo::ResetInfo - SyncLevel set to 0 on reset
20:44:23.52   GameInfo::ResetInfo - SyncLevel set to 0 on reset
20:44:23.52   GameInfo::ResetInfo - SyncLevel set to 0 on reset
20:44:23.52   GameInfo::ResetInfo - SyncLevel set to 0 on reset
20:44:23.52   GameInfo::ResetInfo - SyncLevel set to 0 on reset
20:44:23.52   GameInfo::ResetInfo - SyncLevel set to 0 on reset
20:44:23.52   GameInfo::ResetInfo - SyncLevel set to 0 on reset
20:44:23.52   GameInfo::ResetInfo - SyncLevel set to 0 on reset
20:44:23.53   GameInfo::ResetInfo - SyncLevel set to 0 on reset
20:44:23.53   GameInfo::ResetInfo - SyncLevel set to 0 on reset
20:44:23.53   GameInfo::ResetInfo - SyncLevel set to 0 on reset
20:44:23.53   GameInfo::ResetInfo - SyncLevel set to 0 on reset
20:44:23.53   GameInfo::ResetInfo - SyncLevel set to 0 on reset
20:44:23.53   GameInfo::ResetInfo - SyncLevel set to 0 on reset
20:44:23.53   GameInfo::ResetInfo - SyncLevel set to 0 on reset
20:44:23.54   GameInfo::ResetInfo - SyncLevel set to 0 on reset
20:44:23.54   GameInfo::ResetInfo - SyncLevel set to 0 on reset
20:44:23.54   GameInfo::ResetInfo - SyncLevel set to 0 on reset
20:44:23.54   GameInfo::ResetInfo - SyncLevel set to 0 on reset
20:44:23.54   GameInfo::ResetInfo - SyncLevel set to 0 on reset
20:44:23.54   GameInfo::ResetInfo - SyncLevel set to 0 on reset
20:44:23.54   GameInfo::ResetInfo - SyncLevel set to 0 on reset
20:44:23.54   GameInfo::ResetInfo - SyncLevel set to 0 on reset
20:44:23.55   GameInfo::ResetInfo - SyncLevel set to 0 on reset
20:44:23.55   GameInfo::ResetInfo - SyncLevel set to 0 on reset
20:44:23.55   GameInfo::ResetInfo - SyncLevel set to 0 on reset
20:44:23.55   GameInfo::ResetInfo - SyncLevel set to 0 on reset
20:44:23.55   GameInfo::ResetInfo - SyncLevel set to 0 on reset
20:44:23.55   GameInfo::ResetInfo - SyncLevel set to 0 on reset
20:44:23.56   GameInfo::ResetInfo - SyncLevel set to 0 on reset
20:44:23.56   GameInfo::ResetInfo - SyncLevel set to 0 on reset
20:44:23.56   GameInfo::ResetInfo - SyncLevel set to 0 on reset
20:44:23.56   GameInfo::ResetInfo - SyncLevel set to 0 on reset
20:44:23.56   GameInfo::ResetInfo - SyncLevel set to 0 on reset
20:44:23.56   GameInfo::ResetInfo - SyncLevel set to 0 on reset
20:44:23.57   GameInfo::ResetInfo - SyncLevel set to 0 on reset
20:44:23.57   GameInfo::ResetInfo - SyncLevel set to 0 on reset
20:44:23.57   GameInfo::ResetInfo - SyncLevel set to 0 on reset
20:44:23.57   GameInfo::ResetInfo - SyncLevel set to 0 on reset
20:44:23.57   GameInfo::ResetInfo - SyncLevel set to 0 on reset
20:44:23.57   GameInfo::ResetInfo - SyncLevel set to 0 on reset
20:44:23.57   GameInfo::ResetInfo - SyncLevel set to 0 on reset
20:44:23.58   GameInfo::ResetInfo - SyncLevel set to 0 on reset
20:44:23.58   GameInfo::ResetInfo - SyncLevel set to 0 on reset
20:44:23.58   GameInfo::ResetInfo - SyncLevel set to 0 on reset
20:44:23.58   GameInfo::ResetInfo - SyncLevel set to 0 on reset
20:44:23.58   GameInfo::ResetInfo - SyncLevel set to 0 on reset
20:44:23.58   GameInfo::ResetInfo - SyncLevel set to 0 on reset
20:44:23.58   GameInfo::ResetInfo - SyncLevel set to 0 on reset
20:44:23.58   GameInfo::ResetInfo - SyncLevel set to 0 on reset
20:44:23.59   GameInfo::ResetInfo - SyncLevel set to 0 on reset
20:44:23.59   GameInfo::ResetInfo - SyncLevel set to 0 on reset
20:44:23.59   GameInfo::ResetInfo - SyncLevel set to 0 on reset
20:44:23.59   GameInfo::ResetInfo - SyncLevel set to 0 on reset
20:44:23.59   GameInfo::ResetInfo - SyncLevel set to 0 on reset
20:44:23.59   GameInfo::ResetInfo - SyncLevel set to 0 on reset
20:44:23.60   GameInfo::ResetInfo - SyncLevel set to 0 on reset
20:44:23.60   GameInfo::ResetInfo - SyncLevel set to 0 on reset
20:44:23.60   GameInfo::ResetInfo - SyncLevel set to 0 on reset
20:44:23.60   GameInfo::ResetInfo - SyncLevel set to 0 on reset
20:44:23.60   GameInfo::ResetInfo - SyncLevel set to 0 on reset
20:44:23.60   GameInfo::ResetInfo - SyncLevel set to 0 on reset
20:44:23.60   GameInfo::ResetInfo - SyncLevel set to 0 on reset
20:44:23.61   GameInfo::ResetInfo - SyncLevel set to 0 on reset
20:44:23.61   GameInfo::ResetInfo - SyncLevel set to 0 on reset
20:44:23.61   GameInfo::ResetInfo - SyncLevel set to 0 on reset
20:44:23.61   GameInfo::ResetInfo - SyncLevel set to 0 on reset
20:44:23.61   GameInfo::ResetInfo - SyncLevel set to 0 on reset
20:44:23.61   GameInfo::ResetInfo - SyncLevel set to 0 on reset
20:44:23.62   GameInfo::ResetInfo - SyncLevel set to 0 on reset
20:44:23.62   GameInfo::ResetInfo - SyncLevel set to 0 on reset
20:44:23.62   GameInfo::ResetInfo - SyncLevel set to 0 on reset
20:44:23.62   GameInfo::ResetInfo - SyncLevel set to 0 on reset
20:44:23.62   GameInfo::ResetInfo - SyncLevel set to 0 on reset
20:44:23.62   GAME -- Error reading header for recorded game PLAYBACK:ischutz_mad.rec
20:44:23.62   GameInfo::ResetInfo - SyncLevel set to 0 on reset
20:44:23.62   GameInfo::ResetInfo - SyncLevel set to 0 on reset
20:44:23.62   GameInfo::ResetInfo - SyncLevel set to 0 on reset
20:44:23.63   GameInfo::ResetInfo - SyncLevel set to 0 on reset
20:44:23.63   GameInfo::ResetInfo - SyncLevel set to 0 on reset
20:44:23.63   GameInfo::ResetInfo - SyncLevel set to 0 on reset
20:44:23.63   GameInfo::ResetInfo - SyncLevel set to 0 on reset
20:44:23.63   GameInfo::ResetInfo - SyncLevel set to 0 on reset
20:44:23.63   GameInfo::ResetInfo - SyncLevel set to 0 on reset
20:44:23.63   GameInfo::ResetInfo - SyncLevel set to 0 on reset
20:44:23.63   GameInfo::ResetInfo - SyncLevel set to 0 on reset
20:44:23.63   GameInfo::ResetInfo - SyncLevel set to 0 on reset
20:44:23.63   GameInfo::ResetInfo - SyncLevel set to 0 on reset
20:44:23.63   GameInfo::ResetInfo - SyncLevel set to 0 on reset
20:44:23.64   GameInfo::ResetInfo - SyncLevel set to 0 on reset
20:44:23.64   GameInfo::ResetInfo - SyncLevel set to 0 on reset
20:44:23.64   GameInfo::ResetInfo - SyncLevel set to 0 on reset
20:44:23.64   GameInfo::ResetInfo - SyncLevel set to 0 on reset
20:44:23.64   GameInfo::ResetInfo - SyncLevel set to 0 on reset
20:44:23.64   GameInfo::ResetInfo - SyncLevel set to 0 on reset
20:44:23.64   GameInfo::ResetInfo - SyncLevel set to 0 on reset
20:44:23.65   GameInfo::ResetInfo - SyncLevel set to 0 on reset
20:44:23.65   GameInfo::ResetInfo - SyncLevel set to 0 on reset
20:44:23.65   GameInfo::ResetInfo - SyncLevel set to 0 on reset
20:44:23.65   GameInfo::ResetInfo - SyncLevel set to 0 on reset
20:44:23.65   GameInfo::ResetInfo - SyncLevel set to 0 on reset
20:44:23.65   GameInfo::ResetInfo - SyncLevel set to 0 on reset
20:44:23.65   GameInfo::ResetInfo - SyncLevel set to 0 on reset
20:44:23.65   GameInfo::ResetInfo - SyncLevel set to 0 on reset
20:44:23.66   GameInfo::ResetInfo - SyncLevel set to 0 on reset
20:44:23.66   GameInfo::ResetInfo - SyncLevel set to 0 on reset
20:44:23.66   GameInfo::ResetInfo - SyncLevel set to 0 on reset
20:44:23.66   GameInfo::ResetInfo - SyncLevel set to 0 on reset
20:44:23.66   GameInfo::ResetInfo - SyncLevel set to 0 on reset
20:44:23.66   GameInfo::ResetInfo - SyncLevel set to 0 on reset
20:44:23.67   GameInfo::ResetInfo - SyncLevel set to 0 on reset
20:44:23.67   GameInfo::ResetInfo - SyncLevel set to 0 on reset
20:44:23.67   GameInfo::ResetInfo - SyncLevel set to 0 on reset
20:44:23.67   GameInfo::ResetInfo - SyncLevel set to 0 on reset
20:44:23.67   GAME -- Error reading header for recorded game PLAYBACK:MONTARGIS REGION REVISED.2019-06-01.00-22-47.rec
20:44:23.67   GameInfo::ResetInfo - SyncLevel set to 0 on reset
20:44:23.67   GameInfo::ResetInfo - SyncLevel set to 0 on reset
20:44:23.67   GameInfo::ResetInfo - SyncLevel set to 0 on reset
20:44:23.67   GameInfo::ResetInfo - SyncLevel set to 0 on reset
20:44:23.67   GameInfo::ResetInfo - SyncLevel set to 0 on reset
20:44:23.68   GameInfo::ResetInfo - SyncLevel set to 0 on reset
20:44:23.68   GameInfo::ResetInfo - SyncLevel set to 0 on reset
20:44:23.68   GameInfo::ResetInfo - SyncLevel set to 0 on reset
20:44:23.68   GameInfo::ResetInfo - SyncLevel set to 0 on reset
20:44:23.68   GameInfo::ResetInfo - SyncLevel set to 0 on reset
20:44:23.68   GameInfo::ResetInfo - SyncLevel set to 0 on reset
20:44:23.68   GameInfo::ResetInfo - SyncLevel set to 0 on reset
20:44:23.68   GameInfo::ResetInfo - SyncLevel set to 0 on reset
20:44:23.68   GameInfo::ResetInfo - SyncLevel set to 0 on reset
20:44:23.68   GameInfo::ResetInfo - SyncLevel set to 0 on reset
20:44:23.69   GameInfo::ResetInfo - SyncLevel set to 0 on reset
20:44:23.69   GameInfo::ResetInfo - SyncLevel set to 0 on reset
20:44:23.69   GameInfo::ResetInfo - SyncLevel set to 0 on reset
20:44:23.69   GameInfo::ResetInfo - SyncLevel set to 0 on reset
20:44:23.69   GameInfo::ResetInfo - SyncLevel set to 0 on reset
20:44:23.69   GameInfo::ResetInfo - SyncLevel set to 0 on reset
20:44:23.69   GameInfo::ResetInfo - SyncLevel set to 0 on reset
20:44:23.69   GameInfo::ResetInfo - SyncLevel set to 0 on reset
20:44:23.69   GAME -- Error reading header for recorded game PLAYBACK:PE_Baserush_Counter__[GameReplays.org].rec
20:44:23.69   GameInfo::ResetInfo - SyncLevel set to 0 on reset
20:44:23.69   GameInfo::ResetInfo - SyncLevel set to 0 on reset
20:44:23.70   GameInfo::ResetInfo - SyncLevel set to 0 on reset
20:44:23.70   GameInfo::ResetInfo - SyncLevel set to 0 on reset
20:44:23.70   GameInfo::ResetInfo - SyncLevel set to 0 on reset
20:44:23.70   GameInfo::ResetInfo - SyncLevel set to 0 on reset
20:44:23.70   GameInfo::ResetInfo - SyncLevel set to 0 on reset
20:44:23.70   GameInfo::ResetInfo - SyncLevel set to 0 on reset
20:44:23.70   GameInfo::ResetInfo - SyncLevel set to 0 on reset
20:44:23.70   GameInfo::ResetInfo - SyncLevel set to 0 on reset
20:44:23.70   GameInfo::ResetInfo - SyncLevel set to 0 on reset
20:44:23.70   GameInfo::ResetInfo - SyncLevel set to 0 on reset
20:44:23.70   GameInfo::ResetInfo - SyncLevel set to 0 on reset
20:44:23.70   GameInfo::ResetInfo - SyncLevel set to 0 on reset
20:44:23.71   GameInfo::ResetInfo - SyncLevel set to 0 on reset
20:44:23.71   GameInfo::ResetInfo - SyncLevel set to 0 on reset
20:44:23.71   GameInfo::ResetInfo - SyncLevel set to 0 on reset
20:44:23.71   GameInfo::ResetInfo - SyncLevel set to 0 on reset
20:44:23.71   GameInfo::ResetInfo - SyncLevel set to 0 on reset
20:44:23.71   GameInfo::ResetInfo - SyncLevel set to 0 on reset
20:44:23.71   GameInfo::ResetInfo - SyncLevel set to 0 on reset
20:44:23.71   GameInfo::ResetInfo - SyncLevel set to 0 on reset
20:44:23.71   GameInfo::ResetInfo - SyncLevel set to 0 on reset
20:44:23.72   GameInfo::ResetInfo - SyncLevel set to 0 on reset
20:44:23.72   GAME -- Error reading header for recorded game PLAYBACK:Scheldt shit.rec
20:44:23.72   GameInfo::ResetInfo - SyncLevel set to 0 on reset
20:44:23.72   GameInfo::ResetInfo - SyncLevel set to 0 on reset
20:44:23.72   GameInfo::ResetInfo - SyncLevel set to 0 on reset
20:44:23.72   GameInfo::ResetInfo - SyncLevel set to 0 on reset
20:44:23.72   GameInfo::ResetInfo - SyncLevel set to 0 on reset
20:44:23.73   GameInfo::ResetInfo - SyncLevel set to 0 on reset
20:44:23.73   GameInfo::ResetInfo - SyncLevel set to 0 on reset
20:44:23.73   GameInfo::ResetInfo - SyncLevel set to 0 on reset
20:44:23.73   GameInfo::ResetInfo - SyncLevel set to 0 on reset
20:44:23.73   GameInfo::ResetInfo - SyncLevel set to 0 on reset
20:44:23.73   GameInfo::ResetInfo - SyncLevel set to 0 on reset
20:44:23.73   GameInfo::ResetInfo - SyncLevel set to 0 on reset
20:44:23.73   GameInfo::ResetInfo - SyncLevel set to 0 on reset
20:44:23.73   GameInfo::ResetInfo - SyncLevel set to 0 on reset
20:44:23.74   GameInfo::ResetInfo - SyncLevel set to 0 on reset
20:44:23.74   GameInfo::ResetInfo - SyncLevel set to 0 on reset
20:44:23.74   GameInfo::ResetInfo - SyncLevel set to 0 on reset
20:44:23.74   GameInfo::ResetInfo - SyncLevel set to 0 on reset
20:44:23.74   GameInfo::ResetInfo - SyncLevel set to 0 on reset
20:44:23.74   GameInfo::ResetInfo - SyncLevel set to 0 on reset
20:44:23.74   GameInfo::ResetInfo - SyncLevel set to 0 on reset
20:44:23.74   GameInfo::ResetInfo - SyncLevel set to 0 on reset
20:44:23.74   GameInfo::ResetInfo - SyncLevel set to 0 on reset
20:44:23.75   GameInfo::ResetInfo - SyncLevel set to 0 on reset
20:44:23.75   GameInfo::ResetInfo - SyncLevel set to 0 on reset
20:44:23.75   GameInfo::ResetInfo - SyncLevel set to 0 on reset
20:44:23.75   GameInfo::ResetInfo - SyncLevel set to 0 on reset
20:44:23.75   GameInfo::ResetInfo - SyncLevel set to 0 on reset
20:44:23.75   GameInfo::ResetInfo - SyncLevel set to 0 on reset
20:44:23.76   GameInfo::ResetInfo - SyncLevel set to 0 on reset
20:44:23.76   GameInfo::ResetInfo - SyncLevel set to 0 on reset
20:44:23.76   GameInfo::ResetInfo - SyncLevel set to 0 on reset
20:44:23.76   GameInfo::ResetInfo - SyncLevel set to 0 on reset
20:44:23.76   GameInfo::ResetInfo - SyncLevel set to 0 on reset
20:44:23.76   GameInfo::ResetInfo - SyncLevel set to 0 on reset
20:44:23.76   GameInfo::ResetInfo - SyncLevel set to 0 on reset
20:44:23.76   GameInfo::ResetInfo - SyncLevel set to 0 on reset
20:44:23.76   GameInfo::ResetInfo - SyncLevel set to 0 on reset
20:44:23.76   GameInfo::ResetInfo - SyncLevel set to 0 on reset
20:44:23.76   GameInfo::ResetInfo - SyncLevel set to 0 on reset
20:44:23.76   GameInfo::ResetInfo - SyncLevel set to 0 on reset
20:44:23.77   GameInfo::ResetInfo - SyncLevel set to 0 on reset
20:44:23.77   GameInfo::ResetInfo - SyncLevel set to 0 on reset
20:44:23.77   GameInfo::ResetInfo - SyncLevel set to 0 on reset
20:44:23.77   GameInfo::ResetInfo - SyncLevel set to 0 on reset
20:44:23.77   GameInfo::ResetInfo - SyncLevel set to 0 on reset
20:44:23.77   GameInfo::ResetInfo - SyncLevel set to 0 on reset
20:44:23.77   GameInfo::ResetInfo - SyncLevel set to 0 on reset
20:44:23.77   GameInfo::ResetInfo - SyncLevel set to 0 on reset
20:44:23.77   GameInfo::ResetInfo - SyncLevel set to 0 on reset
20:44:23.78   GameInfo::ResetInfo - SyncLevel set to 0 on reset
20:44:23.78   GameInfo::ResetInfo - SyncLevel set to 0 on reset
20:44:23.78   GameInfo::ResetInfo - SyncLevel set to 0 on reset
20:44:23.78   GameInfo::ResetInfo - SyncLevel set to 0 on reset
20:44:23.78   GameInfo::ResetInfo - SyncLevel set to 0 on reset
20:44:23.78   GameInfo::ResetInfo - SyncLevel set to 0 on reset
20:44:23.79   GameInfo::ResetInfo - SyncLevel set to 0 on reset
20:44:23.79   GameInfo::ResetInfo - SyncLevel set to 0 on reset
20:44:23.79   GameInfo::ResetInfo - SyncLevel set to 0 on reset
20:44:23.79   GameInfo::ResetInfo - SyncLevel set to 0 on reset
20:44:23.79   GameInfo::ResetInfo - SyncLevel set to 0 on reset
20:44:23.79   GameInfo::ResetInfo - SyncLevel set to 0 on reset
20:44:23.80   GameInfo::ResetInfo - SyncLevel set to 0 on reset
20:44:23.80   GameInfo::ResetInfo - SyncLevel set to 0 on reset
20:44:23.80   GameInfo::ResetInfo - SyncLevel set to 0 on reset
20:44:23.80   GameInfo::ResetInfo - SyncLevel set to 0 on reset
20:44:23.80   GameInfo::ResetInfo - SyncLevel set to 0 on reset
20:44:23.80   GameInfo::ResetInfo - SyncLevel set to 0 on reset
20:44:23.81   GameInfo::ResetInfo - SyncLevel set to 0 on reset
20:44:23.81   GameInfo::ResetInfo - SyncLevel set to 0 on reset
20:44:23.81   GameInfo::ResetInfo - SyncLevel set to 0 on reset
20:44:23.81   GameInfo::ResetInfo - SyncLevel set to 0 on reset
20:44:23.81   GameInfo::ResetInfo - SyncLevel set to 0 on reset
20:44:23.81   GameInfo::ResetInfo - SyncLevel set to 0 on reset
20:44:23.81   GameInfo::ResetInfo - SyncLevel set to 0 on reset
20:44:23.81   GameInfo::ResetInfo - SyncLevel set to 0 on reset
20:44:23.81   GameInfo::ResetInfo - SyncLevel set to 0 on reset
20:44:23.82   GameInfo::ResetInfo - SyncLevel set to 0 on reset
20:44:23.82   GameInfo::ResetInfo - SyncLevel set to 0 on reset
20:44:23.82   GameInfo::ResetInfo - SyncLevel set to 0 on reset
20:44:23.82   GameInfo::ResetInfo - SyncLevel set to 0 on reset
20:44:23.82   GameInfo::ResetInfo - SyncLevel set to 0 on reset
20:44:23.82   GameInfo::ResetInfo - SyncLevel set to 0 on reset
20:44:23.83   GameInfo::ResetInfo - SyncLevel set to 0 on reset
20:44:23.83   GameInfo::ResetInfo - SyncLevel set to 0 on reset
20:44:23.83   GameInfo::ResetInfo - SyncLevel set to 0 on reset
20:44:23.83   GameInfo::ResetInfo - SyncLevel set to 0 on reset
20:44:23.83   GameInfo::ResetInfo - SyncLevel set to 0 on reset
20:44:23.83   GameInfo::ResetInfo - SyncLevel set to 0 on reset
20:44:23.83   GameInfo::ResetInfo - SyncLevel set to 0 on reset
20:44:23.84   GameInfo::ResetInfo - SyncLevel set to 0 on reset
20:44:23.84   GameInfo::ResetInfo - SyncLevel set to 0 on reset
20:44:23.84   GameInfo::ResetInfo - SyncLevel set to 0 on reset
20:44:23.84   GameInfo::ResetInfo - SyncLevel set to 0 on reset
20:44:23.84   GameInfo::ResetInfo - SyncLevel set to 0 on reset
20:44:23.84   GameInfo::ResetInfo - SyncLevel set to 0 on reset
20:44:23.84   GameInfo::ResetInfo - SyncLevel set to 0 on reset
20:44:23.84   GameInfo::ResetInfo - SyncLevel set to 0 on reset
20:44:23.84   GameInfo::ResetInfo - SyncLevel set to 0 on reset
20:44:23.85   GameInfo::ResetInfo - SyncLevel set to 0 on reset
20:44:23.85   GameInfo::ResetInfo - SyncLevel set to 0 on reset
20:44:23.85   GameInfo::ResetInfo - SyncLevel set to 0 on reset
20:44:23.85   GameInfo::ResetInfo - SyncLevel set to 0 on reset
20:44:23.85   GameInfo::ResetInfo - SyncLevel set to 0 on reset
20:44:23.85   GameInfo::ResetInfo - SyncLevel set to 0 on reset
20:44:23.85   GameInfo::ResetInfo - SyncLevel set to 0 on reset
20:44:23.85   GameInfo::ResetInfo - SyncLevel set to 0 on reset
20:44:23.85   GameInfo::ResetInfo - SyncLevel set to 0 on reset
20:44:25.35   Activating screen: OnlineSelectGame
20:44:25.35   Activating screen: RelicOnlineTabs
20:44:25.37   FILESYSTEM -- filepath failure, missing alias '.sgb'
20:44:25.37   FILESYSTEM -- filepath failure, missing alias '.sgb'
20:44:25.39   GameInfo::ResetInfo - SyncLevel set to 0 on reset
20:44:25.39   GameInfo::ResetInfo - SyncLevel set to 0 on reset
20:44:25.39   GameInfo::ResetInfo - SyncLevel set to 0 on reset
20:44:25.39   GameInfo::ResetInfo - SyncLevel set to 0 on reset
20:44:25.39   GameInfo::ResetInfo - SyncLevel set to 0 on reset
20:44:25.39   GameInfo::ResetInfo - SyncLevel set to 0 on reset
20:44:25.40   GameInfo::ResetInfo - SyncLevel set to 0 on reset
20:44:25.40   GameInfo::ResetInfo - SyncLevel set to 0 on reset
20:44:25.40   GameInfo::ResetInfo - SyncLevel set to 0 on reset
20:44:25.40   GameInfo::ResetInfo - SyncLevel set to 0 on reset
20:44:25.40   GameInfo::ResetInfo - SyncLevel set to 0 on reset
20:44:25.40   GameInfo::ResetInfo - SyncLevel set to 0 on reset
20:44:25.40   GameInfo::ResetInfo - SyncLevel set to 0 on reset
20:44:25.40   GameInfo::ResetInfo - SyncLevel set to 0 on reset
20:44:25.40   GameInfo::ResetInfo - SyncLevel set to 0 on reset
20:44:25.40   GameInfo::ResetInfo - SyncLevel set to 0 on reset
20:44:25.40   GameInfo::ResetInfo - SyncLevel set to 0 on reset
20:44:25.40   GameInfo::ResetInfo - SyncLevel set to 0 on reset
20:44:25.40   GameInfo::ResetInfo - SyncLevel set to 0 on reset
20:44:25.40   GameInfo::ResetInfo - SyncLevel set to 0 on reset
20:44:25.40   GameInfo::ResetInfo - SyncLevel set to 0 on reset
20:44:25.40   GameInfo::ResetInfo - SyncLevel set to 0 on reset
20:44:25.40   GameInfo::ResetInfo - SyncLevel set to 0 on reset
20:44:25.40   GameInfo::ResetInfo - SyncLevel set to 0 on reset
20:44:25.40   GameInfo::ResetInfo - SyncLevel set to 0 on reset
20:44:25.40   GameInfo::ResetInfo - SyncLevel set to 0 on reset
20:44:25.40   GameInfo::ResetInfo - SyncLevel set to 0 on reset
20:44:25.40   GameInfo::ResetInfo - SyncLevel set to 0 on reset
20:44:25.40   GameInfo::ResetInfo - SyncLevel set to 0 on reset
20:44:25.40   GameInfo::ResetInfo - SyncLevel set to 0 on reset
20:44:25.40   GameInfo::ResetInfo - SyncLevel set to 0 on reset
20:44:25.40   GameInfo::ResetInfo - SyncLevel set to 0 on reset
20:44:25.40   GameInfo::ResetInfo - SyncLevel set to 0 on reset
20:44:25.40   GameInfo::ResetInfo - SyncLevel set to 0 on reset
20:44:25.40   GameInfo::ResetInfo - SyncLevel set to 0 on reset
20:44:25.40   GameInfo::ResetInfo - SyncLevel set to 0 on reset
20:44:25.41   GameInfo::ResetInfo - SyncLevel set to 0 on reset
20:44:25.41   GameInfo::ResetInfo - SyncLevel set to 0 on reset
20:44:25.41   GameInfo::ResetInfo - SyncLevel set to 0 on reset
20:44:25.41   GameInfo::ResetInfo - SyncLevel set to 0 on reset
20:44:25.41   GameInfo::ResetInfo - SyncLevel set to 0 on reset
20:44:25.41   GameInfo::ResetInfo - SyncLevel set to 0 on reset
20:44:25.41   GameInfo::ResetInfo - SyncLevel set to 0 on reset
20:44:25.41   GameInfo::ResetInfo - SyncLevel set to 0 on reset
20:44:25.41   GameInfo::ResetInfo - SyncLevel set to 0 on reset
20:44:25.41   GameInfo::ResetInfo - SyncLevel set to 0 on reset
20:44:25.41   GameInfo::ResetInfo - SyncLevel set to 0 on reset
20:44:25.41   GameInfo::ResetInfo - SyncLevel set to 0 on reset
20:44:25.41   GameInfo::ResetInfo - SyncLevel set to 0 on reset
20:44:25.41   GameInfo::ResetInfo - SyncLevel set to 0 on reset
20:44:25.41   GameInfo::ResetInfo - SyncLevel set to 0 on reset
20:44:25.41   GameInfo::ResetInfo - SyncLevel set to 0 on reset
20:44:25.41   GameInfo::ResetInfo - SyncLevel set to 0 on reset
20:44:25.41   GameInfo::ResetInfo - SyncLevel set to 0 on reset
20:44:25.41   GameInfo::ResetInfo - SyncLevel set to 0 on reset
20:44:25.42   GameInfo::ResetInfo - SyncLevel set to 0 on reset
20:44:25.42   GameInfo::ResetInfo - SyncLevel set to 0 on reset
20:44:25.42   GameInfo::ResetInfo - SyncLevel set to 0 on reset
20:44:25.42   GameInfo::ResetInfo - SyncLevel set to 0 on reset
20:44:25.42   GameInfo::ResetInfo - SyncLevel set to 0 on reset
20:44:25.42   GameInfo::ResetInfo - SyncLevel set to 0 on reset
20:44:25.42   GameInfo::ResetInfo - SyncLevel set to 0 on reset
20:44:25.42   GameInfo::ResetInfo - SyncLevel set to 0 on reset
20:44:25.42   GameInfo::ResetInfo - SyncLevel set to 0 on reset
20:44:25.42   GameInfo::ResetInfo - SyncLevel set to 0 on reset
20:44:25.42   GameInfo::ResetInfo - SyncLevel set to 0 on reset
20:44:25.42   GameInfo::ResetInfo - SyncLevel set to 0 on reset
20:44:25.42   GameInfo::ResetInfo - SyncLevel set to 0 on reset
20:44:25.42   GameInfo::ResetInfo - SyncLevel set to 0 on reset
20:44:25.42   GameInfo::ResetInfo - SyncLevel set to 0 on reset
20:44:25.42   GameInfo::ResetInfo - SyncLevel set to 0 on reset
20:44:25.42   GameInfo::ResetInfo - SyncLevel set to 0 on reset
20:44:25.42   GameInfo::ResetInfo - SyncLevel set to 0 on reset
20:44:25.42   GameInfo::ResetInfo - SyncLevel set to 0 on reset
20:44:25.42   GameInfo::ResetInfo - SyncLevel set to 0 on reset
20:44:25.42   GameInfo::ResetInfo - SyncLevel set to 0 on reset
20:44:25.42   GameInfo::ResetInfo - SyncLevel set to 0 on reset
20:44:25.42   GameInfo::ResetInfo - SyncLevel set to 0 on reset
20:44:25.43   GameInfo::ResetInfo - SyncLevel set to 0 on reset
20:44:25.43   GameInfo::ResetInfo - SyncLevel set to 0 on reset
20:44:25.43   GameInfo::ResetInfo - SyncLevel set to 0 on reset
20:44:25.43   GameInfo::ResetInfo - SyncLevel set to 0 on reset
20:44:25.43   GameInfo::ResetInfo - SyncLevel set to 0 on reset
20:44:25.43   GameInfo::ResetInfo - SyncLevel set to 0 on reset
20:44:25.43   GameInfo::ResetInfo - SyncLevel set to 0 on reset
20:44:25.43   GameInfo::ResetInfo - SyncLevel set to 0 on reset
20:44:25.43   GameInfo::ResetInfo - SyncLevel set to 0 on reset
20:44:25.43   GameInfo::ResetInfo - SyncLevel set to 0 on reset
20:44:25.43   GameInfo::ResetInfo - SyncLevel set to 0 on reset
20:44:25.43   GameInfo::ResetInfo - SyncLevel set to 0 on reset
20:44:25.43   GameInfo::ResetInfo - SyncLevel set to 0 on reset
20:44:25.43   GameInfo::ResetInfo - SyncLevel set to 0 on reset
20:44:25.43   GameInfo::ResetInfo - SyncLevel set to 0 on reset
20:44:25.43   GameInfo::ResetInfo - SyncLevel set to 0 on reset
20:44:25.43   GameInfo::ResetInfo - SyncLevel set to 0 on reset
20:44:25.43   GameInfo::ResetInfo - SyncLevel set to 0 on reset
20:44:25.43   GameInfo::ResetInfo - SyncLevel set to 0 on reset
20:44:25.43   GameInfo::ResetInfo - SyncLevel set to 0 on reset
20:44:25.43   GameInfo::ResetInfo - SyncLevel set to 0 on reset
20:44:25.43   GameInfo::ResetInfo - SyncLevel set to 0 on reset
20:44:25.43   GameInfo::ResetInfo - SyncLevel set to 0 on reset
20:44:25.43   GameInfo::ResetInfo - SyncLevel set to 0 on reset
20:44:25.43   GameInfo::ResetInfo - SyncLevel set to 0 on reset
20:44:25.43   GameInfo::ResetInfo - SyncLevel set to 0 on reset
20:44:25.43   GameInfo::ResetInfo - SyncLevel set to 0 on reset
20:44:25.43   GameInfo::ResetInfo - SyncLevel set to 0 on reset
20:44:25.43   GameInfo::ResetInfo - SyncLevel set to 0 on reset
20:44:25.43   GameInfo::ResetInfo - SyncLevel set to 0 on reset
20:44:25.44   GameInfo::ResetInfo - SyncLevel set to 0 on reset
20:44:25.44   GameInfo::ResetInfo - SyncLevel set to 0 on reset
20:44:25.44   GameInfo::ResetInfo - SyncLevel set to 0 on reset
20:44:25.44   GameInfo::ResetInfo - SyncLevel set to 0 on reset
20:44:25.44   GameInfo::ResetInfo - SyncLevel set to 0 on reset
20:44:25.44   GameInfo::ResetInfo - SyncLevel set to 0 on reset
20:44:25.44   GameInfo::ResetInfo - SyncLevel set to 0 on reset
20:44:25.44   GameInfo::ResetInfo - SyncLevel set to 0 on reset
20:44:25.44   GameInfo::ResetInfo - SyncLevel set to 0 on reset
20:44:25.44   GameInfo::ResetInfo - SyncLevel set to 0 on reset
20:44:25.44   GameInfo::ResetInfo - SyncLevel set to 0 on reset
20:44:25.44   GameInfo::ResetInfo - SyncLevel set to 0 on reset
20:44:25.44   GameInfo::ResetInfo - SyncLevel set to 0 on reset
20:44:25.44   GameInfo::ResetInfo - SyncLevel set to 0 on reset
20:44:25.44   GameInfo::ResetInfo - SyncLevel set to 0 on reset
20:44:25.44   GameInfo::ResetInfo - SyncLevel set to 0 on reset
20:44:25.44   GameInfo::ResetInfo - SyncLevel set to 0 on reset
20:44:25.44   GameInfo::ResetInfo - SyncLevel set to 0 on reset
20:44:25.44   GameInfo::ResetInfo - SyncLevel set to 0 on reset
20:44:25.44   GameInfo::ResetInfo - SyncLevel set to 0 on reset
20:44:25.44   GameInfo::ResetInfo - SyncLevel set to 0 on reset
20:44:25.44   GameInfo::ResetInfo - SyncLevel set to 0 on reset
20:44:25.44   GameInfo::ResetInfo - SyncLevel set to 0 on reset
20:44:25.44   GameInfo::ResetInfo - SyncLevel set to 0 on reset
20:44:25.45   GameInfo::ResetInfo - SyncLevel set to 0 on reset
20:44:25.45   GameInfo::ResetInfo - SyncLevel set to 0 on reset
20:44:25.45   GameInfo::ResetInfo - SyncLevel set to 0 on reset
20:44:25.45   GameInfo::ResetInfo - SyncLevel set to 0 on reset
20:44:25.45   GameInfo::ResetInfo - SyncLevel set to 0 on reset
20:44:25.45   GameInfo::ResetInfo - SyncLevel set to 0 on reset
20:44:25.45   GameInfo::ResetInfo - SyncLevel set to 0 on reset
20:44:25.45   GameInfo::ResetInfo - SyncLevel set to 0 on reset
20:44:25.45   GameInfo::ResetInfo - SyncLevel set to 0 on reset
20:44:25.45   GameInfo::ResetInfo - SyncLevel set to 0 on reset
20:44:25.45   GameInfo::ResetInfo - SyncLevel set to 0 on reset
20:44:25.45   GameInfo::ResetInfo - SyncLevel set to 0 on reset
20:44:25.45   GameInfo::ResetInfo - SyncLevel set to 0 on reset
20:44:25.45   GameInfo::ResetInfo - SyncLevel set to 0 on reset
20:44:25.45   GameInfo::ResetInfo - SyncLevel set to 0 on reset
20:44:25.45   GameInfo::ResetInfo - SyncLevel set to 0 on reset
20:44:25.45   GameInfo::ResetInfo - SyncLevel set to 0 on reset
20:44:25.45   GameInfo::ResetInfo - SyncLevel set to 0 on reset
20:44:25.45   GameInfo::ResetInfo - SyncLevel set to 0 on reset
20:44:25.45   GameInfo::ResetInfo - SyncLevel set to 0 on reset
20:44:25.45   GameInfo::ResetInfo - SyncLevel set to 0 on reset
20:44:25.45   GameInfo::ResetInfo - SyncLevel set to 0 on reset
20:44:25.45   GameInfo::ResetInfo - SyncLevel set to 0 on reset
20:44:25.45   GameInfo::ResetInfo - SyncLevel set to 0 on reset
20:44:25.45   GameInfo::ResetInfo - SyncLevel set to 0 on reset
20:44:25.45   GameInfo::ResetInfo - SyncLevel set to 0 on reset
20:44:25.45   GameInfo::ResetInfo - SyncLevel set to 0 on reset
20:44:25.45   GameInfo::ResetInfo - SyncLevel set to 0 on reset
20:44:25.45   GameInfo::ResetInfo - SyncLevel set to 0 on reset
20:44:25.45   GameInfo::ResetInfo - SyncLevel set to 0 on reset
20:44:25.46   GameInfo::ResetInfo - SyncLevel set to 0 on reset
20:44:25.46   GameInfo::ResetInfo - SyncLevel set to 0 on reset
20:44:25.46   GameInfo::ResetInfo - SyncLevel set to 0 on reset
20:44:25.46   GameInfo::ResetInfo - SyncLevel set to 0 on reset
20:44:25.46   GameInfo::ResetInfo - SyncLevel set to 0 on reset
20:44:25.46   GameInfo::ResetInfo - SyncLevel set to 0 on reset
20:44:25.46   GameInfo::ResetInfo - SyncLevel set to 0 on reset
20:44:25.46   GameInfo::ResetInfo - SyncLevel set to 0 on reset
20:44:25.46   GameInfo::ResetInfo - SyncLevel set to 0 on reset
20:44:25.46   GameInfo::ResetInfo - SyncLevel set to 0 on reset
20:44:25.46   GameInfo::ResetInfo - SyncLevel set to 0 on reset
20:44:25.46   GameInfo::ResetInfo - SyncLevel set to 0 on reset
20:44:25.46   GameInfo::ResetInfo - SyncLevel set to 0 on reset
20:44:25.46   GameInfo::ResetInfo - SyncLevel set to 0 on reset
20:44:25.46   GameInfo::ResetInfo - SyncLevel set to 0 on reset
20:44:25.46   GameInfo::ResetInfo - SyncLevel set to 0 on reset
20:44:25.46   GameInfo::ResetInfo - SyncLevel set to 0 on reset
20:44:25.46   GameInfo::ResetInfo - SyncLevel set to 0 on reset
20:44:25.46   GameInfo::ResetInfo - SyncLevel set to 0 on reset
20:44:25.46   GameInfo::ResetInfo - SyncLevel set to 0 on reset
20:44:25.46   GameInfo::ResetInfo - SyncLevel set to 0 on reset
20:44:25.46   GameInfo::ResetInfo - SyncLevel set to 0 on reset
20:44:25.46   GameInfo::ResetInfo - SyncLevel set to 0 on reset
20:44:25.46   GameInfo::ResetInfo - SyncLevel set to 0 on reset
20:44:25.46   GameInfo::ResetInfo - SyncLevel set to 0 on reset
20:44:25.46   GameInfo::ResetInfo - SyncLevel set to 0 on reset
20:44:25.46   GameInfo::ResetInfo - SyncLevel set to 0 on reset
20:44:25.46   GameInfo::ResetInfo - SyncLevel set to 0 on reset
20:44:25.46   GameInfo::ResetInfo - SyncLevel set to 0 on reset
20:44:25.46   GameInfo::ResetInfo - SyncLevel set to 0 on reset
20:44:25.47   GameInfo::ResetInfo - SyncLevel set to 0 on reset
20:44:25.47   GameInfo::ResetInfo - SyncLevel set to 0 on reset
20:44:25.47   GameInfo::ResetInfo - SyncLevel set to 0 on reset
20:44:25.47   GameInfo::ResetInfo - SyncLevel set to 0 on reset
20:44:25.47   GameInfo::ResetInfo - SyncLevel set to 0 on reset
20:44:25.47   GameInfo::ResetInfo - SyncLevel set to 0 on reset
20:44:25.47   GameInfo::ResetInfo - SyncLevel set to 0 on reset
20:44:25.47   GameInfo::ResetInfo - SyncLevel set to 0 on reset
20:44:25.47   GameInfo::ResetInfo - SyncLevel set to 0 on reset
20:44:25.47   GameInfo::ResetInfo - SyncLevel set to 0 on reset
20:44:25.47   GameInfo::ResetInfo - SyncLevel set to 0 on reset
20:44:25.47   GameInfo::ResetInfo - SyncLevel set to 0 on reset
20:44:25.47   GameInfo::ResetInfo - SyncLevel set to 0 on reset
20:44:25.47   GameInfo::ResetInfo - SyncLevel set to 0 on reset
20:44:25.47   GameInfo::ResetInfo - SyncLevel set to 0 on reset
20:44:25.47   GameInfo::ResetInfo - SyncLevel set to 0 on reset
20:44:25.47   GameInfo::ResetInfo - SyncLevel set to 0 on reset
20:44:25.47   GameInfo::ResetInfo - SyncLevel set to 0 on reset
20:44:25.47   GameInfo::ResetInfo - SyncLevel set to 0 on reset
20:44:25.47   GameInfo::ResetInfo - SyncLevel set to 0 on reset
20:44:25.47   GameInfo::ResetInfo - SyncLevel set to 0 on reset
20:44:25.47   GameInfo::ResetInfo - SyncLevel set to 0 on reset
20:44:25.47   GameInfo::ResetInfo - SyncLevel set to 0 on reset
20:44:25.47   GameInfo::ResetInfo - SyncLevel set to 0 on reset
20:44:25.47   GameInfo::ResetInfo - SyncLevel set to 0 on reset
20:44:25.47   GameInfo::ResetInfo - SyncLevel set to 0 on reset
20:44:25.47   GameInfo::ResetInfo - SyncLevel set to 0 on reset
20:44:25.48   GameInfo::ResetInfo - SyncLevel set to 0 on reset
20:44:25.48   GameInfo::ResetInfo - SyncLevel set to 0 on reset
20:44:25.48   GameInfo::ResetInfo - SyncLevel set to 0 on reset
20:44:25.48   GameInfo::ResetInfo - SyncLevel set to 0 on reset
20:44:25.48   GameInfo::ResetInfo - SyncLevel set to 0 on reset
20:44:25.48   GameInfo::ResetInfo - SyncLevel set to 0 on reset
20:44:25.48   GameInfo::ResetInfo - SyncLevel set to 0 on reset
20:44:25.48   GameInfo::ResetInfo - SyncLevel set to 0 on reset
20:44:25.48   GameInfo::ResetInfo - SyncLevel set to 0 on reset
20:44:25.48   GameInfo::ResetInfo - SyncLevel set to 0 on reset
20:44:25.48   GameInfo::ResetInfo - SyncLevel set to 0 on reset
20:44:25.48   GameInfo::ResetInfo - SyncLevel set to 0 on reset
20:44:25.48   GameInfo::ResetInfo - SyncLevel set to 0 on reset
20:44:25.48   GameInfo::ResetInfo - SyncLevel set to 0 on reset
20:44:25.48   GameInfo::ResetInfo - SyncLevel set to 0 on reset
20:44:25.48   GameInfo::ResetInfo - SyncLevel set to 0 on reset
20:44:25.48   GameInfo::ResetInfo - SyncLevel set to 0 on reset
20:44:25.48   GameInfo::ResetInfo - SyncLevel set to 0 on reset
20:44:25.48   GameInfo::ResetInfo - SyncLevel set to 0 on reset
20:44:25.48   GameInfo::ResetInfo - SyncLevel set to 0 on reset
20:44:25.48   GameInfo::ResetInfo - SyncLevel set to 0 on reset
20:44:25.48   GameInfo::ResetInfo - SyncLevel set to 0 on reset
20:44:25.48   GameInfo::ResetInfo - SyncLevel set to 0 on reset
20:44:25.48   GameInfo::ResetInfo - SyncLevel set to 0 on reset
20:44:25.48   GameInfo::ResetInfo - SyncLevel set to 0 on reset
20:44:25.48   GameInfo::ResetInfo - SyncLevel set to 0 on reset
20:44:25.48   GameInfo::ResetInfo - SyncLevel set to 0 on reset
20:44:25.48   GameInfo::ResetInfo - SyncLevel set to 0 on reset
20:44:25.48   GameInfo::ResetInfo - SyncLevel set to 0 on reset
20:44:25.49   GameInfo::ResetInfo - SyncLevel set to 0 on reset
20:44:25.49   GameInfo::ResetInfo - SyncLevel set to 0 on reset
20:44:25.49   GameInfo::ResetInfo - SyncLevel set to 0 on reset
20:44:25.49   GameInfo::ResetInfo - SyncLevel set to 0 on reset
20:44:25.49   GameInfo::ResetInfo - SyncLevel set to 0 on reset
20:44:25.49   GameInfo::ResetInfo - SyncLevel set to 0 on reset
20:44:25.49   GameInfo::ResetInfo - SyncLevel set to 0 on reset
20:44:25.49   GameInfo::ResetInfo - SyncLevel set to 0 on reset
20:44:25.49   GameInfo::ResetInfo - SyncLevel set to 0 on reset
20:44:25.49   GameInfo::ResetInfo - SyncLevel set to 0 on reset
20:44:25.49   GameInfo::ResetInfo - SyncLevel set to 0 on reset
20:44:25.49   GameInfo::ResetInfo - SyncLevel set to 0 on reset
20:44:25.49   GameInfo::ResetInfo - SyncLevel set to 0 on reset
20:44:25.49   GameInfo::ResetInfo - SyncLevel set to 0 on reset
20:44:25.49   GameInfo::ResetInfo - SyncLevel set to 0 on reset
20:44:25.49   GameInfo::ResetInfo - SyncLevel set to 0 on reset
20:44:25.49   GameInfo::ResetInfo - SyncLevel set to 0 on reset
20:44:25.49   GameInfo::ResetInfo - SyncLevel set to 0 on reset
20:44:25.49   GameInfo::ResetInfo - SyncLevel set to 0 on reset
20:44:25.49   GameInfo::ResetInfo - SyncLevel set to 0 on reset
20:44:25.49   GameInfo::ResetInfo - SyncLevel set to 0 on reset
20:44:25.49   GameInfo::ResetInfo - SyncLevel set to 0 on reset
20:44:25.49   GameInfo::ResetInfo - SyncLevel set to 0 on reset
20:44:25.49   GameInfo::ResetInfo - SyncLevel set to 0 on reset
20:44:25.49   GameInfo::ResetInfo - SyncLevel set to 0 on reset
20:44:25.49   GameInfo::ResetInfo - SyncLevel set to 0 on reset
20:44:25.49   GameInfo::ResetInfo - SyncLevel set to 0 on reset
20:44:25.49   GameInfo::ResetInfo - SyncLevel set to 0 on reset
20:44:25.49   GameInfo::ResetInfo - SyncLevel set to 0 on reset
20:44:25.49   GameInfo::ResetInfo - SyncLevel set to 0 on reset
20:44:25.50   GameInfo::ResetInfo - SyncLevel set to 0 on reset
20:44:25.50   GameInfo::ResetInfo - SyncLevel set to 0 on reset
20:44:25.50   GameInfo::ResetInfo - SyncLevel set to 0 on reset
20:44:25.50   GameInfo::ResetInfo - SyncLevel set to 0 on reset
20:44:25.50   GameInfo::ResetInfo - SyncLevel set to 0 on reset
20:44:25.50   GameInfo::ResetInfo - SyncLevel set to 0 on reset
20:44:25.50   GameInfo::ResetInfo - SyncLevel set to 0 on reset
20:44:25.50   GameInfo::ResetInfo - SyncLevel set to 0 on reset
20:44:25.50   GameInfo::ResetInfo - SyncLevel set to 0 on reset
20:44:25.50   GameInfo::ResetInfo - SyncLevel set to 0 on reset
20:44:25.50   GameInfo::ResetInfo - SyncLevel set to 0 on reset
20:44:25.50   GameInfo::ResetInfo - SyncLevel set to 0 on reset
20:44:25.50   GameInfo::ResetInfo - SyncLevel set to 0 on reset
20:44:25.50   GameInfo::ResetInfo - SyncLevel set to 0 on reset
20:44:25.50   GameInfo::ResetInfo - SyncLevel set to 0 on reset
20:44:25.50   GameInfo::ResetInfo - SyncLevel set to 0 on reset
20:44:25.50   GameInfo::ResetInfo - SyncLevel set to 0 on reset
20:44:25.50   GameInfo::ResetInfo - SyncLevel set to 0 on reset
20:44:25.50   GameInfo::ResetInfo - SyncLevel set to 0 on reset
20:44:25.50   GameInfo::ResetInfo - SyncLevel set to 0 on reset
20:44:25.50   GameInfo::ResetInfo - SyncLevel set to 0 on reset
20:44:25.50   GameInfo::ResetInfo - SyncLevel set to 0 on reset
20:44:25.50   GameInfo::ResetInfo - SyncLevel set to 0 on reset
20:44:25.50   GameInfo::ResetInfo - SyncLevel set to 0 on reset
20:44:25.50   GameInfo::ResetInfo - SyncLevel set to 0 on reset
20:44:25.50   GameInfo::ResetInfo - SyncLevel set to 0 on reset
20:44:25.50   GameInfo::ResetInfo - SyncLevel set to 0 on reset
20:44:25.50   GameInfo::ResetInfo - SyncLevel set to 0 on reset
20:44:25.50   GameInfo::ResetInfo - SyncLevel set to 0 on reset
20:44:25.50   GameInfo::ResetInfo - SyncLevel set to 0 on reset
20:44:25.50   GameInfo::ResetInfo - SyncLevel set to 0 on reset
20:44:25.50   GameInfo::ResetInfo - SyncLevel set to 0 on reset
20:44:25.50   GameInfo::ResetInfo - SyncLevel set to 0 on reset
20:44:25.50   GameInfo::ResetInfo - SyncLevel set to 0 on reset
20:44:25.51   GameInfo::ResetInfo - SyncLevel set to 0 on reset
20:44:25.51   GameInfo::ResetInfo - SyncLevel set to 0 on reset
20:44:25.51   GameInfo::ResetInfo - SyncLevel set to 0 on reset
20:44:25.51   GameInfo::ResetInfo - SyncLevel set to 0 on reset
20:44:25.51   GameInfo::ResetInfo - SyncLevel set to 0 on reset
20:44:25.51   GameInfo::ResetInfo - SyncLevel set to 0 on reset
20:44:25.51   GameInfo::ResetInfo - SyncLevel set to 0 on reset
20:44:25.51   GameInfo::ResetInfo - SyncLevel set to 0 on reset
20:44:25.51   GameInfo::ResetInfo - SyncLevel set to 0 on reset
20:44:25.51   GameInfo::ResetInfo - SyncLevel set to 0 on reset
20:44:25.51   GameInfo::ResetInfo - SyncLevel set to 0 on reset
20:44:25.51   GameInfo::ResetInfo - SyncLevel set to 0 on reset
20:44:25.51   GameInfo::ResetInfo - SyncLevel set to 0 on reset
20:44:25.51   GameInfo::ResetInfo - SyncLevel set to 0 on reset
20:44:25.51   GameInfo::ResetInfo - SyncLevel set to 0 on reset
20:44:25.51   GameInfo::ResetInfo - SyncLevel set to 0 on reset
20:44:25.51   GameInfo::ResetInfo - SyncLevel set to 0 on reset
20:44:25.51   GameInfo::ResetInfo - SyncLevel set to 0 on reset
20:44:25.51   GameInfo::ResetInfo - SyncLevel set to 0 on reset
20:44:25.51   GameInfo::ResetInfo - SyncLevel set to 0 on reset
20:44:25.51   GameInfo::ResetInfo - SyncLevel set to 0 on reset
20:44:25.51   GameInfo::ResetInfo - SyncLevel set to 0 on reset
20:44:25.51   GameInfo::ResetInfo - SyncLevel set to 0 on reset
20:44:25.51   GameInfo::ResetInfo - SyncLevel set to 0 on reset
20:44:25.51   GameInfo::ResetInfo - SyncLevel set to 0 on reset
20:44:25.51   GameInfo::ResetInfo - SyncLevel set to 0 on reset
20:44:25.52   GameInfo::ResetInfo - SyncLevel set to 0 on reset
20:44:25.52   GameInfo::ResetInfo - SyncLevel set to 0 on reset
20:44:25.52   GameInfo::ResetInfo - SyncLevel set to 0 on reset
20:44:25.52   GameInfo::ResetInfo - SyncLevel set to 0 on reset
20:44:25.52   GameInfo::ResetInfo - SyncLevel set to 0 on reset
20:44:25.52   GameInfo::ResetInfo - SyncLevel set to 0 on reset
20:44:25.52   GameInfo::ResetInfo - SyncLevel set to 0 on reset
20:44:25.52   GameInfo::ResetInfo - SyncLevel set to 0 on reset
20:44:25.52   GameInfo::ResetInfo - SyncLevel set to 0 on reset
20:44:25.52   GameInfo::ResetInfo - SyncLevel set to 0 on reset
20:44:25.52   GameInfo::ResetInfo - SyncLevel set to 0 on reset
20:44:25.52   GameInfo::ResetInfo - SyncLevel set to 0 on reset
20:44:25.52   GameInfo::ResetInfo - SyncLevel set to 0 on reset
20:44:25.52   GameInfo::ResetInfo - SyncLevel set to 0 on reset
20:44:25.52   GameInfo::ResetInfo - SyncLevel set to 0 on reset
20:44:25.52   GameInfo::ResetInfo - SyncLevel set to 0 on reset
20:44:25.52   GameInfo::ResetInfo - SyncLevel set to 0 on reset
20:44:25.52   GameInfo::ResetInfo - SyncLevel set to 0 on reset
20:44:25.52   GameInfo::ResetInfo - SyncLevel set to 0 on reset
20:44:25.52   GameInfo::ResetInfo - SyncLevel set to 0 on reset
20:44:25.52   GameInfo::ResetInfo - SyncLevel set to 0 on reset
20:44:25.52   GameInfo::ResetInfo - SyncLevel set to 0 on reset
20:44:25.52   GameInfo::ResetInfo - SyncLevel set to 0 on reset
20:44:25.52   GameInfo::ResetInfo - SyncLevel set to 0 on reset
20:44:25.52   GameInfo::ResetInfo - SyncLevel set to 0 on reset
20:44:25.52   GameInfo::ResetInfo - SyncLevel set to 0 on reset
20:44:25.52   GameInfo::ResetInfo - SyncLevel set to 0 on reset
20:44:25.52   GameInfo::ResetInfo - SyncLevel set to 0 on reset
20:44:25.52   GameInfo::ResetInfo - SyncLevel set to 0 on reset
20:44:25.52   GameInfo::ResetInfo - SyncLevel set to 0 on reset
20:44:25.52   GameInfo::ResetInfo - SyncLevel set to 0 on reset
20:44:25.53   GameInfo::ResetInfo - SyncLevel set to 0 on reset
20:44:25.53   GameInfo::ResetInfo - SyncLevel set to 0 on reset
20:44:25.53   GameInfo::ResetInfo - SyncLevel set to 0 on reset
20:44:25.53   GameInfo::ResetInfo - SyncLevel set to 0 on reset
20:44:25.53   GameInfo::ResetInfo - SyncLevel set to 0 on reset
20:44:25.53   GameInfo::ResetInfo - SyncLevel set to 0 on reset
20:44:25.53   GameInfo::ResetInfo - SyncLevel set to 0 on reset
20:44:25.53   GameInfo::ResetInfo - SyncLevel set to 0 on reset
20:44:25.53   GAME -- Error reading header for recorded game PLAYBACK:4p_rails_and_metal20110731195813__[GameReplays.org].rec
20:44:25.53   GameInfo::ResetInfo - SyncLevel set to 0 on reset
20:44:25.53   GameInfo::ResetInfo - SyncLevel set to 0 on reset
20:44:25.53   GAME -- Error reading header for recorded game PLAYBACK:4p_rails_and_metal20110801000124__[GameReplays.org].rec
20:44:25.53   GameInfo::ResetInfo - SyncLevel set to 0 on reset
20:44:25.53   GameInfo::ResetInfo - SyncLevel set to 0 on reset
20:44:25.53   GAME -- Error reading header for recorded game PLAYBACK:4p_rails_and_metal20120827200108__[GameReplays.org].rec
20:44:25.53   GameInfo::ResetInfo - SyncLevel set to 0 on reset
20:44:25.53   GameInfo::ResetInfo - SyncLevel set to 0 on reset
20:44:25.53   GameInfo::ResetInfo - SyncLevel set to 0 on reset
20:44:25.53   GameInfo::ResetInfo - SyncLevel set to 0 on reset
20:44:25.53   GameInfo::ResetInfo - SyncLevel set to 0 on reset
20:44:25.53   GameInfo::ResetInfo - SyncLevel set to 0 on reset
20:44:25.53   GameInfo::ResetInfo - SyncLevel set to 0 on reset
20:44:25.53   GameInfo::ResetInfo - SyncLevel set to 0 on reset
20:44:25.53   GameInfo::ResetInfo - SyncLevel set to 0 on reset
20:44:25.53   GameInfo::ResetInfo - SyncLevel set to 0 on reset
20:44:25.53   GameInfo::ResetInfo - SyncLevel set to 0 on reset
20:44:25.53   GameInfo::ResetInfo - SyncLevel set to 0 on reset
20:44:25.53   GameInfo::ResetInfo - SyncLevel set to 0 on reset
20:44:25.53   GameInfo::ResetInfo - SyncLevel set to 0 on reset
20:44:25.53   GameInfo::ResetInfo - SyncLevel set to 0 on reset
20:44:25.53   GameInfo::ResetInfo - SyncLevel set to 0 on reset
20:44:25.53   GameInfo::ResetInfo - SyncLevel set to 0 on reset
20:44:25.53   GameInfo::ResetInfo - SyncLevel set to 0 on reset
20:44:25.53   GameInfo::ResetInfo - SyncLevel set to 0 on reset
20:44:25.53   GameInfo::ResetInfo - SyncLevel set to 0 on reset
20:44:25.53   GameInfo::ResetInfo - SyncLevel set to 0 on reset
20:44:25.54   GameInfo::ResetInfo - SyncLevel set to 0 on reset
20:44:25.54   GameInfo::ResetInfo - SyncLevel set to 0 on reset
20:44:25.54   GameInfo::ResetInfo - SyncLevel set to 0 on reset
20:44:25.54   GameInfo::ResetInfo - SyncLevel set to 0 on reset
20:44:25.54   GameInfo::ResetInfo - SyncLevel set to 0 on reset
20:44:25.54   GameInfo::ResetInfo - SyncLevel set to 0 on reset
20:44:25.54   GameInfo::ResetInfo - SyncLevel set to 0 on reset
20:44:25.54   GameInfo::ResetInfo - SyncLevel set to 0 on reset
20:44:25.54   GameInfo::ResetInfo - SyncLevel set to 0 on reset
20:44:25.54   GameInfo::ResetInfo - SyncLevel set to 0 on reset
20:44:25.54   GameInfo::ResetInfo - SyncLevel set to 0 on reset
20:44:25.54   GameInfo::ResetInfo - SyncLevel set to 0 on reset
20:44:25.54   GameInfo::ResetInfo - SyncLevel set to 0 on reset
20:44:25.54   GameInfo::ResetInfo - SyncLevel set to 0 on reset
20:44:25.54   GameInfo::ResetInfo - SyncLevel set to 0 on reset
20:44:25.54   GameInfo::ResetInfo - SyncLevel set to 0 on reset
20:44:25.54   GameInfo::ResetInfo - SyncLevel set to 0 on reset
20:44:25.54   GameInfo::ResetInfo - SyncLevel set to 0 on reset
20:44:25.54   GameInfo::ResetInfo - SyncLevel set to 0 on reset
20:44:25.54   GameInfo::ResetInfo - SyncLevel set to 0 on reset
20:44:25.54   GameInfo::ResetInfo - SyncLevel set to 0 on reset
20:44:25.54   GameInfo::ResetInfo - SyncLevel set to 0 on reset
20:44:25.54   GameInfo::ResetInfo - SyncLevel set to 0 on reset
20:44:25.54   GameInfo::ResetInfo - SyncLevel set to 0 on reset
20:44:25.54   GameInfo::ResetInfo - SyncLevel set to 0 on reset
20:44:25.54   GameInfo::ResetInfo - SyncLevel set to 0 on reset
20:44:25.54   GameInfo::ResetInfo - SyncLevel set to 0 on reset
20:44:25.54   GameInfo::ResetInfo - SyncLevel set to 0 on reset
20:44:25.54   GameInfo::ResetInfo - SyncLevel set to 0 on reset
20:44:25.54   GameInfo::ResetInfo - SyncLevel set to 0 on reset
20:44:25.54   GameInfo::ResetInfo - SyncLevel set to 0 on reset
20:44:25.54   GameInfo::ResetInfo - SyncLevel set to 0 on reset
20:44:25.54   GameInfo::ResetInfo - SyncLevel set to 0 on reset
20:44:25.54   GameInfo::ResetInfo - SyncLevel set to 0 on reset
20:44:25.54   GameInfo::ResetInfo - SyncLevel set to 0 on reset
20:44:25.54   GameInfo::ResetInfo - SyncLevel set to 0 on reset
20:44:25.55   GameInfo::ResetInfo - SyncLevel set to 0 on reset
20:44:25.55   GameInfo::ResetInfo - SyncLevel set to 0 on reset
20:44:25.55   GameInfo::ResetInfo - SyncLevel set to 0 on reset
20:44:25.55   GameInfo::ResetInfo - SyncLevel set to 0 on reset
20:44:25.55   GameInfo::ResetInfo - SyncLevel set to 0 on reset
20:44:25.55   GameInfo::ResetInfo - SyncLevel set to 0 on reset
20:44:25.55   GameInfo::ResetInfo - SyncLevel set to 0 on reset
20:44:25.55   GameInfo::ResetInfo - SyncLevel set to 0 on reset
20:44:25.55   GameInfo::ResetInfo - SyncLevel set to 0 on reset
20:44:25.55   GameInfo::ResetInfo - SyncLevel set to 0 on reset
20:44:25.55   GameInfo::ResetInfo - SyncLevel set to 0 on reset
20:44:25.55   GameInfo::ResetInfo - SyncLevel set to 0 on reset
20:44:25.55   GameInfo::ResetInfo - SyncLevel set to 0 on reset
20:44:25.55   GameInfo::ResetInfo - SyncLevel set to 0 on reset
20:44:25.55   GameInfo::ResetInfo - SyncLevel set to 0 on reset
20:44:25.55   GameInfo::ResetInfo - SyncLevel set to 0 on reset
20:44:25.55   GameInfo::ResetInfo - SyncLevel set to 0 on reset
20:44:25.55   GameInfo::ResetInfo - SyncLevel set to 0 on reset
20:44:25.55   GameInfo::ResetInfo - SyncLevel set to 0 on reset
20:44:25.55   GameInfo::ResetInfo - SyncLevel set to 0 on reset
20:44:25.55   GameInfo::ResetInfo - SyncLevel set to 0 on reset
20:44:25.55   GameInfo::ResetInfo - SyncLevel set to 0 on reset
20:44:25.55   GameInfo::ResetInfo - SyncLevel set to 0 on reset
20:44:25.55   GameInfo::ResetInfo - SyncLevel set to 0 on reset
20:44:25.56   GameInfo::ResetInfo - SyncLevel set to 0 on reset
20:44:25.56   GameInfo::ResetInfo - SyncLevel set to 0 on reset
20:44:25.56   GameInfo::ResetInfo - SyncLevel set to 0 on reset
20:44:25.56   GameInfo::ResetInfo - SyncLevel set to 0 on reset
20:44:25.56   GameInfo::ResetInfo - SyncLevel set to 0 on reset
20:44:25.56   GameInfo::ResetInfo - SyncLevel set to 0 on reset
20:44:25.56   GameInfo::ResetInfo - SyncLevel set to 0 on reset
20:44:25.56   GameInfo::ResetInfo - SyncLevel set to 0 on reset
20:44:25.56   GameInfo::ResetInfo - SyncLevel set to 0 on reset
20:44:25.56   GameInfo::ResetInfo - SyncLevel set to 0 on reset
20:44:25.56   GameInfo::ResetInfo - SyncLevel set to 0 on reset
20:44:25.56   GameInfo::ResetInfo - SyncLevel set to 0 on reset
20:44:25.56   GameInfo::ResetInfo - SyncLevel set to 0 on reset
20:44:25.56   GameInfo::ResetInfo - SyncLevel set to 0 on reset
20:44:25.56   GameInfo::ResetInfo - SyncLevel set to 0 on reset
20:44:25.56   GameInfo::ResetInfo - SyncLevel set to 0 on reset
20:44:25.56   GameInfo::ResetInfo - SyncLevel set to 0 on reset
20:44:25.56   GameInfo::ResetInfo - SyncLevel set to 0 on reset
20:44:25.56   GameInfo::ResetInfo - SyncLevel set to 0 on reset
20:44:25.56   GameInfo::ResetInfo - SyncLevel set to 0 on reset
20:44:25.56   GameInfo::ResetInfo - SyncLevel set to 0 on reset
20:44:25.56   GameInfo::ResetInfo - SyncLevel set to 0 on reset
20:44:25.56   GameInfo::ResetInfo - SyncLevel set to 0 on reset
20:44:25.56   GameInfo::ResetInfo - SyncLevel set to 0 on reset
20:44:25.56   GameInfo::ResetInfo - SyncLevel set to 0 on reset
20:44:25.56   GameInfo::ResetInfo - SyncLevel set to 0 on reset
20:44:25.56   GameInfo::ResetInfo - SyncLevel set to 0 on reset
20:44:25.56   GameInfo::ResetInfo - SyncLevel set to 0 on reset
20:44:25.56   GameInfo::ResetInfo - SyncLevel set to 0 on reset
20:44:25.56   GameInfo::ResetInfo - SyncLevel set to 0 on reset
20:44:25.56   GameInfo::ResetInfo - SyncLevel set to 0 on reset
20:44:25.56   GameInfo::ResetInfo - SyncLevel set to 0 on reset
20:44:25.56   GameInfo::ResetInfo - SyncLevel set to 0 on reset
20:44:25.56   GameInfo::ResetInfo - SyncLevel set to 0 on reset
20:44:25.56   GameInfo::ResetInfo - SyncLevel set to 0 on reset
20:44:25.56   GameInfo::ResetInfo - SyncLevel set to 0 on reset
20:44:25.57   GameInfo::ResetInfo - SyncLevel set to 0 on reset
20:44:25.57   GameInfo::ResetInfo - SyncLevel set to 0 on reset
20:44:25.57   GameInfo::ResetInfo - SyncLevel set to 0 on reset
20:44:25.57   GameInfo::ResetInfo - SyncLevel set to 0 on reset
20:44:25.57   GameInfo::ResetInfo - SyncLevel set to 0 on reset
20:44:25.57   GameInfo::ResetInfo - SyncLevel set to 0 on reset
20:44:25.57   GameInfo::ResetInfo - SyncLevel set to 0 on reset
20:44:25.57   GameInfo::ResetInfo - SyncLevel set to 0 on reset
20:44:25.57   GameInfo::ResetInfo - SyncLevel set to 0 on reset
20:44:25.57   GameInfo::ResetInfo - SyncLevel set to 0 on reset
20:44:25.57   GameInfo::ResetInfo - SyncLevel set to 0 on reset
20:44:25.57   GAME -- Error reading header for recorded game PLAYBACK:4p_wolfheze20090305210256__[GameReplays.org].rec
20:44:25.57   GameInfo::ResetInfo - SyncLevel set to 0 on reset
20:44:25.57   GameInfo::ResetInfo - SyncLevel set to 0 on reset
20:44:25.57   GameInfo::ResetInfo - SyncLevel set to 0 on reset
20:44:25.57   GameInfo::ResetInfo - SyncLevel set to 0 on reset
20:44:25.57   GameInfo::ResetInfo - SyncLevel set to 0 on reset
20:44:25.57   GameInfo::ResetInfo - SyncLevel set to 0 on reset
20:44:25.57   GameInfo::ResetInfo - SyncLevel set to 0 on reset
20:44:25.57   GameInfo::ResetInfo - SyncLevel set to 0 on reset
20:44:25.57   GameInfo::ResetInfo - SyncLevel set to 0 on reset
20:44:25.57   GameInfo::ResetInfo - SyncLevel set to 0 on reset
20:44:25.57   GameInfo::ResetInfo - SyncLevel set to 0 on reset
20:44:25.57   GameInfo::ResetInfo - SyncLevel set to 0 on reset
20:44:25.57   GameInfo::ResetInfo - SyncLevel set to 0 on reset
20:44:25.57   GameInfo::ResetInfo - SyncLevel set to 0 on reset
20:44:25.57   GameInfo::ResetInfo - SyncLevel set to 0 on reset
20:44:25.57   GameInfo::ResetInfo - SyncLevel set to 0 on reset
20:44:25.57   GameInfo::ResetInfo - SyncLevel set to 0 on reset
20:44:25.57   GameInfo::ResetInfo - SyncLevel set to 0 on reset
20:44:25.57   GameInfo::ResetInfo - SyncLevel set to 0 on reset
20:44:25.57   GameInfo::ResetInfo - SyncLevel set to 0 on reset
20:44:25.57   GameInfo::ResetInfo - SyncLevel set to 0 on reset
20:44:25.57   GameInfo::ResetInfo - SyncLevel set to 0 on reset
20:44:25.57   GameInfo::ResetInfo - SyncLevel set to 0 on reset
20:44:25.57   GameInfo::ResetInfo - SyncLevel set to 0 on reset
20:44:25.58   GameInfo::ResetInfo - SyncLevel set to 0 on reset
20:44:25.58   GameInfo::ResetInfo - SyncLevel set to 0 on reset
20:44:25.58   GameInfo::ResetInfo - SyncLevel set to 0 on reset
20:44:25.58   GameInfo::ResetInfo - SyncLevel set to 0 on reset
20:44:25.58   GameInfo::ResetInfo - SyncLevel set to 0 on reset
20:44:25.58   GameInfo::ResetInfo - SyncLevel set to 0 on reset
20:44:25.58   GameInfo::ResetInfo - SyncLevel set to 0 on reset
20:44:25.58   GameInfo::ResetInfo - SyncLevel set to 0 on reset
20:44:25.58   GameInfo::ResetInfo - SyncLevel set to 0 on reset
20:44:25.58   GameInfo::ResetInfo - SyncLevel set to 0 on reset
20:44:25.58   GameInfo::ResetInfo - SyncLevel set to 0 on reset
20:44:25.58   GameInfo::ResetInfo - SyncLevel set to 0 on reset
20:44:25.58   GameInfo::ResetInfo - SyncLevel set to 0 on reset
20:44:25.58   GameInfo::ResetInfo - SyncLevel set to 0 on reset
20:44:25.58   GameInfo::ResetInfo - SyncLevel set to 0 on reset
20:44:25.58   GameInfo::ResetInfo - SyncLevel set to 0 on reset
20:44:25.58   GameInfo::ResetInfo - SyncLevel set to 0 on reset
20:44:25.58   GameInfo::ResetInfo - SyncLevel set to 0 on reset
20:44:25.58   GameInfo::ResetInfo - SyncLevel set to 0 on reset
20:44:25.58   GameInfo::ResetInfo - SyncLevel set to 0 on reset
20:44:25.58   GameInfo::ResetInfo - SyncLevel set to 0 on reset
20:44:25.58   GameInfo::ResetInfo - SyncLevel set to 0 on reset
20:44:25.58   GameInfo::ResetInfo - SyncLevel set to 0 on reset
20:44:25.58   GameInfo::ResetInfo - SyncLevel set to 0 on reset
20:44:25.58   GameInfo::ResetInfo - SyncLevel set to 0 on reset
20:44:25.58   GameInfo::ResetInfo - SyncLevel set to 0 on reset
20:44:25.58   GameInfo::ResetInfo - SyncLevel set to 0 on reset
20:44:25.59   GameInfo::ResetInfo - SyncLevel set to 0 on reset
20:44:25.59   GameInfo::ResetInfo - SyncLevel set to 0 on reset
20:44:25.59   GameInfo::ResetInfo - SyncLevel set to 0 on reset
20:44:25.59   GameInfo::ResetInfo - SyncLevel set to 0 on reset
20:44:25.59   GameInfo::ResetInfo - SyncLevel set to 0 on reset
20:44:25.59   GameInfo::ResetInfo - SyncLevel set to 0 on reset
20:44:25.59   GameInfo::ResetInfo - SyncLevel set to 0 on reset
20:44:25.59   GameInfo::ResetInfo - SyncLevel set to 0 on reset
20:44:25.59   GameInfo::ResetInfo - SyncLevel set to 0 on reset
20:44:25.59   GameInfo::ResetInfo - SyncLevel set to 0 on reset
20:44:25.59   GameInfo::ResetInfo - SyncLevel set to 0 on reset
20:44:25.59   GameInfo::ResetInfo - SyncLevel set to 0 on reset
20:44:25.59   GameInfo::ResetInfo - SyncLevel set to 0 on reset
20:44:25.59   GameInfo::ResetInfo - SyncLevel set to 0 on reset
20:44:25.59   GameInfo::ResetInfo - SyncLevel set to 0 on reset
20:44:25.59   GameInfo::ResetInfo - SyncLevel set to 0 on reset
20:44:25.59   GameInfo::ResetInfo - SyncLevel set to 0 on reset
20:44:25.59   GameInfo::ResetInfo - SyncLevel set to 0 on reset
20:44:25.59   GameInfo::ResetInfo - SyncLevel set to 0 on reset
20:44:25.59   GameInfo::ResetInfo - SyncLevel set to 0 on reset
20:44:25.59   GameInfo::ResetInfo - SyncLevel set to 0 on reset
20:44:25.59   GameInfo::ResetInfo - SyncLevel set to 0 on reset
20:44:25.59   GameInfo::ResetInfo - SyncLevel set to 0 on reset
20:44:25.59   GameInfo::ResetInfo - SyncLevel set to 0 on reset
20:44:25.59   GameInfo::ResetInfo - SyncLevel set to 0 on reset
20:44:25.59   GameInfo::ResetInfo - SyncLevel set to 0 on reset
20:44:25.60   GameInfo::ResetInfo - SyncLevel set to 0 on reset
20:44:25.60   GameInfo::ResetInfo - SyncLevel set to 0 on reset
20:44:25.60   GameInfo::ResetInfo - SyncLevel set to 0 on reset
20:44:25.60   GameInfo::ResetInfo - SyncLevel set to 0 on reset
20:44:25.60   GameInfo::ResetInfo - SyncLevel set to 0 on reset
20:44:25.60   GameInfo::ResetInfo - SyncLevel set to 0 on reset
20:44:25.60   GameInfo::ResetInfo - SyncLevel set to 0 on reset
20:44:25.60   GameInfo::ResetInfo - SyncLevel set to 0 on reset
20:44:25.60   GameInfo::ResetInfo - SyncLevel set to 0 on reset
20:44:25.60   GameInfo::ResetInfo - SyncLevel set to 0 on reset
20:44:25.60   GameInfo::ResetInfo - SyncLevel set to 0 on reset
20:44:25.60   GameInfo::ResetInfo - SyncLevel set to 0 on reset
20:44:25.60   GameInfo::ResetInfo - SyncLevel set to 0 on reset
20:44:25.60   GameInfo::ResetInfo - SyncLevel set to 0 on reset
20:44:25.60   GameInfo::ResetInfo - SyncLevel set to 0 on reset
20:44:25.60   GameInfo::ResetInfo - SyncLevel set to 0 on reset
20:44:25.60   GameInfo::ResetInfo - SyncLevel set to 0 on reset
20:44:25.60   GameInfo::ResetInfo - SyncLevel set to 0 on reset
20:44:25.60   GameInfo::ResetInfo - SyncLevel set to 0 on reset
20:44:25.60   GameInfo::ResetInfo - SyncLevel set to 0 on reset
20:44:25.60   GameInfo::ResetInfo - SyncLevel set to 0 on reset
20:44:25.60   GameInfo::ResetInfo - SyncLevel set to 0 on reset
20:44:25.60   GameInfo::ResetInfo - SyncLevel set to 0 on reset
20:44:25.60   GameInfo::ResetInfo - SyncLevel set to 0 on reset
20:44:25.60   GameInfo::ResetInfo - SyncLevel set to 0 on reset
20:44:25.60   GameInfo::ResetInfo - SyncLevel set to 0 on reset
20:44:25.60   GameInfo::ResetInfo - SyncLevel set to 0 on reset
20:44:25.60   GameInfo::ResetInfo - SyncLevel set to 0 on reset
20:44:25.61   GameInfo::ResetInfo - SyncLevel set to 0 on reset
20:44:25.61   GameInfo::ResetInfo - SyncLevel set to 0 on reset
20:44:25.61   GameInfo::ResetInfo - SyncLevel set to 0 on reset
20:44:25.61   GameInfo::ResetInfo - SyncLevel set to 0 on reset
20:44:25.61   GameInfo::ResetInfo - SyncLevel set to 0 on reset
20:44:25.61   GameInfo::ResetInfo - SyncLevel set to 0 on reset
20:44:25.61   GameInfo::ResetInfo - SyncLevel set to 0 on reset
20:44:25.61   GameInfo::ResetInfo - SyncLevel set to 0 on reset
20:44:25.61   GameInfo::ResetInfo - SyncLevel set to 0 on reset
20:44:25.61   GameInfo::ResetInfo - SyncLevel set to 0 on reset
20:44:25.61   GameInfo::ResetInfo - SyncLevel set to 0 on reset
20:44:25.61   GameInfo::ResetInfo - SyncLevel set to 0 on reset
20:44:25.61   GameInfo::ResetInfo - SyncLevel set to 0 on reset
20:44:25.61   GameInfo::ResetInfo - SyncLevel set to 0 on reset
20:44:25.61   GameInfo::ResetInfo - SyncLevel set to 0 on reset
20:44:25.61   GameInfo::ResetInfo - SyncLevel set to 0 on reset
20:44:25.61   GameInfo::ResetInfo - SyncLevel set to 0 on reset
20:44:25.61   GameInfo::ResetInfo - SyncLevel set to 0 on reset
20:44:25.61   GameInfo::ResetInfo - SyncLevel set to 0 on reset
20:44:25.61   GameInfo::ResetInfo - SyncLevel set to 0 on reset
20:44:25.61   GameInfo::ResetInfo - SyncLevel set to 0 on reset
20:44:25.61   GameInfo::ResetInfo - SyncLevel set to 0 on reset
20:44:25.61   GameInfo::ResetInfo - SyncLevel set to 0 on reset
20:44:25.61   GameInfo::ResetInfo - SyncLevel set to 0 on reset
20:44:25.61   GameInfo::ResetInfo - SyncLevel set to 0 on reset
20:44:25.61   GameInfo::ResetInfo - SyncLevel set to 0 on reset
20:44:25.61   GameInfo::ResetInfo - SyncLevel set to 0 on reset
20:44:25.62   GameInfo::ResetInfo - SyncLevel set to 0 on reset
20:44:25.62   GameInfo::ResetInfo - SyncLevel set to 0 on reset
20:44:25.62   GameInfo::ResetInfo - SyncLevel set to 0 on reset
20:44:25.62   GameInfo::ResetInfo - SyncLevel set to 0 on reset
20:44:25.62   GameInfo::ResetInfo - SyncLevel set to 0 on reset
20:44:25.62   GameInfo::ResetInfo - SyncLevel set to 0 on reset
20:44:25.62   GameInfo::ResetInfo - SyncLevel set to 0 on reset
20:44:25.62   GameInfo::ResetInfo - SyncLevel set to 0 on reset
20:44:25.62   GameInfo::ResetInfo - SyncLevel set to 0 on reset
20:44:25.62   GameInfo::ResetInfo - SyncLevel set to 0 on reset
20:44:25.62   GameInfo::ResetInfo - SyncLevel set to 0 on reset
20:44:25.62   GameInfo::ResetInfo - SyncLevel set to 0 on reset
20:44:25.62   GameInfo::ResetInfo - SyncLevel set to 0 on reset
20:44:25.62   GameInfo::ResetInfo - SyncLevel set to 0 on reset
20:44:25.62   GameInfo::ResetInfo - SyncLevel set to 0 on reset
20:44:25.62   GameInfo::ResetInfo - SyncLevel set to 0 on reset
20:44:25.62   GameInfo::ResetInfo - SyncLevel set to 0 on reset
20:44:25.62   GameInfo::ResetInfo - SyncLevel set to 0 on reset
20:44:25.63   GameInfo::ResetInfo - SyncLevel set to 0 on reset
20:44:25.63   GameInfo::ResetInfo - SyncLevel set to 0 on reset
20:44:25.63   GameInfo::ResetInfo - SyncLevel set to 0 on reset
20:44:25.63   GameInfo::ResetInfo - SyncLevel set to 0 on reset
20:44:25.63   GameInfo::ResetInfo - SyncLevel set to 0 on reset
20:44:25.63   GameInfo::ResetInfo - SyncLevel set to 0 on reset
20:44:25.63   GameInfo::ResetInfo - SyncLevel set to 0 on reset
20:44:25.63   GameInfo::ResetInfo - SyncLevel set to 0 on reset
20:44:25.63   GameInfo::ResetInfo - SyncLevel set to 0 on reset
20:44:25.63   GameInfo::ResetInfo - SyncLevel set to 0 on reset
20:44:25.63   GameInfo::ResetInfo - SyncLevel set to 0 on reset
20:44:25.63   GameInfo::ResetInfo - SyncLevel set to 0 on reset
20:44:25.63   GameInfo::ResetInfo - SyncLevel set to 0 on reset
20:44:25.63   GameInfo::ResetInfo - SyncLevel set to 0 on reset
20:44:25.63   GameInfo::ResetInfo - SyncLevel set to 0 on reset
20:44:25.63   GameInfo::ResetInfo - SyncLevel set to 0 on reset
20:44:25.63   GameInfo::ResetInfo - SyncLevel set to 0 on reset
20:44:25.63   GameInfo::ResetInfo - SyncLevel set to 0 on reset
20:44:25.63   GameInfo::ResetInfo - SyncLevel set to 0 on reset
20:44:25.63   GameInfo::ResetInfo - SyncLevel set to 0 on reset
20:44:25.63   GameInfo::ResetInfo - SyncLevel set to 0 on reset
20:44:25.63   GameInfo::ResetInfo - SyncLevel set to 0 on reset
20:44:25.63   GameInfo::ResetInfo - SyncLevel set to 0 on reset
20:44:25.63   GameInfo::ResetInfo - SyncLevel set to 0 on reset
20:44:25.64   GameInfo::ResetInfo - SyncLevel set to 0 on reset
20:44:25.64   GameInfo::ResetInfo - SyncLevel set to 0 on reset
20:44:25.64   GameInfo::ResetInfo - SyncLevel set to 0 on reset
20:44:25.64   GameInfo::ResetInfo - SyncLevel set to 0 on reset
20:44:25.64   GameInfo::ResetInfo - SyncLevel set to 0 on reset
20:44:25.64   GAME -- Error reading header for recorded game PLAYBACK:6p_close_river_combat.2018-01-28.00-37-43.rec
20:44:25.64   GameInfo::ResetInfo - SyncLevel set to 0 on reset
20:44:25.64   GameInfo::ResetInfo - SyncLevel set to 0 on reset
20:44:25.64   GAME -- Error reading header for recorded game PLAYBACK:6p_close_river_combat.2018-01-31.23-35-59.rec
20:44:25.64   GameInfo::ResetInfo - SyncLevel set to 0 on reset
20:44:25.64   GameInfo::ResetInfo - SyncLevel set to 0 on reset
20:44:25.64   GameInfo::ResetInfo - SyncLevel set to 0 on reset
20:44:25.64   GameInfo::ResetInfo - SyncLevel set to 0 on reset
20:44:25.64   GameInfo::ResetInfo - SyncLevel set to 0 on reset
20:44:25.64   GameInfo::ResetInfo - SyncLevel set to 0 on reset
20:44:25.64   GameInfo::ResetInfo - SyncLevel set to 0 on reset
20:44:25.64   GameInfo::ResetInfo - SyncLevel set to 0 on reset
20:44:25.64   GameInfo::ResetInfo - SyncLevel set to 0 on reset
20:44:25.64   GameInfo::ResetInfo - SyncLevel set to 0 on reset
20:44:25.64   GameInfo::ResetInfo - SyncLevel set to 0 on reset
20:44:25.64   GameInfo::ResetInfo - SyncLevel set to 0 on reset
20:44:25.64   GameInfo::ResetInfo - SyncLevel set to 0 on reset
20:44:25.64   GameInfo::ResetInfo - SyncLevel set to 0 on reset
20:44:25.65   GameInfo::ResetInfo - SyncLevel set to 0 on reset
20:44:25.65   GameInfo::ResetInfo - SyncLevel set to 0 on reset
20:44:25.65   GameInfo::ResetInfo - SyncLevel set to 0 on reset
20:44:25.65   GameInfo::ResetInfo - SyncLevel set to 0 on reset
20:44:25.65   GameInfo::ResetInfo - SyncLevel set to 0 on reset
20:44:25.65   GameInfo::ResetInfo - SyncLevel set to 0 on reset
20:44:25.65   GameInfo::ResetInfo - SyncLevel set to 0 on reset
20:44:25.65   GameInfo::ResetInfo - SyncLevel set to 0 on reset
20:44:25.65   GameInfo::ResetInfo - SyncLevel set to 0 on reset
20:44:25.65   GameInfo::ResetInfo - SyncLevel set to 0 on reset
20:44:25.65   GameInfo::ResetInfo - SyncLevel set to 0 on reset
20:44:25.65   GameInfo::ResetInfo - SyncLevel set to 0 on reset
20:44:25.65   GameInfo::ResetInfo - SyncLevel set to 0 on reset
20:44:25.65   GameInfo::ResetInfo - SyncLevel set to 0 on reset
20:44:25.65   GameInfo::ResetInfo - SyncLevel set to 0 on reset
20:44:25.65   GameInfo::ResetInfo - SyncLevel set to 0 on reset
20:44:25.65   GameInfo::ResetInfo - SyncLevel set to 0 on reset
20:44:25.65   GameInfo::ResetInfo - SyncLevel set to 0 on reset
20:44:25.65   GameInfo::ResetInfo - SyncLevel set to 0 on reset
20:44:25.65   GameInfo::ResetInfo - SyncLevel set to 0 on reset
20:44:25.65   GameInfo::ResetInfo - SyncLevel set to 0 on reset
20:44:25.65   GameInfo::ResetInfo - SyncLevel set to 0 on reset
20:44:25.65   GameInfo::ResetInfo - SyncLevel set to 0 on reset
20:44:25.65   GameInfo::ResetInfo - SyncLevel set to 0 on reset
20:44:25.65   GameInfo::ResetInfo - SyncLevel set to 0 on reset
20:44:25.66   GameInfo::ResetInfo - SyncLevel set to 0 on reset
20:44:25.66   GameInfo::ResetInfo - SyncLevel set to 0 on reset
20:44:25.66   GameInfo::ResetInfo - SyncLevel set to 0 on reset
20:44:25.66   GameInfo::ResetInfo - SyncLevel set to 0 on reset
20:44:25.66   GameInfo::ResetInfo - SyncLevel set to 0 on reset
20:44:25.66   GameInfo::ResetInfo - SyncLevel set to 0 on reset
20:44:25.66   GameInfo::ResetInfo - SyncLevel set to 0 on reset
20:44:25.66   GameInfo::ResetInfo - SyncLevel set to 0 on reset
20:44:25.66   GameInfo::ResetInfo - SyncLevel set to 0 on reset
20:44:25.66   GameInfo::ResetInfo - SyncLevel set to 0 on reset
20:44:25.66   GameInfo::ResetInfo - SyncLevel set to 0 on reset
20:44:25.66   GameInfo::ResetInfo - SyncLevel set to 0 on reset
20:44:25.66   GameInfo::ResetInfo - SyncLevel set to 0 on reset
20:44:25.66   GameInfo::ResetInfo - SyncLevel set to 0 on reset
20:44:25.66   GameInfo::ResetInfo - SyncLevel set to 0 on reset
20:44:25.66   GameInfo::ResetInfo - SyncLevel set to 0 on reset
20:44:25.66   GameInfo::ResetInfo - SyncLevel set to 0 on reset
20:44:25.66   GameInfo::ResetInfo - SyncLevel set to 0 on reset
20:44:25.66   GameInfo::ResetInfo - SyncLevel set to 0 on reset
20:44:25.66   GameInfo::ResetInfo - SyncLevel set to 0 on reset
20:44:25.66   GameInfo::ResetInfo - SyncLevel set to 0 on reset
20:44:25.66   GameInfo::ResetInfo - SyncLevel set to 0 on reset
20:44:25.66   GameInfo::ResetInfo - SyncLevel set to 0 on reset
20:44:25.66   GameInfo::ResetInfo - SyncLevel set to 0 on reset
20:44:25.66   GameInfo::ResetInfo - SyncLevel set to 0 on reset
20:44:25.66   GameInfo::ResetInfo - SyncLevel set to 0 on reset
20:44:25.66   GameInfo::ResetInfo - SyncLevel set to 0 on reset
20:44:25.67   GameInfo::ResetInfo - SyncLevel set to 0 on reset
20:44:25.67   GameInfo::ResetInfo - SyncLevel set to 0 on reset
20:44:25.67   GameInfo::ResetInfo - SyncLevel set to 0 on reset
20:44:25.67   GameInfo::ResetInfo - SyncLevel set to 0 on reset
20:44:25.67   GameInfo::ResetInfo - SyncLevel set to 0 on reset
20:44:25.67   GameInfo::ResetInfo - SyncLevel set to 0 on reset
20:44:25.67   GameInfo::ResetInfo - SyncLevel set to 0 on reset
20:44:25.67   GameInfo::ResetInfo - SyncLevel set to 0 on reset
20:44:25.67   GameInfo::ResetInfo - SyncLevel set to 0 on reset
20:44:25.67   GameInfo::ResetInfo - SyncLevel set to 0 on reset
20:44:25.67   GameInfo::ResetInfo - SyncLevel set to 0 on reset
20:44:25.67   GameInfo::ResetInfo - SyncLevel set to 0 on reset
20:44:25.67   GameInfo::ResetInfo - SyncLevel set to 0 on reset
20:44:25.67   GameInfo::ResetInfo - SyncLevel set to 0 on reset
20:44:25.67   GameInfo::ResetInfo - SyncLevel set to 0 on reset
20:44:25.67   GameInfo::ResetInfo - SyncLevel set to 0 on reset
20:44:25.67   GameInfo::ResetInfo - SyncLevel set to 0 on reset
20:44:25.67   GameInfo::ResetInfo - SyncLevel set to 0 on reset
20:44:25.67   GameInfo::ResetInfo - SyncLevel set to 0 on reset
20:44:25.67   GameInfo::ResetInfo - SyncLevel set to 0 on reset
20:44:25.67   GameInfo::ResetInfo - SyncLevel set to 0 on reset
20:44:25.67   GameInfo::ResetInfo - SyncLevel set to 0 on reset
20:44:25.67   GameInfo::ResetInfo - SyncLevel set to 0 on reset
20:44:25.67   GameInfo::ResetInfo - SyncLevel set to 0 on reset
20:44:25.68   GameInfo::ResetInfo - SyncLevel set to 0 on reset
20:44:25.68   GameInfo::ResetInfo - SyncLevel set to 0 on reset
20:44:25.68   GameInfo::ResetInfo - SyncLevel set to 0 on reset
20:44:25.68   GameInfo::ResetInfo - SyncLevel set to 0 on reset
20:44:25.68   GameInfo::ResetInfo - SyncLevel set to 0 on reset
20:44:25.68   GameInfo::ResetInfo - SyncLevel set to 0 on reset
20:44:25.68   GameInfo::ResetInfo - SyncLevel set to 0 on reset
20:44:25.68   GameInfo::ResetInfo - SyncLevel set to 0 on reset
20:44:25.68   GameInfo::ResetInfo - SyncLevel set to 0 on reset
20:44:25.68   GameInfo::ResetInfo - SyncLevel set to 0 on reset
20:44:25.68   GameInfo::ResetInfo - SyncLevel set to 0 on reset
20:44:25.68   GameInfo::ResetInfo - SyncLevel set to 0 on reset
20:44:25.68   GameInfo::ResetInfo - SyncLevel set to 0 on reset
20:44:25.68   GameInfo::ResetInfo - SyncLevel set to 0 on reset
20:44:25.68   GameInfo::ResetInfo - SyncLevel set to 0 on reset
20:44:25.68   GameInfo::ResetInfo - SyncLevel set to 0 on reset
20:44:25.68   GameInfo::ResetInfo - SyncLevel set to 0 on reset
20:44:25.68   GameInfo::ResetInfo - SyncLevel set to 0 on reset
20:44:25.68   GameInfo::ResetInfo - SyncLevel set to 0 on reset
20:44:25.68   GameInfo::ResetInfo - SyncLevel set to 0 on reset
20:44:25.68   GameInfo::ResetInfo - SyncLevel set to 0 on reset
20:44:25.68   GameInfo::ResetInfo - SyncLevel set to 0 on reset
20:44:25.68   GameInfo::ResetInfo - SyncLevel set to 0 on reset
20:44:25.68   GameInfo::ResetInfo - SyncLevel set to 0 on reset
20:44:25.68   GameInfo::ResetInfo - SyncLevel set to 0 on reset
20:44:25.68   GameInfo::ResetInfo - SyncLevel set to 0 on reset
20:44:25.68   GameInfo::ResetInfo - SyncLevel set to 0 on reset
20:44:25.68   GameInfo::ResetInfo - SyncLevel set to 0 on reset
20:44:25.68   GameInfo::ResetInfo - SyncLevel set to 0 on reset
20:44:25.68   GameInfo::ResetInfo - SyncLevel set to 0 on reset
20:44:25.69   GameInfo::ResetInfo - SyncLevel set to 0 on reset
20:44:25.69   GameInfo::ResetInfo - SyncLevel set to 0 on reset
20:44:25.69   GameInfo::ResetInfo - SyncLevel set to 0 on reset
20:44:25.69   GameInfo::ResetInfo - SyncLevel set to 0 on reset
20:44:25.69   GameInfo::ResetInfo - SyncLevel set to 0 on reset
20:44:25.69   GameInfo::ResetInfo - SyncLevel set to 0 on reset
20:44:25.69   GameInfo::ResetInfo - SyncLevel set to 0 on reset
20:44:25.69   GameInfo::ResetInfo - SyncLevel set to 0 on reset
20:44:25.69   GameInfo::ResetInfo - SyncLevel set to 0 on reset
20:44:25.69   GameInfo::ResetInfo - SyncLevel set to 0 on reset
20:44:25.69   GameInfo::ResetInfo - SyncLevel set to 0 on reset
20:44:25.69   GameInfo::ResetInfo - SyncLevel set to 0 on reset
20:44:25.69   GameInfo::ResetInfo - SyncLevel set to 0 on reset
20:44:25.69   GameInfo::ResetInfo - SyncLevel set to 0 on reset
20:44:25.69   GameInfo::ResetInfo - SyncLevel set to 0 on reset
20:44:25.69   GameInfo::ResetInfo - SyncLevel set to 0 on reset
20:44:25.69   GameInfo::ResetInfo - SyncLevel set to 0 on reset
20:44:25.69   GameInfo::ResetInfo - SyncLevel set to 0 on reset
20:44:25.69   GameInfo::ResetInfo - SyncLevel set to 0 on reset
20:44:25.69   GameInfo::ResetInfo - SyncLevel set to 0 on reset
20:44:25.69   GameInfo::ResetInfo - SyncLevel set to 0 on reset
20:44:25.69   GameInfo::ResetInfo - SyncLevel set to 0 on reset
20:44:25.69   GameInfo::ResetInfo - SyncLevel set to 0 on reset
20:44:25.69   GameInfo::ResetInfo - SyncLevel set to 0 on reset
20:44:25.69   GameInfo::ResetInfo - SyncLevel set to 0 on reset
20:44:25.69   GameInfo::ResetInfo - SyncLevel set to 0 on reset
20:44:25.69   GameInfo::ResetInfo - SyncLevel set to 0 on reset
20:44:25.69   GameInfo::ResetInfo - SyncLevel set to 0 on reset
20:44:25.69   GameInfo::ResetInfo - SyncLevel set to 0 on reset
20:44:25.70   GameInfo::ResetInfo - SyncLevel set to 0 on reset
20:44:25.70   GameInfo::ResetInfo - SyncLevel set to 0 on reset
20:44:25.70   GameInfo::ResetInfo - SyncLevel set to 0 on reset
20:44:25.70   GameInfo::ResetInfo - SyncLevel set to 0 on reset
20:44:25.70   GameInfo::ResetInfo - SyncLevel set to 0 on reset
20:44:25.70   GameInfo::ResetInfo - SyncLevel set to 0 on reset
20:44:25.70   GameInfo::ResetInfo - SyncLevel set to 0 on reset
20:44:25.70   GameInfo::ResetInfo - SyncLevel set to 0 on reset
20:44:25.70   GameInfo::ResetInfo - SyncLevel set to 0 on reset
20:44:25.70   GameInfo::ResetInfo - SyncLevel set to 0 on reset
20:44:25.70   GameInfo::ResetInfo - SyncLevel set to 0 on reset
20:44:25.70   GameInfo::ResetInfo - SyncLevel set to 0 on reset
20:44:25.70   GameInfo::ResetInfo - SyncLevel set to 0 on reset
20:44:25.70   GameInfo::ResetInfo - SyncLevel set to 0 on reset
20:44:25.70   GameInfo::ResetInfo - SyncLevel set to 0 on reset
20:44:25.70   GameInfo::ResetInfo - SyncLevel set to 0 on reset
20:44:25.70   GameInfo::ResetInfo - SyncLevel set to 0 on reset
20:44:25.70   GameInfo::ResetInfo - SyncLevel set to 0 on reset
20:44:25.70   GameInfo::ResetInfo - SyncLevel set to 0 on reset
20:44:25.70   GameInfo::ResetInfo - SyncLevel set to 0 on reset
20:44:25.70   GameInfo::ResetInfo - SyncLevel set to 0 on reset
20:44:25.70   GameInfo::ResetInfo - SyncLevel set to 0 on reset
20:44:25.71   GameInfo::ResetInfo - SyncLevel set to 0 on reset
20:44:25.71   GameInfo::ResetInfo - SyncLevel set to 0 on reset
20:44:25.71   GameInfo::ResetInfo - SyncLevel set to 0 on reset
20:44:25.71   GameInfo::ResetInfo - SyncLevel set to 0 on reset
20:44:25.71   GameInfo::ResetInfo - SyncLevel set to 0 on reset
20:44:25.71   GameInfo::ResetInfo - SyncLevel set to 0 on reset
20:44:25.71   GameInfo::ResetInfo - SyncLevel set to 0 on reset
20:44:25.71   GameInfo::ResetInfo - SyncLevel set to 0 on reset
20:44:25.71   GameInfo::ResetInfo - SyncLevel set to 0 on reset
20:44:25.71   GameInfo::ResetInfo - SyncLevel set to 0 on reset
20:44:25.71   GameInfo::ResetInfo - SyncLevel set to 0 on reset
20:44:25.71   GameInfo::ResetInfo - SyncLevel set to 0 on reset
20:44:25.71   GameInfo::ResetInfo - SyncLevel set to 0 on reset
20:44:25.71   GameInfo::ResetInfo - SyncLevel set to 0 on reset
20:44:25.71   GameInfo::ResetInfo - SyncLevel set to 0 on reset
20:44:25.71   GameInfo::ResetInfo - SyncLevel set to 0 on reset
20:44:25.71   GameInfo::ResetInfo - SyncLevel set to 0 on reset
20:44:25.71   GameInfo::ResetInfo - SyncLevel set to 0 on reset
20:44:25.71   GameInfo::ResetInfo - SyncLevel set to 0 on reset
20:44:25.71   GameInfo::ResetInfo - SyncLevel set to 0 on reset
20:44:25.71   GameInfo::ResetInfo - SyncLevel set to 0 on reset
20:44:25.71   GameInfo::ResetInfo - SyncLevel set to 0 on reset
20:44:25.71   GameInfo::ResetInfo - SyncLevel set to 0 on reset
20:44:25.71   GameInfo::ResetInfo - SyncLevel set to 0 on reset
20:44:25.71   GameInfo::ResetInfo - SyncLevel set to 0 on reset
20:44:25.71   GameInfo::ResetInfo - SyncLevel set to 0 on reset
20:44:25.71   GameInfo::ResetInfo - SyncLevel set to 0 on reset
20:44:25.71   GameInfo::ResetInfo - SyncLevel set to 0 on reset
20:44:25.71   GameInfo::ResetInfo - SyncLevel set to 0 on reset
20:44:25.71   GameInfo::ResetInfo - SyncLevel set to 0 on reset
20:44:25.72   GameInfo::ResetInfo - SyncLevel set to 0 on reset
20:44:25.72   GameInfo::ResetInfo - SyncLevel set to 0 on reset
20:44:25.72   GameInfo::ResetInfo - SyncLevel set to 0 on reset
20:44:25.72   GameInfo::ResetInfo - SyncLevel set to 0 on reset
20:44:25.72   GameInfo::ResetInfo - SyncLevel set to 0 on reset
20:44:25.72   GameInfo::ResetInfo - SyncLevel set to 0 on reset
20:44:25.72   GameInfo::ResetInfo - SyncLevel set to 0 on reset
20:44:25.72   GameInfo::ResetInfo - SyncLevel set to 0 on reset
20:44:25.72   GameInfo::ResetInfo - SyncLevel set to 0 on reset
20:44:25.72   GameInfo::ResetInfo - SyncLevel set to 0 on reset
20:44:25.72   GameInfo::ResetInfo - SyncLevel set to 0 on reset
20:44:25.72   GameInfo::ResetInfo - SyncLevel set to 0 on reset
20:44:25.72   GameInfo::ResetInfo - SyncLevel set to 0 on reset
20:44:25.72   GameInfo::ResetInfo - SyncLevel set to 0 on reset
20:44:25.72   GameInfo::ResetInfo - SyncLevel set to 0 on reset
20:44:25.72   GameInfo::ResetInfo - SyncLevel set to 0 on reset
20:44:25.72   GameInfo::ResetInfo - SyncLevel set to 0 on reset
20:44:25.72   GameInfo::ResetInfo - SyncLevel set to 0 on reset
20:44:25.72   GameInfo::ResetInfo - SyncLevel set to 0 on reset
20:44:25.72   GameInfo::ResetInfo - SyncLevel set to 0 on reset
20:44:25.72   GameInfo::ResetInfo - SyncLevel set to 0 on reset
20:44:25.72   GameInfo::ResetInfo - SyncLevel set to 0 on reset
20:44:25.72   GameInfo::ResetInfo - SyncLevel set to 0 on reset
20:44:25.72   GameInfo::ResetInfo - SyncLevel set to 0 on reset
20:44:25.72   GameInfo::ResetInfo - SyncLevel set to 0 on reset
20:44:25.72   GameInfo::ResetInfo - SyncLevel set to 0 on reset
20:44:25.72   GameInfo::ResetInfo - SyncLevel set to 0 on reset
20:44:25.72   GameInfo::ResetInfo - SyncLevel set to 0 on reset
20:44:25.72   GameInfo::ResetInfo - SyncLevel set to 0 on reset
20:44:25.72   GameInfo::ResetInfo - SyncLevel set to 0 on reset
20:44:25.72   GameInfo::ResetInfo - SyncLevel set to 0 on reset
20:44:25.73   GameInfo::ResetInfo - SyncLevel set to 0 on reset
20:44:25.73   GameInfo::ResetInfo - SyncLevel set to 0 on reset
20:44:25.73   GameInfo::ResetInfo - SyncLevel set to 0 on reset
20:44:25.73   GameInfo::ResetInfo - SyncLevel set to 0 on reset
20:44:25.73   GameInfo::ResetInfo - SyncLevel set to 0 on reset
20:44:25.73   GameInfo::ResetInfo - SyncLevel set to 0 on reset
20:44:25.73   GameInfo::ResetInfo - SyncLevel set to 0 on reset
20:44:25.73   GameInfo::ResetInfo - SyncLevel set to 0 on reset
20:44:25.73   GameInfo::ResetInfo - SyncLevel set to 0 on reset
20:44:25.73   GameInfo::ResetInfo - SyncLevel set to 0 on reset
20:44:25.73   GameInfo::ResetInfo - SyncLevel set to 0 on reset
20:44:25.73   GameInfo::ResetInfo - SyncLevel set to 0 on reset
20:44:25.73   GameInfo::ResetInfo - SyncLevel set to 0 on reset
20:44:25.73   GameInfo::ResetInfo - SyncLevel set to 0 on reset
20:44:25.73   GameInfo::ResetInfo - SyncLevel set to 0 on reset
20:44:25.73   GameInfo::ResetInfo - SyncLevel set to 0 on reset
20:44:25.73   GameInfo::ResetInfo - SyncLevel set to 0 on reset
20:44:25.73   GameInfo::ResetInfo - SyncLevel set to 0 on reset
20:44:25.73   GameInfo::ResetInfo - SyncLevel set to 0 on reset
20:44:25.73   GameInfo::ResetInfo - SyncLevel set to 0 on reset
20:44:25.74   GameInfo::ResetInfo - SyncLevel set to 0 on reset
20:44:25.74   GameInfo::ResetInfo - SyncLevel set to 0 on reset
20:44:25.74   GameInfo::ResetInfo - SyncLevel set to 0 on reset
20:44:25.74   GameInfo::ResetInfo - SyncLevel set to 0 on reset
20:44:25.74   GameInfo::ResetInfo - SyncLevel set to 0 on reset
20:44:25.74   GameInfo::ResetInfo - SyncLevel set to 0 on reset
20:44:25.74   GameInfo::ResetInfo - SyncLevel set to 0 on reset
20:44:25.74   GameInfo::ResetInfo - SyncLevel set to 0 on reset
20:44:25.74   GameInfo::ResetInfo - SyncLevel set to 0 on reset
20:44:25.74   GameInfo::ResetInfo - SyncLevel set to 0 on reset
20:44:25.74   GameInfo::ResetInfo - SyncLevel set to 0 on reset
20:44:25.74   GameInfo::ResetInfo - SyncLevel set to 0 on reset
20:44:25.74   GameInfo::ResetInfo - SyncLevel set to 0 on reset
20:44:25.74   GameInfo::ResetInfo - SyncLevel set to 0 on reset
20:44:25.74   GameInfo::ResetInfo - SyncLevel set to 0 on reset
20:44:25.74   GameInfo::ResetInfo - SyncLevel set to 0 on reset
20:44:25.74   GameInfo::ResetInfo - SyncLevel set to 0 on reset
20:44:25.74   GameInfo::ResetInfo - SyncLevel set to 0 on reset
20:44:25.74   GAME -- Error reading header for recorded game PLAYBACK:8P SEMOIS REMASTERED 07.2021-03-27.02-50-45.rec
20:44:25.74   GameInfo::ResetInfo - SyncLevel set to 0 on reset
20:44:25.74   GameInfo::ResetInfo - SyncLevel set to 0 on reset
20:44:25.74   GameInfo::ResetInfo - SyncLevel set to 0 on reset
20:44:25.74   GAME -- Error reading header for recorded game PLAYBACK:8P SEMOIS REMASTERED 07.2021-03-27.03-39-59.rec
20:44:25.74   GameInfo::ResetInfo - SyncLevel set to 0 on reset
20:44:25.74   GameInfo::ResetInfo - SyncLevel set to 0 on reset
20:44:25.74   GameInfo::ResetInfo - SyncLevel set to 0 on reset
20:44:25.74   GAME -- Error reading header for recorded game PLAYBACK:8P SEMOIS REMASTERED 07.2021-03-31.03-23-44.rec
20:44:25.74   GameInfo::ResetInfo - SyncLevel set to 0 on reset
20:44:25.74   GameInfo::ResetInfo - SyncLevel set to 0 on reset
20:44:25.74   GameInfo::ResetInfo - SyncLevel set to 0 on reset
20:44:25.74   GAME -- Error reading header for recorded game PLAYBACK:8P SEMOIS REMASTERED 07.2021-04-28.02-52-08.rec
20:44:25.74   GameInfo::ResetInfo - SyncLevel set to 0 on reset
20:44:25.74   GameInfo::ResetInfo - SyncLevel set to 0 on reset
20:44:25.74   GameInfo::ResetInfo - SyncLevel set to 0 on reset
20:44:25.75   GAME -- Error reading header for recorded game PLAYBACK:8P_CLOSE_RIVER_COMBAT.2018-01-08.20-06-29.rec
20:44:25.75   GameInfo::ResetInfo - SyncLevel set to 0 on reset
20:44:25.75   GameInfo::ResetInfo - SyncLevel set to 0 on reset
20:44:25.75   GameInfo::ResetInfo - SyncLevel set to 0 on reset
20:44:25.75   GameInfo::ResetInfo - SyncLevel set to 0 on reset
20:44:25.75   GameInfo::ResetInfo - SyncLevel set to 0 on reset
20:44:25.75   GameInfo::ResetInfo - SyncLevel set to 0 on reset
20:44:25.75   GameInfo::ResetInfo - SyncLevel set to 0 on reset
20:44:25.75   GameInfo::ResetInfo - SyncLevel set to 0 on reset
20:44:25.75   GameInfo::ResetInfo - SyncLevel set to 0 on reset
20:44:25.75   GameInfo::ResetInfo - SyncLevel set to 0 on reset
20:44:25.75   GameInfo::ResetInfo - SyncLevel set to 0 on reset
20:44:25.75   GameInfo::ResetInfo - SyncLevel set to 0 on reset
20:44:25.75   GameInfo::ResetInfo - SyncLevel set to 0 on reset
20:44:25.75   GameInfo::ResetInfo - SyncLevel set to 0 on reset
20:44:25.75   GameInfo::ResetInfo - SyncLevel set to 0 on reset
20:44:25.75   GameInfo::ResetInfo - SyncLevel set to 0 on reset
20:44:25.75   GameInfo::ResetInfo - SyncLevel set to 0 on reset
20:44:25.75   GameInfo::ResetInfo - SyncLevel set to 0 on reset
20:44:25.75   GameInfo::ResetInfo - SyncLevel set to 0 on reset
20:44:25.76   GameInfo::ResetInfo - SyncLevel set to 0 on reset
20:44:25.76   GameInfo::ResetInfo - SyncLevel set to 0 on reset
20:44:25.76   GameInfo::ResetInfo - SyncLevel set to 0 on reset
20:44:25.76   GameInfo::ResetInfo - SyncLevel set to 0 on reset
20:44:25.76   GameInfo::ResetInfo - SyncLevel set to 0 on reset
20:44:25.76   GameInfo::ResetInfo - SyncLevel set to 0 on reset
20:44:25.76   GameInfo::ResetInfo - SyncLevel set to 0 on reset
20:44:25.76   GameInfo::ResetInfo - SyncLevel set to 0 on reset
20:44:25.76   GameInfo::ResetInfo - SyncLevel set to 0 on reset
20:44:25.76   GameInfo::ResetInfo - SyncLevel set to 0 on reset
20:44:25.76   GameInfo::ResetInfo - SyncLevel set to 0 on reset
20:44:25.76   GameInfo::ResetInfo - SyncLevel set to 0 on reset
20:44:25.76   GameInfo::ResetInfo - SyncLevel set to 0 on reset
20:44:25.76   GameInfo::ResetInfo - SyncLevel set to 0 on reset
20:44:25.76   GameInfo::ResetInfo - SyncLevel set to 0 on reset
20:44:25.76   GameInfo::ResetInfo - SyncLevel set to 0 on reset
20:44:25.76   GameInfo::ResetInfo - SyncLevel set to 0 on reset
20:44:25.76   GameInfo::ResetInfo - SyncLevel set to 0 on reset
20:44:25.76   GameInfo::ResetInfo - SyncLevel set to 0 on reset
20:44:25.77   GameInfo::ResetInfo - SyncLevel set to 0 on reset
20:44:25.77   GameInfo::ResetInfo - SyncLevel set to 0 on reset
20:44:25.77   GameInfo::ResetInfo - SyncLevel set to 0 on reset
20:44:25.77   GameInfo::ResetInfo - SyncLevel set to 0 on reset
20:44:25.77   GameInfo::ResetInfo - SyncLevel set to 0 on reset
20:44:25.77   GameInfo::ResetInfo - SyncLevel set to 0 on reset
20:44:25.77   GameInfo::ResetInfo - SyncLevel set to 0 on reset
20:44:25.77   GameInfo::ResetInfo - SyncLevel set to 0 on reset
20:44:25.77   GameInfo::ResetInfo - SyncLevel set to 0 on reset
20:44:25.77   GameInfo::ResetInfo - SyncLevel set to 0 on reset
20:44:25.77   GameInfo::ResetInfo - SyncLevel set to 0 on reset
20:44:25.77   GameInfo::ResetInfo - SyncLevel set to 0 on reset
20:44:25.77   GameInfo::ResetInfo - SyncLevel set to 0 on reset
20:44:25.77   GameInfo::ResetInfo - SyncLevel set to 0 on reset
20:44:25.77   GameInfo::ResetInfo - SyncLevel set to 0 on reset
20:44:25.77   GameInfo::ResetInfo - SyncLevel set to 0 on reset
20:44:25.77   GameInfo::ResetInfo - SyncLevel set to 0 on reset
20:44:25.77   GameInfo::ResetInfo - SyncLevel set to 0 on reset
20:44:25.77   GameInfo::ResetInfo - SyncLevel set to 0 on reset
20:44:25.77   GameInfo::ResetInfo - SyncLevel set to 0 on reset
20:44:25.77   GameInfo::ResetInfo - SyncLevel set to 0 on reset
20:44:25.77   GameInfo::ResetInfo - SyncLevel set to 0 on reset
20:44:25.77   GameInfo::ResetInfo - SyncLevel set to 0 on reset
20:44:25.77   GameInfo::ResetInfo - SyncLevel set to 0 on reset
20:44:25.77   GameInfo::ResetInfo - SyncLevel set to 0 on reset
20:44:25.78   GameInfo::ResetInfo - SyncLevel set to 0 on reset
20:44:25.78   GameInfo::ResetInfo - SyncLevel set to 0 on reset
20:44:25.78   GameInfo::ResetInfo - SyncLevel set to 0 on reset
20:44:25.78   GameInfo::ResetInfo - SyncLevel set to 0 on reset
20:44:25.78   GameInfo::ResetInfo - SyncLevel set to 0 on reset
20:44:25.78   GameInfo::ResetInfo - SyncLevel set to 0 on reset
20:44:25.78   GameInfo::ResetInfo - SyncLevel set to 0 on reset
20:44:25.78   GameInfo::ResetInfo - SyncLevel set to 0 on reset
20:44:25.78   GameInfo::ResetInfo - SyncLevel set to 0 on reset
20:44:25.78   GameInfo::ResetInfo - SyncLevel set to 0 on reset
20:44:25.78   GameInfo::ResetInfo - SyncLevel set to 0 on reset
20:44:25.78   GameInfo::ResetInfo - SyncLevel set to 0 on reset
20:44:25.78   GameInfo::ResetInfo - SyncLevel set to 0 on reset
20:44:25.78   GameInfo::ResetInfo - SyncLevel set to 0 on reset
20:44:25.78   GameInfo::ResetInfo - SyncLevel set to 0 on reset
20:44:25.78   GameInfo::ResetInfo - SyncLevel set to 0 on reset
20:44:25.78   GameInfo::ResetInfo - SyncLevel set to 0 on reset
20:44:25.78   GameInfo::ResetInfo - SyncLevel set to 0 on reset
20:44:25.78   GameInfo::ResetInfo - SyncLevel set to 0 on reset
20:44:25.78   GameInfo::ResetInfo - SyncLevel set to 0 on reset
20:44:25.78   GameInfo::ResetInfo - SyncLevel set to 0 on reset
20:44:25.78   GameInfo::ResetInfo - SyncLevel set to 0 on reset
20:44:25.78   GameInfo::ResetInfo - SyncLevel set to 0 on reset
20:44:25.78   GameInfo::ResetInfo - SyncLevel set to 0 on reset
20:44:25.78   GameInfo::ResetInfo - SyncLevel set to 0 on reset
20:44:25.78   GameInfo::ResetInfo - SyncLevel set to 0 on reset
20:44:25.78   GameInfo::ResetInfo - SyncLevel set to 0 on reset
20:44:25.79   GameInfo::ResetInfo - SyncLevel set to 0 on reset
20:44:25.79   GameInfo::ResetInfo - SyncLevel set to 0 on reset
20:44:25.79   GameInfo::ResetInfo - SyncLevel set to 0 on reset
20:44:25.79   GameInfo::ResetInfo - SyncLevel set to 0 on reset
20:44:25.79   GameInfo::ResetInfo - SyncLevel set to 0 on reset
20:44:25.79   GameInfo::ResetInfo - SyncLevel set to 0 on reset
20:44:25.79   GameInfo::ResetInfo - SyncLevel set to 0 on reset
20:44:25.79   GameInfo::ResetInfo - SyncLevel set to 0 on reset
20:44:25.79   GameInfo::ResetInfo - SyncLevel set to 0 on reset
20:44:25.79   GameInfo::ResetInfo - SyncLevel set to 0 on reset
20:44:25.79   GameInfo::ResetInfo - SyncLevel set to 0 on reset
20:44:25.79   GameInfo::ResetInfo - SyncLevel set to 0 on reset
20:44:25.79   GameInfo::ResetInfo - SyncLevel set to 0 on reset
20:44:25.79   GameInfo::ResetInfo - SyncLevel set to 0 on reset
20:44:25.79   GameInfo::ResetInfo - SyncLevel set to 0 on reset
20:44:25.79   GameInfo::ResetInfo - SyncLevel set to 0 on reset
20:44:25.79   GameInfo::ResetInfo - SyncLevel set to 0 on reset
20:44:25.79   GameInfo::ResetInfo - SyncLevel set to 0 on reset
20:44:25.79   GameInfo::ResetInfo - SyncLevel set to 0 on reset
20:44:25.79   GameInfo::ResetInfo - SyncLevel set to 0 on reset
20:44:25.80   GameInfo::ResetInfo - SyncLevel set to 0 on reset
20:44:25.80   GameInfo::ResetInfo - SyncLevel set to 0 on reset
20:44:25.80   GameInfo::ResetInfo - SyncLevel set to 0 on reset
20:44:25.80   GameInfo::ResetInfo - SyncLevel set to 0 on reset
20:44:25.80   GameInfo::ResetInfo - SyncLevel set to 0 on reset
20:44:25.80   GameInfo::ResetInfo - SyncLevel set to 0 on reset
20:44:25.80   GameInfo::ResetInfo - SyncLevel set to 0 on reset
20:44:25.80   GameInfo::ResetInfo - SyncLevel set to 0 on reset
20:44:25.80   GameInfo::ResetInfo - SyncLevel set to 0 on reset
20:44:25.80   GameInfo::ResetInfo - SyncLevel set to 0 on reset
20:44:25.80   GameInfo::ResetInfo - SyncLevel set to 0 on reset
20:44:25.80   GameInfo::ResetInfo - SyncLevel set to 0 on reset
20:44:25.80   GameInfo::ResetInfo - SyncLevel set to 0 on reset
20:44:25.80   GameInfo::ResetInfo - SyncLevel set to 0 on reset
20:44:25.80   GameInfo::ResetInfo - SyncLevel set to 0 on reset
20:44:25.80   GameInfo::ResetInfo - SyncLevel set to 0 on reset
20:44:25.80   GameInfo::ResetInfo - SyncLevel set to 0 on reset
20:44:25.80   GameInfo::ResetInfo - SyncLevel set to 0 on reset
20:44:25.80   GameInfo::ResetInfo - SyncLevel set to 0 on reset
20:44:25.80   GameInfo::ResetInfo - SyncLevel set to 0 on reset
20:44:25.80   GameInfo::ResetInfo - SyncLevel set to 0 on reset
20:44:25.80   GameInfo::ResetInfo - SyncLevel set to 0 on reset
20:44:25.81   GameInfo::ResetInfo - SyncLevel set to 0 on reset
20:44:25.81   GameInfo::ResetInfo - SyncLevel set to 0 on reset
20:44:25.81   GameInfo::ResetInfo - SyncLevel set to 0 on reset
20:44:25.81   GameInfo::ResetInfo - SyncLevel set to 0 on reset
20:44:25.81   GameInfo::ResetInfo - SyncLevel set to 0 on reset
20:44:25.81   GameInfo::ResetInfo - SyncLevel set to 0 on reset
20:44:25.81   GameInfo::ResetInfo - SyncLevel set to 0 on reset
20:44:25.81   GameInfo::ResetInfo - SyncLevel set to 0 on reset
20:44:25.81   GameInfo::ResetInfo - SyncLevel set to 0 on reset
20:44:25.81   GameInfo::ResetInfo - SyncLevel set to 0 on reset
20:44:25.81   GameInfo::ResetInfo - SyncLevel set to 0 on reset
20:44:25.81   GameInfo::ResetInfo - SyncLevel set to 0 on reset
20:44:25.81   GameInfo::ResetInfo - SyncLevel set to 0 on reset
20:44:25.81   GameInfo::ResetInfo - SyncLevel set to 0 on reset
20:44:25.81   GameInfo::ResetInfo - SyncLevel set to 0 on reset
20:44:25.81   GameInfo::ResetInfo - SyncLevel set to 0 on reset
20:44:25.81   GameInfo::ResetInfo - SyncLevel set to 0 on reset
20:44:25.81   GameInfo::ResetInfo - SyncLevel set to 0 on reset
20:44:25.81   GameInfo::ResetInfo - SyncLevel set to 0 on reset
20:44:25.81   GameInfo::ResetInfo - SyncLevel set to 0 on reset
20:44:25.81   GameInfo::ResetInfo - SyncLevel set to 0 on reset
20:44:25.81   GameInfo::ResetInfo - SyncLevel set to 0 on reset
20:44:25.81   GameInfo::ResetInfo - SyncLevel set to 0 on reset
20:44:25.81   GameInfo::ResetInfo - SyncLevel set to 0 on reset
20:44:25.81   GameInfo::ResetInfo - SyncLevel set to 0 on reset
20:44:25.81   GameInfo::ResetInfo - SyncLevel set to 0 on reset
20:44:25.81   GameInfo::ResetInfo - SyncLevel set to 0 on reset
20:44:25.82   GameInfo::ResetInfo - SyncLevel set to 0 on reset
20:44:25.82   GameInfo::ResetInfo - SyncLevel set to 0 on reset
20:44:25.82   GameInfo::ResetInfo - SyncLevel set to 0 on reset
20:44:25.82   GameInfo::ResetInfo - SyncLevel set to 0 on reset
20:44:25.82   GameInfo::ResetInfo - SyncLevel set to 0 on reset
20:44:25.82   GameInfo::ResetInfo - SyncLevel set to 0 on reset
20:44:25.82   GameInfo::ResetInfo - SyncLevel set to 0 on reset
20:44:25.82   GameInfo::ResetInfo - SyncLevel set to 0 on reset
20:44:25.82   GameInfo::ResetInfo - SyncLevel set to 0 on reset
20:44:25.82   GameInfo::ResetInfo - SyncLevel set to 0 on reset
20:44:25.82   GameInfo::ResetInfo - SyncLevel set to 0 on reset
20:44:25.82   GameInfo::ResetInfo - SyncLevel set to 0 on reset
20:44:25.82   GameInfo::ResetInfo - SyncLevel set to 0 on reset
20:44:25.82   GameInfo::ResetInfo - SyncLevel set to 0 on reset
20:44:25.82   GameInfo::ResetInfo - SyncLevel set to 0 on reset
20:44:25.82   GameInfo::ResetInfo - SyncLevel set to 0 on reset
20:44:25.82   GameInfo::ResetInfo - SyncLevel set to 0 on reset
20:44:25.83   GameInfo::ResetInfo - SyncLevel set to 0 on reset
20:44:25.83   GameInfo::ResetInfo - SyncLevel set to 0 on reset
20:44:25.83   GameInfo::ResetInfo - SyncLevel set to 0 on reset
20:44:25.83   GameInfo::ResetInfo - SyncLevel set to 0 on reset
20:44:25.83   GameInfo::ResetInfo - SyncLevel set to 0 on reset
20:44:25.83   GameInfo::ResetInfo - SyncLevel set to 0 on reset
20:44:25.83   GameInfo::ResetInfo - SyncLevel set to 0 on reset
20:44:25.83   GameInfo::ResetInfo - SyncLevel set to 0 on reset
20:44:25.83   GameInfo::ResetInfo - SyncLevel set to 0 on reset
20:44:25.83   GameInfo::ResetInfo - SyncLevel set to 0 on reset
20:44:25.83   GameInfo::ResetInfo - SyncLevel set to 0 on reset
20:44:25.83   GameInfo::ResetInfo - SyncLevel set to 0 on reset
20:44:25.83   GameInfo::ResetInfo - SyncLevel set to 0 on reset
20:44:25.83   GameInfo::ResetInfo - SyncLevel set to 0 on reset
20:44:25.83   GameInfo::ResetInfo - SyncLevel set to 0 on reset
20:44:25.83   GameInfo::ResetInfo - SyncLevel set to 0 on reset
20:44:25.83   GameInfo::ResetInfo - SyncLevel set to 0 on reset
20:44:25.83   GameInfo::ResetInfo - SyncLevel set to 0 on reset
20:44:25.83   GameInfo::ResetInfo - SyncLevel set to 0 on reset
20:44:25.83   GameInfo::ResetInfo - SyncLevel set to 0 on reset
20:44:25.83   GameInfo::ResetInfo - SyncLevel set to 0 on reset
20:44:25.83   GameInfo::ResetInfo - SyncLevel set to 0 on reset
20:44:25.84   GameInfo::ResetInfo - SyncLevel set to 0 on reset
20:44:25.84   GameInfo::ResetInfo - SyncLevel set to 0 on reset
20:44:25.84   GameInfo::ResetInfo - SyncLevel set to 0 on reset
20:44:25.84   GameInfo::ResetInfo - SyncLevel set to 0 on reset
20:44:25.84   GameInfo::ResetInfo - SyncLevel set to 0 on reset
20:44:25.84   GameInfo::ResetInfo - SyncLevel set to 0 on reset
20:44:25.84   GameInfo::ResetInfo - SyncLevel set to 0 on reset
20:44:25.84   GameInfo::ResetInfo - SyncLevel set to 0 on reset
20:44:25.84   GameInfo::ResetInfo - SyncLevel set to 0 on reset
20:44:25.84   GameInfo::ResetInfo - SyncLevel set to 0 on reset
20:44:25.84   GameInfo::ResetInfo - SyncLevel set to 0 on reset
20:44:25.84   GameInfo::ResetInfo - SyncLevel set to 0 on reset
20:44:25.84   GameInfo::ResetInfo - SyncLevel set to 0 on reset
20:44:25.84   GameInfo::ResetInfo - SyncLevel set to 0 on reset
20:44:25.84   GameInfo::ResetInfo - SyncLevel set to 0 on reset
20:44:25.84   GameInfo::ResetInfo - SyncLevel set to 0 on reset
20:44:25.84   GameInfo::ResetInfo - SyncLevel set to 0 on reset
20:44:25.84   GameInfo::ResetInfo - SyncLevel set to 0 on reset
20:44:25.84   GameInfo::ResetInfo - SyncLevel set to 0 on reset
20:44:25.84   GameInfo::ResetInfo - SyncLevel set to 0 on reset
20:44:25.84   GameInfo::ResetInfo - SyncLevel set to 0 on reset
20:44:25.84   GameInfo::ResetInfo - SyncLevel set to 0 on reset
20:44:25.84   GameInfo::ResetInfo - SyncLevel set to 0 on reset
20:44:25.84   GameInfo::ResetInfo - SyncLevel set to 0 on reset
20:44:25.84   GameInfo::ResetInfo - SyncLevel set to 0 on reset
20:44:25.84   GameInfo::ResetInfo - SyncLevel set to 0 on reset
20:44:25.84   GameInfo::ResetInfo - SyncLevel set to 0 on reset
20:44:25.84   GameInfo::ResetInfo - SyncLevel set to 0 on reset
20:44:25.84   GameInfo::ResetInfo - SyncLevel set to 0 on reset
20:44:25.84   GameInfo::ResetInfo - SyncLevel set to 0 on reset
20:44:25.85   GameInfo::ResetInfo - SyncLevel set to 0 on reset
20:44:25.85   GameInfo::ResetInfo - SyncLevel set to 0 on reset
20:44:25.85   GameInfo::ResetInfo - SyncLevel set to 0 on reset
20:44:25.85   GameInfo::ResetInfo - SyncLevel set to 0 on reset
20:44:25.85   GameInfo::ResetInfo - SyncLevel set to 0 on reset
20:44:25.85   GameInfo::ResetInfo - SyncLevel set to 0 on reset
20:44:25.85   GameInfo::ResetInfo - SyncLevel set to 0 on reset
20:44:25.85   GameInfo::ResetInfo - SyncLevel set to 0 on reset
20:44:25.85   GameInfo::ResetInfo - SyncLevel set to 0 on reset
20:44:25.85   GameInfo::ResetInfo - SyncLevel set to 0 on reset
20:44:25.85   GameInfo::ResetInfo - SyncLevel set to 0 on reset
20:44:25.85   GameInfo::ResetInfo - SyncLevel set to 0 on reset
20:44:25.85   GameInfo::ResetInfo - SyncLevel set to 0 on reset
20:44:25.85   GameInfo::ResetInfo - SyncLevel set to 0 on reset
20:44:25.85   GameInfo::ResetInfo - SyncLevel set to 0 on reset
20:44:25.85   GameInfo::ResetInfo - SyncLevel set to 0 on reset
20:44:25.85   GameInfo::ResetInfo - SyncLevel set to 0 on reset
20:44:25.85   GameInfo::ResetInfo - SyncLevel set to 0 on reset
20:44:25.85   GameInfo::ResetInfo - SyncLevel set to 0 on reset
20:44:25.86   GameInfo::ResetInfo - SyncLevel set to 0 on reset
20:44:25.86   GameInfo::ResetInfo - SyncLevel set to 0 on reset
20:44:25.86   GameInfo::ResetInfo - SyncLevel set to 0 on reset
20:44:25.86   GameInfo::ResetInfo - SyncLevel set to 0 on reset
20:44:25.86   GameInfo::ResetInfo - SyncLevel set to 0 on reset
20:44:25.86   GameInfo::ResetInfo - SyncLevel set to 0 on reset
20:44:25.86   GameInfo::ResetInfo - SyncLevel set to 0 on reset
20:44:25.86   GameInfo::ResetInfo - SyncLevel set to 0 on reset
20:44:25.86   GameInfo::ResetInfo - SyncLevel set to 0 on reset
20:44:25.86   GameInfo::ResetInfo - SyncLevel set to 0 on reset
20:44:25.86   GameInfo::ResetInfo - SyncLevel set to 0 on reset
20:44:25.86   GameInfo::ResetInfo - SyncLevel set to 0 on reset
20:44:25.86   GameInfo::ResetInfo - SyncLevel set to 0 on reset
20:44:25.86   GameInfo::ResetInfo - SyncLevel set to 0 on reset
20:44:25.86   GameInfo::ResetInfo - SyncLevel set to 0 on reset
20:44:25.86   GameInfo::ResetInfo - SyncLevel set to 0 on reset
20:44:25.86   GameInfo::ResetInfo - SyncLevel set to 0 on reset
20:44:25.86   GameInfo::ResetInfo - SyncLevel set to 0 on reset
20:44:25.86   GameInfo::ResetInfo - SyncLevel set to 0 on reset
20:44:25.86   GameInfo::ResetInfo - SyncLevel set to 0 on reset
20:44:25.86   GameInfo::ResetInfo - SyncLevel set to 0 on reset
20:44:25.86   GameInfo::ResetInfo - SyncLevel set to 0 on reset
20:44:25.86   GameInfo::ResetInfo - SyncLevel set to 0 on reset
20:44:25.87   GameInfo::ResetInfo - SyncLevel set to 0 on reset
20:44:25.87   GameInfo::ResetInfo - SyncLevel set to 0 on reset
20:44:25.87   GameInfo::ResetInfo - SyncLevel set to 0 on reset
20:44:25.87   GameInfo::ResetInfo - SyncLevel set to 0 on reset
20:44:25.87   GameInfo::ResetInfo - SyncLevel set to 0 on reset
20:44:25.87   GameInfo::ResetInfo - SyncLevel set to 0 on reset
20:44:25.87   GameInfo::ResetInfo - SyncLevel set to 0 on reset
20:44:25.87   GameInfo::ResetInfo - SyncLevel set to 0 on reset
20:44:25.87   GameInfo::ResetInfo - SyncLevel set to 0 on reset
20:44:25.87   GameInfo::ResetInfo - SyncLevel set to 0 on reset
20:44:25.87   GameInfo::ResetInfo - SyncLevel set to 0 on reset
20:44:25.87   GameInfo::ResetInfo - SyncLevel set to 0 on reset
20:44:25.87   GameInfo::ResetInfo - SyncLevel set to 0 on reset
20:44:25.87   GameInfo::ResetInfo - SyncLevel set to 0 on reset
20:44:25.87   GameInfo::ResetInfo - SyncLevel set to 0 on reset
20:44:25.87   GameInfo::ResetInfo - SyncLevel set to 0 on reset
20:44:25.87   GameInfo::ResetInfo - SyncLevel set to 0 on reset
20:44:25.87   GameInfo::ResetInfo - SyncLevel set to 0 on reset
20:44:25.87   GameInfo::ResetInfo - SyncLevel set to 0 on reset
20:44:25.87   GameInfo::ResetInfo - SyncLevel set to 0 on reset
20:44:25.87   GameInfo::ResetInfo - SyncLevel set to 0 on reset
20:44:25.87   GameInfo::ResetInfo - SyncLevel set to 0 on reset
20:44:25.87   GameInfo::ResetInfo - SyncLevel set to 0 on reset
20:44:25.87   GameInfo::ResetInfo - SyncLevel set to 0 on reset
20:44:25.87   GameInfo::ResetInfo - SyncLevel set to 0 on reset
20:44:25.87   GameInfo::ResetInfo - SyncLevel set to 0 on reset
20:44:25.87   GameInfo::ResetInfo - SyncLevel set to 0 on reset
20:44:25.87   GameInfo::ResetInfo - SyncLevel set to 0 on reset
20:44:25.87   GameInfo::ResetInfo - SyncLevel set to 0 on reset
20:44:25.87   GameInfo::ResetInfo - SyncLevel set to 0 on reset
20:44:25.87   GameInfo::ResetInfo - SyncLevel set to 0 on reset
20:44:25.87   GameInfo::ResetInfo - SyncLevel set to 0 on reset
20:44:25.88   GameInfo::ResetInfo - SyncLevel set to 0 on reset
20:44:25.88   GameInfo::ResetInfo - SyncLevel set to 0 on reset
20:44:25.88   GameInfo::ResetInfo - SyncLevel set to 0 on reset
20:44:25.88   GameInfo::ResetInfo - SyncLevel set to 0 on reset
20:44:25.88   GameInfo::ResetInfo - SyncLevel set to 0 on reset
20:44:25.88   GameInfo::ResetInfo - SyncLevel set to 0 on reset
20:44:25.88   GameInfo::ResetInfo - SyncLevel set to 0 on reset
20:44:25.88   GameInfo::ResetInfo - SyncLevel set to 0 on reset
20:44:25.88   GameInfo::ResetInfo - SyncLevel set to 0 on reset
20:44:25.88   GameInfo::ResetInfo - SyncLevel set to 0 on reset
20:44:25.88   GameInfo::ResetInfo - SyncLevel set to 0 on reset
20:44:25.88   GameInfo::ResetInfo - SyncLevel set to 0 on reset
20:44:25.88   GameInfo::ResetInfo - SyncLevel set to 0 on reset
20:44:25.88   GameInfo::ResetInfo - SyncLevel set to 0 on reset
20:44:25.88   GameInfo::ResetInfo - SyncLevel set to 0 on reset
20:44:25.88   GameInfo::ResetInfo - SyncLevel set to 0 on reset
20:44:25.88   GameInfo::ResetInfo - SyncLevel set to 0 on reset
20:44:25.88   GameInfo::ResetInfo - SyncLevel set to 0 on reset
20:44:25.88   GameInfo::ResetInfo - SyncLevel set to 0 on reset
20:44:25.89   GameInfo::ResetInfo - SyncLevel set to 0 on reset
20:44:25.89   GameInfo::ResetInfo - SyncLevel set to 0 on reset
20:44:25.89   GameInfo::ResetInfo - SyncLevel set to 0 on reset
20:44:25.89   GameInfo::ResetInfo - SyncLevel set to 0 on reset
20:44:25.89   GameInfo::ResetInfo - SyncLevel set to 0 on reset
20:44:25.89   GameInfo::ResetInfo - SyncLevel set to 0 on reset
20:44:25.89   GameInfo::ResetInfo - SyncLevel set to 0 on reset
20:44:25.89   GameInfo::ResetInfo - SyncLevel set to 0 on reset
20:44:25.89   GameInfo::ResetInfo - SyncLevel set to 0 on reset
20:44:25.89   GameInfo::ResetInfo - SyncLevel set to 0 on reset
20:44:25.89   GameInfo::ResetInfo - SyncLevel set to 0 on reset
20:44:25.89   GameInfo::ResetInfo - SyncLevel set to 0 on reset
20:44:25.89   GameInfo::ResetInfo - SyncLevel set to 0 on reset
20:44:25.89   GameInfo::ResetInfo - SyncLevel set to 0 on reset
20:44:25.89   GameInfo::ResetInfo - SyncLevel set to 0 on reset
20:44:25.89   GameInfo::ResetInfo - SyncLevel set to 0 on reset
20:44:25.89   GameInfo::ResetInfo - SyncLevel set to 0 on reset
20:44:25.89   GameInfo::ResetInfo - SyncLevel set to 0 on reset
20:44:25.89   GameInfo::ResetInfo - SyncLevel set to 0 on reset
20:44:25.89   GameInfo::ResetInfo - SyncLevel set to 0 on reset
20:44:25.89   GameInfo::ResetInfo - SyncLevel set to 0 on reset
20:44:25.89   GameInfo::ResetInfo - SyncLevel set to 0 on reset
20:44:25.89   GameInfo::ResetInfo - SyncLevel set to 0 on reset
20:44:25.89   GameInfo::ResetInfo - SyncLevel set to 0 on reset
20:44:25.89   GameInfo::ResetInfo - SyncLevel set to 0 on reset
20:44:25.89   GameInfo::ResetInfo - SyncLevel set to 0 on reset
20:44:25.89   GameInfo::ResetInfo - SyncLevel set to 0 on reset
20:44:25.90   GameInfo::ResetInfo - SyncLevel set to 0 on reset
20:44:25.90   GameInfo::ResetInfo - SyncLevel set to 0 on reset
20:44:25.90   GameInfo::ResetInfo - SyncLevel set to 0 on reset
20:44:25.90   GameInfo::ResetInfo - SyncLevel set to 0 on reset
20:44:25.90   GameInfo::ResetInfo - SyncLevel set to 0 on reset
20:44:25.90   GameInfo::ResetInfo - SyncLevel set to 0 on reset
20:44:25.90   GameInfo::ResetInfo - SyncLevel set to 0 on reset
20:44:25.90   GameInfo::ResetInfo - SyncLevel set to 0 on reset
20:44:25.90   GameInfo::ResetInfo - SyncLevel set to 0 on reset
20:44:25.90   GameInfo::ResetInfo - SyncLevel set to 0 on reset
20:44:25.90   GameInfo::ResetInfo - SyncLevel set to 0 on reset
20:44:25.90   GameInfo::ResetInfo - SyncLevel set to 0 on reset
20:44:25.90   GameInfo::ResetInfo - SyncLevel set to 0 on reset
20:44:25.90   GameInfo::ResetInfo - SyncLevel set to 0 on reset
20:44:25.90   GameInfo::ResetInfo - SyncLevel set to 0 on reset
20:44:25.90   GameInfo::ResetInfo - SyncLevel set to 0 on reset
20:44:25.90   GameInfo::ResetInfo - SyncLevel set to 0 on reset
20:44:25.90   GameInfo::ResetInfo - SyncLevel set to 0 on reset
20:44:25.90   GameInfo::ResetInfo - SyncLevel set to 0 on reset
20:44:25.90   GameInfo::ResetInfo - SyncLevel set to 0 on reset
20:44:25.90   GameInfo::ResetInfo - SyncLevel set to 0 on reset
20:44:25.90   GameInfo::ResetInfo - SyncLevel set to 0 on reset
20:44:25.90   GameInfo::ResetInfo - SyncLevel set to 0 on reset
20:44:25.90   GameInfo::ResetInfo - SyncLevel set to 0 on reset
20:44:25.91   GameInfo::ResetInfo - SyncLevel set to 0 on reset
20:44:25.91   GameInfo::ResetInfo - SyncLevel set to 0 on reset
20:44:25.91   GameInfo::ResetInfo - SyncLevel set to 0 on reset
20:44:25.91   GameInfo::ResetInfo - SyncLevel set to 0 on reset
20:44:25.91   GameInfo::ResetInfo - SyncLevel set to 0 on reset
20:44:25.91   GameInfo::ResetInfo - SyncLevel set to 0 on reset
20:44:25.91   GameInfo::ResetInfo - SyncLevel set to 0 on reset
20:44:25.91   GameInfo::ResetInfo - SyncLevel set to 0 on reset
20:44:25.91   GameInfo::ResetInfo - SyncLevel set to 0 on reset
20:44:25.91   GameInfo::ResetInfo - SyncLevel set to 0 on reset
20:44:25.91   GameInfo::ResetInfo - SyncLevel set to 0 on reset
20:44:25.91   GameInfo::ResetInfo - SyncLevel set to 0 on reset
20:44:25.91   GameInfo::ResetInfo - SyncLevel set to 0 on reset
20:44:25.91   GameInfo::ResetInfo - SyncLevel set to 0 on reset
20:44:25.91   GameInfo::ResetInfo - SyncLevel set to 0 on reset
20:44:25.91   GameInfo::ResetInfo - SyncLevel set to 0 on reset
20:44:25.91   GameInfo::ResetInfo - SyncLevel set to 0 on reset
20:44:25.91   GameInfo::ResetInfo - SyncLevel set to 0 on reset
20:44:25.91   GameInfo::ResetInfo - SyncLevel set to 0 on reset
20:44:25.91   GameInfo::ResetInfo - SyncLevel set to 0 on reset
20:44:25.91   GameInfo::ResetInfo - SyncLevel set to 0 on reset
20:44:25.91   GameInfo::ResetInfo - SyncLevel set to 0 on reset
20:44:25.92   GameInfo::ResetInfo - SyncLevel set to 0 on reset
20:44:25.92   GameInfo::ResetInfo - SyncLevel set to 0 on reset
20:44:25.92   GameInfo::ResetInfo - SyncLevel set to 0 on reset
20:44:25.92   GameInfo::ResetInfo - SyncLevel set to 0 on reset
20:44:25.92   GameInfo::ResetInfo - SyncLevel set to 0 on reset
20:44:25.92   GameInfo::ResetInfo - SyncLevel set to 0 on reset
20:44:25.92   GameInfo::ResetInfo - SyncLevel set to 0 on reset
20:44:25.92   GameInfo::ResetInfo - SyncLevel set to 0 on reset
20:44:25.92   GameInfo::ResetInfo - SyncLevel set to 0 on reset
20:44:25.92   GameInfo::ResetInfo - SyncLevel set to 0 on reset
20:44:25.92   GameInfo::ResetInfo - SyncLevel set to 0 on reset
20:44:25.92   GameInfo::ResetInfo - SyncLevel set to 0 on reset
20:44:25.92   GameInfo::ResetInfo - SyncLevel set to 0 on reset
20:44:25.92   GameInfo::ResetInfo - SyncLevel set to 0 on reset
20:44:25.92   GameInfo::ResetInfo - SyncLevel set to 0 on reset
20:44:25.92   GameInfo::ResetInfo - SyncLevel set to 0 on reset
20:44:25.92   GameInfo::ResetInfo - SyncLevel set to 0 on reset
20:44:25.93   GameInfo::ResetInfo - SyncLevel set to 0 on reset
20:44:25.93   GameInfo::ResetInfo - SyncLevel set to 0 on reset
20:44:25.93   GameInfo::ResetInfo - SyncLevel set to 0 on reset
20:44:25.93   GameInfo::ResetInfo - SyncLevel set to 0 on reset
20:44:25.93   GameInfo::ResetInfo - SyncLevel set to 0 on reset
20:44:25.93   GameInfo::ResetInfo - SyncLevel set to 0 on reset
20:44:25.93   GameInfo::ResetInfo - SyncLevel set to 0 on reset
20:44:25.93   GameInfo::ResetInfo - SyncLevel set to 0 on reset
20:44:25.93   GameInfo::ResetInfo - SyncLevel set to 0 on reset
20:44:25.93   GameInfo::ResetInfo - SyncLevel set to 0 on reset
20:44:25.93   GameInfo::ResetInfo - SyncLevel set to 0 on reset
20:44:25.93   GameInfo::ResetInfo - SyncLevel set to 0 on reset
20:44:25.93   GameInfo::ResetInfo - SyncLevel set to 0 on reset
20:44:25.93   GameInfo::ResetInfo - SyncLevel set to 0 on reset
20:44:25.93   GameInfo::ResetInfo - SyncLevel set to 0 on reset
20:44:25.93   GameInfo::ResetInfo - SyncLevel set to 0 on reset
20:44:25.93   GameInfo::ResetInfo - SyncLevel set to 0 on reset
20:44:25.93   GameInfo::ResetInfo - SyncLevel set to 0 on reset
20:44:25.93   GameInfo::ResetInfo - SyncLevel set to 0 on reset
20:44:25.93   GameInfo::ResetInfo - SyncLevel set to 0 on reset
20:44:25.93   GameInfo::ResetInfo - SyncLevel set to 0 on reset
20:44:25.93   GameInfo::ResetInfo - SyncLevel set to 0 on reset
20:44:25.93   GameInfo::ResetInfo - SyncLevel set to 0 on reset
20:44:25.93   GameInfo::ResetInfo - SyncLevel set to 0 on reset
20:44:25.93   GameInfo::ResetInfo - SyncLevel set to 0 on reset
20:44:25.93   GameInfo::ResetInfo - SyncLevel set to 0 on reset
20:44:25.93   GameInfo::ResetInfo - SyncLevel set to 0 on reset
20:44:25.94   GameInfo::ResetInfo - SyncLevel set to 0 on reset
20:44:25.94   GameInfo::ResetInfo - SyncLevel set to 0 on reset
20:44:25.94   GameInfo::ResetInfo - SyncLevel set to 0 on reset
20:44:25.94   GameInfo::ResetInfo - SyncLevel set to 0 on reset
20:44:25.94   GameInfo::ResetInfo - SyncLevel set to 0 on reset
20:44:25.94   GameInfo::ResetInfo - SyncLevel set to 0 on reset
20:44:25.94   GameInfo::ResetInfo - SyncLevel set to 0 on reset
20:44:25.94   GameInfo::ResetInfo - SyncLevel set to 0 on reset
20:44:25.94   GameInfo::ResetInfo - SyncLevel set to 0 on reset
20:44:25.94   GameInfo::ResetInfo - SyncLevel set to 0 on reset
20:44:25.94   GameInfo::ResetInfo - SyncLevel set to 0 on reset
20:44:25.94   GameInfo::ResetInfo - SyncLevel set to 0 on reset
20:44:25.94   GameInfo::ResetInfo - SyncLevel set to 0 on reset
20:44:25.94   GameInfo::ResetInfo - SyncLevel set to 0 on reset
20:44:25.94   GameInfo::ResetInfo - SyncLevel set to 0 on reset
20:44:25.94   GameInfo::ResetInfo - SyncLevel set to 0 on reset
20:44:25.94   GameInfo::ResetInfo - SyncLevel set to 0 on reset
20:44:25.94   GameInfo::ResetInfo - SyncLevel set to 0 on reset
20:44:25.94   GameInfo::ResetInfo - SyncLevel set to 0 on reset
20:44:25.94   GameInfo::ResetInfo - SyncLevel set to 0 on reset
20:44:25.94   GameInfo::ResetInfo - SyncLevel set to 0 on reset
20:44:25.95   GameInfo::ResetInfo - SyncLevel set to 0 on reset
20:44:25.95   GameInfo::ResetInfo - SyncLevel set to 0 on reset
20:44:25.95   GameInfo::ResetInfo - SyncLevel set to 0 on reset
20:44:25.95   GameInfo::ResetInfo - SyncLevel set to 0 on reset
20:44:25.95   GameInfo::ResetInfo - SyncLevel set to 0 on reset
20:44:25.95   GameInfo::ResetInfo - SyncLevel set to 0 on reset
20:44:25.95   GameInfo::ResetInfo - SyncLevel set to 0 on reset
20:44:25.95   GameInfo::ResetInfo - SyncLevel set to 0 on reset
20:44:25.95   GameInfo::ResetInfo - SyncLevel set to 0 on reset
20:44:25.95   GameInfo::ResetInfo - SyncLevel set to 0 on reset
20:44:25.95   GameInfo::ResetInfo - SyncLevel set to 0 on reset
20:44:25.95   GameInfo::ResetInfo - SyncLevel set to 0 on reset
20:44:25.95   GameInfo::ResetInfo - SyncLevel set to 0 on reset
20:44:25.95   GameInfo::ResetInfo - SyncLevel set to 0 on reset
20:44:25.95   GameInfo::ResetInfo - SyncLevel set to 0 on reset
20:44:25.95   GameInfo::ResetInfo - SyncLevel set to 0 on reset
20:44:25.95   GameInfo::ResetInfo - SyncLevel set to 0 on reset
20:44:25.95   GameInfo::ResetInfo - SyncLevel set to 0 on reset
20:44:25.95   GameInfo::ResetInfo - SyncLevel set to 0 on reset
20:44:25.95   GameInfo::ResetInfo - SyncLevel set to 0 on reset
20:44:25.95   GameInfo::ResetInfo - SyncLevel set to 0 on reset
20:44:25.95   GameInfo::ResetInfo - SyncLevel set to 0 on reset
20:44:25.95   GameInfo::ResetInfo - SyncLevel set to 0 on reset
20:44:25.96   GameInfo::ResetInfo - SyncLevel set to 0 on reset
20:44:25.96   GameInfo::ResetInfo - SyncLevel set to 0 on reset
20:44:25.96   GameInfo::ResetInfo - SyncLevel set to 0 on reset
20:44:25.96   GameInfo::ResetInfo - SyncLevel set to 0 on reset
20:44:25.96   GameInfo::ResetInfo - SyncLevel set to 0 on reset
20:44:25.96   GameInfo::ResetInfo - SyncLevel set to 0 on reset
20:44:25.96   GameInfo::ResetInfo - SyncLevel set to 0 on reset
20:44:25.96   GameInfo::ResetInfo - SyncLevel set to 0 on reset
20:44:25.96   GameInfo::ResetInfo - SyncLevel set to 0 on reset
20:44:25.96   GameInfo::ResetInfo - SyncLevel set to 0 on reset
20:44:25.96   GameInfo::ResetInfo - SyncLevel set to 0 on reset
20:44:25.96   GameInfo::ResetInfo - SyncLevel set to 0 on reset
20:44:25.96   GameInfo::ResetInfo - SyncLevel set to 0 on reset
20:44:25.96   GameInfo::ResetInfo - SyncLevel set to 0 on reset
20:44:25.96   GameInfo::ResetInfo - SyncLevel set to 0 on reset
20:44:25.96   GameInfo::ResetInfo - SyncLevel set to 0 on reset
20:44:25.96   GameInfo::ResetInfo - SyncLevel set to 0 on reset
20:44:25.96   GameInfo::ResetInfo - SyncLevel set to 0 on reset
20:44:25.96   GameInfo::ResetInfo - SyncLevel set to 0 on reset
20:44:25.96   GameInfo::ResetInfo - SyncLevel set to 0 on reset
20:44:25.96   GameInfo::ResetInfo - SyncLevel set to 0 on reset
20:44:25.96   GameInfo::ResetInfo - SyncLevel set to 0 on reset
20:44:25.97   GameInfo::ResetInfo - SyncLevel set to 0 on reset
20:44:25.97   GameInfo::ResetInfo - SyncLevel set to 0 on reset
20:44:25.97   GameInfo::ResetInfo - SyncLevel set to 0 on reset
20:44:25.97   GameInfo::ResetInfo - SyncLevel set to 0 on reset
20:44:25.97   GameInfo::ResetInfo - SyncLevel set to 0 on reset
20:44:25.97   GameInfo::ResetInfo - SyncLevel set to 0 on reset
20:44:25.97   GameInfo::ResetInfo - SyncLevel set to 0 on reset
20:44:25.97   GameInfo::ResetInfo - SyncLevel set to 0 on reset
20:44:25.97   GameInfo::ResetInfo - SyncLevel set to 0 on reset
20:44:25.97   GameInfo::ResetInfo - SyncLevel set to 0 on reset
20:44:25.97   GameInfo::ResetInfo - SyncLevel set to 0 on reset
20:44:25.97   GameInfo::ResetInfo - SyncLevel set to 0 on reset
20:44:25.97   GameInfo::ResetInfo - SyncLevel set to 0 on reset
20:44:25.97   GameInfo::ResetInfo - SyncLevel set to 0 on reset
20:44:25.97   GameInfo::ResetInfo - SyncLevel set to 0 on reset
20:44:25.97   GameInfo::ResetInfo - SyncLevel set to 0 on reset
20:44:25.97   GameInfo::ResetInfo - SyncLevel set to 0 on reset
20:44:25.97   GameInfo::ResetInfo - SyncLevel set to 0 on reset
20:44:25.97   GameInfo::ResetInfo - SyncLevel set to 0 on reset
20:44:25.97   GameInfo::ResetInfo - SyncLevel set to 0 on reset
20:44:25.97   GameInfo::ResetInfo - SyncLevel set to 0 on reset
20:44:25.97   GameInfo::ResetInfo - SyncLevel set to 0 on reset
20:44:25.97   GameInfo::ResetInfo - SyncLevel set to 0 on reset
20:44:25.98   GameInfo::ResetInfo - SyncLevel set to 0 on reset
20:44:25.98   GameInfo::ResetInfo - SyncLevel set to 0 on reset
20:44:25.98   GameInfo::ResetInfo - SyncLevel set to 0 on reset
20:44:25.98   GameInfo::ResetInfo - SyncLevel set to 0 on reset
20:44:25.98   GameInfo::ResetInfo - SyncLevel set to 0 on reset
20:44:25.98   GameInfo::ResetInfo - SyncLevel set to 0 on reset
20:44:25.98   GameInfo::ResetInfo - SyncLevel set to 0 on reset
20:44:25.98   GameInfo::ResetInfo - SyncLevel set to 0 on reset
20:44:25.98   GameInfo::ResetInfo - SyncLevel set to 0 on reset
20:44:25.98   GameInfo::ResetInfo - SyncLevel set to 0 on reset
20:44:25.98   GameInfo::ResetInfo - SyncLevel set to 0 on reset
20:44:25.98   GameInfo::ResetInfo - SyncLevel set to 0 on reset
20:44:25.98   GameInfo::ResetInfo - SyncLevel set to 0 on reset
20:44:25.98   GameInfo::ResetInfo - SyncLevel set to 0 on reset
20:44:25.98   GameInfo::ResetInfo - SyncLevel set to 0 on reset
20:44:25.98   GameInfo::ResetInfo - SyncLevel set to 0 on reset
20:44:25.98   GameInfo::ResetInfo - SyncLevel set to 0 on reset
20:44:25.98   GameInfo::ResetInfo - SyncLevel set to 0 on reset
20:44:25.98   GameInfo::ResetInfo - SyncLevel set to 0 on reset
20:44:25.98   GameInfo::ResetInfo - SyncLevel set to 0 on reset
20:44:25.98   GameInfo::ResetInfo - SyncLevel set to 0 on reset
20:44:25.98   GameInfo::ResetInfo - SyncLevel set to 0 on reset
20:44:25.99   GameInfo::ResetInfo - SyncLevel set to 0 on reset
20:44:25.99   GameInfo::ResetInfo - SyncLevel set to 0 on reset
20:44:25.99   GameInfo::ResetInfo - SyncLevel set to 0 on reset
20:44:25.99   GameInfo::ResetInfo - SyncLevel set to 0 on reset
20:44:25.99   GameInfo::ResetInfo - SyncLevel set to 0 on reset
20:44:25.99   GameInfo::ResetInfo - SyncLevel set to 0 on reset
20:44:25.99   GameInfo::ResetInfo - SyncLevel set to 0 on reset
20:44:25.99   GameInfo::ResetInfo - SyncLevel set to 0 on reset
20:44:25.99   GameInfo::ResetInfo - SyncLevel set to 0 on reset
20:44:25.99   GameInfo::ResetInfo - SyncLevel set to 0 on reset
20:44:25.99   GameInfo::ResetInfo - SyncLevel set to 0 on reset
20:44:25.99   GameInfo::ResetInfo - SyncLevel set to 0 on reset
20:44:25.99   GameInfo::ResetInfo - SyncLevel set to 0 on reset
20:44:25.99   GameInfo::ResetInfo - SyncLevel set to 0 on reset
20:44:25.99   GameInfo::ResetInfo - SyncLevel set to 0 on reset
20:44:25.99   GameInfo::ResetInfo - SyncLevel set to 0 on reset
20:44:25.99   GameInfo::ResetInfo - SyncLevel set to 0 on reset
20:44:25.99   GameInfo::ResetInfo - SyncLevel set to 0 on reset
20:44:25.99   GameInfo::ResetInfo - SyncLevel set to 0 on reset
20:44:25.99   GameInfo::ResetInfo - SyncLevel set to 0 on reset
20:44:25.99   GameInfo::ResetInfo - SyncLevel set to 0 on reset
20:44:25.99   GameInfo::ResetInfo - SyncLevel set to 0 on reset
20:44:25.99   GameInfo::ResetInfo - SyncLevel set to 0 on reset
20:44:25.99   GameInfo::ResetInfo - SyncLevel set to 0 on reset
20:44:26.00   GameInfo::ResetInfo - SyncLevel set to 0 on reset
20:44:26.00   GameInfo::ResetInfo - SyncLevel set to 0 on reset
20:44:26.00   GameInfo::ResetInfo - SyncLevel set to 0 on reset
20:44:26.00   GameInfo::ResetInfo - SyncLevel set to 0 on reset
20:44:26.00   GameInfo::ResetInfo - SyncLevel set to 0 on reset
20:44:26.00   GameInfo::ResetInfo - SyncLevel set to 0 on reset
20:44:26.00   GameInfo::ResetInfo - SyncLevel set to 0 on reset
20:44:26.00   GameInfo::ResetInfo - SyncLevel set to 0 on reset
20:44:26.00   GameInfo::ResetInfo - SyncLevel set to 0 on reset
20:44:26.00   GameInfo::ResetInfo - SyncLevel set to 0 on reset
20:44:26.00   GameInfo::ResetInfo - SyncLevel set to 0 on reset
20:44:26.00   GameInfo::ResetInfo - SyncLevel set to 0 on reset
20:44:26.00   GameInfo::ResetInfo - SyncLevel set to 0 on reset
20:44:26.00   GameInfo::ResetInfo - SyncLevel set to 0 on reset
20:44:26.00   GameInfo::ResetInfo - SyncLevel set to 0 on reset
20:44:26.00   GameInfo::ResetInfo - SyncLevel set to 0 on reset
20:44:26.00   GameInfo::ResetInfo - SyncLevel set to 0 on reset
20:44:26.00   GameInfo::ResetInfo - SyncLevel set to 0 on reset
20:44:26.00   GameInfo::ResetInfo - SyncLevel set to 0 on reset
20:44:26.00   GameInfo::ResetInfo - SyncLevel set to 0 on reset
20:44:26.00   GameInfo::ResetInfo - SyncLevel set to 0 on reset
20:44:26.01   GameInfo::ResetInfo - SyncLevel set to 0 on reset
20:44:26.01   GameInfo::ResetInfo - SyncLevel set to 0 on reset
20:44:26.01   GameInfo::ResetInfo - SyncLevel set to 0 on reset
20:44:26.01   GameInfo::ResetInfo - SyncLevel set to 0 on reset
20:44:26.01   GameInfo::ResetInfo - SyncLevel set to 0 on reset
20:44:26.01   GameInfo::ResetInfo - SyncLevel set to 0 on reset
20:44:26.01   GameInfo::ResetInfo - SyncLevel set to 0 on reset
20:44:26.01   GameInfo::ResetInfo - SyncLevel set to 0 on reset
20:44:26.01   GameInfo::ResetInfo - SyncLevel set to 0 on reset
20:44:26.01   GameInfo::ResetInfo - SyncLevel set to 0 on reset
20:44:26.01   GameInfo::ResetInfo - SyncLevel set to 0 on reset
20:44:26.01   GameInfo::ResetInfo - SyncLevel set to 0 on reset
20:44:26.01   GameInfo::ResetInfo - SyncLevel set to 0 on reset
20:44:26.01   GameInfo::ResetInfo - SyncLevel set to 0 on reset
20:44:26.01   GameInfo::ResetInfo - SyncLevel set to 0 on reset
20:44:26.01   GameInfo::ResetInfo - SyncLevel set to 0 on reset
20:44:26.01   GameInfo::ResetInfo - SyncLevel set to 0 on reset
20:44:26.01   GameInfo::ResetInfo - SyncLevel set to 0 on reset
20:44:26.01   GameInfo::ResetInfo - SyncLevel set to 0 on reset
20:44:26.01   GameInfo::ResetInfo - SyncLevel set to 0 on reset
20:44:26.02   GameInfo::ResetInfo - SyncLevel set to 0 on reset
20:44:26.02   GameInfo::ResetInfo - SyncLevel set to 0 on reset
20:44:26.02   GameInfo::ResetInfo - SyncLevel set to 0 on reset
20:44:26.02   GameInfo::ResetInfo - SyncLevel set to 0 on reset
20:44:26.02   GameInfo::ResetInfo - SyncLevel set to 0 on reset
20:44:26.02   GameInfo::ResetInfo - SyncLevel set to 0 on reset
20:44:26.02   GameInfo::ResetInfo - SyncLevel set to 0 on reset
20:44:26.02   GameInfo::ResetInfo - SyncLevel set to 0 on reset
20:44:26.02   GameInfo::ResetInfo - SyncLevel set to 0 on reset
20:44:26.02   GameInfo::ResetInfo - SyncLevel set to 0 on reset
20:44:26.02   GameInfo::ResetInfo - SyncLevel set to 0 on reset
20:44:26.02   GameInfo::ResetInfo - SyncLevel set to 0 on reset
20:44:26.02   GameInfo::ResetInfo - SyncLevel set to 0 on reset
20:44:26.02   GameInfo::ResetInfo - SyncLevel set to 0 on reset
20:44:26.02   GameInfo::ResetInfo - SyncLevel set to 0 on reset
20:44:26.02   GameInfo::ResetInfo - SyncLevel set to 0 on reset
20:44:26.02   GameInfo::ResetInfo - SyncLevel set to 0 on reset
20:44:26.02   GameInfo::ResetInfo - SyncLevel set to 0 on reset
20:44:26.02   GameInfo::ResetInfo - SyncLevel set to 0 on reset
20:44:26.02   GameInfo::ResetInfo - SyncLevel set to 0 on reset
20:44:26.02   GameInfo::ResetInfo - SyncLevel set to 0 on reset
20:44:26.02   GameInfo::ResetInfo - SyncLevel set to 0 on reset
20:44:26.03   GameInfo::ResetInfo - SyncLevel set to 0 on reset
20:44:26.03   GameInfo::ResetInfo - SyncLevel set to 0 on reset
20:44:26.03   GameInfo::ResetInfo - SyncLevel set to 0 on reset
20:44:26.03   GameInfo::ResetInfo - SyncLevel set to 0 on reset
20:44:26.03   GameInfo::ResetInfo - SyncLevel set to 0 on reset
20:44:26.03   GameInfo::ResetInfo - SyncLevel set to 0 on reset
20:44:26.03   GameInfo::ResetInfo - SyncLevel set to 0 on reset
20:44:26.03   GameInfo::ResetInfo - SyncLevel set to 0 on reset
20:44:26.03   GameInfo::ResetInfo - SyncLevel set to 0 on reset
20:44:26.03   GameInfo::ResetInfo - SyncLevel set to 0 on reset
20:44:26.03   GameInfo::ResetInfo - SyncLevel set to 0 on reset
20:44:26.03   GameInfo::ResetInfo - SyncLevel set to 0 on reset
20:44:26.03   GameInfo::ResetInfo - SyncLevel set to 0 on reset
20:44:26.03   GameInfo::ResetInfo - SyncLevel set to 0 on reset
20:44:26.03   GameInfo::ResetInfo - SyncLevel set to 0 on reset
20:44:26.03   GameInfo::ResetInfo - SyncLevel set to 0 on reset
20:44:26.03   GameInfo::ResetInfo - SyncLevel set to 0 on reset
20:44:26.03   GameInfo::ResetInfo - SyncLevel set to 0 on reset
20:44:26.03   GameInfo::ResetInfo - SyncLevel set to 0 on reset
20:44:26.03   GameInfo::ResetInfo - SyncLevel set to 0 on reset
20:44:26.03   GameInfo::ResetInfo - SyncLevel set to 0 on reset
20:44:26.03   GameInfo::ResetInfo - SyncLevel set to 0 on reset
20:44:26.03   GameInfo::ResetInfo - SyncLevel set to 0 on reset
20:44:26.03   GameInfo::ResetInfo - SyncLevel set to 0 on reset
20:44:26.04   GameInfo::ResetInfo - SyncLevel set to 0 on reset
20:44:26.04   GameInfo::ResetInfo - SyncLevel set to 0 on reset
20:44:26.04   GameInfo::ResetInfo - SyncLevel set to 0 on reset
20:44:26.04   GameInfo::ResetInfo - SyncLevel set to 0 on reset
20:44:26.04   GameInfo::ResetInfo - SyncLevel set to 0 on reset
20:44:26.04   GameInfo::ResetInfo - SyncLevel set to 0 on reset
20:44:26.04   GameInfo::ResetInfo - SyncLevel set to 0 on reset
20:44:26.04   GameInfo::ResetInfo - SyncLevel set to 0 on reset
20:44:26.04   GameInfo::ResetInfo - SyncLevel set to 0 on reset
20:44:26.04   GameInfo::ResetInfo - SyncLevel set to 0 on reset
20:44:26.04   GameInfo::ResetInfo - SyncLevel set to 0 on reset
20:44:26.04   GameInfo::ResetInfo - SyncLevel set to 0 on reset
20:44:26.04   GAME -- Error reading header for recorded game PLAYBACK:8P_MONTARGIS_REGION_POINTS_UP.2019-01-28.01-38-28.rec
20:44:26.04   GameInfo::ResetInfo - SyncLevel set to 0 on reset
20:44:26.04   GameInfo::ResetInfo - SyncLevel set to 0 on reset
20:44:26.04   GameInfo::ResetInfo - SyncLevel set to 0 on reset
20:44:26.04   GAME -- Error reading header for recorded game PLAYBACK:8P_MONTARGIS_REGION_POINTS_UP.2019-08-27.22-25-49.rec
20:44:26.04   GameInfo::ResetInfo - SyncLevel set to 0 on reset
20:44:26.04   GameInfo::ResetInfo - SyncLevel set to 0 on reset
20:44:26.04   GameInfo::ResetInfo - SyncLevel set to 0 on reset
20:44:26.05   GameInfo::ResetInfo - SyncLevel set to 0 on reset
20:44:26.05   GameInfo::ResetInfo - SyncLevel set to 0 on reset
20:44:26.05   GameInfo::ResetInfo - SyncLevel set to 0 on reset
20:44:26.05   GameInfo::ResetInfo - SyncLevel set to 0 on reset
20:44:26.05   GameInfo::ResetInfo - SyncLevel set to 0 on reset
20:44:26.05   GameInfo::ResetInfo - SyncLevel set to 0 on reset
20:44:26.05   GameInfo::ResetInfo - SyncLevel set to 0 on reset
20:44:26.05   GameInfo::ResetInfo - SyncLevel set to 0 on reset
20:44:26.05   GameInfo::ResetInfo - SyncLevel set to 0 on reset
20:44:26.05   GameInfo::ResetInfo - SyncLevel set to 0 on reset
20:44:26.05   GameInfo::ResetInfo - SyncLevel set to 0 on reset
20:44:26.05   GameInfo::ResetInfo - SyncLevel set to 0 on reset
20:44:26.05   GameInfo::ResetInfo - SyncLevel set to 0 on reset
20:44:26.05   GameInfo::ResetInfo - SyncLevel set to 0 on reset
20:44:26.05   GameInfo::ResetInfo - SyncLevel set to 0 on reset
20:44:26.05   GameInfo::ResetInfo - SyncLevel set to 0 on reset
20:44:26.05   GameInfo::ResetInfo - SyncLevel set to 0 on reset
20:44:26.05   GameInfo::ResetInfo - SyncLevel set to 0 on reset
20:44:26.05   GameInfo::ResetInfo - SyncLevel set to 0 on reset
20:44:26.05   GameInfo::ResetInfo - SyncLevel set to 0 on reset
20:44:26.05   GameInfo::ResetInfo - SyncLevel set to 0 on reset
20:44:26.06   GameInfo::ResetInfo - SyncLevel set to 0 on reset
20:44:26.06   GameInfo::ResetInfo - SyncLevel set to 0 on reset
20:44:26.06   GameInfo::ResetInfo - SyncLevel set to 0 on reset
20:44:26.06   GameInfo::ResetInfo - SyncLevel set to 0 on reset
20:44:26.06   GameInfo::ResetInfo - SyncLevel set to 0 on reset
20:44:26.06   GameInfo::ResetInfo - SyncLevel set to 0 on reset
20:44:26.06   GameInfo::ResetInfo - SyncLevel set to 0 on reset
20:44:26.06   GameInfo::ResetInfo - SyncLevel set to 0 on reset
20:44:26.06   GameInfo::ResetInfo - SyncLevel set to 0 on reset
20:44:26.06   GameInfo::ResetInfo - SyncLevel set to 0 on reset
20:44:26.06   GameInfo::ResetInfo - SyncLevel set to 0 on reset
20:44:26.06   GameInfo::ResetInfo - SyncLevel set to 0 on reset
20:44:26.06   GameInfo::ResetInfo - SyncLevel set to 0 on reset
20:44:26.06   GameInfo::ResetInfo - SyncLevel set to 0 on reset
20:44:26.06   GameInfo::ResetInfo - SyncLevel set to 0 on reset
20:44:26.06   GameInfo::ResetInfo - SyncLevel set to 0 on reset
20:44:26.06   GameInfo::ResetInfo - SyncLevel set to 0 on reset
20:44:26.06   GameInfo::ResetInfo - SyncLevel set to 0 on reset
20:44:26.06   GameInfo::ResetInfo - SyncLevel set to 0 on reset
20:44:26.06   GameInfo::ResetInfo - SyncLevel set to 0 on reset
20:44:26.06   GameInfo::ResetInfo - SyncLevel set to 0 on reset
20:44:26.06   GameInfo::ResetInfo - SyncLevel set to 0 on reset
20:44:26.06   GameInfo::ResetInfo - SyncLevel set to 0 on reset
20:44:26.06   GameInfo::ResetInfo - SyncLevel set to 0 on reset
20:44:26.06   GameInfo::ResetInfo - SyncLevel set to 0 on reset
20:44:26.06   GameInfo::ResetInfo - SyncLevel set to 0 on reset
20:44:26.06   GameInfo::ResetInfo - SyncLevel set to 0 on reset
20:44:26.07   GameInfo::ResetInfo - SyncLevel set to 0 on reset
20:44:26.07   GameInfo::ResetInfo - SyncLevel set to 0 on reset
20:44:26.07   GameInfo::ResetInfo - SyncLevel set to 0 on reset
20:44:26.07   GameInfo::ResetInfo - SyncLevel set to 0 on reset
20:44:26.07   GameInfo::ResetInfo - SyncLevel set to 0 on reset
20:44:26.07   GameInfo::ResetInfo - SyncLevel set to 0 on reset
20:44:26.07   GameInfo::ResetInfo - SyncLevel set to 0 on reset
20:44:26.07   GameInfo::ResetInfo - SyncLevel set to 0 on reset
20:44:26.07   GameInfo::ResetInfo - SyncLevel set to 0 on reset
20:44:26.07   GameInfo::ResetInfo - SyncLevel set to 0 on reset
20:44:26.07   GameInfo::ResetInfo - SyncLevel set to 0 on reset
20:44:26.07   GameInfo::ResetInfo - SyncLevel set to 0 on reset
20:44:26.07   GameInfo::ResetInfo - SyncLevel set to 0 on reset
20:44:26.07   GameInfo::ResetInfo - SyncLevel set to 0 on reset
20:44:26.07   GameInfo::ResetInfo - SyncLevel set to 0 on reset
20:44:26.07   GameInfo::ResetInfo - SyncLevel set to 0 on reset
20:44:26.07   GameInfo::ResetInfo - SyncLevel set to 0 on reset
20:44:26.07   GameInfo::ResetInfo - SyncLevel set to 0 on reset
20:44:26.07   GameInfo::ResetInfo - SyncLevel set to 0 on reset
20:44:26.07   GameInfo::ResetInfo - SyncLevel set to 0 on reset
20:44:26.07   GameInfo::ResetInfo - SyncLevel set to 0 on reset
20:44:26.08   GameInfo::ResetInfo - SyncLevel set to 0 on reset
20:44:26.08   GameInfo::ResetInfo - SyncLevel set to 0 on reset
20:44:26.08   GameInfo::ResetInfo - SyncLevel set to 0 on reset
20:44:26.08   GameInfo::ResetInfo - SyncLevel set to 0 on reset
20:44:26.08   GameInfo::ResetInfo - SyncLevel set to 0 on reset
20:44:26.08   GameInfo::ResetInfo - SyncLevel set to 0 on reset
20:44:26.08   GameInfo::ResetInfo - SyncLevel set to 0 on reset
20:44:26.08   GameInfo::ResetInfo - SyncLevel set to 0 on reset
20:44:26.08   GameInfo::ResetInfo - SyncLevel set to 0 on reset
20:44:26.08   GameInfo::ResetInfo - SyncLevel set to 0 on reset
20:44:26.08   GameInfo::ResetInfo - SyncLevel set to 0 on reset
20:44:26.08   GameInfo::ResetInfo - SyncLevel set to 0 on reset
20:44:26.08   GameInfo::ResetInfo - SyncLevel set to 0 on reset
20:44:26.08   GameInfo::ResetInfo - SyncLevel set to 0 on reset
20:44:26.08   GameInfo::ResetInfo - SyncLevel set to 0 on reset
20:44:26.08   GameInfo::ResetInfo - SyncLevel set to 0 on reset
20:44:26.08   GameInfo::ResetInfo - SyncLevel set to 0 on reset
20:44:26.08   GameInfo::ResetInfo - SyncLevel set to 0 on reset
20:44:26.08   GameInfo::ResetInfo - SyncLevel set to 0 on reset
20:44:26.08   GameInfo::ResetInfo - SyncLevel set to 0 on reset
20:44:26.08   GameInfo::ResetInfo - SyncLevel set to 0 on reset
20:44:26.08   GAME -- Error reading header for recorded game PLAYBACK:fun_high_res_monti.rec
20:44:26.08   GameInfo::ResetInfo - SyncLevel set to 0 on reset
20:44:26.08   GameInfo::ResetInfo - SyncLevel set to 0 on reset
20:44:26.08   GameInfo::ResetInfo - SyncLevel set to 0 on reset
20:44:26.08   GameInfo::ResetInfo - SyncLevel set to 0 on reset
20:44:26.08   GameInfo::ResetInfo - SyncLevel set to 0 on reset
20:44:26.09   GameInfo::ResetInfo - SyncLevel set to 0 on reset
20:44:26.09   GameInfo::ResetInfo - SyncLevel set to 0 on reset
20:44:26.09   GameInfo::ResetInfo - SyncLevel set to 0 on reset
20:44:26.09   GameInfo::ResetInfo - SyncLevel set to 0 on reset
20:44:26.09   GameInfo::ResetInfo - SyncLevel set to 0 on reset
20:44:26.09   GameInfo::ResetInfo - SyncLevel set to 0 on reset
20:44:26.09   GameInfo::ResetInfo - SyncLevel set to 0 on reset
20:44:26.09   GameInfo::ResetInfo - SyncLevel set to 0 on reset
20:44:26.09   GameInfo::ResetInfo - SyncLevel set to 0 on reset
20:44:26.09   GameInfo::ResetInfo - SyncLevel set to 0 on reset
20:44:26.09   GameInfo::ResetInfo - SyncLevel set to 0 on reset
20:44:26.09   GameInfo::ResetInfo - SyncLevel set to 0 on reset
20:44:26.09   GameInfo::ResetInfo - SyncLevel set to 0 on reset
20:44:26.09   GameInfo::ResetInfo - SyncLevel set to 0 on reset
20:44:26.09   GameInfo::ResetInfo - SyncLevel set to 0 on reset
20:44:26.09   GameInfo::ResetInfo - SyncLevel set to 0 on reset
20:44:26.09   GAME -- Error reading header for recorded game PLAYBACK:gdfg.rec
20:44:26.09   GameInfo::ResetInfo - SyncLevel set to 0 on reset
20:44:26.09   GameInfo::ResetInfo - SyncLevel set to 0 on reset
20:44:26.09   GameInfo::ResetInfo - SyncLevel set to 0 on reset
20:44:26.09   GameInfo::ResetInfo - SyncLevel set to 0 on reset
20:44:26.09   GameInfo::ResetInfo - SyncLevel set to 0 on reset
20:44:26.09   GameInfo::ResetInfo - SyncLevel set to 0 on reset
20:44:26.09   GameInfo::ResetInfo - SyncLevel set to 0 on reset
20:44:26.09   GameInfo::ResetInfo - SyncLevel set to 0 on reset
20:44:26.09   GameInfo::ResetInfo - SyncLevel set to 0 on reset
20:44:26.09   GameInfo::ResetInfo - SyncLevel set to 0 on reset
20:44:26.09   GameInfo::ResetInfo - SyncLevel set to 0 on reset
20:44:26.09   GameInfo::ResetInfo - SyncLevel set to 0 on reset
20:44:26.09   GameInfo::ResetInfo - SyncLevel set to 0 on reset
20:44:26.09   GameInfo::ResetInfo - SyncLevel set to 0 on reset
20:44:26.09   GameInfo::ResetInfo - SyncLevel set to 0 on reset
20:44:26.09   GameInfo::ResetInfo - SyncLevel set to 0 on reset
20:44:26.09   GameInfo::ResetInfo - SyncLevel set to 0 on reset
20:44:26.09   GameInfo::ResetInfo - SyncLevel set to 0 on reset
20:44:26.10   GameInfo::ResetInfo - SyncLevel set to 0 on reset
20:44:26.10   GameInfo::ResetInfo - SyncLevel set to 0 on reset
20:44:26.10   GameInfo::ResetInfo - SyncLevel set to 0 on reset
20:44:26.10   GameInfo::ResetInfo - SyncLevel set to 0 on reset
20:44:26.10   GameInfo::ResetInfo - SyncLevel set to 0 on reset
20:44:26.10   GameInfo::ResetInfo - SyncLevel set to 0 on reset
20:44:26.10   GameInfo::ResetInfo - SyncLevel set to 0 on reset
20:44:26.10   GameInfo::ResetInfo - SyncLevel set to 0 on reset
20:44:26.10   GameInfo::ResetInfo - SyncLevel set to 0 on reset
20:44:26.10   GameInfo::ResetInfo - SyncLevel set to 0 on reset
20:44:26.10   GameInfo::ResetInfo - SyncLevel set to 0 on reset
20:44:26.10   GameInfo::ResetInfo - SyncLevel set to 0 on reset
20:44:26.10   GameInfo::ResetInfo - SyncLevel set to 0 on reset
20:44:26.10   GameInfo::ResetInfo - SyncLevel set to 0 on reset
20:44:26.10   GameInfo::ResetInfo - SyncLevel set to 0 on reset
20:44:26.10   GameInfo::ResetInfo - SyncLevel set to 0 on reset
20:44:26.10   GameInfo::ResetInfo - SyncLevel set to 0 on reset
20:44:26.10   GameInfo::ResetInfo - SyncLevel set to 0 on reset
20:44:26.10   GameInfo::ResetInfo - SyncLevel set to 0 on reset
20:44:26.10   GameInfo::ResetInfo - SyncLevel set to 0 on reset
20:44:26.10   GameInfo::ResetInfo - SyncLevel set to 0 on reset
20:44:26.10   GameInfo::ResetInfo - SyncLevel set to 0 on reset
20:44:26.10   GameInfo::ResetInfo - SyncLevel set to 0 on reset
20:44:26.10   GameInfo::ResetInfo - SyncLevel set to 0 on reset
20:44:26.11   GameInfo::ResetInfo - SyncLevel set to 0 on reset
20:44:26.11   GameInfo::ResetInfo - SyncLevel set to 0 on reset
20:44:26.11   GameInfo::ResetInfo - SyncLevel set to 0 on reset
20:44:26.11   GameInfo::ResetInfo - SyncLevel set to 0 on reset
20:44:26.11   GameInfo::ResetInfo - SyncLevel set to 0 on reset
20:44:26.11   GameInfo::ResetInfo - SyncLevel set to 0 on reset
20:44:26.11   GameInfo::ResetInfo - SyncLevel set to 0 on reset
20:44:26.11   GameInfo::ResetInfo - SyncLevel set to 0 on reset
20:44:26.11   GameInfo::ResetInfo - SyncLevel set to 0 on reset
20:44:26.11   GameInfo::ResetInfo - SyncLevel set to 0 on reset
20:44:26.11   GameInfo::ResetInfo - SyncLevel set to 0 on reset
20:44:26.11   GameInfo::ResetInfo - SyncLevel set to 0 on reset
20:44:26.11   GameInfo::ResetInfo - SyncLevel set to 0 on reset
20:44:26.11   GameInfo::ResetInfo - SyncLevel set to 0 on reset
20:44:26.11   GameInfo::ResetInfo - SyncLevel set to 0 on reset
20:44:26.11   GameInfo::ResetInfo - SyncLevel set to 0 on reset
20:44:26.11   GameInfo::ResetInfo - SyncLevel set to 0 on reset
20:44:26.11   GameInfo::ResetInfo - SyncLevel set to 0 on reset
20:44:26.11   GameInfo::ResetInfo - SyncLevel set to 0 on reset
20:44:26.11   GameInfo::ResetInfo - SyncLevel set to 0 on reset
20:44:26.11   GameInfo::ResetInfo - SyncLevel set to 0 on reset
20:44:26.11   GameInfo::ResetInfo - SyncLevel set to 0 on reset
20:44:26.11   GameInfo::ResetInfo - SyncLevel set to 0 on reset
20:44:26.11   GameInfo::ResetInfo - SyncLevel set to 0 on reset
20:44:26.12   GameInfo::ResetInfo - SyncLevel set to 0 on reset
20:44:26.12   GameInfo::ResetInfo - SyncLevel set to 0 on reset
20:44:26.12   GameInfo::ResetInfo - SyncLevel set to 0 on reset
20:44:26.12   GameInfo::ResetInfo - SyncLevel set to 0 on reset
20:44:26.12   GameInfo::ResetInfo - SyncLevel set to 0 on reset
20:44:26.12   GameInfo::ResetInfo - SyncLevel set to 0 on reset
20:44:26.12   GameInfo::ResetInfo - SyncLevel set to 0 on reset
20:44:26.12   GameInfo::ResetInfo - SyncLevel set to 0 on reset
20:44:26.12   GameInfo::ResetInfo - SyncLevel set to 0 on reset
20:44:26.12   GameInfo::ResetInfo - SyncLevel set to 0 on reset
20:44:26.12   GameInfo::ResetInfo - SyncLevel set to 0 on reset
20:44:26.12   GameInfo::ResetInfo - SyncLevel set to 0 on reset
20:44:26.12   GameInfo::ResetInfo - SyncLevel set to 0 on reset
20:44:26.12   GameInfo::ResetInfo - SyncLevel set to 0 on reset
20:44:26.12   GAME -- Error reading header for recorded game PLAYBACK:ischutz_mad.rec
20:44:26.12   GameInfo::ResetInfo - SyncLevel set to 0 on reset
20:44:26.12   GameInfo::ResetInfo - SyncLevel set to 0 on reset
20:44:26.12   GameInfo::ResetInfo - SyncLevel set to 0 on reset
20:44:26.12   GameInfo::ResetInfo - SyncLevel set to 0 on reset
20:44:26.12   GameInfo::ResetInfo - SyncLevel set to 0 on reset
20:44:26.12   GameInfo::ResetInfo - SyncLevel set to 0 on reset
20:44:26.12   GameInfo::ResetInfo - SyncLevel set to 0 on reset
20:44:26.12   GameInfo::ResetInfo - SyncLevel set to 0 on reset
20:44:26.12   GameInfo::ResetInfo - SyncLevel set to 0 on reset
20:44:26.12   GameInfo::ResetInfo - SyncLevel set to 0 on reset
20:44:26.12   GameInfo::ResetInfo - SyncLevel set to 0 on reset
20:44:26.12   GameInfo::ResetInfo - SyncLevel set to 0 on reset
20:44:26.12   GameInfo::ResetInfo - SyncLevel set to 0 on reset
20:44:26.12   GameInfo::ResetInfo - SyncLevel set to 0 on reset
20:44:26.12   GameInfo::ResetInfo - SyncLevel set to 0 on reset
20:44:26.12   GameInfo::ResetInfo - SyncLevel set to 0 on reset
20:44:26.12   GameInfo::ResetInfo - SyncLevel set to 0 on reset
20:44:26.12   GameInfo::ResetInfo - SyncLevel set to 0 on reset
20:44:26.12   GameInfo::ResetInfo - SyncLevel set to 0 on reset
20:44:26.12   GameInfo::ResetInfo - SyncLevel set to 0 on reset
20:44:26.12   GameInfo::ResetInfo - SyncLevel set to 0 on reset
20:44:26.13   GameInfo::ResetInfo - SyncLevel set to 0 on reset
20:44:26.13   GameInfo::ResetInfo - SyncLevel set to 0 on reset
20:44:26.13   GameInfo::ResetInfo - SyncLevel set to 0 on reset
20:44:26.13   GameInfo::ResetInfo - SyncLevel set to 0 on reset
20:44:26.13   GameInfo::ResetInfo - SyncLevel set to 0 on reset
20:44:26.13   GameInfo::ResetInfo - SyncLevel set to 0 on reset
20:44:26.13   GameInfo::ResetInfo - SyncLevel set to 0 on reset
20:44:26.13   GameInfo::ResetInfo - SyncLevel set to 0 on reset
20:44:26.13   GameInfo::ResetInfo - SyncLevel set to 0 on reset
20:44:26.13   GameInfo::ResetInfo - SyncLevel set to 0 on reset
20:44:26.13   GameInfo::ResetInfo - SyncLevel set to 0 on reset
20:44:26.13   GameInfo::ResetInfo - SyncLevel set to 0 on reset
20:44:26.13   GameInfo::ResetInfo - SyncLevel set to 0 on reset
20:44:26.13   GameInfo::ResetInfo - SyncLevel set to 0 on reset
20:44:26.13   GameInfo::ResetInfo - SyncLevel set to 0 on reset
20:44:26.13   GameInfo::ResetInfo - SyncLevel set to 0 on reset
20:44:26.13   GameInfo::ResetInfo - SyncLevel set to 0 on reset
20:44:26.13   GameInfo::ResetInfo - SyncLevel set to 0 on reset
20:44:26.13   GAME -- Error reading header for recorded game PLAYBACK:MONTARGIS REGION REVISED.2019-06-01.00-22-47.rec
20:44:26.13   GameInfo::ResetInfo - SyncLevel set to 0 on reset
20:44:26.13   GameInfo::ResetInfo - SyncLevel set to 0 on reset
20:44:26.13   GameInfo::ResetInfo - SyncLevel set to 0 on reset
20:44:26.13   GameInfo::ResetInfo - SyncLevel set to 0 on reset
20:44:26.13   GameInfo::ResetInfo - SyncLevel set to 0 on reset
20:44:26.13   GameInfo::ResetInfo - SyncLevel set to 0 on reset
20:44:26.14   GameInfo::ResetInfo - SyncLevel set to 0 on reset
20:44:26.14   GameInfo::ResetInfo - SyncLevel set to 0 on reset
20:44:26.14   GameInfo::ResetInfo - SyncLevel set to 0 on reset
20:44:26.14   GameInfo::ResetInfo - SyncLevel set to 0 on reset
20:44:26.14   GameInfo::ResetInfo - SyncLevel set to 0 on reset
20:44:26.14   GameInfo::ResetInfo - SyncLevel set to 0 on reset
20:44:26.14   GameInfo::ResetInfo - SyncLevel set to 0 on reset
20:44:26.14   GameInfo::ResetInfo - SyncLevel set to 0 on reset
20:44:26.14   GameInfo::ResetInfo - SyncLevel set to 0 on reset
20:44:26.14   GameInfo::ResetInfo - SyncLevel set to 0 on reset
20:44:26.14   GameInfo::ResetInfo - SyncLevel set to 0 on reset
20:44:26.14   GameInfo::ResetInfo - SyncLevel set to 0 on reset
20:44:26.14   GameInfo::ResetInfo - SyncLevel set to 0 on reset
20:44:26.14   GameInfo::ResetInfo - SyncLevel set to 0 on reset
20:44:26.14   GameInfo::ResetInfo - SyncLevel set to 0 on reset
20:44:26.14   GameInfo::ResetInfo - SyncLevel set to 0 on reset
20:44:26.14   GameInfo::ResetInfo - SyncLevel set to 0 on reset
20:44:26.14   GAME -- Error reading header for recorded game PLAYBACK:PE_Baserush_Counter__[GameReplays.org].rec
20:44:26.14   GameInfo::ResetInfo - SyncLevel set to 0 on reset
20:44:26.14   GameInfo::ResetInfo - SyncLevel set to 0 on reset
20:44:26.14   GameInfo::ResetInfo - SyncLevel set to 0 on reset
20:44:26.14   GameInfo::ResetInfo - SyncLevel set to 0 on reset
20:44:26.14   GameInfo::ResetInfo - SyncLevel set to 0 on reset
20:44:26.14   GameInfo::ResetInfo - SyncLevel set to 0 on reset
20:44:26.14   GameInfo::ResetInfo - SyncLevel set to 0 on reset
20:44:26.14   GameInfo::ResetInfo - SyncLevel set to 0 on reset
20:44:26.14   GameInfo::ResetInfo - SyncLevel set to 0 on reset
20:44:26.14   GameInfo::ResetInfo - SyncLevel set to 0 on reset
20:44:26.14   GameInfo::ResetInfo - SyncLevel set to 0 on reset
20:44:26.14   GameInfo::ResetInfo - SyncLevel set to 0 on reset
20:44:26.14   GameInfo::ResetInfo - SyncLevel set to 0 on reset
20:44:26.14   GameInfo::ResetInfo - SyncLevel set to 0 on reset
20:44:26.14   GameInfo::ResetInfo - SyncLevel set to 0 on reset
20:44:26.15   GameInfo::ResetInfo - SyncLevel set to 0 on reset
20:44:26.15   GameInfo::ResetInfo - SyncLevel set to 0 on reset
20:44:26.15   GameInfo::ResetInfo - SyncLevel set to 0 on reset
20:44:26.15   GameInfo::ResetInfo - SyncLevel set to 0 on reset
20:44:26.15   GameInfo::ResetInfo - SyncLevel set to 0 on reset
20:44:26.15   GameInfo::ResetInfo - SyncLevel set to 0 on reset
20:44:26.15   GameInfo::ResetInfo - SyncLevel set to 0 on reset
20:44:26.15   GameInfo::ResetInfo - SyncLevel set to 0 on reset
20:44:26.15   GameInfo::ResetInfo - SyncLevel set to 0 on reset
20:44:26.15   GAME -- Error reading header for recorded game PLAYBACK:Scheldt shit.rec
20:44:26.15   GameInfo::ResetInfo - SyncLevel set to 0 on reset
20:44:26.15   GameInfo::ResetInfo - SyncLevel set to 0 on reset
20:44:26.15   GameInfo::ResetInfo - SyncLevel set to 0 on reset
20:44:26.15   GameInfo::ResetInfo - SyncLevel set to 0 on reset
20:44:26.15   GameInfo::ResetInfo - SyncLevel set to 0 on reset
20:44:26.15   GameInfo::ResetInfo - SyncLevel set to 0 on reset
20:44:26.15   GameInfo::ResetInfo - SyncLevel set to 0 on reset
20:44:26.15   GameInfo::ResetInfo - SyncLevel set to 0 on reset
20:44:26.15   GameInfo::ResetInfo - SyncLevel set to 0 on reset
20:44:26.15   GameInfo::ResetInfo - SyncLevel set to 0 on reset
20:44:26.15   GameInfo::ResetInfo - SyncLevel set to 0 on reset
20:44:26.15   GameInfo::ResetInfo - SyncLevel set to 0 on reset
20:44:26.15   GameInfo::ResetInfo - SyncLevel set to 0 on reset
20:44:26.15   GameInfo::ResetInfo - SyncLevel set to 0 on reset
20:44:26.15   GameInfo::ResetInfo - SyncLevel set to 0 on reset
20:44:26.15   GameInfo::ResetInfo - SyncLevel set to 0 on reset
20:44:26.15   GameInfo::ResetInfo - SyncLevel set to 0 on reset
20:44:26.15   GameInfo::ResetInfo - SyncLevel set to 0 on reset
20:44:26.16   GameInfo::ResetInfo - SyncLevel set to 0 on reset
20:44:26.16   GameInfo::ResetInfo - SyncLevel set to 0 on reset
20:44:26.16   GameInfo::ResetInfo - SyncLevel set to 0 on reset
20:44:26.16   GameInfo::ResetInfo - SyncLevel set to 0 on reset
20:44:26.16   GameInfo::ResetInfo - SyncLevel set to 0 on reset
20:44:26.16   GameInfo::ResetInfo - SyncLevel set to 0 on reset
20:44:26.16   GameInfo::ResetInfo - SyncLevel set to 0 on reset
20:44:26.16   GameInfo::ResetInfo - SyncLevel set to 0 on reset
20:44:26.16   GameInfo::ResetInfo - SyncLevel set to 0 on reset
20:44:26.16   GameInfo::ResetInfo - SyncLevel set to 0 on reset
20:44:26.16   GameInfo::ResetInfo - SyncLevel set to 0 on reset
20:44:26.16   GameInfo::ResetInfo - SyncLevel set to 0 on reset
20:44:26.16   GameInfo::ResetInfo - SyncLevel set to 0 on reset
20:44:26.16   GameInfo::ResetInfo - SyncLevel set to 0 on reset
20:44:26.16   GameInfo::ResetInfo - SyncLevel set to 0 on reset
20:44:26.16   GameInfo::ResetInfo - SyncLevel set to 0 on reset
20:44:26.16   GameInfo::ResetInfo - SyncLevel set to 0 on reset
20:44:26.16   GameInfo::ResetInfo - SyncLevel set to 0 on reset
20:44:26.16   GameInfo::ResetInfo - SyncLevel set to 0 on reset
20:44:26.16   GameInfo::ResetInfo - SyncLevel set to 0 on reset
20:44:26.16   GameInfo::ResetInfo - SyncLevel set to 0 on reset
20:44:26.16   GameInfo::ResetInfo - SyncLevel set to 0 on reset
20:44:26.16   GameInfo::ResetInfo - SyncLevel set to 0 on reset
20:44:26.16   GameInfo::ResetInfo - SyncLevel set to 0 on reset
20:44:26.16   GameInfo::ResetInfo - SyncLevel set to 0 on reset
20:44:26.16   GameInfo::ResetInfo - SyncLevel set to 0 on reset
20:44:26.16   GameInfo::ResetInfo - SyncLevel set to 0 on reset
20:44:26.16   GameInfo::ResetInfo - SyncLevel set to 0 on reset
20:44:26.17   GameInfo::ResetInfo - SyncLevel set to 0 on reset
20:44:26.17   GameInfo::ResetInfo - SyncLevel set to 0 on reset
20:44:26.17   GameInfo::ResetInfo - SyncLevel set to 0 on reset
20:44:26.17   GameInfo::ResetInfo - SyncLevel set to 0 on reset
20:44:26.17   GameInfo::ResetInfo - SyncLevel set to 0 on reset
20:44:26.17   GameInfo::ResetInfo - SyncLevel set to 0 on reset
20:44:26.17   GameInfo::ResetInfo - SyncLevel set to 0 on reset
20:44:26.17   GameInfo::ResetInfo - SyncLevel set to 0 on reset
20:44:26.17   GameInfo::ResetInfo - SyncLevel set to 0 on reset
20:44:26.17   GameInfo::ResetInfo - SyncLevel set to 0 on reset
20:44:26.17   GameInfo::ResetInfo - SyncLevel set to 0 on reset
20:44:26.17   GameInfo::ResetInfo - SyncLevel set to 0 on reset
20:44:26.17   GameInfo::ResetInfo - SyncLevel set to 0 on reset
20:44:26.17   GameInfo::ResetInfo - SyncLevel set to 0 on reset
20:44:26.17   GameInfo::ResetInfo - SyncLevel set to 0 on reset
20:44:26.17   GameInfo::ResetInfo - SyncLevel set to 0 on reset
20:44:26.17   GameInfo::ResetInfo - SyncLevel set to 0 on reset
20:44:26.17   GameInfo::ResetInfo - SyncLevel set to 0 on reset
20:44:26.17   GameInfo::ResetInfo - SyncLevel set to 0 on reset
20:44:26.17   GameInfo::ResetInfo - SyncLevel set to 0 on reset
20:44:26.17   GameInfo::ResetInfo - SyncLevel set to 0 on reset
20:44:26.17   GameInfo::ResetInfo - SyncLevel set to 0 on reset
20:44:26.17   GameInfo::ResetInfo - SyncLevel set to 0 on reset
20:44:26.17   GameInfo::ResetInfo - SyncLevel set to 0 on reset
20:44:26.17   GameInfo::ResetInfo - SyncLevel set to 0 on reset
20:44:26.18   GameInfo::ResetInfo - SyncLevel set to 0 on reset
20:44:26.18   GameInfo::ResetInfo - SyncLevel set to 0 on reset
20:44:26.18   GameInfo::ResetInfo - SyncLevel set to 0 on reset
20:44:26.18   GameInfo::ResetInfo - SyncLevel set to 0 on reset
20:44:26.18   GameInfo::ResetInfo - SyncLevel set to 0 on reset
20:44:26.18   GameInfo::ResetInfo - SyncLevel set to 0 on reset
20:44:26.18   GameInfo::ResetInfo - SyncLevel set to 0 on reset
20:44:26.18   GameInfo::ResetInfo - SyncLevel set to 0 on reset
20:44:26.18   GameInfo::ResetInfo - SyncLevel set to 0 on reset
20:44:26.18   GameInfo::ResetInfo - SyncLevel set to 0 on reset
20:44:26.18   GameInfo::ResetInfo - SyncLevel set to 0 on reset
20:44:26.18   GameInfo::ResetInfo - SyncLevel set to 0 on reset
20:44:26.18   GameInfo::ResetInfo - SyncLevel set to 0 on reset
20:44:26.18   GameInfo::ResetInfo - SyncLevel set to 0 on reset
20:44:26.18   GameInfo::ResetInfo - SyncLevel set to 0 on reset
20:44:26.18   GameInfo::ResetInfo - SyncLevel set to 0 on reset
20:44:26.18   GameInfo::ResetInfo - SyncLevel set to 0 on reset
20:44:26.18   GameInfo::ResetInfo - SyncLevel set to 0 on reset
20:44:26.18   GameInfo::ResetInfo - SyncLevel set to 0 on reset
20:44:26.18   GameInfo::ResetInfo - SyncLevel set to 0 on reset
20:44:26.18   GameInfo::ResetInfo - SyncLevel set to 0 on reset
20:44:26.18   GameInfo::ResetInfo - SyncLevel set to 0 on reset
20:44:26.18   GameInfo::ResetInfo - SyncLevel set to 0 on reset
20:44:26.18   GameInfo::ResetInfo - SyncLevel set to 0 on reset
20:44:26.18   GameInfo::ResetInfo - SyncLevel set to 0 on reset
20:44:26.18   GameInfo::ResetInfo - SyncLevel set to 0 on reset
20:44:26.18   GameInfo::ResetInfo - SyncLevel set to 0 on reset
20:44:26.18   GameInfo::ResetInfo - SyncLevel set to 0 on reset
20:44:26.18   GameInfo::ResetInfo - SyncLevel set to 0 on reset
20:44:26.18   GameInfo::ResetInfo - SyncLevel set to 0 on reset
20:44:26.19   GameInfo::ResetInfo - SyncLevel set to 0 on reset
20:44:26.19   GameInfo::ResetInfo - SyncLevel set to 0 on reset
20:44:26.19   GameInfo::ResetInfo - SyncLevel set to 0 on reset
20:44:26.19   GameInfo::ResetInfo - SyncLevel set to 0 on reset
20:44:26.19   GameInfo::ResetInfo - SyncLevel set to 0 on reset
20:44:26.19   GameInfo::ResetInfo - SyncLevel set to 0 on reset
20:44:26.19   GameInfo::ResetInfo - SyncLevel set to 0 on reset
20:44:27.78   RLINK -- NetworkManager::DispatchEvents() - Warning - Time between calls was 7095 ms
20:44:49.91   Activating screen: MessageBoxPopup
20:44:49.91   RLINK -- JoinAsync: Starting AsyncJob...
20:44:50.08   RLINK -- BT! - SockInit: SOCK_FD_SET_SIZE = 64
20:44:50.08   RLINK -- DBG - SockConnect: 1/s->stHandle=5580
20:44:50.08   RLINK -- DBG - SockConnect: 1/5580 connect deferred (in progress)
20:44:50.18   RLINK -- DBG - SockAnimateAll: socket 1/5580 connection complete.
20:44:50.39   RLINK -- battleserverrelay - Connected: 
Connection [ 1/ 1] - local=192.168.50.236:54201, remote=3.210.115.18:27024, type=CONNECT, timeTookToConnectMS=311, silentTimeMS=0, lastSockError=0
20:44:50.41   RLINK -- OnlineJoinAsync success
20:44:50.41   RLINK -- Session::Initialize - info, initializing session object, using threads.
20:44:50.41   RLINK -- SessionManager::RegisterSession - Registering RL_NEW session 15568e28
20:44:50.41   RLINK -- Created Matchinfo for sessionID 112389373
20:44:50.41   RLINK -- OnJoinAdvertisementSuccess - joined online match, server leave notification required
20:44:50.42   RLINK -- Transport::OpenInternal request to WINaddr:255.255.255.255:6112;
20:44:50.42   RLINK -- Transport::OpenInternal request to WINaddr:255.255.255.255:6112;
20:44:50.42   RLINK -- Allocated route ID=0 for PeerID 0 at WINaddr:192.168.50.236:6112;
20:44:50.42   RLINK -- Transport::OpenInternal request to WINaddr:192.168.50.236:6112;
20:44:50.42   RLINK -- Session::Connect sid = 6B2ECFD, hostURL = , local addresses = WINaddr:192.168.50.236:6112;
20:44:50.90   RLINK -- Sending PeerID 1 no longer exist, sessionID=6B2ECFD
20:44:50.90   RLINK -- Session::PollTransportEvents AddPeerMessage from peer 0 recv'd for existing pending peer 0, the local peer
20:44:50.90   RLINK -- Session - highest peerID now : 6
20:44:50.90   RLINK -- Session::PollTransportEvents AddPeerMessage from peer 0 recv'd for existing pending peer 0, the host
20:44:50.90   RLINK -- Session::PollTransportEvents AddPeerMessage from peer 1 recv'd for unknown peer at address list WINaddr:192.168.1.33:6112;
20:44:50.90   RLINK -- Transport::OpenInternal request to WINaddr:255.255.255.255:6112;
20:44:50.90   RLINK -- Session::CheckAddress - initiating address check for WINaddr:192.168.1.33:6112;
20:44:50.90   RLINK -- Session::PollTransportEvents AddPeerMessage from peer 1 recv'd for unknown peer at address list WINaddr:192.168.1.107:6112;
20:44:50.90   RLINK -- Transport::OpenInternal request to WINaddr:255.255.255.255:6112;
20:44:50.90   RLINK -- Session::CheckAddress - initiating address check for WINaddr:192.168.1.107:6112;
20:44:50.90   RLINK -- Session::PollTransportEvents AddPeerMessage from peer 1 recv'd for unknown peer at address list WINaddr:192.168.0.21:6112;
20:44:50.90   RLINK -- Transport::OpenInternal request to WINaddr:255.255.255.255:6112;
20:44:50.90   RLINK -- Session::CheckAddress - initiating address check for WINaddr:192.168.0.21:6112;
20:44:50.90   RLINK -- ValidateCustomData: called with 899 bytes of custom data
20:44:50.90   RLINK -- Client accepted Peer 6 into the match at address list = WINaddr:192.168.50.236:6112;, routes = WINaddr:192.168.50.236:6112;
20:44:50.90   RLINK -- Session::GetEvent - probing service provided NAT'd routes
20:44:50.90   RLINK -- WorldwideAdvertisementService::Process - EVENT_NEWPEER
20:44:50.90   RLINK -- Session::GetState - info, session [112389373]'s state changed to [2:STATE_CONNECTING].
20:44:50.90   RLINK -- ValidateCustomData: called with 1181 bytes of custom data
20:44:50.90   RLINK -- Client accepted Peer 1 into the match at address list = WINaddr:192.168.10.3:6112;, routes =
20:44:50.90   RLINK -- WorldwideAdvertisementService::Process - EVENT_NEWPEER
20:44:50.90   RLINK -- ValidateCustomData: called with 1275 bytes of custom data
20:44:50.90   RLINK -- Client accepted Peer 2 into the match at address list = WINaddr:192.168.1.33:6112;, routes =
20:44:50.90   RLINK -- WorldwideAdvertisementService::Process - EVENT_NEWPEER
20:44:50.90   RLINK -- ValidateCustomData: called with 655 bytes of custom data
20:44:50.90   RLINK -- Client accepted Peer 3 into the match at address list = WINaddr:192.168.1.107:6112;, routes =
20:44:50.90   RLINK -- WorldwideAdvertisementService::Process - EVENT_NEWPEER
20:44:50.90   RLINK -- ValidateCustomData: called with 837 bytes of custom data
20:44:50.90   RLINK -- Client accepted Peer 5 into the match at address list = WINaddr:192.168.0.21:6112;, routes =
20:44:50.90   RLINK -- WorldwideAdvertisementService::Process - EVENT_NEWPEER
20:44:50.94   RLINK -- Session Connection Event - ReasonID: 0 ReasonDebug: SessionOperationInfo::SUCCESS
20:44:50.94   RLINK -- JoinAsync - got operation info 0:SessionOperationInfo::SUCCESS
20:44:50.94   RLINK -- Session::GetState - info, session [112389373]'s state changed to [3:STATE_CONNECTED].
20:44:50.96   RLINK -- local      PeerID 6 LOCL ack=  0 (  0ms~0) unack=  0, retry=  0, highwaterOOS=0 (ip=WINaddr:192.168.50.236:6112;), pending=0, dead=0, RS#=0/0
20:44:50.96   RLINK --       host PeerID 1 RELY ack=  1 (238ms~0) unack=  0, retry=  0, highwaterOOS=0 (ip=WINaddr:192.168.10.3:6112;), pending=0, dead=0, RS#=0/0
20:44:50.96   RLINK --            PeerID 2 RELY ack=  0 (  0ms~0) unack=  0, retry=  0, highwaterOOS=0 (ip=WINaddr:192.168.1.33:6112;), pending=0, dead=0, RS#=0/0
20:44:50.96   RLINK --            PeerID 3 RELY ack=  0 (  0ms~0) unack=  0, retry=  0, highwaterOOS=0 (ip=WINaddr:192.168.1.107:6112;), pending=0, dead=0, RS#=0/0
20:44:50.96   RLINK --            PeerID 5 RELY ack=  0 (  0ms~0) unack=  0, retry=  0, highwaterOOS=0 (ip=WINaddr:192.168.0.21:6112;), pending=0, dead=0, RS#=0/0
20:44:50.96   RLINK -- MessageCounts: inval=0/0, seek=0/0, join=1/1, ichk=0/0, sk_r=0/0, deny=0/0, Padd=0/10, Pdel=0/0, drop=0/0, data=0/0, mdat=0/0, voip=0/0, rchk=4/0, nudg=0/0, Thdr=0/0, Peer=1/11, PPrx=0/1, ping=0/0, Pfrg=0/0, rely=1/5, lb_p=0/0, lb_c=0/0, cast=0/0, cdat=0/0, sorq1=0/0, sorp=0/0, acto=0/0, spob=0/0, sorq2=0/0
20:44:51.02   RLINK -- Session::ProcessCheckAddressList - sending address check to WINaddr:192.168.1.33:6112;
20:44:51.02   RLINK -- Session::ProcessCheckAddressList - sending address check to WINaddr:192.168.1.107:6112;
20:44:51.02   RLINK -- Session::ProcessCheckAddressList - sending address check to WINaddr:192.168.0.21:6112;
20:44:51.05   RLINK -- [P#6] SrcP# 1 buffer out of seq: 7 expect: 6
20:44:51.38   RLINK -- [P#6] SrcP# 1 ignoring old retry: 1 expect: 6
20:44:51.38   RLINK -- [P#6] SrcP# 1 ignoring old retry: 2 expect: 6
20:44:51.38   RLINK -- [P#6] SrcP# 1 ignoring old retry: 3 expect: 6
20:44:51.41   RLINK -- [P#6] SrcP# 1 buffer out of seq: 8 expect: 6
20:44:51.54   RLINK -- [P#6] SrcP# 1 buffer out of seq: 9 expect: 6
20:44:51.90   RLINK -- [P#6] SrcP# 1 ignoring old retry: 1 expect: 6
20:44:51.90   RLINK -- [P#6] SrcP# 1 ignoring old retry: 2 expect: 6
20:44:51.90   RLINK -- [P#6] SrcP# 1 ignoring old retry: 3 expect: 6
20:44:52.02   RLINK -- Session::ProcessCheckAddressList - sending address check to WINaddr:192.168.1.33:6112;
20:44:52.02   RLINK -- Session::ProcessCheckAddressList - sending address check to WINaddr:192.168.1.107:6112;
20:44:52.02   RLINK -- Session::ProcessCheckAddressList - sending address check to WINaddr:192.168.0.21:6112;
20:44:52.39   RLINK -- [P#6] SrcP# 1 ignoring old retry: 1 expect: 6
20:44:52.39   RLINK -- [P#6] SrcP# 1 ignoring old retry: 2 expect: 6
20:44:52.39   RLINK -- [P#6] SrcP# 1 ignoring old retry: 3 expect: 6
20:44:52.91   RLINK -- [P#6] SrcP# 1 ignoring old retry: 1 expect: 6
20:44:52.91   RLINK -- [P#6] SrcP# 1 ignoring old retry: 2 expect: 6
20:44:52.91   RLINK -- [P#6] SrcP# 1 ignoring old retry: 3 expect: 6
20:44:53.00   RLINK -- Session::ProcessCheckAddressList - sending address check to WINaddr:192.168.1.33:6112;
20:44:53.00   RLINK -- Session::ProcessCheckAddressList - sending address check to WINaddr:192.168.1.107:6112;
20:44:53.00   RLINK -- Session::ProcessCheckAddressList - sending address check to WINaddr:192.168.0.21:6112;
20:44:53.39   RLINK -- [P#6] SrcP# 1 ignoring old retry: 1 expect: 6
20:44:53.39   RLINK -- [P#6] SrcP# 1 ignoring old retry: 2 expect: 6
20:44:53.39   RLINK -- [P#6] SrcP# 1 ignoring old retry: 3 expect: 6
20:44:53.92   RLINK -- SrcP# 1 deliver out of seq: 7 expect: 7
20:44:53.92   RLINK -- SrcP# 1 erase out of seq: 7 expect: 7
20:44:53.92   RLINK -- SrcP# 1 deliver out of seq: 8 expect: 8
20:44:53.92   RLINK -- SrcP# 1 erase out of seq: 8 expect: 8
20:44:53.92   RLINK -- SrcP# 1 deliver out of seq: 9 expect: 9
20:44:53.92   RLINK -- SrcP# 1 erase out of seq: 9 expect: 9
20:44:53.92   RLINK -- Accepted matchInfo updated 113 from host
20:44:53.92   RLINK -- Accepted matchInfo updated 114 from host
20:44:53.92   RLINK -- Accepted matchInfo updated 116 from host
20:44:53.92   RLINK -- Accepted matchInfo updated 117 from host
20:44:53.93   RLINK -- JoinAsync - completed with JoinResult = 0
20:44:53.93   RLINK -- JoinAsync - completed with JoinResult = 0:AdvertisementJoinEvent::R_Success
20:44:53.93   Activating screen: OnlineGameSetup
20:44:53.93   Activating screen: RelicOnlineTabs
20:44:53.93   RLINK -- WorldwideAutomatchService::OnJoinComplete - automatcher is no longer active - ignoring
20:44:53.93   RLINK -- JoinAsync: AsyncJob Complete...
20:44:53.94   Map 8p_montargis region does not have a valid operation type
20:44:54.01   RLINK -- Session::ProcessCheckAddressList - sending address check to WINaddr:192.168.1.33:6112;
20:44:54.01   RLINK -- Session::ProcessCheckAddressList - sending address check to WINaddr:192.168.1.107:6112;
20:44:54.01   RLINK -- Session::ProcessCheckAddressList - sending address check to WINaddr:192.168.0.21:6112;
20:44:54.04   RLINK -- [P#6] SrcP# 1 ignoring old retry: 7 expect: 10
20:44:54.05   GetMaxFrameTimeFromProfile: players=8 expected FPS=57.450951, bars=5, max avg=0.015, sd=0.003, 5 samples =  0.01 0.01 0.01 0.02 0.02
20:44:54.44   RLINK -- [P#6] SrcP# 1 ignoring old retry: 8 expect: 10
20:44:54.57   RLINK -- Accepted matchInfo updated 120 from host
20:44:54.65   RLINK -- Removing peer 5 from session due to REMOVEPEER from host PeerID 1
20:44:54.65   RLINK -- Session::SchedulePeerRemove - Scheduling peerID: 5 to disconnect, reasonCode:4003, reason:OnlinePlayerListEntry::OnClickedKick
20:44:54.65   RLINK -- Session Destroy Peer Event - ReasonID: 4003 ReasonDebug: OnlinePlayerListEntry::OnClickedKick
20:44:54.65   RLINK -- Session::GetEvent DestroyPeer success Peer 5 removed, reasonCode 4003, reasonDebug OnlinePlayerListEntry::OnClickedKick
20:44:54.65   RLINK -- Session::DestroyPeer - deallocating peer 5
20:44:54.65   RLINK -- Session - Requested Disconnect for connectionID 24
20:44:54.65   RLINK -- WorldwideAdvertisementService::Process - EVENT_DESTROYPEER
20:44:54.69   RLINK -- Accepted matchInfo updated 121 from host
20:44:54.71   GetMaxFrameTimeFromProfile: players=8 expected FPS=57.450951, bars=5, max avg=0.015, sd=0.003, 5 samples =  0.01 0.01 0.01 0.02 0.02
20:44:54.80   RLINK -- Accepted matchInfo updated 122 from host
20:44:55.02   RLINK -- Session::ProcessCheckAddressList - sending address check to WINaddr:192.168.1.33:6112;
20:44:55.02   RLINK -- Session::ProcessCheckAddressList - sending address check to WINaddr:192.168.1.107:6112;
20:44:55.02   RLINK -- Session::ProcessCheckAddressList - sending address check to WINaddr:192.168.0.21:6112;
20:44:55.18   RLINK -- Accepted matchInfo updated 125 from host
20:44:56.00   RLINK -- Session::ProcessCheckAddressList - sending address check to WINaddr:192.168.1.33:6112;
20:44:56.00   RLINK -- Session::ProcessCheckAddressList - sending address check to WINaddr:192.168.1.107:6112;
20:44:56.00   RLINK -- Session::ProcessCheckAddressList - sending address check to WINaddr:192.168.0.21:6112;
20:44:57.00   RLINK -- Session::ProcessCheckAddressList - sending address check to WINaddr:192.168.1.33:6112;
20:44:57.00   RLINK -- Session::ProcessCheckAddressList - sending address check to WINaddr:192.168.1.107:6112;
20:44:57.00   RLINK -- Session::ProcessCheckAddressList - sending address check to WINaddr:192.168.0.21:6112;
20:44:57.16   RLINK -- SENDING FORCED ACK from Peer 6 to Peer 1 - timeSinceLastAckMS       1979, transmitAckLastTimeMS    2924307 | Peer ---E- M#00000000 Sack00000015 NSack00000000 (C0.0% S:0.0) [  ]
20:44:57.16   RLINK -- Session::PollTransportEvents AddPeerMessage from peer 1 recv'd for unknown peer at address list WINaddr:192.168.1.56:6112;
20:44:57.16   RLINK -- Transport::OpenInternal request to WINaddr:255.255.255.255:6112;
20:44:57.16   RLINK -- Session::CheckAddress - initiating address check for WINaddr:192.168.1.56:6112;
20:44:57.16   RLINK -- Session - highest peerID now : 7
20:44:57.16   RLINK -- ValidateCustomData: called with 757 bytes of custom data
20:44:57.16   RLINK -- Client accepted Peer 7 into the match at address list = WINaddr:192.168.1.56:6112;, routes =
20:44:57.16   RLINK -- WorldwideAdvertisementService::Process - EVENT_NEWPEER
20:44:57.19   RLINK -- Accepted matchInfo updated 126 from host
20:44:57.21   GetMaxFrameTimeFromProfile: players=8 expected FPS=57.450951, bars=5, max avg=0.015, sd=0.003, 5 samples =  0.01 0.01 0.01 0.02 0.02
20:44:57.31   RLINK -- Accepted matchInfo updated 127 from host
20:44:57.33   Activating screen: DynamicPopupMenu
20:44:57.38   OnlinePlayerListEntry::OnEnterSlot - Slot 3 selected...
20:44:57.68   RLINK -- Accepted matchInfo updated 130 from host
20:44:57.81   RLINK -- Accepted matchInfo updated 131 from host
20:44:57.82   GetMaxFrameTimeFromProfile: players=8 expected FPS=57.450951, bars=5, max avg=0.015, sd=0.003, 5 samples =  0.01 0.01 0.01 0.02 0.02
20:44:57.92   RLINK -- Accepted matchInfo updated 132 from host
20:44:58.01   RLINK -- Session::ProcessCheckAddressList - sending address check to WINaddr:192.168.1.33:6112;
20:44:58.01   RLINK -- Session::ProcessCheckAddressList - sending address check to WINaddr:192.168.1.107:6112;
20:44:58.01   RLINK -- Session::ProcessCheckAddressList - sending address check to WINaddr:192.168.0.21:6112;
20:44:58.01   RLINK -- Session::ProcessCheckAddressList - sending address check to WINaddr:192.168.1.56:6112;
20:44:58.32   RLINK -- Accepted matchInfo updated 135 from host
20:44:58.48   Activating screen: RaceSelectionPopup
20:44:59.01   RLINK -- Session::ProcessCheckAddressList - sending address check to WINaddr:192.168.1.33:6112;
20:44:59.01   RLINK -- Session::ProcessCheckAddressList - sending address check to WINaddr:192.168.1.107:6112;
20:44:59.01   RLINK -- Session::ProcessCheckAddressList - sending address check to WINaddr:192.168.0.21:6112;
20:44:59.01   RLINK -- Session::ProcessCheckAddressList - sending address check to WINaddr:192.168.1.56:6112;
20:44:59.32   RLINK -- Accepted matchInfo updated 136 from host
20:44:59.34   GetMaxFrameTimeFromProfile: players=8 expected FPS=57.450951, bars=5, max avg=0.015, sd=0.003, 5 samples =  0.01 0.01 0.01 0.02 0.02
20:44:59.44   RLINK -- Accepted matchInfo updated 138 from host
20:44:59.46   GetMaxFrameTimeFromProfile: players=8 expected FPS=57.450951, bars=5, max avg=0.015, sd=0.003, 5 samples =  0.01 0.01 0.01 0.02 0.02
20:44:59.57   RLINK -- Accepted matchInfo updated 139 from host
20:44:59.81   RLINK -- Accepted matchInfo updated 142 from host
20:44:59.94   RLINK -- Accepted matchInfo updated 145 from host
20:45:00.02   RLINK -- Session::ProcessCheckAddressList - sending address check to WINaddr:192.168.1.33:6112;
20:45:00.02   RLINK -- Session::ProcessCheckAddressList - sending address check to WINaddr:192.168.1.107:6112;
20:45:00.02   RLINK -- Session::ProcessCheckAddressList - sending address check to WINaddr:192.168.0.21:6112;
20:45:00.02   RLINK -- Session::ProcessCheckAddressList - sending address check to WINaddr:192.168.1.56:6112;
20:45:00.57   Activating screen: FriendsListPopup
20:45:01.02   RLINK -- Session::ProcessCheckAddressList - sending address check to WINaddr:192.168.1.33:6112;
20:45:01.02   RLINK -- Session::ProcessCheckAddressList - address WINaddr:192.168.1.33:6112; timed out
20:45:01.02   RLINK -- Session::ProcessCheckAddressList - sending address check to WINaddr:192.168.1.107:6112;
20:45:01.02   RLINK -- Session::ProcessCheckAddressList - address WINaddr:192.168.1.107:6112; timed out
20:45:01.02   RLINK -- Session::ProcessCheckAddressList - sending address check to WINaddr:192.168.0.21:6112;
20:45:01.02   RLINK -- Session::ProcessCheckAddressList - address WINaddr:192.168.0.21:6112; timed out
20:45:01.02   RLINK -- Session::ProcessCheckAddressList - sending address check to WINaddr:192.168.1.56:6112;
20:45:01.18   RLINK -- Accepted matchInfo updated 148 from host
20:45:01.79   RLINK -- SENDING FORCED ACK from Peer 6 to Peer 1 - timeSinceLastAckMS        612, transmitAckLastTimeMS    2928942 | Peer ---E- M#00000000 Sack00000028 NSack00000000 (C0.0% S:0.0) [  ]
20:45:01.79   RLINK -- Removing peer 7 from session due to REMOVEPEER from host PeerID 1
20:45:01.79   RLINK -- Session::SchedulePeerRemove - Scheduling peerID: 7 to disconnect, reasonCode:4003, reason:OnlinePlayerListEntry::OnClickedKick
20:45:01.80   RLINK -- Session Destroy Peer Event - ReasonID: 4003 ReasonDebug: OnlinePlayerListEntry::OnClickedKick
20:45:01.80   RLINK -- Session::GetEvent DestroyPeer success Peer 7 removed, reasonCode 4003, reasonDebug OnlinePlayerListEntry::OnClickedKick
20:45:01.80   RLINK -- Session::DestroyPeer - deallocating peer 7
20:45:01.80   RLINK -- Session - Requested Disconnect for connectionID 25
20:45:01.80   RLINK -- WorldwideAdvertisementService::Process - EVENT_DESTROYPEER
20:45:01.83   RLINK -- Accepted matchInfo updated 149 from host
20:45:01.85   GetMaxFrameTimeFromProfile: players=8 expected FPS=57.450951, bars=5, max avg=0.015, sd=0.003, 5 samples =  0.01 0.01 0.01 0.02 0.02
20:45:01.95   RLINK -- Accepted matchInfo updated 150 from host
20:45:02.00   RLINK -- Session::ProcessCheckAddressList - sending address check to WINaddr:192.168.1.56:6112;
20:45:02.21   Activating screen: DynamicPopupMenu
20:45:02.31   RLINK -- Accepted matchInfo updated 152 from host
20:45:02.44   RLINK -- Accepted matchInfo updated 153 from host
20:45:03.01   RLINK -- Session::ProcessCheckAddressList - sending address check to WINaddr:192.168.1.56:6112;
20:45:03.97   Activating screen: DynamicPopupMenu
20:45:04.01   RLINK -- Session::ProcessCheckAddressList - sending address check to WINaddr:192.168.1.56:6112;
20:45:05.02   RLINK -- Session::ProcessCheckAddressList - sending address check to WINaddr:192.168.1.56:6112;
20:45:06.03   RLINK -- Session::ProcessCheckAddressList - sending address check to WINaddr:192.168.1.56:6112;
20:45:07.00   RLINK -- Session::ProcessCheckAddressList - sending address check to WINaddr:192.168.1.56:6112;
20:45:08.00   RLINK -- Session::ProcessCheckAddressList - sending address check to WINaddr:192.168.1.56:6112;
20:45:08.00   RLINK -- Session::ProcessCheckAddressList - address WINaddr:192.168.1.56:6112; timed out
20:45:17.52   RLINK -- Session::PollTransportEvents AddPeerMessage from peer 1 recv'd for unknown peer at address list WINaddr:192.168.1.147:6112;
20:45:17.52   RLINK -- Transport::OpenInternal request to WINaddr:255.255.255.255:6112;
20:45:17.52   RLINK -- Session::CheckAddress - initiating address check for WINaddr:192.168.1.147:6112;
20:45:17.52   RLINK -- Session - highest peerID now : 8
20:45:17.53   RLINK -- ValidateCustomData: called with 915 bytes of custom data
20:45:17.53   RLINK -- Client accepted Peer 8 into the match at address list = WINaddr:192.168.1.147:6112;, routes =
20:45:17.53   RLINK -- WorldwideAdvertisementService::Process - EVENT_NEWPEER
20:45:17.56   RLINK -- Accepted matchInfo updated 154 from host
20:45:17.57   GetMaxFrameTimeFromProfile: players=8 expected FPS=57.450951, bars=5, max avg=0.015, sd=0.003, 5 samples =  0.01 0.01 0.01 0.02 0.02
20:45:17.71   RLINK -- Accepted matchInfo updated 156 from host
20:45:18.01   RLINK -- Transport - median kBPS [hi/cur] sent = 0.1/0.0, recvd = 0.0/0.0, #p/sec[s/r] = 0.8/0.0, max unsent 0, version err 0, merge 0
20:45:18.01   RLINK -- Session::ProcessCheckAddressList - sending address check to WINaddr:192.168.1.147:6112;
20:45:18.08   RLINK -- Accepted matchInfo updated 159 from host
20:45:18.52   RLINK -- SENDING FORCED ACK from Peer 6 to Peer 1 - timeSinceLastAckMS        446, transmitAckLastTimeMS    2945676 | Peer ---E- M#00000000 Sack00000037 NSack00000000 (C0.0% S:0.0) [  ]
20:45:18.52   RLINK -- Session::PollTransportEvents AddPeerMessage from peer 1 recv'd for unknown peer at address list WINaddr:192.168.1.56:6112;
20:45:18.52   RLINK -- Transport::OpenInternal request to WINaddr:255.255.255.255:6112;
20:45:18.52   RLINK -- Session::CheckAddress - initiating address check for WINaddr:192.168.1.56:6112;
20:45:18.52   RLINK -- Session - highest peerID now : 9
20:45:18.53   RLINK -- ValidateCustomData: called with 757 bytes of custom data
20:45:18.53   RLINK -- Client accepted Peer 9 into the match at address list = WINaddr:192.168.1.56:6112;, routes =
20:45:18.53   RLINK -- WorldwideAdvertisementService::Process - EVENT_NEWPEER
20:45:18.56   RLINK -- Accepted matchInfo updated 160 from host
20:45:18.58   GetMaxFrameTimeFromProfile: players=8 expected FPS=57.450951, bars=5, max avg=0.015, sd=0.003, 5 samples =  0.01 0.01 0.01 0.02 0.02
20:45:18.68   RLINK -- Accepted matchInfo updated 161 from host
20:45:19.01   RLINK -- Session::ProcessCheckAddressList - sending address check to WINaddr:192.168.1.147:6112;
20:45:19.01   RLINK -- Session::ProcessCheckAddressList - sending address check to WINaddr:192.168.1.56:6112;
20:45:19.08   RLINK -- Accepted matchInfo updated 163 from host
20:45:19.20   RLINK -- Accepted matchInfo updated 164 from host
20:45:20.01   RLINK -- Session::ProcessCheckAddressList - sending address check to WINaddr:192.168.1.147:6112;
20:45:20.01   RLINK -- Session::ProcessCheckAddressList - sending address check to WINaddr:192.168.1.56:6112;
20:45:21.02   RLINK -- Session::ProcessCheckAddressList - sending address check to WINaddr:192.168.1.147:6112;
20:45:21.02   RLINK -- Session::ProcessCheckAddressList - sending address check to WINaddr:192.168.1.56:6112;
20:45:21.45   RLINK -- Accepted matchInfo updated 167 from host
20:45:22.02   RLINK -- Session::ProcessCheckAddressList - sending address check to WINaddr:192.168.1.147:6112;
20:45:22.02   RLINK -- Session::ProcessCheckAddressList - sending address check to WINaddr:192.168.1.56:6112;
20:45:23.00   RLINK -- Session::ProcessCheckAddressList - sending address check to WINaddr:192.168.1.147:6112;
20:45:23.00   RLINK -- Session::ProcessCheckAddressList - sending address check to WINaddr:192.168.1.56:6112;
20:45:23.06   RLINK -- Accepted matchInfo updated 170 from host
20:45:23.79   Activating screen: DynamicPopupMenu
20:45:23.89   Activating screen: RelicOnlineStatsPopup
20:45:24.00   RLINK -- Session::ProcessCheckAddressList - sending address check to WINaddr:192.168.1.147:6112;
20:45:24.00   RLINK -- Session::ProcessCheckAddressList - sending address check to WINaddr:192.168.1.56:6112;
20:45:24.97   Re-winding a compressed stream for file 'data:sound\wav\music\frontend\opening_ambience_tg\opening_ambience_with_birds.smf'.  Expensive operation
20:45:25.00   RLINK -- Session::ProcessCheckAddressList - sending address check to WINaddr:192.168.1.147:6112;
20:45:25.00   RLINK -- Session::ProcessCheckAddressList - sending address check to WINaddr:192.168.1.56:6112;
20:45:26.00   RLINK -- Session::ProcessCheckAddressList - sending address check to WINaddr:192.168.1.147:6112;
20:45:26.00   RLINK -- Session::ProcessCheckAddressList - sending address check to WINaddr:192.168.1.56:6112;
20:45:26.73   DataDeactivate - no more things to deactivate. bailing.
20:45:27.00   RLINK -- Session::ProcessCheckAddressList - sending address check to WINaddr:192.168.1.147:6112;
20:45:27.00   RLINK -- Session::ProcessCheckAddressList - sending address check to WINaddr:192.168.1.56:6112;
20:45:28.01   Activating screen: DynamicPopupMenu
20:45:28.02   RLINK -- Session::ProcessCheckAddressList - sending address check to WINaddr:192.168.1.147:6112;
20:45:28.02   RLINK -- Session::ProcessCheckAddressList - address WINaddr:192.168.1.147:6112; timed out
20:45:28.02   RLINK -- Session::ProcessCheckAddressList - sending address check to WINaddr:192.168.1.56:6112;
20:45:28.07   Activating screen: RelicOnlineStatsPopup
20:45:29.00   RLINK -- Session::ProcessCheckAddressList - sending address check to WINaddr:192.168.1.56:6112;
20:45:29.00   RLINK -- Session::ProcessCheckAddressList - address WINaddr:192.168.1.56:6112; timed out
20:45:29.98   DataDeactivate - no more things to deactivate. bailing.
20:45:33.49   RLINK -- SENDING RETRY - Peer 6 to Peer 8 retryTimeMS        500 oneMsg.lastTransmitTime    2960127, timeSinceLastTransmitMS        509 | Peer RS--- M#00000001 Sack00000000 NSack00000000 (C0.0% S:0.0) [ PKT SIZE:27 data DestChannel:� ]
20:45:37.78   RLINK -- SENDING FORCED ACK from Peer 6 to Peer 1 - timeSinceLastAckMS       1801, transmitAckLastTimeMS    2964933 | Peer ---E- M#00000000 Sack00000044 NSack00000000 (C0.0% S:0.0) [  ]
20:45:37.78   RLINK -- Session::PollTransportEvents AddPeerMessage from peer 1 recv'd for unknown peer at address list WINaddr:192.168.1.6:6112;
20:45:37.78   RLINK -- Transport::OpenInternal request to WINaddr:255.255.255.255:6112;
20:45:37.78   RLINK -- Session::CheckAddress - initiating address check for WINaddr:192.168.1.6:6112;
20:45:37.78   RLINK -- Session - highest peerID now : 10
20:45:37.78   RLINK -- ValidateCustomData: called with 1149 bytes of custom data
20:45:37.78   RLINK -- Client accepted Peer 10 into the match at address list = WINaddr:192.168.1.6:6112;, routes =
20:45:37.78   RLINK -- WorldwideAdvertisementService::Process - EVENT_NEWPEER
20:45:37.82   RLINK -- Accepted matchInfo updated 171 from host
20:45:37.84   GetMaxFrameTimeFromProfile: players=8 expected FPS=57.450951, bars=5, max avg=0.015, sd=0.003, 5 samples =  0.01 0.01 0.01 0.02 0.02
20:45:37.94   RLINK -- Accepted matchInfo updated 173 from host
20:45:38.00   RLINK -- Session::ProcessCheckAddressList - sending address check to WINaddr:192.168.1.6:6112;
20:45:38.35   RLINK -- Accepted matchInfo updated 175 from host
20:45:38.46   RLINK -- Accepted matchInfo updated 177 from host
20:45:38.58   RLINK -- Accepted matchInfo updated 178 from host
20:45:39.01   RLINK -- Session::ProcessCheckAddressList - sending address check to WINaddr:192.168.1.6:6112;
20:45:40.02   RLINK -- Session::ProcessCheckAddressList - sending address check to WINaddr:192.168.1.6:6112;
20:45:40.36   Activating screen: DynamicPopupMenu
20:45:40.46   Activating screen: RelicOnlineStatsPopup
20:45:41.03   RLINK -- Session::ProcessCheckAddressList - sending address check to WINaddr:192.168.1.6:6112;
20:45:41.59   RLINK -- Accepted matchInfo updated 179 from host
20:45:41.61   GetMaxFrameTimeFromProfile: players=8 expected FPS=57.450951, bars=5, max avg=0.015, sd=0.003, 5 samples =  0.01 0.01 0.01 0.02 0.02
20:45:41.70   RLINK -- Accepted matchInfo updated 180 from host
20:45:41.97   DataDeactivate - no more things to deactivate. bailing.
20:45:42.00   RLINK -- Session::ProcessCheckAddressList - sending address check to WINaddr:192.168.1.6:6112;
20:45:42.10   RLINK -- Accepted matchInfo updated 187 from host
20:45:42.22   RLINK -- Accepted matchInfo updated 188 from host
20:45:42.34   RLINK -- Accepted matchInfo updated 189 from host
20:45:43.00   RLINK -- Session::ProcessCheckAddressList - sending address check to WINaddr:192.168.1.6:6112;
20:45:44.00   RLINK -- Session::ProcessCheckAddressList - sending address check to WINaddr:192.168.1.6:6112;
20:45:45.00   RLINK -- Session::ProcessCheckAddressList - sending address check to WINaddr:192.168.1.6:6112;
20:45:46.00   RLINK -- Session::ProcessCheckAddressList - sending address check to WINaddr:192.168.1.6:6112;
20:45:46.55   RLINK -- SENDING FORCED ACK from Peer 6 to Peer 1 - timeSinceLastAckMS       1218, transmitAckLastTimeMS    2973706 | Peer ---E- M#00000000 Sack00000055 NSack00000000 (C0.0% S:0.0) [  ]
20:45:46.55   RLINK -- Session::PollTransportEvents AddPeerMessage from peer 1 recv'd for unknown peer at address list WINaddr:192.168.1.106:6112;
20:45:46.55   RLINK -- Transport::OpenInternal request to WINaddr:255.255.255.255:6112;
20:45:46.55   RLINK -- Session::CheckAddress - initiating address check for WINaddr:192.168.1.106:6112;
20:45:46.55   RLINK -- Session - highest peerID now : 11
20:45:46.57   RLINK -- ValidateCustomData: called with 1637 bytes of custom data
20:45:46.57   RLINK -- Client accepted Peer 11 into the match at address list = WINaddr:192.168.1.106:6112;, routes =
20:45:46.57   RLINK -- WorldwideAdvertisementService::Process - EVENT_NEWPEER
20:45:46.60   RLINK -- Accepted matchInfo updated 190 from host
20:45:46.61   GetMaxFrameTimeFromProfile: players=8 expected FPS=57.450951, bars=5, max avg=0.015, sd=0.003, 5 samples =  0.01 0.01 0.01 0.02 0.02
20:45:46.71   RLINK -- Accepted matchInfo updated 192 from host
20:45:47.01   RLINK -- Session::ProcessCheckAddressList - sending address check to WINaddr:192.168.1.6:6112;
20:45:47.01   RLINK -- Session::ProcessCheckAddressList - sending address check to WINaddr:192.168.1.106:6112;
20:45:47.07   RLINK -- Accepted matchInfo updated 194 from host
20:45:47.23   RLINK -- Accepted matchInfo updated 197 from host
20:45:47.36   RLINK -- Accepted matchInfo updated 198 from host
20:45:48.02   RLINK -- Session::ProcessCheckAddressList - sending address check to WINaddr:192.168.1.6:6112;
20:45:48.02   RLINK -- Session::ProcessCheckAddressList - address WINaddr:192.168.1.6:6112; timed out
20:45:48.02   RLINK -- Session::ProcessCheckAddressList - sending address check to WINaddr:192.168.1.106:6112;
20:45:49.02   RLINK -- Session::ProcessCheckAddressList - sending address check to WINaddr:192.168.1.106:6112;
20:45:49.86   Activating screen: DynamicPopupMenu
20:45:49.91   Activating screen: RelicOnlineStatsPopup
20:45:50.00   RLINK -- Session::ProcessCheckAddressList - sending address check to WINaddr:192.168.1.106:6112;
20:45:50.81   DataDeactivate - no more things to deactivate. bailing.
20:45:50.84   RLINK -- Accepted matchInfo updated 201 from host
20:45:51.00   RLINK -- Session::ProcessCheckAddressList - sending address check to WINaddr:192.168.1.106:6112;
20:45:51.00   RLINK -- local      PeerID 6 LOCL ack=  0 (  0ms~0) unack=  0, retry=  0, highwaterOOS=0 (ip=WINaddr:192.168.50.236:6112;), pending=0, dead=0, RS#=0/0
20:45:51.00   RLINK --       host PeerID 1 RELY ack= 88 (544ms~73) unack=  1, retry=  0, highwaterOOS=3 (ip=WINaddr:192.168.10.3:6112;), pending=0, dead=0, RS#=87/88
20:45:51.00   RLINK --            PeerID 2 RELY ack=  1 (509ms~0) unack=  0, retry=  0, highwaterOOS=0 (ip=WINaddr:192.168.1.33:6112;), pending=0, dead=0, RS#=1/1
20:45:51.00   RLINK --            PeerID 3 RELY ack=  1 (509ms~0) unack=  0, retry=  0, highwaterOOS=0 (ip=WINaddr:192.168.1.107:6112;), pending=0, dead=0, RS#=1/1
20:45:51.00   RLINK --            PeerID 8 RELY ack=  1 (  0ms~0) unack=  0, retry=  1, highwaterOOS=0 (ip=WINaddr:192.168.1.147:6112;), pending=0, dead=0, RS#=1/1
20:45:51.00   RLINK --            PeerID 9 RELY ack=  1 (509ms~0) unack=  0, retry=  0, highwaterOOS=0 (ip=WINaddr:192.168.1.56:6112;), pending=0, dead=0, RS#=1/1
20:45:51.00   RLINK --            PeerID 10 RELY ack=  0 (  0ms~0) unack=  0, retry=  0, highwaterOOS=0 (ip=WINaddr:192.168.1.6:6112;), pending=0, dead=0, RS#=0/0
20:45:51.00   RLINK --            PeerID 11 RELY ack=  0 (  0ms~0) unack=  0, retry=  0, highwaterOOS=0 (ip=WINaddr:192.168.1.106:6112;), pending=0, dead=0, RS#=0/0
20:45:51.00   RLINK -- MessageCounts: inval=0/0, seek=0/0, join=0/5, ichk=0/0, sk_r=0/0, deny=0/0, Padd=0/25, Pdel=0/4, drop=0/4, data=92/51, mdat=0/0, voip=0/0, rchk=87/0, nudg=12/22, Thdr=82/0, Peer=183/158, PPrx=94/166, ping=0/0, Pfrg=0/0, rely=12/37, lb_p=2/2, lb_c=0/0, cast=0/0, cdat=0/0, sorq1=0/0, sorp=0/0, acto=0/0, spob=0/0, sorq2=0/0
20:45:52.01   RLINK -- Session::ProcessCheckAddressList - sending address check to WINaddr:192.168.1.106:6112;
20:45:53.02   RLINK -- Session::ProcessCheckAddressList - sending address check to WINaddr:192.168.1.106:6112;
20:45:54.00   RLINK -- Session::ProcessCheckAddressList - sending address check to WINaddr:192.168.1.106:6112;
20:45:55.00   RLINK -- Session::ProcessCheckAddressList - sending address check to WINaddr:192.168.1.106:6112;
20:45:56.01   RLINK -- Session::ProcessCheckAddressList - sending address check to WINaddr:192.168.1.106:6112;
20:45:57.01   RLINK -- Session::ProcessCheckAddressList - sending address check to WINaddr:192.168.1.106:6112;
20:45:57.01   RLINK -- Session::ProcessCheckAddressList - address WINaddr:192.168.1.106:6112; timed out
20:46:00.80   RLINK -- SENDING FORCED ACK from Peer 6 to Peer 1 - timeSinceLastAckMS        938, transmitAckLastTimeMS    2987956 | Peer ---E- M#00000000 Sack00000062 NSack00000000 (C0.0% S:0.0) [  ]
20:46:00.80   RLINK -- Removing peer 8 from session due to REMOVEPEER from host PeerID 1
20:46:00.80   RLINK -- Session::SchedulePeerRemove - Scheduling peerID: 8 to disconnect, reasonCode:4003, reason:OnlinePlayerListEntry::OnClickedKick
20:46:00.82   RLINK -- Session Destroy Peer Event - ReasonID: 4003 ReasonDebug: OnlinePlayerListEntry::OnClickedKick
20:46:00.82   RLINK -- Session::GetEvent DestroyPeer success Peer 8 removed, reasonCode 4003, reasonDebug OnlinePlayerListEntry::OnClickedKick
20:46:00.82   RLINK -- Session::DestroyPeer - deallocating peer 8
20:46:00.82   RLINK -- Session - Requested Disconnect for connectionID 26
20:46:00.82   RLINK -- WorldwideAdvertisementService::Process - EVENT_DESTROYPEER
20:46:00.84   RLINK -- Accepted matchInfo updated 202 from host
20:46:00.86   GetMaxFrameTimeFromProfile: players=8 expected FPS=57.450951, bars=5, max avg=0.015, sd=0.003, 5 samples =  0.01 0.01 0.01 0.02 0.02
20:46:00.95   RLINK -- Accepted matchInfo updated 203 from host
20:46:01.37   RLINK -- Accepted matchInfo updated 208 from host
20:46:01.48   RLINK -- Accepted matchInfo updated 209 from host
20:46:05.67   RLINK -- SENDING FORCED ACK from Peer 6 to Peer 1 - timeSinceLastAckMS       1188, transmitAckLastTimeMS    2992823 | Peer ---E- M#00000000 Sack00000067 NSack00000000 (C0.0% S:0.0) [  ]
20:46:05.67   RLINK -- Removing peer 10 from session due to REMOVEPEER from host PeerID 1
20:46:05.67   RLINK -- Session::SchedulePeerRemove - Scheduling peerID: 10 to disconnect, reasonCode:4003, reason:OnlinePlayerListEntry::OnClickedKick
20:46:05.67   RLINK -- Session Destroy Peer Event - ReasonID: 4003 ReasonDebug: OnlinePlayerListEntry::OnClickedKick
20:46:05.67   RLINK -- Session::GetEvent DestroyPeer success Peer 10 removed, reasonCode 4003, reasonDebug OnlinePlayerListEntry::OnClickedKick
20:46:05.67   RLINK -- Session::DestroyPeer - deallocating peer 10
20:46:05.67   RLINK -- Session - Requested Disconnect for connectionID 28
20:46:05.67   RLINK -- WorldwideAdvertisementService::Process - EVENT_DESTROYPEER
20:46:05.86   RLINK -- Accepted matchInfo updated 210 from host
20:46:05.88   GetMaxFrameTimeFromProfile: players=8 expected FPS=57.450951, bars=5, max avg=0.015, sd=0.003, 5 samples =  0.01 0.01 0.01 0.02 0.02
20:46:05.98   RLINK -- Accepted matchInfo updated 211 from host
20:46:06.34   RLINK -- Accepted matchInfo updated 215 from host
20:46:06.46   RLINK -- Accepted matchInfo updated 216 from host
20:46:07.68   RLINK -- SENDING FORCED ACK from Peer 6 to Peer 1 - timeSinceLastAckMS       1216, transmitAckLastTimeMS    2994829 | Peer ---E- M#00000000 Sack00000072 NSack00000000 (C0.0% S:0.0) [  ]
20:46:07.68   RLINK -- Removing peer 9 from session due to REMOVEPEER from host PeerID 1
20:46:07.68   RLINK -- Session::SchedulePeerRemove - Scheduling peerID: 9 to disconnect, reasonCode:4003, reason:OnlinePlayerListEntry::OnClickedKick
20:46:07.68   RLINK -- Session Destroy Peer Event - ReasonID: 4003 ReasonDebug: OnlinePlayerListEntry::OnClickedKick
20:46:07.68   RLINK -- Session::GetEvent DestroyPeer success Peer 9 removed, reasonCode 4003, reasonDebug OnlinePlayerListEntry::OnClickedKick
20:46:07.68   RLINK -- Session::DestroyPeer - deallocating peer 9
20:46:07.68   RLINK -- Session - Requested Disconnect for connectionID 27
20:46:07.68   RLINK -- WorldwideAdvertisementService::Process - EVENT_DESTROYPEER
20:46:07.90   RLINK -- Accepted matchInfo updated 217 from host
20:46:07.92   GetMaxFrameTimeFromProfile: players=8 expected FPS=57.450951, bars=5, max avg=0.015, sd=0.003, 5 samples =  0.01 0.01 0.01 0.02 0.02
20:46:07.99   RLINK -- Accepted matchInfo updated 218 from host
20:46:08.35   RLINK -- Accepted matchInfo updated 221 from host
20:46:08.47   RLINK -- Accepted matchInfo updated 222 from host
20:46:19.01   RLINK -- Transport - median kBPS [hi/cur] sent = 0.1/0.0, recvd = 0.0/0.0, #p/sec[s/r] = 0.7/0.0, max unsent 0, version err 0, merge 0
20:46:19.37   RLINK -- Accepted matchInfo updated 223 from host
20:46:19.39   GetMaxFrameTimeFromProfile: players=8 expected FPS=57.450951, bars=5, max avg=0.015, sd=0.003, 5 samples =  0.01 0.01 0.01 0.02 0.02
20:46:19.48   RLINK -- Accepted matchInfo updated 224 from host
20:46:19.86   RLINK -- Accepted matchInfo updated 227 from host
20:46:19.97   RLINK -- Accepted matchInfo updated 228 from host
20:46:22.20   RLINK -- SENDING FORCED ACK from Peer 6 to Peer 1 - timeSinceLastAckMS       2230, transmitAckLastTimeMS    3009348 | Peer ---E- M#00000000 Sack00000081 NSack00000000 (C0.0% S:0.0) [  ]
20:46:22.20   RLINK -- Session::PollTransportEvents AddPeerMessage from peer 1 recv'd for unknown peer at address list WINaddr:192.168.32.123:6112;
20:46:22.20   RLINK -- Transport::OpenInternal request to WINaddr:255.255.255.255:6112;
20:46:22.20   RLINK -- Session::CheckAddress - initiating address check for WINaddr:192.168.32.123:6112;
20:46:22.20   RLINK -- Session - highest peerID now : 12
20:46:22.20   RLINK -- ValidateCustomData: called with 1237 bytes of custom data
20:46:22.20   RLINK -- Client accepted Peer 12 into the match at address list = WINaddr:192.168.32.123:6112;, routes =
20:46:22.20   RLINK -- WorldwideAdvertisementService::Process - EVENT_NEWPEER
20:46:22.24   RLINK -- Accepted matchInfo updated 229 from host
20:46:22.26   GetMaxFrameTimeFromProfile: players=8 expected FPS=57.450951, bars=5, max avg=0.015, sd=0.003, 5 samples =  0.01 0.01 0.01 0.02 0.02
20:46:22.36   RLINK -- Accepted matchInfo updated 230 from host
20:46:22.72   RLINK -- Accepted matchInfo updated 232 from host
20:46:22.84   RLINK -- Accepted matchInfo updated 234 from host
20:46:23.02   RLINK -- Session::ProcessCheckAddressList - sending address check to WINaddr:192.168.32.123:6112;
20:46:24.00   RLINK -- Session::ProcessCheckAddressList - sending address check to WINaddr:192.168.32.123:6112;
20:46:25.00   RLINK -- Session::ProcessCheckAddressList - sending address check to WINaddr:192.168.32.123:6112;
20:46:26.00   RLINK -- Session::ProcessCheckAddressList - sending address check to WINaddr:192.168.32.123:6112;
20:46:26.35   RLINK -- Accepted matchInfo updated 237 from host
20:46:27.01   RLINK -- Session::ProcessCheckAddressList - sending address check to WINaddr:192.168.32.123:6112;
20:46:28.01   RLINK -- Session::ProcessCheckAddressList - sending address check to WINaddr:192.168.32.123:6112;
20:46:29.02   RLINK -- Session::ProcessCheckAddressList - sending address check to WINaddr:192.168.32.123:6112;
20:46:29.78   Re-winding a compressed stream for file 'data:sound\wav\music\frontend\opening_ambience_tg\opening_ambience_with_birds.smf'.  Expensive operation
20:46:30.00   RLINK -- Session::ProcessCheckAddressList - sending address check to WINaddr:192.168.32.123:6112;
20:46:31.00   RLINK -- Session::ProcessCheckAddressList - sending address check to WINaddr:192.168.32.123:6112;
20:46:32.01   RLINK -- Session::ProcessCheckAddressList - sending address check to WINaddr:192.168.32.123:6112;
20:46:33.01   RLINK -- Session::ProcessCheckAddressList - sending address check to WINaddr:192.168.32.123:6112;
20:46:33.01   RLINK -- Session::ProcessCheckAddressList - address WINaddr:192.168.32.123:6112; timed out
20:46:34.56   RLINK -- SENDING FORCED ACK from Peer 6 to Peer 1 - timeSinceLastAckMS       2185, transmitAckLastTimeMS    3021712 | Peer ---E- M#00000000 Sack00000087 NSack00000000 (C0.0% S:0.0) [  ]
20:46:34.56   RLINK -- Session::PollTransportEvents AddPeerMessage from peer 1 recv'd for unknown peer at address list WINaddr:192.168.0.128:6112;
20:46:34.56   RLINK -- Transport::OpenInternal request to WINaddr:255.255.255.255:6112;
20:46:34.56   RLINK -- Session::CheckAddress - initiating address check for WINaddr:192.168.0.128:6112;
20:46:34.56   RLINK -- Session - highest peerID now : 13
20:46:34.57   RLINK -- ValidateCustomData: called with 977 bytes of custom data
20:46:34.57   RLINK -- Client accepted Peer 13 into the match at address list = WINaddr:192.168.0.128:6112;, routes =
20:46:34.57   RLINK -- WorldwideAdvertisementService::Process - EVENT_NEWPEER
20:46:34.60   RLINK -- Accepted matchInfo updated 238 from host
20:46:34.63   GetMaxFrameTimeFromProfile: players=8 expected FPS=57.450951, bars=5, max avg=0.015, sd=0.003, 5 samples =  0.01 0.01 0.01 0.02 0.02
20:46:34.73   RLINK -- Accepted matchInfo updated 239 from host
20:46:35.02   RLINK -- Session::ProcessCheckAddressList - sending address check to WINaddr:192.168.0.128:6112;
20:46:35.13   RLINK -- Accepted matchInfo updated 241 from host
20:46:35.24   RLINK -- Accepted matchInfo updated 244 from host
20:46:36.02   RLINK -- Session::ProcessCheckAddressList - sending address check to WINaddr:192.168.0.128:6112;
20:46:37.00   RLINK -- Session::ProcessCheckAddressList - sending address check to WINaddr:192.168.0.128:6112;
20:46:38.01   RLINK -- Session::ProcessCheckAddressList - sending address check to WINaddr:192.168.0.128:6112;
20:46:39.01   RLINK -- Session::ProcessCheckAddressList - sending address check to WINaddr:192.168.0.128:6112;
20:46:39.22   RLINK -- Accepted matchInfo updated 247 from host
20:46:40.01   RLINK -- Session::ProcessCheckAddressList - sending address check to WINaddr:192.168.0.128:6112;
20:46:41.02   RLINK -- Session::ProcessCheckAddressList - sending address check to WINaddr:192.168.0.128:6112;
20:46:41.12   RLINK -- Accepted matchInfo updated 248 from host
20:46:42.00   RLINK -- Session::ProcessCheckAddressList - sending address check to WINaddr:192.168.0.128:6112;
20:46:42.33   RLINK -- SENDING FORCED ACK from Peer 6 to Peer 1 - timeSinceLastAckMS       1215, transmitAckLastTimeMS    3029482 | Peer ---E- M#00000000 Sack00000094 NSack00000000 (C0.0% S:0.0) [  ]
20:46:42.33   RLINK -- Removing peer 13 from session due to REMOVEPEER from host PeerID 1
20:46:42.33   RLINK -- Session::SchedulePeerRemove - Scheduling peerID: 13 to disconnect, reasonCode:4003, reason:OnlinePlayerListEntry::OnClickedKick
20:46:42.34   RLINK -- Session Destroy Peer Event - ReasonID: 4003 ReasonDebug: OnlinePlayerListEntry::OnClickedKick
20:46:42.34   RLINK -- Session::GetEvent DestroyPeer success Peer 13 removed, reasonCode 4003, reasonDebug OnlinePlayerListEntry::OnClickedKick
20:46:42.34   RLINK -- Session::DestroyPeer - deallocating peer 13
20:46:42.34   RLINK -- Session - Requested Disconnect for connectionID 31
20:46:42.34   RLINK -- WorldwideAdvertisementService::Process - EVENT_DESTROYPEER
20:46:42.37   RLINK -- Accepted matchInfo updated 249 from host
20:46:42.40   GetMaxFrameTimeFromProfile: players=8 expected FPS=57.450951, bars=5, max avg=0.015, sd=0.003, 5 samples =  0.01 0.01 0.01 0.02 0.02
20:46:42.49   RLINK -- Accepted matchInfo updated 250 from host
20:46:42.86   RLINK -- Accepted matchInfo updated 252 from host
20:46:42.98   RLINK -- Accepted matchInfo updated 255 from host
20:46:43.00   RLINK -- Session::ProcessCheckAddressList - sending address check to WINaddr:192.168.0.128:6112;
20:46:44.02   RLINK -- Session::ProcessCheckAddressList - sending address check to WINaddr:192.168.0.128:6112;
20:46:44.81   RLINK -- SENDING FORCED ACK from Peer 6 to Peer 1 - timeSinceLastAckMS       1834, transmitAckLastTimeMS    3031965 | Peer ---E- M#00000000 Sack00000099 NSack00000000 (C0.0% S:0.0) [  ]
20:46:44.81   RLINK -- Removing peer 12 from session due to REMOVEPEER from host PeerID 1
20:46:44.81   RLINK -- Session::SchedulePeerRemove - Scheduling peerID: 12 to disconnect, reasonCode:4003, reason:OnlinePlayerListEntry::OnClickedKick
20:46:44.82   RLINK -- Session Destroy Peer Event - ReasonID: 4003 ReasonDebug: OnlinePlayerListEntry::OnClickedKick
20:46:44.82   RLINK -- Session::GetEvent DestroyPeer success Peer 12 removed, reasonCode 4003, reasonDebug OnlinePlayerListEntry::OnClickedKick
20:46:44.82   RLINK -- Session::DestroyPeer - deallocating peer 12
20:46:44.82   RLINK -- Session - Requested Disconnect for connectionID 30
20:46:44.82   RLINK -- WorldwideAdvertisementService::Process - EVENT_DESTROYPEER
20:46:44.85   RLINK -- Accepted matchInfo updated 256 from host
20:46:44.87   GetMaxFrameTimeFromProfile: players=8 expected FPS=57.450951, bars=5, max avg=0.015, sd=0.003, 5 samples =  0.01 0.01 0.01 0.02 0.02
20:46:45.00   RLINK -- Session::ProcessCheckAddressList - sending address check to WINaddr:192.168.0.128:6112;
20:46:45.00   RLINK -- Session::ProcessCheckAddressList - address WINaddr:192.168.0.128:6112; timed out
20:46:45.01   RLINK -- Accepted matchInfo updated 257 from host
20:46:45.37   RLINK -- Accepted matchInfo updated 259 from host
20:46:45.49   RLINK -- Accepted matchInfo updated 261 from host
20:46:48.07   RLINK -- SENDING FORCED ACK from Peer 6 to Peer 1 - timeSinceLastAckMS       2582, transmitAckLastTimeMS    3035223 | Peer ---E- M#00000000 Sack00000104 NSack00000000 (C0.0% S:0.0) [  ]
20:46:48.07   RLINK -- Session::PollTransportEvents AddPeerMessage from peer 1 recv'd for unknown peer at address list WINaddr:192.168.1.42:6112;
20:46:48.07   RLINK -- Transport::OpenInternal request to WINaddr:255.255.255.255:6112;
20:46:48.07   RLINK -- Session::CheckAddress - initiating address check for WINaddr:192.168.1.42:6112;
20:46:48.07   RLINK -- Session - highest peerID now : 14
20:46:48.07   RLINK -- ValidateCustomData: called with 1173 bytes of custom data
20:46:48.07   RLINK -- Client accepted Peer 14 into the match at address list = WINaddr:192.168.1.42:6112;, routes =
20:46:48.07   RLINK -- WorldwideAdvertisementService::Process - EVENT_NEWPEER
20:46:48.11   RLINK -- Accepted matchInfo updated 262 from host
20:46:48.13   GetMaxFrameTimeFromProfile: players=8 expected FPS=57.450951, bars=5, max avg=0.015, sd=0.003, 5 samples =  0.01 0.01 0.01 0.02 0.02
20:46:48.23   RLINK -- Accepted matchInfo updated 264 from host
20:46:48.60   RLINK -- Accepted matchInfo updated 266 from host
20:46:48.76   RLINK -- Accepted matchInfo updated 268 from host
20:46:49.02   RLINK -- Session::ProcessCheckAddressList - sending address check to WINaddr:192.168.1.42:6112;
20:46:49.73   RLINK -- Accepted matchInfo updated 271 from host
20:46:50.02   RLINK -- Session::ProcessCheckAddressList - sending address check to WINaddr:192.168.1.42:6112;
20:46:51.00   RLINK -- Session::ProcessCheckAddressList - sending address check to WINaddr:192.168.1.42:6112;
20:46:51.12   RLINK -- Accepted matchInfo updated 272 from host
20:46:51.14   GetMaxFrameTimeFromProfile: players=8 expected FPS=57.450951, bars=5, max avg=0.015, sd=0.003, 5 samples =  0.01 0.01 0.01 0.02 0.02
20:46:51.24   RLINK -- Accepted matchInfo updated 273 from host
20:46:51.62   RLINK -- Accepted matchInfo updated 275 from host
20:46:51.74   RLINK -- Accepted matchInfo updated 278 from host
20:46:52.01   RLINK -- Session::ProcessCheckAddressList - sending address check to WINaddr:192.168.1.42:6112;
20:46:52.01   RLINK -- local      PeerID 6 LOCL ack=  0 (  0ms~0) unack=  0, retry=  0, highwaterOOS=0 (ip=WINaddr:192.168.50.236:6112;), pending=0, dead=0, RS#=0/0
20:46:52.01   RLINK --       host PeerID 1 RELY ack=161 (509ms~19) unack=  2, retry=  0, highwaterOOS=3 (ip=WINaddr:192.168.10.3:6112;), pending=0, dead=0, RS#=160/162
20:46:52.01   RLINK --            PeerID 2 RELY ack=  1 (509ms~0) unack=  0, retry=  0, highwaterOOS=0 (ip=WINaddr:192.168.1.33:6112;), pending=0, dead=0, RS#=1/1
20:46:52.01   RLINK --            PeerID 3 RELY ack=  1 (509ms~0) unack=  0, retry=  0, highwaterOOS=0 (ip=WINaddr:192.168.1.107:6112;), pending=0, dead=0, RS#=1/1
20:46:52.01   RLINK --            PeerID 11 RELY ack=  0 (  0ms~0) unack=  0, retry=  0, highwaterOOS=0 (ip=WINaddr:192.168.1.106:6112;), pending=0, dead=0, RS#=0/0
20:46:52.01   RLINK --            PeerID 14 RELY ack=  0 (  0ms~0) unack=  0, retry=  0, highwaterOOS=0 (ip=WINaddr:192.168.1.42:6112;), pending=0, dead=0, RS#=0/0
20:46:52.01   RLINK -- MessageCounts: inval=0/0, seek=0/0, join=0/3, ichk=0/0, sk_r=0/0, deny=0/0, Padd=0/6, Pdel=0/10, drop=0/10, data=74/44, mdat=0/0, voip=0/0, rchk=35/0, nudg=11/22, Thdr=32/0, Peer=116/124, PPrx=82/146, ping=0/0, Pfrg=0/0, rely=11/29, lb_p=2/2, lb_c=0/0, cast=0/0, cdat=0/0, sorq1=0/0, sorp=0/0, acto=0/0, spob=0/0, sorq2=0/0
20:46:53.02   RLINK -- Session::ProcessCheckAddressList - sending address check to WINaddr:192.168.1.42:6112;
20:46:53.11   RLINK -- Accepted matchInfo updated 279 from host
20:46:53.14   GetMaxFrameTimeFromProfile: players=8 expected FPS=57.450951, bars=5, max avg=0.015, sd=0.003, 5 samples =  0.01 0.01 0.01 0.02 0.02
20:46:53.24   RLINK -- Accepted matchInfo updated 280 from host
20:46:53.60   RLINK -- Accepted matchInfo updated 282 from host
20:46:53.73   RLINK -- Accepted matchInfo updated 285 from host
20:46:54.00   RLINK -- Session::ProcessCheckAddressList - sending address check to WINaddr:192.168.1.42:6112;
20:46:55.00   RLINK -- Session::ProcessCheckAddressList - sending address check to WINaddr:192.168.1.42:6112;
20:46:56.01   RLINK -- Session::ProcessCheckAddressList - sending address check to WINaddr:192.168.1.42:6112;
20:46:57.01   RLINK -- Session::ProcessCheckAddressList - sending address check to WINaddr:192.168.1.42:6112;
20:46:58.01   RLINK -- Session::ProcessCheckAddressList - sending address check to WINaddr:192.168.1.42:6112;
20:46:59.01   RLINK -- Session::ProcessCheckAddressList - sending address check to WINaddr:192.168.1.42:6112;
20:46:59.01   RLINK -- Session::ProcessCheckAddressList - address WINaddr:192.168.1.42:6112; timed out
20:47:09.27   RLINK -- SENDING FORCED ACK from Peer 6 to Peer 14 - timeSinceLastAckMS      21195, transmitAckLastTimeMS    3056419 | Peer ---E- M#00000000 Sack00000001 NSack00000000 (C0.0% S:0.0) [  ]
20:47:09.75   RLINK -- [P#6] SrcP# 14 ignoring old retry: 1 expect: 2
20:47:20.00   RLINK -- Transport - median kBPS [hi/cur] sent = 0.1/0.0, recvd = 0.0/0.0, #p/sec[s/r] = 0.6/0.0, max unsent 0, version err 0, merge 0
20:47:34.88   Re-winding a compressed stream for file 'data:sound\wav\music\frontend\opening_ambience_tg\opening_ambience_with_birds.smf'.  Expensive operation
20:47:53.01   RLINK -- local      PeerID 6 LOCL ack=  0 (  0ms~0) unack=  0, retry=  0, highwaterOOS=0 (ip=WINaddr:192.168.50.236:6112;), pending=0, dead=0, RS#=0/0
20:47:53.01   RLINK --       host PeerID 1 RELY ack=171 (540ms~93) unack=  0, retry=  0, highwaterOOS=3 (ip=WINaddr:192.168.10.3:6112;), pending=0, dead=0, RS#=170/170
20:47:53.01   RLINK --            PeerID 2 RELY ack=  2 (498ms~20) unack=  0, retry=  0, highwaterOOS=0 (ip=WINaddr:192.168.1.33:6112;), pending=0, dead=0, RS#=2/2
20:47:53.01   RLINK --            PeerID 3 RELY ack=  2 (498ms~20) unack=  0, retry=  0, highwaterOOS=0 (ip=WINaddr:192.168.1.107:6112;), pending=0, dead=0, RS#=2/2
20:47:53.01   RLINK --            PeerID 11 RELY ack=  1 (489ms~0) unack=  0, retry=  0, highwaterOOS=0 (ip=WINaddr:192.168.1.106:6112;), pending=0, dead=0, RS#=1/1
20:47:53.01   RLINK --            PeerID 14 RELY ack=  1 (489ms~0) unack=  0, retry=  0, highwaterOOS=0 (ip=WINaddr:192.168.1.42:6112;), pending=0, dead=0, RS#=1/1
20:47:53.01   RLINK -- MessageCounts: inval=0/0, seek=0/0, join=0/0, ichk=0/0, sk_r=0/0, deny=0/0, Padd=0/0, Pdel=0/0, drop=0/0, data=12/5, mdat=0/0, voip=0/0, rchk=7/0, nudg=19/38, Thdr=7/0, Peer=42/54, PPrx=9/32, ping=0/0, Pfrg=0/0, rely=19/19, lb_p=2/2, lb_c=0/0, cast=0/0, cdat=0/0, sorq1=0/0, sorp=0/0, acto=0/0, spob=0/0, sorq2=0/0
20:47:53.53   RLINK -- SENDING FORCED ACK from Peer 6 to Peer 11 - timeSinceLastAckMS       5225, transmitAckLastTimeMS    3100681 | Peer ---E- M#00000000 Sack00000001 NSack00000000 (C0.0% S:0.0) [  ]
20:47:54.02   RLINK -- [P#6] SrcP# 11 ignoring old retry: 1 expect: 2
20:47:55.95   SPDx9 -- 3997MB available Texture Memory
20:47:59.94   Activating screen: DynamicPopupMenu
20:48:05.52   RLINK -- OnMMT_PlayerSwapSlotReply_To_Player: got reply of 1 to request 3
20:48:05.52   RLINK -- Accepted matchInfo updated 286 from host
20:48:05.54   GetMaxFrameTimeFromProfile: players=8 expected FPS=57.450951, bars=5, max avg=0.015, sd=0.003, 5 samples =  0.01 0.01 0.01 0.02 0.02
20:48:05.65   RLINK -- Accepted matchInfo updated 287 from host
20:48:06.02   RLINK -- Accepted matchInfo updated 289 from host
20:48:06.14   RLINK -- Accepted matchInfo updated 291 from host
20:48:06.26   RLINK -- Accepted matchInfo updated 292 from host
20:48:09.32   Activating screen: RaceSelectionPopup
20:48:10.05   RLINK -- Accepted matchInfo updated 293 from host
20:48:10.07   GetMaxFrameTimeFromProfile: players=8 expected FPS=57.450951, bars=5, max avg=0.015, sd=0.003, 5 samples =  0.01 0.01 0.01 0.02 0.02
20:48:10.16   RLINK -- Accepted matchInfo updated 294 from host
20:48:10.53   RLINK -- Accepted matchInfo updated 296 from host
20:48:10.65   RLINK -- Accepted matchInfo updated 299 from host
20:48:21.00   RLINK -- Transport - median kBPS [hi/cur] sent = 0.1/0.0, recvd = 0.0/0.0, #p/sec[s/r] = 0.0/0.0, max unsent 0, version err 0, merge 0
20:48:45.69   RLINK -- SENDING FORCED ACK from Peer 6 to Peer 14 - timeSinceLastAckMS      37850, transmitAckLastTimeMS    3152836 | Peer ---E- M#00000000 Sack00000002 NSack00000000 (C0.0% S:0.0) [  ]
20:48:46.18   RLINK -- [P#6] SrcP# 14 ignoring old retry: 2 expect: 3
20:48:54.01   RLINK -- local      PeerID 6 LOCL ack=  0 (  0ms~0) unack=  0, retry=  0, highwaterOOS=0 (ip=WINaddr:192.168.50.236:6112;), pending=0, dead=0, RS#=0/0
20:48:54.01   RLINK --       host PeerID 1 RELY ack=189 (580ms~85) unack=  0, retry=  0, highwaterOOS=3 (ip=WINaddr:192.168.10.3:6112;), pending=0, dead=0, RS#=188/188
20:48:54.01   RLINK --            PeerID 2 RELY ack=  3 (484ms~23) unack=  0, retry=  0, highwaterOOS=0 (ip=WINaddr:192.168.1.33:6112;), pending=0, dead=0, RS#=3/3
20:48:54.01   RLINK --            PeerID 3 RELY ack=  3 (484ms~23) unack=  0, retry=  0, highwaterOOS=0 (ip=WINaddr:192.168.1.107:6112;), pending=0, dead=0, RS#=3/3
20:48:54.01   RLINK --            PeerID 11 RELY ack=  2 (479ms~18) unack=  0, retry=  0, highwaterOOS=0 (ip=WINaddr:192.168.1.106:6112;), pending=0, dead=0, RS#=2/2
20:48:54.01   RLINK --            PeerID 14 RELY ack=  2 (541ms~105) unack=  0, retry=  0, highwaterOOS=0 (ip=WINaddr:192.168.1.42:6112;), pending=0, dead=0, RS#=2/2
20:48:54.01   RLINK -- MessageCounts: inval=0/0, seek=0/0, join=0/0, ichk=0/0, sk_r=0/0, deny=0/0, Padd=0/0, Pdel=0/0, drop=0/0, data=22/12, mdat=0/0, voip=0/0, rchk=0/0, nudg=18/38, Thdr=0/0, Peer=45/65, PPrx=20/54, ping=0/0, Pfrg=0/0, rely=18/19, lb_p=2/2, lb_c=0/0, cast=0/0, cdat=0/0, sorq1=0/0, sorp=0/0, acto=0/0, spob=0/0, sorq2=0/0
20:49:07.34   RLINK -- SENDING FORCED ACK from Peer 6 to Peer 11 - timeSinceLastAckMS      59505, transmitAckLastTimeMS    3174491 | Peer ---E- M#00000000 Sack00000002 NSack00000000 (C0.0% S:0.0) [  ]
20:49:17.09   RLINK -- SENDING FORCED ACK from Peer 6 to Peer 14 - timeSinceLastAckMS      31409, transmitAckLastTimeMS    3184245 | Peer ---E- M#00000000 Sack00000003 NSack00000000 (C0.0% S:0.0) [  ]
20:49:17.55   RLINK -- [P#6] SrcP# 14 ignoring old retry: 3 expect: 4
20:49:22.01   RLINK -- Transport - median kBPS [hi/cur] sent = 0.1/0.0, recvd = 0.0/0.0, #p/sec[s/r] = 0.0/0.0, max unsent 0, version err 0, merge 0
20:49:37.22   RLINK -- SENDING FORCED ACK from Peer 6 to Peer 11 - timeSinceLastAckMS      29879, transmitAckLastTimeMS    3204370 | Peer ---E- M#00000000 Sack00000003 NSack00000000 (C0.0% S:0.0) [  ]
20:49:43.85   RLINK -- SENDING FORCED ACK from Peer 6 to Peer 14 - timeSinceLastAckMS      26753, transmitAckLastTimeMS    3210998 | Peer ---E- M#00000000 Sack00000004 NSack00000000 (C0.0% S:0.0) [  ]
20:49:44.33   RLINK -- [P#6] SrcP# 14 ignoring old retry: 4 expect: 5
20:49:44.97   RLINK -- SENDING FORCED ACK from Peer 6 to Peer 3 - timeSinceLastAckMS      97138, transmitAckLastTimeMS    3212124 | Peer ---E- M#00000000 Sack00000001 NSack00000000 (C0.0% S:0.0) [  ]
20:49:45.46   RLINK -- [P#6] SrcP# 3 ignoring old retry: 1 expect: 2
20:49:55.00   RLINK -- local      PeerID 6 LOCL ack=  0 (  0ms~0) unack=  0, retry=  0, highwaterOOS=0 (ip=WINaddr:192.168.50.236:6112;), pending=0, dead=0, RS#=0/0
20:49:55.00   RLINK --       host PeerID 1 RELY ack=189 (580ms~85) unack=  0, retry=  0, highwaterOOS=3 (ip=WINaddr:192.168.10.3:6112;), pending=0, dead=0, RS#=188/188
20:49:55.00   RLINK --            PeerID 2 RELY ack=  3 (484ms~23) unack=  0, retry=  0, highwaterOOS=0 (ip=WINaddr:192.168.1.33:6112;), pending=0, dead=0, RS#=3/3
20:49:55.00   RLINK --            PeerID 3 RELY ack=  3 (484ms~23) unack=  0, retry=  0, highwaterOOS=0 (ip=WINaddr:192.168.1.107:6112;), pending=0, dead=0, RS#=3/3
20:49:55.00   RLINK --            PeerID 11 RELY ack=  2 (479ms~18) unack=  0, retry=  0, highwaterOOS=0 (ip=WINaddr:192.168.1.106:6112;), pending=0, dead=0, RS#=2/2
20:49:55.00   RLINK --            PeerID 14 RELY ack=  2 (541ms~105) unack=  0, retry=  0, highwaterOOS=0 (ip=WINaddr:192.168.1.42:6112;), pending=0, dead=0, RS#=2/2
20:49:55.00   RLINK -- MessageCounts: inval=0/0, seek=0/0, join=0/0, ichk=0/0, sk_r=0/0, deny=0/0, Padd=0/0, Pdel=0/0, drop=0/0, data=0/5, mdat=0/0, voip=0/0, rchk=0/0, nudg=20/40, Thdr=0/0, Peer=28/48, PPrx=5/16, ping=0/0, Pfrg=0/0, rely=20/20, lb_p=3/3, lb_c=0/0, cast=0/0, cdat=0/0, sorq1=0/0, sorp=0/0, acto=0/0, spob=0/0, sorq2=0/0
20:49:56.99   RLINK -- SENDING FORCED ACK from Peer 6 to Peer 14 - timeSinceLastAckMS      13139, transmitAckLastTimeMS    3224137 | Peer ---E- M#00000000 Sack00000005 NSack00000000 (C0.0% S:0.0) [  ]
20:49:57.45   RLINK -- [P#6] SrcP# 14 ignoring old retry: 5 expect: 6
20:50:07.85   RLINK -- SENDING FORCED ACK from Peer 6 to Peer 11 - timeSinceLastAckMS      30631, transmitAckLastTimeMS    3235001 | Peer ---E- M#00000000 Sack00000004 NSack00000000 (C0.0% S:0.0) [  ]
20:50:23.01   RLINK -- Transport - median kBPS [hi/cur] sent = 0.1/0.0, recvd = 0.0/0.0, #p/sec[s/r] = 0.0/0.0, max unsent 0, version err 0, merge 0
20:50:23.74   RLINK -- SENDING FORCED ACK from Peer 6 to Peer 14 - timeSinceLastAckMS      26755, transmitAckLastTimeMS    3250892 | Peer ---E- M#00000000 Sack00000006 NSack00000000 (C0.0% S:0.0) [  ]
20:50:24.20   RLINK -- [P#6] SrcP# 14 ignoring old retry: 6 expect: 7
20:50:29.92   RLINK -- SENDING FORCED ACK from Peer 6 to Peer 1 - timeSinceLastAckMS        516, transmitAckLastTimeMS    3257075 | Peer ---E- M#00000000 Sack00000128 NSack00000000 (C0.0% S:0.0) [  ]
20:50:29.92   RLINK -- Session::PollTransportEvents AddPeerMessage from peer 1 recv'd for unknown peer at address list WINaddr:192.168.0.4:6112;
20:50:29.92   RLINK -- Transport::OpenInternal request to WINaddr:255.255.255.255:6112;
20:50:29.92   RLINK -- Session::CheckAddress - initiating address check for WINaddr:192.168.0.4:6112;
20:50:29.92   RLINK -- Session - highest peerID now : 15
20:50:29.92   RLINK -- ValidateCustomData: called with 1481 bytes of custom data
20:50:29.92   RLINK -- Client accepted Peer 15 into the match at address list = WINaddr:192.168.0.4:6112;, routes =
20:50:29.92   RLINK -- WorldwideAdvertisementService::Process - EVENT_NEWPEER
20:50:29.96   RLINK -- Accepted matchInfo updated 300 from host
20:50:29.97   GetMaxFrameTimeFromProfile: players=8 expected FPS=57.450951, bars=5, max avg=0.015, sd=0.003, 5 samples =  0.01 0.01 0.01 0.02 0.02
20:50:30.01   RLINK -- Session::ProcessCheckAddressList - sending address check to WINaddr:192.168.0.4:6112;
20:50:30.11   RLINK -- Accepted matchInfo updated 302 from host
20:50:30.48   RLINK -- Accepted matchInfo updated 304 from host
20:50:30.59   RLINK -- Accepted matchInfo updated 307 from host
20:50:31.01   RLINK -- Session::ProcessCheckAddressList - sending address check to WINaddr:192.168.0.4:6112;
20:50:32.01   RLINK -- Session::ProcessCheckAddressList - sending address check to WINaddr:192.168.0.4:6112;
20:50:33.01   RLINK -- Session::ProcessCheckAddressList - sending address check to WINaddr:192.168.0.4:6112;
20:50:34.01   RLINK -- Session::ProcessCheckAddressList - sending address check to WINaddr:192.168.0.4:6112;
20:50:34.11   RLINK -- Accepted matchInfo updated 310 from host
20:50:35.02   RLINK -- Session::ProcessCheckAddressList - sending address check to WINaddr:192.168.0.4:6112;
20:50:36.00   RLINK -- Session::ProcessCheckAddressList - sending address check to WINaddr:192.168.0.4:6112;
20:50:37.00   RLINK -- Session::ProcessCheckAddressList - sending address check to WINaddr:192.168.0.4:6112;
20:50:37.93   SPDx9 -- 3997MB available Texture Memory
20:50:38.00   RLINK -- Session::ProcessCheckAddressList - sending address check to WINaddr:192.168.0.4:6112;
20:50:39.00   RLINK -- Session::ProcessCheckAddressList - sending address check to WINaddr:192.168.0.4:6112;
20:50:39.18   Activating screen: DynamicPopupMenu
20:50:39.27   Activating screen: RelicOnlineStatsPopup
20:50:40.00   RLINK -- Session::ProcessCheckAddressList - sending address check to WINaddr:192.168.0.4:6112;
20:50:40.00   RLINK -- Session::ProcessCheckAddressList - address WINaddr:192.168.0.4:6112; timed out
20:50:40.06   RLINK -- SENDING FORCED ACK from Peer 6 to Peer 1 - timeSinceLastAckMS       2948, transmitAckLastTimeMS    3267216 | Peer ---E- M#00000000 Sack00000134 NSack00000000 (C0.0% S:0.0) [  ]
20:50:40.06   RLINK -- Removing peer 15 from session due to REMOVEPEER from host PeerID 1
20:50:40.06   RLINK -- Session::SchedulePeerRemove - Scheduling peerID: 15 to disconnect, reasonCode:4003, reason:OnlinePlayerListEntry::OnClickedKick
20:50:40.07   RLINK -- Session Destroy Peer Event - ReasonID: 4003 ReasonDebug: OnlinePlayerListEntry::OnClickedKick
20:50:40.07   RLINK -- Session::GetEvent DestroyPeer success Peer 15 removed, reasonCode 4003, reasonDebug OnlinePlayerListEntry::OnClickedKick
20:50:40.07   RLINK -- Session::DestroyPeer - deallocating peer 15
20:50:40.07   RLINK -- Session - Requested Disconnect for connectionID 33
20:50:40.07   RLINK -- WorldwideAdvertisementService::Process - EVENT_DESTROYPEER
20:50:40.23   RLINK -- Accepted matchInfo updated 311 from host
20:50:40.26   GetMaxFrameTimeFromProfile: players=8 expected FPS=57.450951, bars=5, max avg=0.015, sd=0.003, 5 samples =  0.01 0.01 0.01 0.02 0.02
20:50:40.34   RLINK -- Accepted matchInfo updated 312 from host
20:50:40.43   RLINK -- Session::PollTransportEvents AddPeerMessage from peer 1 recv'd for unknown peer at address list WINaddr:192.168.0.106:6112;
20:50:40.43   RLINK -- Transport::OpenInternal request to WINaddr:255.255.255.255:6112;
20:50:40.43   RLINK -- Session::CheckAddress - initiating address check for WINaddr:192.168.0.106:6112;
20:50:40.43   RLINK -- Session - highest peerID now : 16
20:50:40.43   RLINK -- ValidateCustomData: called with 881 bytes of custom data
20:50:40.43   RLINK -- Client accepted Peer 16 into the match at address list = WINaddr:192.168.0.106:6112;, routes =
20:50:40.43   RLINK -- WorldwideAdvertisementService::Process - EVENT_NEWPEER
20:50:40.47   RLINK -- Accepted matchInfo updated 313 from host
20:50:40.49   GetMaxFrameTimeFromProfile: players=8 expected FPS=57.450951, bars=5, max avg=0.015, sd=0.003, 5 samples =  0.01 0.01 0.01 0.02 0.02
20:50:40.58   RLINK -- Accepted matchInfo updated 315 from host
20:50:40.61   DataDeactivate - no more things to deactivate. bailing.
20:50:40.75   RLINK -- Accepted matchInfo updated 318 from host
20:50:40.86   RLINK -- Accepted matchInfo updated 320 from host
20:50:40.98   RLINK -- Accepted matchInfo updated 323 from host
20:50:41.01   RLINK -- Session::ProcessCheckAddressList - sending address check to WINaddr:192.168.0.106:6112;
20:50:41.10   RLINK -- Accepted matchInfo updated 325 from host
20:50:41.13   RLINK -- SENDING FORCED ACK from Peer 6 to Peer 3 - timeSinceLastAckMS      56156, transmitAckLastTimeMS    3268280 | Peer ---E- M#00000000 Sack00000002 NSack00000000 (C0.0% S:0.0) [  ]
20:50:42.00   RLINK -- Session::ProcessCheckAddressList - sending address check to WINaddr:192.168.0.106:6112;
20:50:43.01   RLINK -- Session::ProcessCheckAddressList - sending address check to WINaddr:192.168.0.106:6112;
20:50:44.01   RLINK -- Session::ProcessCheckAddressList - sending address check to WINaddr:192.168.0.106:6112;
20:50:45.01   RLINK -- Session::ProcessCheckAddressList - sending address check to WINaddr:192.168.0.106:6112;
20:50:45.12   RLINK -- Accepted matchInfo updated 327 from host
20:50:45.24   RLINK -- Accepted matchInfo updated 328 from host
20:50:46.01   RLINK -- Session::ProcessCheckAddressList - sending address check to WINaddr:192.168.0.106:6112;
20:50:47.02   RLINK -- Session::ProcessCheckAddressList - sending address check to WINaddr:192.168.0.106:6112;
20:50:48.02   RLINK -- Session::ProcessCheckAddressList - sending address check to WINaddr:192.168.0.106:6112;
20:50:49.01   RLINK -- Session::ProcessCheckAddressList - sending address check to WINaddr:192.168.0.106:6112;
20:50:50.01   RLINK -- Session::ProcessCheckAddressList - sending address check to WINaddr:192.168.0.106:6112;
20:50:51.02   RLINK -- Session::ProcessCheckAddressList - sending address check to WINaddr:192.168.0.106:6112;
20:50:51.02   RLINK -- Session::ProcessCheckAddressList - address WINaddr:192.168.0.106:6112; timed out
20:50:56.00   RLINK -- local      PeerID 6 LOCL ack=  0 (  0ms~0) unack=  0, retry=  0, highwaterOOS=0 (ip=WINaddr:192.168.50.236:6112;), pending=0, dead=0, RS#=0/0
20:50:56.00   RLINK --       host PeerID 1 RELY ack=213 (593ms~80) unack=  0, retry=  0, highwaterOOS=3 (ip=WINaddr:192.168.10.3:6112;), pending=0, dead=0, RS#=212/212
20:50:56.00   RLINK --            PeerID 2 RELY ack=  3 (484ms~23) unack=  0, retry=  0, highwaterOOS=0 (ip=WINaddr:192.168.1.33:6112;), pending=0, dead=0, RS#=3/3
20:50:56.00   RLINK --            PeerID 3 RELY ack=  3 (484ms~23) unack=  0, retry=  0, highwaterOOS=0 (ip=WINaddr:192.168.1.107:6112;), pending=0, dead=0, RS#=3/3
20:50:56.00   RLINK --            PeerID 11 RELY ack=  2 (479ms~18) unack=  0, retry=  0, highwaterOOS=0 (ip=WINaddr:192.168.1.106:6112;), pending=0, dead=0, RS#=2/2
20:50:56.00   RLINK --            PeerID 14 RELY ack=  2 (541ms~105) unack=  0, retry=  0, highwaterOOS=0 (ip=WINaddr:192.168.1.42:6112;), pending=0, dead=0, RS#=2/2
20:50:56.00   RLINK --            PeerID 16 RELY ack=  0 (  0ms~0) unack=  0, retry=  0, highwaterOOS=0 (ip=WINaddr:192.168.0.106:6112;), pending=0, dead=0, RS#=0/0
20:50:56.00   RLINK -- MessageCounts: inval=0/0, seek=0/0, join=0/2, ichk=0/0, sk_r=0/0, deny=0/0, Padd=0/4, Pdel=0/2, drop=0/2, data=24/19, mdat=0/0, voip=0/0, rchk=24/0, nudg=19/38, Thdr=22/0, Peer=69/76, PPrx=30/56, ping=0/0, Pfrg=0/0, rely=19/24, lb_p=2/2, lb_c=0/0, cast=0/0, cdat=0/0, sorq1=0/0, sorp=0/0, acto=0/0, spob=0/0, sorq2=0/0
20:51:02.76   Re-winding a compressed stream for file 'data:sound\wav\music\frontend\opening_ambience_tg\opening_ambience_with_birds.smf'.  Expensive operation
20:51:04.90   RLINK -- SENDING FORCED ACK from Peer 6 to Peer 14 - timeSinceLastAckMS      41160, transmitAckLastTimeMS    3292052 | Peer ---E- M#00000000 Sack00000007 NSack00000000 (C0.0% S:0.0) [  ]
20:51:05.35   RLINK -- [P#6] SrcP# 14 ignoring old retry: 7 expect: 8
20:51:14.59   RLINK -- SENDING FORCED ACK from Peer 6 to Peer 16 - timeSinceLastAckMS       1890, transmitAckLastTimeMS    3301744 | Peer ---E- M#00000000 Sack00000002 NSack00000000 (C0.0% S:0.0) [  ]
20:51:14.59   RLINK -- Session::ProcessPeerMessages - Got DROPOUT from peer 16
20:51:14.59   RLINK -- Session::ProcessPeerMessages - Got DROPOUT from peer 16
20:51:14.84   RLINK -- SENDING FORCED ACK from Peer 6 to Peer 1 - timeSinceLastAckMS       2134, transmitAckLastTimeMS    3301988 | Peer ---E- M#00000000 Sack00000146 NSack00000000 (C0.0% S:0.0) [  ]
20:51:14.84   RLINK -- Removing peer 16 from session due to REMOVEPEER from host PeerID 1
20:51:14.84   RLINK -- Session::SchedulePeerRemove - Scheduling peerID: 16 to disconnect, reasonCode:1005, reason:clicked back
20:51:14.84   RLINK -- Session Destroy Peer Event - ReasonID: 1005 ReasonDebug: clicked back
20:51:14.84   RLINK -- Session::GetEvent DestroyPeer success Peer 16 removed, reasonCode 1005, reasonDebug clicked back
20:51:14.84   RLINK -- Session::DestroyPeer - deallocating peer 16
20:51:14.84   RLINK -- Session - Requested Disconnect for connectionID 34
20:51:14.84   RLINK -- WorldwideAdvertisementService::Process - EVENT_DESTROYPEER
20:51:14.88   RLINK -- Accepted matchInfo updated 329 from host
20:51:14.90   GetMaxFrameTimeFromProfile: players=8 expected FPS=57.450951, bars=5, max avg=0.015, sd=0.003, 5 samples =  0.01 0.01 0.01 0.02 0.02
20:51:14.99   RLINK -- Accepted matchInfo updated 330 from host
20:51:15.36   RLINK -- Accepted matchInfo updated 331 from host
20:51:15.52   RLINK -- Accepted matchInfo updated 335 from host
20:51:15.90   RLINK -- SENDING FORCED ACK from Peer 6 to Peer 14 - timeSinceLastAckMS       3201, transmitAckLastTimeMS    3303055 | Peer ---E- M#00000000 Sack00000008 NSack00000000 (C0.0% S:0.0) [  ]
20:51:16.36   RLINK -- [P#6] SrcP# 14 ignoring old retry: 8 expect: 9
20:51:24.00   RLINK -- Transport - median kBPS [hi/cur] sent = 0.1/0.0, recvd = 0.0/0.0, #p/sec[s/r] = 0.4/0.0, max unsent 0, version err 0, merge 0
20:51:27.04   RLINK -- SENDING FORCED ACK from Peer 6 to Peer 3 - timeSinceLastAckMS      14334, transmitAckLastTimeMS    3314188 | Peer ---E- M#00000000 Sack00000003 NSack00000000 (C0.0% S:0.0) [  ]
20:51:33.65   RLINK -- SENDING FORCED ACK from Peer 6 to Peer 14 - timeSinceLastAckMS       5873, transmitAckLastTimeMS    3320804 | Peer ---E- M#00000000 Sack00000009 NSack00000000 (C0.0% S:0.0) [  ]
20:51:37.16   RLINK -- SENDING FORCED ACK from Peer 6 to Peer 14 - timeSinceLastAckMS       3511, transmitAckLastTimeMS    3324315 | Peer ---E- M#00000000 Sack00000010 NSack00000000 (C0.0% S:0.0) [  ]
20:51:42.30   RLINK -- SENDING FORCED ACK from Peer 6 to Peer 14 - timeSinceLastAckMS       5138, transmitAckLastTimeMS    3329453 | Peer ---E- M#00000000 Sack00000011 NSack00000000 (C0.0% S:0.0) [  ]
20:51:43.97   RLINK -- SENDING FORCED ACK from Peer 6 to Peer 1 - timeSinceLastAckMS       1126, transmitAckLastTimeMS    3331121 | Peer ---E- M#00000000 Sack00000151 NSack00000000 (C0.0% S:0.0) [  ]
20:51:43.97   RLINK -- Session::PollTransportEvents AddPeerMessage from peer 1 recv'd for unknown peer at address list WINaddr:192.168.1.147:6112;
20:51:43.97   RLINK -- Transport::OpenInternal request to WINaddr:255.255.255.255:6112;
20:51:43.97   RLINK -- Session::CheckAddress - initiating address check for WINaddr:192.168.1.147:6112;
20:51:43.97   RLINK -- Session - highest peerID now : 17
20:51:43.98   RLINK -- ValidateCustomData: called with 915 bytes of custom data
20:51:43.98   RLINK -- Client accepted Peer 17 into the match at address list = WINaddr:192.168.1.147:6112;, routes =
20:51:43.98   RLINK -- WorldwideAdvertisementService::Process - EVENT_NEWPEER
20:51:44.00   RLINK -- Session::ProcessCheckAddressList - sending address check to WINaddr:192.168.1.147:6112;
20:51:44.00   RLINK -- Accepted matchInfo updated 336 from host
20:51:44.03   GetMaxFrameTimeFromProfile: players=8 expected FPS=57.450951, bars=5, max avg=0.015, sd=0.003, 5 samples =  0.01 0.01 0.01 0.02 0.02
20:51:44.12   RLINK -- Accepted matchInfo updated 337 from host
20:51:44.53   RLINK -- Accepted matchInfo updated 338 from host
20:51:44.65   RLINK -- Accepted matchInfo updated 342 from host
20:51:44.89   RLINK -- Accepted matchInfo updated 345 from host
20:51:45.01   RLINK -- Session::ProcessCheckAddressList - sending address check to WINaddr:192.168.1.147:6112;
20:51:46.02   RLINK -- Session::ProcessCheckAddressList - sending address check to WINaddr:192.168.1.147:6112;
20:51:46.08   RLINK -- SENDING RETRY - Peer 6 to Peer 17 retryTimeMS        500 oneMsg.lastTransmitTime    3332725, timeSinceLastTransmitMS        502 | Peer RS--- M#00000001 Sack00000000 NSack00000000 (C0.0% S:0.0) [ PKT SIZE:61 data DestChannel:�f�, Size:57  ]
20:51:47.02   RLINK -- Session::ProcessCheckAddressList - sending address check to WINaddr:192.168.1.147:6112;
20:51:48.00   RLINK -- Session::ProcessCheckAddressList - sending address check to WINaddr:192.168.1.147:6112;
20:51:49.00   RLINK -- Session::ProcessCheckAddressList - sending address check to WINaddr:192.168.1.147:6112;
20:51:49.91   RLINK -- SENDING FORCED ACK from Peer 6 to Peer 14 - timeSinceLastAckMS       4337, transmitAckLastTimeMS    3337062 | Peer ---E- M#00000000 Sack00000012 NSack00000000 (C0.0% S:0.0) [  ]
20:51:50.00   RLINK -- Session::ProcessCheckAddressList - sending address check to WINaddr:192.168.1.147:6112;
20:51:50.67   RLINK -- SENDING FORCED ACK from Peer 6 to Peer 3 - timeSinceLastAckMS       5097, transmitAckLastTimeMS    3337822 | Peer ---E- M#00000000 Sack00000004 NSack00000000 (C0.0% S:0.0) [  ]
20:51:51.01   RLINK -- Session::ProcessCheckAddressList - sending address check to WINaddr:192.168.1.147:6112;
20:51:51.22   RLINK -- SENDING FORCED ACK from Peer 6 to Peer 1 - timeSinceLastAckMS       2644, transmitAckLastTimeMS    3338370 | Peer ---E- M#00000000 Sack00000157 NSack00000000 (C0.0% S:0.0) [  ]
20:51:51.22   RLINK -- Removing peer 17 from session due to REMOVEPEER from host PeerID 1
20:51:51.22   RLINK -- Session::SchedulePeerRemove - Scheduling peerID: 17 to disconnect, reasonCode:4003, reason:OnlinePlayerListEntry::OnClickedKick
20:51:51.22   RLINK -- Session Destroy Peer Event - ReasonID: 4003 ReasonDebug: OnlinePlayerListEntry::OnClickedKick
20:51:51.22   RLINK -- Session::GetEvent DestroyPeer success Peer 17 removed, reasonCode 4003, reasonDebug OnlinePlayerListEntry::OnClickedKick
20:51:51.22   RLINK -- Session::DestroyPeer - deallocating peer 17
20:51:51.22   RLINK -- Session - Requested Disconnect for connectionID 35
20:51:51.22   RLINK -- WorldwideAdvertisementService::Process - EVENT_DESTROYPEER
20:51:51.26   RLINK -- Accepted matchInfo updated 346 from host
20:51:51.28   GetMaxFrameTimeFromProfile: players=8 expected FPS=57.450951, bars=5, max avg=0.015, sd=0.003, 5 samples =  0.01 0.01 0.01 0.02 0.02
20:51:51.41   RLINK -- Accepted matchInfo updated 347 from host
20:51:51.78   RLINK -- Accepted matchInfo updated 351 from host
20:51:51.89   RLINK -- Accepted matchInfo updated 352 from host
20:51:52.01   RLINK -- Session::ProcessCheckAddressList - sending address check to WINaddr:192.168.1.147:6112;
20:51:53.01   RLINK -- Session::ProcessCheckAddressList - sending address check to WINaddr:192.168.1.147:6112;
20:51:53.26   RLINK -- Accepted matchInfo updated 353 from host
20:51:53.28   GetMaxFrameTimeFromProfile: players=8 expected FPS=57.450951, bars=5, max avg=0.015, sd=0.003, 5 samples =  0.01 0.01 0.01 0.02 0.02
20:51:53.38   RLINK -- Accepted matchInfo updated 354 from host
20:51:53.77   RLINK -- Accepted matchInfo updated 357 from host
20:51:53.90   RLINK -- Accepted matchInfo updated 359 from host
20:51:54.01   RLINK -- Session::ProcessCheckAddressList - sending address check to WINaddr:192.168.1.147:6112;
20:51:54.01   RLINK -- Session::ProcessCheckAddressList - address WINaddr:192.168.1.147:6112; timed out
20:51:57.02   RLINK -- local      PeerID 6 LOCL ack=  0 (  0ms~0) unack=  0, retry=  0, highwaterOOS=0 (ip=WINaddr:192.168.50.236:6112;), pending=0, dead=0, RS#=0/0
20:51:57.02   RLINK --       host PeerID 1 RELY ack=246 (594ms~75) unack=  0, retry=  0, highwaterOOS=3 (ip=WINaddr:192.168.10.3:6112;), pending=0, dead=0, RS#=245/245
20:51:57.02   RLINK --            PeerID 2 RELY ack=  7 (499ms~88) unack=  0, retry=  0, highwaterOOS=0 (ip=WINaddr:192.168.1.33:6112;), pending=0, dead=0, RS#=7/7
20:51:57.02   RLINK --            PeerID 3 RELY ack=  7 (477ms~24) unack=  0, retry=  0, highwaterOOS=0 (ip=WINaddr:192.168.1.107:6112;), pending=0, dead=0, RS#=7/7
20:51:57.02   RLINK --            PeerID 11 RELY ack=  6 (476ms~23) unack=  0, retry=  0, highwaterOOS=0 (ip=WINaddr:192.168.1.106:6112;), pending=0, dead=0, RS#=6/6
20:51:57.02   RLINK --            PeerID 14 RELY ack=  6 (545ms~101) unack=  0, retry=  0, highwaterOOS=0 (ip=WINaddr:192.168.1.42:6112;), pending=0, dead=0, RS#=6/6
20:51:57.02   RLINK -- MessageCounts: inval=0/0, seek=0/0, join=0/1, ichk=0/0, sk_r=0/0, deny=0/0, Padd=0/2, Pdel=0/4, drop=0/6, data=52/27, mdat=0/0, voip=0/0, rchk=12/0, nudg=16/36, Thdr=11/0, Peer=88/110, PPrx=46/122, ping=0/0, Pfrg=0/0, rely=16/25, lb_p=2/2, lb_c=0/0, cast=0/0, cdat=0/0, sorq1=0/0, sorp=0/0, acto=0/0, spob=0/0, sorq2=0/0
20:52:07.89   Re-winding a compressed stream for file 'data:sound\wav\music\frontend\opening_ambience_tg\opening_ambience_with_birds.smf'.  Expensive operation
20:52:10.68   RLINK -- SENDING FORCED ACK from Peer 6 to Peer 14 - timeSinceLastAckMS        279, transmitAckLastTimeMS    3357833 | Peer ---E- M#00000000 Sack00000013 NSack00000000 (C0.0% S:0.0) [  ]
20:52:22.40   RLINK -- Accepted matchInfo updated 360 from host
20:52:22.42   GetMaxFrameTimeFromProfile: players=8 expected FPS=57.450951, bars=5, max avg=0.015, sd=0.003, 5 samples =  0.01 0.01 0.01 0.02 0.02
20:52:22.55   RLINK -- Accepted matchInfo updated 361 from host
20:52:22.91   RLINK -- Accepted matchInfo updated 365 from host
20:52:23.03   RLINK -- Accepted matchInfo updated 366 from host
20:52:25.01   RLINK -- Transport - median kBPS [hi/cur] sent = 0.1/0.0, recvd = 0.0/0.0, #p/sec[s/r] = 0.2/0.0, max unsent 0, version err 0, merge 0
20:52:26.80   RLINK -- SENDING FORCED ACK from Peer 6 to Peer 14 - timeSinceLastAckMS      16123, transmitAckLastTimeMS    3373956 | Peer ---E- M#00000000 Sack00000014 NSack00000000 (C0.0% S:0.0) [  ]
20:52:28.94   RLINK -- SENDING FORCED ACK from Peer 6 to Peer 2 - timeSinceLastAckMS        563, transmitAckLastTimeMS    3376092 | Peer ---E- M#00000000 Sack00000001 NSack00000000 (C0.0% S:0.0) [  ]
20:52:29.40   RLINK -- [P#6] SrcP# 2 ignoring old retry: 1 expect: 2
20:52:30.70   RLINK -- SENDING FORCED ACK from Peer 6 to Peer 2 - timeSinceLastAckMS       1764, transmitAckLastTimeMS    3377856 | Peer ---E- M#00000000 Sack00000002 NSack00000000 (C0.0% S:0.0) [  ]
20:52:31.16   RLINK -- [P#6] SrcP# 2 ignoring old retry: 2 expect: 3
20:52:38.45   RLINK -- SENDING FORCED ACK from Peer 6 to Peer 11 - timeSinceLastAckMS      10074, transmitAckLastTimeMS    3385603 | Peer ---E- M#00000000 Sack00000005 NSack00000000 (C0.0% S:0.0) [  ]
20:52:48.21   RLINK -- SENDING FORCED ACK from Peer 6 to Peer 14 - timeSinceLastAckMS      19828, transmitAckLastTimeMS    3395357 | Peer ---E- M#00000000 Sack00000015 NSack00000000 (C0.0% S:0.0) [  ]
20:52:53.70   RLINK -- SENDING FORCED ACK from Peer 6 to Peer 14 - timeSinceLastAckMS       5494, transmitAckLastTimeMS    3400851 | Peer ---E- M#00000000 Sack00000016 NSack00000000 (C0.0% S:0.0) [  ]
20:52:58.02   RLINK -- local      PeerID 6 LOCL ack=  0 (  0ms~0) unack=  0, retry=  0, highwaterOOS=0 (ip=WINaddr:192.168.50.236:6112;), pending=0, dead=0, RS#=0/0
20:52:58.02   RLINK --       host PeerID 1 RELY ack=256 (518ms~127) unack=  0, retry=  0, highwaterOOS=3 (ip=WINaddr:192.168.10.3:6112;), pending=0, dead=0, RS#=255/255
20:52:58.02   RLINK --            PeerID 2 RELY ack= 10 (466ms~59) unack=  0, retry=  0, highwaterOOS=0 (ip=WINaddr:192.168.1.33:6112;), pending=0, dead=0, RS#=10/10
20:52:58.02   RLINK --            PeerID 3 RELY ack= 10 (463ms~49) unack=  0, retry=  0, highwaterOOS=0 (ip=WINaddr:192.168.1.107:6112;), pending=0, dead=0, RS#=10/10
20:52:58.02   RLINK --            PeerID 11 RELY ack=  9 (463ms~49) unack=  0, retry=  0, highwaterOOS=0 (ip=WINaddr:192.168.1.106:6112;), pending=0, dead=0, RS#=9/9
20:52:58.02   RLINK --            PeerID 14 RELY ack=  9 (487ms~70) unack=  0, retry=  0, highwaterOOS=0 (ip=WINaddr:192.168.1.42:6112;), pending=0, dead=0, RS#=9/9
20:52:58.02   RLINK -- MessageCounts: inval=0/0, seek=0/0, join=0/0, ichk=0/0, sk_r=0/0, deny=0/0, Padd=0/0, Pdel=0/0, drop=0/0, data=22/11, mdat=0/0, voip=0/0, rchk=0/0, nudg=17/38, Thdr=0/0, Peer=47/68, PPrx=17/60, ping=0/0, Pfrg=0/0, rely=17/19, lb_p=3/3, lb_c=0/0, cast=0/0, cdat=0/0, sorq1=0/0, sorp=0/0, acto=0/0, spob=0/0, sorq2=0/0
20:53:12.68   Re-winding a compressed stream for file 'data:sound\wav\music\frontend\opening_ambience_tg\opening_ambience_with_birds.smf'.  Expensive operation
20:53:13.91   RLINK -- Session::PollTransportEvents AddPeerMessage from peer 1 recv'd for unknown peer at address list WINaddr:192.168.91.212:6112;
20:53:13.91   RLINK -- Transport::OpenInternal request to WINaddr:255.255.255.255:6112;
20:53:13.91   RLINK -- Session::CheckAddress - initiating address check for WINaddr:192.168.91.212:6112;
20:53:13.91   RLINK -- Session - highest peerID now : 18
20:53:13.92   RLINK -- ValidateCustomData: called with 1849 bytes of custom data
20:53:13.92   RLINK -- Client accepted Peer 18 into the match at address list = WINaddr:192.168.91.212:6112;, routes =
20:53:13.92   RLINK -- WorldwideAdvertisementService::Process - EVENT_NEWPEER
20:53:13.94   RLINK -- SENDING FORCED ACK from Peer 6 to Peer 1 - timeSinceLastAckMS        276, transmitAckLastTimeMS    3421093 | Peer ---E- M#00000000 Sack00000170 NSack00000000 (C0.0% S:0.0) [  ]
20:53:13.95   RLINK -- Accepted matchInfo updated 367 from host
20:53:13.97   GetMaxFrameTimeFromProfile: players=8 expected FPS=57.450951, bars=5, max avg=0.015, sd=0.003, 5 samples =  0.01 0.01 0.01 0.02 0.02
20:53:14.00   RLINK -- Session::ProcessCheckAddressList - sending address check to WINaddr:192.168.91.212:6112;
20:53:14.07   RLINK -- Accepted matchInfo updated 368 from host
20:53:14.43   RLINK -- Accepted matchInfo updated 370 from host
20:53:14.56   RLINK -- Accepted matchInfo updated 373 from host
20:53:15.01   RLINK -- Session::ProcessCheckAddressList - sending address check to WINaddr:192.168.91.212:6112;
20:53:16.01   RLINK -- Session::ProcessCheckAddressList - sending address check to WINaddr:192.168.91.212:6112;
20:53:17.02   RLINK -- Session::ProcessCheckAddressList - sending address check to WINaddr:192.168.91.212:6112;
20:53:18.02   RLINK -- Session::ProcessCheckAddressList - sending address check to WINaddr:192.168.91.212:6112;
20:53:18.06   RLINK -- Accepted matchInfo updated 376 from host
20:53:18.82   RLINK -- SENDING RETRY - Peer 6 to Peer 18 retryTimeMS        500 oneMsg.lastTransmitTime    3425447, timeSinceLastTransmitMS        521 | Peer RS--- M#00000001 Sack00000000 NSack00000000 (C0.0% S:0.0) [ PKT SIZE:59 data DestChannel:�W�, Size:55  ]
20:53:19.00   RLINK -- Session::ProcessCheckAddressList - sending address check to WINaddr:192.168.91.212:6112;
20:53:20.01   RLINK -- Session::ProcessCheckAddressList - sending address check to WINaddr:192.168.91.212:6112;
20:53:20.20   RLINK -- Accepted matchInfo updated 377 from host
20:53:20.23   GetMaxFrameTimeFromProfile: players=8 expected FPS=57.450951, bars=5, max avg=0.015, sd=0.003, 5 samples =  0.01 0.01 0.01 0.02 0.02
20:53:20.31   RLINK -- Accepted matchInfo updated 378 from host
20:53:20.68   RLINK -- Accepted matchInfo updated 380 from host
20:53:20.93   RLINK -- Accepted matchInfo updated 384 from host
20:53:20.95   RLINK -- SENDING FORCED ACK from Peer 6 to Peer 14 - timeSinceLastAckMS       2656, transmitAckLastTimeMS    3428103 | Peer ---E- M#00000000 Sack00000017 NSack00000000 (C0.0% S:0.0) [  ]
20:53:21.01   RLINK -- Session::ProcessCheckAddressList - sending address check to WINaddr:192.168.91.212:6112;
20:53:22.02   RLINK -- Session::ProcessCheckAddressList - sending address check to WINaddr:192.168.91.212:6112;
20:53:23.02   RLINK -- Session::ProcessCheckAddressList - sending address check to WINaddr:192.168.91.212:6112;
20:53:24.00   RLINK -- Session::ProcessCheckAddressList - sending address check to WINaddr:192.168.91.212:6112;
20:53:24.00   RLINK -- Session::ProcessCheckAddressList - address WINaddr:192.168.91.212:6112; timed out
20:53:25.22   RLINK -- SENDING FORCED ACK from Peer 6 to Peer 14 - timeSinceLastAckMS       4265, transmitAckLastTimeMS    3432368 | Peer ---E- M#00000000 Sack00000018 NSack00000000 (C0.0% S:0.0) [  ]
20:53:26.01   RLINK -- Transport - median kBPS [hi/cur] sent = 0.1/0.0, recvd = 0.0/0.0, #p/sec[s/r] = 0.2/0.0, max unsent 0, version err 0, merge 0
20:53:32.84   RLINK -- SENDING FORCED ACK from Peer 6 to Peer 14 - timeSinceLastAckMS       7621, transmitAckLastTimeMS    3439989 | Peer ---E- M#00000000 Sack00000019 NSack00000000 (C0.0% S:0.0) [  ]
20:53:37.86   RLINK -- SENDING FORCED ACK from Peer 6 to Peer 14 - timeSinceLastAckMS       5022, transmitAckLastTimeMS    3445011 | Peer ---E- M#00000000 Sack00000020 NSack00000000 (C0.0% S:0.0) [  ]
20:53:59.01   RLINK -- local      PeerID 6 LOCL ack=  0 (  0ms~0) unack=  0, retry=  0, highwaterOOS=0 (ip=WINaddr:192.168.50.236:6112;), pending=0, dead=0, RS#=0/0
20:53:59.01   RLINK --       host PeerID 1 RELY ack=272 (571ms~84) unack=  0, retry=  0, highwaterOOS=3 (ip=WINaddr:192.168.10.3:6112;), pending=0, dead=0, RS#=271/271
20:53:59.01   RLINK --            PeerID 2 RELY ack= 11 (508ms~71) unack=  0, retry=  0, highwaterOOS=0 (ip=WINaddr:192.168.1.33:6112;), pending=0, dead=0, RS#=11/11
20:53:59.01   RLINK --            PeerID 3 RELY ack= 11 (506ms~68) unack=  0, retry=  0, highwaterOOS=0 (ip=WINaddr:192.168.1.107:6112;), pending=0, dead=0, RS#=11/11
20:53:59.01   RLINK --            PeerID 11 RELY ack= 10 (506ms~68) unack=  0, retry=  0, highwaterOOS=0 (ip=WINaddr:192.168.1.106:6112;), pending=0, dead=0, RS#=10/10
20:53:59.01   RLINK --            PeerID 14 RELY ack= 10 (518ms~67) unack=  0, retry=  0, highwaterOOS=0 (ip=WINaddr:192.168.1.42:6112;), pending=0, dead=0, RS#=10/10
20:53:59.01   RLINK --            PeerID 18 RELY ack=  1 (  0ms~0) unack=  0, retry=  1, highwaterOOS=0 (ip=WINaddr:192.168.91.212:6112;), pending=0, dead=0, RS#=1/1
20:53:59.01   RLINK -- MessageCounts: inval=0/0, seek=0/0, join=0/1, ichk=0/0, sk_r=0/0, deny=0/0, Padd=0/2, Pdel=0/0, drop=0/0, data=21/15, mdat=0/0, voip=0/0, rchk=12/0, nudg=19/36, Thdr=11/0, Peer=54/63, PPrx=22/48, ping=0/0, Pfrg=0/0, rely=19/19, lb_p=2/2, lb_c=0/0, cast=0/0, cdat=0/0, sorq1=0/0, sorp=0/0, acto=0/0, spob=0/0, sorq2=0/0
20:54:04.48   RLINK -- SENDING FORCED ACK from Peer 6 to Peer 14 - timeSinceLastAckMS      26617, transmitAckLastTimeMS    3471628 | Peer ---E- M#00000000 Sack00000021 NSack00000000 (C0.0% S:0.0) [  ]
20:54:09.19   RLINK -- Session::PollTransportEvents AddPeerMessage from peer 1 recv'd for unknown peer at address list WINaddr:192.168.1.146:6112;
20:54:09.19   RLINK -- Transport::OpenInternal request to WINaddr:255.255.255.255:6112;
20:54:09.19   RLINK -- Session::CheckAddress - initiating address check for WINaddr:192.168.1.146:6112;
20:54:09.19   RLINK -- Session - highest peerID now : 19
20:54:09.20   RLINK -- ValidateCustomData: called with 1623 bytes of custom data
20:54:09.20   RLINK -- Client accepted Peer 19 into the match at address list = WINaddr:192.168.1.146:6112;, routes =
20:54:09.20   RLINK -- WorldwideAdvertisementService::Process - EVENT_NEWPEER
20:54:09.22   RLINK -- Accepted matchInfo updated 385 from host
20:54:09.24   GetMaxFrameTimeFromProfile: players=8 expected FPS=57.450951, bars=5, max avg=0.015, sd=0.003, 5 samples =  0.01 0.01 0.01 0.02 0.02
20:54:09.35   RLINK -- Accepted matchInfo updated 387 from host
20:54:09.73   RLINK -- Accepted matchInfo updated 392 from host
20:54:09.83   RLINK -- Accepted matchInfo updated 393 from host
20:54:10.01   RLINK -- Session::ProcessCheckAddressList - sending address check to WINaddr:192.168.1.146:6112;
20:54:11.01   RLINK -- Session::ProcessCheckAddressList - sending address check to WINaddr:192.168.1.146:6112;
20:54:12.01   RLINK -- Session::ProcessCheckAddressList - sending address check to WINaddr:192.168.1.146:6112;
20:54:13.01   RLINK -- Session::ProcessCheckAddressList - sending address check to WINaddr:192.168.1.146:6112;
20:54:13.47   RLINK -- Accepted matchInfo updated 395 from host
20:54:13.59   RLINK -- Accepted matchInfo updated 396 from host
20:54:14.02   RLINK -- Session::ProcessCheckAddressList - sending address check to WINaddr:192.168.1.146:6112;
20:54:15.00   RLINK -- Session::ProcessCheckAddressList - sending address check to WINaddr:192.168.1.146:6112;
20:54:15.59   RLINK -- Accepted matchInfo updated 397 from host
20:54:16.01   RLINK -- Session::ProcessCheckAddressList - sending address check to WINaddr:192.168.1.146:6112;
20:54:17.02   RLINK -- Session::ProcessCheckAddressList - sending address check to WINaddr:192.168.1.146:6112;
20:54:17.84   Re-winding a compressed stream for file 'data:sound\wav\music\frontend\opening_ambience_tg\opening_ambience_with_birds.smf'.  Expensive operation
20:54:18.00   RLINK -- Session::ProcessCheckAddressList - sending address check to WINaddr:192.168.1.146:6112;
20:54:19.01   RLINK -- Session::ProcessCheckAddressList - sending address check to WINaddr:192.168.1.146:6112;
20:54:20.01   RLINK -- Session::ProcessCheckAddressList - sending address check to WINaddr:192.168.1.146:6112;
20:54:20.01   RLINK -- Session::ProcessCheckAddressList - address WINaddr:192.168.1.146:6112; timed out
20:54:20.50   RLINK -- SENDING FORCED ACK from Peer 6 to Peer 14 - timeSinceLastAckMS      16024, transmitAckLastTimeMS    3487652 | Peer ---E- M#00000000 Sack00000022 NSack00000000 (C0.0% S:0.0) [  ]
20:54:27.01   RLINK -- Transport - median kBPS [hi/cur] sent = 0.1/0.0, recvd = 0.0/0.0, #p/sec[s/r] = 0.2/0.0, max unsent 0, version err 0, merge 0
20:54:29.75   RLINK -- SENDING FORCED ACK from Peer 6 to Peer 11 - timeSinceLastAckMS      71455, transmitAckLastTimeMS    3496902 | Peer ---E- M#00000000 Sack00000006 NSack00000000 (C0.0% S:0.0) [  ]
20:54:33.50   RLINK -- SENDING FORCED ACK from Peer 6 to Peer 11 - timeSinceLastAckMS       3745, transmitAckLastTimeMS    3500647 | Peer ---E- M#00000000 Sack00000007 NSack00000000 (C0.0% S:0.0) [  ]
20:54:36.13   RLINK -- Accepted matchInfo updated 398 from host
20:54:36.15   RLINK -- SENDING FORCED ACK from Peer 6 to Peer 11 - timeSinceLastAckMS       2650, transmitAckLastTimeMS    3503297 | Peer ---E- M#00000000 Sack00000008 NSack00000000 (C0.0% S:0.0) [  ]
20:54:43.13   RLINK -- SENDING FORCED ACK from Peer 6 to Peer 11 - timeSinceLastAckMS       6988, transmitAckLastTimeMS    3510285 | Peer ---E- M#00000000 Sack00000009 NSack00000000 (C0.0% S:0.0) [  ]
20:54:44.50   RLINK -- SENDING FORCED ACK from Peer 6 to Peer 14 - timeSinceLastAckMS      24001, transmitAckLastTimeMS    3511653 | Peer ---E- M#00000000 Sack00000023 NSack00000000 (C0.0% S:0.0) [  ]
20:54:51.12   RLINK -- SENDING FORCED ACK from Peer 6 to Peer 1 - timeSinceLastAckMS       2932, transmitAckLastTimeMS    3518275 | Peer ---E- M#00000000 Sack00000189 NSack00000000 (C0.0% S:0.0) [  ]
20:54:51.40   RLINK -- SENDING FORCED ACK from Peer 6 to Peer 14 - timeSinceLastAckMS       6895, transmitAckLastTimeMS    3518548 | Peer ---E- M#00000000 Sack00000024 NSack00000000 (C0.0% S:0.0) [  ]
20:54:54.25   RLINK -- SENDING FORCED ACK from Peer 6 to Peer 14 - timeSinceLastAckMS       2855, transmitAckLastTimeMS    3521403 | Peer ---E- M#00000000 Sack00000025 NSack00000000 (C0.0% S:0.0) [  ]
20:54:55.23   RLINK -- Accepted matchInfo updated 399 from host
20:55:00.02   RLINK -- SENDING FORCED ACK from Peer 6 to Peer 11 - timeSinceLastAckMS      16882, transmitAckLastTimeMS    3527167 | Peer ---E- M#00000000 Sack00000010 NSack00000000 (C0.0% S:0.0) [  ]
20:55:00.02   RLINK -- local      PeerID 6 LOCL ack=  0 (  0ms~0) unack=  0, retry=  0, highwaterOOS=0 (ip=WINaddr:192.168.50.236:6112;), pending=0, dead=0, RS#=0/0
20:55:00.02   RLINK --       host PeerID 1 RELY ack=285 (541ms~20) unack=  0, retry=  0, highwaterOOS=3 (ip=WINaddr:192.168.10.3:6112;), pending=0, dead=0, RS#=284/284
20:55:00.02   RLINK --            PeerID 2 RELY ack= 11 (508ms~71) unack=  0, retry=  0, highwaterOOS=0 (ip=WINaddr:192.168.1.33:6112;), pending=0, dead=0, RS#=11/11
20:55:00.02   RLINK --            PeerID 3 RELY ack= 11 (506ms~68) unack=  0, retry=  0, highwaterOOS=0 (ip=WINaddr:192.168.1.107:6112;), pending=0, dead=0, RS#=11/11
20:55:00.02   RLINK --            PeerID 11 RELY ack= 10 (506ms~68) unack=  0, retry=  0, highwaterOOS=0 (ip=WINaddr:192.168.1.106:6112;), pending=0, dead=0, RS#=10/10
20:55:00.02   RLINK --            PeerID 14 RELY ack= 10 (518ms~67) unack=  0, retry=  0, highwaterOOS=0 (ip=WINaddr:192.168.1.42:6112;), pending=0, dead=0, RS#=10/10
20:55:00.02   RLINK --            PeerID 18 RELY ack=  1 (  0ms~0) unack=  0, retry=  1, highwaterOOS=0 (ip=WINaddr:192.168.91.212:6112;), pending=0, dead=0, RS#=1/1
20:55:00.02   RLINK --            PeerID 19 RELY ack=  0 (  0ms~0) unack=  0, retry=  0, highwaterOOS=0 (ip=WINaddr:192.168.1.146:6112;), pending=0, dead=0, RS#=0/0
20:55:00.02   RLINK -- MessageCounts: inval=0/0, seek=0/0, join=0/1, ichk=0/0, sk_r=0/0, deny=0/0, Padd=0/2, Pdel=0/0, drop=0/0, data=13/20, mdat=0/0, voip=0/0, rchk=12/0, nudg=18/34, Thdr=11/0, Peer=58/66, PPrx=24/58, ping=0/0, Pfrg=0/0, rely=18/18, lb_p=3/2, lb_c=0/0, cast=0/0, cdat=0/0, sorq1=0/0, sorp=0/0, acto=0/0, spob=0/0, sorq2=0/0
20:55:09.41   RLINK -- SENDING FORCED ACK from Peer 6 to Peer 14 - timeSinceLastAckMS      15160, transmitAckLastTimeMS    3536563 | Peer ---E- M#00000000 Sack00000026 NSack00000000 (C0.0% S:0.0) [  ]
20:55:09.90   RLINK -- SENDING FORCED ACK from Peer 6 to Peer 11 - timeSinceLastAckMS       9882, transmitAckLastTimeMS    3537049 | Peer ---E- M#00000000 Sack00000011 NSack00000000 (C0.0% S:0.0) [  ]
20:55:11.61   RLINK -- Accepted matchInfo updated 400 from host
20:55:12.04   RLINK -- SENDING FORCED ACK from Peer 6 to Peer 1 - timeSinceLastAckMS        424, transmitAckLastTimeMS    3539186 | Peer ---E- M#00000000 Sack00000192 NSack00000000 (C0.0% S:0.0) [  ]
20:55:18.88   RLINK -- Accepted matchInfo updated 401 from host
20:55:19.40   RLINK -- SENDING FORCED ACK from Peer 6 to Peer 11 - timeSinceLastAckMS       4521, transmitAckLastTimeMS    3546552 | Peer ---E- M#00000000 Sack00000012 NSack00000000 (C0.0% S:0.0) [  ]
20:55:21.33   RLINK -- SENDING FORCED ACK from Peer 6 to Peer 11 - timeSinceLastAckMS       1928, transmitAckLastTimeMS    3548480 | Peer ---E- M#00000000 Sack00000013 NSack00000000 (C0.0% S:0.0) [  ]
20:55:22.62   Re-winding a compressed stream for file 'data:sound\wav\music\frontend\opening_ambience_tg\opening_ambience_with_birds.smf'.  Expensive operation
20:55:25.79   RLINK -- Accepted matchInfo updated 402 from host
20:55:25.81   GetMaxFrameTimeFromProfile: players=8 expected FPS=57.450951, bars=5, max avg=0.015, sd=0.003, 5 samples =  0.01 0.01 0.01 0.02 0.02
20:55:25.91   RLINK -- Accepted matchInfo updated 403 from host
20:55:26.26   RLINK -- Accepted matchInfo updated 406 from host
20:55:26.29   GetMaxFrameTimeFromProfile: players=8 expected FPS=57.450951, bars=5, max avg=0.015, sd=0.003, 5 samples =  0.01 0.01 0.01 0.02 0.02
20:55:26.38   RLINK -- Accepted matchInfo updated 409 from host
20:55:26.40   GetMaxFrameTimeFromProfile: players=8 expected FPS=57.450951, bars=5, max avg=0.015, sd=0.003, 5 samples =  0.01 0.01 0.01 0.02 0.02
20:55:26.51   RLINK -- Accepted matchInfo updated 411 from host
20:55:26.53   GetMaxFrameTimeFromProfile: players=8 expected FPS=57.450951, bars=5, max avg=0.015, sd=0.003, 5 samples =  0.01 0.01 0.01 0.02 0.02
20:55:26.62   RLINK -- Accepted matchInfo updated 412 from host
20:55:26.76   RLINK -- Accepted matchInfo updated 418 from host
20:55:26.79   GetMaxFrameTimeFromProfile: players=8 expected FPS=57.450951, bars=5, max avg=0.015, sd=0.003, 5 samples =  0.01 0.01 0.01 0.02 0.02
20:55:26.87   RLINK -- Accepted matchInfo updated 423 from host
20:55:26.99   RLINK -- Accepted matchInfo updated 430 from host
20:55:27.14   RLINK -- Accepted matchInfo updated 432 from host
20:55:27.26   RLINK -- Accepted matchInfo updated 436 from host
20:55:27.41   RLINK -- Accepted matchInfo updated 438 from host
20:55:28.00   RLINK -- Transport - median kBPS [hi/cur] sent = 0.1/0.0, recvd = 0.0/0.0, #p/sec[s/r] = 0.0/0.0, max unsent 0, version err 0, merge 0
20:55:28.14   RLINK -- Accepted matchInfo updated 439 from host
20:55:28.39   RLINK -- Accepted matchInfo updated 440 from host
20:55:28.90   RLINK -- Accepted matchInfo updated 441 from host
20:55:33.50   Activating screen: DynamicPopupMenu
20:55:33.61   Activating screen: RelicOnlineStatsPopup
20:55:34.14   RLINK -- Accepted matchInfo updated 442 from host
20:55:34.53   RLINK -- SENDING FORCED ACK from Peer 6 to Peer 14 - timeSinceLastAckMS      12498, transmitAckLastTimeMS    3561677 | Peer ---E- M#00000000 Sack00000027 NSack00000000 (C0.0% S:0.0) [  ]
20:55:36.79   DataDeactivate - no more things to deactivate. bailing.
20:55:41.15   RLINK -- SENDING FORCED ACK from Peer 6 to Peer 11 - timeSinceLastAckMS      19126, transmitAckLastTimeMS    3568305 | Peer ---E- M#00000000 Sack00000014 NSack00000000 (C0.0% S:0.0) [  ]
20:55:47.30   RLINK -- SENDING FORCED ACK from Peer 6 to Peer 11 - timeSinceLastAckMS       6144, transmitAckLastTimeMS    3574449 | Peer ---E- M#00000000 Sack00000015 NSack00000000 (C0.0% S:0.0) [  ]
20:55:48.54   RLINK -- SENDING FORCED ACK from Peer 6 to Peer 3 - timeSinceLastAckMS      26517, transmitAckLastTimeMS    3575696 | Peer ---E- M#00000000 Sack00000005 NSack00000000 (C0.0% S:0.0) [  ]
20:55:48.67   RLINK -- SENDING FORCED ACK from Peer 6 to Peer 1 - timeSinceLastAckMS       2465, transmitAckLastTimeMS    3575817 | Peer ---E- M#00000000 Sack00000210 NSack00000000 (C0.0% S:0.0) [  ]
20:55:52.28   RLINK -- Accepted matchInfo updated 443 from host
20:55:55.55   RLINK -- SENDING FORCED ACK from Peer 6 to Peer 1 - timeSinceLastAckMS        270, transmitAckLastTimeMS    3582704 | Peer ---E- M#00000000 Sack00000212 NSack00000000 (C0.0% S:0.0) [  ]
20:56:01.01   RLINK -- local      PeerID 6 LOCL ack=  0 (  0ms~0) unack=  0, retry=  0, highwaterOOS=0 (ip=WINaddr:192.168.50.236:6112;), pending=0, dead=0, RS#=0/0
20:56:01.01   RLINK --       host PeerID 1 RELY ack=322 (511ms~41) unack=  0, retry=  0, highwaterOOS=3 (ip=WINaddr:192.168.10.3:6112;), pending=0, dead=0, RS#=321/321
20:56:01.01   RLINK --            PeerID 2 RELY ack= 14 (489ms~32) unack=  0, retry=  0, highwaterOOS=0 (ip=WINaddr:192.168.1.33:6112;), pending=0, dead=0, RS#=14/14
20:56:01.01   RLINK --            PeerID 3 RELY ack= 14 (884ms~186) unack=  0, retry=  0, highwaterOOS=0 (ip=WINaddr:192.168.1.107:6112;), pending=0, dead=0, RS#=14/14
20:56:01.01   RLINK --            PeerID 11 RELY ack= 13 (489ms~32) unack=  0, retry=  0, highwaterOOS=0 (ip=WINaddr:192.168.1.106:6112;), pending=0, dead=0, RS#=13/13
20:56:01.01   RLINK --            PeerID 14 RELY ack= 13 (520ms~123) unack=  0, retry=  0, highwaterOOS=0 (ip=WINaddr:192.168.1.42:6112;), pending=0, dead=0, RS#=13/13
20:56:01.01   RLINK --            PeerID 18 RELY ack=  4 (425ms~234) unack=  0, retry=  1, highwaterOOS=0 (ip=WINaddr:192.168.91.212:6112;), pending=0, dead=0, RS#=4/4
20:56:01.01   RLINK --            PeerID 19 RELY ack=  3 (491ms~31) unack=  0, retry=  0, highwaterOOS=0 (ip=WINaddr:192.168.1.146:6112;), pending=0, dead=0, RS#=3/3
20:56:01.01   RLINK -- MessageCounts: inval=0/0, seek=0/0, join=0/0, ichk=0/0, sk_r=0/0, deny=0/0, Padd=0/0, Pdel=0/0, drop=0/0, data=55/30, mdat=0/0, voip=0/0, rchk=0/0, nudg=16/32, Thdr=0/0, Peer=75/91, PPrx=48/118, ping=0/0, Pfrg=0/0, rely=16/16, lb_p=2/3, lb_c=0/0, cast=0/0, cdat=0/0, sorq1=0/0, sorp=0/0, acto=0/0, spob=0/0, sorq2=0/0
20:56:04.95   Activating screen: RelicOnlineChat
20:56:04.95   Activating screen: RelicOnlineTabs
20:56:05.80   RLINK -- SENDING FORCED ACK from Peer 6 to Peer 2 - timeSinceLastAckMS       4228, transmitAckLastTimeMS    3592952 | Peer ---E- M#00000000 Sack00000003 NSack00000000 (C0.0% S:0.0) [  ]
20:56:06.14   RLINK -- [P#6] SrcP# 2 ignoring old retry: 3 expect: 4
20:56:07.04   Activating screen: OnlineGameSetup
20:56:07.04   Activating screen: RelicOnlineTabs
20:56:07.54   RLINK -- Accepted matchInfo updated 444 from host
20:56:09.67   RLINK -- Accepted matchInfo updated 445 from host
20:56:13.67   Activating screen: DynamicPopupMenu
20:56:13.74   Activating screen: RelicOnlineStatsPopup
20:56:14.69   RLINK -- SENDING FORCED ACK from Peer 6 to Peer 1 - timeSinceLastAckMS       2008, transmitAckLastTimeMS    3601836 | Peer ---E- M#00000000 Sack00000215 NSack00000000 (C0.0% S:0.0) [  ]
20:56:15.42   RLINK -- SENDING FORCED ACK from Peer 6 to Peer 3 - timeSinceLastAckMS      13844, transmitAckLastTimeMS    3602568 | Peer ---E- M#00000000 Sack00000006 NSack00000000 (C0.0% S:0.0) [  ]
20:56:16.67   DataDeactivate - no more things to deactivate. bailing.
20:56:22.15   RLINK -- Accepted matchInfo updated 446 from host
20:56:27.73   Re-winding a compressed stream for file 'data:sound\wav\music\frontend\opening_ambience_tg\opening_ambience_with_birds.smf'.  Expensive operation
20:56:29.01   RLINK -- Transport - median kBPS [hi/cur] sent = 0.1/0.0, recvd = 0.0/0.0, #p/sec[s/r] = 0.0/0.0, max unsent 0, version err 0, merge 0
20:56:29.93   RLINK -- Accepted matchInfo updated 447 from host
20:56:33.90   SMT_StartGame_To_Everyone - received
20:56:33.90   SMT_StartGame_To_Everyone - Starting game with synclevel 0 from start message
20:56:33.90   GameSetupForm - Starting game
20:56:33.90   GameInfo::ResetInfo - SyncLevel set to 0 on reset
20:56:33.90   PopulateGameInfoInternal - Setting Option #0 - [Id 1397509955, Value 1]
20:56:33.90   PopulateGameInfoInternal - Setting Option #1 - [Id 1381192532, Value 1]
20:56:33.90   PopulateGameInfoInternal - Setting Option #2 - [Id 1448105035, Value 1]
20:56:33.90   PopulateGameInfoInternal - Player #0 - [Id 45185, Type 2, Team 0, Race 2]
20:56:33.90   PopulateGameInfoInternal - Player #4 - [Id 68108, Type 2, Team 1, Race 1]
20:56:33.90   PopulateGameInfoInternal - Player #1 - [Id 1243386, Type 2, Team 0, Race 0]
20:56:33.90   PopulateGameInfoInternal - Player #5 - [Id 1370787, Type 2, Team 1, Race 3]
20:56:33.90   PopulateGameInfoInternal - Player #2 - [Id 1135310, Type 2, Team 0, Race 0]
20:56:33.90   PopulateGameInfoInternal - Player #6 - [Id 1799484, Type 2, Team 1, Race 3]
20:56:33.90   PopulateGameInfoInternal - Player #3 - [Id 140455, Type 2, Team 0, Race 0]
20:56:33.90   PopulateGameInfoInternal - Player #7 - [Id 1850731, Type 0, Team 1, Race 1]
20:56:33.90   PopulateGameInfoInternal - Team #0 Player Count: 4
20:56:33.90   PopulateGameInfoInternal - Team #1 Player Count: 4
20:56:33.90   PopulateGameInfo - random seed:[1665428138], guid:[{25bbbf04-eaeb-41e0-99e2-f3fcf58fbe6c}], sync level:[0]
20:56:33.90   RLINK -- Accepted matchInfo updated 449 from host
20:56:33.90   RLINK -- WorldwideAutomatchService::OnStartComplete - detected successful game start
20:56:33.90   RLINK -- Match Started - [00000000:0000b081 /steam/76561198079666514], slot =  0, ranking =   -1
20:56:33.90   RLINK -- Match Started - [00000000:00010a0c /steam/76561198042361155], slot =  1, ranking =   -1
20:56:33.90   RLINK -- Match Started - [00000000:0012f8fa /steam/76561198263392865], slot =  2, ranking =   -1
20:56:33.90   RLINK -- Match Started - [00000000:0014eaa3 /steam/76561198330314774], slot =  3, ranking =   -1
20:56:33.90   RLINK -- Match Started - [00000000:001152ce /steam/76561198347028849], slot =  4, ranking =   -1
20:56:33.90   RLINK -- Match Started - [00000000:001b753c /steam/76561199168301212], slot =  5, ranking =   -1
20:56:33.90   RLINK -- Match Started - [00000000:000224a7 /steam/76561197975452220], slot =  6, ranking =   -1
20:56:33.90   RLINK -- Match Started - [00000000:001c3d6b /steam/76561199210795903], slot =  7, ranking =   -1
20:56:33.92   Error loading [DATA:levelingCurve.lua]
20:56:33.92   Error loading [DATA:levelingCurve.lua]
20:56:33.92   Error loading [DATA:levelingCurve.lua]
20:56:33.92   Error loading [DATA:levelingCurve.lua]
20:56:33.92   Error loading [DATA:levelingCurve.lua]
20:56:33.92   Error loading [DATA:levelingCurve.lua]
20:56:33.92   Error loading [DATA:levelingCurve.lua]
20:56:33.92   Error loading [DATA:levelingCurve.lua]
20:56:33.92   MOD - Setting player (0) race to: allies_commonwealth
20:56:33.92   MOD - Setting player (0) race to: 0
20:56:33.92   ModDllSetup::PlayerSetRewardUnits - playerIndex 0...
20:56:33.92       adding reward 'upgrade\upgrade_axis_geschutzwagen'
20:56:33.92       adding reward 'upgrade\upgrade_allied_hellcat'
20:56:33.92       adding reward 'upgrade\upgrade_panzer_elite_hotchkiss'
20:56:33.92       adding reward 'upgrade\upgrade_british_kangaroo'
20:56:33.92       adding reward 'upgrade\upgrade_axis_schwimmwagen'
20:56:33.92       adding reward 'upgrade\upgrade_panzer_elite_schwimmwagen'
20:56:33.92       adding reward 'upgrade\upgrade_allied_staghound'
20:56:33.92       adding reward 'upgrade\upgrade_british_staghound'
20:56:33.92   MOD - Setting player (1) race to: allies
20:56:33.92   MOD - Setting player (1) race to: 1
20:56:33.92   ModDllSetup::PlayerSetRewardUnits - playerIndex 1...
20:56:33.92   MOD - Setting player (2) race to: allies
20:56:33.92   MOD - Setting player (2) race to: 1
20:56:33.92   ModDllSetup::PlayerSetRewardUnits - playerIndex 2...
20:56:33.92       adding reward 'upgrade\upgrade_axis_schwimmwagen'
20:56:33.92   MOD - Setting player (3) race to: allies
20:56:33.92   MOD - Setting player (3) race to: 1
20:56:33.92   ModDllSetup::PlayerSetRewardUnits - playerIndex 3...
20:56:33.92   MOD - Setting player (4) race to: axis
20:56:33.92   MOD - Setting player (4) race to: 2
20:56:33.92   ModDllSetup::PlayerSetRewardUnits - playerIndex 4...
20:56:33.92       adding reward 'upgrade\upgrade_panzer_elite_hotchkiss'
20:56:33.92       adding reward 'upgrade\upgrade_voss_tiger'
20:56:33.92       adding reward 'upgrade\upgrade_axis_schwimmwagen'
20:56:33.92   MOD - Setting player (5) race to: axis_panzer_elite
20:56:33.92   MOD - Setting player (5) race to: 3
20:56:33.92   ModDllSetup::PlayerSetRewardUnits - playerIndex 5...
20:56:33.92       adding reward 'upgrade\upgrade_axis_geschutzwagen'
20:56:33.92       adding reward 'upgrade\upgrade_allied_hellcat'
20:56:33.92   MOD - Setting player (6) race to: axis_panzer_elite
20:56:33.92   MOD - Setting player (6) race to: 3
20:56:33.92   ModDllSetup::PlayerSetRewardUnits - playerIndex 6...
20:56:33.92       adding reward 'upgrade\upgrade_axis_geschutzwagen'
20:56:33.92       adding reward 'upgrade\upgrade_british_kangaroo'
20:56:33.92       adding reward 'upgrade\upgrade_axis_schwimmwagen'
20:56:33.92       adding reward 'upgrade\upgrade_british_staghound'
20:56:33.92       adding reward 'upgrade\upgrade_voss_tiger'
20:56:33.92   MOD - Setting player (7) race to: axis
20:56:33.92   MOD - Setting player (7) race to: 2
20:56:33.92   ModDllSetup::PlayerSetRewardUnits - playerIndex 7...
20:56:33.92       adding reward 'upgrade\upgrade_axis_schwimmwagen'
20:56:33.92       adding reward 'upgrade\upgrade_allied_hellcat'
20:56:33.92       adding reward 'upgrade\upgrade_british_staghound'
20:56:33.95   APP -- Game Start
20:56:33.97   GameInfo::ResetInfo - SyncLevel set to 0 on reset
20:56:33.97   GameInfo::ResetInfo - SyncLevel set to 0 on reset
20:56:33.97   GameInfo::ResetInfo - SyncLevel set to 0 on reset
20:56:33.97   GameInfo::ResetInfo - SyncLevel set to 0 on reset
20:56:33.97   GameInfo::ResetInfo - SyncLevel set to 0 on reset
20:56:33.97   GameInfo::ResetInfo - SyncLevel set to 0 on reset
20:56:33.97   GameInfo::ResetInfo - SyncLevel set to 0 on reset
20:56:33.97   GameInfo::ResetInfo - SyncLevel set to 0 on reset
20:56:33.97   GameInfo::ResetInfo - SyncLevel set to 0 on reset
20:56:33.97   GameInfo::ResetInfo - SyncLevel set to 0 on reset
20:56:33.97   GameInfo::ResetInfo - SyncLevel set to 0 on reset
20:56:33.97   GameInfo::ResetInfo - SyncLevel set to 0 on reset
20:56:33.97   GameInfo::ResetInfo - SyncLevel set to 0 on reset
20:56:33.97   GameInfo::ResetInfo - SyncLevel set to 0 on reset
20:56:33.97   GameInfo::ResetInfo - SyncLevel set to 0 on reset
20:56:33.98   GameInfo::ResetInfo - SyncLevel set to 0 on reset
20:56:33.98   GameInfo::ResetInfo - SyncLevel set to 0 on reset
20:56:33.98   GameInfo::ResetInfo - SyncLevel set to 0 on reset
20:56:33.98   GameInfo::ResetInfo - SyncLevel set to 0 on reset
20:56:33.98   GameInfo::ResetInfo - SyncLevel set to 0 on reset
20:56:33.98   GameInfo::ResetInfo - SyncLevel set to 0 on reset
20:56:33.98   GameInfo::ResetInfo - SyncLevel set to 0 on reset
20:56:33.98   GameInfo::ResetInfo - SyncLevel set to 0 on reset
20:56:33.98   GameInfo::ResetInfo - SyncLevel set to 0 on reset
20:56:33.98   GameInfo::ResetInfo - SyncLevel set to 0 on reset
20:56:33.98   GameInfo::ResetInfo - SyncLevel set to 0 on reset
20:56:33.98   GameInfo::ResetInfo - SyncLevel set to 0 on reset
20:56:33.98   GameInfo::ResetInfo - SyncLevel set to 0 on reset
20:56:33.98   GameInfo::ResetInfo - SyncLevel set to 0 on reset
20:56:33.98   GameInfo::ResetInfo - SyncLevel set to 0 on reset
20:56:33.98   GameInfo::ResetInfo - SyncLevel set to 0 on reset
20:56:33.98   GameInfo::ResetInfo - SyncLevel set to 0 on reset
20:56:33.98   GameInfo::ResetInfo - SyncLevel set to 0 on reset
20:56:33.98   GameInfo::ResetInfo - SyncLevel set to 0 on reset
20:56:33.98   GameInfo::ResetInfo - SyncLevel set to 0 on reset
20:56:33.98   GameInfo::ResetInfo - SyncLevel set to 0 on reset
20:56:33.98   GameInfo::ResetInfo - SyncLevel set to 0 on reset
20:56:33.98   GameInfo::ResetInfo - SyncLevel set to 0 on reset
20:56:33.98   GameInfo::ResetInfo - SyncLevel set to 0 on reset
20:56:33.98   GameInfo::ResetInfo - SyncLevel set to 0 on reset
20:56:33.98   GameInfo::ResetInfo - SyncLevel set to 0 on reset
20:56:33.98   GameInfo::ResetInfo - SyncLevel set to 0 on reset
20:56:33.98   GameInfo::ResetInfo - SyncLevel set to 0 on reset
20:56:33.98   GameInfo::ResetInfo - SyncLevel set to 0 on reset
20:56:33.98   GameInfo::ResetInfo - SyncLevel set to 0 on reset
20:56:33.99   GameInfo::ResetInfo - SyncLevel set to 0 on reset
20:56:33.99   GameInfo::ResetInfo - SyncLevel set to 0 on reset
20:56:33.99   GameInfo::ResetInfo - SyncLevel set to 0 on reset
20:56:33.99   GameInfo::ResetInfo - SyncLevel set to 0 on reset
20:56:33.99   GameInfo::ResetInfo - SyncLevel set to 0 on reset
20:56:33.99   GameInfo::ResetInfo - SyncLevel set to 0 on reset
20:56:33.99   GameInfo::ResetInfo - SyncLevel set to 0 on reset
20:56:33.99   GameInfo::ResetInfo - SyncLevel set to 0 on reset
20:56:33.99   GameInfo::ResetInfo - SyncLevel set to 0 on reset
20:56:33.99   GameInfo::ResetInfo - SyncLevel set to 0 on reset
20:56:33.99   GameInfo::ResetInfo - SyncLevel set to 0 on reset
20:56:33.99   GameInfo::ResetInfo - SyncLevel set to 0 on reset
20:56:33.99   GameInfo::ResetInfo - SyncLevel set to 0 on reset
20:56:33.99   GameInfo::ResetInfo - SyncLevel set to 0 on reset
20:56:33.99   GameInfo::ResetInfo - SyncLevel set to 0 on reset
20:56:33.99   GameInfo::ResetInfo - SyncLevel set to 0 on reset
20:56:33.99   GameInfo::ResetInfo - SyncLevel set to 0 on reset
20:56:33.99   GameInfo::ResetInfo - SyncLevel set to 0 on reset
20:56:33.99   GameInfo::ResetInfo - SyncLevel set to 0 on reset
20:56:33.99   GameInfo::ResetInfo - SyncLevel set to 0 on reset
20:56:33.99   GameInfo::ResetInfo - SyncLevel set to 0 on reset
20:56:33.99   GameInfo::ResetInfo - SyncLevel set to 0 on reset
20:56:33.99   GameInfo::ResetInfo - SyncLevel set to 0 on reset
20:56:34.00   GameInfo::ResetInfo - SyncLevel set to 0 on reset
20:56:34.00   GameInfo::ResetInfo - SyncLevel set to 0 on reset
20:56:34.00   GameInfo::ResetInfo - SyncLevel set to 0 on reset
20:56:34.00   GameInfo::ResetInfo - SyncLevel set to 0 on reset
20:56:34.00   GameInfo::ResetInfo - SyncLevel set to 0 on reset
20:56:34.00   GameInfo::ResetInfo - SyncLevel set to 0 on reset
20:56:34.00   GameInfo::ResetInfo - SyncLevel set to 0 on reset
20:56:34.00   GameInfo::ResetInfo - SyncLevel set to 0 on reset
20:56:34.00   GameInfo::ResetInfo - SyncLevel set to 0 on reset
20:56:34.00   GameInfo::ResetInfo - SyncLevel set to 0 on reset
20:56:34.00   GameInfo::ResetInfo - SyncLevel set to 0 on reset
20:56:34.00   GameInfo::ResetInfo - SyncLevel set to 0 on reset
20:56:34.00   GameInfo::ResetInfo - SyncLevel set to 0 on reset
20:56:34.00   GameInfo::ResetInfo - SyncLevel set to 0 on reset
20:56:34.00   GameInfo::ResetInfo - SyncLevel set to 0 on reset
20:56:34.00   GameInfo::ResetInfo - SyncLevel set to 0 on reset
20:56:34.00   GameInfo::ResetInfo - SyncLevel set to 0 on reset
20:56:34.00   GameInfo::ResetInfo - SyncLevel set to 0 on reset
20:56:34.00   GameInfo::ResetInfo - SyncLevel set to 0 on reset
20:56:34.00   GameInfo::ResetInfo - SyncLevel set to 0 on reset
20:56:34.00   GameInfo::ResetInfo - SyncLevel set to 0 on reset
20:56:34.00   GameInfo::ResetInfo - SyncLevel set to 0 on reset
20:56:34.00   GameInfo::ResetInfo - SyncLevel set to 0 on reset
20:56:34.00   GameInfo::ResetInfo - SyncLevel set to 0 on reset
20:56:34.00   GameInfo::ResetInfo - SyncLevel set to 0 on reset
20:56:34.00   GameInfo::ResetInfo - SyncLevel set to 0 on reset
20:56:34.00   GameInfo::ResetInfo - SyncLevel set to 0 on reset
20:56:34.00   GameInfo::ResetInfo - SyncLevel set to 0 on reset
20:56:34.00   GameInfo::ResetInfo - SyncLevel set to 0 on reset
20:56:34.01   GameInfo::ResetInfo - SyncLevel set to 0 on reset
20:56:34.01   GameInfo::ResetInfo - SyncLevel set to 0 on reset
20:56:34.01   GameInfo::ResetInfo - SyncLevel set to 0 on reset
20:56:34.01   GameInfo::ResetInfo - SyncLevel set to 0 on reset
20:56:34.01   GameInfo::ResetInfo - SyncLevel set to 0 on reset
20:56:34.01   GameInfo::ResetInfo - SyncLevel set to 0 on reset
20:56:34.01   GameInfo::ResetInfo - SyncLevel set to 0 on reset
20:56:34.01   GameInfo::ResetInfo - SyncLevel set to 0 on reset
20:56:34.01   GameInfo::ResetInfo - SyncLevel set to 0 on reset
20:56:34.01   GameInfo::ResetInfo - SyncLevel set to 0 on reset
20:56:34.01   GameInfo::ResetInfo - SyncLevel set to 0 on reset
20:56:34.01   GameInfo::ResetInfo - SyncLevel set to 0 on reset
20:56:34.01   GameInfo::ResetInfo - SyncLevel set to 0 on reset
20:56:34.01   GameInfo::ResetInfo - SyncLevel set to 0 on reset
20:56:34.01   GameInfo::ResetInfo - SyncLevel set to 0 on reset
20:56:34.01   GameInfo::ResetInfo - SyncLevel set to 0 on reset
20:56:34.01   GameInfo::ResetInfo - SyncLevel set to 0 on reset
20:56:34.01   GameInfo::ResetInfo - SyncLevel set to 0 on reset
20:56:34.01   GameInfo::ResetInfo - SyncLevel set to 0 on reset
20:56:34.01   GameInfo::ResetInfo - SyncLevel set to 0 on reset
20:56:34.01   GameInfo::ResetInfo - SyncLevel set to 0 on reset
20:56:34.01   GameInfo::ResetInfo - SyncLevel set to 0 on reset
20:56:34.01   GameInfo::ResetInfo - SyncLevel set to 0 on reset
20:56:34.01   GameInfo::ResetInfo - SyncLevel set to 0 on reset
20:56:34.01   GameInfo::ResetInfo - SyncLevel set to 0 on reset
20:56:34.01   GameInfo::ResetInfo - SyncLevel set to 0 on reset
20:56:34.01   GameInfo::ResetInfo - SyncLevel set to 0 on reset
20:56:34.01   GameInfo::ResetInfo - SyncLevel set to 0 on reset
20:56:34.01   GameInfo::ResetInfo - SyncLevel set to 0 on reset
20:56:34.01   GameInfo::ResetInfo - SyncLevel set to 0 on reset
20:56:34.01   GameInfo::ResetInfo - SyncLevel set to 0 on reset
20:56:34.01   GameInfo::ResetInfo - SyncLevel set to 0 on reset
20:56:34.02   GameInfo::ResetInfo - SyncLevel set to 0 on reset
20:56:34.02   GameInfo::ResetInfo - SyncLevel set to 0 on reset
20:56:34.02   GameInfo::ResetInfo - SyncLevel set to 0 on reset
20:56:34.02   GameInfo::ResetInfo - SyncLevel set to 0 on reset
20:56:34.02   GameInfo::ResetInfo - SyncLevel set to 0 on reset
20:56:34.02   GameInfo::ResetInfo - SyncLevel set to 0 on reset
20:56:34.02   GameInfo::ResetInfo - SyncLevel set to 0 on reset
20:56:34.02   GameInfo::ResetInfo - SyncLevel set to 0 on reset
20:56:34.02   GameInfo::ResetInfo - SyncLevel set to 0 on reset
20:56:34.02   GameInfo::ResetInfo - SyncLevel set to 0 on reset
20:56:34.02   GameInfo::ResetInfo - SyncLevel set to 0 on reset
20:56:34.02   GameInfo::ResetInfo - SyncLevel set to 0 on reset
20:56:34.02   GameInfo::ResetInfo - SyncLevel set to 0 on reset
20:56:34.02   GameInfo::ResetInfo - SyncLevel set to 0 on reset
20:56:34.02   GameInfo::ResetInfo - SyncLevel set to 0 on reset
20:56:34.02   GameInfo::ResetInfo - SyncLevel set to 0 on reset
20:56:34.02   GameInfo::ResetInfo - SyncLevel set to 0 on reset
20:56:34.02   GameInfo::ResetInfo - SyncLevel set to 0 on reset
20:56:34.02   GameInfo::ResetInfo - SyncLevel set to 0 on reset
20:56:34.02   GameInfo::ResetInfo - SyncLevel set to 0 on reset
20:56:34.02   GameInfo::ResetInfo - SyncLevel set to 0 on reset
20:56:34.02   GameInfo::ResetInfo - SyncLevel set to 0 on reset
20:56:34.02   GameInfo::ResetInfo - SyncLevel set to 0 on reset
20:56:34.02   GameInfo::ResetInfo - SyncLevel set to 0 on reset
20:56:34.02   GameInfo::ResetInfo - SyncLevel set to 0 on reset
20:56:34.02   GameInfo::ResetInfo - SyncLevel set to 0 on reset
20:56:34.02   GameInfo::ResetInfo - SyncLevel set to 0 on reset
20:56:34.02   GameInfo::ResetInfo - SyncLevel set to 0 on reset
20:56:34.02   GameInfo::ResetInfo - SyncLevel set to 0 on reset
20:56:34.03   GameInfo::ResetInfo - SyncLevel set to 0 on reset
20:56:34.03   GameInfo::ResetInfo - SyncLevel set to 0 on reset
20:56:34.03   GameInfo::ResetInfo - SyncLevel set to 0 on reset
20:56:34.03   GameInfo::ResetInfo - SyncLevel set to 0 on reset
20:56:34.03   GameInfo::ResetInfo - SyncLevel set to 0 on reset
20:56:34.03   GameInfo::ResetInfo - SyncLevel set to 0 on reset
20:56:34.03   GameInfo::ResetInfo - SyncLevel set to 0 on reset
20:56:34.03   GameInfo::ResetInfo - SyncLevel set to 0 on reset
20:56:34.03   GameInfo::ResetInfo - SyncLevel set to 0 on reset
20:56:34.03   GameInfo::ResetInfo - SyncLevel set to 0 on reset
20:56:34.03   GameInfo::ResetInfo - SyncLevel set to 0 on reset
20:56:34.03   GameInfo::ResetInfo - SyncLevel set to 0 on reset
20:56:34.03   GameInfo::ResetInfo - SyncLevel set to 0 on reset
20:56:34.03   GameInfo::ResetInfo - SyncLevel set to 0 on reset
20:56:34.03   GameInfo::ResetInfo - SyncLevel set to 0 on reset
20:56:34.03   GameInfo::ResetInfo - SyncLevel set to 0 on reset
20:56:34.03   GameInfo::ResetInfo - SyncLevel set to 0 on reset
20:56:34.03   GameInfo::ResetInfo - SyncLevel set to 0 on reset
20:56:34.03   GameInfo::ResetInfo - SyncLevel set to 0 on reset
20:56:34.03   GameInfo::ResetInfo - SyncLevel set to 0 on reset
20:56:34.03   GameInfo::ResetInfo - SyncLevel set to 0 on reset
20:56:34.03   GameInfo::ResetInfo - SyncLevel set to 0 on reset
20:56:34.03   GameInfo::ResetInfo - SyncLevel set to 0 on reset
20:56:34.03   GameInfo::ResetInfo - SyncLevel set to 0 on reset
20:56:34.03   GameInfo::ResetInfo - SyncLevel set to 0 on reset
20:56:34.03   GameInfo::ResetInfo - SyncLevel set to 0 on reset
20:56:34.03   GameInfo::ResetInfo - SyncLevel set to 0 on reset
20:56:34.04   GameInfo::ResetInfo - SyncLevel set to 0 on reset
20:56:34.04   GameInfo::ResetInfo - SyncLevel set to 0 on reset
20:56:34.04   GameInfo::ResetInfo - SyncLevel set to 0 on reset
20:56:34.04   GameInfo::ResetInfo - SyncLevel set to 0 on reset
20:56:34.04   GameInfo::ResetInfo - SyncLevel set to 0 on reset
20:56:34.04   GameInfo::ResetInfo - SyncLevel set to 0 on reset
20:56:34.04   GameInfo::ResetInfo - SyncLevel set to 0 on reset
20:56:34.04   GameInfo::ResetInfo - SyncLevel set to 0 on reset
20:56:34.04   GameInfo::ResetInfo - SyncLevel set to 0 on reset
20:56:34.04   GameInfo::ResetInfo - SyncLevel set to 0 on reset
20:56:34.04   GameInfo::ResetInfo - SyncLevel set to 0 on reset
20:56:34.04   GameInfo::ResetInfo - SyncLevel set to 0 on reset
20:56:34.04   GameInfo::ResetInfo - SyncLevel set to 0 on reset
20:56:34.04   GameInfo::ResetInfo - SyncLevel set to 0 on reset
20:56:34.04   GameInfo::ResetInfo - SyncLevel set to 0 on reset
20:56:34.04   GameInfo::ResetInfo - SyncLevel set to 0 on reset
20:56:34.04   GameInfo::ResetInfo - SyncLevel set to 0 on reset
20:56:34.04   GameInfo::ResetInfo - SyncLevel set to 0 on reset
20:56:34.04   GameInfo::ResetInfo - SyncLevel set to 0 on reset
20:56:34.04   GameInfo::ResetInfo - SyncLevel set to 0 on reset
20:56:34.04   GameInfo::ResetInfo - SyncLevel set to 0 on reset
20:56:34.04   GameInfo::ResetInfo - SyncLevel set to 0 on reset
20:56:34.04   GameInfo::ResetInfo - SyncLevel set to 0 on reset
20:56:34.04   GameInfo::ResetInfo - SyncLevel set to 0 on reset
20:56:34.04   GameInfo::ResetInfo - SyncLevel set to 0 on reset
20:56:34.04   GameInfo::ResetInfo - SyncLevel set to 0 on reset
20:56:34.04   GameInfo::ResetInfo - SyncLevel set to 0 on reset
20:56:34.04   GameInfo::ResetInfo - SyncLevel set to 0 on reset
20:56:34.04   GameInfo::ResetInfo - SyncLevel set to 0 on reset
20:56:34.04   GameInfo::ResetInfo - SyncLevel set to 0 on reset
20:56:34.04   GameInfo::ResetInfo - SyncLevel set to 0 on reset
20:56:34.05   GameInfo::ResetInfo - SyncLevel set to 0 on reset
20:56:34.05   GameInfo::ResetInfo - SyncLevel set to 0 on reset
20:56:34.05   GameInfo::ResetInfo - SyncLevel set to 0 on reset
20:56:34.05   GameInfo::ResetInfo - SyncLevel set to 0 on reset
20:56:34.05   GameInfo::ResetInfo - SyncLevel set to 0 on reset
20:56:34.05   GameInfo::ResetInfo - SyncLevel set to 0 on reset
20:56:34.05   GameInfo::ResetInfo - SyncLevel set to 0 on reset
20:56:34.05   GameInfo::ResetInfo - SyncLevel set to 0 on reset
20:56:34.05   GameInfo::ResetInfo - SyncLevel set to 0 on reset
20:56:34.05   GameInfo::ResetInfo - SyncLevel set to 0 on reset
20:56:34.05   GameInfo::ResetInfo - SyncLevel set to 0 on reset
20:56:34.05   GameInfo::ResetInfo - SyncLevel set to 0 on reset
20:56:34.05   GameInfo::ResetInfo - SyncLevel set to 0 on reset
20:56:34.05   GameInfo::ResetInfo - SyncLevel set to 0 on reset
20:56:34.05   GameInfo::ResetInfo - SyncLevel set to 0 on reset
20:56:34.05   GameInfo::ResetInfo - SyncLevel set to 0 on reset
20:56:34.05   GameInfo::ResetInfo - SyncLevel set to 0 on reset
20:56:34.05   GameInfo::ResetInfo - SyncLevel set to 0 on reset
20:56:34.05   GameInfo::ResetInfo - SyncLevel set to 0 on reset
20:56:34.05   GameInfo::ResetInfo - SyncLevel set to 0 on reset
20:56:34.05   GameInfo::ResetInfo - SyncLevel set to 0 on reset
20:56:34.05   GameInfo::ResetInfo - SyncLevel set to 0 on reset
20:56:34.05   GameInfo::ResetInfo - SyncLevel set to 0 on reset
20:56:34.05   GameInfo::ResetInfo - SyncLevel set to 0 on reset
20:56:34.05   GameInfo::ResetInfo - SyncLevel set to 0 on reset
20:56:34.05   GameInfo::ResetInfo - SyncLevel set to 0 on reset
20:56:34.06   GameInfo::ResetInfo - SyncLevel set to 0 on reset
20:56:34.06   GameInfo::ResetInfo - SyncLevel set to 0 on reset
20:56:34.06   GameInfo::ResetInfo - SyncLevel set to 0 on reset
20:56:34.06   GameInfo::ResetInfo - SyncLevel set to 0 on reset
20:56:34.06   GameInfo::ResetInfo - SyncLevel set to 0 on reset
20:56:34.06   GameInfo::ResetInfo - SyncLevel set to 0 on reset
20:56:34.06   GameInfo::ResetInfo - SyncLevel set to 0 on reset
20:56:34.06   GameInfo::ResetInfo - SyncLevel set to 0 on reset
20:56:34.06   GameInfo::ResetInfo - SyncLevel set to 0 on reset
20:56:34.06   GameInfo::ResetInfo - SyncLevel set to 0 on reset
20:56:34.06   GameInfo::ResetInfo - SyncLevel set to 0 on reset
20:56:34.06   GameInfo::ResetInfo - SyncLevel set to 0 on reset
20:56:34.06   GameInfo::ResetInfo - SyncLevel set to 0 on reset
20:56:34.06   GameInfo::ResetInfo - SyncLevel set to 0 on reset
20:56:34.06   GameInfo::ResetInfo - SyncLevel set to 0 on reset
20:56:34.06   GameInfo::ResetInfo - SyncLevel set to 0 on reset
20:56:34.06   GameInfo::ResetInfo - SyncLevel set to 0 on reset
20:56:34.06   GameInfo::ResetInfo - SyncLevel set to 0 on reset
20:56:34.06   GameInfo::ResetInfo - SyncLevel set to 0 on reset
20:56:34.06   GameInfo::ResetInfo - SyncLevel set to 0 on reset
20:56:34.06   GameInfo::ResetInfo - SyncLevel set to 0 on reset
20:56:34.06   GameInfo::ResetInfo - SyncLevel set to 0 on reset
20:56:34.07   GameInfo::ResetInfo - SyncLevel set to 0 on reset
20:56:34.07   GameInfo::ResetInfo - SyncLevel set to 0 on reset
20:56:34.07   GameInfo::ResetInfo - SyncLevel set to 0 on reset
20:56:34.07   GameInfo::ResetInfo - SyncLevel set to 0 on reset
20:56:34.07   GameInfo::ResetInfo - SyncLevel set to 0 on reset
20:56:34.07   GameInfo::ResetInfo - SyncLevel set to 0 on reset
20:56:34.07   GameInfo::ResetInfo - SyncLevel set to 0 on reset
20:56:34.07   GameInfo::ResetInfo - SyncLevel set to 0 on reset
20:56:34.07   GameInfo::ResetInfo - SyncLevel set to 0 on reset
20:56:34.07   GameInfo::ResetInfo - SyncLevel set to 0 on reset
20:56:34.07   GameInfo::ResetInfo - SyncLevel set to 0 on reset
20:56:34.07   GameInfo::ResetInfo - SyncLevel set to 0 on reset
20:56:34.07   GameInfo::ResetInfo - SyncLevel set to 0 on reset
20:56:34.07   GameInfo::ResetInfo - SyncLevel set to 0 on reset
20:56:34.07   GameInfo::ResetInfo - SyncLevel set to 0 on reset
20:56:34.07   GameInfo::ResetInfo - SyncLevel set to 0 on reset
20:56:34.07   GameInfo::ResetInfo - SyncLevel set to 0 on reset
20:56:34.07   GameInfo::ResetInfo - SyncLevel set to 0 on reset
20:56:34.07   GameInfo::ResetInfo - SyncLevel set to 0 on reset
20:56:34.07   GameInfo::ResetInfo - SyncLevel set to 0 on reset
20:56:34.07   GameInfo::ResetInfo - SyncLevel set to 0 on reset
20:56:34.07   GameInfo::ResetInfo - SyncLevel set to 0 on reset
20:56:34.07   GameInfo::ResetInfo - SyncLevel set to 0 on reset
20:56:34.07   GameInfo::ResetInfo - SyncLevel set to 0 on reset
20:56:34.07   GameInfo::ResetInfo - SyncLevel set to 0 on reset
20:56:34.07   GameInfo::ResetInfo - SyncLevel set to 0 on reset
20:56:34.07   GameInfo::ResetInfo - SyncLevel set to 0 on reset
20:56:34.08   GameInfo::ResetInfo - SyncLevel set to 0 on reset
20:56:34.08   GameInfo::ResetInfo - SyncLevel set to 0 on reset
20:56:34.08   GameInfo::ResetInfo - SyncLevel set to 0 on reset
20:56:34.08   GameInfo::ResetInfo - SyncLevel set to 0 on reset
20:56:34.08   GameInfo::ResetInfo - SyncLevel set to 0 on reset
20:56:34.08   GameInfo::ResetInfo - SyncLevel set to 0 on reset
20:56:34.08   GameInfo::ResetInfo - SyncLevel set to 0 on reset
20:56:34.08   GameInfo::ResetInfo - SyncLevel set to 0 on reset
20:56:34.08   GameInfo::ResetInfo - SyncLevel set to 0 on reset
20:56:34.08   GameInfo::ResetInfo - SyncLevel set to 0 on reset
20:56:34.08   GameInfo::ResetInfo - SyncLevel set to 0 on reset
20:56:34.08   GameInfo::ResetInfo - SyncLevel set to 0 on reset
20:56:34.08   GameInfo::ResetInfo - SyncLevel set to 0 on reset
20:56:34.08   GameInfo::ResetInfo - SyncLevel set to 0 on reset
20:56:34.08   GameInfo::ResetInfo - SyncLevel set to 0 on reset
20:56:34.08   GameInfo::ResetInfo - SyncLevel set to 0 on reset
20:56:34.08   GameInfo::ResetInfo - SyncLevel set to 0 on reset
20:56:34.08   GameInfo::ResetInfo - SyncLevel set to 0 on reset
20:56:34.08   GameInfo::ResetInfo - SyncLevel set to 0 on reset
20:56:34.08   GameInfo::ResetInfo - SyncLevel set to 0 on reset
20:56:34.08   GameInfo::ResetInfo - SyncLevel set to 0 on reset
20:56:34.08   GameInfo::ResetInfo - SyncLevel set to 0 on reset
20:56:34.08   GameInfo::ResetInfo - SyncLevel set to 0 on reset
20:56:34.08   GameInfo::ResetInfo - SyncLevel set to 0 on reset
20:56:34.08   GameInfo::ResetInfo - SyncLevel set to 0 on reset
20:56:34.08   GameInfo::ResetInfo - SyncLevel set to 0 on reset
20:56:34.08   GameInfo::ResetInfo - SyncLevel set to 0 on reset
20:56:34.08   GameInfo::ResetInfo - SyncLevel set to 0 on reset
20:56:34.08   GameInfo::ResetInfo - SyncLevel set to 0 on reset
20:56:34.08   GameInfo::ResetInfo - SyncLevel set to 0 on reset
20:56:34.08   GameInfo::ResetInfo - SyncLevel set to 0 on reset
20:56:34.08   GameInfo::ResetInfo - SyncLevel set to 0 on reset
20:56:34.09   GameInfo::ResetInfo - SyncLevel set to 0 on reset
20:56:34.09   GameInfo::ResetInfo - SyncLevel set to 0 on reset
20:56:34.09   GameInfo::ResetInfo - SyncLevel set to 0 on reset
20:56:34.09   GameInfo::ResetInfo - SyncLevel set to 0 on reset
20:56:34.09   GameInfo::ResetInfo - SyncLevel set to 0 on reset
20:56:34.09   GameInfo::ResetInfo - SyncLevel set to 0 on reset
20:56:34.09   GameInfo::ResetInfo - SyncLevel set to 0 on reset
20:56:34.09   GameInfo::ResetInfo - SyncLevel set to 0 on reset
20:56:34.09   GameInfo::ResetInfo - SyncLevel set to 0 on reset
20:56:34.09   GameInfo::ResetInfo - SyncLevel set to 0 on reset
20:56:34.09   GameInfo::ResetInfo - SyncLevel set to 0 on reset
20:56:34.09   GameInfo::ResetInfo - SyncLevel set to 0 on reset
20:56:34.09   GameInfo::ResetInfo - SyncLevel set to 0 on reset
20:56:34.09   GameInfo::ResetInfo - SyncLevel set to 0 on reset
20:56:34.09   GameInfo::ResetInfo - SyncLevel set to 0 on reset
20:56:34.09   GameInfo::ResetInfo - SyncLevel set to 0 on reset
20:56:34.09   GameInfo::ResetInfo - SyncLevel set to 0 on reset
20:56:34.09   GameInfo::ResetInfo - SyncLevel set to 0 on reset
20:56:34.09   GameInfo::ResetInfo - SyncLevel set to 0 on reset
20:56:34.09   GameInfo::ResetInfo - SyncLevel set to 0 on reset
20:56:34.09   GameInfo::ResetInfo - SyncLevel set to 0 on reset
20:56:34.09   GameInfo::ResetInfo - SyncLevel set to 0 on reset
20:56:34.09   GameInfo::ResetInfo - SyncLevel set to 0 on reset
20:56:34.09   GameInfo::ResetInfo - SyncLevel set to 0 on reset
20:56:34.09   GameInfo::ResetInfo - SyncLevel set to 0 on reset
20:56:34.10   GameInfo::ResetInfo - SyncLevel set to 0 on reset
20:56:34.10   GameInfo::ResetInfo - SyncLevel set to 0 on reset
20:56:34.10   GameInfo::ResetInfo - SyncLevel set to 0 on reset
20:56:34.10   GameInfo::ResetInfo - SyncLevel set to 0 on reset
20:56:34.10   GameInfo::ResetInfo - SyncLevel set to 0 on reset
20:56:34.10   GameInfo::ResetInfo - SyncLevel set to 0 on reset
20:56:34.10   GameInfo::ResetInfo - SyncLevel set to 0 on reset
20:56:34.10   GameInfo::ResetInfo - SyncLevel set to 0 on reset
20:56:34.10   GameInfo::ResetInfo - SyncLevel set to 0 on reset
20:56:34.10   GameInfo::ResetInfo - SyncLevel set to 0 on reset
20:56:34.10   GameInfo::ResetInfo - SyncLevel set to 0 on reset
20:56:34.10   GameInfo::ResetInfo - SyncLevel set to 0 on reset
20:56:34.10   GameInfo::ResetInfo - SyncLevel set to 0 on reset
20:56:34.10   GameInfo::ResetInfo - SyncLevel set to 0 on reset
20:56:34.10   GameInfo::ResetInfo - SyncLevel set to 0 on reset
20:56:34.10   GameInfo::ResetInfo - SyncLevel set to 0 on reset
20:56:34.10   GameInfo::ResetInfo - SyncLevel set to 0 on reset
20:56:34.10   GameInfo::ResetInfo - SyncLevel set to 0 on reset
20:56:34.10   GameInfo::ResetInfo - SyncLevel set to 0 on reset
20:56:34.10   GameInfo::ResetInfo - SyncLevel set to 0 on reset
20:56:34.10   GameInfo::ResetInfo - SyncLevel set to 0 on reset
20:56:34.10   GameInfo::ResetInfo - SyncLevel set to 0 on reset
20:56:34.10   GameInfo::ResetInfo - SyncLevel set to 0 on reset
20:56:34.10   GameInfo::ResetInfo - SyncLevel set to 0 on reset
20:56:34.10   GameInfo::ResetInfo - SyncLevel set to 0 on reset
20:56:34.10   GameInfo::ResetInfo - SyncLevel set to 0 on reset
20:56:34.10   GameInfo::ResetInfo - SyncLevel set to 0 on reset
20:56:34.11   GameInfo::ResetInfo - SyncLevel set to 0 on reset
20:56:34.11   GameInfo::ResetInfo - SyncLevel set to 0 on reset
20:56:34.11   GAME -- Error reading header for recorded game PLAYBACK:4p_rails_and_metal20110731195813__[GameReplays.org].rec
20:56:34.11   GameInfo::ResetInfo - SyncLevel set to 0 on reset
20:56:34.11   GameInfo::ResetInfo - SyncLevel set to 0 on reset
20:56:34.11   GAME -- Error reading header for recorded game PLAYBACK:4p_rails_and_metal20110801000124__[GameReplays.org].rec
20:56:34.11   GameInfo::ResetInfo - SyncLevel set to 0 on reset
20:56:34.11   GameInfo::ResetInfo - SyncLevel set to 0 on reset
20:56:34.11   GAME -- Error reading header for recorded game PLAYBACK:4p_rails_and_metal20120827200108__[GameReplays.org].rec
20:56:34.11   GameInfo::ResetInfo - SyncLevel set to 0 on reset
20:56:34.11   GameInfo::ResetInfo - SyncLevel set to 0 on reset
20:56:34.11   GameInfo::ResetInfo - SyncLevel set to 0 on reset
20:56:34.11   GameInfo::ResetInfo - SyncLevel set to 0 on reset
20:56:34.11   GameInfo::ResetInfo - SyncLevel set to 0 on reset
20:56:34.11   GameInfo::ResetInfo - SyncLevel set to 0 on reset
20:56:34.11   GameInfo::ResetInfo - SyncLevel set to 0 on reset
20:56:34.11   GameInfo::ResetInfo - SyncLevel set to 0 on reset
20:56:34.11   GameInfo::ResetInfo - SyncLevel set to 0 on reset
20:56:34.11   GameInfo::ResetInfo - SyncLevel set to 0 on reset
20:56:34.11   GameInfo::ResetInfo - SyncLevel set to 0 on reset
20:56:34.11   GameInfo::ResetInfo - SyncLevel set to 0 on reset
20:56:34.11   GameInfo::ResetInfo - SyncLevel set to 0 on reset
20:56:34.11   GameInfo::ResetInfo - SyncLevel set to 0 on reset
20:56:34.11   GameInfo::ResetInfo - SyncLevel set to 0 on reset
20:56:34.11   GameInfo::ResetInfo - SyncLevel set to 0 on reset
20:56:34.11   GameInfo::ResetInfo - SyncLevel set to 0 on reset
20:56:34.11   GameInfo::ResetInfo - SyncLevel set to 0 on reset
20:56:34.11   GameInfo::ResetInfo - SyncLevel set to 0 on reset
20:56:34.11   GameInfo::ResetInfo - SyncLevel set to 0 on reset
20:56:34.11   GameInfo::ResetInfo - SyncLevel set to 0 on reset
20:56:34.11   GameInfo::ResetInfo - SyncLevel set to 0 on reset
20:56:34.11   GameInfo::ResetInfo - SyncLevel set to 0 on reset
20:56:34.11   GameInfo::ResetInfo - SyncLevel set to 0 on reset
20:56:34.11   GameInfo::ResetInfo - SyncLevel set to 0 on reset
20:56:34.11   GameInfo::ResetInfo - SyncLevel set to 0 on reset
20:56:34.11   GameInfo::ResetInfo - SyncLevel set to 0 on reset
20:56:34.11   GameInfo::ResetInfo - SyncLevel set to 0 on reset
20:56:34.12   GameInfo::ResetInfo - SyncLevel set to 0 on reset
20:56:34.12   GameInfo::ResetInfo - SyncLevel set to 0 on reset
20:56:34.12   GameInfo::ResetInfo - SyncLevel set to 0 on reset
20:56:34.12   GameInfo::ResetInfo - SyncLevel set to 0 on reset
20:56:34.12   GameInfo::ResetInfo - SyncLevel set to 0 on reset
20:56:34.12   GameInfo::ResetInfo - SyncLevel set to 0 on reset
20:56:34.12   GameInfo::ResetInfo - SyncLevel set to 0 on reset
20:56:34.12   GameInfo::ResetInfo - SyncLevel set to 0 on reset
20:56:34.12   GameInfo::ResetInfo - SyncLevel set to 0 on reset
20:56:34.12   GameInfo::ResetInfo - SyncLevel set to 0 on reset
20:56:34.12   GameInfo::ResetInfo - SyncLevel set to 0 on reset
20:56:34.12   GameInfo::ResetInfo - SyncLevel set to 0 on reset
20:56:34.12   GameInfo::ResetInfo - SyncLevel set to 0 on reset
20:56:34.12   GameInfo::ResetInfo - SyncLevel set to 0 on reset
20:56:34.12   GameInfo::ResetInfo - SyncLevel set to 0 on reset
20:56:34.12   GameInfo::ResetInfo - SyncLevel set to 0 on reset
20:56:34.12   GameInfo::ResetInfo - SyncLevel set to 0 on reset
20:56:34.12   GameInfo::ResetInfo - SyncLevel set to 0 on reset
20:56:34.12   GameInfo::ResetInfo - SyncLevel set to 0 on reset
20:56:34.12   GameInfo::ResetInfo - SyncLevel set to 0 on reset
20:56:34.12   GameInfo::ResetInfo - SyncLevel set to 0 on reset
20:56:34.12   GameInfo::ResetInfo - SyncLevel set to 0 on reset
20:56:34.12   GameInfo::ResetInfo - SyncLevel set to 0 on reset
20:56:34.13   GameInfo::ResetInfo - SyncLevel set to 0 on reset
20:56:34.13   GameInfo::ResetInfo - SyncLevel set to 0 on reset
20:56:34.13   GameInfo::ResetInfo - SyncLevel set to 0 on reset
20:56:34.13   GameInfo::ResetInfo - SyncLevel set to 0 on reset
20:56:34.13   GameInfo::ResetInfo - SyncLevel set to 0 on reset
20:56:34.13   GameInfo::ResetInfo - SyncLevel set to 0 on reset
20:56:34.13   GameInfo::ResetInfo - SyncLevel set to 0 on reset
20:56:34.13   GameInfo::ResetInfo - SyncLevel set to 0 on reset
20:56:34.13   GameInfo::ResetInfo - SyncLevel set to 0 on reset
20:56:34.13   GameInfo::ResetInfo - SyncLevel set to 0 on reset
20:56:34.13   GameInfo::ResetInfo - SyncLevel set to 0 on reset
20:56:34.13   GameInfo::ResetInfo - SyncLevel set to 0 on reset
20:56:34.13   GameInfo::ResetInfo - SyncLevel set to 0 on reset
20:56:34.13   GameInfo::ResetInfo - SyncLevel set to 0 on reset
20:56:34.13   GameInfo::ResetInfo - SyncLevel set to 0 on reset
20:56:34.13   GameInfo::ResetInfo - SyncLevel set to 0 on reset
20:56:34.13   GameInfo::ResetInfo - SyncLevel set to 0 on reset
20:56:34.13   GameInfo::ResetInfo - SyncLevel set to 0 on reset
20:56:34.13   GameInfo::ResetInfo - SyncLevel set to 0 on reset
20:56:34.13   GameInfo::ResetInfo - SyncLevel set to 0 on reset
20:56:34.13   GameInfo::ResetInfo - SyncLevel set to 0 on reset
20:56:34.13   GameInfo::ResetInfo - SyncLevel set to 0 on reset
20:56:34.13   GameInfo::ResetInfo - SyncLevel set to 0 on reset
20:56:34.13   GameInfo::ResetInfo - SyncLevel set to 0 on reset
20:56:34.13   GameInfo::ResetInfo - SyncLevel set to 0 on reset
20:56:34.13   GameInfo::ResetInfo - SyncLevel set to 0 on reset
20:56:34.13   GameInfo::ResetInfo - SyncLevel set to 0 on reset
20:56:34.14   GameInfo::ResetInfo - SyncLevel set to 0 on reset
20:56:34.14   GameInfo::ResetInfo - SyncLevel set to 0 on reset
20:56:34.14   GameInfo::ResetInfo - SyncLevel set to 0 on reset
20:56:34.14   GameInfo::ResetInfo - SyncLevel set to 0 on reset
20:56:34.14   GameInfo::ResetInfo - SyncLevel set to 0 on reset
20:56:34.14   GameInfo::ResetInfo - SyncLevel set to 0 on reset
20:56:34.14   GameInfo::ResetInfo - SyncLevel set to 0 on reset
20:56:34.14   GameInfo::ResetInfo - SyncLevel set to 0 on reset
20:56:34.14   GameInfo::ResetInfo - SyncLevel set to 0 on reset
20:56:34.14   GameInfo::ResetInfo - SyncLevel set to 0 on reset
20:56:34.14   GameInfo::ResetInfo - SyncLevel set to 0 on reset
20:56:34.14   GameInfo::ResetInfo - SyncLevel set to 0 on reset
20:56:34.14   GameInfo::ResetInfo - SyncLevel set to 0 on reset
20:56:34.14   GameInfo::ResetInfo - SyncLevel set to 0 on reset
20:56:34.14   GameInfo::ResetInfo - SyncLevel set to 0 on reset
20:56:34.14   GameInfo::ResetInfo - SyncLevel set to 0 on reset
20:56:34.14   GameInfo::ResetInfo - SyncLevel set to 0 on reset
20:56:34.14   GameInfo::ResetInfo - SyncLevel set to 0 on reset
20:56:34.14   GameInfo::ResetInfo - SyncLevel set to 0 on reset
20:56:34.14   GameInfo::ResetInfo - SyncLevel set to 0 on reset
20:56:34.14   GameInfo::ResetInfo - SyncLevel set to 0 on reset
20:56:34.14   GameInfo::ResetInfo - SyncLevel set to 0 on reset
20:56:34.14   GameInfo::ResetInfo - SyncLevel set to 0 on reset
20:56:34.14   GameInfo::ResetInfo - SyncLevel set to 0 on reset
20:56:34.14   GameInfo::ResetInfo - SyncLevel set to 0 on reset
20:56:34.14   GameInfo::ResetInfo - SyncLevel set to 0 on reset
20:56:34.14   GameInfo::ResetInfo - SyncLevel set to 0 on reset
20:56:34.14   GameInfo::ResetInfo - SyncLevel set to 0 on reset
20:56:34.14   GameInfo::ResetInfo - SyncLevel set to 0 on reset
20:56:34.14   GameInfo::ResetInfo - SyncLevel set to 0 on reset
20:56:34.14   GameInfo::ResetInfo - SyncLevel set to 0 on reset
20:56:34.14   GameInfo::ResetInfo - SyncLevel set to 0 on reset
20:56:34.14   GameInfo::ResetInfo - SyncLevel set to 0 on reset
20:56:34.15   GameInfo::ResetInfo - SyncLevel set to 0 on reset
20:56:34.15   GameInfo::ResetInfo - SyncLevel set to 0 on reset
20:56:34.15   GameInfo::ResetInfo - SyncLevel set to 0 on reset
20:56:34.15   GameInfo::ResetInfo - SyncLevel set to 0 on reset
20:56:34.15   GameInfo::ResetInfo - SyncLevel set to 0 on reset
20:56:34.15   GameInfo::ResetInfo - SyncLevel set to 0 on reset
20:56:34.15   GameInfo::ResetInfo - SyncLevel set to 0 on reset
20:56:34.15   GameInfo::ResetInfo - SyncLevel set to 0 on reset
20:56:34.15   GameInfo::ResetInfo - SyncLevel set to 0 on reset
20:56:34.15   GameInfo::ResetInfo - SyncLevel set to 0 on reset
20:56:34.15   GameInfo::ResetInfo - SyncLevel set to 0 on reset
20:56:34.15   GameInfo::ResetInfo - SyncLevel set to 0 on reset
20:56:34.15   GameInfo::ResetInfo - SyncLevel set to 0 on reset
20:56:34.15   GameInfo::ResetInfo - SyncLevel set to 0 on reset
20:56:34.15   GameInfo::ResetInfo - SyncLevel set to 0 on reset
20:56:34.15   GameInfo::ResetInfo - SyncLevel set to 0 on reset
20:56:34.15   GameInfo::ResetInfo - SyncLevel set to 0 on reset
20:56:34.15   GAME -- Error reading header for recorded game PLAYBACK:4p_wolfheze20090305210256__[GameReplays.org].rec
20:56:34.15   GameInfo::ResetInfo - SyncLevel set to 0 on reset
20:56:34.15   GameInfo::ResetInfo - SyncLevel set to 0 on reset
20:56:34.15   GameInfo::ResetInfo - SyncLevel set to 0 on reset
20:56:34.15   GameInfo::ResetInfo - SyncLevel set to 0 on reset
20:56:34.15   GameInfo::ResetInfo - SyncLevel set to 0 on reset
20:56:34.15   GameInfo::ResetInfo - SyncLevel set to 0 on reset
20:56:34.16   GameInfo::ResetInfo - SyncLevel set to 0 on reset
20:56:34.16   GameInfo::ResetInfo - SyncLevel set to 0 on reset
20:56:34.16   GameInfo::ResetInfo - SyncLevel set to 0 on reset
20:56:34.16   GameInfo::ResetInfo - SyncLevel set to 0 on reset
20:56:34.16   GameInfo::ResetInfo - SyncLevel set to 0 on reset
20:56:34.16   GameInfo::ResetInfo - SyncLevel set to 0 on reset
20:56:34.16   GameInfo::ResetInfo - SyncLevel set to 0 on reset
20:56:34.16   GameInfo::ResetInfo - SyncLevel set to 0 on reset
20:56:34.16   GameInfo::ResetInfo - SyncLevel set to 0 on reset
20:56:34.16   GameInfo::ResetInfo - SyncLevel set to 0 on reset
20:56:34.16   GameInfo::ResetInfo - SyncLevel set to 0 on reset
20:56:34.16   GameInfo::ResetInfo - SyncLevel set to 0 on reset
20:56:34.16   GameInfo::ResetInfo - SyncLevel set to 0 on reset
20:56:34.16   GameInfo::ResetInfo - SyncLevel set to 0 on reset
20:56:34.16   GameInfo::ResetInfo - SyncLevel set to 0 on reset
20:56:34.16   GameInfo::ResetInfo - SyncLevel set to 0 on reset
20:56:34.16   GameInfo::ResetInfo - SyncLevel set to 0 on reset
20:56:34.16   GameInfo::ResetInfo - SyncLevel set to 0 on reset
20:56:34.16   GameInfo::ResetInfo - SyncLevel set to 0 on reset
20:56:34.16   GameInfo::ResetInfo - SyncLevel set to 0 on reset
20:56:34.16   GameInfo::ResetInfo - SyncLevel set to 0 on reset
20:56:34.16   GameInfo::ResetInfo - SyncLevel set to 0 on reset
20:56:34.16   GameInfo::ResetInfo - SyncLevel set to 0 on reset
20:56:34.16   GameInfo::ResetInfo - SyncLevel set to 0 on reset
20:56:34.16   GameInfo::ResetInfo - SyncLevel set to 0 on reset
20:56:34.16   GameInfo::ResetInfo - SyncLevel set to 0 on reset
20:56:34.16   GameInfo::ResetInfo - SyncLevel set to 0 on reset
20:56:34.16   GameInfo::ResetInfo - SyncLevel set to 0 on reset
20:56:34.16   GameInfo::ResetInfo - SyncLevel set to 0 on reset
20:56:34.16   GameInfo::ResetInfo - SyncLevel set to 0 on reset
20:56:34.16   GameInfo::ResetInfo - SyncLevel set to 0 on reset
20:56:34.16   GameInfo::ResetInfo - SyncLevel set to 0 on reset
20:56:34.16   GameInfo::ResetInfo - SyncLevel set to 0 on reset
20:56:34.16   GameInfo::ResetInfo - SyncLevel set to 0 on reset
20:56:34.16   GameInfo::ResetInfo - SyncLevel set to 0 on reset
20:56:34.16   GameInfo::ResetInfo - SyncLevel set to 0 on reset
20:56:34.17   GameInfo::ResetInfo - SyncLevel set to 0 on reset
20:56:34.17   GameInfo::ResetInfo - SyncLevel set to 0 on reset
20:56:34.17   GameInfo::ResetInfo - SyncLevel set to 0 on reset
20:56:34.17   GameInfo::ResetInfo - SyncLevel set to 0 on reset
20:56:34.17   GameInfo::ResetInfo - SyncLevel set to 0 on reset
20:56:34.17   GameInfo::ResetInfo - SyncLevel set to 0 on reset
20:56:34.17   GameInfo::ResetInfo - SyncLevel set to 0 on reset
20:56:34.17   GameInfo::ResetInfo - SyncLevel set to 0 on reset
20:56:34.17   GameInfo::ResetInfo - SyncLevel set to 0 on reset
20:56:34.17   GameInfo::ResetInfo - SyncLevel set to 0 on reset
20:56:34.17   GameInfo::ResetInfo - SyncLevel set to 0 on reset
20:56:34.17   GameInfo::ResetInfo - SyncLevel set to 0 on reset
20:56:34.17   GameInfo::ResetInfo - SyncLevel set to 0 on reset
20:56:34.17   GameInfo::ResetInfo - SyncLevel set to 0 on reset
20:56:34.17   GameInfo::ResetInfo - SyncLevel set to 0 on reset
20:56:34.17   GameInfo::ResetInfo - SyncLevel set to 0 on reset
20:56:34.17   GameInfo::ResetInfo - SyncLevel set to 0 on reset
20:56:34.17   GameInfo::ResetInfo - SyncLevel set to 0 on reset
20:56:34.17   GameInfo::ResetInfo - SyncLevel set to 0 on reset
20:56:34.17   GameInfo::ResetInfo - SyncLevel set to 0 on reset
20:56:34.17   GameInfo::ResetInfo - SyncLevel set to 0 on reset
20:56:34.17   GameInfo::ResetInfo - SyncLevel set to 0 on reset
20:56:34.17   GameInfo::ResetInfo - SyncLevel set to 0 on reset
20:56:34.17   GameInfo::ResetInfo - SyncLevel set to 0 on reset
20:56:34.17   GameInfo::ResetInfo - SyncLevel set to 0 on reset
20:56:34.17   GameInfo::ResetInfo - SyncLevel set to 0 on reset
20:56:34.17   GameInfo::ResetInfo - SyncLevel set to 0 on reset
20:56:34.18   GameInfo::ResetInfo - SyncLevel set to 0 on reset
20:56:34.18   GameInfo::ResetInfo - SyncLevel set to 0 on reset
20:56:34.18   GameInfo::ResetInfo - SyncLevel set to 0 on reset
20:56:34.18   GameInfo::ResetInfo - SyncLevel set to 0 on reset
20:56:34.18   GameInfo::ResetInfo - SyncLevel set to 0 on reset
20:56:34.18   GameInfo::ResetInfo - SyncLevel set to 0 on reset
20:56:34.18   GameInfo::ResetInfo - SyncLevel set to 0 on reset
20:56:34.18   GameInfo::ResetInfo - SyncLevel set to 0 on reset
20:56:34.18   GameInfo::ResetInfo - SyncLevel set to 0 on reset
20:56:34.18   GameInfo::ResetInfo - SyncLevel set to 0 on reset
20:56:34.18   GameInfo::ResetInfo - SyncLevel set to 0 on reset
20:56:34.18   GameInfo::ResetInfo - SyncLevel set to 0 on reset
20:56:34.18   GameInfo::ResetInfo - SyncLevel set to 0 on reset
20:56:34.18   GameInfo::ResetInfo - SyncLevel set to 0 on reset
20:56:34.18   GameInfo::ResetInfo - SyncLevel set to 0 on reset
20:56:34.18   GameInfo::ResetInfo - SyncLevel set to 0 on reset
20:56:34.18   GameInfo::ResetInfo - SyncLevel set to 0 on reset
20:56:34.18   GameInfo::ResetInfo - SyncLevel set to 0 on reset
20:56:34.18   GameInfo::ResetInfo - SyncLevel set to 0 on reset
20:56:34.18   GameInfo::ResetInfo - SyncLevel set to 0 on reset
20:56:34.18   GameInfo::ResetInfo - SyncLevel set to 0 on reset
20:56:34.18   GameInfo::ResetInfo - SyncLevel set to 0 on reset
20:56:34.18   GameInfo::ResetInfo - SyncLevel set to 0 on reset
20:56:34.18   GameInfo::ResetInfo - SyncLevel set to 0 on reset
20:56:34.19   GameInfo::ResetInfo - SyncLevel set to 0 on reset
20:56:34.19   GameInfo::ResetInfo - SyncLevel set to 0 on reset
20:56:34.19   GameInfo::ResetInfo - SyncLevel set to 0 on reset
20:56:34.19   GameInfo::ResetInfo - SyncLevel set to 0 on reset
20:56:34.19   GameInfo::ResetInfo - SyncLevel set to 0 on reset
20:56:34.19   GameInfo::ResetInfo - SyncLevel set to 0 on reset
20:56:34.19   GameInfo::ResetInfo - SyncLevel set to 0 on reset
20:56:34.19   GameInfo::ResetInfo - SyncLevel set to 0 on reset
20:56:34.19   GameInfo::ResetInfo - SyncLevel set to 0 on reset
20:56:34.19   GameInfo::ResetInfo - SyncLevel set to 0 on reset
20:56:34.19   GameInfo::ResetInfo - SyncLevel set to 0 on reset
20:56:34.19   GameInfo::ResetInfo - SyncLevel set to 0 on reset
20:56:34.19   GameInfo::ResetInfo - SyncLevel set to 0 on reset
20:56:34.19   GameInfo::ResetInfo - SyncLevel set to 0 on reset
20:56:34.19   GameInfo::ResetInfo - SyncLevel set to 0 on reset
20:56:34.19   GameInfo::ResetInfo - SyncLevel set to 0 on reset
20:56:34.19   GameInfo::ResetInfo - SyncLevel set to 0 on reset
20:56:34.19   GameInfo::ResetInfo - SyncLevel set to 0 on reset
20:56:34.19   GameInfo::ResetInfo - SyncLevel set to 0 on reset
20:56:34.19   GameInfo::ResetInfo - SyncLevel set to 0 on reset
20:56:34.19   GameInfo::ResetInfo - SyncLevel set to 0 on reset
20:56:34.19   GameInfo::ResetInfo - SyncLevel set to 0 on reset
20:56:34.20   GameInfo::ResetInfo - SyncLevel set to 0 on reset
20:56:34.20   GameInfo::ResetInfo - SyncLevel set to 0 on reset
20:56:34.20   GameInfo::ResetInfo - SyncLevel set to 0 on reset
20:56:34.20   GameInfo::ResetInfo - SyncLevel set to 0 on reset
20:56:34.20   GameInfo::ResetInfo - SyncLevel set to 0 on reset
20:56:34.20   GameInfo::ResetInfo - SyncLevel set to 0 on reset
20:56:34.20   GameInfo::ResetInfo - SyncLevel set to 0 on reset
20:56:34.20   GameInfo::ResetInfo - SyncLevel set to 0 on reset
20:56:34.20   GameInfo::ResetInfo - SyncLevel set to 0 on reset
20:56:34.20   GameInfo::ResetInfo - SyncLevel set to 0 on reset
20:56:34.20   GameInfo::ResetInfo - SyncLevel set to 0 on reset
20:56:34.20   GameInfo::ResetInfo - SyncLevel set to 0 on reset
20:56:34.20   GameInfo::ResetInfo - SyncLevel set to 0 on reset
20:56:34.20   GameInfo::ResetInfo - SyncLevel set to 0 on reset
20:56:34.20   GameInfo::ResetInfo - SyncLevel set to 0 on reset
20:56:34.20   GameInfo::ResetInfo - SyncLevel set to 0 on reset
20:56:34.20   GameInfo::ResetInfo - SyncLevel set to 0 on reset
20:56:34.20   GameInfo::ResetInfo - SyncLevel set to 0 on reset
20:56:34.20   GameInfo::ResetInfo - SyncLevel set to 0 on reset
20:56:34.20   GameInfo::ResetInfo - SyncLevel set to 0 on reset
20:56:34.21   GameInfo::ResetInfo - SyncLevel set to 0 on reset
20:56:34.21   GameInfo::ResetInfo - SyncLevel set to 0 on reset
20:56:34.21   GameInfo::ResetInfo - SyncLevel set to 0 on reset
20:56:34.21   GameInfo::ResetInfo - SyncLevel set to 0 on reset
20:56:34.21   GameInfo::ResetInfo - SyncLevel set to 0 on reset
20:56:34.21   GameInfo::ResetInfo - SyncLevel set to 0 on reset
20:56:34.21   GameInfo::ResetInfo - SyncLevel set to 0 on reset
20:56:34.21   GameInfo::ResetInfo - SyncLevel set to 0 on reset
20:56:34.21   GameInfo::ResetInfo - SyncLevel set to 0 on reset
20:56:34.21   GameInfo::ResetInfo - SyncLevel set to 0 on reset
20:56:34.21   GameInfo::ResetInfo - SyncLevel set to 0 on reset
20:56:34.21   GameInfo::ResetInfo - SyncLevel set to 0 on reset
20:56:34.21   GameInfo::ResetInfo - SyncLevel set to 0 on reset
20:56:34.21   GameInfo::ResetInfo - SyncLevel set to 0 on reset
20:56:34.21   GameInfo::ResetInfo - SyncLevel set to 0 on reset
20:56:34.21   GameInfo::ResetInfo - SyncLevel set to 0 on reset
20:56:34.21   GameInfo::ResetInfo - SyncLevel set to 0 on reset
20:56:34.21   GameInfo::ResetInfo - SyncLevel set to 0 on reset
20:56:34.21   GameInfo::ResetInfo - SyncLevel set to 0 on reset
20:56:34.21   GameInfo::ResetInfo - SyncLevel set to 0 on reset
20:56:34.21   GameInfo::ResetInfo - SyncLevel set to 0 on reset
20:56:34.21   GameInfo::ResetInfo - SyncLevel set to 0 on reset
20:56:34.21   GameInfo::ResetInfo - SyncLevel set to 0 on reset
20:56:34.21   GameInfo::ResetInfo - SyncLevel set to 0 on reset
20:56:34.21   GameInfo::ResetInfo - SyncLevel set to 0 on reset
20:56:34.21   GameInfo::ResetInfo - SyncLevel set to 0 on reset
20:56:34.21   GameInfo::ResetInfo - SyncLevel set to 0 on reset
20:56:34.21   GameInfo::ResetInfo - SyncLevel set to 0 on reset
20:56:34.21   GameInfo::ResetInfo - SyncLevel set to 0 on reset
20:56:34.21   GameInfo::ResetInfo - SyncLevel set to 0 on reset
20:56:34.22   GameInfo::ResetInfo - SyncLevel set to 0 on reset
20:56:34.22   GameInfo::ResetInfo - SyncLevel set to 0 on reset
20:56:34.22   GameInfo::ResetInfo - SyncLevel set to 0 on reset
20:56:34.22   GameInfo::ResetInfo - SyncLevel set to 0 on reset
20:56:34.22   GameInfo::ResetInfo - SyncLevel set to 0 on reset
20:56:34.22   GameInfo::ResetInfo - SyncLevel set to 0 on reset
20:56:34.22   GameInfo::ResetInfo - SyncLevel set to 0 on reset
20:56:34.22   GameInfo::ResetInfo - SyncLevel set to 0 on reset
20:56:34.22   GameInfo::ResetInfo - SyncLevel set to 0 on reset
20:56:34.22   GameInfo::ResetInfo - SyncLevel set to 0 on reset
20:56:34.22   GameInfo::ResetInfo - SyncLevel set to 0 on reset
20:56:34.22   GameInfo::ResetInfo - SyncLevel set to 0 on reset
20:56:34.22   GameInfo::ResetInfo - SyncLevel set to 0 on reset
20:56:34.22   GameInfo::ResetInfo - SyncLevel set to 0 on reset
20:56:34.22   GAME -- Error reading header for recorded game PLAYBACK:6p_close_river_combat.2018-01-28.00-37-43.rec
20:56:34.22   GameInfo::ResetInfo - SyncLevel set to 0 on reset
20:56:34.22   GameInfo::ResetInfo - SyncLevel set to 0 on reset
20:56:34.22   GAME -- Error reading header for recorded game PLAYBACK:6p_close_river_combat.2018-01-31.23-35-59.rec
20:56:34.22   GameInfo::ResetInfo - SyncLevel set to 0 on reset
20:56:34.22   GameInfo::ResetInfo - SyncLevel set to 0 on reset
20:56:34.22   GameInfo::ResetInfo - SyncLevel set to 0 on reset
20:56:34.22   GameInfo::ResetInfo - SyncLevel set to 0 on reset
20:56:34.22   GameInfo::ResetInfo - SyncLevel set to 0 on reset
20:56:34.22   GameInfo::ResetInfo - SyncLevel set to 0 on reset
20:56:34.22   GameInfo::ResetInfo - SyncLevel set to 0 on reset
20:56:34.22   GameInfo::ResetInfo - SyncLevel set to 0 on reset
20:56:34.23   GameInfo::ResetInfo - SyncLevel set to 0 on reset
20:56:34.23   GameInfo::ResetInfo - SyncLevel set to 0 on reset
20:56:34.23   GameInfo::ResetInfo - SyncLevel set to 0 on reset
20:56:34.23   GameInfo::ResetInfo - SyncLevel set to 0 on reset
20:56:34.23   GameInfo::ResetInfo - SyncLevel set to 0 on reset
20:56:34.23   GameInfo::ResetInfo - SyncLevel set to 0 on reset
20:56:34.23   GameInfo::ResetInfo - SyncLevel set to 0 on reset
20:56:34.23   GameInfo::ResetInfo - SyncLevel set to 0 on reset
20:56:34.23   GameInfo::ResetInfo - SyncLevel set to 0 on reset
20:56:34.23   GameInfo::ResetInfo - SyncLevel set to 0 on reset
20:56:34.23   GameInfo::ResetInfo - SyncLevel set to 0 on reset
20:56:34.23   GameInfo::ResetInfo - SyncLevel set to 0 on reset
20:56:34.23   GameInfo::ResetInfo - SyncLevel set to 0 on reset
20:56:34.23   GameInfo::ResetInfo - SyncLevel set to 0 on reset
20:56:34.23   GameInfo::ResetInfo - SyncLevel set to 0 on reset
20:56:34.23   GameInfo::ResetInfo - SyncLevel set to 0 on reset
20:56:34.23   GameInfo::ResetInfo - SyncLevel set to 0 on reset
20:56:34.23   GameInfo::ResetInfo - SyncLevel set to 0 on reset
20:56:34.23   GameInfo::ResetInfo - SyncLevel set to 0 on reset
20:56:34.23   GameInfo::ResetInfo - SyncLevel set to 0 on reset
20:56:34.23   GameInfo::ResetInfo - SyncLevel set to 0 on reset
20:56:34.23   GameInfo::ResetInfo - SyncLevel set to 0 on reset
20:56:34.24   GameInfo::ResetInfo - SyncLevel set to 0 on reset
20:56:34.24   GameInfo::ResetInfo - SyncLevel set to 0 on reset
20:56:34.24   GameInfo::ResetInfo - SyncLevel set to 0 on reset
20:56:34.24   GameInfo::ResetInfo - SyncLevel set to 0 on reset
20:56:34.24   GameInfo::ResetInfo - SyncLevel set to 0 on reset
20:56:34.24   GameInfo::ResetInfo - SyncLevel set to 0 on reset
20:56:34.24   GameInfo::ResetInfo - SyncLevel set to 0 on reset
20:56:34.24   GameInfo::ResetInfo - SyncLevel set to 0 on reset
20:56:34.24   GameInfo::ResetInfo - SyncLevel set to 0 on reset
20:56:34.24   GameInfo::ResetInfo - SyncLevel set to 0 on reset
20:56:34.24   GameInfo::ResetInfo - SyncLevel set to 0 on reset
20:56:34.24   GameInfo::ResetInfo - SyncLevel set to 0 on reset
20:56:34.24   GameInfo::ResetInfo - SyncLevel set to 0 on reset
20:56:34.24   GameInfo::ResetInfo - SyncLevel set to 0 on reset
20:56:34.24   GameInfo::ResetInfo - SyncLevel set to 0 on reset
20:56:34.24   GameInfo::ResetInfo - SyncLevel set to 0 on reset
20:56:34.24   GameInfo::ResetInfo - SyncLevel set to 0 on reset
20:56:34.24   GameInfo::ResetInfo - SyncLevel set to 0 on reset
20:56:34.24   GameInfo::ResetInfo - SyncLevel set to 0 on reset
20:56:34.24   GameInfo::ResetInfo - SyncLevel set to 0 on reset
20:56:34.24   GameInfo::ResetInfo - SyncLevel set to 0 on reset
20:56:34.24   GameInfo::ResetInfo - SyncLevel set to 0 on reset
20:56:34.24   GameInfo::ResetInfo - SyncLevel set to 0 on reset
20:56:34.24   GameInfo::ResetInfo - SyncLevel set to 0 on reset
20:56:34.25   GameInfo::ResetInfo - SyncLevel set to 0 on reset
20:56:34.25   GameInfo::ResetInfo - SyncLevel set to 0 on reset
20:56:34.25   GameInfo::ResetInfo - SyncLevel set to 0 on reset
20:56:34.25   GameInfo::ResetInfo - SyncLevel set to 0 on reset
20:56:34.25   GameInfo::ResetInfo - SyncLevel set to 0 on reset
20:56:34.25   GameInfo::ResetInfo - SyncLevel set to 0 on reset
20:56:34.25   GameInfo::ResetInfo - SyncLevel set to 0 on reset
20:56:34.25   GameInfo::ResetInfo - SyncLevel set to 0 on reset
20:56:34.25   GameInfo::ResetInfo - SyncLevel set to 0 on reset
20:56:34.25   GameInfo::ResetInfo - SyncLevel set to 0 on reset
20:56:34.25   GameInfo::ResetInfo - SyncLevel set to 0 on reset
20:56:34.25   GameInfo::ResetInfo - SyncLevel set to 0 on reset
20:56:34.25   GameInfo::ResetInfo - SyncLevel set to 0 on reset
20:56:34.25   GameInfo::ResetInfo - SyncLevel set to 0 on reset
20:56:34.25   GameInfo::ResetInfo - SyncLevel set to 0 on reset
20:56:34.25   GameInfo::ResetInfo - SyncLevel set to 0 on reset
20:56:34.25   GameInfo::ResetInfo - SyncLevel set to 0 on reset
20:56:34.25   GameInfo::ResetInfo - SyncLevel set to 0 on reset
20:56:34.25   GameInfo::ResetInfo - SyncLevel set to 0 on reset
20:56:34.25   GameInfo::ResetInfo - SyncLevel set to 0 on reset
20:56:34.25   GameInfo::ResetInfo - SyncLevel set to 0 on reset
20:56:34.25   GameInfo::ResetInfo - SyncLevel set to 0 on reset
20:56:34.25   GameInfo::ResetInfo - SyncLevel set to 0 on reset
20:56:34.25   GameInfo::ResetInfo - SyncLevel set to 0 on reset
20:56:34.25   GameInfo::ResetInfo - SyncLevel set to 0 on reset
20:56:34.25   GameInfo::ResetInfo - SyncLevel set to 0 on reset
20:56:34.25   GameInfo::ResetInfo - SyncLevel set to 0 on reset
20:56:34.25   GameInfo::ResetInfo - SyncLevel set to 0 on reset
20:56:34.25   GameInfo::ResetInfo - SyncLevel set to 0 on reset
20:56:34.26   GameInfo::ResetInfo - SyncLevel set to 0 on reset
20:56:34.26   GameInfo::ResetInfo - SyncLevel set to 0 on reset
20:56:34.26   GameInfo::ResetInfo - SyncLevel set to 0 on reset
20:56:34.26   GameInfo::ResetInfo - SyncLevel set to 0 on reset
20:56:34.26   GameInfo::ResetInfo - SyncLevel set to 0 on reset
20:56:34.26   GameInfo::ResetInfo - SyncLevel set to 0 on reset
20:56:34.26   GameInfo::ResetInfo - SyncLevel set to 0 on reset
20:56:34.26   GameInfo::ResetInfo - SyncLevel set to 0 on reset
20:56:34.26   GameInfo::ResetInfo - SyncLevel set to 0 on reset
20:56:34.26   GameInfo::ResetInfo - SyncLevel set to 0 on reset
20:56:34.26   GameInfo::ResetInfo - SyncLevel set to 0 on reset
20:56:34.26   GameInfo::ResetInfo - SyncLevel set to 0 on reset
20:56:34.26   GameInfo::ResetInfo - SyncLevel set to 0 on reset
20:56:34.26   GameInfo::ResetInfo - SyncLevel set to 0 on reset
20:56:34.26   GameInfo::ResetInfo - SyncLevel set to 0 on reset
20:56:34.26   GameInfo::ResetInfo - SyncLevel set to 0 on reset
20:56:34.26   GameInfo::ResetInfo - SyncLevel set to 0 on reset
20:56:34.26   GameInfo::ResetInfo - SyncLevel set to 0 on reset
20:56:34.26   GameInfo::ResetInfo - SyncLevel set to 0 on reset
20:56:34.27   GameInfo::ResetInfo - SyncLevel set to 0 on reset
20:56:34.27   GameInfo::ResetInfo - SyncLevel set to 0 on reset
20:56:34.27   GameInfo::ResetInfo - SyncLevel set to 0 on reset
20:56:34.27   GameInfo::ResetInfo - SyncLevel set to 0 on reset
20:56:34.27   GameInfo::ResetInfo - SyncLevel set to 0 on reset
20:56:34.27   GameInfo::ResetInfo - SyncLevel set to 0 on reset
20:56:34.27   GameInfo::ResetInfo - SyncLevel set to 0 on reset
20:56:34.27   GameInfo::ResetInfo - SyncLevel set to 0 on reset
20:56:34.27   GameInfo::ResetInfo - SyncLevel set to 0 on reset
20:56:34.27   GameInfo::ResetInfo - SyncLevel set to 0 on reset
20:56:34.27   GameInfo::ResetInfo - SyncLevel set to 0 on reset
20:56:34.27   GameInfo::ResetInfo - SyncLevel set to 0 on reset
20:56:34.27   GameInfo::ResetInfo - SyncLevel set to 0 on reset
20:56:34.27   GameInfo::ResetInfo - SyncLevel set to 0 on reset
20:56:34.27   GameInfo::ResetInfo - SyncLevel set to 0 on reset
20:56:34.27   GameInfo::ResetInfo - SyncLevel set to 0 on reset
20:56:34.27   GameInfo::ResetInfo - SyncLevel set to 0 on reset
20:56:34.27   GameInfo::ResetInfo - SyncLevel set to 0 on reset
20:56:34.27   GameInfo::ResetInfo - SyncLevel set to 0 on reset
20:56:34.27   GameInfo::ResetInfo - SyncLevel set to 0 on reset
20:56:34.27   GameInfo::ResetInfo - SyncLevel set to 0 on reset
20:56:34.27   GameInfo::ResetInfo - SyncLevel set to 0 on reset
20:56:34.27   GameInfo::ResetInfo - SyncLevel set to 0 on reset
20:56:34.27   GameInfo::ResetInfo - SyncLevel set to 0 on reset
20:56:34.27   GameInfo::ResetInfo - SyncLevel set to 0 on reset
20:56:34.27   GameInfo::ResetInfo - SyncLevel set to 0 on reset
20:56:34.27   GameInfo::ResetInfo - SyncLevel set to 0 on reset
20:56:34.28   GameInfo::ResetInfo - SyncLevel set to 0 on reset
20:56:34.28   GameInfo::ResetInfo - SyncLevel set to 0 on reset
20:56:34.28   GameInfo::ResetInfo - SyncLevel set to 0 on reset
20:56:34.28   GameInfo::ResetInfo - SyncLevel set to 0 on reset
20:56:34.28   GameInfo::ResetInfo - SyncLevel set to 0 on reset
20:56:34.28   GameInfo::ResetInfo - SyncLevel set to 0 on reset
20:56:34.28   GameInfo::ResetInfo - SyncLevel set to 0 on reset
20:56:34.28   GameInfo::ResetInfo - SyncLevel set to 0 on reset
20:56:34.28   GameInfo::ResetInfo - SyncLevel set to 0 on reset
20:56:34.28   GameInfo::ResetInfo - SyncLevel set to 0 on reset
20:56:34.28   GameInfo::ResetInfo - SyncLevel set to 0 on reset
20:56:34.28   GameInfo::ResetInfo - SyncLevel set to 0 on reset
20:56:34.28   GameInfo::ResetInfo - SyncLevel set to 0 on reset
20:56:34.28   GameInfo::ResetInfo - SyncLevel set to 0 on reset
20:56:34.28   GameInfo::ResetInfo - SyncLevel set to 0 on reset
20:56:34.28   GameInfo::ResetInfo - SyncLevel set to 0 on reset
20:56:34.28   GameInfo::ResetInfo - SyncLevel set to 0 on reset
20:56:34.28   GameInfo::ResetInfo - SyncLevel set to 0 on reset
20:56:34.28   GameInfo::ResetInfo - SyncLevel set to 0 on reset
20:56:34.28   GameInfo::ResetInfo - SyncLevel set to 0 on reset
20:56:34.28   GameInfo::ResetInfo - SyncLevel set to 0 on reset
20:56:34.28   GameInfo::ResetInfo - SyncLevel set to 0 on reset
20:56:34.28   GameInfo::ResetInfo - SyncLevel set to 0 on reset
20:56:34.28   GameInfo::ResetInfo - SyncLevel set to 0 on reset
20:56:34.28   GameInfo::ResetInfo - SyncLevel set to 0 on reset
20:56:34.28   GameInfo::ResetInfo - SyncLevel set to 0 on reset
20:56:34.28   GameInfo::ResetInfo - SyncLevel set to 0 on reset
20:56:34.28   GameInfo::ResetInfo - SyncLevel set to 0 on reset
20:56:34.28   GameInfo::ResetInfo - SyncLevel set to 0 on reset
20:56:34.28   GameInfo::ResetInfo - SyncLevel set to 0 on reset
20:56:34.29   GameInfo::ResetInfo - SyncLevel set to 0 on reset
20:56:34.29   GameInfo::ResetInfo - SyncLevel set to 0 on reset
20:56:34.29   GameInfo::ResetInfo - SyncLevel set to 0 on reset
20:56:34.29   GameInfo::ResetInfo - SyncLevel set to 0 on reset
20:56:34.29   GameInfo::ResetInfo - SyncLevel set to 0 on reset
20:56:34.29   GameInfo::ResetInfo - SyncLevel set to 0 on reset
20:56:34.29   GameInfo::ResetInfo - SyncLevel set to 0 on reset
20:56:34.29   GameInfo::ResetInfo - SyncLevel set to 0 on reset
20:56:34.29   GameInfo::ResetInfo - SyncLevel set to 0 on reset
20:56:34.29   GameInfo::ResetInfo - SyncLevel set to 0 on reset
20:56:34.29   GameInfo::ResetInfo - SyncLevel set to 0 on reset
20:56:34.29   GameInfo::ResetInfo - SyncLevel set to 0 on reset
20:56:34.29   GameInfo::ResetInfo - SyncLevel set to 0 on reset
20:56:34.29   GameInfo::ResetInfo - SyncLevel set to 0 on reset
20:56:34.29   GameInfo::ResetInfo - SyncLevel set to 0 on reset
20:56:34.29   GameInfo::ResetInfo - SyncLevel set to 0 on reset
20:56:34.29   GameInfo::ResetInfo - SyncLevel set to 0 on reset
20:56:34.29   GameInfo::ResetInfo - SyncLevel set to 0 on reset
20:56:34.29   GameInfo::ResetInfo - SyncLevel set to 0 on reset
20:56:34.29   GameInfo::ResetInfo - SyncLevel set to 0 on reset
20:56:34.29   GameInfo::ResetInfo - SyncLevel set to 0 on reset
20:56:34.30   GameInfo::ResetInfo - SyncLevel set to 0 on reset
20:56:34.30   GameInfo::ResetInfo - SyncLevel set to 0 on reset
20:56:34.30   GameInfo::ResetInfo - SyncLevel set to 0 on reset
20:56:34.30   GameInfo::ResetInfo - SyncLevel set to 0 on reset
20:56:34.30   GameInfo::ResetInfo - SyncLevel set to 0 on reset
20:56:34.30   GameInfo::ResetInfo - SyncLevel set to 0 on reset
20:56:34.30   GameInfo::ResetInfo - SyncLevel set to 0 on reset
20:56:34.30   GameInfo::ResetInfo - SyncLevel set to 0 on reset
20:56:34.30   GameInfo::ResetInfo - SyncLevel set to 0 on reset
20:56:34.30   GameInfo::ResetInfo - SyncLevel set to 0 on reset
20:56:34.30   GameInfo::ResetInfo - SyncLevel set to 0 on reset
20:56:34.30   GameInfo::ResetInfo - SyncLevel set to 0 on reset
20:56:34.30   GameInfo::ResetInfo - SyncLevel set to 0 on reset
20:56:34.30   GameInfo::ResetInfo - SyncLevel set to 0 on reset
20:56:34.30   GameInfo::ResetInfo - SyncLevel set to 0 on reset
20:56:34.30   GameInfo::ResetInfo - SyncLevel set to 0 on reset
20:56:34.30   GameInfo::ResetInfo - SyncLevel set to 0 on reset
20:56:34.30   GameInfo::ResetInfo - SyncLevel set to 0 on reset
20:56:34.30   GameInfo::ResetInfo - SyncLevel set to 0 on reset
20:56:34.30   GameInfo::ResetInfo - SyncLevel set to 0 on reset
20:56:34.30   GameInfo::ResetInfo - SyncLevel set to 0 on reset
20:56:34.30   GameInfo::ResetInfo - SyncLevel set to 0 on reset
20:56:34.30   GameInfo::ResetInfo - SyncLevel set to 0 on reset
20:56:34.30   GameInfo::ResetInfo - SyncLevel set to 0 on reset
20:56:34.30   GameInfo::ResetInfo - SyncLevel set to 0 on reset
20:56:34.30   GameInfo::ResetInfo - SyncLevel set to 0 on reset
20:56:34.30   GameInfo::ResetInfo - SyncLevel set to 0 on reset
20:56:34.30   GameInfo::ResetInfo - SyncLevel set to 0 on reset
20:56:34.30   GameInfo::ResetInfo - SyncLevel set to 0 on reset
20:56:34.30   GameInfo::ResetInfo - SyncLevel set to 0 on reset
20:56:34.30   GameInfo::ResetInfo - SyncLevel set to 0 on reset
20:56:34.30   GameInfo::ResetInfo - SyncLevel set to 0 on reset
20:56:34.30   GameInfo::ResetInfo - SyncLevel set to 0 on reset
20:56:34.31   GameInfo::ResetInfo - SyncLevel set to 0 on reset
20:56:34.31   GameInfo::ResetInfo - SyncLevel set to 0 on reset
20:56:34.31   GameInfo::ResetInfo - SyncLevel set to 0 on reset
20:56:34.31   GameInfo::ResetInfo - SyncLevel set to 0 on reset
20:56:34.31   GameInfo::ResetInfo - SyncLevel set to 0 on reset
20:56:34.31   GameInfo::ResetInfo - SyncLevel set to 0 on reset
20:56:34.31   GameInfo::ResetInfo - SyncLevel set to 0 on reset
20:56:34.31   GameInfo::ResetInfo - SyncLevel set to 0 on reset
20:56:34.31   GameInfo::ResetInfo - SyncLevel set to 0 on reset
20:56:34.31   GameInfo::ResetInfo - SyncLevel set to 0 on reset
20:56:34.31   GameInfo::ResetInfo - SyncLevel set to 0 on reset
20:56:34.31   GameInfo::ResetInfo - SyncLevel set to 0 on reset
20:56:34.31   GameInfo::ResetInfo - SyncLevel set to 0 on reset
20:56:34.31   GameInfo::ResetInfo - SyncLevel set to 0 on reset
20:56:34.31   GameInfo::ResetInfo - SyncLevel set to 0 on reset
20:56:34.31   GameInfo::ResetInfo - SyncLevel set to 0 on reset
20:56:34.31   GameInfo::ResetInfo - SyncLevel set to 0 on reset
20:56:34.31   GameInfo::ResetInfo - SyncLevel set to 0 on reset
20:56:34.31   GameInfo::ResetInfo - SyncLevel set to 0 on reset
20:56:34.31   GameInfo::ResetInfo - SyncLevel set to 0 on reset
20:56:34.31   GameInfo::ResetInfo - SyncLevel set to 0 on reset
20:56:34.31   GameInfo::ResetInfo - SyncLevel set to 0 on reset
20:56:34.31   GameInfo::ResetInfo - SyncLevel set to 0 on reset
20:56:34.31   GameInfo::ResetInfo - SyncLevel set to 0 on reset
20:56:34.31   GameInfo::ResetInfo - SyncLevel set to 0 on reset
20:56:34.31   GameInfo::ResetInfo - SyncLevel set to 0 on reset
20:56:34.31   GameInfo::ResetInfo - SyncLevel set to 0 on reset
20:56:34.31   GameInfo::ResetInfo - SyncLevel set to 0 on reset
20:56:34.31   GameInfo::ResetInfo - SyncLevel set to 0 on reset
20:56:34.31   GameInfo::ResetInfo - SyncLevel set to 0 on reset
20:56:34.31   GameInfo::ResetInfo - SyncLevel set to 0 on reset
20:56:34.31   GameInfo::ResetInfo - SyncLevel set to 0 on reset
20:56:34.31   GameInfo::ResetInfo - SyncLevel set to 0 on reset
20:56:34.32   GameInfo::ResetInfo - SyncLevel set to 0 on reset
20:56:34.32   GameInfo::ResetInfo - SyncLevel set to 0 on reset
20:56:34.32   GameInfo::ResetInfo - SyncLevel set to 0 on reset
20:56:34.32   GameInfo::ResetInfo - SyncLevel set to 0 on reset
20:56:34.32   GameInfo::ResetInfo - SyncLevel set to 0 on reset
20:56:34.32   GameInfo::ResetInfo - SyncLevel set to 0 on reset
20:56:34.32   GameInfo::ResetInfo - SyncLevel set to 0 on reset
20:56:34.32   GameInfo::ResetInfo - SyncLevel set to 0 on reset
20:56:34.32   GameInfo::ResetInfo - SyncLevel set to 0 on reset
20:56:34.32   GameInfo::ResetInfo - SyncLevel set to 0 on reset
20:56:34.32   GameInfo::ResetInfo - SyncLevel set to 0 on reset
20:56:34.32   GameInfo::ResetInfo - SyncLevel set to 0 on reset
20:56:34.32   GameInfo::ResetInfo - SyncLevel set to 0 on reset
20:56:34.32   GameInfo::ResetInfo - SyncLevel set to 0 on reset
20:56:34.32   GameInfo::ResetInfo - SyncLevel set to 0 on reset
20:56:34.32   GameInfo::ResetInfo - SyncLevel set to 0 on reset
20:56:34.32   GameInfo::ResetInfo - SyncLevel set to 0 on reset
20:56:34.32   GameInfo::ResetInfo - SyncLevel set to 0 on reset
20:56:34.33   GameInfo::ResetInfo - SyncLevel set to 0 on reset
20:56:34.33   GameInfo::ResetInfo - SyncLevel set to 0 on reset
20:56:34.33   GameInfo::ResetInfo - SyncLevel set to 0 on reset
20:56:34.33   GameInfo::ResetInfo - SyncLevel set to 0 on reset
20:56:34.33   GameInfo::ResetInfo - SyncLevel set to 0 on reset
20:56:34.33   GameInfo::ResetInfo - SyncLevel set to 0 on reset
20:56:34.33   GAME -- Error reading header for recorded game PLAYBACK:8P SEMOIS REMASTERED 07.2021-03-27.02-50-45.rec
20:56:34.33   GameInfo::ResetInfo - SyncLevel set to 0 on reset
20:56:34.33   GameInfo::ResetInfo - SyncLevel set to 0 on reset
20:56:34.33   GameInfo::ResetInfo - SyncLevel set to 0 on reset
20:56:34.33   GAME -- Error reading header for recorded game PLAYBACK:8P SEMOIS REMASTERED 07.2021-03-27.03-39-59.rec
20:56:34.33   GameInfo::ResetInfo - SyncLevel set to 0 on reset
20:56:34.33   GameInfo::ResetInfo - SyncLevel set to 0 on reset
20:56:34.33   GameInfo::ResetInfo - SyncLevel set to 0 on reset
20:56:34.33   GAME -- Error reading header for recorded game PLAYBACK:8P SEMOIS REMASTERED 07.2021-03-31.03-23-44.rec
20:56:34.33   GameInfo::ResetInfo - SyncLevel set to 0 on reset
20:56:34.33   GameInfo::ResetInfo - SyncLevel set to 0 on reset
20:56:34.33   GameInfo::ResetInfo - SyncLevel set to 0 on reset
20:56:34.33   GAME -- Error reading header for recorded game PLAYBACK:8P SEMOIS REMASTERED 07.2021-04-28.02-52-08.rec
20:56:34.33   GameInfo::ResetInfo - SyncLevel set to 0 on reset
20:56:34.33   GameInfo::ResetInfo - SyncLevel set to 0 on reset
20:56:34.33   GameInfo::ResetInfo - SyncLevel set to 0 on reset
20:56:34.33   GAME -- Error reading header for recorded game PLAYBACK:8P_CLOSE_RIVER_COMBAT.2018-01-08.20-06-29.rec
20:56:34.33   GameInfo::ResetInfo - SyncLevel set to 0 on reset
20:56:34.33   GameInfo::ResetInfo - SyncLevel set to 0 on reset
20:56:34.33   GameInfo::ResetInfo - SyncLevel set to 0 on reset
20:56:34.33   GameInfo::ResetInfo - SyncLevel set to 0 on reset
20:56:34.33   GameInfo::ResetInfo - SyncLevel set to 0 on reset
20:56:34.33   GameInfo::ResetInfo - SyncLevel set to 0 on reset
20:56:34.34   GameInfo::ResetInfo - SyncLevel set to 0 on reset
20:56:34.34   GameInfo::ResetInfo - SyncLevel set to 0 on reset
20:56:34.34   GameInfo::ResetInfo - SyncLevel set to 0 on reset
20:56:34.34   GameInfo::ResetInfo - SyncLevel set to 0 on reset
20:56:34.34   GameInfo::ResetInfo - SyncLevel set to 0 on reset
20:56:34.34   GameInfo::ResetInfo - SyncLevel set to 0 on reset
20:56:34.34   GameInfo::ResetInfo - SyncLevel set to 0 on reset
20:56:34.34   GameInfo::ResetInfo - SyncLevel set to 0 on reset
20:56:34.34   GameInfo::ResetInfo - SyncLevel set to 0 on reset
20:56:34.34   GameInfo::ResetInfo - SyncLevel set to 0 on reset
20:56:34.34   GameInfo::ResetInfo - SyncLevel set to 0 on reset
20:56:34.34   GameInfo::ResetInfo - SyncLevel set to 0 on reset
20:56:34.34   GameInfo::ResetInfo - SyncLevel set to 0 on reset
20:56:34.34   GameInfo::ResetInfo - SyncLevel set to 0 on reset
20:56:34.34   GameInfo::ResetInfo - SyncLevel set to 0 on reset
20:56:34.34   GameInfo::ResetInfo - SyncLevel set to 0 on reset
20:56:34.34   GameInfo::ResetInfo - SyncLevel set to 0 on reset
20:56:34.34   GameInfo::ResetInfo - SyncLevel set to 0 on reset
20:56:34.34   GameInfo::ResetInfo - SyncLevel set to 0 on reset
20:56:34.34   GameInfo::ResetInfo - SyncLevel set to 0 on reset
20:56:34.34   GameInfo::ResetInfo - SyncLevel set to 0 on reset
20:56:34.34   GameInfo::ResetInfo - SyncLevel set to 0 on reset
20:56:34.34   GameInfo::ResetInfo - SyncLevel set to 0 on reset
20:56:34.34   GameInfo::ResetInfo - SyncLevel set to 0 on reset
20:56:34.34   GameInfo::ResetInfo - SyncLevel set to 0 on reset
20:56:34.34   GameInfo::ResetInfo - SyncLevel set to 0 on reset
20:56:34.35   GameInfo::ResetInfo - SyncLevel set to 0 on reset
20:56:34.35   GameInfo::ResetInfo - SyncLevel set to 0 on reset
20:56:34.35   GameInfo::ResetInfo - SyncLevel set to 0 on reset
20:56:34.35   GameInfo::ResetInfo - SyncLevel set to 0 on reset
20:56:34.35   GameInfo::ResetInfo - SyncLevel set to 0 on reset
20:56:34.35   GameInfo::ResetInfo - SyncLevel set to 0 on reset
20:56:34.35   GameInfo::ResetInfo - SyncLevel set to 0 on reset
20:56:34.35   GameInfo::ResetInfo - SyncLevel set to 0 on reset
20:56:34.35   GameInfo::ResetInfo - SyncLevel set to 0 on reset
20:56:34.35   GameInfo::ResetInfo - SyncLevel set to 0 on reset
20:56:34.35   GameInfo::ResetInfo - SyncLevel set to 0 on reset
20:56:34.35   GameInfo::ResetInfo - SyncLevel set to 0 on reset
20:56:34.35   GameInfo::ResetInfo - SyncLevel set to 0 on reset
20:56:34.35   GameInfo::ResetInfo - SyncLevel set to 0 on reset
20:56:34.35   GameInfo::ResetInfo - SyncLevel set to 0 on reset
20:56:34.35   GameInfo::ResetInfo - SyncLevel set to 0 on reset
20:56:34.36   GameInfo::ResetInfo - SyncLevel set to 0 on reset
20:56:34.36   GameInfo::ResetInfo - SyncLevel set to 0 on reset
20:56:34.36   GameInfo::ResetInfo - SyncLevel set to 0 on reset
20:56:34.36   GameInfo::ResetInfo - SyncLevel set to 0 on reset
20:56:34.36   GameInfo::ResetInfo - SyncLevel set to 0 on reset
20:56:34.36   GameInfo::ResetInfo - SyncLevel set to 0 on reset
20:56:34.36   GameInfo::ResetInfo - SyncLevel set to 0 on reset
20:56:34.36   GameInfo::ResetInfo - SyncLevel set to 0 on reset
20:56:34.36   GameInfo::ResetInfo - SyncLevel set to 0 on reset
20:56:34.36   GameInfo::ResetInfo - SyncLevel set to 0 on reset
20:56:34.36   GameInfo::ResetInfo - SyncLevel set to 0 on reset
20:56:34.36   GameInfo::ResetInfo - SyncLevel set to 0 on reset
20:56:34.36   GameInfo::ResetInfo - SyncLevel set to 0 on reset
20:56:34.36   GameInfo::ResetInfo - SyncLevel set to 0 on reset
20:56:34.36   GameInfo::ResetInfo - SyncLevel set to 0 on reset
20:56:34.36   GameInfo::ResetInfo - SyncLevel set to 0 on reset
20:56:34.36   GameInfo::ResetInfo - SyncLevel set to 0 on reset
20:56:34.36   GameInfo::ResetInfo - SyncLevel set to 0 on reset
20:56:34.36   GameInfo::ResetInfo - SyncLevel set to 0 on reset
20:56:34.36   GameInfo::ResetInfo - SyncLevel set to 0 on reset
20:56:34.36   GameInfo::ResetInfo - SyncLevel set to 0 on reset
20:56:34.36   GameInfo::ResetInfo - SyncLevel set to 0 on reset
20:56:34.36   GameInfo::ResetInfo - SyncLevel set to 0 on reset
20:56:34.36   GameInfo::ResetInfo - SyncLevel set to 0 on reset
20:56:34.36   GameInfo::ResetInfo - SyncLevel set to 0 on reset
20:56:34.36   GameInfo::ResetInfo - SyncLevel set to 0 on reset
20:56:34.36   GameInfo::ResetInfo - SyncLevel set to 0 on reset
20:56:34.37   GameInfo::ResetInfo - SyncLevel set to 0 on reset
20:56:34.37   GameInfo::ResetInfo - SyncLevel set to 0 on reset
20:56:34.37   GameInfo::ResetInfo - SyncLevel set to 0 on reset
20:56:34.37   GameInfo::ResetInfo - SyncLevel set to 0 on reset
20:56:34.37   GameInfo::ResetInfo - SyncLevel set to 0 on reset
20:56:34.37   GameInfo::ResetInfo - SyncLevel set to 0 on reset
20:56:34.37   GameInfo::ResetInfo - SyncLevel set to 0 on reset
20:56:34.37   GameInfo::ResetInfo - SyncLevel set to 0 on reset
20:56:34.37   GameInfo::ResetInfo - SyncLevel set to 0 on reset
20:56:34.37   GameInfo::ResetInfo - SyncLevel set to 0 on reset
20:56:34.37   GameInfo::ResetInfo - SyncLevel set to 0 on reset
20:56:34.37   GameInfo::ResetInfo - SyncLevel set to 0 on reset
20:56:34.37   GameInfo::ResetInfo - SyncLevel set to 0 on reset
20:56:34.37   GameInfo::ResetInfo - SyncLevel set to 0 on reset
20:56:34.37   GameInfo::ResetInfo - SyncLevel set to 0 on reset
20:56:34.37   GameInfo::ResetInfo - SyncLevel set to 0 on reset
20:56:34.37   GameInfo::ResetInfo - SyncLevel set to 0 on reset
20:56:34.37   GameInfo::ResetInfo - SyncLevel set to 0 on reset
20:56:34.37   GameInfo::ResetInfo - SyncLevel set to 0 on reset
20:56:34.37   GameInfo::ResetInfo - SyncLevel set to 0 on reset
20:56:34.37   GameInfo::ResetInfo - SyncLevel set to 0 on reset
20:56:34.37   GameInfo::ResetInfo - SyncLevel set to 0 on reset
20:56:34.37   GameInfo::ResetInfo - SyncLevel set to 0 on reset
20:56:34.37   GameInfo::ResetInfo - SyncLevel set to 0 on reset
20:56:34.37   GameInfo::ResetInfo - SyncLevel set to 0 on reset
20:56:34.37   GameInfo::ResetInfo - SyncLevel set to 0 on reset
20:56:34.37   GameInfo::ResetInfo - SyncLevel set to 0 on reset
20:56:34.37   GameInfo::ResetInfo - SyncLevel set to 0 on reset
20:56:34.37   GameInfo::ResetInfo - SyncLevel set to 0 on reset
20:56:34.38   GameInfo::ResetInfo - SyncLevel set to 0 on reset
20:56:34.38   GameInfo::ResetInfo - SyncLevel set to 0 on reset
20:56:34.38   GameInfo::ResetInfo - SyncLevel set to 0 on reset
20:56:34.38   GameInfo::ResetInfo - SyncLevel set to 0 on reset
20:56:34.38   GameInfo::ResetInfo - SyncLevel set to 0 on reset
20:56:34.38   GameInfo::ResetInfo - SyncLevel set to 0 on reset
20:56:34.38   GameInfo::ResetInfo - SyncLevel set to 0 on reset
20:56:34.38   GameInfo::ResetInfo - SyncLevel set to 0 on reset
20:56:34.38   GameInfo::ResetInfo - SyncLevel set to 0 on reset
20:56:34.38   GameInfo::ResetInfo - SyncLevel set to 0 on reset
20:56:34.38   GameInfo::ResetInfo - SyncLevel set to 0 on reset
20:56:34.38   GameInfo::ResetInfo - SyncLevel set to 0 on reset
20:56:34.38   GameInfo::ResetInfo - SyncLevel set to 0 on reset
20:56:34.38   GameInfo::ResetInfo - SyncLevel set to 0 on reset
20:56:34.38   GameInfo::ResetInfo - SyncLevel set to 0 on reset
20:56:34.38   GameInfo::ResetInfo - SyncLevel set to 0 on reset
20:56:34.39   GameInfo::ResetInfo - SyncLevel set to 0 on reset
20:56:34.39   GameInfo::ResetInfo - SyncLevel set to 0 on reset
20:56:34.39   GameInfo::ResetInfo - SyncLevel set to 0 on reset
20:56:34.39   GameInfo::ResetInfo - SyncLevel set to 0 on reset
20:56:34.39   GameInfo::ResetInfo - SyncLevel set to 0 on reset
20:56:34.39   GameInfo::ResetInfo - SyncLevel set to 0 on reset
20:56:34.39   GameInfo::ResetInfo - SyncLevel set to 0 on reset
20:56:34.39   GameInfo::ResetInfo - SyncLevel set to 0 on reset
20:56:34.39   GameInfo::ResetInfo - SyncLevel set to 0 on reset
20:56:34.39   GameInfo::ResetInfo - SyncLevel set to 0 on reset
20:56:34.39   GameInfo::ResetInfo - SyncLevel set to 0 on reset
20:56:34.39   GameInfo::ResetInfo - SyncLevel set to 0 on reset
20:56:34.39   GameInfo::ResetInfo - SyncLevel set to 0 on reset
20:56:34.39   GameInfo::ResetInfo - SyncLevel set to 0 on reset
20:56:34.39   GameInfo::ResetInfo - SyncLevel set to 0 on reset
20:56:34.39   GameInfo::ResetInfo - SyncLevel set to 0 on reset
20:56:34.39   GameInfo::ResetInfo - SyncLevel set to 0 on reset
20:56:34.39   GameInfo::ResetInfo - SyncLevel set to 0 on reset
20:56:34.39   GameInfo::ResetInfo - SyncLevel set to 0 on reset
20:56:34.39   GameInfo::ResetInfo - SyncLevel set to 0 on reset
20:56:34.39   GameInfo::ResetInfo - SyncLevel set to 0 on reset
20:56:34.40   GameInfo::ResetInfo - SyncLevel set to 0 on reset
20:56:34.40   GameInfo::ResetInfo - SyncLevel set to 0 on reset
20:56:34.40   GameInfo::ResetInfo - SyncLevel set to 0 on reset
20:56:34.40   GameInfo::ResetInfo - SyncLevel set to 0 on reset
20:56:34.40   GameInfo::ResetInfo - SyncLevel set to 0 on reset
20:56:34.40   GameInfo::ResetInfo - SyncLevel set to 0 on reset
20:56:34.40   GameInfo::ResetInfo - SyncLevel set to 0 on reset
20:56:34.40   GameInfo::ResetInfo - SyncLevel set to 0 on reset
20:56:34.40   GameInfo::ResetInfo - SyncLevel set to 0 on reset
20:56:34.40   GameInfo::ResetInfo - SyncLevel set to 0 on reset
20:56:34.40   GameInfo::ResetInfo - SyncLevel set to 0 on reset
20:56:34.40   GameInfo::ResetInfo - SyncLevel set to 0 on reset
20:56:34.40   GameInfo::ResetInfo - SyncLevel set to 0 on reset
20:56:34.40   GameInfo::ResetInfo - SyncLevel set to 0 on reset
20:56:34.40   GameInfo::ResetInfo - SyncLevel set to 0 on reset
20:56:34.40   GameInfo::ResetInfo - SyncLevel set to 0 on reset
20:56:34.40   GameInfo::ResetInfo - SyncLevel set to 0 on reset
20:56:34.40   GameInfo::ResetInfo - SyncLevel set to 0 on reset
20:56:34.40   GameInfo::ResetInfo - SyncLevel set to 0 on reset
20:56:34.40   GameInfo::ResetInfo - SyncLevel set to 0 on reset
20:56:34.40   GameInfo::ResetInfo - SyncLevel set to 0 on reset
20:56:34.40   GameInfo::ResetInfo - SyncLevel set to 0 on reset
20:56:34.40   GameInfo::ResetInfo - SyncLevel set to 0 on reset
20:56:34.40   GameInfo::ResetInfo - SyncLevel set to 0 on reset
20:56:34.41   GameInfo::ResetInfo - SyncLevel set to 0 on reset
20:56:34.41   GameInfo::ResetInfo - SyncLevel set to 0 on reset
20:56:34.41   GameInfo::ResetInfo - SyncLevel set to 0 on reset
20:56:34.41   GameInfo::ResetInfo - SyncLevel set to 0 on reset
20:56:34.41   GameInfo::ResetInfo - SyncLevel set to 0 on reset
20:56:34.41   GameInfo::ResetInfo - SyncLevel set to 0 on reset
20:56:34.41   GameInfo::ResetInfo - SyncLevel set to 0 on reset
20:56:34.41   GameInfo::ResetInfo - SyncLevel set to 0 on reset
20:56:34.41   GameInfo::ResetInfo - SyncLevel set to 0 on reset
20:56:34.41   GameInfo::ResetInfo - SyncLevel set to 0 on reset
20:56:34.41   GameInfo::ResetInfo - SyncLevel set to 0 on reset
20:56:34.41   GameInfo::ResetInfo - SyncLevel set to 0 on reset
20:56:34.41   GameInfo::ResetInfo - SyncLevel set to 0 on reset
20:56:34.41   GameInfo::ResetInfo - SyncLevel set to 0 on reset
20:56:34.41   GameInfo::ResetInfo - SyncLevel set to 0 on reset
20:56:34.41   GameInfo::ResetInfo - SyncLevel set to 0 on reset
20:56:34.41   GameInfo::ResetInfo - SyncLevel set to 0 on reset
20:56:34.41   GameInfo::ResetInfo - SyncLevel set to 0 on reset
20:56:34.41   GameInfo::ResetInfo - SyncLevel set to 0 on reset
20:56:34.41   GameInfo::ResetInfo - SyncLevel set to 0 on reset
20:56:34.41   GameInfo::ResetInfo - SyncLevel set to 0 on reset
20:56:34.42   GameInfo::ResetInfo - SyncLevel set to 0 on reset
20:56:34.42   GameInfo::ResetInfo - SyncLevel set to 0 on reset
20:56:34.42   GameInfo::ResetInfo - SyncLevel set to 0 on reset
20:56:34.42   GameInfo::ResetInfo - SyncLevel set to 0 on reset
20:56:34.42   GameInfo::ResetInfo - SyncLevel set to 0 on reset
20:56:34.42   GameInfo::ResetInfo - SyncLevel set to 0 on reset
20:56:34.42   GameInfo::ResetInfo - SyncLevel set to 0 on reset
20:56:34.42   GameInfo::ResetInfo - SyncLevel set to 0 on reset
20:56:34.42   GameInfo::ResetInfo - SyncLevel set to 0 on reset
20:56:34.42   GameInfo::ResetInfo - SyncLevel set to 0 on reset
20:56:34.42   GameInfo::ResetInfo - SyncLevel set to 0 on reset
20:56:34.42   GameInfo::ResetInfo - SyncLevel set to 0 on reset
20:56:34.42   GameInfo::ResetInfo - SyncLevel set to 0 on reset
20:56:34.42   GameInfo::ResetInfo - SyncLevel set to 0 on reset
20:56:34.42   GameInfo::ResetInfo - SyncLevel set to 0 on reset
20:56:34.42   GameInfo::ResetInfo - SyncLevel set to 0 on reset
20:56:34.42   GameInfo::ResetInfo - SyncLevel set to 0 on reset
20:56:34.42   GameInfo::ResetInfo - SyncLevel set to 0 on reset
20:56:34.42   GameInfo::ResetInfo - SyncLevel set to 0 on reset
20:56:34.42   GameInfo::ResetInfo - SyncLevel set to 0 on reset
20:56:34.42   GameInfo::ResetInfo - SyncLevel set to 0 on reset
20:56:34.42   GameInfo::ResetInfo - SyncLevel set to 0 on reset
20:56:34.42   GameInfo::ResetInfo - SyncLevel set to 0 on reset
20:56:34.42   GameInfo::ResetInfo - SyncLevel set to 0 on reset
20:56:34.43   GameInfo::ResetInfo - SyncLevel set to 0 on reset
20:56:34.43   GameInfo::ResetInfo - SyncLevel set to 0 on reset
20:56:34.43   GameInfo::ResetInfo - SyncLevel set to 0 on reset
20:56:34.43   GameInfo::ResetInfo - SyncLevel set to 0 on reset
20:56:34.43   GameInfo::ResetInfo - SyncLevel set to 0 on reset
20:56:34.43   GameInfo::ResetInfo - SyncLevel set to 0 on reset
20:56:34.43   GameInfo::ResetInfo - SyncLevel set to 0 on reset
20:56:34.43   GameInfo::ResetInfo - SyncLevel set to 0 on reset
20:56:34.43   GameInfo::ResetInfo - SyncLevel set to 0 on reset
20:56:34.43   GameInfo::ResetInfo - SyncLevel set to 0 on reset
20:56:34.43   GameInfo::ResetInfo - SyncLevel set to 0 on reset
20:56:34.43   GameInfo::ResetInfo - SyncLevel set to 0 on reset
20:56:34.43   GameInfo::ResetInfo - SyncLevel set to 0 on reset
20:56:34.43   GameInfo::ResetInfo - SyncLevel set to 0 on reset
20:56:34.43   GameInfo::ResetInfo - SyncLevel set to 0 on reset
20:56:34.43   GameInfo::ResetInfo - SyncLevel set to 0 on reset
20:56:34.43   GameInfo::ResetInfo - SyncLevel set to 0 on reset
20:56:34.43   GameInfo::ResetInfo - SyncLevel set to 0 on reset
20:56:34.43   GameInfo::ResetInfo - SyncLevel set to 0 on reset
20:56:34.43   GameInfo::ResetInfo - SyncLevel set to 0 on reset
20:56:34.43   GameInfo::ResetInfo - SyncLevel set to 0 on reset
20:56:34.43   GameInfo::ResetInfo - SyncLevel set to 0 on reset
20:56:34.43   GameInfo::ResetInfo - SyncLevel set to 0 on reset
20:56:34.43   GameInfo::ResetInfo - SyncLevel set to 0 on reset
20:56:34.44   GameInfo::ResetInfo - SyncLevel set to 0 on reset
20:56:34.44   GameInfo::ResetInfo - SyncLevel set to 0 on reset
20:56:34.44   GameInfo::ResetInfo - SyncLevel set to 0 on reset
20:56:34.44   GameInfo::ResetInfo - SyncLevel set to 0 on reset
20:56:34.44   GameInfo::ResetInfo - SyncLevel set to 0 on reset
20:56:34.44   GameInfo::ResetInfo - SyncLevel set to 0 on reset
20:56:34.44   GameInfo::ResetInfo - SyncLevel set to 0 on reset
20:56:34.44   GameInfo::ResetInfo - SyncLevel set to 0 on reset
20:56:34.44   GameInfo::ResetInfo - SyncLevel set to 0 on reset
20:56:34.44   GameInfo::ResetInfo - SyncLevel set to 0 on reset
20:56:34.44   GameInfo::ResetInfo - SyncLevel set to 0 on reset
20:56:34.44   GameInfo::ResetInfo - SyncLevel set to 0 on reset
20:56:34.44   GameInfo::ResetInfo - SyncLevel set to 0 on reset
20:56:34.44   GameInfo::ResetInfo - SyncLevel set to 0 on reset
20:56:34.44   GameInfo::ResetInfo - SyncLevel set to 0 on reset
20:56:34.44   GameInfo::ResetInfo - SyncLevel set to 0 on reset
20:56:34.44   RLINK -- SENDING FORCED ACK from Peer 6 to Peer 11 - timeSinceLastAckMS       2307, transmitAckLastTimeMS    3621594 | Peer ---E- M#00000000 Sack00000016 NSack00000000 (C0.0% S:0.0) [  ]
20:56:34.44   GameInfo::ResetInfo - SyncLevel set to 0 on reset
20:56:34.44   GameInfo::ResetInfo - SyncLevel set to 0 on reset
20:56:34.45   GameInfo::ResetInfo - SyncLevel set to 0 on reset
20:56:34.45   GameInfo::ResetInfo - SyncLevel set to 0 on reset
20:56:34.45   GameInfo::ResetInfo - SyncLevel set to 0 on reset
20:56:34.45   GameInfo::ResetInfo - SyncLevel set to 0 on reset
20:56:34.45   GameInfo::ResetInfo - SyncLevel set to 0 on reset
20:56:34.45   GameInfo::ResetInfo - SyncLevel set to 0 on reset
20:56:34.45   GameInfo::ResetInfo - SyncLevel set to 0 on reset
20:56:34.45   GameInfo::ResetInfo - SyncLevel set to 0 on reset
20:56:34.45   GameInfo::ResetInfo - SyncLevel set to 0 on reset
20:56:34.45   GameInfo::ResetInfo - SyncLevel set to 0 on reset
20:56:34.45   GameInfo::ResetInfo - SyncLevel set to 0 on reset
20:56:34.45   GameInfo::ResetInfo - SyncLevel set to 0 on reset
20:56:34.45   GameInfo::ResetInfo - SyncLevel set to 0 on reset
20:56:34.45   GameInfo::ResetInfo - SyncLevel set to 0 on reset
20:56:34.45   GameInfo::ResetInfo - SyncLevel set to 0 on reset
20:56:34.45   GameInfo::ResetInfo - SyncLevel set to 0 on reset
20:56:34.45   GameInfo::ResetInfo - SyncLevel set to 0 on reset
20:56:34.46   GameInfo::ResetInfo - SyncLevel set to 0 on reset
20:56:34.46   GameInfo::ResetInfo - SyncLevel set to 0 on reset
20:56:34.46   GameInfo::ResetInfo - SyncLevel set to 0 on reset
20:56:34.46   GameInfo::ResetInfo - SyncLevel set to 0 on reset
20:56:34.46   GameInfo::ResetInfo - SyncLevel set to 0 on reset
20:56:34.46   GameInfo::ResetInfo - SyncLevel set to 0 on reset
20:56:34.46   GameInfo::ResetInfo - SyncLevel set to 0 on reset
20:56:34.46   GameInfo::ResetInfo - SyncLevel set to 0 on reset
20:56:34.46   GameInfo::ResetInfo - SyncLevel set to 0 on reset
20:56:34.46   GameInfo::ResetInfo - SyncLevel set to 0 on reset
20:56:34.46   GameInfo::ResetInfo - SyncLevel set to 0 on reset
20:56:34.46   GameInfo::ResetInfo - SyncLevel set to 0 on reset
20:56:34.46   GameInfo::ResetInfo - SyncLevel set to 0 on reset
20:56:34.46   GameInfo::ResetInfo - SyncLevel set to 0 on reset
20:56:34.46   GameInfo::ResetInfo - SyncLevel set to 0 on reset
20:56:34.46   GameInfo::ResetInfo - SyncLevel set to 0 on reset
20:56:34.46   GameInfo::ResetInfo - SyncLevel set to 0 on reset
20:56:34.46   GameInfo::ResetInfo - SyncLevel set to 0 on reset
20:56:34.46   GameInfo::ResetInfo - SyncLevel set to 0 on reset
20:56:34.46   GameInfo::ResetInfo - SyncLevel set to 0 on reset
20:56:34.46   GameInfo::ResetInfo - SyncLevel set to 0 on reset
20:56:34.46   GameInfo::ResetInfo - SyncLevel set to 0 on reset
20:56:34.47   GameInfo::ResetInfo - SyncLevel set to 0 on reset
20:56:34.47   GameInfo::ResetInfo - SyncLevel set to 0 on reset
20:56:34.47   GameInfo::ResetInfo - SyncLevel set to 0 on reset
20:56:34.47   GameInfo::ResetInfo - SyncLevel set to 0 on reset
20:56:34.47   GameInfo::ResetInfo - SyncLevel set to 0 on reset
20:56:34.47   GameInfo::ResetInfo - SyncLevel set to 0 on reset
20:56:34.47   GameInfo::ResetInfo - SyncLevel set to 0 on reset
20:56:34.47   GameInfo::ResetInfo - SyncLevel set to 0 on reset
20:56:34.47   GameInfo::ResetInfo - SyncLevel set to 0 on reset
20:56:34.47   GameInfo::ResetInfo - SyncLevel set to 0 on reset
20:56:34.47   GameInfo::ResetInfo - SyncLevel set to 0 on reset
20:56:34.47   GameInfo::ResetInfo - SyncLevel set to 0 on reset
20:56:34.47   GameInfo::ResetInfo - SyncLevel set to 0 on reset
20:56:34.47   GameInfo::ResetInfo - SyncLevel set to 0 on reset
20:56:34.47   GameInfo::ResetInfo - SyncLevel set to 0 on reset
20:56:34.47   GameInfo::ResetInfo - SyncLevel set to 0 on reset
20:56:34.47   GameInfo::ResetInfo - SyncLevel set to 0 on reset
20:56:34.47   GameInfo::ResetInfo - SyncLevel set to 0 on reset
20:56:34.48   GameInfo::ResetInfo - SyncLevel set to 0 on reset
20:56:34.48   GameInfo::ResetInfo - SyncLevel set to 0 on reset
20:56:34.48   GameInfo::ResetInfo - SyncLevel set to 0 on reset
20:56:34.48   GameInfo::ResetInfo - SyncLevel set to 0 on reset
20:56:34.48   GameInfo::ResetInfo - SyncLevel set to 0 on reset
20:56:34.48   GameInfo::ResetInfo - SyncLevel set to 0 on reset
20:56:34.48   GameInfo::ResetInfo - SyncLevel set to 0 on reset
20:56:34.48   GameInfo::ResetInfo - SyncLevel set to 0 on reset
20:56:34.48   GameInfo::ResetInfo - SyncLevel set to 0 on reset
20:56:34.48   GameInfo::ResetInfo - SyncLevel set to 0 on reset
20:56:34.48   GameInfo::ResetInfo - SyncLevel set to 0 on reset
20:56:34.48   GameInfo::ResetInfo - SyncLevel set to 0 on reset
20:56:34.48   GameInfo::ResetInfo - SyncLevel set to 0 on reset
20:56:34.48   GameInfo::ResetInfo - SyncLevel set to 0 on reset
20:56:34.48   GameInfo::ResetInfo - SyncLevel set to 0 on reset
20:56:34.48   GameInfo::ResetInfo - SyncLevel set to 0 on reset
20:56:34.48   GameInfo::ResetInfo - SyncLevel set to 0 on reset
20:56:34.48   GameInfo::ResetInfo - SyncLevel set to 0 on reset
20:56:34.48   GameInfo::ResetInfo - SyncLevel set to 0 on reset
20:56:34.48   GameInfo::ResetInfo - SyncLevel set to 0 on reset
20:56:34.48   GameInfo::ResetInfo - SyncLevel set to 0 on reset
20:56:34.48   GameInfo::ResetInfo - SyncLevel set to 0 on reset
20:56:34.48   GameInfo::ResetInfo - SyncLevel set to 0 on reset
20:56:34.48   GameInfo::ResetInfo - SyncLevel set to 0 on reset
20:56:34.48   GameInfo::ResetInfo - SyncLevel set to 0 on reset
20:56:34.48   GameInfo::ResetInfo - SyncLevel set to 0 on reset
20:56:34.48   GameInfo::ResetInfo - SyncLevel set to 0 on reset
20:56:34.49   GameInfo::ResetInfo - SyncLevel set to 0 on reset
20:56:34.49   GameInfo::ResetInfo - SyncLevel set to 0 on reset
20:56:34.49   GameInfo::ResetInfo - SyncLevel set to 0 on reset
20:56:34.49   GameInfo::ResetInfo - SyncLevel set to 0 on reset
20:56:34.49   GameInfo::ResetInfo - SyncLevel set to 0 on reset
20:56:34.49   GameInfo::ResetInfo - SyncLevel set to 0 on reset
20:56:34.49   GameInfo::ResetInfo - SyncLevel set to 0 on reset
20:56:34.49   GameInfo::ResetInfo - SyncLevel set to 0 on reset
20:56:34.49   GameInfo::ResetInfo - SyncLevel set to 0 on reset
20:56:34.49   GameInfo::ResetInfo - SyncLevel set to 0 on reset
20:56:34.49   GameInfo::ResetInfo - SyncLevel set to 0 on reset
20:56:34.49   GameInfo::ResetInfo - SyncLevel set to 0 on reset
20:56:34.49   GameInfo::ResetInfo - SyncLevel set to 0 on reset
20:56:34.49   GameInfo::ResetInfo - SyncLevel set to 0 on reset
20:56:34.49   GameInfo::ResetInfo - SyncLevel set to 0 on reset
20:56:34.49   GameInfo::ResetInfo - SyncLevel set to 0 on reset
20:56:34.49   GameInfo::ResetInfo - SyncLevel set to 0 on reset
20:56:34.49   GameInfo::ResetInfo - SyncLevel set to 0 on reset
20:56:34.49   GameInfo::ResetInfo - SyncLevel set to 0 on reset
20:56:34.49   GameInfo::ResetInfo - SyncLevel set to 0 on reset
20:56:34.49   GameInfo::ResetInfo - SyncLevel set to 0 on reset
20:56:34.49   GameInfo::ResetInfo - SyncLevel set to 0 on reset
20:56:34.50   GameInfo::ResetInfo - SyncLevel set to 0 on reset
20:56:34.50   GameInfo::ResetInfo - SyncLevel set to 0 on reset
20:56:34.50   GameInfo::ResetInfo - SyncLevel set to 0 on reset
20:56:34.50   GameInfo::ResetInfo - SyncLevel set to 0 on reset
20:56:34.50   GameInfo::ResetInfo - SyncLevel set to 0 on reset
20:56:34.50   GameInfo::ResetInfo - SyncLevel set to 0 on reset
20:56:34.50   GameInfo::ResetInfo - SyncLevel set to 0 on reset
20:56:34.50   GameInfo::ResetInfo - SyncLevel set to 0 on reset
20:56:34.50   GameInfo::ResetInfo - SyncLevel set to 0 on reset
20:56:34.50   GameInfo::ResetInfo - SyncLevel set to 0 on reset
20:56:34.50   GameInfo::ResetInfo - SyncLevel set to 0 on reset
20:56:34.50   GameInfo::ResetInfo - SyncLevel set to 0 on reset
20:56:34.50   GameInfo::ResetInfo - SyncLevel set to 0 on reset
20:56:34.50   GameInfo::ResetInfo - SyncLevel set to 0 on reset
20:56:34.50   GameInfo::ResetInfo - SyncLevel set to 0 on reset
20:56:34.50   GameInfo::ResetInfo - SyncLevel set to 0 on reset
20:56:34.50   GameInfo::ResetInfo - SyncLevel set to 0 on reset
20:56:34.51   GameInfo::ResetInfo - SyncLevel set to 0 on reset
20:56:34.51   GameInfo::ResetInfo - SyncLevel set to 0 on reset
20:56:34.51   GameInfo::ResetInfo - SyncLevel set to 0 on reset
20:56:34.51   GameInfo::ResetInfo - SyncLevel set to 0 on reset
20:56:34.51   GameInfo::ResetInfo - SyncLevel set to 0 on reset
20:56:34.51   GameInfo::ResetInfo - SyncLevel set to 0 on reset
20:56:34.51   GameInfo::ResetInfo - SyncLevel set to 0 on reset
20:56:34.51   GameInfo::ResetInfo - SyncLevel set to 0 on reset
20:56:34.51   GameInfo::ResetInfo - SyncLevel set to 0 on reset
20:56:34.51   GameInfo::ResetInfo - SyncLevel set to 0 on reset
20:56:34.51   GameInfo::ResetInfo - SyncLevel set to 0 on reset
20:56:34.51   GameInfo::ResetInfo - SyncLevel set to 0 on reset
20:56:34.51   GameInfo::ResetInfo - SyncLevel set to 0 on reset
20:56:34.51   GameInfo::ResetInfo - SyncLevel set to 0 on reset
20:56:34.51   GameInfo::ResetInfo - SyncLevel set to 0 on reset
20:56:34.51   GameInfo::ResetInfo - SyncLevel set to 0 on reset
20:56:34.51   GameInfo::ResetInfo - SyncLevel set to 0 on reset
20:56:34.51   GameInfo::ResetInfo - SyncLevel set to 0 on reset
20:56:34.51   GameInfo::ResetInfo - SyncLevel set to 0 on reset
20:56:34.51   GameInfo::ResetInfo - SyncLevel set to 0 on reset
20:56:34.51   GameInfo::ResetInfo - SyncLevel set to 0 on reset
20:56:34.51   GameInfo::ResetInfo - SyncLevel set to 0 on reset
20:56:34.51   GameInfo::ResetInfo - SyncLevel set to 0 on reset
20:56:34.52   GameInfo::ResetInfo - SyncLevel set to 0 on reset
20:56:34.52   GameInfo::ResetInfo - SyncLevel set to 0 on reset
20:56:34.52   GameInfo::ResetInfo - SyncLevel set to 0 on reset
20:56:34.52   GameInfo::ResetInfo - SyncLevel set to 0 on reset
20:56:34.52   GameInfo::ResetInfo - SyncLevel set to 0 on reset
20:56:34.52   GameInfo::ResetInfo - SyncLevel set to 0 on reset
20:56:34.52   GameInfo::ResetInfo - SyncLevel set to 0 on reset
20:56:34.52   GameInfo::ResetInfo - SyncLevel set to 0 on reset
20:56:34.52   GameInfo::ResetInfo - SyncLevel set to 0 on reset
20:56:34.52   GameInfo::ResetInfo - SyncLevel set to 0 on reset
20:56:34.52   GameInfo::ResetInfo - SyncLevel set to 0 on reset
20:56:34.52   GameInfo::ResetInfo - SyncLevel set to 0 on reset
20:56:34.52   GameInfo::ResetInfo - SyncLevel set to 0 on reset
20:56:34.52   GameInfo::ResetInfo - SyncLevel set to 0 on reset
20:56:34.52   GameInfo::ResetInfo - SyncLevel set to 0 on reset
20:56:34.52   GameInfo::ResetInfo - SyncLevel set to 0 on reset
20:56:34.53   GameInfo::ResetInfo - SyncLevel set to 0 on reset
20:56:34.53   GameInfo::ResetInfo - SyncLevel set to 0 on reset
20:56:34.53   GameInfo::ResetInfo - SyncLevel set to 0 on reset
20:56:34.53   GameInfo::ResetInfo - SyncLevel set to 0 on reset
20:56:34.53   GameInfo::ResetInfo - SyncLevel set to 0 on reset
20:56:34.53   GameInfo::ResetInfo - SyncLevel set to 0 on reset
20:56:34.53   GameInfo::ResetInfo - SyncLevel set to 0 on reset
20:56:34.53   GameInfo::ResetInfo - SyncLevel set to 0 on reset
20:56:34.53   GameInfo::ResetInfo - SyncLevel set to 0 on reset
20:56:34.53   GameInfo::ResetInfo - SyncLevel set to 0 on reset
20:56:34.53   GameInfo::ResetInfo - SyncLevel set to 0 on reset
20:56:34.53   GameInfo::ResetInfo - SyncLevel set to 0 on reset
20:56:34.53   GameInfo::ResetInfo - SyncLevel set to 0 on reset
20:56:34.53   GameInfo::ResetInfo - SyncLevel set to 0 on reset
20:56:34.53   GameInfo::ResetInfo - SyncLevel set to 0 on reset
20:56:34.53   GameInfo::ResetInfo - SyncLevel set to 0 on reset
20:56:34.53   GameInfo::ResetInfo - SyncLevel set to 0 on reset
20:56:34.53   GameInfo::ResetInfo - SyncLevel set to 0 on reset
20:56:34.53   GameInfo::ResetInfo - SyncLevel set to 0 on reset
20:56:34.53   GameInfo::ResetInfo - SyncLevel set to 0 on reset
20:56:34.53   GameInfo::ResetInfo - SyncLevel set to 0 on reset
20:56:34.54   GameInfo::ResetInfo - SyncLevel set to 0 on reset
20:56:34.54   GameInfo::ResetInfo - SyncLevel set to 0 on reset
20:56:34.54   GameInfo::ResetInfo - SyncLevel set to 0 on reset
20:56:34.54   GameInfo::ResetInfo - SyncLevel set to 0 on reset
20:56:34.54   GameInfo::ResetInfo - SyncLevel set to 0 on reset
20:56:34.54   GameInfo::ResetInfo - SyncLevel set to 0 on reset
20:56:34.54   GameInfo::ResetInfo - SyncLevel set to 0 on reset
20:56:34.54   GameInfo::ResetInfo - SyncLevel set to 0 on reset
20:56:34.54   GameInfo::ResetInfo - SyncLevel set to 0 on reset
20:56:34.54   GameInfo::ResetInfo - SyncLevel set to 0 on reset
20:56:34.54   GameInfo::ResetInfo - SyncLevel set to 0 on reset
20:56:34.54   GameInfo::ResetInfo - SyncLevel set to 0 on reset
20:56:34.54   GameInfo::ResetInfo - SyncLevel set to 0 on reset
20:56:34.54   GameInfo::ResetInfo - SyncLevel set to 0 on reset
20:56:34.54   GameInfo::ResetInfo - SyncLevel set to 0 on reset
20:56:34.54   GameInfo::ResetInfo - SyncLevel set to 0 on reset
20:56:34.54   GameInfo::ResetInfo - SyncLevel set to 0 on reset
20:56:34.54   GameInfo::ResetInfo - SyncLevel set to 0 on reset
20:56:34.54   GameInfo::ResetInfo - SyncLevel set to 0 on reset
20:56:34.54   GameInfo::ResetInfo - SyncLevel set to 0 on reset
20:56:34.54   GameInfo::ResetInfo - SyncLevel set to 0 on reset
20:56:34.54   GameInfo::ResetInfo - SyncLevel set to 0 on reset
20:56:34.54   GameInfo::ResetInfo - SyncLevel set to 0 on reset
20:56:34.54   GameInfo::ResetInfo - SyncLevel set to 0 on reset
20:56:34.55   GameInfo::ResetInfo - SyncLevel set to 0 on reset
20:56:34.55   GameInfo::ResetInfo - SyncLevel set to 0 on reset
20:56:34.55   GameInfo::ResetInfo - SyncLevel set to 0 on reset
20:56:34.55   GameInfo::ResetInfo - SyncLevel set to 0 on reset
20:56:34.55   GameInfo::ResetInfo - SyncLevel set to 0 on reset
20:56:34.55   GameInfo::ResetInfo - SyncLevel set to 0 on reset
20:56:34.55   GameInfo::ResetInfo - SyncLevel set to 0 on reset
20:56:34.55   GameInfo::ResetInfo - SyncLevel set to 0 on reset
20:56:34.55   GameInfo::ResetInfo - SyncLevel set to 0 on reset
20:56:34.55   GameInfo::ResetInfo - SyncLevel set to 0 on reset
20:56:34.55   GameInfo::ResetInfo - SyncLevel set to 0 on reset
20:56:34.55   GameInfo::ResetInfo - SyncLevel set to 0 on reset
20:56:34.55   GameInfo::ResetInfo - SyncLevel set to 0 on reset
20:56:34.55   GameInfo::ResetInfo - SyncLevel set to 0 on reset
20:56:34.55   GameInfo::ResetInfo - SyncLevel set to 0 on reset
20:56:34.55   GameInfo::ResetInfo - SyncLevel set to 0 on reset
20:56:34.55   GameInfo::ResetInfo - SyncLevel set to 0 on reset
20:56:34.55   GameInfo::ResetInfo - SyncLevel set to 0 on reset
20:56:34.56   GameInfo::ResetInfo - SyncLevel set to 0 on reset
20:56:34.56   GameInfo::ResetInfo - SyncLevel set to 0 on reset
20:56:34.56   GameInfo::ResetInfo - SyncLevel set to 0 on reset
20:56:34.56   GameInfo::ResetInfo - SyncLevel set to 0 on reset
20:56:34.56   GameInfo::ResetInfo - SyncLevel set to 0 on reset
20:56:34.56   GameInfo::ResetInfo - SyncLevel set to 0 on reset
20:56:34.56   GameInfo::ResetInfo - SyncLevel set to 0 on reset
20:56:34.56   GameInfo::ResetInfo - SyncLevel set to 0 on reset
20:56:34.56   GameInfo::ResetInfo - SyncLevel set to 0 on reset
20:56:34.56   GameInfo::ResetInfo - SyncLevel set to 0 on reset
20:56:34.56   GameInfo::ResetInfo - SyncLevel set to 0 on reset
20:56:34.56   GameInfo::ResetInfo - SyncLevel set to 0 on reset
20:56:34.56   GameInfo::ResetInfo - SyncLevel set to 0 on reset
20:56:34.56   GameInfo::ResetInfo - SyncLevel set to 0 on reset
20:56:34.56   GameInfo::ResetInfo - SyncLevel set to 0 on reset
20:56:34.56   RLINK -- SENDING FORCED ACK from Peer 6 to Peer 1 - timeSinceLastAckMS        659, transmitAckLastTimeMS    3621715 | Peer ---E- M#00000000 Sack00000220 NSack00000000 (C0.0% S:0.0) [  ]
20:56:34.56   RLINK -- SENDING FORCED ACK from Peer 6 to Peer 2 - timeSinceLastAckMS       2428, transmitAckLastTimeMS    3621715 | Peer ---E- M#00000000 Sack00000004 NSack00000000 (C0.0% S:0.0) [  ]
20:56:34.56   GameInfo::ResetInfo - SyncLevel set to 0 on reset
20:56:34.56   RLINK -- SENDING FORCED ACK from Peer 6 to Peer 18 - timeSinceLastAckMS       2428, transmitAckLastTimeMS    3621715 | Peer ---E- M#00000000 Sack00000001 NSack00000000 (C0.0% S:0.0) [  ]
20:56:34.56   GameInfo::ResetInfo - SyncLevel set to 0 on reset
20:56:34.57   GameInfo::ResetInfo - SyncLevel set to 0 on reset
20:56:34.57   GameInfo::ResetInfo - SyncLevel set to 0 on reset
20:56:34.57   GameInfo::ResetInfo - SyncLevel set to 0 on reset
20:56:34.57   GameInfo::ResetInfo - SyncLevel set to 0 on reset
20:56:34.57   GameInfo::ResetInfo - SyncLevel set to 0 on reset
20:56:34.57   GameInfo::ResetInfo - SyncLevel set to 0 on reset
20:56:34.57   GameInfo::ResetInfo - SyncLevel set to 0 on reset
20:56:34.57   GameInfo::ResetInfo - SyncLevel set to 0 on reset
20:56:34.57   GameInfo::ResetInfo - SyncLevel set to 0 on reset
20:56:34.57   GameInfo::ResetInfo - SyncLevel set to 0 on reset
20:56:34.57   GameInfo::ResetInfo - SyncLevel set to 0 on reset
20:56:34.57   GameInfo::ResetInfo - SyncLevel set to 0 on reset
20:56:34.57   GameInfo::ResetInfo - SyncLevel set to 0 on reset
20:56:34.57   GameInfo::ResetInfo - SyncLevel set to 0 on reset
20:56:34.57   GameInfo::ResetInfo - SyncLevel set to 0 on reset
20:56:34.57   GameInfo::ResetInfo - SyncLevel set to 0 on reset
20:56:34.57   GameInfo::ResetInfo - SyncLevel set to 0 on reset
20:56:34.57   GameInfo::ResetInfo - SyncLevel set to 0 on reset
20:56:34.57   GameInfo::ResetInfo - SyncLevel set to 0 on reset
20:56:34.58   GameInfo::ResetInfo - SyncLevel set to 0 on reset
20:56:34.58   GameInfo::ResetInfo - SyncLevel set to 0 on reset
20:56:34.58   GameInfo::ResetInfo - SyncLevel set to 0 on reset
20:56:34.58   GameInfo::ResetInfo - SyncLevel set to 0 on reset
20:56:34.58   GameInfo::ResetInfo - SyncLevel set to 0 on reset
20:56:34.58   GameInfo::ResetInfo - SyncLevel set to 0 on reset
20:56:34.58   GameInfo::ResetInfo - SyncLevel set to 0 on reset
20:56:34.58   GameInfo::ResetInfo - SyncLevel set to 0 on reset
20:56:34.58   GameInfo::ResetInfo - SyncLevel set to 0 on reset
20:56:34.58   GameInfo::ResetInfo - SyncLevel set to 0 on reset
20:56:34.58   GameInfo::ResetInfo - SyncLevel set to 0 on reset
20:56:34.58   GameInfo::ResetInfo - SyncLevel set to 0 on reset
20:56:34.58   GameInfo::ResetInfo - SyncLevel set to 0 on reset
20:56:34.58   GameInfo::ResetInfo - SyncLevel set to 0 on reset
20:56:34.58   GameInfo::ResetInfo - SyncLevel set to 0 on reset
20:56:34.58   GameInfo::ResetInfo - SyncLevel set to 0 on reset
20:56:34.58   GameInfo::ResetInfo - SyncLevel set to 0 on reset
20:56:34.58   GameInfo::ResetInfo - SyncLevel set to 0 on reset
20:56:34.58   GameInfo::ResetInfo - SyncLevel set to 0 on reset
20:56:34.58   GameInfo::ResetInfo - SyncLevel set to 0 on reset
20:56:34.58   GameInfo::ResetInfo - SyncLevel set to 0 on reset
20:56:34.58   GameInfo::ResetInfo - SyncLevel set to 0 on reset
20:56:34.59   GameInfo::ResetInfo - SyncLevel set to 0 on reset
20:56:34.59   GameInfo::ResetInfo - SyncLevel set to 0 on reset
20:56:34.59   GameInfo::ResetInfo - SyncLevel set to 0 on reset
20:56:34.59   GameInfo::ResetInfo - SyncLevel set to 0 on reset
20:56:34.59   GameInfo::ResetInfo - SyncLevel set to 0 on reset
20:56:34.59   GameInfo::ResetInfo - SyncLevel set to 0 on reset
20:56:34.59   GameInfo::ResetInfo - SyncLevel set to 0 on reset
20:56:34.59   GameInfo::ResetInfo - SyncLevel set to 0 on reset
20:56:34.59   GameInfo::ResetInfo - SyncLevel set to 0 on reset
20:56:34.59   GameInfo::ResetInfo - SyncLevel set to 0 on reset
20:56:34.59   GameInfo::ResetInfo - SyncLevel set to 0 on reset
20:56:34.59   GameInfo::ResetInfo - SyncLevel set to 0 on reset
20:56:34.59   GameInfo::ResetInfo - SyncLevel set to 0 on reset
20:56:34.59   GameInfo::ResetInfo - SyncLevel set to 0 on reset
20:56:34.59   GameInfo::ResetInfo - SyncLevel set to 0 on reset
20:56:34.59   GameInfo::ResetInfo - SyncLevel set to 0 on reset
20:56:34.59   GameInfo::ResetInfo - SyncLevel set to 0 on reset
20:56:34.59   GameInfo::ResetInfo - SyncLevel set to 0 on reset
20:56:34.59   GameInfo::ResetInfo - SyncLevel set to 0 on reset
20:56:34.59   GameInfo::ResetInfo - SyncLevel set to 0 on reset
20:56:34.60   GameInfo::ResetInfo - SyncLevel set to 0 on reset
20:56:34.60   GameInfo::ResetInfo - SyncLevel set to 0 on reset
20:56:34.60   GameInfo::ResetInfo - SyncLevel set to 0 on reset
20:56:34.60   GameInfo::ResetInfo - SyncLevel set to 0 on reset
20:56:34.60   GameInfo::ResetInfo - SyncLevel set to 0 on reset
20:56:34.60   GameInfo::ResetInfo - SyncLevel set to 0 on reset
20:56:34.60   GameInfo::ResetInfo - SyncLevel set to 0 on reset
20:56:34.60   GameInfo::ResetInfo - SyncLevel set to 0 on reset
20:56:34.60   GameInfo::ResetInfo - SyncLevel set to 0 on reset
20:56:34.60   GameInfo::ResetInfo - SyncLevel set to 0 on reset
20:56:34.60   GameInfo::ResetInfo - SyncLevel set to 0 on reset
20:56:34.60   GameInfo::ResetInfo - SyncLevel set to 0 on reset
20:56:34.60   GameInfo::ResetInfo - SyncLevel set to 0 on reset
20:56:34.60   GameInfo::ResetInfo - SyncLevel set to 0 on reset
20:56:34.60   GameInfo::ResetInfo - SyncLevel set to 0 on reset
20:56:34.60   GameInfo::ResetInfo - SyncLevel set to 0 on reset
20:56:34.60   GameInfo::ResetInfo - SyncLevel set to 0 on reset
20:56:34.60   GameInfo::ResetInfo - SyncLevel set to 0 on reset
20:56:34.60   GameInfo::ResetInfo - SyncLevel set to 0 on reset
20:56:34.60   GameInfo::ResetInfo - SyncLevel set to 0 on reset
20:56:34.60   GameInfo::ResetInfo - SyncLevel set to 0 on reset
20:56:34.60   GameInfo::ResetInfo - SyncLevel set to 0 on reset
20:56:34.60   GameInfo::ResetInfo - SyncLevel set to 0 on reset
20:56:34.60   GameInfo::ResetInfo - SyncLevel set to 0 on reset
20:56:34.60   GameInfo::ResetInfo - SyncLevel set to 0 on reset
20:56:34.60   GameInfo::ResetInfo - SyncLevel set to 0 on reset
20:56:34.60   GameInfo::ResetInfo - SyncLevel set to 0 on reset
20:56:34.61   GameInfo::ResetInfo - SyncLevel set to 0 on reset
20:56:34.61   GameInfo::ResetInfo - SyncLevel set to 0 on reset
20:56:34.61   GameInfo::ResetInfo - SyncLevel set to 0 on reset
20:56:34.61   GameInfo::ResetInfo - SyncLevel set to 0 on reset
20:56:34.61   GameInfo::ResetInfo - SyncLevel set to 0 on reset
20:56:34.61   GameInfo::ResetInfo - SyncLevel set to 0 on reset
20:56:34.61   GameInfo::ResetInfo - SyncLevel set to 0 on reset
20:56:34.61   GameInfo::ResetInfo - SyncLevel set to 0 on reset
20:56:34.61   GameInfo::ResetInfo - SyncLevel set to 0 on reset
20:56:34.61   GameInfo::ResetInfo - SyncLevel set to 0 on reset
20:56:34.61   GameInfo::ResetInfo - SyncLevel set to 0 on reset
20:56:34.61   GameInfo::ResetInfo - SyncLevel set to 0 on reset
20:56:34.61   GameInfo::ResetInfo - SyncLevel set to 0 on reset
20:56:34.61   GameInfo::ResetInfo - SyncLevel set to 0 on reset
20:56:34.61   GameInfo::ResetInfo - SyncLevel set to 0 on reset
20:56:34.61   GameInfo::ResetInfo - SyncLevel set to 0 on reset
20:56:34.61   GameInfo::ResetInfo - SyncLevel set to 0 on reset
20:56:34.61   GameInfo::ResetInfo - SyncLevel set to 0 on reset
20:56:34.61   GameInfo::ResetInfo - SyncLevel set to 0 on reset
20:56:34.61   GameInfo::ResetInfo - SyncLevel set to 0 on reset
20:56:34.61   GameInfo::ResetInfo - SyncLevel set to 0 on reset
20:56:34.61   GameInfo::ResetInfo - SyncLevel set to 0 on reset
20:56:34.61   GameInfo::ResetInfo - SyncLevel set to 0 on reset
20:56:34.61   GameInfo::ResetInfo - SyncLevel set to 0 on reset
20:56:34.62   GameInfo::ResetInfo - SyncLevel set to 0 on reset
20:56:34.62   GameInfo::ResetInfo - SyncLevel set to 0 on reset
20:56:34.62   GameInfo::ResetInfo - SyncLevel set to 0 on reset
20:56:34.62   GameInfo::ResetInfo - SyncLevel set to 0 on reset
20:56:34.62   GameInfo::ResetInfo - SyncLevel set to 0 on reset
20:56:34.62   GameInfo::ResetInfo - SyncLevel set to 0 on reset
20:56:34.62   GameInfo::ResetInfo - SyncLevel set to 0 on reset
20:56:34.62   GameInfo::ResetInfo - SyncLevel set to 0 on reset
20:56:34.62   GameInfo::ResetInfo - SyncLevel set to 0 on reset
20:56:34.62   GameInfo::ResetInfo - SyncLevel set to 0 on reset
20:56:34.62   GameInfo::ResetInfo - SyncLevel set to 0 on reset
20:56:34.62   GameInfo::ResetInfo - SyncLevel set to 0 on reset
20:56:34.62   GameInfo::ResetInfo - SyncLevel set to 0 on reset
20:56:34.62   GameInfo::ResetInfo - SyncLevel set to 0 on reset
20:56:34.62   GameInfo::ResetInfo - SyncLevel set to 0 on reset
20:56:34.62   GameInfo::ResetInfo - SyncLevel set to 0 on reset
20:56:34.62   GameInfo::ResetInfo - SyncLevel set to 0 on reset
20:56:34.62   GameInfo::ResetInfo - SyncLevel set to 0 on reset
20:56:34.63   GameInfo::ResetInfo - SyncLevel set to 0 on reset
20:56:34.63   GameInfo::ResetInfo - SyncLevel set to 0 on reset
20:56:34.63   GameInfo::ResetInfo - SyncLevel set to 0 on reset
20:56:34.63   GameInfo::ResetInfo - SyncLevel set to 0 on reset
20:56:34.63   GameInfo::ResetInfo - SyncLevel set to 0 on reset
20:56:34.63   GameInfo::ResetInfo - SyncLevel set to 0 on reset
20:56:34.63   GameInfo::ResetInfo - SyncLevel set to 0 on reset
20:56:34.63   GameInfo::ResetInfo - SyncLevel set to 0 on reset
20:56:34.63   GameInfo::ResetInfo - SyncLevel set to 0 on reset
20:56:34.63   GameInfo::ResetInfo - SyncLevel set to 0 on reset
20:56:34.63   GameInfo::ResetInfo - SyncLevel set to 0 on reset
20:56:34.63   GameInfo::ResetInfo - SyncLevel set to 0 on reset
20:56:34.63   GameInfo::ResetInfo - SyncLevel set to 0 on reset
20:56:34.63   GameInfo::ResetInfo - SyncLevel set to 0 on reset
20:56:34.63   GameInfo::ResetInfo - SyncLevel set to 0 on reset
20:56:34.63   GameInfo::ResetInfo - SyncLevel set to 0 on reset
20:56:34.63   GameInfo::ResetInfo - SyncLevel set to 0 on reset
20:56:34.63   GameInfo::ResetInfo - SyncLevel set to 0 on reset
20:56:34.64   GameInfo::ResetInfo - SyncLevel set to 0 on reset
20:56:34.64   GameInfo::ResetInfo - SyncLevel set to 0 on reset
20:56:34.64   GameInfo::ResetInfo - SyncLevel set to 0 on reset
20:56:34.64   GameInfo::ResetInfo - SyncLevel set to 0 on reset
20:56:34.64   GameInfo::ResetInfo - SyncLevel set to 0 on reset
20:56:34.64   GameInfo::ResetInfo - SyncLevel set to 0 on reset
20:56:34.64   GameInfo::ResetInfo - SyncLevel set to 0 on reset
20:56:34.64   GameInfo::ResetInfo - SyncLevel set to 0 on reset
20:56:34.64   GameInfo::ResetInfo - SyncLevel set to 0 on reset
20:56:34.64   GameInfo::ResetInfo - SyncLevel set to 0 on reset
20:56:34.64   GameInfo::ResetInfo - SyncLevel set to 0 on reset
20:56:34.64   GameInfo::ResetInfo - SyncLevel set to 0 on reset
20:56:34.64   GameInfo::ResetInfo - SyncLevel set to 0 on reset
20:56:34.64   GameInfo::ResetInfo - SyncLevel set to 0 on reset
20:56:34.64   GameInfo::ResetInfo - SyncLevel set to 0 on reset
20:56:34.64   GameInfo::ResetInfo - SyncLevel set to 0 on reset
20:56:34.64   GameInfo::ResetInfo - SyncLevel set to 0 on reset
20:56:34.64   GameInfo::ResetInfo - SyncLevel set to 0 on reset
20:56:34.64   GameInfo::ResetInfo - SyncLevel set to 0 on reset
20:56:34.64   GameInfo::ResetInfo - SyncLevel set to 0 on reset
20:56:34.65   GameInfo::ResetInfo - SyncLevel set to 0 on reset
20:56:34.65   GameInfo::ResetInfo - SyncLevel set to 0 on reset
20:56:34.65   GameInfo::ResetInfo - SyncLevel set to 0 on reset
20:56:34.65   GameInfo::ResetInfo - SyncLevel set to 0 on reset
20:56:34.65   GameInfo::ResetInfo - SyncLevel set to 0 on reset
20:56:34.65   GameInfo::ResetInfo - SyncLevel set to 0 on reset
20:56:34.65   GameInfo::ResetInfo - SyncLevel set to 0 on reset
20:56:34.65   GameInfo::ResetInfo - SyncLevel set to 0 on reset
20:56:34.65   GameInfo::ResetInfo - SyncLevel set to 0 on reset
20:56:34.65   GameInfo::ResetInfo - SyncLevel set to 0 on reset
20:56:34.65   GAME -- Error reading header for recorded game PLAYBACK:8P_MONTARGIS_REGION_POINTS_UP.2019-01-28.01-38-28.rec
20:56:34.65   GameInfo::ResetInfo - SyncLevel set to 0 on reset
20:56:34.65   GameInfo::ResetInfo - SyncLevel set to 0 on reset
20:56:34.65   GameInfo::ResetInfo - SyncLevel set to 0 on reset
20:56:34.65   GAME -- Error reading header for recorded game PLAYBACK:8P_MONTARGIS_REGION_POINTS_UP.2019-08-27.22-25-49.rec
20:56:34.65   GameInfo::ResetInfo - SyncLevel set to 0 on reset
20:56:34.65   GameInfo::ResetInfo - SyncLevel set to 0 on reset
20:56:34.65   GameInfo::ResetInfo - SyncLevel set to 0 on reset
20:56:34.65   GameInfo::ResetInfo - SyncLevel set to 0 on reset
20:56:34.65   GameInfo::ResetInfo - SyncLevel set to 0 on reset
20:56:34.65   GameInfo::ResetInfo - SyncLevel set to 0 on reset
20:56:34.65   GameInfo::ResetInfo - SyncLevel set to 0 on reset
20:56:34.65   GameInfo::ResetInfo - SyncLevel set to 0 on reset
20:56:34.65   GameInfo::ResetInfo - SyncLevel set to 0 on reset
20:56:34.66   GameInfo::ResetInfo - SyncLevel set to 0 on reset
20:56:34.66   GameInfo::ResetInfo - SyncLevel set to 0 on reset
20:56:34.66   GameInfo::ResetInfo - SyncLevel set to 0 on reset
20:56:34.66   GameInfo::ResetInfo - SyncLevel set to 0 on reset
20:56:34.66   GameInfo::ResetInfo - SyncLevel set to 0 on reset
20:56:34.66   GameInfo::ResetInfo - SyncLevel set to 0 on reset
20:56:34.66   GameInfo::ResetInfo - SyncLevel set to 0 on reset
20:56:34.66   GameInfo::ResetInfo - SyncLevel set to 0 on reset
20:56:34.66   GameInfo::ResetInfo - SyncLevel set to 0 on reset
20:56:34.66   GameInfo::ResetInfo - SyncLevel set to 0 on reset
20:56:34.66   GameInfo::ResetInfo - SyncLevel set to 0 on reset
20:56:34.66   GameInfo::ResetInfo - SyncLevel set to 0 on reset
20:56:34.66   GameInfo::ResetInfo - SyncLevel set to 0 on reset
20:56:34.66   GameInfo::ResetInfo - SyncLevel set to 0 on reset
20:56:34.66   GameInfo::ResetInfo - SyncLevel set to 0 on reset
20:56:34.66   GameInfo::ResetInfo - SyncLevel set to 0 on reset
20:56:34.66   GameInfo::ResetInfo - SyncLevel set to 0 on reset
20:56:34.66   GameInfo::ResetInfo - SyncLevel set to 0 on reset
20:56:34.66   GameInfo::ResetInfo - SyncLevel set to 0 on reset
20:56:34.66   GameInfo::ResetInfo - SyncLevel set to 0 on reset
20:56:34.66   GameInfo::ResetInfo - SyncLevel set to 0 on reset
20:56:34.66   GameInfo::ResetInfo - SyncLevel set to 0 on reset
20:56:34.66   GameInfo::ResetInfo - SyncLevel set to 0 on reset
20:56:34.67   GameInfo::ResetInfo - SyncLevel set to 0 on reset
20:56:34.67   GameInfo::ResetInfo - SyncLevel set to 0 on reset
20:56:34.67   GameInfo::ResetInfo - SyncLevel set to 0 on reset
20:56:34.67   GameInfo::ResetInfo - SyncLevel set to 0 on reset
20:56:34.67   GameInfo::ResetInfo - SyncLevel set to 0 on reset
20:56:34.67   GameInfo::ResetInfo - SyncLevel set to 0 on reset
20:56:34.67   GameInfo::ResetInfo - SyncLevel set to 0 on reset
20:56:34.67   GameInfo::ResetInfo - SyncLevel set to 0 on reset
20:56:34.67   GameInfo::ResetInfo - SyncLevel set to 0 on reset
20:56:34.67   GameInfo::ResetInfo - SyncLevel set to 0 on reset
20:56:34.67   GameInfo::ResetInfo - SyncLevel set to 0 on reset
20:56:34.67   GameInfo::ResetInfo - SyncLevel set to 0 on reset
20:56:34.67   GameInfo::ResetInfo - SyncLevel set to 0 on reset
20:56:34.67   GameInfo::ResetInfo - SyncLevel set to 0 on reset
20:56:34.67   GameInfo::ResetInfo - SyncLevel set to 0 on reset
20:56:34.67   GameInfo::ResetInfo - SyncLevel set to 0 on reset
20:56:34.67   GameInfo::ResetInfo - SyncLevel set to 0 on reset
20:56:34.67   GameInfo::ResetInfo - SyncLevel set to 0 on reset
20:56:34.67   GameInfo::ResetInfo - SyncLevel set to 0 on reset
20:56:34.68   GameInfo::ResetInfo - SyncLevel set to 0 on reset
20:56:34.68   GameInfo::ResetInfo - SyncLevel set to 0 on reset
20:56:34.68   GameInfo::ResetInfo - SyncLevel set to 0 on reset
20:56:34.68   GameInfo::ResetInfo - SyncLevel set to 0 on reset
20:56:34.68   GameInfo::ResetInfo - SyncLevel set to 0 on reset
20:56:34.68   GameInfo::ResetInfo - SyncLevel set to 0 on reset
20:56:34.68   GameInfo::ResetInfo - SyncLevel set to 0 on reset
20:56:34.68   GameInfo::ResetInfo - SyncLevel set to 0 on reset
20:56:34.68   GameInfo::ResetInfo - SyncLevel set to 0 on reset
20:56:34.68   GameInfo::ResetInfo - SyncLevel set to 0 on reset
20:56:34.68   GameInfo::ResetInfo - SyncLevel set to 0 on reset
20:56:34.68   GameInfo::ResetInfo - SyncLevel set to 0 on reset
20:56:34.68   GameInfo::ResetInfo - SyncLevel set to 0 on reset
20:56:34.68   GameInfo::ResetInfo - SyncLevel set to 0 on reset
20:56:34.68   GameInfo::ResetInfo - SyncLevel set to 0 on reset
20:56:34.68   GameInfo::ResetInfo - SyncLevel set to 0 on reset
20:56:34.68   GameInfo::ResetInfo - SyncLevel set to 0 on reset
20:56:34.68   GameInfo::ResetInfo - SyncLevel set to 0 on reset
20:56:34.68   GameInfo::ResetInfo - SyncLevel set to 0 on reset
20:56:34.68   GameInfo::ResetInfo - SyncLevel set to 0 on reset
20:56:34.69   GameInfo::ResetInfo - SyncLevel set to 0 on reset
20:56:34.69   GameInfo::ResetInfo - SyncLevel set to 0 on reset
20:56:34.69   GameInfo::ResetInfo - SyncLevel set to 0 on reset
20:56:34.69   GameInfo::ResetInfo - SyncLevel set to 0 on reset
20:56:34.69   GameInfo::ResetInfo - SyncLevel set to 0 on reset
20:56:34.69   GameInfo::ResetInfo - SyncLevel set to 0 on reset
20:56:34.69   GameInfo::ResetInfo - SyncLevel set to 0 on reset
20:56:34.69   GameInfo::ResetInfo - SyncLevel set to 0 on reset
20:56:34.69   GameInfo::ResetInfo - SyncLevel set to 0 on reset
20:56:34.69   GameInfo::ResetInfo - SyncLevel set to 0 on reset
20:56:34.69   GameInfo::ResetInfo - SyncLevel set to 0 on reset
20:56:34.69   GameInfo::ResetInfo - SyncLevel set to 0 on reset
20:56:34.69   GameInfo::ResetInfo - SyncLevel set to 0 on reset
20:56:34.69   GameInfo::ResetInfo - SyncLevel set to 0 on reset
20:56:34.69   GameInfo::ResetInfo - SyncLevel set to 0 on reset
20:56:34.69   GameInfo::ResetInfo - SyncLevel set to 0 on reset
20:56:34.69   GameInfo::ResetInfo - SyncLevel set to 0 on reset
20:56:34.69   GameInfo::ResetInfo - SyncLevel set to 0 on reset
20:56:34.69   GameInfo::ResetInfo - SyncLevel set to 0 on reset
20:56:34.70   GameInfo::ResetInfo - SyncLevel set to 0 on reset
20:56:34.70   GameInfo::ResetInfo - SyncLevel set to 0 on reset
20:56:34.70   GameInfo::ResetInfo - SyncLevel set to 0 on reset
20:56:34.70   GAME -- Error reading header for recorded game PLAYBACK:fun_high_res_monti.rec
20:56:34.70   GameInfo::ResetInfo - SyncLevel set to 0 on reset
20:56:34.70   GameInfo::ResetInfo - SyncLevel set to 0 on reset
20:56:34.70   GameInfo::ResetInfo - SyncLevel set to 0 on reset
20:56:34.70   GameInfo::ResetInfo - SyncLevel set to 0 on reset
20:56:34.70   GameInfo::ResetInfo - SyncLevel set to 0 on reset
20:56:34.70   GameInfo::ResetInfo - SyncLevel set to 0 on reset
20:56:34.70   GameInfo::ResetInfo - SyncLevel set to 0 on reset
20:56:34.70   GameInfo::ResetInfo - SyncLevel set to 0 on reset
20:56:34.70   GameInfo::ResetInfo - SyncLevel set to 0 on reset
20:56:34.70   GameInfo::ResetInfo - SyncLevel set to 0 on reset
20:56:34.70   GameInfo::ResetInfo - SyncLevel set to 0 on reset
20:56:34.70   GameInfo::ResetInfo - SyncLevel set to 0 on reset
20:56:34.70   GameInfo::ResetInfo - SyncLevel set to 0 on reset
20:56:34.70   GameInfo::ResetInfo - SyncLevel set to 0 on reset
20:56:34.70   GameInfo::ResetInfo - SyncLevel set to 0 on reset
20:56:34.70   GameInfo::ResetInfo - SyncLevel set to 0 on reset
20:56:34.70   GameInfo::ResetInfo - SyncLevel set to 0 on reset
20:56:34.70   GameInfo::ResetInfo - SyncLevel set to 0 on reset
20:56:34.71   GameInfo::ResetInfo - SyncLevel set to 0 on reset
20:56:34.71   GameInfo::ResetInfo - SyncLevel set to 0 on reset
20:56:34.71   GameInfo::ResetInfo - SyncLevel set to 0 on reset
20:56:34.71   GAME -- Error reading header for recorded game PLAYBACK:gdfg.rec
20:56:34.71   GameInfo::ResetInfo - SyncLevel set to 0 on reset
20:56:34.71   GameInfo::ResetInfo - SyncLevel set to 0 on reset
20:56:34.71   GameInfo::ResetInfo - SyncLevel set to 0 on reset
20:56:34.71   GameInfo::ResetInfo - SyncLevel set to 0 on reset
20:56:34.71   GameInfo::ResetInfo - SyncLevel set to 0 on reset
20:56:34.71   GameInfo::ResetInfo - SyncLevel set to 0 on reset
20:56:34.71   GameInfo::ResetInfo - SyncLevel set to 0 on reset
20:56:34.71   GameInfo::ResetInfo - SyncLevel set to 0 on reset
20:56:34.71   GameInfo::ResetInfo - SyncLevel set to 0 on reset
20:56:34.71   GameInfo::ResetInfo - SyncLevel set to 0 on reset
20:56:34.71   GameInfo::ResetInfo - SyncLevel set to 0 on reset
20:56:34.71   GameInfo::ResetInfo - SyncLevel set to 0 on reset
20:56:34.71   GameInfo::ResetInfo - SyncLevel set to 0 on reset
20:56:34.71   GameInfo::ResetInfo - SyncLevel set to 0 on reset
20:56:34.71   GameInfo::ResetInfo - SyncLevel set to 0 on reset
20:56:34.71   GameInfo::ResetInfo - SyncLevel set to 0 on reset
20:56:34.71   GameInfo::ResetInfo - SyncLevel set to 0 on reset
20:56:34.71   GameInfo::ResetInfo - SyncLevel set to 0 on reset
20:56:34.71   GameInfo::ResetInfo - SyncLevel set to 0 on reset
20:56:34.71   GameInfo::ResetInfo - SyncLevel set to 0 on reset
20:56:34.71   GameInfo::ResetInfo - SyncLevel set to 0 on reset
20:56:34.71   GameInfo::ResetInfo - SyncLevel set to 0 on reset
20:56:34.71   GameInfo::ResetInfo - SyncLevel set to 0 on reset
20:56:34.71   GameInfo::ResetInfo - SyncLevel set to 0 on reset
20:56:34.71   GameInfo::ResetInfo - SyncLevel set to 0 on reset
20:56:34.71   GameInfo::ResetInfo - SyncLevel set to 0 on reset
20:56:34.72   GameInfo::ResetInfo - SyncLevel set to 0 on reset
20:56:34.72   GameInfo::ResetInfo - SyncLevel set to 0 on reset
20:56:34.72   GameInfo::ResetInfo - SyncLevel set to 0 on reset
20:56:34.72   GameInfo::ResetInfo - SyncLevel set to 0 on reset
20:56:34.72   GameInfo::ResetInfo - SyncLevel set to 0 on reset
20:56:34.72   GameInfo::ResetInfo - SyncLevel set to 0 on reset
20:56:34.72   GameInfo::ResetInfo - SyncLevel set to 0 on reset
20:56:34.72   GameInfo::ResetInfo - SyncLevel set to 0 on reset
20:56:34.72   GameInfo::ResetInfo - SyncLevel set to 0 on reset
20:56:34.72   GameInfo::ResetInfo - SyncLevel set to 0 on reset
20:56:34.72   GameInfo::ResetInfo - SyncLevel set to 0 on reset
20:56:34.72   GameInfo::ResetInfo - SyncLevel set to 0 on reset
20:56:34.72   GameInfo::ResetInfo - SyncLevel set to 0 on reset
20:56:34.72   GameInfo::ResetInfo - SyncLevel set to 0 on reset
20:56:34.72   GameInfo::ResetInfo - SyncLevel set to 0 on reset
20:56:34.72   GameInfo::ResetInfo - SyncLevel set to 0 on reset
20:56:34.72   GameInfo::ResetInfo - SyncLevel set to 0 on reset
20:56:34.72   GameInfo::ResetInfo - SyncLevel set to 0 on reset
20:56:34.72   GameInfo::ResetInfo - SyncLevel set to 0 on reset
20:56:34.72   GameInfo::ResetInfo - SyncLevel set to 0 on reset
20:56:34.72   GameInfo::ResetInfo - SyncLevel set to 0 on reset
20:56:34.73   GameInfo::ResetInfo - SyncLevel set to 0 on reset
20:56:34.73   GameInfo::ResetInfo - SyncLevel set to 0 on reset
20:56:34.73   GameInfo::ResetInfo - SyncLevel set to 0 on reset
20:56:34.73   GameInfo::ResetInfo - SyncLevel set to 0 on reset
20:56:34.73   GameInfo::ResetInfo - SyncLevel set to 0 on reset
20:56:34.73   GameInfo::ResetInfo - SyncLevel set to 0 on reset
20:56:34.73   GameInfo::ResetInfo - SyncLevel set to 0 on reset
20:56:34.73   GameInfo::ResetInfo - SyncLevel set to 0 on reset
20:56:34.73   GameInfo::ResetInfo - SyncLevel set to 0 on reset
20:56:34.73   GameInfo::ResetInfo - SyncLevel set to 0 on reset
20:56:34.73   GameInfo::ResetInfo - SyncLevel set to 0 on reset
20:56:34.73   GameInfo::ResetInfo - SyncLevel set to 0 on reset
20:56:34.73   GameInfo::ResetInfo - SyncLevel set to 0 on reset
20:56:34.73   GameInfo::ResetInfo - SyncLevel set to 0 on reset
20:56:34.73   GameInfo::ResetInfo - SyncLevel set to 0 on reset
20:56:34.73   GameInfo::ResetInfo - SyncLevel set to 0 on reset
20:56:34.73   GameInfo::ResetInfo - SyncLevel set to 0 on reset
20:56:34.73   GameInfo::ResetInfo - SyncLevel set to 0 on reset
20:56:34.73   GameInfo::ResetInfo - SyncLevel set to 0 on reset
20:56:34.73   GameInfo::ResetInfo - SyncLevel set to 0 on reset
20:56:34.73   GameInfo::ResetInfo - SyncLevel set to 0 on reset
20:56:34.73   GameInfo::ResetInfo - SyncLevel set to 0 on reset
20:56:34.73   GameInfo::ResetInfo - SyncLevel set to 0 on reset
20:56:34.73   GameInfo::ResetInfo - SyncLevel set to 0 on reset
20:56:34.73   GameInfo::ResetInfo - SyncLevel set to 0 on reset
20:56:34.73   GameInfo::ResetInfo - SyncLevel set to 0 on reset
20:56:34.73   GameInfo::ResetInfo - SyncLevel set to 0 on reset
20:56:34.74   GameInfo::ResetInfo - SyncLevel set to 0 on reset
20:56:34.74   GameInfo::ResetInfo - SyncLevel set to 0 on reset
20:56:34.74   GameInfo::ResetInfo - SyncLevel set to 0 on reset
20:56:34.74   GameInfo::ResetInfo - SyncLevel set to 0 on reset
20:56:34.74   GameInfo::ResetInfo - SyncLevel set to 0 on reset
20:56:34.74   GameInfo::ResetInfo - SyncLevel set to 0 on reset
20:56:34.74   GAME -- Error reading header for recorded game PLAYBACK:ischutz_mad.rec
20:56:34.74   GameInfo::ResetInfo - SyncLevel set to 0 on reset
20:56:34.74   GameInfo::ResetInfo - SyncLevel set to 0 on reset
20:56:34.74   GameInfo::ResetInfo - SyncLevel set to 0 on reset
20:56:34.74   GameInfo::ResetInfo - SyncLevel set to 0 on reset
20:56:34.74   GameInfo::ResetInfo - SyncLevel set to 0 on reset
20:56:34.74   GameInfo::ResetInfo - SyncLevel set to 0 on reset
20:56:34.74   GameInfo::ResetInfo - SyncLevel set to 0 on reset
20:56:34.74   GameInfo::ResetInfo - SyncLevel set to 0 on reset
20:56:34.74   GameInfo::ResetInfo - SyncLevel set to 0 on reset
20:56:34.74   GameInfo::ResetInfo - SyncLevel set to 0 on reset
20:56:34.74   GameInfo::ResetInfo - SyncLevel set to 0 on reset
20:56:34.74   GameInfo::ResetInfo - SyncLevel set to 0 on reset
20:56:34.74   GameInfo::ResetInfo - SyncLevel set to 0 on reset
20:56:34.74   GameInfo::ResetInfo - SyncLevel set to 0 on reset
20:56:34.74   GameInfo::ResetInfo - SyncLevel set to 0 on reset
20:56:34.74   GameInfo::ResetInfo - SyncLevel set to 0 on reset
20:56:34.74   GameInfo::ResetInfo - SyncLevel set to 0 on reset
20:56:34.74   GameInfo::ResetInfo - SyncLevel set to 0 on reset
20:56:34.75   GameInfo::ResetInfo - SyncLevel set to 0 on reset
20:56:34.75   GameInfo::ResetInfo - SyncLevel set to 0 on reset
20:56:34.75   GameInfo::ResetInfo - SyncLevel set to 0 on reset
20:56:34.75   GameInfo::ResetInfo - SyncLevel set to 0 on reset
20:56:34.75   GameInfo::ResetInfo - SyncLevel set to 0 on reset
20:56:34.75   GameInfo::ResetInfo - SyncLevel set to 0 on reset
20:56:34.75   GameInfo::ResetInfo - SyncLevel set to 0 on reset
20:56:34.75   GameInfo::ResetInfo - SyncLevel set to 0 on reset
20:56:34.75   GameInfo::ResetInfo - SyncLevel set to 0 on reset
20:56:34.75   GameInfo::ResetInfo - SyncLevel set to 0 on reset
20:56:34.75   GameInfo::ResetInfo - SyncLevel set to 0 on reset
20:56:34.75   GameInfo::ResetInfo - SyncLevel set to 0 on reset
20:56:34.75   GameInfo::ResetInfo - SyncLevel set to 0 on reset
20:56:34.75   GameInfo::ResetInfo - SyncLevel set to 0 on reset
20:56:34.75   GameInfo::ResetInfo - SyncLevel set to 0 on reset
20:56:34.75   GameInfo::ResetInfo - SyncLevel set to 0 on reset
20:56:34.75   GameInfo::ResetInfo - SyncLevel set to 0 on reset
20:56:34.75   GameInfo::ResetInfo - SyncLevel set to 0 on reset
20:56:34.75   GameInfo::ResetInfo - SyncLevel set to 0 on reset
20:56:34.75   GameInfo::ResetInfo - SyncLevel set to 0 on reset
20:56:34.75   GameInfo::ResetInfo - SyncLevel set to 0 on reset
20:56:34.75   GAME -- Error reading header for recorded game PLAYBACK:MONTARGIS REGION REVISED.2019-06-01.00-22-47.rec
20:56:34.75   GameInfo::ResetInfo - SyncLevel set to 0 on reset
20:56:34.75   GameInfo::ResetInfo - SyncLevel set to 0 on reset
20:56:34.75   GameInfo::ResetInfo - SyncLevel set to 0 on reset
20:56:34.76   GameInfo::ResetInfo - SyncLevel set to 0 on reset
20:56:34.76   GameInfo::ResetInfo - SyncLevel set to 0 on reset
20:56:34.76   GameInfo::ResetInfo - SyncLevel set to 0 on reset
20:56:34.76   GameInfo::ResetInfo - SyncLevel set to 0 on reset
20:56:34.76   GameInfo::ResetInfo - SyncLevel set to 0 on reset
20:56:34.76   GameInfo::ResetInfo - SyncLevel set to 0 on reset
20:56:34.76   GameInfo::ResetInfo - SyncLevel set to 0 on reset
20:56:34.76   GameInfo::ResetInfo - SyncLevel set to 0 on reset
20:56:34.76   GameInfo::ResetInfo - SyncLevel set to 0 on reset
20:56:34.76   GameInfo::ResetInfo - SyncLevel set to 0 on reset
20:56:34.76   GameInfo::ResetInfo - SyncLevel set to 0 on reset
20:56:34.76   GameInfo::ResetInfo - SyncLevel set to 0 on reset
20:56:34.76   GameInfo::ResetInfo - SyncLevel set to 0 on reset
20:56:34.76   GameInfo::ResetInfo - SyncLevel set to 0 on reset
20:56:34.76   GameInfo::ResetInfo - SyncLevel set to 0 on reset
20:56:34.76   GameInfo::ResetInfo - SyncLevel set to 0 on reset
20:56:34.76   GameInfo::ResetInfo - SyncLevel set to 0 on reset
20:56:34.76   GameInfo::ResetInfo - SyncLevel set to 0 on reset
20:56:34.76   GameInfo::ResetInfo - SyncLevel set to 0 on reset
20:56:34.76   GameInfo::ResetInfo - SyncLevel set to 0 on reset
20:56:34.76   GAME -- Error reading header for recorded game PLAYBACK:PE_Baserush_Counter__[GameReplays.org].rec
20:56:34.76   GameInfo::ResetInfo - SyncLevel set to 0 on reset
20:56:34.76   GameInfo::ResetInfo - SyncLevel set to 0 on reset
20:56:34.76   GameInfo::ResetInfo - SyncLevel set to 0 on reset
20:56:34.76   GameInfo::ResetInfo - SyncLevel set to 0 on reset
20:56:34.76   GameInfo::ResetInfo - SyncLevel set to 0 on reset
20:56:34.76   GameInfo::ResetInfo - SyncLevel set to 0 on reset
20:56:34.76   GameInfo::ResetInfo - SyncLevel set to 0 on reset
20:56:34.76   GameInfo::ResetInfo - SyncLevel set to 0 on reset
20:56:34.76   GameInfo::ResetInfo - SyncLevel set to 0 on reset
20:56:34.76   GameInfo::ResetInfo - SyncLevel set to 0 on reset
20:56:34.76   GameInfo::ResetInfo - SyncLevel set to 0 on reset
20:56:34.76   GameInfo::ResetInfo - SyncLevel set to 0 on reset
20:56:34.77   GameInfo::ResetInfo - SyncLevel set to 0 on reset
20:56:34.77   GameInfo::ResetInfo - SyncLevel set to 0 on reset
20:56:34.77   GameInfo::ResetInfo - SyncLevel set to 0 on reset
20:56:34.77   GameInfo::ResetInfo - SyncLevel set to 0 on reset
20:56:34.77   GameInfo::ResetInfo - SyncLevel set to 0 on reset
20:56:34.77   GameInfo::ResetInfo - SyncLevel set to 0 on reset
20:56:34.77   GameInfo::ResetInfo - SyncLevel set to 0 on reset
20:56:34.77   GameInfo::ResetInfo - SyncLevel set to 0 on reset
20:56:34.77   GameInfo::ResetInfo - SyncLevel set to 0 on reset
20:56:34.77   GameInfo::ResetInfo - SyncLevel set to 0 on reset
20:56:34.77   GameInfo::ResetInfo - SyncLevel set to 0 on reset
20:56:34.77   GameInfo::ResetInfo - SyncLevel set to 0 on reset
20:56:34.77   GAME -- Error reading header for recorded game PLAYBACK:Scheldt shit.rec
20:56:34.77   GameInfo::ResetInfo - SyncLevel set to 0 on reset
20:56:34.77   GameInfo::ResetInfo - SyncLevel set to 0 on reset
20:56:34.77   GameInfo::ResetInfo - SyncLevel set to 0 on reset
20:56:34.77   GameInfo::ResetInfo - SyncLevel set to 0 on reset
20:56:34.77   GameInfo::ResetInfo - SyncLevel set to 0 on reset
20:56:34.77   GameInfo::ResetInfo - SyncLevel set to 0 on reset
20:56:34.77   GameInfo::ResetInfo - SyncLevel set to 0 on reset
20:56:34.77   GameInfo::ResetInfo - SyncLevel set to 0 on reset
20:56:34.77   GameInfo::ResetInfo - SyncLevel set to 0 on reset
20:56:34.78   GameInfo::ResetInfo - SyncLevel set to 0 on reset
20:56:34.78   GameInfo::ResetInfo - SyncLevel set to 0 on reset
20:56:34.78   GameInfo::ResetInfo - SyncLevel set to 0 on reset
20:56:34.78   GameInfo::ResetInfo - SyncLevel set to 0 on reset
20:56:34.78   GameInfo::ResetInfo - SyncLevel set to 0 on reset
20:56:34.78   GameInfo::ResetInfo - SyncLevel set to 0 on reset
20:56:34.78   GameInfo::ResetInfo - SyncLevel set to 0 on reset
20:56:34.78   GameInfo::ResetInfo - SyncLevel set to 0 on reset
20:56:34.78   GameInfo::ResetInfo - SyncLevel set to 0 on reset
20:56:34.78   GameInfo::ResetInfo - SyncLevel set to 0 on reset
20:56:34.78   GameInfo::ResetInfo - SyncLevel set to 0 on reset
20:56:34.78   GameInfo::ResetInfo - SyncLevel set to 0 on reset
20:56:34.78   GameInfo::ResetInfo - SyncLevel set to 0 on reset
20:56:34.78   GameInfo::ResetInfo - SyncLevel set to 0 on reset
20:56:34.78   GameInfo::ResetInfo - SyncLevel set to 0 on reset
20:56:34.78   GameInfo::ResetInfo - SyncLevel set to 0 on reset
20:56:34.78   GameInfo::ResetInfo - SyncLevel set to 0 on reset
20:56:34.78   GameInfo::ResetInfo - SyncLevel set to 0 on reset
20:56:34.78   GameInfo::ResetInfo - SyncLevel set to 0 on reset
20:56:34.78   GameInfo::ResetInfo - SyncLevel set to 0 on reset
20:56:34.78   GameInfo::ResetInfo - SyncLevel set to 0 on reset
20:56:34.78   GameInfo::ResetInfo - SyncLevel set to 0 on reset
20:56:34.78   GameInfo::ResetInfo - SyncLevel set to 0 on reset
20:56:34.78   GameInfo::ResetInfo - SyncLevel set to 0 on reset
20:56:34.78   GameInfo::ResetInfo - SyncLevel set to 0 on reset
20:56:34.78   GameInfo::ResetInfo - SyncLevel set to 0 on reset
20:56:34.78   GameInfo::ResetInfo - SyncLevel set to 0 on reset
20:56:34.79   GameInfo::ResetInfo - SyncLevel set to 0 on reset
20:56:34.79   GameInfo::ResetInfo - SyncLevel set to 0 on reset
20:56:34.79   GameInfo::ResetInfo - SyncLevel set to 0 on reset
20:56:34.79   GameInfo::ResetInfo - SyncLevel set to 0 on reset
20:56:34.79   GameInfo::ResetInfo - SyncLevel set to 0 on reset
20:56:34.79   GameInfo::ResetInfo - SyncLevel set to 0 on reset
20:56:34.79   GameInfo::ResetInfo - SyncLevel set to 0 on reset
20:56:34.79   GameInfo::ResetInfo - SyncLevel set to 0 on reset
20:56:34.79   GameInfo::ResetInfo - SyncLevel set to 0 on reset
20:56:34.79   GameInfo::ResetInfo - SyncLevel set to 0 on reset
20:56:34.79   GameInfo::ResetInfo - SyncLevel set to 0 on reset
20:56:34.79   GameInfo::ResetInfo - SyncLevel set to 0 on reset
20:56:34.79   GameInfo::ResetInfo - SyncLevel set to 0 on reset
20:56:34.79   GameInfo::ResetInfo - SyncLevel set to 0 on reset
20:56:34.79   GameInfo::ResetInfo - SyncLevel set to 0 on reset
20:56:34.79   GameInfo::ResetInfo - SyncLevel set to 0 on reset
20:56:34.79   GameInfo::ResetInfo - SyncLevel set to 0 on reset
20:56:34.79   GameInfo::ResetInfo - SyncLevel set to 0 on reset
20:56:34.79   GameInfo::ResetInfo - SyncLevel set to 0 on reset
20:56:34.79   GameInfo::ResetInfo - SyncLevel set to 0 on reset
20:56:34.79   GameInfo::ResetInfo - SyncLevel set to 0 on reset
20:56:34.79   GameInfo::ResetInfo - SyncLevel set to 0 on reset
20:56:34.79   GameInfo::ResetInfo - SyncLevel set to 0 on reset
20:56:34.79   GameInfo::ResetInfo - SyncLevel set to 0 on reset
20:56:34.79   GameInfo::ResetInfo - SyncLevel set to 0 on reset
20:56:34.79   GameInfo::ResetInfo - SyncLevel set to 0 on reset
20:56:34.79   GameInfo::ResetInfo - SyncLevel set to 0 on reset
20:56:34.80   GameInfo::ResetInfo - SyncLevel set to 0 on reset
20:56:34.80   GameInfo::ResetInfo - SyncLevel set to 0 on reset
20:56:34.80   GameInfo::ResetInfo - SyncLevel set to 0 on reset
20:56:34.80   GameInfo::ResetInfo - SyncLevel set to 0 on reset
20:56:34.80   GameInfo::ResetInfo - SyncLevel set to 0 on reset
20:56:34.80   GameInfo::ResetInfo - SyncLevel set to 0 on reset
20:56:34.80   GameInfo::ResetInfo - SyncLevel set to 0 on reset
20:56:34.80   GameInfo::ResetInfo - SyncLevel set to 0 on reset
20:56:34.80   GameInfo::ResetInfo - SyncLevel set to 0 on reset
20:56:34.80   GameInfo::ResetInfo - SyncLevel set to 0 on reset
20:56:34.80   GameInfo::ResetInfo - SyncLevel set to 0 on reset
20:56:34.80   GameInfo::ResetInfo - SyncLevel set to 0 on reset
20:56:34.80   GameInfo::ResetInfo - SyncLevel set to 0 on reset
20:56:34.80   GameInfo::ResetInfo - SyncLevel set to 0 on reset
20:56:34.80   GameInfo::ResetInfo - SyncLevel set to 0 on reset
20:56:34.80   GameInfo::ResetInfo - SyncLevel set to 0 on reset
20:56:34.80   GameInfo::ResetInfo - SyncLevel set to 0 on reset
20:56:34.80   GameInfo::ResetInfo - SyncLevel set to 0 on reset
20:56:34.80   GameInfo::ResetInfo - SyncLevel set to 0 on reset
20:56:34.80   GameInfo::ResetInfo - SyncLevel set to 0 on reset
20:56:34.80   GameInfo::ResetInfo - SyncLevel set to 0 on reset
20:56:34.81   GameInfo::ResetInfo - SyncLevel set to 0 on reset
20:56:34.81   GameInfo::ResetInfo - SyncLevel set to 0 on reset
20:56:34.81   GameInfo::ResetInfo - SyncLevel set to 0 on reset
20:56:34.81   GameInfo::ResetInfo - SyncLevel set to 0 on reset
20:56:34.81   GameInfo::ResetInfo - SyncLevel set to 0 on reset
20:56:34.81   GameInfo::ResetInfo - SyncLevel set to 0 on reset
20:56:34.81   GameInfo::ResetInfo - SyncLevel set to 0 on reset
20:56:34.81   GameInfo::ResetInfo - SyncLevel set to 0 on reset
20:56:34.81   GameInfo::ResetInfo - SyncLevel set to 0 on reset
20:56:34.81   GameInfo::ResetInfo - SyncLevel set to 0 on reset
20:56:34.81   GameInfo::ResetInfo - SyncLevel set to 0 on reset
20:56:34.81   GameInfo::ResetInfo - SyncLevel set to 0 on reset
20:56:34.81   GameInfo::ResetInfo - SyncLevel set to 0 on reset
20:56:34.81   GameInfo::ResetInfo - SyncLevel set to 0 on reset
20:56:34.81   GameInfo::ResetInfo - SyncLevel set to 0 on reset
20:56:34.81   GameInfo::ResetInfo - SyncLevel set to 0 on reset
20:56:34.81   GameInfo::ResetInfo - SyncLevel set to 0 on reset
20:56:34.81   GameInfo::ResetInfo - SyncLevel set to 0 on reset
20:56:34.81   GameInfo::ResetInfo - SyncLevel set to 0 on reset
20:56:34.81   GameInfo::ResetInfo - SyncLevel set to 0 on reset
20:56:34.81   GameInfo::ResetInfo - SyncLevel set to 0 on reset
20:56:34.81   RLINK -- SENDING FORCED ACK from Peer 6 to Peer 11 - timeSinceLastAckMS        368, transmitAckLastTimeMS    3621962 | Peer ---E- M#00000000 Sack00000017 NSack00000000 (C0.0% S:0.0) [  ]
20:56:34.81   GameInfo::ResetInfo - SyncLevel set to 0 on reset
20:56:34.81   GameInfo::ResetInfo - SyncLevel set to 0 on reset
20:56:34.81   GameInfo::ResetInfo - SyncLevel set to 0 on reset
20:56:34.84   RLINK -- SENDING FORCED ACK from Peer 6 to Peer 18 - timeSinceLastAckMS        277, transmitAckLastTimeMS    3621992 | Peer ---E- M#00000000 Sack00000002 NSack00000000 (C0.0% S:0.0) [  ]
20:56:34.93   RLINK -- SENDING FORCED ACK from Peer 6 to Peer 14 - timeSinceLastAckMS       2795, transmitAckLastTimeMS    3622082 | Peer ---E- M#00000000 Sack00000028 NSack00000000 (C0.0% S:0.0) [  ]
20:56:35.02   RLINK -- [P#6] SrcP# 2 ignoring old retry: 4 expect: 6
20:56:35.06   RLINK -- SENDING FORCED ACK from Peer 6 to Peer 1 - timeSinceLastAckMS        491, transmitAckLastTimeMS    3622206 | Peer ---E- M#00000000 Sack00000221 NSack00000000 (C0.0% S:0.0) [  ]
20:56:35.06   RLINK -- SENDING FORCED ACK from Peer 6 to Peer 2 - timeSinceLastAckMS        491, transmitAckLastTimeMS    3622206 | Peer ---E- M#00000000 Sack00000005 NSack00000000 (C0.0% S:0.0) [  ]
20:56:35.09   RLINK -- SENDING FORCED ACK from Peer 6 to Peer 11 - timeSinceLastAckMS        275, transmitAckLastTimeMS    3622237 | Peer ---E- M#00000000 Sack00000018 NSack00000000 (C0.0% S:0.0) [  ]
20:56:35.12   RLINK -- SENDING FORCED ACK from Peer 6 to Peer 18 - timeSinceLastAckMS        275, transmitAckLastTimeMS    3622267 | Peer ---E- M#00000000 Sack00000003 NSack00000000 (C0.0% S:0.0) [  ]
20:56:35.21   RLINK -- SENDING FORCED ACK from Peer 6 to Peer 14 - timeSinceLastAckMS        277, transmitAckLastTimeMS    3622359 | Peer ---E- M#00000000 Sack00000029 NSack00000000 (C0.0% S:0.0) [  ]
20:56:35.21   RLINK -- SENDING FORCED ACK from Peer 6 to Peer 19 - timeSinceLastAckMS       3072, transmitAckLastTimeMS    3622359 | Peer ---E- M#00000000 Sack00000001 NSack00000000 (C0.0% S:0.0) [  ]
20:56:35.33   RLINK -- SENDING FORCED ACK from Peer 6 to Peer 1 - timeSinceLastAckMS        274, transmitAckLastTimeMS    3622480 | Peer ---E- M#00000000 Sack00000222 NSack00000000 (C0.0% S:0.0) [  ]
20:56:35.45   RLINK -- SENDING FORCED ACK from Peer 6 to Peer 2 - timeSinceLastAckMS        397, transmitAckLastTimeMS    3622603 | Peer ---E- M#00000000 Sack00000006 NSack00000000 (C0.0% S:0.0) [  ]
20:56:35.45   RLINK -- SENDING FORCED ACK from Peer 6 to Peer 3 - timeSinceLastAckMS       3316, transmitAckLastTimeMS    3622603 | Peer ---E- M#00000000 Sack00000007 NSack00000000 (C0.0% S:0.0) [  ]
20:56:35.45   RLINK -- SENDING FORCED ACK from Peer 6 to Peer 11 - timeSinceLastAckMS        366, transmitAckLastTimeMS    3622603 | Peer ---E- M#00000000 Sack00000019 NSack00000000 (C0.0% S:0.0) [  ]
20:56:35.45   RLINK -- SENDING FORCED ACK from Peer 6 to Peer 18 - timeSinceLastAckMS        336, transmitAckLastTimeMS    3622603 | Peer ---E- M#00000000 Sack00000004 NSack00000000 (C0.0% S:0.0) [  ]
20:56:35.54   RLINK -- [P#6] SrcP# 2 ignoring old retry: 5 expect: 7
20:56:35.57   RLINK -- SENDING FORCED ACK from Peer 6 to Peer 14 - timeSinceLastAckMS        365, transmitAckLastTimeMS    3622724 | Peer ---E- M#00000000 Sack00000030 NSack00000000 (C0.0% S:0.0) [  ]
20:56:35.57   RLINK -- SENDING FORCED ACK from Peer 6 to Peer 19 - timeSinceLastAckMS        365, transmitAckLastTimeMS    3622724 | Peer ---E- M#00000000 Sack00000002 NSack00000000 (C0.0% S:0.0) [  ]
20:56:35.73   RLINK -- SENDING FORCED ACK from Peer 6 to Peer 2 - timeSinceLastAckMS        274, transmitAckLastTimeMS    3622877 | Peer ---E- M#00000000 Sack00000007 NSack00000000 (C0.0% S:0.0) [  ]
20:56:35.73   RLINK -- SENDING FORCED ACK from Peer 6 to Peer 11 - timeSinceLastAckMS        274, transmitAckLastTimeMS    3622877 | Peer ---E- M#00000000 Sack00000020 NSack00000000 (C0.0% S:0.0) [  ]
20:56:35.82   RLINK -- SENDING FORCED ACK from Peer 6 to Peer 1 - timeSinceLastAckMS        487, transmitAckLastTimeMS    3622967 | Peer ---E- M#00000000 Sack00000223 NSack00000000 (C0.0% S:0.0) [  ]
20:56:35.82   RLINK -- SENDING FORCED ACK from Peer 6 to Peer 3 - timeSinceLastAckMS        364, transmitAckLastTimeMS    3622967 | Peer ---E- M#00000000 Sack00000008 NSack00000000 (C0.0% S:0.0) [  ]
20:56:35.82   RLINK -- SENDING FORCED ACK from Peer 6 to Peer 18 - timeSinceLastAckMS        364, transmitAckLastTimeMS    3622967 | Peer ---E- M#00000000 Sack00000005 NSack00000000 (C0.0% S:0.0) [  ]
20:56:35.91   RLINK -- [P#6] SrcP# 2 ignoring old retry: 6 expect: 8
20:56:35.94   RLINK -- SENDING FORCED ACK from Peer 6 to Peer 19 - timeSinceLastAckMS        365, transmitAckLastTimeMS    3623089 | Peer ---E- M#00000000 Sack00000003 NSack00000000 (C0.0% S:0.0) [  ]
20:56:36.06   RLINK -- SENDING FORCED ACK from Peer 6 to Peer 2 - timeSinceLastAckMS        334, transmitAckLastTimeMS    3623211 | Peer ---E- M#00000000 Sack00000008 NSack00000000 (C0.0% S:0.0) [  ]
20:56:36.06   RLINK -- SENDING FORCED ACK from Peer 6 to Peer 11 - timeSinceLastAckMS        334, transmitAckLastTimeMS    3623211 | Peer ---E- M#00000000 Sack00000021 NSack00000000 (C0.0% S:0.0) [  ]
20:56:36.06   RLINK -- SENDING FORCED ACK from Peer 6 to Peer 14 - timeSinceLastAckMS        487, transmitAckLastTimeMS    3623211 | Peer ---E- M#00000000 Sack00000031 NSack00000000 (C0.0% S:0.0) [  ]
20:56:36.09   RLINK -- SENDING FORCED ACK from Peer 6 to Peer 18 - timeSinceLastAckMS        274, transmitAckLastTimeMS    3623241 | Peer ---E- M#00000000 Sack00000006 NSack00000000 (C0.0% S:0.0) [  ]
20:56:36.18   RLINK -- SENDING FORCED ACK from Peer 6 to Peer 1 - timeSinceLastAckMS        365, transmitAckLastTimeMS    3623332 | Peer ---E- M#00000000 Sack00000224 NSack00000000 (C0.0% S:0.0) [  ]
20:56:36.33   GAME -- Ending FE
20:56:36.33   UIFrontEnd - Unloading Front End
20:56:36.33   RLINK -- SENDING FORCED ACK from Peer 6 to Peer 2 - timeSinceLastAckMS        273, transmitAckLastTimeMS    3623484 | Peer ---E- M#00000000 Sack00000009 NSack00000000 (C0.0% S:0.0) [  ]
20:56:36.33   RLINK -- SENDING FORCED ACK from Peer 6 to Peer 11 - timeSinceLastAckMS        273, transmitAckLastTimeMS    3623484 | Peer ---E- M#00000000 Sack00000022 NSack00000000 (C0.0% S:0.0) [  ]
20:56:36.36   SOUND -- Shutting down ...
20:56:36.36   RLINK -- SENDING FORCED ACK from Peer 6 to Peer 18 - timeSinceLastAckMS        273, transmitAckLastTimeMS    3623514 | Peer ---E- M#00000000 Sack00000007 NSack00000000 (C0.0% S:0.0) [  ]
20:56:36.44   SOUND -- Shutdown completed!
20:56:36.46   RLINK -- SENDING FORCED ACK from Peer 6 to Peer 1 - timeSinceLastAckMS        274, transmitAckLastTimeMS    3623606 | Peer ---E- M#00000000 Sack00000225 NSack00000000 (C0.0% S:0.0) [  ]
20:56:36.46   RLINK -- SENDING FORCED ACK from Peer 6 to Peer 3 - timeSinceLastAckMS        639, transmitAckLastTimeMS    3623606 | Peer ---E- M#00000000 Sack00000009 NSack00000000 (C0.0% S:0.0) [  ]
20:56:36.46   RLINK -- SENDING FORCED ACK from Peer 6 to Peer 14 - timeSinceLastAckMS        395, transmitAckLastTimeMS    3623606 | Peer ---E- M#00000000 Sack00000032 NSack00000000 (C0.0% S:0.0) [  ]
20:56:36.46   P2PNetworkSynchronization::RegisterPeer - info, registered remote station [1].
20:56:36.46   P2PNetworkSynchronization::RegisterPeer - info, registered remote station [2].
20:56:36.46   P2PNetworkSynchronization::RegisterPeer - info, registered remote station [3].
20:56:36.46   P2PNetworkSynchronization::RegisterPeer - info, registered local station [6].
20:56:36.46   P2PNetworkSynchronization::RegisterPeer - info, registered remote station [11].
20:56:36.46   P2PNetworkSynchronization::RegisterPeer - info, registered remote station [14].
20:56:36.46   P2PNetworkSynchronization::RegisterPeer - info, registered remote station [18].
20:56:36.46   P2PNetworkSynchronization::RegisterPeer - info, registered remote station [19].
20:56:36.46
20:56:36.46   GAME -- *** Beginning mission 8p_montargis region (8 Humans, 0 Computers) ***
20:56:36.46
20:56:36.46   GameObj::StartGameObj - info, network session GUID set to [{25bbbf04-eaeb-41e0-99e2-f3fcf58fbe6c}].
20:56:36.57   GAME -- Recording game
20:56:36.59   Activating screen: GameLoadScreen
20:56:36.60   RLINK -- NetworkManager::DispatchEvents() - Warning - Time between calls was 2673 ms
20:56:36.74   THREAD: Hyper-Threading Technology Processors are not detected.
20:56:36.79   SOUND -- Initializing ...
20:56:36.84   SOUND -- Initialization completed!
20:56:36.85   RLINK -- SENDING FORCED ACK from Peer 6 to Peer 1 - timeSinceLastAckMS        258, transmitAckLastTimeMS    3624006 | Peer ---E- M#00000000 Sack00000226 NSack00000000 (C0.0% S:0.0) [  ]
20:56:36.85   RLINK -- SENDING FORCED ACK from Peer 6 to Peer 2 - timeSinceLastAckMS        258, transmitAckLastTimeMS    3624006 | Peer ---E- M#00000000 Sack00000010 NSack00000000 (C0.0% S:0.0) [  ]
20:56:36.85   RLINK -- SENDING FORCED ACK from Peer 6 to Peer 3 - timeSinceLastAckMS        258, transmitAckLastTimeMS    3624006 | Peer ---E- M#00000000 Sack00000010 NSack00000000 (C0.0% S:0.0) [  ]
20:56:36.85   RLINK -- SENDING FORCED ACK from Peer 6 to Peer 11 - timeSinceLastAckMS        258, transmitAckLastTimeMS    3624006 | Peer ---E- M#00000000 Sack00000023 NSack00000000 (C0.0% S:0.0) [  ]
20:56:36.86   RLINK -- SENDING FORCED ACK from Peer 6 to Peer 14 - timeSinceLastAckMS        259, transmitAckLastTimeMS    3624007 | Peer ---E- M#00000000 Sack00000033 NSack00000000 (C0.0% S:0.0) [  ]
20:56:36.86   RLINK -- SENDING FORCED ACK from Peer 6 to Peer 18 - timeSinceLastAckMS        259, transmitAckLastTimeMS    3624007 | Peer ---E- M#00000000 Sack00000008 NSack00000000 (C0.0% S:0.0) [  ]
20:56:36.86   PHYSICS: detected processor(s) capable of handling 12 threads.
20:56:36.87   MOD -- Locating MOD for scenario 'DATA:scenarios\mp\classic\8p_montargis region\8p_montargis region'
20:56:36.87   MOD -- Using Mod 'RelicCOH'
20:56:36.88   Unable to load/parse precache file [DATA:scenarios\mp\classic\8p_montargis region\8p_montargis region_precache.lua]
20:56:37.13   RLINK -- SENDING FORCED ACK from Peer 6 to Peer 1 - timeSinceLastAckMS        268, transmitAckLastTimeMS    3624279 | Peer ---E- M#00000000 Sack00000227 NSack00000000 (C0.0% S:0.0) [  ]
20:56:37.13   RLINK -- SENDING FORCED ACK from Peer 6 to Peer 2 - timeSinceLastAckMS        268, transmitAckLastTimeMS    3624279 | Peer ---E- M#00000000 Sack00000011 NSack00000000 (C0.0% S:0.0) [  ]
20:56:37.13   RLINK -- SENDING FORCED ACK from Peer 6 to Peer 3 - timeSinceLastAckMS        268, transmitAckLastTimeMS    3624279 | Peer ---E- M#00000000 Sack00000011 NSack00000000 (C0.0% S:0.0) [  ]
20:56:37.13   RLINK -- SENDING FORCED ACK from Peer 6 to Peer 11 - timeSinceLastAckMS        268, transmitAckLastTimeMS    3624279 | Peer ---E- M#00000000 Sack00000024 NSack00000000 (C0.0% S:0.0) [  ]
20:56:37.13   RLINK -- SENDING FORCED ACK from Peer 6 to Peer 18 - timeSinceLastAckMS        269, transmitAckLastTimeMS    3624280 | Peer ---E- M#00000000 Sack00000009 NSack00000000 (C0.0% S:0.0) [  ]
20:56:37.13   RLINK -- SENDING FORCED ACK from Peer 6 to Peer 19 - timeSinceLastAckMS        269, transmitAckLastTimeMS    3624280 | Peer ---E- M#00000000 Sack00000004 NSack00000000 (C0.0% S:0.0) [  ]
20:56:37.19   RLINK -- SENDING FORCED ACK from Peer 6 to Peer 14 - timeSinceLastAckMS        328, transmitAckLastTimeMS    3624339 | Peer ---E- M#00000000 Sack00000034 NSack00000000 (C0.0% S:0.0) [  ]
20:56:37.23   GameObjLoader - upgrading load_count from 0 to 551
20:56:37.40   GameObjLoader - upgrading load_count from 551 to 1413
20:56:37.49   RLINK -- SENDING FORCED ACK from Peer 6 to Peer 1 - timeSinceLastAckMS        260, transmitAckLastTimeMS    3624643 | Peer ---E- M#00000000 Sack00000228 NSack00000000 (C0.0% S:0.0) [  ]
20:56:37.49   RLINK -- SENDING FORCED ACK from Peer 6 to Peer 2 - timeSinceLastAckMS        260, transmitAckLastTimeMS    3624643 | Peer ---E- M#00000000 Sack00000012 NSack00000000 (C0.0% S:0.0) [  ]
20:56:37.49   RLINK -- SENDING FORCED ACK from Peer 6 to Peer 3 - timeSinceLastAckMS        260, transmitAckLastTimeMS    3624643 | Peer ---E- M#00000000 Sack00000012 NSack00000000 (C0.0% S:0.0) [  ]
20:56:37.49   RLINK -- SENDING FORCED ACK from Peer 6 to Peer 11 - timeSinceLastAckMS        261, transmitAckLastTimeMS    3624644 | Peer ---E- M#00000000 Sack00000025 NSack00000000 (C0.0% S:0.0) [  ]
20:56:37.49   RLINK -- SENDING FORCED ACK from Peer 6 to Peer 14 - timeSinceLastAckMS        261, transmitAckLastTimeMS    3624644 | Peer ---E- M#00000000 Sack00000035 NSack00000000 (C0.0% S:0.0) [  ]
20:56:37.49   RLINK -- SENDING FORCED ACK from Peer 6 to Peer 18 - timeSinceLastAckMS        261, transmitAckLastTimeMS    3624644 | Peer ---E- M#00000000 Sack00000010 NSack00000000 (C0.0% S:0.0) [  ]
20:56:37.49   RLINK -- SENDING FORCED ACK from Peer 6 to Peer 19 - timeSinceLastAckMS        261, transmitAckLastTimeMS    3624644 | Peer ---E- M#00000000 Sack00000005 NSack00000000 (C0.0% S:0.0) [  ]
20:56:37.82   RLINK -- SENDING FORCED ACK from Peer 6 to Peer 1 - timeSinceLastAckMS        270, transmitAckLastTimeMS    3624976 | Peer ---E- M#00000000 Sack00000229 NSack00000000 (C0.0% S:0.0) [  ]
20:56:37.82   RLINK -- SENDING FORCED ACK from Peer 6 to Peer 3 - timeSinceLastAckMS        270, transmitAckLastTimeMS    3624976 | Peer ---E- M#00000000 Sack00000013 NSack00000000 (C0.0% S:0.0) [  ]
20:56:37.82   RLINK -- SENDING FORCED ACK from Peer 6 to Peer 11 - timeSinceLastAckMS        270, transmitAckLastTimeMS    3624976 | Peer ---E- M#00000000 Sack00000026 NSack00000000 (C0.0% S:0.0) [  ]
20:56:37.83   RLINK -- SENDING FORCED ACK from Peer 6 to Peer 14 - timeSinceLastAckMS        271, transmitAckLastTimeMS    3624977 | Peer ---E- M#00000000 Sack00000036 NSack00000000 (C0.0% S:0.0) [  ]
20:56:37.83   RLINK -- SENDING FORCED ACK from Peer 6 to Peer 18 - timeSinceLastAckMS        271, transmitAckLastTimeMS    3624977 | Peer ---E- M#00000000 Sack00000011 NSack00000000 (C0.0% S:0.0) [  ]
20:56:38.13   RLINK -- SENDING FORCED ACK from Peer 6 to Peer 1 - timeSinceLastAckMS        264, transmitAckLastTimeMS    3625282 | Peer ---E- M#00000000 Sack00000230 NSack00000000 (C0.0% S:0.0) [  ]
20:56:38.13   RLINK -- SENDING FORCED ACK from Peer 6 to Peer 2 - timeSinceLastAckMS        264, transmitAckLastTimeMS    3625282 | Peer ---E- M#00000000 Sack00000014 NSack00000000 (C0.0% S:0.0) [  ]
20:56:38.13   RLINK -- SENDING FORCED ACK from Peer 6 to Peer 3 - timeSinceLastAckMS        264, transmitAckLastTimeMS    3625282 | Peer ---E- M#00000000 Sack00000014 NSack00000000 (C0.0% S:0.0) [  ]
20:56:38.13   RLINK -- SENDING FORCED ACK from Peer 6 to Peer 11 - timeSinceLastAckMS        265, transmitAckLastTimeMS    3625283 | Peer ---E- M#00000000 Sack00000027 NSack00000000 (C0.0% S:0.0) [  ]
20:56:38.13   RLINK -- SENDING FORCED ACK from Peer 6 to Peer 18 - timeSinceLastAckMS        266, transmitAckLastTimeMS    3625284 | Peer ---E- M#00000000 Sack00000012 NSack00000000 (C0.0% S:0.0) [  ]
20:56:38.13   RLINK -- SENDING FORCED ACK from Peer 6 to Peer 19 - timeSinceLastAckMS        266, transmitAckLastTimeMS    3625284 | Peer ---E- M#00000000 Sack00000007 NSack00000000 (C0.0% S:0.0) [  ]
20:56:38.19   RLINK -- SENDING FORCED ACK from Peer 6 to Peer 14 - timeSinceLastAckMS        327, transmitAckLastTimeMS    3625345 | Peer ---E- M#00000000 Sack00000037 NSack00000000 (C0.0% S:0.0) [  ]
20:56:38.37   GameObjLoader - upgrading load_count from 1413 to 1469
20:56:38.47   RLINK -- SENDING FORCED ACK from Peer 6 to Peer 1 - timeSinceLastAckMS        269, transmitAckLastTimeMS    3625619 | Peer ---E- M#00000000 Sack00000231 NSack00000000 (C0.0% S:0.0) [  ]
20:56:38.47   RLINK -- SENDING FORCED ACK from Peer 6 to Peer 3 - timeSinceLastAckMS        269, transmitAckLastTimeMS    3625619 | Peer ---E- M#00000000 Sack00000015 NSack00000000 (C0.0% S:0.0) [  ]
20:56:38.47   RLINK -- SENDING FORCED ACK from Peer 6 to Peer 11 - timeSinceLastAckMS        269, transmitAckLastTimeMS    3625619 | Peer ---E- M#00000000 Sack00000028 NSack00000000 (C0.0% S:0.0) [  ]
20:56:38.47   RLINK -- SENDING FORCED ACK from Peer 6 to Peer 18 - timeSinceLastAckMS        269, transmitAckLastTimeMS    3625619 | Peer ---E- M#00000000 Sack00000013 NSack00000000 (C0.0% S:0.0) [  ]
20:56:38.47   RLINK -- SENDING FORCED ACK from Peer 6 to Peer 19 - timeSinceLastAckMS        269, transmitAckLastTimeMS    3625619 | Peer ---E- M#00000000 Sack00000008 NSack00000000 (C0.0% S:0.0) [  ]
20:56:38.80   RLINK -- SENDING FORCED ACK from Peer 6 to Peer 1 - timeSinceLastAckMS        277, transmitAckLastTimeMS    3625956 | Peer ---E- M#00000000 Sack00000232 NSack00000000 (C0.0% S:0.0) [  ]
20:56:38.80   RLINK -- SENDING FORCED ACK from Peer 6 to Peer 3 - timeSinceLastAckMS        277, transmitAckLastTimeMS    3625956 | Peer ---E- M#00000000 Sack00000016 NSack00000000 (C0.0% S:0.0) [  ]
20:56:38.80   RLINK -- SENDING FORCED ACK from Peer 6 to Peer 11 - timeSinceLastAckMS        277, transmitAckLastTimeMS    3625956 | Peer ---E- M#00000000 Sack00000029 NSack00000000 (C0.0% S:0.0) [  ]
20:56:38.80   RLINK -- SENDING FORCED ACK from Peer 6 to Peer 14 - timeSinceLastAckMS        277, transmitAckLastTimeMS    3625956 | Peer ---E- M#00000000 Sack00000038 NSack00000000 (C0.0% S:0.0) [  ]
20:56:38.80   RLINK -- SENDING FORCED ACK from Peer 6 to Peer 18 - timeSinceLastAckMS        277, transmitAckLastTimeMS    3625956 | Peer ---E- M#00000000 Sack00000014 NSack00000000 (C0.0% S:0.0) [  ]
20:56:38.80   RLINK -- SENDING FORCED ACK from Peer 6 to Peer 19 - timeSinceLastAckMS        277, transmitAckLastTimeMS    3625956 | Peer ---E- M#00000000 Sack00000009 NSack00000000 (C0.0% S:0.0) [  ]
20:56:39.11   RLINK -- SENDING FORCED ACK from Peer 6 to Peer 3 - timeSinceLastAckMS        272, transmitAckLastTimeMS    3626261 | Peer ---E- M#00000000 Sack00000017 NSack00000000 (C0.0% S:0.0) [  ]
20:56:39.11   RLINK -- SENDING FORCED ACK from Peer 6 to Peer 11 - timeSinceLastAckMS        272, transmitAckLastTimeMS    3626261 | Peer ---E- M#00000000 Sack00000030 NSack00000000 (C0.0% S:0.0) [  ]
20:56:39.11   RLINK -- SENDING FORCED ACK from Peer 6 to Peer 14 - timeSinceLastAckMS        272, transmitAckLastTimeMS    3626261 | Peer ---E- M#00000000 Sack00000039 NSack00000000 (C0.0% S:0.0) [  ]
20:56:39.11   RLINK -- SENDING FORCED ACK from Peer 6 to Peer 19 - timeSinceLastAckMS        272, transmitAckLastTimeMS    3626261 | Peer ---E- M#00000000 Sack00000010 NSack00000000 (C0.0% S:0.0) [  ]
20:56:39.41   RLINK -- SENDING FORCED ACK from Peer 6 to Peer 2 - timeSinceLastAckMS        267, transmitAckLastTimeMS    3626564 | Peer ---E- M#00000000 Sack00000015 NSack00000000 (C0.0% S:0.0) [  ]
20:56:39.41   RLINK -- SENDING FORCED ACK from Peer 6 to Peer 11 - timeSinceLastAckMS        267, transmitAckLastTimeMS    3626564 | Peer ---E- M#00000000 Sack00000031 NSack00000000 (C0.0% S:0.0) [  ]
20:56:39.41   RLINK -- SENDING FORCED ACK from Peer 6 to Peer 14 - timeSinceLastAckMS        267, transmitAckLastTimeMS    3626564 | Peer ---E- M#00000000 Sack00000040 NSack00000000 (C0.0% S:0.0) [  ]
20:56:39.41   RLINK -- SENDING FORCED ACK from Peer 6 to Peer 18 - timeSinceLastAckMS        268, transmitAckLastTimeMS    3626565 | Peer ---E- M#00000000 Sack00000016 NSack00000000 (C0.0% S:0.0) [  ]
20:56:39.41   RLINK -- SENDING FORCED ACK from Peer 6 to Peer 19 - timeSinceLastAckMS        268, transmitAckLastTimeMS    3626565 | Peer ---E- M#00000000 Sack00000011 NSack00000000 (C0.0% S:0.0) [  ]
20:56:39.44   RLINK -- SENDING FORCED ACK from Peer 6 to Peer 3 - timeSinceLastAckMS        297, transmitAckLastTimeMS    3626594 | Peer ---E- M#00000000 Sack00000018 NSack00000000 (C0.0% S:0.0) [  ]
20:56:39.47   GameObjLoader - upgrading load_count from 1469 to 4318
20:56:39.47   RLINK -- Asked to remove user 00000000:00010a0c :/steam/76561198042361155 that doesn't exist
20:56:39.47   RLINK -- Asked to remove user 00000000:0012f8fa :/steam/76561198263392865 that doesn't exist
20:56:39.47   RLINK -- Asked to remove user 00000000:0000b081 :/steam/76561198079666514 that doesn't exist
20:56:39.47   RLINK -- Asked to remove user 00000000:0014eaa3 :/steam/76561198330314774 that doesn't exist
20:56:39.47   RLINK -- Asked to remove user 00000000:001152ce :/steam/76561198347028849 that doesn't exist
20:56:39.47   RLINK -- Asked to remove user 00000000:0010938f :/steam/76561198192571487 that doesn't exist
20:56:39.47   RLINK -- Asked to remove user 00000000:000224a7 :/steam/76561197975452220 that doesn't exist
20:56:39.75   RLINK -- SENDING FORCED ACK from Peer 6 to Peer 11 - timeSinceLastAckMS        278, transmitAckLastTimeMS    3626898 | Peer ---E- M#00000000 Sack00000032 NSack00000000 (C0.0% S:0.0) [  ]
20:56:39.75   RLINK -- SENDING FORCED ACK from Peer 6 to Peer 14 - timeSinceLastAckMS        278, transmitAckLastTimeMS    3626898 | Peer ---E- M#00000000 Sack00000041 NSack00000000 (C0.0% S:0.0) [  ]
20:56:39.75   RLINK -- SENDING FORCED ACK from Peer 6 to Peer 18 - timeSinceLastAckMS        278, transmitAckLastTimeMS    3626898 | Peer ---E- M#00000000 Sack00000017 NSack00000000 (C0.0% S:0.0) [  ]
20:56:39.75   RLINK -- SENDING FORCED ACK from Peer 6 to Peer 19 - timeSinceLastAckMS        279, transmitAckLastTimeMS    3626899 | Peer ---E- M#00000000 Sack00000012 NSack00000000 (C0.0% S:0.0) [  ]
20:56:39.81   RLINK -- SENDING FORCED ACK from Peer 6 to Peer 3 - timeSinceLastAckMS        340, transmitAckLastTimeMS    3626960 | Peer ---E- M#00000000 Sack00000019 NSack00000000 (C0.0% S:0.0) [  ]
20:56:40.08   RLINK -- SENDING FORCED ACK from Peer 6 to Peer 1 - timeSinceLastAckMS        270, transmitAckLastTimeMS    3627234 | Peer ---E- M#00000000 Sack00000233 NSack00000000 (C0.0% S:0.0) [  ]
20:56:40.08   RLINK -- SENDING FORCED ACK from Peer 6 to Peer 3 - timeSinceLastAckMS        270, transmitAckLastTimeMS    3627234 | Peer ---E- M#00000000 Sack00000020 NSack00000000 (C0.0% S:0.0) [  ]
20:56:40.08   RLINK -- SENDING FORCED ACK from Peer 6 to Peer 14 - timeSinceLastAckMS        270, transmitAckLastTimeMS    3627234 | Peer ---E- M#00000000 Sack00000042 NSack00000000 (C0.0% S:0.0) [  ]
20:56:40.08   RLINK -- SENDING FORCED ACK from Peer 6 to Peer 19 - timeSinceLastAckMS        270, transmitAckLastTimeMS    3627234 | Peer ---E- M#00000000 Sack00000013 NSack00000000 (C0.0% S:0.0) [  ]
20:56:40.39   RLINK -- SENDING FORCED ACK from Peer 6 to Peer 2 - timeSinceLastAckMS        258, transmitAckLastTimeMS    3627540 | Peer ---E- M#00000000 Sack00000016 NSack00000000 (C0.0% S:0.0) [  ]
20:56:40.39   RLINK -- SENDING FORCED ACK from Peer 6 to Peer 11 - timeSinceLastAckMS        258, transmitAckLastTimeMS    3627540 | Peer ---E- M#00000000 Sack00000034 NSack00000000 (C0.0% S:0.0) [  ]
20:56:40.39   RLINK -- SENDING FORCED ACK from Peer 6 to Peer 14 - timeSinceLastAckMS        258, transmitAckLastTimeMS    3627540 | Peer ---E- M#00000000 Sack00000043 NSack00000000 (C0.0% S:0.0) [  ]
20:56:40.39   RLINK -- SENDING FORCED ACK from Peer 6 to Peer 18 - timeSinceLastAckMS        258, transmitAckLastTimeMS    3627540 | Peer ---E- M#00000000 Sack00000019 NSack00000000 (C0.0% S:0.0) [  ]
20:56:40.39   RLINK -- SENDING FORCED ACK from Peer 6 to Peer 19 - timeSinceLastAckMS        258, transmitAckLastTimeMS    3627540 | Peer ---E- M#00000000 Sack00000014 NSack00000000 (C0.0% S:0.0) [  ]
20:56:40.69   RLINK -- SENDING FORCED ACK from Peer 6 to Peer 2 - timeSinceLastAckMS        252, transmitAckLastTimeMS    3627844 | Peer ---E- M#00000000 Sack00000017 NSack00000000 (C0.0% S:0.0) [  ]
20:56:40.69   RLINK -- SENDING FORCED ACK from Peer 6 to Peer 3 - timeSinceLastAckMS        252, transmitAckLastTimeMS    3627844 | Peer ---E- M#00000000 Sack00000022 NSack00000000 (C0.0% S:0.0) [  ]
20:56:40.69   RLINK -- SENDING FORCED ACK from Peer 6 to Peer 14 - timeSinceLastAckMS        252, transmitAckLastTimeMS    3627844 | Peer ---E- M#00000000 Sack00000044 NSack00000000 (C0.0% S:0.0) [  ]
20:56:40.69   RLINK -- SENDING FORCED ACK from Peer 6 to Peer 19 - timeSinceLastAckMS        252, transmitAckLastTimeMS    3627844 | Peer ---E- M#00000000 Sack00000015 NSack00000000 (C0.0% S:0.0) [  ]
20:56:40.91   GameObjLoader 16e79880 - resetting counters
20:56:40.91   GameObjLoader 16e79880 - LOAD_DONE
20:56:40.91   GAME - SessionSetup
20:56:40.94   CommandBPDatabase - Unable to register function [splat_attach] due to missing CommandBP.
20:56:40.94   TERRAINTEXTURE -- compositor added RenderTarget [0] of size 1024 x 1024
20:56:40.94   TERRAINTEXTURE -- compositor added RenderTarget [1] of size 1024 x 1024
20:56:41.03   RLINK -- SENDING FORCED ACK from Peer 6 to Peer 1 - timeSinceLastAckMS        276, transmitAckLastTimeMS    3628178 | Peer ---E- M#00000000 Sack00000235 NSack00000000 (C0.0% S:0.0) [  ]
20:56:41.03   RLINK -- SENDING FORCED ACK from Peer 6 to Peer 11 - timeSinceLastAckMS        276, transmitAckLastTimeMS    3628178 | Peer ---E- M#00000000 Sack00000036 NSack00000000 (C0.0% S:0.0) [  ]
20:56:41.03   RLINK -- SENDING FORCED ACK from Peer 6 to Peer 19 - timeSinceLastAckMS        276, transmitAckLastTimeMS    3628178 | Peer ---E- M#00000000 Sack00000016 NSack00000000 (C0.0% S:0.0) [  ]
20:56:41.06   RLINK -- SENDING FORCED ACK from Peer 6 to Peer 2 - timeSinceLastAckMS        308, transmitAckLastTimeMS    3628210 | Peer ---E- M#00000000 Sack00000018 NSack00000000 (C0.0% S:0.0) [  ]
20:56:41.06   RLINK -- SENDING FORCED ACK from Peer 6 to Peer 3 - timeSinceLastAckMS        308, transmitAckLastTimeMS    3628210 | Peer ---E- M#00000000 Sack00000023 NSack00000000 (C0.0% S:0.0) [  ]
20:56:41.06   RLINK -- SENDING FORCED ACK from Peer 6 to Peer 14 - timeSinceLastAckMS        308, transmitAckLastTimeMS    3628210 | Peer ---E- M#00000000 Sack00000045 NSack00000000 (C0.0% S:0.0) [  ]
20:56:41.30   RLINK -- SENDING FORCED ACK from Peer 6 to Peer 1 - timeSinceLastAckMS        275, transmitAckLastTimeMS    3628453 | Peer ---E- M#00000000 Sack00000236 NSack00000000 (C0.0% S:0.0) [  ]
20:56:41.30   RLINK -- SENDING FORCED ACK from Peer 6 to Peer 11 - timeSinceLastAckMS        275, transmitAckLastTimeMS    3628453 | Peer ---E- M#00000000 Sack00000037 NSack00000000 (C0.0% S:0.0) [  ]
20:56:41.33   RLINK -- SENDING FORCED ACK from Peer 6 to Peer 19 - timeSinceLastAckMS        306, transmitAckLastTimeMS    3628484 | Peer ---E- M#00000000 Sack00000017 NSack00000000 (C0.0% S:0.0) [  ]
20:56:41.46   RLINK -- SENDING FORCED ACK from Peer 6 to Peer 3 - timeSinceLastAckMS        397, transmitAckLastTimeMS    3628607 | Peer ---E- M#00000000 Sack00000024 NSack00000000 (C0.0% S:0.0) [  ]
20:56:41.46   RLINK -- SENDING FORCED ACK from Peer 6 to Peer 14 - timeSinceLastAckMS        397, transmitAckLastTimeMS    3628607 | Peer ---E- M#00000000 Sack00000046 NSack00000000 (C0.0% S:0.0) [  ]
20:56:41.58   RLINK -- SENDING FORCED ACK from Peer 6 to Peer 1 - timeSinceLastAckMS        275, transmitAckLastTimeMS    3628728 | Peer ---E- M#00000000 Sack00000237 NSack00000000 (C0.0% S:0.0) [  ]
20:56:41.58   RLINK -- SENDING FORCED ACK from Peer 6 to Peer 11 - timeSinceLastAckMS        275, transmitAckLastTimeMS    3628728 | Peer ---E- M#00000000 Sack00000038 NSack00000000 (C0.0% S:0.0) [  ]
20:56:41.61   RLINK -- SENDING FORCED ACK from Peer 6 to Peer 19 - timeSinceLastAckMS        274, transmitAckLastTimeMS    3628758 | Peer ---E- M#00000000 Sack00000018 NSack00000000 (C0.0% S:0.0) [  ]
20:56:41.70   RLINK -- SENDING FORCED ACK from Peer 6 to Peer 2 - timeSinceLastAckMS        638, transmitAckLastTimeMS    3628848 | Peer ---E- M#00000000 Sack00000020 NSack00000000 (C0.0% S:0.0) [  ]
20:56:41.73   RLINK -- SENDING FORCED ACK from Peer 6 to Peer 3 - timeSinceLastAckMS        272, transmitAckLastTimeMS    3628879 | Peer ---E- M#00000000 Sack00000025 NSack00000000 (C0.0% S:0.0) [  ]
20:56:41.73   RLINK -- SENDING FORCED ACK from Peer 6 to Peer 14 - timeSinceLastAckMS        272, transmitAckLastTimeMS    3628879 | Peer ---E- M#00000000 Sack00000047 NSack00000000 (C0.0% S:0.0) [  ]
20:56:41.85   RLINK -- SENDING FORCED ACK from Peer 6 to Peer 1 - timeSinceLastAckMS        273, transmitAckLastTimeMS    3629001 | Peer ---E- M#00000000 Sack00000238 NSack00000000 (C0.0% S:0.0) [  ]
20:56:41.85   RLINK -- SENDING FORCED ACK from Peer 6 to Peer 11 - timeSinceLastAckMS        273, transmitAckLastTimeMS    3629001 | Peer ---E- M#00000000 Sack00000039 NSack00000000 (C0.0% S:0.0) [  ]
20:56:41.94   RLINK -- SENDING FORCED ACK from Peer 6 to Peer 19 - timeSinceLastAckMS        333, transmitAckLastTimeMS    3629091 | Peer ---E- M#00000000 Sack00000019 NSack00000000 (C0.0% S:0.0) [  ]
20:56:42.00   GAME - CreateGEWorld in 1083 ms
20:56:42.05   GAME - SessionSetup finished in 1131 ms
20:56:42.05   LoadArbitrator::UpdateLoadProgress - info, player "[0:2]" finished loading with checksum [1782876012].
20:56:42.06   GAME - WaterReflectionManagerSetup
20:56:42.06   GAME - WaterReflectionManagerSetup finished in 0 ms
20:56:42.09   Regenerating ImpassMap data...
20:56:42.09       Impass Data was already valid, but regenerating...
20:56:42.31   RLINK -- SENDING FORCED ACK from Peer 6 to Peer 1 - timeSinceLastAckMS        261, transmitAckLastTimeMS    3629457 | Peer ---E- M#00000000 Sack00000239 NSack00000000 (C0.0% S:0.0) [  ]
20:56:42.31   RLINK -- SENDING FORCED ACK from Peer 6 to Peer 3 - timeSinceLastAckMS        261, transmitAckLastTimeMS    3629457 | Peer ---E- M#00000000 Sack00000027 NSack00000000 (C0.0% S:0.0) [  ]
20:56:42.31   RLINK -- SENDING FORCED ACK from Peer 6 to Peer 18 - timeSinceLastAckMS        261, transmitAckLastTimeMS    3629457 | Peer ---E- M#00000000 Sack00000021 NSack00000000 (C0.0% S:0.0) [  ]
20:56:42.31   RLINK -- SENDING FORCED ACK from Peer 6 to Peer 19 - timeSinceLastAckMS        261, transmitAckLastTimeMS    3629457 | Peer ---E- M#00000000 Sack00000020 NSack00000000 (C0.0% S:0.0) [  ]
20:56:42.34   Generating CanBuild Map.  THIS SHOULD ONLY HAPPEN IN WORLDBUILDER!  IF YOU SEE THIS IN GAME, RE-SAVE THE MAP!
20:56:42.34   Regenerating CanBuildMap data...
20:56:42.34   Generating CanShoot Map.
20:56:42.34   Pathfinder::Regenerate()...
20:56:42.38   Generating PathSectorMap...
20:56:42.46   RLINK -- SENDING FORCED ACK from Peer 6 to Peer 11 - timeSinceLastAckMS        413, transmitAckLastTimeMS    3629609 | Peer ---E- M#00000000 Sack00000041 NSack00000000 (C0.0% S:0.0) [  ]
20:56:42.46   RLINK -- SENDING FORCED ACK from Peer 6 to Peer 14 - timeSinceLastAckMS        413, transmitAckLastTimeMS    3629609 | Peer ---E- M#00000000 Sack00000049 NSack00000000 (C0.0% S:0.0) [  ]
20:56:42.58   RLINK -- SENDING FORCED ACK from Peer 6 to Peer 1 - timeSinceLastAckMS        273, transmitAckLastTimeMS    3629730 | Peer ---E- M#00000000 Sack00000240 NSack00000000 (C0.0% S:0.0) [  ]
20:56:42.58   RLINK -- SENDING FORCED ACK from Peer 6 to Peer 19 - timeSinceLastAckMS        273, transmitAckLastTimeMS    3629730 | Peer ---E- M#00000000 Sack00000021 NSack00000000 (C0.0% S:0.0) [  ]
20:56:42.73   Pathfinder::Regenerate() Done.
20:56:42.75   ModWorld::LoadWinCondition: - [DATA:Scar/WinConditions/ZANNIHILATE.SCAR] succeeded.
20:56:42.83   RLINK -- SENDING FORCED ACK from Peer 6 to Peer 14 - timeSinceLastAckMS        368, transmitAckLastTimeMS    3629977 | Peer ---E- M#00000000 Sack00000050 NSack00000000 (C0.0% S:0.0) [  ]
20:56:42.86   RLINK -- SENDING FORCED ACK from Peer 6 to Peer 1 - timeSinceLastAckMS        277, transmitAckLastTimeMS    3630007 | Peer ---E- M#00000000 Sack00000241 NSack00000000 (C0.0% S:0.0) [  ]
20:56:42.86   RLINK -- SENDING FORCED ACK from Peer 6 to Peer 19 - timeSinceLastAckMS        277, transmitAckLastTimeMS    3630007 | Peer ---E- M#00000000 Sack00000022 NSack00000000 (C0.0% S:0.0) [  ]
20:56:42.89   RLINK -- SENDING FORCED ACK from Peer 6 to Peer 18 - timeSinceLastAckMS        580, transmitAckLastTimeMS    3630037 | Peer ---E- M#00000000 Sack00000023 NSack00000000 (C0.0% S:0.0) [  ]
20:56:42.89   RLINK -- Session::ProcessPeerMessages - Got DROPOUT from peer 18
20:56:42.89   RLINK -- Session::ProcessPeerMessages - Got DROPOUT from peer 18
20:56:42.95   RLINK -- SENDING FORCED ACK from Peer 6 to Peer 2 - timeSinceLastAckMS        901, transmitAckLastTimeMS    3630097 | Peer ---E- M#00000000 Sack00000021 NSack00000000 (C0.0% S:0.0) [  ]
20:56:43.13   RLINK -- SENDING FORCED ACK from Peer 6 to Peer 1 - timeSinceLastAckMS        272, transmitAckLastTimeMS    3630279 | Peer ---E- M#00000000 Sack00000243 NSack00000000 (C0.0% S:0.0) [  ]
20:56:43.13   RLINK -- Removing peer 18 from session due to REMOVEPEER from host PeerID 1
20:56:43.13   RLINK -- Session::SchedulePeerRemove - Scheduling peerID: 18 to disconnect, reasonCode:1004, reason:ended automatch game, leaving match
20:56:43.19   RLINK -- SENDING FORCED ACK from Peer 6 to Peer 14 - timeSinceLastAckMS        364, transmitAckLastTimeMS    3630341 | Peer ---E- M#00000000 Sack00000051 NSack00000000 (C0.0% S:0.0) [  ]
20:56:43.19   RLINK -- SENDING FORCED ACK from Peer 6 to Peer 19 - timeSinceLastAckMS        334, transmitAckLastTimeMS    3630341 | Peer ---E- M#00000000 Sack00000023 NSack00000000 (C0.0% S:0.0) [  ]
20:56:43.44   RLINK -- Session::SendData PeerID 18 is marked for death, skipping send
20:56:43.45   LoadArbitrator::UpdateLoadProgress - info, player "[0:2]" finished loading with checksum [1782876012].
20:56:43.45   RLINK -- Session Destroy Peer Event - ReasonID: 1004 ReasonDebug: ended automatch game, leaving match
20:56:43.45   RLINK -- Session::GetEvent DestroyPeer success Peer 18 removed, reasonCode 1004, reasonDebug ended automatch game, leaving match
20:56:43.45   RLINK -- Session::DestroyPeer - deallocating peer 18
20:56:43.45   RLINK -- Session - Requested Disconnect for connectionID 36
20:56:43.45   RLINK -- WorldwideAdvertisementService::Process - EVENT_DESTROYPEER
20:56:43.55   MOD UI - Invalid key combo (event_cue_cycle) found in data:game/keydefaults.lua.  Use format "CTRL+SHIFT+A"
20:56:43.62   Invalid hotkey (event_cue_cycle) in binding 'static_hotkey_bindings_child21'.
20:56:43.63   BindingsSystem -- Cannot create binding.  Unknown type 'repair_radius_circle'
20:56:43.63   BindingsSystem -- Cannot create binding.  Unknown type 'repair_radius_circle'
20:56:43.63   BindingsSystem -- Cannot create binding.  Unknown type 'repair_radius_circle'
20:56:43.63   BindingsSystem -- Cannot create binding.  Unknown type 'repair_radius_circle'
20:56:43.63   BindingsSystem -- Cannot create binding.  Unknown type 'repair_radius_circle'
20:56:43.68   SPEECHMANAGER -- Loaded in 0.035521 seconds
20:56:43.83   RLINK -- SENDING FORCED ACK from Peer 6 to Peer 14 - timeSinceLastAckMS        384, transmitAckLastTimeMS    3630981 | Peer ---E- M#00000000 Sack00000053 NSack00000000 (C0.0% S:0.0) [  ]
20:56:43.83   RLINK -- SENDING FORCED ACK from Peer 6 to Peer 19 - timeSinceLastAckMS        384, transmitAckLastTimeMS    3630981 | Peer ---E- M#00000000 Sack00000025 NSack00000000 (C0.0% S:0.0) [  ]
20:56:44.10   GameObjLoader - upgrading load_count from 0 to 445
20:56:44.13   RLINK -- SENDING FORCED ACK from Peer 6 to Peer 14 - timeSinceLastAckMS        255, transmitAckLastTimeMS    3631282 | Peer ---E- M#00000000 Sack00000054 NSack00000000 (C0.0% S:0.0) [  ]
20:56:44.13   RLINK -- SENDING FORCED ACK from Peer 6 to Peer 19 - timeSinceLastAckMS        255, transmitAckLastTimeMS    3631282 | Peer ---E- M#00000000 Sack00000026 NSack00000000 (C0.0% S:0.0) [  ]
20:56:44.25   GameObjLoader 16e79600 - resetting counters
20:56:44.25   GameObjLoader 16e79600 - LOAD_DONE
20:56:44.78   RLINK -- SENDING FORCED ACK from Peer 6 to Peer 19 - timeSinceLastAckMS        252, transmitAckLastTimeMS    3631926 | Peer ---E- M#00000000 Sack00000028 NSack00000000 (C0.0% S:0.0) [  ]
20:56:44.81   RLINK -- SENDING FORCED ACK from Peer 6 to Peer 14 - timeSinceLastAckMS        282, transmitAckLastTimeMS    3631956 | Peer ---E- M#00000000 Sack00000056 NSack00000000 (C0.0% S:0.0) [  ]
20:56:44.93   PreloadResources took 406ms.
20:56:44.94   LoadArbitrator::UpdateLoadProgress - info, player "[0:2]" finished loading with checksum [1782876012].
20:56:44.95   GAME -- Loading completed (8 seconds)
20:56:44.95   SIM -- Setting SyncErrorChecking level to Low
20:56:44.99   LoadArbitrator::UpdateLoadProgress - info, player "[0:6]" finished loading with checksum [1782876012].
20:56:45.26   RLINK -- SENDING FORCED ACK from Peer 6 to Peer 3 - timeSinceLastAckMS        270, transmitAckLastTimeMS    3632414 | Peer ---E- M#00000000 Sack00000028 NSack00000000 (C0.0% S:0.0) [  ]
20:56:45.26   RLINK -- SENDING FORCED ACK from Peer 6 to Peer 14 - timeSinceLastAckMS        270, transmitAckLastTimeMS    3632414 | Peer ---E- M#00000000 Sack00000057 NSack00000000 (C0.0% S:0.0) [  ]
20:56:45.26   RLINK -- SENDING FORCED ACK from Peer 6 to Peer 19 - timeSinceLastAckMS        270, transmitAckLastTimeMS    3632414 | Peer ---E- M#00000000 Sack00000029 NSack00000000 (C0.0% S:0.0) [  ]
20:56:45.54   RLINK -- SENDING FORCED ACK from Peer 6 to Peer 3 - timeSinceLastAckMS        275, transmitAckLastTimeMS    3632689 | Peer ---E- M#00000000 Sack00000029 NSack00000000 (C0.0% S:0.0) [  ]
20:56:45.54   RLINK -- SENDING FORCED ACK from Peer 6 to Peer 14 - timeSinceLastAckMS        275, transmitAckLastTimeMS    3632689 | Peer ---E- M#00000000 Sack00000058 NSack00000000 (C0.0% S:0.0) [  ]
20:56:45.54   RLINK -- SENDING FORCED ACK from Peer 6 to Peer 19 - timeSinceLastAckMS        275, transmitAckLastTimeMS    3632689 | Peer ---E- M#00000000 Sack00000030 NSack00000000 (C0.0% S:0.0) [  ]
20:56:45.69   RLINK -- SENDING FORCED ACK from Peer 6 to Peer 11 - timeSinceLastAckMS        700, transmitAckLastTimeMS    3632844 | Peer ---E- M#00000000 Sack00000042 NSack00000000 (C0.0% S:0.0) [  ]
20:56:45.82   RLINK -- SENDING FORCED ACK from Peer 6 to Peer 14 - timeSinceLastAckMS        278, transmitAckLastTimeMS    3632967 | Peer ---E- M#00000000 Sack00000059 NSack00000000 (C0.0% S:0.0) [  ]
20:56:45.82   RLINK -- SENDING FORCED ACK from Peer 6 to Peer 19 - timeSinceLastAckMS        278, transmitAckLastTimeMS    3632967 | Peer ---E- M#00000000 Sack00000031 NSack00000000 (C0.0% S:0.0) [  ]
20:56:46.00   LoadArbitrator::UpdateLoadProgress - info, player "[0:6]" finished loading with checksum [1782876012].
20:56:46.27   RLINK -- SENDING FORCED ACK from Peer 6 to Peer 14 - timeSinceLastAckMS        276, transmitAckLastTimeMS    3633424 | Peer ---E- M#00000000 Sack00000060 NSack00000000 (C0.0% S:0.0) [  ]
20:56:46.55   RLINK -- SENDING FORCED ACK from Peer 6 to Peer 14 - timeSinceLastAckMS        273, transmitAckLastTimeMS    3633697 | Peer ---E- M#00000000 Sack00000061 NSack00000000 (C0.0% S:0.0) [  ]
20:56:46.82   RLINK -- SENDING FORCED ACK from Peer 6 to Peer 14 - timeSinceLastAckMS        277, transmitAckLastTimeMS    3633974 | Peer ---E- M#00000000 Sack00000062 NSack00000000 (C0.0% S:0.0) [  ]
20:56:46.92   LoadArbitrator::UpdateLoadProgress - info, player "[0:2]" finished loading with checksum [1782876012].
20:56:46.95   RLINK -- SENDING FORCED ACK from Peer 6 to Peer 2 - timeSinceLastAckMS        949, transmitAckLastTimeMS    3634097 | Peer ---E- M#00000000 Sack00000023 NSack00000000 (C0.0% S:0.0) [  ]
20:56:47.10   RLINK -- SENDING FORCED ACK from Peer 6 to Peer 14 - timeSinceLastAckMS        277, transmitAckLastTimeMS    3634251 | Peer ---E- M#00000000 Sack00000063 NSack00000000 (C0.0% S:0.0) [  ]
20:56:47.19   RLINK -- SENDING FORCED ACK from Peer 6 to Peer 3 - timeSinceLastAckMS       1196, transmitAckLastTimeMS    3634344 | Peer ---E- M#00000000 Sack00000030 NSack00000000 (C0.0% S:0.0) [  ]
20:56:47.38   RLINK -- SENDING FORCED ACK from Peer 6 to Peer 14 - timeSinceLastAckMS        278, transmitAckLastTimeMS    3634529 | Peer ---E- M#00000000 Sack00000064 NSack00000000 (C0.0% S:0.0) [  ]
20:56:47.68   RLINK -- SENDING FORCED ACK from Peer 6 to Peer 14 - timeSinceLastAckMS        305, transmitAckLastTimeMS    3634834 | Peer ---E- M#00000000 Sack00000065 NSack00000000 (C0.0% S:0.0) [  ]
20:56:47.95   RLINK -- SENDING FORCED ACK from Peer 6 to Peer 3 - timeSinceLastAckMS        761, transmitAckLastTimeMS    3635105 | Peer ---E- M#00000000 Sack00000031 NSack00000000 (C0.0% S:0.0) [  ]
20:56:47.95   RLINK -- SENDING FORCED ACK from Peer 6 to Peer 14 - timeSinceLastAckMS        271, transmitAckLastTimeMS    3635105 | Peer ---E- M#00000000 Sack00000066 NSack00000000 (C0.0% S:0.0) [  ]
20:56:48.00   LoadArbitrator::UpdateLoadProgress - info, player "[0:6]" finished loading with checksum [1782876012].
20:56:48.17   RLINK -- Accepted matchInfo updated 450 from host
20:56:48.17   P2PNetworkSynchronization::OnMatchEvent() - Disconnecting player 18
20:56:48.17   GameObjController - OnMatchEvent: event type 1
20:56:48.17   GameObj::ShowPlayerDroppedMessage - info, station [12] is disconnected while loading,
20:56:48.17   LoadArbitrator::UpdateLoadProgress - info, player "[0:18]" dropped during load.
20:56:48.18   GameObjController - OnMatchEvent: event type 4
20:56:48.32   RLINK -- SENDING FORCED ACK from Peer 6 to Peer 3 - timeSinceLastAckMS        322, transmitAckLastTimeMS    3635469 | Peer ---E- M#00000000 Sack00000032 NSack00000000 (C0.0% S:0.0) [  ]
20:56:48.80   RLINK -- SENDING FORCED ACK from Peer 6 to Peer 3 - timeSinceLastAckMS        486, transmitAckLastTimeMS    3635955 | Peer ---E- M#00000000 Sack00000033 NSack00000000 (C0.0% S:0.0) [  ]
20:56:48.93   LoadArbitrator::UpdateLoadProgress - info, player "[0:2]" finished loading with checksum [1782876012].
20:56:48.96   RLINK -- SENDING FORCED ACK from Peer 6 to Peer 2 - timeSinceLastAckMS        959, transmitAckLastTimeMS    3636106 | Peer ---E- M#00000000 Sack00000024 NSack00000000 (C0.0% S:0.0) [  ]
20:56:48.96   RLINK -- SENDING FORCED ACK from Peer 6 to Peer 11 - timeSinceLastAckMS        959, transmitAckLastTimeMS    3636106 | Peer ---E- M#00000000 Sack00000043 NSack00000000 (C0.0% S:0.0) [  ]
20:56:49.20   RLINK -- SENDING FORCED ACK from Peer 6 to Peer 3 - timeSinceLastAckMS        394, transmitAckLastTimeMS    3636349 | Peer ---E- M#00000000 Sack00000034 NSack00000000 (C0.0% S:0.0) [  ]
20:56:49.47   RLINK -- SENDING FORCED ACK from Peer 6 to Peer 3 - timeSinceLastAckMS        273, transmitAckLastTimeMS    3636622 | Peer ---E- M#00000000 Sack00000035 NSack00000000 (C0.0% S:0.0) [  ]
20:56:49.54   LoadArbitrator::UpdateLoadProgress - info, player "[0:3]" finished loading with checksum [1782876012].
20:56:49.68   RLINK -- SENDING FORCED ACK from Peer 6 to Peer 11 - timeSinceLastAckMS        729, transmitAckLastTimeMS    3636835 | Peer ---E- M#00000000 Sack00000044 NSack00000000 (C0.0% S:0.0) [  ]
20:56:49.75   RLINK -- SENDING FORCED ACK from Peer 6 to Peer 3 - timeSinceLastAckMS        275, transmitAckLastTimeMS    3636897 | Peer ---E- M#00000000 Sack00000036 NSack00000000 (C0.0% S:0.0) [  ]
20:56:50.00   LoadArbitrator::UpdateLoadProgress - info, player "[0:6]" finished loading with checksum [1782876012].
20:56:50.27   RLINK -- SENDING FORCED ACK from Peer 6 to Peer 11 - timeSinceLastAckMS        270, transmitAckLastTimeMS    3637417 | Peer ---E- M#00000000 Sack00000045 NSack00000000 (C0.0% S:0.0) [  ]
20:56:50.67   LoadArbitrator::UpdateLoadProgress - info, player "[0:3]" finished loading with checksum [1782876012].
20:56:50.69   RLINK -- SENDING FORCED ACK from Peer 6 to Peer 3 - timeSinceLastAckMS        696, transmitAckLastTimeMS    3637843 | Peer ---E- M#00000000 Sack00000037 NSack00000000 (C0.0% S:0.0) [  ]
20:56:50.91   LoadArbitrator::UpdateLoadProgress - info, player "[0:2]" finished loading with checksum [1782876012].
20:56:50.94   RLINK -- SENDING FORCED ACK from Peer 6 to Peer 2 - timeSinceLastAckMS        941, transmitAckLastTimeMS    3638088 | Peer ---E- M#00000000 Sack00000025 NSack00000000 (C0.0% S:0.0) [  ]
20:56:51.19   LoadArbitrator::UpdateLoadProgress - info, player "[0:11]" finished loading with checksum [1782876012].
20:56:51.21   RLINK -- SENDING FORCED ACK from Peer 6 to Peer 11 - timeSinceLastAckMS        945, transmitAckLastTimeMS    3638362 | Peer ---E- M#00000000 Sack00000047 NSack00000000 (C0.0% S:0.0) [  ]
20:56:52.00   LoadArbitrator::UpdateLoadProgress - info, player "[0:6]" finished loading with checksum [1782876012].
20:56:52.25   RLINK -- SENDING FORCED ACK from Peer 6 to Peer 14 - timeSinceLastAckMS        257, transmitAckLastTimeMS    3639404 | Peer ---E- M#00000000 Sack00000067 NSack00000000 (C0.0% S:0.0) [  ]
20:56:52.29   LoadArbitrator::UpdateLoadProgress - info, player "[0:11]" finished loading with checksum [1782876012].
20:56:52.31   RLINK -- SENDING FORCED ACK from Peer 6 to Peer 11 - timeSinceLastAckMS        318, transmitAckLastTimeMS    3639465 | Peer ---E- M#00000000 Sack00000048 NSack00000000 (C0.0% S:0.0) [  ]
20:56:52.66   LoadArbitrator::UpdateLoadProgress - info, player "[0:3]" finished loading with checksum [1782876012].
20:56:52.68   RLINK -- SENDING FORCED ACK from Peer 6 to Peer 3 - timeSinceLastAckMS        685, transmitAckLastTimeMS    3639832 | Peer ---E- M#00000000 Sack00000038 NSack00000000 (C0.0% S:0.0) [  ]
20:56:52.93   LoadArbitrator::UpdateLoadProgress - info, player "[0:2]" finished loading with checksum [1782876012].
20:56:52.96   RLINK -- SENDING FORCED ACK from Peer 6 to Peer 2 - timeSinceLastAckMS        960, transmitAckLastTimeMS    3640107 | Peer ---E- M#00000000 Sack00000026 NSack00000000 (C0.0% S:0.0) [  ]
20:56:52.96   RLINK -- SENDING FORCED ACK from Peer 6 to Peer 19 - timeSinceLastAckMS        960, transmitAckLastTimeMS    3640107 | Peer ---E- M#00000000 Sack00000032 NSack00000000 (C0.0% S:0.0) [  ]
20:56:53.23   RLINK -- SENDING FORCED ACK from Peer 6 to Peer 19 - timeSinceLastAckMS        274, transmitAckLastTimeMS    3640381 | Peer ---E- M#00000000 Sack00000033 NSack00000000 (C0.0% S:0.0) [  ]
20:56:53.81   RLINK -- SENDING FORCED ACK from Peer 6 to Peer 1 - timeSinceLastAckMS       1813, transmitAckLastTimeMS    3640960 | Peer ---E- M#00000000 Sack00000246 NSack00000000 (C0.0% S:0.0) [  ]
20:56:54.00   LoadArbitrator::UpdateLoadProgress - info, player "[0:6]" finished loading with checksum [1782876012].
20:56:54.30   LoadArbitrator::UpdateLoadProgress - info, player "[0:11]" finished loading with checksum [1782876012].
20:56:54.33   RLINK -- SENDING FORCED ACK from Peer 6 to Peer 1 - timeSinceLastAckMS        329, transmitAckLastTimeMS    3641478 | Peer ---E- M#00000000 Sack00000247 NSack00000000 (C0.0% S:0.0) [  ]
20:56:54.33   RLINK -- SENDING FORCED ACK from Peer 6 to Peer 11 - timeSinceLastAckMS        329, transmitAckLastTimeMS    3641478 | Peer ---E- M#00000000 Sack00000049 NSack00000000 (C0.0% S:0.0) [  ]
20:56:54.66   LoadArbitrator::UpdateLoadProgress - info, player "[0:3]" finished loading with checksum [1782876012].
20:56:54.69   RLINK -- SENDING FORCED ACK from Peer 6 to Peer 1 - timeSinceLastAckMS        362, transmitAckLastTimeMS    3641840 | Peer ---E- M#00000000 Sack00000248 NSack00000000 (C0.0% S:0.0) [  ]
20:56:54.69   RLINK -- SENDING FORCED ACK from Peer 6 to Peer 3 - timeSinceLastAckMS        691, transmitAckLastTimeMS    3641840 | Peer ---E- M#00000000 Sack00000039 NSack00000000 (C0.0% S:0.0) [  ]
20:56:54.81   RLINK -- SENDING FORCED ACK from Peer 6 to Peer 14 - timeSinceLastAckMS        811, transmitAckLastTimeMS    3641960 | Peer ---E- M#00000000 Sack00000068 NSack00000000 (C0.0% S:0.0) [  ]
20:56:54.93   LoadArbitrator::UpdateLoadProgress - info, player "[0:2]" finished loading with checksum [1782876012].
20:56:54.96   RLINK -- SENDING FORCED ACK from Peer 6 to Peer 2 - timeSinceLastAckMS        963, transmitAckLastTimeMS    3642112 | Peer ---E- M#00000000 Sack00000027 NSack00000000 (C0.0% S:0.0) [  ]
20:56:55.81   RLINK -- SENDING FORCED ACK from Peer 6 to Peer 14 - timeSinceLastAckMS       1002, transmitAckLastTimeMS    3642962 | Peer ---E- M#00000000 Sack00000069 NSack00000000 (C0.0% S:0.0) [  ]
20:56:56.00   LoadArbitrator::UpdateLoadProgress - info, player "[0:6]" finished loading with checksum [1782876012].
20:56:56.18   LoadArbitrator::UpdateLoadProgress - info, player "[0:1]" finished loading with checksum [1782876012].
20:56:56.27   RLINK -- SENDING FORCED ACK from Peer 6 to Peer 1 - timeSinceLastAckMS        272, transmitAckLastTimeMS    3643420 | Peer ---E- M#00000000 Sack00000250 NSack00000000 (C0.0% S:0.0) [  ]
20:56:56.27   RLINK -- SENDING FORCED ACK from Peer 6 to Peer 14 - timeSinceLastAckMS        272, transmitAckLastTimeMS    3643420 | Peer ---E- M#00000000 Sack00000070 NSack00000000 (C0.0% S:0.0) [  ]
20:56:56.31   LoadArbitrator::UpdateLoadProgress - info, player "[0:11]" finished loading with checksum [1782876012].
20:56:56.33   RLINK -- SENDING FORCED ACK from Peer 6 to Peer 11 - timeSinceLastAckMS        334, transmitAckLastTimeMS    3643482 | Peer ---E- M#00000000 Sack00000050 NSack00000000 (C0.0% S:0.0) [  ]
20:56:56.57   RLINK -- SENDING FORCED ACK from Peer 6 to Peer 14 - timeSinceLastAckMS        304, transmitAckLastTimeMS    3643724 | Peer ---E- M#00000000 Sack00000071 NSack00000000 (C0.0% S:0.0) [  ]
20:56:56.67   LoadArbitrator::UpdateLoadProgress - info, player "[0:3]" finished loading with checksum [1782876012].
20:56:56.70   RLINK -- SENDING FORCED ACK from Peer 6 to Peer 3 - timeSinceLastAckMS        699, transmitAckLastTimeMS    3643847 | Peer ---E- M#00000000 Sack00000040 NSack00000000 (C0.0% S:0.0) [  ]
20:56:56.85   RLINK -- SENDING FORCED ACK from Peer 6 to Peer 14 - timeSinceLastAckMS        277, transmitAckLastTimeMS    3644001 | Peer ---E- M#00000000 Sack00000072 NSack00000000 (C0.0% S:0.0) [  ]
20:56:56.92   LoadArbitrator::UpdateLoadProgress - info, player "[0:2]" finished loading with checksum [1782876012].
20:56:56.94   RLINK -- SENDING FORCED ACK from Peer 6 to Peer 2 - timeSinceLastAckMS        943, transmitAckLastTimeMS    3644091 | Peer ---E- M#00000000 Sack00000028 NSack00000000 (C0.0% S:0.0) [  ]
20:56:57.18   RLINK -- SENDING FORCED ACK from Peer 6 to Peer 14 - timeSinceLastAckMS        330, transmitAckLastTimeMS    3644331 | Peer ---E- M#00000000 Sack00000073 NSack00000000 (C0.0% S:0.0) [  ]
20:56:57.70   RLINK -- SENDING FORCED ACK from Peer 6 to Peer 14 - timeSinceLastAckMS        518, transmitAckLastTimeMS    3644849 | Peer ---E- M#00000000 Sack00000074 NSack00000000 (C0.0% S:0.0) [  ]
20:56:58.00   LoadArbitrator::UpdateLoadProgress - info, player "[0:6]" finished loading with checksum [1782876012].
20:56:58.16   LoadArbitrator::UpdateLoadProgress - info, player "[0:1]" finished loading with checksum [1782876012].
20:56:58.28   RLINK -- SENDING FORCED ACK from Peer 6 to Peer 1 - timeSinceLastAckMS        279, transmitAckLastTimeMS    3645428 | Peer ---E- M#00000000 Sack00000251 NSack00000000 (C0.0% S:0.0) [  ]
20:56:58.28   RLINK -- SENDING FORCED ACK from Peer 6 to Peer 14 - timeSinceLastAckMS        279, transmitAckLastTimeMS    3645428 | Peer ---E- M#00000000 Sack00000075 NSack00000000 (C0.0% S:0.0) [  ]
20:56:58.28   LoadArbitrator::UpdateLoadProgress - info, player "[0:11]" finished loading with checksum [1782876012].
20:56:58.28   LoadArbitrator::UpdateLoadProgress - info, player "[0:14]" finished loading with checksum [1782876012].
20:56:58.31   RLINK -- SENDING FORCED ACK from Peer 6 to Peer 11 - timeSinceLastAckMS        310, transmitAckLastTimeMS    3645459 | Peer ---E- M#00000000 Sack00000051 NSack00000000 (C0.0% S:0.0) [  ]
20:56:58.31   RLINK -- SENDING FORCED ACK from Peer 6 to Peer 19 - timeSinceLastAckMS        310, transmitAckLastTimeMS    3645459 | Peer ---E- M#00000000 Sack00000034 NSack00000000 (C0.0% S:0.0) [  ]
20:56:58.55   RLINK -- SENDING FORCED ACK from Peer 6 to Peer 14 - timeSinceLastAckMS        273, transmitAckLastTimeMS    3645701 | Peer ---E- M#00000000 Sack00000076 NSack00000000 (C0.0% S:0.0) [  ]
20:56:58.68   LoadArbitrator::UpdateLoadProgress - info, player "[0:3]" finished loading with checksum [1782876012].
20:56:58.70   RLINK -- SENDING FORCED ACK from Peer 6 to Peer 3 - timeSinceLastAckMS        702, transmitAckLastTimeMS    3645851 | Peer ---E- M#00000000 Sack00000041 NSack00000000 (C0.0% S:0.0) [  ]
20:56:58.92   LoadArbitrator::UpdateLoadProgress - info, player "[0:2]" finished loading with checksum [1782876012].
20:56:58.94   RLINK -- SENDING FORCED ACK from Peer 6 to Peer 2 - timeSinceLastAckMS        946, transmitAckLastTimeMS    3646095 | Peer ---E- M#00000000 Sack00000029 NSack00000000 (C0.0% S:0.0) [  ]
20:56:59.07   RLINK -- SENDING FORCED ACK from Peer 6 to Peer 19 - timeSinceLastAckMS        759, transmitAckLastTimeMS    3646218 | Peer ---E- M#00000000 Sack00000035 NSack00000000 (C0.0% S:0.0) [  ]
20:56:59.34   RLINK -- SENDING FORCED ACK from Peer 6 to Peer 19 - timeSinceLastAckMS        272, transmitAckLastTimeMS    3646490 | Peer ---E- M#00000000 Sack00000036 NSack00000000 (C0.0% S:0.0) [  ]
20:56:59.61   RLINK -- SENDING FORCED ACK from Peer 6 to Peer 19 - timeSinceLastAckMS        275, transmitAckLastTimeMS    3646765 | Peer ---E- M#00000000 Sack00000037 NSack00000000 (C0.0% S:0.0) [  ]
20:57:00.00   LoadArbitrator::UpdateLoadProgress - info, player "[0:6]" finished loading with checksum [1782876012].
20:57:00.05   LoadArbitrator::UpdateLoadProgress - info, player "[0:14]" finished loading with checksum [1782876012].
20:57:00.17   LoadArbitrator::UpdateLoadProgress - info, player "[0:1]" finished loading with checksum [1782876012].
20:57:00.26   RLINK -- SENDING FORCED ACK from Peer 6 to Peer 1 - timeSinceLastAckMS        263, transmitAckLastTimeMS    3647412 | Peer ---E- M#00000000 Sack00000252 NSack00000000 (C0.0% S:0.0) [  ]
20:57:00.26   RLINK -- SENDING FORCED ACK from Peer 6 to Peer 14 - timeSinceLastAckMS        263, transmitAckLastTimeMS    3647412 | Peer ---E- M#00000000 Sack00000077 NSack00000000 (C0.0% S:0.0) [  ]
20:57:00.30   LoadArbitrator::UpdateLoadProgress - info, player "[0:11]" finished loading with checksum [1782876012].
20:57:00.32   RLINK -- SENDING FORCED ACK from Peer 6 to Peer 11 - timeSinceLastAckMS        324, transmitAckLastTimeMS    3647473 | Peer ---E- M#00000000 Sack00000052 NSack00000000 (C0.0% S:0.0) [  ]
20:57:00.66   LoadArbitrator::UpdateLoadProgress - info, player "[0:3]" finished loading with checksum [1782876012].
20:57:00.69   RLINK -- SENDING FORCED ACK from Peer 6 to Peer 3 - timeSinceLastAckMS        689, transmitAckLastTimeMS    3647838 | Peer ---E- M#00000000 Sack00000042 NSack00000000 (C0.0% S:0.0) [  ]
20:57:00.91   LoadArbitrator::UpdateLoadProgress - info, player "[0:2]" finished loading with checksum [1782876012].
20:57:00.93   RLINK -- SENDING FORCED ACK from Peer 6 to Peer 2 - timeSinceLastAckMS        933, transmitAckLastTimeMS    3648082 | Peer ---E- M#00000000 Sack00000030 NSack00000000 (C0.0% S:0.0) [  ]
20:57:01.08   RLINK -- SENDING FORCED ACK from Peer 6 to Peer 19 - timeSinceLastAckMS       1085, transmitAckLastTimeMS    3648234 | Peer ---E- M#00000000 Sack00000038 NSack00000000 (C0.0% S:0.0) [  ]
20:57:01.18   LoadArbitrator::UpdateLoadProgress - info, player "[0:19]" finished loading with checksum [1782876012].
20:57:01.19   Activating screen: GameScreen
20:57:01.19   Activating screen: Decorators_widescreen
20:57:01.19   Activating screen: Taskbar_widescreen
20:57:01.19   Activating screen: SubtitleScreen
20:57:01.19   Activating screen: TextOverlayScreen
20:57:01.23   PerformanceRecorder::StartRecording for game size 8
20:57:01.23   GAME -- Starting mission...
20:57:01.36   RLINK -- SENDING FORCED ACK from Peer 6 to Peer 19 - timeSinceLastAckMS        276, transmitAckLastTimeMS    3648510 | Peer ---E- M#00000000 Sack00000039 NSack00000000 (C0.0% S:0.0) [  ]
20:57:02.00   RLINK -- local      PeerID 6 LOCL ack=  0 (  0ms~0) unack=  0, retry=  0, highwaterOOS=0 (ip=WINaddr:192.168.50.236:6112;), pending=0, dead=0, RS#=0/0
20:57:02.00   RLINK --       host PeerID 1 RELY ack=362 (459ms~35) unack=  0, retry=  0, highwaterOOS=3 (ip=WINaddr:192.168.10.3:6112;), pending=0, dead=0, RS#=361/361
20:57:02.00   RLINK --            PeerID 2 RELY ack= 47 (451ms~10) unack=  0, retry=  0, highwaterOOS=0 (ip=WINaddr:192.168.1.33:6112;), pending=0, dead=0, RS#=47/47
20:57:02.00   RLINK --            PeerID 3 RELY ack= 47 (453ms~18) unack=  0, retry=  0, highwaterOOS=0 (ip=WINaddr:192.168.1.107:6112;), pending=0, dead=0, RS#=47/47
20:57:02.00   RLINK --            PeerID 11 RELY ack= 46 (569ms~17) unack=  0, retry=  0, highwaterOOS=0 (ip=WINaddr:192.168.1.106:6112;), pending=0, dead=0, RS#=46/46
20:57:02.00   RLINK --            PeerID 14 RELY ack= 46 (482ms~75) unack=  0, retry=  0, highwaterOOS=0 (ip=WINaddr:192.168.1.42:6112;), pending=0, dead=0, RS#=46/46
20:57:02.00   RLINK --            PeerID 19 RELY ack= 36 (482ms~72) unack=  0, retry=  0, highwaterOOS=0 (ip=WINaddr:192.168.1.146:6112;), pending=0, dead=0, RS#=36/36
20:57:02.00   RLINK -- MessageCounts: inval=0/0, seek=0/0, join=0/0, ichk=0/0, sk_r=0/0, deny=0/0, Padd=0/0, Pdel=0/2, drop=0/4, data=230/251, mdat=0/0, voip=0/0, rchk=0/0, nudg=6/22, Thdr=0/0, Peer=464/486, PPrx=162/916, ping=0/0, Pfrg=0/0, rely=6/14, lb_p=2/2, lb_c=0/0, cast=0/0, cdat=1/0, sorq1=0/0, sorp=0/0, acto=0/0, spob=0/0, sorq2=0/0
20:57:05.45   RLINK -- SENDING FORCED ACK from Peer 6 to Peer 1 - timeSinceLastAckMS       2443, transmitAckLastTimeMS    3652598 | Peer ---E- M#00000000 Sack00000253 NSack00000000 (C0.0% S:0.0) [  ]
20:57:07.81   Activating screen: pause_menu
20:57:08.88   Activating screen: prompt_generic
20:57:09.21   P2PNetworkSynchronization::Stop - info, stop called. m_peers will be cleared.
20:57:09.21   MOD -- Player SnapShotCoH (network abort) (frame 0) (KillPlayer)
20:57:09.22   Activating screen: GameOverDialog
20:57:09.22   ArbitrationMessageNeeded 0 allies vs 0 enemies result 0
20:57:09.22   GameOverDialog - normal game ending (no sync errors)
20:57:09.22   GameApp::ReportStats
20:57:09.22   ReportMatchResults - onlyReportOnWin = 0
20:57:09.22   ReportMatchResults - SimID:1000, raceID:2, teamID:0, uid:0:45185, result:6:PS_PLAYING
20:57:09.22   ReportMatchResults - SimID:1001, raceID:0, teamID:0, uid:0:1243386, result:6:PS_PLAYING
20:57:09.22   ReportMatchResults - SimID:1002, raceID:0, teamID:0, uid:0:1135310, result:6:PS_PLAYING
20:57:09.22   ReportMatchResults - SimID:1003, raceID:0, teamID:0, uid:0:140455, result:6:PS_PLAYING
20:57:09.22   ReportMatchResults - SimID:1004, raceID:1, teamID:1, uid:0:68108, result:6:PS_PLAYING
20:57:09.22   ReportMatchResults - SimID:1005, raceID:3, teamID:1, uid:0:1370787, result:6:PS_PLAYING
20:57:09.22   ReportMatchResults - SimID:1006, raceID:3, teamID:1, uid:0:1799484, result:6:PS_PLAYING
20:57:09.22   ReportMatchResults - SimID:1007, raceID:1, teamID:1, uid:0:1850731, result:1:PS_ABORTED
20:57:09.22   ReportMatchResults - reporting normal game results for match 0:112389373
20:57:09.22   ReportSimStats - storing simulation results for match 0:112389373
20:57:09.22   ModWorld::ReportSimStats complete:
20:57:09.22   8 player entries
20:57:09.22   0 player reward entries
20:57:09.22   0 player endgame entries
20:57:09.22   0 player skipped NIS entries
20:57:09.22   0 player production entries
20:57:09.22   0 player entity death entries
20:57:09.22   0 player resource entries
20:57:09.22   0 player objectives entries
20:57:09.22   0 player PBG stat entries
20:57:09.22   0 player PBG ability use entries
20:57:09.22   RLINK -- SessionID : 6b2ecfd - Disconnect called with reasonID 1004 - disconnected
20:57:09.22   GameObj::DoGameOverPopup
20:57:09.22   RLINK -- WorldwideLeaveAdvertisementAsync: Match id = 112389373 started, nothing to do
20:57:09.23   RLINK -- WorldwideLeaveAdvertisementAsync: Match id = 112389373 started, nothing to do
20:57:09.24   RLINK -- Session::SelectNewSessionHost - Select peer 6 to be next host (previously peer 1)
20:57:09.24   RLINK -- Session::SchedulePeerRemove - Scheduling peerID: 1 to disconnect, reasonCode:1004, reason:disconnected
20:57:09.24   RLINK -- Session disconnect is marking PeerID 1 for death
20:57:09.24   RLINK -- Session::SchedulePeerRemove - Scheduling peerID: 2 to disconnect, reasonCode:1004, reason:disconnected
20:57:09.24   RLINK -- Session disconnect is marking PeerID 2 for death
20:57:09.24   RLINK -- Session::SchedulePeerRemove - Scheduling peerID: 3 to disconnect, reasonCode:1004, reason:disconnected
20:57:09.24   RLINK -- Session disconnect is marking PeerID 3 for death
20:57:09.24   RLINK -- Session::SchedulePeerRemove - Scheduling peerID: 11 to disconnect, reasonCode:1004, reason:disconnected
20:57:09.24   RLINK -- Session disconnect is marking PeerID 11 for death
20:57:09.24   RLINK -- Session::SchedulePeerRemove - Scheduling peerID: 14 to disconnect, reasonCode:1004, reason:disconnected
20:57:09.24   RLINK -- Session disconnect is marking PeerID 14 for death
20:57:09.24   RLINK -- Session::SchedulePeerRemove - Scheduling peerID: 19 to disconnect, reasonCode:1004, reason:disconnected
20:57:09.24   RLINK -- Session disconnect is marking PeerID 19 for death
20:57:09.24   RLINK -- Session::SchedulePeerRemove - Scheduling peerID: 6 to disconnect, reasonCode:1004, reason:disconnected
20:57:09.24   RLINK -- WorldwideAdvertisementService::Process - EVENT_HOSTMIGRATION
20:57:09.24   RLINK -- WorldwidePartyService::OnHostMigration - [[00000000:06b2ecfd]] Got a queued migration event while disconnecting, ignoring
20:57:09.24   RLINK -- Session Destroy Peer Event - ReasonID: 1004 ReasonDebug: disconnected
20:57:09.24   RLINK -- Session::GetEvent DestroyPeer success Peer 1 removed, reasonCode 1004, reasonDebug disconnected
20:57:09.24   RLINK -- Session::DestroyPeer - deallocating peer 1
20:57:09.24   RLINK -- Session - Requested Disconnect for connectionID 20
20:57:09.24   RLINK -- WorldwideAdvertisementService::Process - EVENT_DESTROYPEER
20:57:09.24   RLINK -- peerremove - peerIDRemoved=[00000000:000224a7], reasonID=1004, reason debug hint - disconnected
20:57:09.24   P2PNetworkSynchronization::OnMatchEvent() - Disconnecting non-existant player 1
20:57:09.24   GameObjController - OnMatchEvent: event type 1
20:57:09.24   GameObj::ShowPlayerDroppedMessage - info, station [1] is disconnected
20:57:09.24   ModUI::OnPlayerDrops player 1003 reason 0
20:57:09.24   ModUI::OnPlayerDrops adding player 1003 [140455] as victorious enemy
20:57:09.24   RLINK -- Session Destroy Peer Event - ReasonID: 1004 ReasonDebug: disconnected
20:57:09.24   RLINK -- Session::GetEvent DestroyPeer success Peer 2 removed, reasonCode 1004, reasonDebug disconnected
20:57:09.24   RLINK -- Session::DestroyPeer - deallocating peer 2
20:57:09.24   RLINK -- Session - Requested Disconnect for connectionID 22
20:57:09.24   RLINK -- WorldwideAdvertisementService::Process - EVENT_DESTROYPEER
20:57:09.24   RLINK -- peerremove - peerIDRemoved=[00000000:0012f8fa], reasonID=1004, reason debug hint - disconnected
20:57:09.24   P2PNetworkSynchronization::OnMatchEvent() - Disconnecting non-existant player 2
20:57:09.24   GameObjController - OnMatchEvent: event type 1
20:57:09.24   GameObj::ShowPlayerDroppedMessage - info, station [2] is disconnected
20:57:09.24   ModUI::OnPlayerDrops player 1001 reason 0
20:57:09.24   ModUI::OnPlayerDrops adding player 1001 [1243386] as victorious enemy
20:57:09.24   RLINK -- Session Destroy Peer Event - ReasonID: 1004 ReasonDebug: disconnected
20:57:09.24   RLINK -- Session::GetEvent DestroyPeer success Peer 3 removed, reasonCode 1004, reasonDebug disconnected
20:57:09.24   RLINK -- Session::DestroyPeer - deallocating peer 3
20:57:09.24   RLINK -- Session - Requested Disconnect for connectionID 23
20:57:09.24   RLINK -- WorldwideAdvertisementService::Process - EVENT_DESTROYPEER
20:57:09.24   RLINK -- peerremove - peerIDRemoved=[00000000:001b753c], reasonID=1004, reason debug hint - disconnected
20:57:09.24   P2PNetworkSynchronization::OnMatchEvent() - Disconnecting non-existant player 3
20:57:09.24   GameObjController - OnMatchEvent: event type 1
20:57:09.24   GameObj::ShowPlayerDroppedMessage - info, station [3] is disconnected
20:57:09.24   ModUI::OnPlayerDrops player 1006 reason 0
20:57:09.24   ModUI::OnPlayerDrops adding player 1006 [1799484] as victorious ally
20:57:09.24   RLINK -- Session Destroy Peer Event - ReasonID: 1004 ReasonDebug: disconnected
20:57:09.24   RLINK -- Session::GetEvent DestroyPeer success Peer 11 removed, reasonCode 1004, reasonDebug disconnected
20:57:09.24   RLINK -- Session::DestroyPeer - deallocating peer 11
20:57:09.24   RLINK -- Session - Requested Disconnect for connectionID 29
20:57:09.24   RLINK -- WorldwideAdvertisementService::Process - EVENT_DESTROYPEER
20:57:09.24   RLINK -- peerremove - peerIDRemoved=[00000000:00010a0c], reasonID=1004, reason debug hint - disconnected
20:57:09.24   P2PNetworkSynchronization::OnMatchEvent() - Disconnecting non-existant player 11
20:57:09.24   GameObjController - OnMatchEvent: event type 1
20:57:09.24   GameObj::ShowPlayerDroppedMessage - info, station [b] is disconnected
20:57:09.24   ModUI::OnPlayerDrops player 1004 reason 0
20:57:09.24   ModUI::OnPlayerDrops adding player 1004 [68108] as victorious ally
20:57:09.24   RLINK -- Session Destroy Peer Event - ReasonID: 1004 ReasonDebug: disconnected
20:57:09.24   RLINK -- Session::GetEvent DestroyPeer success Peer 14 removed, reasonCode 1004, reasonDebug disconnected
20:57:09.24   RLINK -- Session::DestroyPeer - deallocating peer 14
20:57:09.24   RLINK -- Session - Requested Disconnect for connectionID 32
20:57:09.24   RLINK -- WorldwideAdvertisementService::Process - EVENT_DESTROYPEER
20:57:09.24   RLINK -- peerremove - peerIDRemoved=[00000000:0014eaa3], reasonID=1004, reason debug hint - disconnected
20:57:09.24   P2PNetworkSynchronization::OnMatchEvent() - Disconnecting non-existant player 14
20:57:09.24   GameObjController - OnMatchEvent: event type 1
20:57:09.24   GameObj::ShowPlayerDroppedMessage - info, station [e] is disconnected
20:57:09.24   ModUI::OnPlayerDrops player 1005 reason 0
20:57:09.24   ModUI::OnPlayerDrops adding player 1005 [1370787] as victorious ally
20:57:09.24   RLINK -- Session Destroy Peer Event - ReasonID: 1004 ReasonDebug: disconnected
20:57:09.24   RLINK -- Session::GetEvent DestroyPeer success Peer 19 removed, reasonCode 1004, reasonDebug disconnected
20:57:09.24   RLINK -- Session::DestroyPeer - deallocating peer 19
20:57:09.24   RLINK -- Session - Requested Disconnect for connectionID 37
20:57:09.24   RLINK -- WorldwideAdvertisementService::Process - EVENT_DESTROYPEER
20:57:09.24   RLINK -- peerremove - peerIDRemoved=[00000000:001152ce], reasonID=1004, reason debug hint - disconnected
20:57:09.24   P2PNetworkSynchronization::OnMatchEvent() - Disconnecting non-existant player 19
20:57:09.24   GameObjController - OnMatchEvent: event type 1
20:57:09.24   GameObj::ShowPlayerDroppedMessage - info, station [13] is disconnected
20:57:09.24   ModUI::OnPlayerDrops player 1002 reason 0
20:57:09.24   ModUI::OnPlayerDrops adding player 1002 [1135310] as victorious enemy
20:57:09.24   RLINK -- Session Destroy Peer Event - ReasonID: 1004 ReasonDebug: disconnected
20:57:09.24   RLINK -- Session::GetEvent DestroyPeer success Peer 6 removed, reasonCode 1004, reasonDebug disconnected
20:57:09.24   RLINK -- Session::DestroyPeer - deallocating peer 6
20:57:09.24   RLINK -- Session - Requested Disconnect for connectionID 19
20:57:09.24   RLINK -- Deallocated route ID=21 for PeerID 6 at WINaddr:192.168.50.236:6112;
20:57:09.24   RLINK -- Session - Requested Disconnect for connectionID 21
20:57:09.24   RLINK -- Closed route 21<>21 for PeerID 6 at WINaddr:192.168.50.236:6112;
20:57:09.24   RLINK -- WorldwideAdvertisementService::Process - EVENT_DESTROYPEER
20:57:09.24   RLINK -- peerremove - peerIDRemoved=[00000000:001c3d6b], reasonID=1004, reason debug hint - disconnected
20:57:09.24   P2PNetworkSynchronization::OnMatchEvent() - Disconnecting non-existant player 6
20:57:09.24   GameObjController - OnMatchEvent: event type 1
20:57:09.24   GameObj::ShowPlayerDroppedMessage - info, station [6] is disconnected
20:57:09.24   ModUIEventPlayerDropped: Unable to find player with net ID [6] in Game Info, player already disconnected
20:57:09.25   RLINK -- Session::GetState - info, session [112389373]'s state changed to [1:STATE_DISCONNECTED].
20:57:09.25   RLINK -- PeerRemoveAll - flushing local session peer data
20:57:09.25   RLINK -- Session::Reset with reason WorldwidePartyService::PeerRemoveAll
20:57:09.25   RLINK -- LeaveSessionInternal - no action taken, needLeave=0, service=0
20:57:09.25   RLINK -- Destroyed Matchinfo
20:57:09.25   RLINK -- DBG - _SockFree: socket 1/5580 sending graceful shutdown request. reason: SockCollection::DisconnectAll forceFree
20:57:09.25   RLINK -- DBG - _SockClose: socket 1/5580 initiating close
20:57:09.25   RLINK -- DBG - _SockClose: socket 1/5580 close complete. debugReason SockCollection::DisconnectAll forceFree
20:57:09.25   RLINK -- DBG - _SockFree: socket 1/5580 _SockFree complete
20:57:09.35   RLINK -- BT! - SockUnInit - sending shutdown notification & close with linger for all 0 active sockets
20:57:09.35   RLINK -- SessionManager::UnregisterSession - Unregistering session 15568e28
20:57:09.35   RLINK -- OnDestroyPartyNotification - partyID = [00000000:06b2ecfd], prevID = [ffffffff:ffffffff]
20:57:09.48   Activating screen: postgame_stats_skirm
20:57:10.10   Activating screen: AppRestartingForm
20:57:10.10   SetupProductLoadingArt - choosing bgArt = 4 (gold=0)
20:57:10.10   Widget attempting to remove a non-existance listener. Widget:bkg_COH
20:57:10.10   Widget attempting to remove a non-existance listener. Widget:bkg_CXP1
20:57:10.10   Widget attempting to remove a non-existance listener. Widget:bkg_CXP2
20:57:10.10   Widget attempting to remove a non-existance listener. Widget:bkg_COHCXP1
20:57:10.10   Widget attempting to remove a non-existance listener. Widget:bkg_ToV
20:57:10.12   APP -- Game Stop
20:57:10.12   GameApp::TransitionGameStop
20:57:10.12   GameApp::TransitionQuitCommon
20:57:10.12   PerformanceRecorder: Not enough game time to update profile history
20:57:10.12   GetMaxFrameTimeFromProfile: players=8 expected FPS=57.450951, bars=5, max avg=0.015, sd=0.003, 5 samples =  0.01 0.01 0.01 0.02 0.02
20:57:10.12   PerformanceRecorder::EndRecording - game size=8, max average=0.000000, worst frame=0.017406
20:57:10.12    Recording: No [8 players]
20:57:10.12    Total render, sim time: 7.06, 8.87 sec
20:57:10.12    Total render, sim frames: 860, 0
20:57:10.12    Max/Avg: 0.00, 0.00 sec (fps=0.00, 0.00) (0 samples)
20:57:10.12    Bars: 0
20:57:10.12   Profile Max Performance[8 players] =  0.01 0.01 0.01 0.02 0.02
20:57:10.12   Profile Avg Performance[8 players] =  0.01 0.01 0.01 0.01 0.01
20:57:10.12   GameObj::ShutdownGameObj
20:57:10.12   GAME -- Ending mission (Game over)
20:57:10.12   GameObjLoader 16e79600 - Unload
20:57:10.12   GameObjLoader 16e79600 - resetting counters
20:57:10.13   MOD -- Game Over at frame 0
20:57:10.23   GameObjLoader 16e79880 - Unload
20:57:10.24   GameObjLoader 16e79880 - resetting counters
20:57:10.30   SOUND -- Shutting down ...
20:57:10.37   SOUND -- Shutdown completed!
20:57:10.38   GAME -- Beginning FE
20:57:10.38   UIFrontEnd - Loading Front End
20:57:10.38   THREAD: Hyper-Threading Technology Processors are not detected.
20:57:10.41   SOUND -- Initializing ...
20:57:10.42   SOUND -- Initialization completed!
20:57:10.42   UIFrontEnd - Initializing Forms
20:57:10.79   CampaignFilter::BindFilterSpecificWidgets()
20:57:10.81   MOD -- Mounting RelicDLC1, 1.0
20:57:10.81   FILESYSTEM -- filepath failure, path does not exist 'C:\Users\Richa\OneDrive\Documenten\My Games\Company of Heroes Relaunch\DLC1\Movies\'
20:57:10.81   MOD -- Mounting RelicDLC2, 1.0
20:57:10.81   FILESYSTEM -- filepath failure, path does not exist 'C:\Users\Richa\OneDrive\Documenten\My Games\Company of Heroes Relaunch\DLC2\Movies\'
20:57:10.81   MOD -- Mounting RelicDLC3, 1.0
20:57:10.81   FILESYSTEM -- filepath failure, path does not exist 'C:\Users\Richa\OneDrive\Documenten\My Games\Company of Heroes Relaunch\DLC3\Movies\'
20:57:10.81   MOD -- Mounting RelicOps, 1.0
20:57:10.81   MOD -- Mounting RelicCOH, 1.0
20:57:10.83   FILESYSTEM -- filepath failure, path does not exist 'C:\Users\Richa\OneDrive\Documenten\My Games\Company of Heroes Relaunch\Engine\Movies\'
20:57:10.83   FILESYSTEM -- filepath failure, path does not exist 'C:\Users\Richa\OneDrive\Documenten\My Games\Company of Heroes Relaunch\WW2\Movies\'
20:57:10.84   Activating screen: AppRestartingForm
20:57:10.84   SetupProductLoadingArt - choosing bgArt = 4 (gold=0)
20:57:11.30   SetupProductLoadingArt - choosing bgArt = 4 (gold=0)
20:57:11.30   Activating screen: FEMovie
20:57:11.30   Activating screen: OnlineWidget
20:57:11.31   CRC & Version Info : 000002bc:924f95e6:dc49d0cb reliccoh:700:ww2mod.dll 0
20:57:11.31   Activating screen: OnlineSelectGame
20:57:11.34   SetupProductLoadingArt - choosing bgArt = 4 (gold=0)
20:57:11.34   Activating screen: RelicOnlineChat
20:57:11.34   Activating screen: RelicOnlineNewsScreen
20:57:11.35   Activating screen: RelicOnlineStatsScreen
20:57:11.35   Activating screen: Achievements
20:57:11.35   GAME -- Setting campaign state to 'coh'
20:57:11.35   GAME -- Closing state 'coh'
20:57:11.35   GAME -- Setting campaign state to 'cxp2'
20:57:11.35   GAME -- Closing state 'cxp2'
20:57:11.35   GAME -- Setting campaign state to 'cxp1'
20:57:11.35   GAME -- Closing state 'cxp1'
20:57:11.35   GAME -- Setting campaign state to 'dlc1'
20:57:11.35   GAME -- Closing state 'dlc1'
20:57:11.36   GAME -- Setting campaign state to 'dlc2'
20:57:11.36   GAME -- Closing state 'dlc2'
20:57:11.36   GAME -- Setting campaign state to 'dlc3'
20:57:11.36   GAME -- Closing state 'dlc3'
20:57:11.36   GAME -- Setting campaign state to 'dlc1'
20:57:11.36   GAME -- Closing state 'dlc1'
20:57:11.36   Activating screen: GameHistory
20:57:11.38   GameInfo::ResetInfo - SyncLevel set to 0 on reset
20:57:11.38   GameInfo::ResetInfo - SyncLevel set to 0 on reset
20:57:11.38   GameInfo::ResetInfo - SyncLevel set to 0 on reset
20:57:11.38   GameInfo::ResetInfo - SyncLevel set to 0 on reset
20:57:11.38   GameInfo::ResetInfo - SyncLevel set to 0 on reset
20:57:11.38   GameInfo::ResetInfo - SyncLevel set to 0 on reset
20:57:11.38   GameInfo::ResetInfo - SyncLevel set to 0 on reset
20:57:11.38   GameInfo::ResetInfo - SyncLevel set to 0 on reset
20:57:11.38   GameInfo::ResetInfo - SyncLevel set to 0 on reset
20:57:11.39   GameInfo::ResetInfo - SyncLevel set to 0 on reset
20:57:11.39   GameInfo::ResetInfo - SyncLevel set to 0 on reset
20:57:11.39   GameInfo::ResetInfo - SyncLevel set to 0 on reset
20:57:11.39   GameInfo::ResetInfo - SyncLevel set to 0 on reset
20:57:11.39   GameInfo::ResetInfo - SyncLevel set to 0 on reset
20:57:11.39   GameInfo::ResetInfo - SyncLevel set to 0 on reset
20:57:11.39   GameInfo::ResetInfo - SyncLevel set to 0 on reset
20:57:11.39   GameInfo::ResetInfo - SyncLevel set to 0 on reset
20:57:11.39   GameInfo::ResetInfo - SyncLevel set to 0 on reset
20:57:11.39   GameInfo::ResetInfo - SyncLevel set to 0 on reset
20:57:11.39   GameInfo::ResetInfo - SyncLevel set to 0 on reset
20:57:11.39   GameInfo::ResetInfo - SyncLevel set to 0 on reset
20:57:11.39   GameInfo::ResetInfo - SyncLevel set to 0 on reset
20:57:11.39   GameInfo::ResetInfo - SyncLevel set to 0 on reset
20:57:11.39   GameInfo::ResetInfo - SyncLevel set to 0 on reset
20:57:11.39   GameInfo::ResetInfo - SyncLevel set to 0 on reset
20:57:11.39   GameInfo::ResetInfo - SyncLevel set to 0 on reset
20:57:11.39   GameInfo::ResetInfo - SyncLevel set to 0 on reset
20:57:11.39   GameInfo::ResetInfo - SyncLevel set to 0 on reset
20:57:11.39   GameInfo::ResetInfo - SyncLevel set to 0 on reset
20:57:11.39   GameInfo::ResetInfo - SyncLevel set to 0 on reset
20:57:11.39   GameInfo::ResetInfo - SyncLevel set to 0 on reset
20:57:11.39   GameInfo::ResetInfo - SyncLevel set to 0 on reset
20:57:11.39   GameInfo::ResetInfo - SyncLevel set to 0 on reset
20:57:11.39   GameInfo::ResetInfo - SyncLevel set to 0 on reset
20:57:11.39   GameInfo::ResetInfo - SyncLevel set to 0 on reset
20:57:11.39   GameInfo::ResetInfo - SyncLevel set to 0 on reset
20:57:11.39   GameInfo::ResetInfo - SyncLevel set to 0 on reset
20:57:11.39   GameInfo::ResetInfo - SyncLevel set to 0 on reset
20:57:11.39   GameInfo::ResetInfo - SyncLevel set to 0 on reset
20:57:11.39   GameInfo::ResetInfo - SyncLevel set to 0 on reset
20:57:11.39   GameInfo::ResetInfo - SyncLevel set to 0 on reset
20:57:11.39   GameInfo::ResetInfo - SyncLevel set to 0 on reset
20:57:11.39   GameInfo::ResetInfo - SyncLevel set to 0 on reset
20:57:11.40   GameInfo::ResetInfo - SyncLevel set to 0 on reset
20:57:11.40   GameInfo::ResetInfo - SyncLevel set to 0 on reset
20:57:11.40   GameInfo::ResetInfo - SyncLevel set to 0 on reset
20:57:11.40   GameInfo::ResetInfo - SyncLevel set to 0 on reset
20:57:11.40   GameInfo::ResetInfo - SyncLevel set to 0 on reset
20:57:11.40   GameInfo::ResetInfo - SyncLevel set to 0 on reset
20:57:11.40   GameInfo::ResetInfo - SyncLevel set to 0 on reset
20:57:11.40   GameInfo::ResetInfo - SyncLevel set to 0 on reset
20:57:11.40   GameInfo::ResetInfo - SyncLevel set to 0 on reset
20:57:11.40   GameInfo::ResetInfo - SyncLevel set to 0 on reset
20:57:11.40   GameInfo::ResetInfo - SyncLevel set to 0 on reset
20:57:11.40   GameInfo::ResetInfo - SyncLevel set to 0 on reset
20:57:11.40   GameInfo::ResetInfo - SyncLevel set to 0 on reset
20:57:11.40   GameInfo::ResetInfo - SyncLevel set to 0 on reset
20:57:11.40   GameInfo::ResetInfo - SyncLevel set to 0 on reset
20:57:11.40   GameInfo::ResetInfo - SyncLevel set to 0 on reset
20:57:11.40   GameInfo::ResetInfo - SyncLevel set to 0 on reset
20:57:11.40   GameInfo::ResetInfo - SyncLevel set to 0 on reset
20:57:11.40   GameInfo::ResetInfo - SyncLevel set to 0 on reset
20:57:11.40   GameInfo::ResetInfo - SyncLevel set to 0 on reset
20:57:11.40   GameInfo::ResetInfo - SyncLevel set to 0 on reset
20:57:11.40   GameInfo::ResetInfo - SyncLevel set to 0 on reset
20:57:11.40   GameInfo::ResetInfo - SyncLevel set to 0 on reset
20:57:11.41   GameInfo::ResetInfo - SyncLevel set to 0 on reset
20:57:11.41   GameInfo::ResetInfo - SyncLevel set to 0 on reset
20:57:11.41   GameInfo::ResetInfo - SyncLevel set to 0 on reset
20:57:11.41   GameInfo::ResetInfo - SyncLevel set to 0 on reset
20:57:11.41   GameInfo::ResetInfo - SyncLevel set to 0 on reset
20:57:11.41   GameInfo::ResetInfo - SyncLevel set to 0 on reset
20:57:11.41   GameInfo::ResetInfo - SyncLevel set to 0 on reset
20:57:11.41   GameInfo::ResetInfo - SyncLevel set to 0 on reset
20:57:11.41   GameInfo::ResetInfo - SyncLevel set to 0 on reset
20:57:11.41   GameInfo::ResetInfo - SyncLevel set to 0 on reset
20:57:11.41   GameInfo::ResetInfo - SyncLevel set to 0 on reset
20:57:11.41   GameInfo::ResetInfo - SyncLevel set to 0 on reset
20:57:11.41   GameInfo::ResetInfo - SyncLevel set to 0 on reset
20:57:11.41   GameInfo::ResetInfo - SyncLevel set to 0 on reset
20:57:11.41   GameInfo::ResetInfo - SyncLevel set to 0 on reset
20:57:11.41   GameInfo::ResetInfo - SyncLevel set to 0 on reset
20:57:11.41   GameInfo::ResetInfo - SyncLevel set to 0 on reset
20:57:11.41   GameInfo::ResetInfo - SyncLevel set to 0 on reset
20:57:11.41   GameInfo::ResetInfo - SyncLevel set to 0 on reset
20:57:11.41   GameInfo::ResetInfo - SyncLevel set to 0 on reset
20:57:11.41   GameInfo::ResetInfo - SyncLevel set to 0 on reset
20:57:11.41   GameInfo::ResetInfo - SyncLevel set to 0 on reset
20:57:11.41   GameInfo::ResetInfo - SyncLevel set to 0 on reset
20:57:11.41   GameInfo::ResetInfo - SyncLevel set to 0 on reset
20:57:11.41   GameInfo::ResetInfo - SyncLevel set to 0 on reset
20:57:11.41   GameInfo::ResetInfo - SyncLevel set to 0 on reset
20:57:11.41   GameInfo::ResetInfo - SyncLevel set to 0 on reset
20:57:11.41   GameInfo::ResetInfo - SyncLevel set to 0 on reset
20:57:11.41   GameInfo::ResetInfo - SyncLevel set to 0 on reset
20:57:11.41   GameInfo::ResetInfo - SyncLevel set to 0 on reset
20:57:11.41   GameInfo::ResetInfo - SyncLevel set to 0 on reset
20:57:11.41   GameInfo::ResetInfo - SyncLevel set to 0 on reset
20:57:11.41   GameInfo::ResetInfo - SyncLevel set to 0 on reset
20:57:11.41   GameInfo::ResetInfo - SyncLevel set to 0 on reset
20:57:11.41   GameInfo::ResetInfo - SyncLevel set to 0 on reset
20:57:11.41   GameInfo::ResetInfo - SyncLevel set to 0 on reset
20:57:11.41   GameInfo::ResetInfo - SyncLevel set to 0 on reset
20:57:11.41   GameInfo::ResetInfo - SyncLevel set to 0 on reset
20:57:11.41   GameInfo::ResetInfo - SyncLevel set to 0 on reset
20:57:11.42   GameInfo::ResetInfo - SyncLevel set to 0 on reset
20:57:11.42   GameInfo::ResetInfo - SyncLevel set to 0 on reset
20:57:11.42   GameInfo::ResetInfo - SyncLevel set to 0 on reset
20:57:11.42   GameInfo::ResetInfo - SyncLevel set to 0 on reset
20:57:11.42   GameInfo::ResetInfo - SyncLevel set to 0 on reset
20:57:11.42   GameInfo::ResetInfo - SyncLevel set to 0 on reset
20:57:11.42   GameInfo::ResetInfo - SyncLevel set to 0 on reset
20:57:11.42   GameInfo::ResetInfo - SyncLevel set to 0 on reset
20:57:11.42   GameInfo::ResetInfo - SyncLevel set to 0 on reset
20:57:11.42   GameInfo::ResetInfo - SyncLevel set to 0 on reset
20:57:11.42   GameInfo::ResetInfo - SyncLevel set to 0 on reset
20:57:11.42   GameInfo::ResetInfo - SyncLevel set to 0 on reset
20:57:11.42   GameInfo::ResetInfo - SyncLevel set to 0 on reset
20:57:11.42   GameInfo::ResetInfo - SyncLevel set to 0 on reset
20:57:11.42   GameInfo::ResetInfo - SyncLevel set to 0 on reset
20:57:11.42   GameInfo::ResetInfo - SyncLevel set to 0 on reset
20:57:11.42   GameInfo::ResetInfo - SyncLevel set to 0 on reset
20:57:11.42   GameInfo::ResetInfo - SyncLevel set to 0 on reset
20:57:11.42   GameInfo::ResetInfo - SyncLevel set to 0 on reset
20:57:11.42   GameInfo::ResetInfo - SyncLevel set to 0 on reset
20:57:11.42   GameInfo::ResetInfo - SyncLevel set to 0 on reset
20:57:11.42   GameInfo::ResetInfo - SyncLevel set to 0 on reset
20:57:11.42   GameInfo::ResetInfo - SyncLevel set to 0 on reset
20:57:11.42   GameInfo::ResetInfo - SyncLevel set to 0 on reset
20:57:11.42   GameInfo::ResetInfo - SyncLevel set to 0 on reset
20:57:11.42   GameInfo::ResetInfo - SyncLevel set to 0 on reset
20:57:11.42   GameInfo::ResetInfo - SyncLevel set to 0 on reset
20:57:11.42   GameInfo::ResetInfo - SyncLevel set to 0 on reset
20:57:11.42   GameInfo::ResetInfo - SyncLevel set to 0 on reset
20:57:11.42   GameInfo::ResetInfo - SyncLevel set to 0 on reset
20:57:11.42   GameInfo::ResetInfo - SyncLevel set to 0 on reset
20:57:11.42   GameInfo::ResetInfo - SyncLevel set to 0 on reset
20:57:11.42   GameInfo::ResetInfo - SyncLevel set to 0 on reset
20:57:11.42   GameInfo::ResetInfo - SyncLevel set to 0 on reset
20:57:11.42   GameInfo::ResetInfo - SyncLevel set to 0 on reset
20:57:11.42   GameInfo::ResetInfo - SyncLevel set to 0 on reset
20:57:11.43   GameInfo::ResetInfo - SyncLevel set to 0 on reset
20:57:11.43   GameInfo::ResetInfo - SyncLevel set to 0 on reset
20:57:11.43   GameInfo::ResetInfo - SyncLevel set to 0 on reset
20:57:11.43   GameInfo::ResetInfo - SyncLevel set to 0 on reset
20:57:11.43   GameInfo::ResetInfo - SyncLevel set to 0 on reset
20:57:11.43   GameInfo::ResetInfo - SyncLevel set to 0 on reset
20:57:11.43   GameInfo::ResetInfo - SyncLevel set to 0 on reset
20:57:11.43   GameInfo::ResetInfo - SyncLevel set to 0 on reset
20:57:11.43   GameInfo::ResetInfo - SyncLevel set to 0 on reset
20:57:11.43   GameInfo::ResetInfo - SyncLevel set to 0 on reset
20:57:11.43   GameInfo::ResetInfo - SyncLevel set to 0 on reset
20:57:11.43   GameInfo::ResetInfo - SyncLevel set to 0 on reset
20:57:11.43   GameInfo::ResetInfo - SyncLevel set to 0 on reset
20:57:11.43   GameInfo::ResetInfo - SyncLevel set to 0 on reset
20:57:11.43   GameInfo::ResetInfo - SyncLevel set to 0 on reset
20:57:11.43   GameInfo::ResetInfo - SyncLevel set to 0 on reset
20:57:11.43   GameInfo::ResetInfo - SyncLevel set to 0 on reset
20:57:11.43   GameInfo::ResetInfo - SyncLevel set to 0 on reset
20:57:11.43   GameInfo::ResetInfo - SyncLevel set to 0 on reset
20:57:11.43   GameInfo::ResetInfo - SyncLevel set to 0 on reset
20:57:11.43   GameInfo::ResetInfo - SyncLevel set to 0 on reset
20:57:11.44   GameInfo::ResetInfo - SyncLevel set to 0 on reset
20:57:11.44   GameInfo::ResetInfo - SyncLevel set to 0 on reset
20:57:11.44   GameInfo::ResetInfo - SyncLevel set to 0 on reset
20:57:11.44   GameInfo::ResetInfo - SyncLevel set to 0 on reset
20:57:11.44   GameInfo::ResetInfo - SyncLevel set to 0 on reset
20:57:11.44   GameInfo::ResetInfo - SyncLevel set to 0 on reset
20:57:11.44   GameInfo::ResetInfo - SyncLevel set to 0 on reset
20:57:11.44   GameInfo::ResetInfo - SyncLevel set to 0 on reset
20:57:11.44   GameInfo::ResetInfo - SyncLevel set to 0 on reset
20:57:11.44   GameInfo::ResetInfo - SyncLevel set to 0 on reset
20:57:11.44   GameInfo::ResetInfo - SyncLevel set to 0 on reset
20:57:11.44   GameInfo::ResetInfo - SyncLevel set to 0 on reset
20:57:11.44   GameInfo::ResetInfo - SyncLevel set to 0 on reset
20:57:11.44   GameInfo::ResetInfo - SyncLevel set to 0 on reset
20:57:11.44   GameInfo::ResetInfo - SyncLevel set to 0 on reset
20:57:11.44   GameInfo::ResetInfo - SyncLevel set to 0 on reset
20:57:11.44   GameInfo::ResetInfo - SyncLevel set to 0 on reset
20:57:11.44   GameInfo::ResetInfo - SyncLevel set to 0 on reset
20:57:11.44   GameInfo::ResetInfo - SyncLevel set to 0 on reset
20:57:11.44   GameInfo::ResetInfo - SyncLevel set to 0 on reset
20:57:11.44   GameInfo::ResetInfo - SyncLevel set to 0 on reset
20:57:11.44   GameInfo::ResetInfo - SyncLevel set to 0 on reset
20:57:11.44   GameInfo::ResetInfo - SyncLevel set to 0 on reset
20:57:11.44   GameInfo::ResetInfo - SyncLevel set to 0 on reset
20:57:11.44   GameInfo::ResetInfo - SyncLevel set to 0 on reset
20:57:11.44   GameInfo::ResetInfo - SyncLevel set to 0 on reset
20:57:11.44   GameInfo::ResetInfo - SyncLevel set to 0 on reset
20:57:11.44   GameInfo::ResetInfo - SyncLevel set to 0 on reset
20:57:11.44   GameInfo::ResetInfo - SyncLevel set to 0 on reset
20:57:11.44   GameInfo::ResetInfo - SyncLevel set to 0 on reset
20:57:11.44   GameInfo::ResetInfo - SyncLevel set to 0 on reset
20:57:11.44   GameInfo::ResetInfo - SyncLevel set to 0 on reset
20:57:11.45   GameInfo::ResetInfo - SyncLevel set to 0 on reset
20:57:11.45   GameInfo::ResetInfo - SyncLevel set to 0 on reset
20:57:11.45   GameInfo::ResetInfo - SyncLevel set to 0 on reset
20:57:11.45   GameInfo::ResetInfo - SyncLevel set to 0 on reset
20:57:11.45   GameInfo::ResetInfo - SyncLevel set to 0 on reset
20:57:11.45   GameInfo::ResetInfo - SyncLevel set to 0 on reset
20:57:11.45   GameInfo::ResetInfo - SyncLevel set to 0 on reset
20:57:11.45   GameInfo::ResetInfo - SyncLevel set to 0 on reset
20:57:11.45   GameInfo::ResetInfo - SyncLevel set to 0 on reset
20:57:11.45   GameInfo::ResetInfo - SyncLevel set to 0 on reset
20:57:11.45   GameInfo::ResetInfo - SyncLevel set to 0 on reset
20:57:11.45   GameInfo::ResetInfo - SyncLevel set to 0 on reset
20:57:11.45   GameInfo::ResetInfo - SyncLevel set to 0 on reset
20:57:11.45   GameInfo::ResetInfo - SyncLevel set to 0 on reset
20:57:11.45   GameInfo::ResetInfo - SyncLevel set to 0 on reset
20:57:11.45   GameInfo::ResetInfo - SyncLevel set to 0 on reset
20:57:11.45   GameInfo::ResetInfo - SyncLevel set to 0 on reset
20:57:11.45   GameInfo::ResetInfo - SyncLevel set to 0 on reset
20:57:11.45   GameInfo::ResetInfo - SyncLevel set to 0 on reset
20:57:11.45   GameInfo::ResetInfo - SyncLevel set to 0 on reset
20:57:11.45   GameInfo::ResetInfo - SyncLevel set to 0 on reset
20:57:11.45   GameInfo::ResetInfo - SyncLevel set to 0 on reset
20:57:11.45   GameInfo::ResetInfo - SyncLevel set to 0 on reset
20:57:11.45   GameInfo::ResetInfo - SyncLevel set to 0 on reset
20:57:11.45   GameInfo::ResetInfo - SyncLevel set to 0 on reset
20:57:11.45   GameInfo::ResetInfo - SyncLevel set to 0 on reset
20:57:11.45   GameInfo::ResetInfo - SyncLevel set to 0 on reset
20:57:11.45   GameInfo::ResetInfo - SyncLevel set to 0 on reset
20:57:11.45   GameInfo::ResetInfo - SyncLevel set to 0 on reset
20:57:11.45   GameInfo::ResetInfo - SyncLevel set to 0 on reset
20:57:11.45   GameInfo::ResetInfo - SyncLevel set to 0 on reset
20:57:11.45   GameInfo::ResetInfo - SyncLevel set to 0 on reset
20:57:11.45   GameInfo::ResetInfo - SyncLevel set to 0 on reset
20:57:11.45   GameInfo::ResetInfo - SyncLevel set to 0 on reset
20:57:11.46   GameInfo::ResetInfo - SyncLevel set to 0 on reset
20:57:11.46   GameInfo::ResetInfo - SyncLevel set to 0 on reset
20:57:11.46   GameInfo::ResetInfo - SyncLevel set to 0 on reset
20:57:11.46   GameInfo::ResetInfo - SyncLevel set to 0 on reset
20:57:11.46   GameInfo::ResetInfo - SyncLevel set to 0 on reset
20:57:11.46   GameInfo::ResetInfo - SyncLevel set to 0 on reset
20:57:11.46   GameInfo::ResetInfo - SyncLevel set to 0 on reset
20:57:11.46   GameInfo::ResetInfo - SyncLevel set to 0 on reset
20:57:11.46   GameInfo::ResetInfo - SyncLevel set to 0 on reset
20:57:11.46   GameInfo::ResetInfo - SyncLevel set to 0 on reset
20:57:11.46   GameInfo::ResetInfo - SyncLevel set to 0 on reset
20:57:11.46   GameInfo::ResetInfo - SyncLevel set to 0 on reset
20:57:11.46   GameInfo::ResetInfo - SyncLevel set to 0 on reset
20:57:11.46   GameInfo::ResetInfo - SyncLevel set to 0 on reset
20:57:11.46   GameInfo::ResetInfo - SyncLevel set to 0 on reset
20:57:11.46   GameInfo::ResetInfo - SyncLevel set to 0 on reset
20:57:11.46   GameInfo::ResetInfo - SyncLevel set to 0 on reset
20:57:11.46   GameInfo::ResetInfo - SyncLevel set to 0 on reset
20:57:11.46   GameInfo::ResetInfo - SyncLevel set to 0 on reset
20:57:11.46   GameInfo::ResetInfo - SyncLevel set to 0 on reset
20:57:11.46   GameInfo::ResetInfo - SyncLevel set to 0 on reset
20:57:11.47   GameInfo::ResetInfo - SyncLevel set to 0 on reset
20:57:11.47   GameInfo::ResetInfo - SyncLevel set to 0 on reset
20:57:11.47   GameInfo::ResetInfo - SyncLevel set to 0 on reset
20:57:11.47   GameInfo::ResetInfo - SyncLevel set to 0 on reset
20:57:11.47   GameInfo::ResetInfo - SyncLevel set to 0 on reset
20:57:11.47   GameInfo::ResetInfo - SyncLevel set to 0 on reset
20:57:11.47   GameInfo::ResetInfo - SyncLevel set to 0 on reset
20:57:11.47   GameInfo::ResetInfo - SyncLevel set to 0 on reset
20:57:11.47   GameInfo::ResetInfo - SyncLevel set to 0 on reset
20:57:11.47   GameInfo::ResetInfo - SyncLevel set to 0 on reset
20:57:11.47   GameInfo::ResetInfo - SyncLevel set to 0 on reset
20:57:11.47   GameInfo::ResetInfo - SyncLevel set to 0 on reset
20:57:11.47   GameInfo::ResetInfo - SyncLevel set to 0 on reset
20:57:11.47   GameInfo::ResetInfo - SyncLevel set to 0 on reset
20:57:11.47   GameInfo::ResetInfo - SyncLevel set to 0 on reset
20:57:11.47   GameInfo::ResetInfo - SyncLevel set to 0 on reset
20:57:11.47   GameInfo::ResetInfo - SyncLevel set to 0 on reset
20:57:11.47   GameInfo::ResetInfo - SyncLevel set to 0 on reset
20:57:11.47   GameInfo::ResetInfo - SyncLevel set to 0 on reset
20:57:11.47   GameInfo::ResetInfo - SyncLevel set to 0 on reset
20:57:11.47   GameInfo::ResetInfo - SyncLevel set to 0 on reset
20:57:11.47   GameInfo::ResetInfo - SyncLevel set to 0 on reset
20:57:11.47   GameInfo::ResetInfo - SyncLevel set to 0 on reset
20:57:11.47   GameInfo::ResetInfo - SyncLevel set to 0 on reset
20:57:11.47   GameInfo::ResetInfo - SyncLevel set to 0 on reset
20:57:11.47   GameInfo::ResetInfo - SyncLevel set to 0 on reset
20:57:11.47   GameInfo::ResetInfo - SyncLevel set to 0 on reset
20:57:11.47   GameInfo::ResetInfo - SyncLevel set to 0 on reset
20:57:11.47   GameInfo::ResetInfo - SyncLevel set to 0 on reset
20:57:11.47   GameInfo::ResetInfo - SyncLevel set to 0 on reset
20:57:11.47   GameInfo::ResetInfo - SyncLevel set to 0 on reset
20:57:11.47   GameInfo::ResetInfo - SyncLevel set to 0 on reset
20:57:11.48   GameInfo::ResetInfo - SyncLevel set to 0 on reset
20:57:11.48   GameInfo::ResetInfo - SyncLevel set to 0 on reset
20:57:11.48   GameInfo::ResetInfo - SyncLevel set to 0 on reset
20:57:11.48   GameInfo::ResetInfo - SyncLevel set to 0 on reset
20:57:11.48   GameInfo::ResetInfo - SyncLevel set to 0 on reset
20:57:11.48   GameInfo::ResetInfo - SyncLevel set to 0 on reset
20:57:11.48   GameInfo::ResetInfo - SyncLevel set to 0 on reset
20:57:11.48   GameInfo::ResetInfo - SyncLevel set to 0 on reset
20:57:11.48   GameInfo::ResetInfo - SyncLevel set to 0 on reset
20:57:11.48   GameInfo::ResetInfo - SyncLevel set to 0 on reset
20:57:11.48   GameInfo::ResetInfo - SyncLevel set to 0 on reset
20:57:11.48   GameInfo::ResetInfo - SyncLevel set to 0 on reset
20:57:11.48   GameInfo::ResetInfo - SyncLevel set to 0 on reset
20:57:11.48   GameInfo::ResetInfo - SyncLevel set to 0 on reset
20:57:11.48   GameInfo::ResetInfo - SyncLevel set to 0 on reset
20:57:11.48   GameInfo::ResetInfo - SyncLevel set to 0 on reset
20:57:11.48   GameInfo::ResetInfo - SyncLevel set to 0 on reset
20:57:11.48   GameInfo::ResetInfo - SyncLevel set to 0 on reset
20:57:11.48   GameInfo::ResetInfo - SyncLevel set to 0 on reset
20:57:11.48   GameInfo::ResetInfo - SyncLevel set to 0 on reset
20:57:11.48   GameInfo::ResetInfo - SyncLevel set to 0 on reset
20:57:11.48   GameInfo::ResetInfo - SyncLevel set to 0 on reset
20:57:11.48   GameInfo::ResetInfo - SyncLevel set to 0 on reset
20:57:11.48   GameInfo::ResetInfo - SyncLevel set to 0 on reset
20:57:11.48   GameInfo::ResetInfo - SyncLevel set to 0 on reset
20:57:11.48   GameInfo::ResetInfo - SyncLevel set to 0 on reset
20:57:11.48   GameInfo::ResetInfo - SyncLevel set to 0 on reset
20:57:11.48   GameInfo::ResetInfo - SyncLevel set to 0 on reset
20:57:11.48   GameInfo::ResetInfo - SyncLevel set to 0 on reset
20:57:11.48   GameInfo::ResetInfo - SyncLevel set to 0 on reset
20:57:11.48   GameInfo::ResetInfo - SyncLevel set to 0 on reset
20:57:11.49   GameInfo::ResetInfo - SyncLevel set to 0 on reset
20:57:11.49   GameInfo::ResetInfo - SyncLevel set to 0 on reset
20:57:11.49   GameInfo::ResetInfo - SyncLevel set to 0 on reset
20:57:11.49   GameInfo::ResetInfo - SyncLevel set to 0 on reset
20:57:11.49   GameInfo::ResetInfo - SyncLevel set to 0 on reset
20:57:11.49   GameInfo::ResetInfo - SyncLevel set to 0 on reset
20:57:11.49   GameInfo::ResetInfo - SyncLevel set to 0 on reset
20:57:11.49   GameInfo::ResetInfo - SyncLevel set to 0 on reset
20:57:11.49   GameInfo::ResetInfo - SyncLevel set to 0 on reset
20:57:11.49   GameInfo::ResetInfo - SyncLevel set to 0 on reset
20:57:11.49   GameInfo::ResetInfo - SyncLevel set to 0 on reset
20:57:11.49   GameInfo::ResetInfo - SyncLevel set to 0 on reset
20:57:11.49   GameInfo::ResetInfo - SyncLevel set to 0 on reset
20:57:11.49   GameInfo::ResetInfo - SyncLevel set to 0 on reset
20:57:11.49   GameInfo::ResetInfo - SyncLevel set to 0 on reset
20:57:11.49   GameInfo::ResetInfo - SyncLevel set to 0 on reset
20:57:11.49   GameInfo::ResetInfo - SyncLevel set to 0 on reset
20:57:11.50   GameInfo::ResetInfo - SyncLevel set to 0 on reset
20:57:11.50   GameInfo::ResetInfo - SyncLevel set to 0 on reset
20:57:11.50   GameInfo::ResetInfo - SyncLevel set to 0 on reset
20:57:11.50   GameInfo::ResetInfo - SyncLevel set to 0 on reset
20:57:11.50   GameInfo::ResetInfo - SyncLevel set to 0 on reset
20:57:11.50   GameInfo::ResetInfo - SyncLevel set to 0 on reset
20:57:11.50   GameInfo::ResetInfo - SyncLevel set to 0 on reset
20:57:11.50   GameInfo::ResetInfo - SyncLevel set to 0 on reset
20:57:11.50   GameInfo::ResetInfo - SyncLevel set to 0 on reset
20:57:11.50   GameInfo::ResetInfo - SyncLevel set to 0 on reset
20:57:11.50   GameInfo::ResetInfo - SyncLevel set to 0 on reset
20:57:11.50   GameInfo::ResetInfo - SyncLevel set to 0 on reset
20:57:11.50   GameInfo::ResetInfo - SyncLevel set to 0 on reset
20:57:11.50   GameInfo::ResetInfo - SyncLevel set to 0 on reset
20:57:11.50   GameInfo::ResetInfo - SyncLevel set to 0 on reset
20:57:11.50   GameInfo::ResetInfo - SyncLevel set to 0 on reset
20:57:11.50   GameInfo::ResetInfo - SyncLevel set to 0 on reset
20:57:11.50   GameInfo::ResetInfo - SyncLevel set to 0 on reset
20:57:11.50   GameInfo::ResetInfo - SyncLevel set to 0 on reset
20:57:11.50   GameInfo::ResetInfo - SyncLevel set to 0 on reset
20:57:11.50   GameInfo::ResetInfo - SyncLevel set to 0 on reset
20:57:11.50   GameInfo::ResetInfo - SyncLevel set to 0 on reset
20:57:11.50   GameInfo::ResetInfo - SyncLevel set to 0 on reset
20:57:11.50   GameInfo::ResetInfo - SyncLevel set to 0 on reset
20:57:11.50   GameInfo::ResetInfo - SyncLevel set to 0 on reset
20:57:11.51   GameInfo::ResetInfo - SyncLevel set to 0 on reset
20:57:11.51   GameInfo::ResetInfo - SyncLevel set to 0 on reset
20:57:11.51   GameInfo::ResetInfo - SyncLevel set to 0 on reset
20:57:11.51   GameInfo::ResetInfo - SyncLevel set to 0 on reset
20:57:11.51   GameInfo::ResetInfo - SyncLevel set to 0 on reset
20:57:11.51   GameInfo::ResetInfo - SyncLevel set to 0 on reset
20:57:11.51   GameInfo::ResetInfo - SyncLevel set to 0 on reset
20:57:11.51   GameInfo::ResetInfo - SyncLevel set to 0 on reset
20:57:11.51   GameInfo::ResetInfo - SyncLevel set to 0 on reset
20:57:11.51   GameInfo::ResetInfo - SyncLevel set to 0 on reset
20:57:11.51   GameInfo::ResetInfo - SyncLevel set to 0 on reset
20:57:11.51   GameInfo::ResetInfo - SyncLevel set to 0 on reset
20:57:11.51   GameInfo::ResetInfo - SyncLevel set to 0 on reset
20:57:11.51   GameInfo::ResetInfo - SyncLevel set to 0 on reset
20:57:11.51   GameInfo::ResetInfo - SyncLevel set to 0 on reset
20:57:11.51   GameInfo::ResetInfo - SyncLevel set to 0 on reset
20:57:11.51   GameInfo::ResetInfo - SyncLevel set to 0 on reset
20:57:11.51   GameInfo::ResetInfo - SyncLevel set to 0 on reset
20:57:11.51   GameInfo::ResetInfo - SyncLevel set to 0 on reset
20:57:11.51   GameInfo::ResetInfo - SyncLevel set to 0 on reset
20:57:11.51   GameInfo::ResetInfo - SyncLevel set to 0 on reset
20:57:11.51   GameInfo::ResetInfo - SyncLevel set to 0 on reset
20:57:11.51   GameInfo::ResetInfo - SyncLevel set to 0 on reset
20:57:11.51   GAME -- Error reading header for recorded game PLAYBACK:4p_rails_and_metal20110731195813__[GameReplays.org].rec
20:57:11.51   GameInfo::ResetInfo - SyncLevel set to 0 on reset
20:57:11.51   GameInfo::ResetInfo - SyncLevel set to 0 on reset
20:57:11.51   GAME -- Error reading header for recorded game PLAYBACK:4p_rails_and_metal20110801000124__[GameReplays.org].rec
20:57:11.51   GameInfo::ResetInfo - SyncLevel set to 0 on reset
20:57:11.51   GameInfo::ResetInfo - SyncLevel set to 0 on reset
20:57:11.51   GAME -- Error reading header for recorded game PLAYBACK:4p_rails_and_metal20120827200108__[GameReplays.org].rec
20:57:11.51   GameInfo::ResetInfo - SyncLevel set to 0 on reset
20:57:11.51   GameInfo::ResetInfo - SyncLevel set to 0 on reset
20:57:11.51   GameInfo::ResetInfo - SyncLevel set to 0 on reset
20:57:11.51   GameInfo::ResetInfo - SyncLevel set to 0 on reset
20:57:11.51   GameInfo::ResetInfo - SyncLevel set to 0 on reset
20:57:11.51   GameInfo::ResetInfo - SyncLevel set to 0 on reset
20:57:11.51   GameInfo::ResetInfo - SyncLevel set to 0 on reset
20:57:11.51   GameInfo::ResetInfo - SyncLevel set to 0 on reset
20:57:11.51   GameInfo::ResetInfo - SyncLevel set to 0 on reset
20:57:11.52   GameInfo::ResetInfo - SyncLevel set to 0 on reset
20:57:11.52   GameInfo::ResetInfo - SyncLevel set to 0 on reset
20:57:11.52   GameInfo::ResetInfo - SyncLevel set to 0 on reset
20:57:11.52   GameInfo::ResetInfo - SyncLevel set to 0 on reset
20:57:11.52   GameInfo::ResetInfo - SyncLevel set to 0 on reset
20:57:11.52   GameInfo::ResetInfo - SyncLevel set to 0 on reset
20:57:11.52   GameInfo::ResetInfo - SyncLevel set to 0 on reset
20:57:11.52   GameInfo::ResetInfo - SyncLevel set to 0 on reset
20:57:11.52   GameInfo::ResetInfo - SyncLevel set to 0 on reset
20:57:11.52   GameInfo::ResetInfo - SyncLevel set to 0 on reset
20:57:11.52   GameInfo::ResetInfo - SyncLevel set to 0 on reset
20:57:11.52   GameInfo::ResetInfo - SyncLevel set to 0 on reset
20:57:11.52   GameInfo::ResetInfo - SyncLevel set to 0 on reset
20:57:11.52   GameInfo::ResetInfo - SyncLevel set to 0 on reset
20:57:11.52   GameInfo::ResetInfo - SyncLevel set to 0 on reset
20:57:11.52   GameInfo::ResetInfo - SyncLevel set to 0 on reset
20:57:11.52   GameInfo::ResetInfo - SyncLevel set to 0 on reset
20:57:11.52   GameInfo::ResetInfo - SyncLevel set to 0 on reset
20:57:11.52   GameInfo::ResetInfo - SyncLevel set to 0 on reset
20:57:11.52   GameInfo::ResetInfo - SyncLevel set to 0 on reset
20:57:11.52   GameInfo::ResetInfo - SyncLevel set to 0 on reset
20:57:11.53   GameInfo::ResetInfo - SyncLevel set to 0 on reset
20:57:11.53   GameInfo::ResetInfo - SyncLevel set to 0 on reset
20:57:11.53   GameInfo::ResetInfo - SyncLevel set to 0 on reset
20:57:11.53   GameInfo::ResetInfo - SyncLevel set to 0 on reset
20:57:11.53   GameInfo::ResetInfo - SyncLevel set to 0 on reset
20:57:11.53   GameInfo::ResetInfo - SyncLevel set to 0 on reset
20:57:11.53   GameInfo::ResetInfo - SyncLevel set to 0 on reset
20:57:11.53   GameInfo::ResetInfo - SyncLevel set to 0 on reset
20:57:11.53   GameInfo::ResetInfo - SyncLevel set to 0 on reset
20:57:11.53   GameInfo::ResetInfo - SyncLevel set to 0 on reset
20:57:11.53   GameInfo::ResetInfo - SyncLevel set to 0 on reset
20:57:11.53   GameInfo::ResetInfo - SyncLevel set to 0 on reset
20:57:11.53   GameInfo::ResetInfo - SyncLevel set to 0 on reset
20:57:11.53   GameInfo::ResetInfo - SyncLevel set to 0 on reset
20:57:11.53   GameInfo::ResetInfo - SyncLevel set to 0 on reset
20:57:11.53   GameInfo::ResetInfo - SyncLevel set to 0 on reset
20:57:11.53   GameInfo::ResetInfo - SyncLevel set to 0 on reset
20:57:11.53   GameInfo::ResetInfo - SyncLevel set to 0 on reset
20:57:11.53   GameInfo::ResetInfo - SyncLevel set to 0 on reset
20:57:11.53   GameInfo::ResetInfo - SyncLevel set to 0 on reset
20:57:11.53   GameInfo::ResetInfo - SyncLevel set to 0 on reset
20:57:11.53   GameInfo::ResetInfo - SyncLevel set to 0 on reset
20:57:11.53   GameInfo::ResetInfo - SyncLevel set to 0 on reset
20:57:11.53   GameInfo::ResetInfo - SyncLevel set to 0 on reset
20:57:11.53   GameInfo::ResetInfo - SyncLevel set to 0 on reset
20:57:11.53   GameInfo::ResetInfo - SyncLevel set to 0 on reset
20:57:11.53   GameInfo::ResetInfo - SyncLevel set to 0 on reset
20:57:11.53   GameInfo::ResetInfo - SyncLevel set to 0 on reset
20:57:11.53   GameInfo::ResetInfo - SyncLevel set to 0 on reset
20:57:11.53   GameInfo::ResetInfo - SyncLevel set to 0 on reset
20:57:11.53   GameInfo::ResetInfo - SyncLevel set to 0 on reset
20:57:11.53   GameInfo::ResetInfo - SyncLevel set to 0 on reset
20:57:11.53   GameInfo::ResetInfo - SyncLevel set to 0 on reset
20:57:11.54   GameInfo::ResetInfo - SyncLevel set to 0 on reset
20:57:11.54   GameInfo::ResetInfo - SyncLevel set to 0 on reset
20:57:11.54   GameInfo::ResetInfo - SyncLevel set to 0 on reset
20:57:11.54   GameInfo::ResetInfo - SyncLevel set to 0 on reset
20:57:11.54   GameInfo::ResetInfo - SyncLevel set to 0 on reset
20:57:11.54   GameInfo::ResetInfo - SyncLevel set to 0 on reset
20:57:11.54   GameInfo::ResetInfo - SyncLevel set to 0 on reset
20:57:11.54   GameInfo::ResetInfo - SyncLevel set to 0 on reset
20:57:11.54   GameInfo::ResetInfo - SyncLevel set to 0 on reset
20:57:11.54   GameInfo::ResetInfo - SyncLevel set to 0 on reset
20:57:11.54   GameInfo::ResetInfo - SyncLevel set to 0 on reset
20:57:11.54   GameInfo::ResetInfo - SyncLevel set to 0 on reset
20:57:11.54   GameInfo::ResetInfo - SyncLevel set to 0 on reset
20:57:11.54   GameInfo::ResetInfo - SyncLevel set to 0 on reset
20:57:11.54   GameInfo::ResetInfo - SyncLevel set to 0 on reset
20:57:11.54   GameInfo::ResetInfo - SyncLevel set to 0 on reset
20:57:11.54   GameInfo::ResetInfo - SyncLevel set to 0 on reset
20:57:11.54   GameInfo::ResetInfo - SyncLevel set to 0 on reset
20:57:11.54   GameInfo::ResetInfo - SyncLevel set to 0 on reset
20:57:11.54   GameInfo::ResetInfo - SyncLevel set to 0 on reset
20:57:11.54   GameInfo::ResetInfo - SyncLevel set to 0 on reset
20:57:11.54   GameInfo::ResetInfo - SyncLevel set to 0 on reset
20:57:11.54   GameInfo::ResetInfo - SyncLevel set to 0 on reset
20:57:11.54   GameInfo::ResetInfo - SyncLevel set to 0 on reset
20:57:11.55   GameInfo::ResetInfo - SyncLevel set to 0 on reset
20:57:11.55   GameInfo::ResetInfo - SyncLevel set to 0 on reset
20:57:11.55   GameInfo::ResetInfo - SyncLevel set to 0 on reset
20:57:11.55   GameInfo::ResetInfo - SyncLevel set to 0 on reset
20:57:11.55   GameInfo::ResetInfo - SyncLevel set to 0 on reset
20:57:11.55   GameInfo::ResetInfo - SyncLevel set to 0 on reset
20:57:11.55   GameInfo::ResetInfo - SyncLevel set to 0 on reset
20:57:11.55   GameInfo::ResetInfo - SyncLevel set to 0 on reset
20:57:11.55   GameInfo::ResetInfo - SyncLevel set to 0 on reset
20:57:11.55   GameInfo::ResetInfo - SyncLevel set to 0 on reset
20:57:11.55   GameInfo::ResetInfo - SyncLevel set to 0 on reset
20:57:11.55   GameInfo::ResetInfo - SyncLevel set to 0 on reset
20:57:11.55   GameInfo::ResetInfo - SyncLevel set to 0 on reset
20:57:11.55   GameInfo::ResetInfo - SyncLevel set to 0 on reset
20:57:11.55   GameInfo::ResetInfo - SyncLevel set to 0 on reset
20:57:11.55   GameInfo::ResetInfo - SyncLevel set to 0 on reset
20:57:11.55   GameInfo::ResetInfo - SyncLevel set to 0 on reset
20:57:11.55   GameInfo::ResetInfo - SyncLevel set to 0 on reset
20:57:11.55   GameInfo::ResetInfo - SyncLevel set to 0 on reset
20:57:11.55   GameInfo::ResetInfo - SyncLevel set to 0 on reset
20:57:11.55   GameInfo::ResetInfo - SyncLevel set to 0 on reset
20:57:11.55   GameInfo::ResetInfo - SyncLevel set to 0 on reset
20:57:11.55   GameInfo::ResetInfo - SyncLevel set to 0 on reset
20:57:11.55   GameInfo::ResetInfo - SyncLevel set to 0 on reset
20:57:11.55   GameInfo::ResetInfo - SyncLevel set to 0 on reset
20:57:11.55   GameInfo::ResetInfo - SyncLevel set to 0 on reset
20:57:11.55   GameInfo::ResetInfo - SyncLevel set to 0 on reset
20:57:11.55   GameInfo::ResetInfo - SyncLevel set to 0 on reset
20:57:11.55   GameInfo::ResetInfo - SyncLevel set to 0 on reset
20:57:11.55   GameInfo::ResetInfo - SyncLevel set to 0 on reset
20:57:11.55   GameInfo::ResetInfo - SyncLevel set to 0 on reset
20:57:11.55   GameInfo::ResetInfo - SyncLevel set to 0 on reset
20:57:11.55   GameInfo::ResetInfo - SyncLevel set to 0 on reset
20:57:11.56   GameInfo::ResetInfo - SyncLevel set to 0 on reset
20:57:11.56   GameInfo::ResetInfo - SyncLevel set to 0 on reset
20:57:11.56   GameInfo::ResetInfo - SyncLevel set to 0 on reset
20:57:11.56   GameInfo::ResetInfo - SyncLevel set to 0 on reset
20:57:11.56   GameInfo::ResetInfo - SyncLevel set to 0 on reset
20:57:11.56   GameInfo::ResetInfo - SyncLevel set to 0 on reset
20:57:11.56   GameInfo::ResetInfo - SyncLevel set to 0 on reset
20:57:11.56   GameInfo::ResetInfo - SyncLevel set to 0 on reset
20:57:11.56   GAME -- Error reading header for recorded game PLAYBACK:4p_wolfheze20090305210256__[GameReplays.org].rec
20:57:11.56   GameInfo::ResetInfo - SyncLevel set to 0 on reset
20:57:11.56   GameInfo::ResetInfo - SyncLevel set to 0 on reset
20:57:11.56   GameInfo::ResetInfo - SyncLevel set to 0 on reset
20:57:11.56   GameInfo::ResetInfo - SyncLevel set to 0 on reset
20:57:11.56   GameInfo::ResetInfo - SyncLevel set to 0 on reset
20:57:11.56   GameInfo::ResetInfo - SyncLevel set to 0 on reset
20:57:11.56   GameInfo::ResetInfo - SyncLevel set to 0 on reset
20:57:11.56   GameInfo::ResetInfo - SyncLevel set to 0 on reset
20:57:11.56   GameInfo::ResetInfo - SyncLevel set to 0 on reset
20:57:11.56   GameInfo::ResetInfo - SyncLevel set to 0 on reset
20:57:11.56   GameInfo::ResetInfo - SyncLevel set to 0 on reset
20:57:11.56   GameInfo::ResetInfo - SyncLevel set to 0 on reset
20:57:11.56   GameInfo::ResetInfo - SyncLevel set to 0 on reset
20:57:11.56   GameInfo::ResetInfo - SyncLevel set to 0 on reset
20:57:11.56   GameInfo::ResetInfo - SyncLevel set to 0 on reset
20:57:11.56   GameInfo::ResetInfo - SyncLevel set to 0 on reset
20:57:11.56   GameInfo::ResetInfo - SyncLevel set to 0 on reset
20:57:11.56   GameInfo::ResetInfo - SyncLevel set to 0 on reset
20:57:11.56   GameInfo::ResetInfo - SyncLevel set to 0 on reset
20:57:11.56   GameInfo::ResetInfo - SyncLevel set to 0 on reset
20:57:11.56   GameInfo::ResetInfo - SyncLevel set to 0 on reset
20:57:11.56   GameInfo::ResetInfo - SyncLevel set to 0 on reset
20:57:11.56   GameInfo::ResetInfo - SyncLevel set to 0 on reset
20:57:11.56   GameInfo::ResetInfo - SyncLevel set to 0 on reset
20:57:11.57   GameInfo::ResetInfo - SyncLevel set to 0 on reset
20:57:11.57   GameInfo::ResetInfo - SyncLevel set to 0 on reset
20:57:11.57   GameInfo::ResetInfo - SyncLevel set to 0 on reset
20:57:11.57   GameInfo::ResetInfo - SyncLevel set to 0 on reset
20:57:11.57   GameInfo::ResetInfo - SyncLevel set to 0 on reset
20:57:11.57   GameInfo::ResetInfo - SyncLevel set to 0 on reset
20:57:11.57   GameInfo::ResetInfo - SyncLevel set to 0 on reset
20:57:11.57   GameInfo::ResetInfo - SyncLevel set to 0 on reset
20:57:11.57   GameInfo::ResetInfo - SyncLevel set to 0 on reset
20:57:11.57   GameInfo::ResetInfo - SyncLevel set to 0 on reset
20:57:11.57   GameInfo::ResetInfo - SyncLevel set to 0 on reset
20:57:11.57   GameInfo::ResetInfo - SyncLevel set to 0 on reset
20:57:11.57   GameInfo::ResetInfo - SyncLevel set to 0 on reset
20:57:11.57   GameInfo::ResetInfo - SyncLevel set to 0 on reset
20:57:11.57   GameInfo::ResetInfo - SyncLevel set to 0 on reset
20:57:11.57   GameInfo::ResetInfo - SyncLevel set to 0 on reset
20:57:11.57   GameInfo::ResetInfo - SyncLevel set to 0 on reset
20:57:11.58   GameInfo::ResetInfo - SyncLevel set to 0 on reset
20:57:11.58   GameInfo::ResetInfo - SyncLevel set to 0 on reset
20:57:11.58   GameInfo::ResetInfo - SyncLevel set to 0 on reset
20:57:11.58   GameInfo::ResetInfo - SyncLevel set to 0 on reset
20:57:11.58   GameInfo::ResetInfo - SyncLevel set to 0 on reset
20:57:11.58   GameInfo::ResetInfo - SyncLevel set to 0 on reset
20:57:11.58   GameInfo::ResetInfo - SyncLevel set to 0 on reset
20:57:11.58   GameInfo::ResetInfo - SyncLevel set to 0 on reset
20:57:11.58   GameInfo::ResetInfo - SyncLevel set to 0 on reset
20:57:11.58   GameInfo::ResetInfo - SyncLevel set to 0 on reset
20:57:11.58   GameInfo::ResetInfo - SyncLevel set to 0 on reset
20:57:11.58   GameInfo::ResetInfo - SyncLevel set to 0 on reset
20:57:11.58   GameInfo::ResetInfo - SyncLevel set to 0 on reset
20:57:11.58   GameInfo::ResetInfo - SyncLevel set to 0 on reset
20:57:11.58   GameInfo::ResetInfo - SyncLevel set to 0 on reset
20:57:11.58   GameInfo::ResetInfo - SyncLevel set to 0 on reset
20:57:11.58   GameInfo::ResetInfo - SyncLevel set to 0 on reset
20:57:11.58   GameInfo::ResetInfo - SyncLevel set to 0 on reset
20:57:11.58   GameInfo::ResetInfo - SyncLevel set to 0 on reset
20:57:11.58   GameInfo::ResetInfo - SyncLevel set to 0 on reset
20:57:11.58   GameInfo::ResetInfo - SyncLevel set to 0 on reset
20:57:11.58   GameInfo::ResetInfo - SyncLevel set to 0 on reset
20:57:11.58   GameInfo::ResetInfo - SyncLevel set to 0 on reset
20:57:11.58   GameInfo::ResetInfo - SyncLevel set to 0 on reset
20:57:11.58   GameInfo::ResetInfo - SyncLevel set to 0 on reset
20:57:11.58   GameInfo::ResetInfo - SyncLevel set to 0 on reset
20:57:11.58   GameInfo::ResetInfo - SyncLevel set to 0 on reset
20:57:11.58   GameInfo::ResetInfo - SyncLevel set to 0 on reset
20:57:11.59   GameInfo::ResetInfo - SyncLevel set to 0 on reset
20:57:11.59   GameInfo::ResetInfo - SyncLevel set to 0 on reset
20:57:11.59   GameInfo::ResetInfo - SyncLevel set to 0 on reset
20:57:11.59   GameInfo::ResetInfo - SyncLevel set to 0 on reset
20:57:11.59   GameInfo::ResetInfo - SyncLevel set to 0 on reset
20:57:11.59   GameInfo::ResetInfo - SyncLevel set to 0 on reset
20:57:11.59   GameInfo::ResetInfo - SyncLevel set to 0 on reset
20:57:11.59   GameInfo::ResetInfo - SyncLevel set to 0 on reset
20:57:11.59   GameInfo::ResetInfo - SyncLevel set to 0 on reset
20:57:11.59   GameInfo::ResetInfo - SyncLevel set to 0 on reset
20:57:11.59   GameInfo::ResetInfo - SyncLevel set to 0 on reset
20:57:11.59   GameInfo::ResetInfo - SyncLevel set to 0 on reset
20:57:11.59   GameInfo::ResetInfo - SyncLevel set to 0 on reset
20:57:11.59   GameInfo::ResetInfo - SyncLevel set to 0 on reset
20:57:11.59   GameInfo::ResetInfo - SyncLevel set to 0 on reset
20:57:11.59   GameInfo::ResetInfo - SyncLevel set to 0 on reset
20:57:11.59   GameInfo::ResetInfo - SyncLevel set to 0 on reset
20:57:11.59   GameInfo::ResetInfo - SyncLevel set to 0 on reset
20:57:11.59   GameInfo::ResetInfo - SyncLevel set to 0 on reset
20:57:11.59   GameInfo::ResetInfo - SyncLevel set to 0 on reset
20:57:11.59   GameInfo::ResetInfo - SyncLevel set to 0 on reset
20:57:11.59   GameInfo::ResetInfo - SyncLevel set to 0 on reset
20:57:11.59   GameInfo::ResetInfo - SyncLevel set to 0 on reset
20:57:11.60   GameInfo::ResetInfo - SyncLevel set to 0 on reset
20:57:11.60   GameInfo::ResetInfo - SyncLevel set to 0 on reset
20:57:11.60   GameInfo::ResetInfo - SyncLevel set to 0 on reset
20:57:11.60   GameInfo::ResetInfo - SyncLevel set to 0 on reset
20:57:11.60   GameInfo::ResetInfo - SyncLevel set to 0 on reset
20:57:11.60   GameInfo::ResetInfo - SyncLevel set to 0 on reset
20:57:11.60   GameInfo::ResetInfo - SyncLevel set to 0 on reset
20:57:11.60   GameInfo::ResetInfo - SyncLevel set to 0 on reset
20:57:11.60   GameInfo::ResetInfo - SyncLevel set to 0 on reset
20:57:11.60   GameInfo::ResetInfo - SyncLevel set to 0 on reset
20:57:11.60   GameInfo::ResetInfo - SyncLevel set to 0 on reset
20:57:11.60   GameInfo::ResetInfo - SyncLevel set to 0 on reset
20:57:11.60   GameInfo::ResetInfo - SyncLevel set to 0 on reset
20:57:11.60   GameInfo::ResetInfo - SyncLevel set to 0 on reset
20:57:11.60   GameInfo::ResetInfo - SyncLevel set to 0 on reset
20:57:11.60   GameInfo::ResetInfo - SyncLevel set to 0 on reset
20:57:11.60   GameInfo::ResetInfo - SyncLevel set to 0 on reset
20:57:11.60   GameInfo::ResetInfo - SyncLevel set to 0 on reset
20:57:11.60   GameInfo::ResetInfo - SyncLevel set to 0 on reset
20:57:11.61   GameInfo::ResetInfo - SyncLevel set to 0 on reset
20:57:11.61   GameInfo::ResetInfo - SyncLevel set to 0 on reset
20:57:11.61   GameInfo::ResetInfo - SyncLevel set to 0 on reset
20:57:11.61   GameInfo::ResetInfo - SyncLevel set to 0 on reset
20:57:11.61   GameInfo::ResetInfo - SyncLevel set to 0 on reset
20:57:11.61   GameInfo::ResetInfo - SyncLevel set to 0 on reset
20:57:11.61   GameInfo::ResetInfo - SyncLevel set to 0 on reset
20:57:11.61   GameInfo::ResetInfo - SyncLevel set to 0 on reset
20:57:11.61   GameInfo::ResetInfo - SyncLevel set to 0 on reset
20:57:11.61   GameInfo::ResetInfo - SyncLevel set to 0 on reset
20:57:11.61   GameInfo::ResetInfo - SyncLevel set to 0 on reset
20:57:11.61   GameInfo::ResetInfo - SyncLevel set to 0 on reset
20:57:11.61   GameInfo::ResetInfo - SyncLevel set to 0 on reset
20:57:11.61   GameInfo::ResetInfo - SyncLevel set to 0 on reset
20:57:11.61   GameInfo::ResetInfo - SyncLevel set to 0 on reset
20:57:11.61   GameInfo::ResetInfo - SyncLevel set to 0 on reset
20:57:11.61   GameInfo::ResetInfo - SyncLevel set to 0 on reset
20:57:11.61   GameInfo::ResetInfo - SyncLevel set to 0 on reset
20:57:11.61   GameInfo::ResetInfo - SyncLevel set to 0 on reset
20:57:11.61   GameInfo::ResetInfo - SyncLevel set to 0 on reset
20:57:11.61   GameInfo::ResetInfo - SyncLevel set to 0 on reset
20:57:11.61   GameInfo::ResetInfo - SyncLevel set to 0 on reset
20:57:11.61   GameInfo::ResetInfo - SyncLevel set to 0 on reset
20:57:11.61   GameInfo::ResetInfo - SyncLevel set to 0 on reset
20:57:11.61   GameInfo::ResetInfo - SyncLevel set to 0 on reset
20:57:11.61   GameInfo::ResetInfo - SyncLevel set to 0 on reset
20:57:11.61   GameInfo::ResetInfo - SyncLevel set to 0 on reset
20:57:11.62   GameInfo::ResetInfo - SyncLevel set to 0 on reset
20:57:11.62   GameInfo::ResetInfo - SyncLevel set to 0 on reset
20:57:11.62   GameInfo::ResetInfo - SyncLevel set to 0 on reset
20:57:11.62   GameInfo::ResetInfo - SyncLevel set to 0 on reset
20:57:11.62   GameInfo::ResetInfo - SyncLevel set to 0 on reset
20:57:11.62   GameInfo::ResetInfo - SyncLevel set to 0 on reset
20:57:11.62   GameInfo::ResetInfo - SyncLevel set to 0 on reset
20:57:11.62   GameInfo::ResetInfo - SyncLevel set to 0 on reset
20:57:11.62   GameInfo::ResetInfo - SyncLevel set to 0 on reset
20:57:11.62   GameInfo::ResetInfo - SyncLevel set to 0 on reset
20:57:11.62   GameInfo::ResetInfo - SyncLevel set to 0 on reset
20:57:11.62   GameInfo::ResetInfo - SyncLevel set to 0 on reset
20:57:11.62   GameInfo::ResetInfo - SyncLevel set to 0 on reset
20:57:11.62   GameInfo::ResetInfo - SyncLevel set to 0 on reset
20:57:11.62   GameInfo::ResetInfo - SyncLevel set to 0 on reset
20:57:11.62   GameInfo::ResetInfo - SyncLevel set to 0 on reset
20:57:11.62   GameInfo::ResetInfo - SyncLevel set to 0 on reset
20:57:11.62   GameInfo::ResetInfo - SyncLevel set to 0 on reset
20:57:11.62   GameInfo::ResetInfo - SyncLevel set to 0 on reset
20:57:11.62   GameInfo::ResetInfo - SyncLevel set to 0 on reset
20:57:11.62   GameInfo::ResetInfo - SyncLevel set to 0 on reset
20:57:11.62   GameInfo::ResetInfo - SyncLevel set to 0 on reset
20:57:11.62   GameInfo::ResetInfo - SyncLevel set to 0 on reset
20:57:11.62   GameInfo::ResetInfo - SyncLevel set to 0 on reset
20:57:11.62   GameInfo::ResetInfo - SyncLevel set to 0 on reset
20:57:11.62   GameInfo::ResetInfo - SyncLevel set to 0 on reset
20:57:11.62   GameInfo::ResetInfo - SyncLevel set to 0 on reset
20:57:11.62   GameInfo::ResetInfo - SyncLevel set to 0 on reset
20:57:11.62   GameInfo::ResetInfo - SyncLevel set to 0 on reset
20:57:11.62   GameInfo::ResetInfo - SyncLevel set to 0 on reset
20:57:11.63   GameInfo::ResetInfo - SyncLevel set to 0 on reset
20:57:11.63   GameInfo::ResetInfo - SyncLevel set to 0 on reset
20:57:11.63   GameInfo::ResetInfo - SyncLevel set to 0 on reset
20:57:11.63   GameInfo::ResetInfo - SyncLevel set to 0 on reset
20:57:11.63   GameInfo::ResetInfo - SyncLevel set to 0 on reset
20:57:11.63   GameInfo::ResetInfo - SyncLevel set to 0 on reset
20:57:11.63   GameInfo::ResetInfo - SyncLevel set to 0 on reset
20:57:11.63   GameInfo::ResetInfo - SyncLevel set to 0 on reset
20:57:11.63   GameInfo::ResetInfo - SyncLevel set to 0 on reset
20:57:11.63   GameInfo::ResetInfo - SyncLevel set to 0 on reset
20:57:11.63   GameInfo::ResetInfo - SyncLevel set to 0 on reset
20:57:11.63   GAME -- Error reading header for recorded game PLAYBACK:6p_close_river_combat.2018-01-28.00-37-43.rec
20:57:11.63   GameInfo::ResetInfo - SyncLevel set to 0 on reset
20:57:11.63   GameInfo::ResetInfo - SyncLevel set to 0 on reset
20:57:11.63   GAME -- Error reading header for recorded game PLAYBACK:6p_close_river_combat.2018-01-31.23-35-59.rec
20:57:11.63   GameInfo::ResetInfo - SyncLevel set to 0 on reset
20:57:11.63   GameInfo::ResetInfo - SyncLevel set to 0 on reset
20:57:11.63   GameInfo::ResetInfo - SyncLevel set to 0 on reset
20:57:11.64   GameInfo::ResetInfo - SyncLevel set to 0 on reset
20:57:11.64   GameInfo::ResetInfo - SyncLevel set to 0 on reset
20:57:11.64   GameInfo::ResetInfo - SyncLevel set to 0 on reset
20:57:11.64   GameInfo::ResetInfo - SyncLevel set to 0 on reset
20:57:11.64   GameInfo::ResetInfo - SyncLevel set to 0 on reset
20:57:11.64   GameInfo::ResetInfo - SyncLevel set to 0 on reset
20:57:11.64   GameInfo::ResetInfo - SyncLevel set to 0 on reset
20:57:11.64   GameInfo::ResetInfo - SyncLevel set to 0 on reset
20:57:11.64   GameInfo::ResetInfo - SyncLevel set to 0 on reset
20:57:11.64   GameInfo::ResetInfo - SyncLevel set to 0 on reset
20:57:11.64   GameInfo::ResetInfo - SyncLevel set to 0 on reset
20:57:11.64   GameInfo::ResetInfo - SyncLevel set to 0 on reset
20:57:11.64   GameInfo::ResetInfo - SyncLevel set to 0 on reset
20:57:11.64   GameInfo::ResetInfo - SyncLevel set to 0 on reset
20:57:11.64   GameInfo::ResetInfo - SyncLevel set to 0 on reset
20:57:11.64   GameInfo::ResetInfo - SyncLevel set to 0 on reset
20:57:11.64   GameInfo::ResetInfo - SyncLevel set to 0 on reset
20:57:11.64   GameInfo::ResetInfo - SyncLevel set to 0 on reset
20:57:11.64   GameInfo::ResetInfo - SyncLevel set to 0 on reset
20:57:11.64   GameInfo::ResetInfo - SyncLevel set to 0 on reset
20:57:11.64   GameInfo::ResetInfo - SyncLevel set to 0 on reset
20:57:11.64   GameInfo::ResetInfo - SyncLevel set to 0 on reset
20:57:11.64   GameInfo::ResetInfo - SyncLevel set to 0 on reset
20:57:11.64   GameInfo::ResetInfo - SyncLevel set to 0 on reset
20:57:11.65   GameInfo::ResetInfo - SyncLevel set to 0 on reset
20:57:11.65   GameInfo::ResetInfo - SyncLevel set to 0 on reset
20:57:11.65   GameInfo::ResetInfo - SyncLevel set to 0 on reset
20:57:11.65   GameInfo::ResetInfo - SyncLevel set to 0 on reset
20:57:11.65   GameInfo::ResetInfo - SyncLevel set to 0 on reset
20:57:11.65   GameInfo::ResetInfo - SyncLevel set to 0 on reset
20:57:11.65   GameInfo::ResetInfo - SyncLevel set to 0 on reset
20:57:11.65   GameInfo::ResetInfo - SyncLevel set to 0 on reset
20:57:11.65   GameInfo::ResetInfo - SyncLevel set to 0 on reset
20:57:11.65   GameInfo::ResetInfo - SyncLevel set to 0 on reset
20:57:11.65   GameInfo::ResetInfo - SyncLevel set to 0 on reset
20:57:11.65   GameInfo::ResetInfo - SyncLevel set to 0 on reset
20:57:11.65   GameInfo::ResetInfo - SyncLevel set to 0 on reset
20:57:11.65   GameInfo::ResetInfo - SyncLevel set to 0 on reset
20:57:11.65   GameInfo::ResetInfo - SyncLevel set to 0 on reset
20:57:11.65   GameInfo::ResetInfo - SyncLevel set to 0 on reset
20:57:11.65   GameInfo::ResetInfo - SyncLevel set to 0 on reset
20:57:11.65   GameInfo::ResetInfo - SyncLevel set to 0 on reset
20:57:11.65   GameInfo::ResetInfo - SyncLevel set to 0 on reset
20:57:11.65   GameInfo::ResetInfo - SyncLevel set to 0 on reset
20:57:11.65   GameInfo::ResetInfo - SyncLevel set to 0 on reset
20:57:11.65   GameInfo::ResetInfo - SyncLevel set to 0 on reset
20:57:11.65   GameInfo::ResetInfo - SyncLevel set to 0 on reset
20:57:11.65   GameInfo::ResetInfo - SyncLevel set to 0 on reset
20:57:11.65   GameInfo::ResetInfo - SyncLevel set to 0 on reset
20:57:11.65   GameInfo::ResetInfo - SyncLevel set to 0 on reset
20:57:11.65   GameInfo::ResetInfo - SyncLevel set to 0 on reset
20:57:11.65   GameInfo::ResetInfo - SyncLevel set to 0 on reset
20:57:11.65   GameInfo::ResetInfo - SyncLevel set to 0 on reset
20:57:11.65   GameInfo::ResetInfo - SyncLevel set to 0 on reset
20:57:11.65   GameInfo::ResetInfo - SyncLevel set to 0 on reset
20:57:11.65   GameInfo::ResetInfo - SyncLevel set to 0 on reset
20:57:11.65   GameInfo::ResetInfo - SyncLevel set to 0 on reset
20:57:11.66   GameInfo::ResetInfo - SyncLevel set to 0 on reset
20:57:11.66   GameInfo::ResetInfo - SyncLevel set to 0 on reset
20:57:11.66   GameInfo::ResetInfo - SyncLevel set to 0 on reset
20:57:11.66   GameInfo::ResetInfo - SyncLevel set to 0 on reset
20:57:11.66   GameInfo::ResetInfo - SyncLevel set to 0 on reset
20:57:11.66   GameInfo::ResetInfo - SyncLevel set to 0 on reset
20:57:11.66   GameInfo::ResetInfo - SyncLevel set to 0 on reset
20:57:11.66   GameInfo::ResetInfo - SyncLevel set to 0 on reset
20:57:11.66   GameInfo::ResetInfo - SyncLevel set to 0 on reset
20:57:11.66   GameInfo::ResetInfo - SyncLevel set to 0 on reset
20:57:11.66   GameInfo::ResetInfo - SyncLevel set to 0 on reset
20:57:11.66   GameInfo::ResetInfo - SyncLevel set to 0 on reset
20:57:11.66   GameInfo::ResetInfo - SyncLevel set to 0 on reset
20:57:11.66   GameInfo::ResetInfo - SyncLevel set to 0 on reset
20:57:11.66   GameInfo::ResetInfo - SyncLevel set to 0 on reset
20:57:11.66   GameInfo::ResetInfo - SyncLevel set to 0 on reset
20:57:11.66   GameInfo::ResetInfo - SyncLevel set to 0 on reset
20:57:11.66   GameInfo::ResetInfo - SyncLevel set to 0 on reset
20:57:11.66   GameInfo::ResetInfo - SyncLevel set to 0 on reset
20:57:11.66   GameInfo::ResetInfo - SyncLevel set to 0 on reset
20:57:11.66   GameInfo::ResetInfo - SyncLevel set to 0 on reset
20:57:11.66   GameInfo::ResetInfo - SyncLevel set to 0 on reset
20:57:11.66   GameInfo::ResetInfo - SyncLevel set to 0 on reset
20:57:11.67   GameInfo::ResetInfo - SyncLevel set to 0 on reset
20:57:11.67   GameInfo::ResetInfo - SyncLevel set to 0 on reset
20:57:11.67   GameInfo::ResetInfo - SyncLevel set to 0 on reset
20:57:11.67   GameInfo::ResetInfo - SyncLevel set to 0 on reset
20:57:11.67   GameInfo::ResetInfo - SyncLevel set to 0 on reset
20:57:11.67   GameInfo::ResetInfo - SyncLevel set to 0 on reset
20:57:11.67   GameInfo::ResetInfo - SyncLevel set to 0 on reset
20:57:11.67   GameInfo::ResetInfo - SyncLevel set to 0 on reset
20:57:11.67   GameInfo::ResetInfo - SyncLevel set to 0 on reset
20:57:11.67   GameInfo::ResetInfo - SyncLevel set to 0 on reset
20:57:11.67   GameInfo::ResetInfo - SyncLevel set to 0 on reset
20:57:11.67   GameInfo::ResetInfo - SyncLevel set to 0 on reset
20:57:11.67   GameInfo::ResetInfo - SyncLevel set to 0 on reset
20:57:11.67   GameInfo::ResetInfo - SyncLevel set to 0 on reset
20:57:11.67   GameInfo::ResetInfo - SyncLevel set to 0 on reset
20:57:11.67   GameInfo::ResetInfo - SyncLevel set to 0 on reset
20:57:11.67   GameInfo::ResetInfo - SyncLevel set to 0 on reset
20:57:11.67   GameInfo::ResetInfo - SyncLevel set to 0 on reset
20:57:11.67   GameInfo::ResetInfo - SyncLevel set to 0 on reset
20:57:11.67   GameInfo::ResetInfo - SyncLevel set to 0 on reset
20:57:11.67   GameInfo::ResetInfo - SyncLevel set to 0 on reset
20:57:11.67   GameInfo::ResetInfo - SyncLevel set to 0 on reset
20:57:11.67   GameInfo::ResetInfo - SyncLevel set to 0 on reset
20:57:11.67   GameInfo::ResetInfo - SyncLevel set to 0 on reset
20:57:11.67   GameInfo::ResetInfo - SyncLevel set to 0 on reset
20:57:11.67   GameInfo::ResetInfo - SyncLevel set to 0 on reset
20:57:11.67   GameInfo::ResetInfo - SyncLevel set to 0 on reset
20:57:11.67   GameInfo::ResetInfo - SyncLevel set to 0 on reset
20:57:11.67   GameInfo::ResetInfo - SyncLevel set to 0 on reset
20:57:11.67   GameInfo::ResetInfo - SyncLevel set to 0 on reset
20:57:11.67   GameInfo::ResetInfo - SyncLevel set to 0 on reset
20:57:11.68   GameInfo::ResetInfo - SyncLevel set to 0 on reset
20:57:11.68   GameInfo::ResetInfo - SyncLevel set to 0 on reset
20:57:11.68   GameInfo::ResetInfo - SyncLevel set to 0 on reset
20:57:11.68   GameInfo::ResetInfo - SyncLevel set to 0 on reset
20:57:11.68   GameInfo::ResetInfo - SyncLevel set to 0 on reset
20:57:11.68   GameInfo::ResetInfo - SyncLevel set to 0 on reset
20:57:11.68   GameInfo::ResetInfo - SyncLevel set to 0 on reset
20:57:11.68   GameInfo::ResetInfo - SyncLevel set to 0 on reset
20:57:11.68   GameInfo::ResetInfo - SyncLevel set to 0 on reset
20:57:11.68   GameInfo::ResetInfo - SyncLevel set to 0 on reset
20:57:11.68   GameInfo::ResetInfo - SyncLevel set to 0 on reset
20:57:11.68   GameInfo::ResetInfo - SyncLevel set to 0 on reset
20:57:11.68   GameInfo::ResetInfo - SyncLevel set to 0 on reset
20:57:11.68   GameInfo::ResetInfo - SyncLevel set to 0 on reset
20:57:11.68   GameInfo::ResetInfo - SyncLevel set to 0 on reset
20:57:11.68   GameInfo::ResetInfo - SyncLevel set to 0 on reset
20:57:11.68   GameInfo::ResetInfo - SyncLevel set to 0 on reset
20:57:11.68   GameInfo::ResetInfo - SyncLevel set to 0 on reset
20:57:11.68   GameInfo::ResetInfo - SyncLevel set to 0 on reset
20:57:11.68   GameInfo::ResetInfo - SyncLevel set to 0 on reset
20:57:11.69   GameInfo::ResetInfo - SyncLevel set to 0 on reset
20:57:11.69   GameInfo::ResetInfo - SyncLevel set to 0 on reset
20:57:11.69   GameInfo::ResetInfo - SyncLevel set to 0 on reset
20:57:11.69   GameInfo::ResetInfo - SyncLevel set to 0 on reset
20:57:11.69   GameInfo::ResetInfo - SyncLevel set to 0 on reset
20:57:11.69   GameInfo::ResetInfo - SyncLevel set to 0 on reset
20:57:11.69   GameInfo::ResetInfo - SyncLevel set to 0 on reset
20:57:11.69   GameInfo::ResetInfo - SyncLevel set to 0 on reset
20:57:11.69   GameInfo::ResetInfo - SyncLevel set to 0 on reset
20:57:11.69   GameInfo::ResetInfo - SyncLevel set to 0 on reset
20:57:11.69   GameInfo::ResetInfo - SyncLevel set to 0 on reset
20:57:11.69   GameInfo::ResetInfo - SyncLevel set to 0 on reset
20:57:11.69   GameInfo::ResetInfo - SyncLevel set to 0 on reset
20:57:11.69   GameInfo::ResetInfo - SyncLevel set to 0 on reset
20:57:11.69   GameInfo::ResetInfo - SyncLevel set to 0 on reset
20:57:11.69   GameInfo::ResetInfo - SyncLevel set to 0 on reset
20:57:11.69   GameInfo::ResetInfo - SyncLevel set to 0 on reset
20:57:11.69   GameInfo::ResetInfo - SyncLevel set to 0 on reset
20:57:11.69   GameInfo::ResetInfo - SyncLevel set to 0 on reset
20:57:11.69   GameInfo::ResetInfo - SyncLevel set to 0 on reset
20:57:11.69   GameInfo::ResetInfo - SyncLevel set to 0 on reset
20:57:11.69   GameInfo::ResetInfo - SyncLevel set to 0 on reset
20:57:11.70   GameInfo::ResetInfo - SyncLevel set to 0 on reset
20:57:11.70   GameInfo::ResetInfo - SyncLevel set to 0 on reset
20:57:11.70   GameInfo::ResetInfo - SyncLevel set to 0 on reset
20:57:11.70   GameInfo::ResetInfo - SyncLevel set to 0 on reset
20:57:11.70   GameInfo::ResetInfo - SyncLevel set to 0 on reset
20:57:11.70   GameInfo::ResetInfo - SyncLevel set to 0 on reset
20:57:11.70   GameInfo::ResetInfo - SyncLevel set to 0 on reset
20:57:11.70   GameInfo::ResetInfo - SyncLevel set to 0 on reset
20:57:11.70   GameInfo::ResetInfo - SyncLevel set to 0 on reset
20:57:11.70   GameInfo::ResetInfo - SyncLevel set to 0 on reset
20:57:11.70   GameInfo::ResetInfo - SyncLevel set to 0 on reset
20:57:11.70   GameInfo::ResetInfo - SyncLevel set to 0 on reset
20:57:11.70   GameInfo::ResetInfo - SyncLevel set to 0 on reset
20:57:11.70   GameInfo::ResetInfo - SyncLevel set to 0 on reset
20:57:11.70   GameInfo::ResetInfo - SyncLevel set to 0 on reset
20:57:11.70   GameInfo::ResetInfo - SyncLevel set to 0 on reset
20:57:11.70   GameInfo::ResetInfo - SyncLevel set to 0 on reset
20:57:11.70   GameInfo::ResetInfo - SyncLevel set to 0 on reset
20:57:11.70   GameInfo::ResetInfo - SyncLevel set to 0 on reset
20:57:11.70   GameInfo::ResetInfo - SyncLevel set to 0 on reset
20:57:11.70   GameInfo::ResetInfo - SyncLevel set to 0 on reset
20:57:11.70   GameInfo::ResetInfo - SyncLevel set to 0 on reset
20:57:11.70   GameInfo::ResetInfo - SyncLevel set to 0 on reset
20:57:11.70   GameInfo::ResetInfo - SyncLevel set to 0 on reset
20:57:11.70   GameInfo::ResetInfo - SyncLevel set to 0 on reset
20:57:11.70   GameInfo::ResetInfo - SyncLevel set to 0 on reset
20:57:11.70   GameInfo::ResetInfo - SyncLevel set to 0 on reset
20:57:11.71   GameInfo::ResetInfo - SyncLevel set to 0 on reset
20:57:11.71   GameInfo::ResetInfo - SyncLevel set to 0 on reset
20:57:11.71   GameInfo::ResetInfo - SyncLevel set to 0 on reset
20:57:11.71   GameInfo::ResetInfo - SyncLevel set to 0 on reset
20:57:11.71   GameInfo::ResetInfo - SyncLevel set to 0 on reset
20:57:11.71   GameInfo::ResetInfo - SyncLevel set to 0 on reset
20:57:11.71   GameInfo::ResetInfo - SyncLevel set to 0 on reset
20:57:11.71   GameInfo::ResetInfo - SyncLevel set to 0 on reset
20:57:11.71   GameInfo::ResetInfo - SyncLevel set to 0 on reset
20:57:11.71   GameInfo::ResetInfo - SyncLevel set to 0 on reset
20:57:11.71   GameInfo::ResetInfo - SyncLevel set to 0 on reset
20:57:11.71   GameInfo::ResetInfo - SyncLevel set to 0 on reset
20:57:11.71   GameInfo::ResetInfo - SyncLevel set to 0 on reset
20:57:11.71   GameInfo::ResetInfo - SyncLevel set to 0 on reset
20:57:11.71   GameInfo::ResetInfo - SyncLevel set to 0 on reset
20:57:11.71   GameInfo::ResetInfo - SyncLevel set to 0 on reset
20:57:11.71   GameInfo::ResetInfo - SyncLevel set to 0 on reset
20:57:11.71   GameInfo::ResetInfo - SyncLevel set to 0 on reset
20:57:11.71   GameInfo::ResetInfo - SyncLevel set to 0 on reset
20:57:11.71   GameInfo::ResetInfo - SyncLevel set to 0 on reset
20:57:11.71   GameInfo::ResetInfo - SyncLevel set to 0 on reset
20:57:11.71   GameInfo::ResetInfo - SyncLevel set to 0 on reset
20:57:11.71   GameInfo::ResetInfo - SyncLevel set to 0 on reset
20:57:11.71   GameInfo::ResetInfo - SyncLevel set to 0 on reset
20:57:11.72   GameInfo::ResetInfo - SyncLevel set to 0 on reset
20:57:11.72   GameInfo::ResetInfo - SyncLevel set to 0 on reset
20:57:11.72   GameInfo::ResetInfo - SyncLevel set to 0 on reset
20:57:11.72   GameInfo::ResetInfo - SyncLevel set to 0 on reset
20:57:11.72   GameInfo::ResetInfo - SyncLevel set to 0 on reset
20:57:11.72   GameInfo::ResetInfo - SyncLevel set to 0 on reset
20:57:11.72   GameInfo::ResetInfo - SyncLevel set to 0 on reset
20:57:11.72   GameInfo::ResetInfo - SyncLevel set to 0 on reset
20:57:11.72   GameInfo::ResetInfo - SyncLevel set to 0 on reset
20:57:11.72   GameInfo::ResetInfo - SyncLevel set to 0 on reset
20:57:11.72   GameInfo::ResetInfo - SyncLevel set to 0 on reset
20:57:11.72   GameInfo::ResetInfo - SyncLevel set to 0 on reset
20:57:11.72   GameInfo::ResetInfo - SyncLevel set to 0 on reset
20:57:11.72   GameInfo::ResetInfo - SyncLevel set to 0 on reset
20:57:11.72   GameInfo::ResetInfo - SyncLevel set to 0 on reset
20:57:11.72   GameInfo::ResetInfo - SyncLevel set to 0 on reset
20:57:11.72   GameInfo::ResetInfo - SyncLevel set to 0 on reset
20:57:11.72   GameInfo::ResetInfo - SyncLevel set to 0 on reset
20:57:11.72   GameInfo::ResetInfo - SyncLevel set to 0 on reset
20:57:11.72   GameInfo::ResetInfo - SyncLevel set to 0 on reset
20:57:11.72   GameInfo::ResetInfo - SyncLevel set to 0 on reset
20:57:11.72   GameInfo::ResetInfo - SyncLevel set to 0 on reset
20:57:11.72   GameInfo::ResetInfo - SyncLevel set to 0 on reset
20:57:11.72   GameInfo::ResetInfo - SyncLevel set to 0 on reset
20:57:11.72   GameInfo::ResetInfo - SyncLevel set to 0 on reset
20:57:11.72   GameInfo::ResetInfo - SyncLevel set to 0 on reset
20:57:11.72   GameInfo::ResetInfo - SyncLevel set to 0 on reset
20:57:11.72   GameInfo::ResetInfo - SyncLevel set to 0 on reset
20:57:11.72   GameInfo::ResetInfo - SyncLevel set to 0 on reset
20:57:11.72   GameInfo::ResetInfo - SyncLevel set to 0 on reset
20:57:11.73   GameInfo::ResetInfo - SyncLevel set to 0 on reset
20:57:11.73   GameInfo::ResetInfo - SyncLevel set to 0 on reset
20:57:11.73   GameInfo::ResetInfo - SyncLevel set to 0 on reset
20:57:11.73   GameInfo::ResetInfo - SyncLevel set to 0 on reset
20:57:11.73   GameInfo::ResetInfo - SyncLevel set to 0 on reset
20:57:11.73   GameInfo::ResetInfo - SyncLevel set to 0 on reset
20:57:11.73   GameInfo::ResetInfo - SyncLevel set to 0 on reset
20:57:11.73   GameInfo::ResetInfo - SyncLevel set to 0 on reset
20:57:11.73   GameInfo::ResetInfo - SyncLevel set to 0 on reset
20:57:11.73   GameInfo::ResetInfo - SyncLevel set to 0 on reset
20:57:11.73   GameInfo::ResetInfo - SyncLevel set to 0 on reset
20:57:11.73   GameInfo::ResetInfo - SyncLevel set to 0 on reset
20:57:11.73   GameInfo::ResetInfo - SyncLevel set to 0 on reset
20:57:11.73   GameInfo::ResetInfo - SyncLevel set to 0 on reset
20:57:11.73   GameInfo::ResetInfo - SyncLevel set to 0 on reset
20:57:11.73   GameInfo::ResetInfo - SyncLevel set to 0 on reset
20:57:11.73   GameInfo::ResetInfo - SyncLevel set to 0 on reset
20:57:11.73   GameInfo::ResetInfo - SyncLevel set to 0 on reset
20:57:11.73   GameInfo::ResetInfo - SyncLevel set to 0 on reset
20:57:11.73   GameInfo::ResetInfo - SyncLevel set to 0 on reset
20:57:11.73   GameInfo::ResetInfo - SyncLevel set to 0 on reset
20:57:11.73   GameInfo::ResetInfo - SyncLevel set to 0 on reset
20:57:11.73   GameInfo::ResetInfo - SyncLevel set to 0 on reset
20:57:11.73   GameInfo::ResetInfo - SyncLevel set to 0 on reset
20:57:11.73   GameInfo::ResetInfo - SyncLevel set to 0 on reset
20:57:11.73   GameInfo::ResetInfo - SyncLevel set to 0 on reset
20:57:11.73   GameInfo::ResetInfo - SyncLevel set to 0 on reset
20:57:11.73   GameInfo::ResetInfo - SyncLevel set to 0 on reset
20:57:11.73   GameInfo::ResetInfo - SyncLevel set to 0 on reset
20:57:11.73   GameInfo::ResetInfo - SyncLevel set to 0 on reset
20:57:11.73   GameInfo::ResetInfo - SyncLevel set to 0 on reset
20:57:11.73   GameInfo::ResetInfo - SyncLevel set to 0 on reset
20:57:11.73   GameInfo::ResetInfo - SyncLevel set to 0 on reset
20:57:11.74   GAME -- Error reading header for recorded game PLAYBACK:8P SEMOIS REMASTERED 07.2021-03-27.02-50-45.rec
20:57:11.74   GameInfo::ResetInfo - SyncLevel set to 0 on reset
20:57:11.74   GameInfo::ResetInfo - SyncLevel set to 0 on reset
20:57:11.74   GameInfo::ResetInfo - SyncLevel set to 0 on reset
20:57:11.74   GAME -- Error reading header for recorded game PLAYBACK:8P SEMOIS REMASTERED 07.2021-03-27.03-39-59.rec
20:57:11.74   GameInfo::ResetInfo - SyncLevel set to 0 on reset
20:57:11.74   GameInfo::ResetInfo - SyncLevel set to 0 on reset
20:57:11.74   GameInfo::ResetInfo - SyncLevel set to 0 on reset
20:57:11.74   GAME -- Error reading header for recorded game PLAYBACK:8P SEMOIS REMASTERED 07.2021-03-31.03-23-44.rec
20:57:11.74   GameInfo::ResetInfo - SyncLevel set to 0 on reset
20:57:11.74   GameInfo::ResetInfo - SyncLevel set to 0 on reset
20:57:11.74   GameInfo::ResetInfo - SyncLevel set to 0 on reset
20:57:11.74   GAME -- Error reading header for recorded game PLAYBACK:8P SEMOIS REMASTERED 07.2021-04-28.02-52-08.rec
20:57:11.74   GameInfo::ResetInfo - SyncLevel set to 0 on reset
20:57:11.74   GameInfo::ResetInfo - SyncLevel set to 0 on reset
20:57:11.74   GameInfo::ResetInfo - SyncLevel set to 0 on reset
20:57:11.74   GAME -- Error reading header for recorded game PLAYBACK:8P_CLOSE_RIVER_COMBAT.2018-01-08.20-06-29.rec
20:57:11.74   GameInfo::ResetInfo - SyncLevel set to 0 on reset
20:57:11.74   GameInfo::ResetInfo - SyncLevel set to 0 on reset
20:57:11.74   GameInfo::ResetInfo - SyncLevel set to 0 on reset
20:57:11.74   GameInfo::ResetInfo - SyncLevel set to 0 on reset
20:57:11.74   GameInfo::ResetInfo - SyncLevel set to 0 on reset
20:57:11.74   GameInfo::ResetInfo - SyncLevel set to 0 on reset
20:57:11.75   GameInfo::ResetInfo - SyncLevel set to 0 on reset
20:57:11.75   GameInfo::ResetInfo - SyncLevel set to 0 on reset
20:57:11.75   GameInfo::ResetInfo - SyncLevel set to 0 on reset
20:57:11.75   GameInfo::ResetInfo - SyncLevel set to 0 on reset
20:57:11.75   GameInfo::ResetInfo - SyncLevel set to 0 on reset
20:57:11.75   GameInfo::ResetInfo - SyncLevel set to 0 on reset
20:57:11.75   GameInfo::ResetInfo - SyncLevel set to 0 on reset
20:57:11.75   GameInfo::ResetInfo - SyncLevel set to 0 on reset
20:57:11.75   GameInfo::ResetInfo - SyncLevel set to 0 on reset
20:57:11.75   GameInfo::ResetInfo - SyncLevel set to 0 on reset
20:57:11.75   GameInfo::ResetInfo - SyncLevel set to 0 on reset
20:57:11.75   GameInfo::ResetInfo - SyncLevel set to 0 on reset
20:57:11.75   GameInfo::ResetInfo - SyncLevel set to 0 on reset
20:57:11.75   GameInfo::ResetInfo - SyncLevel set to 0 on reset
20:57:11.75   GameInfo::ResetInfo - SyncLevel set to 0 on reset
20:57:11.75   GameInfo::ResetInfo - SyncLevel set to 0 on reset
20:57:11.75   GameInfo::ResetInfo - SyncLevel set to 0 on reset
20:57:11.75   GameInfo::ResetInfo - SyncLevel set to 0 on reset
20:57:11.76   GameInfo::ResetInfo - SyncLevel set to 0 on reset
20:57:11.76   GameInfo::ResetInfo - SyncLevel set to 0 on reset
20:57:11.76   GameInfo::ResetInfo - SyncLevel set to 0 on reset
20:57:11.76   GameInfo::ResetInfo - SyncLevel set to 0 on reset
20:57:11.76   GameInfo::ResetInfo - SyncLevel set to 0 on reset
20:57:11.76   GameInfo::ResetInfo - SyncLevel set to 0 on reset
20:57:11.76   GameInfo::ResetInfo - SyncLevel set to 0 on reset
20:57:11.76   GameInfo::ResetInfo - SyncLevel set to 0 on reset
20:57:11.76   GameInfo::ResetInfo - SyncLevel set to 0 on reset
20:57:11.76   GameInfo::ResetInfo - SyncLevel set to 0 on reset
20:57:11.76   GameInfo::ResetInfo - SyncLevel set to 0 on reset
20:57:11.76   GameInfo::ResetInfo - SyncLevel set to 0 on reset
20:57:11.76   GameInfo::ResetInfo - SyncLevel set to 0 on reset
20:57:11.76   GameInfo::ResetInfo - SyncLevel set to 0 on reset
20:57:11.76   GameInfo::ResetInfo - SyncLevel set to 0 on reset
20:57:11.76   GameInfo::ResetInfo - SyncLevel set to 0 on reset
20:57:11.76   GameInfo::ResetInfo - SyncLevel set to 0 on reset
20:57:11.76   GameInfo::ResetInfo - SyncLevel set to 0 on reset
20:57:11.76   GameInfo::ResetInfo - SyncLevel set to 0 on reset
20:57:11.76   GameInfo::ResetInfo - SyncLevel set to 0 on reset
20:57:11.76   GameInfo::ResetInfo - SyncLevel set to 0 on reset
20:57:11.76   GameInfo::ResetInfo - SyncLevel set to 0 on reset
20:57:11.76   GameInfo::ResetInfo - SyncLevel set to 0 on reset
20:57:11.77   GameInfo::ResetInfo - SyncLevel set to 0 on reset
20:57:11.77   GameInfo::ResetInfo - SyncLevel set to 0 on reset
20:57:11.77   GameInfo::ResetInfo - SyncLevel set to 0 on reset
20:57:11.77   GameInfo::ResetInfo - SyncLevel set to 0 on reset
20:57:11.77   GameInfo::ResetInfo - SyncLevel set to 0 on reset
20:57:11.77   GameInfo::ResetInfo - SyncLevel set to 0 on reset
20:57:11.77   GameInfo::ResetInfo - SyncLevel set to 0 on reset
20:57:11.77   GameInfo::ResetInfo - SyncLevel set to 0 on reset
20:57:11.77   GameInfo::ResetInfo - SyncLevel set to 0 on reset
20:57:11.77   GameInfo::ResetInfo - SyncLevel set to 0 on reset
20:57:11.77   GameInfo::ResetInfo - SyncLevel set to 0 on reset
20:57:11.77   GameInfo::ResetInfo - SyncLevel set to 0 on reset
20:57:11.77   GameInfo::ResetInfo - SyncLevel set to 0 on reset
20:57:11.77   GameInfo::ResetInfo - SyncLevel set to 0 on reset
20:57:11.77   GameInfo::ResetInfo - SyncLevel set to 0 on reset
20:57:11.77   GameInfo::ResetInfo - SyncLevel set to 0 on reset
20:57:11.77   GameInfo::ResetInfo - SyncLevel set to 0 on reset
20:57:11.77   GameInfo::ResetInfo - SyncLevel set to 0 on reset
20:57:11.77   GameInfo::ResetInfo - SyncLevel set to 0 on reset
20:57:11.78   GameInfo::ResetInfo - SyncLevel set to 0 on reset
20:57:11.78   GameInfo::ResetInfo - SyncLevel set to 0 on reset
20:57:11.78   GameInfo::ResetInfo - SyncLevel set to 0 on reset
20:57:11.78   GameInfo::ResetInfo - SyncLevel set to 0 on reset
20:57:11.78   GameInfo::ResetInfo - SyncLevel set to 0 on reset
20:57:11.78   GameInfo::ResetInfo - SyncLevel set to 0 on reset
20:57:11.78   GameInfo::ResetInfo - SyncLevel set to 0 on reset
20:57:11.78   GameInfo::ResetInfo - SyncLevel set to 0 on reset
20:57:11.78   GameInfo::ResetInfo - SyncLevel set to 0 on reset
20:57:11.78   GameInfo::ResetInfo - SyncLevel set to 0 on reset
20:57:11.78   GameInfo::ResetInfo - SyncLevel set to 0 on reset
20:57:11.78   GameInfo::ResetInfo - SyncLevel set to 0 on reset
20:57:11.78   GameInfo::ResetInfo - SyncLevel set to 0 on reset
20:57:11.78   GameInfo::ResetInfo - SyncLevel set to 0 on reset
20:57:11.78   GameInfo::ResetInfo - SyncLevel set to 0 on reset
20:57:11.78   GameInfo::ResetInfo - SyncLevel set to 0 on reset
20:57:11.78   GameInfo::ResetInfo - SyncLevel set to 0 on reset
20:57:11.78   GameInfo::ResetInfo - SyncLevel set to 0 on reset
20:57:11.78   GameInfo::ResetInfo - SyncLevel set to 0 on reset
20:57:11.78   GameInfo::ResetInfo - SyncLevel set to 0 on reset
20:57:11.78   GameInfo::ResetInfo - SyncLevel set to 0 on reset
20:57:11.78   GameInfo::ResetInfo - SyncLevel set to 0 on reset
20:57:11.78   GameInfo::ResetInfo - SyncLevel set to 0 on reset
20:57:11.79   GameInfo::ResetInfo - SyncLevel set to 0 on reset
20:57:11.79   GameInfo::ResetInfo - SyncLevel set to 0 on reset
20:57:11.79   GameInfo::ResetInfo - SyncLevel set to 0 on reset
20:57:11.79   GameInfo::ResetInfo - SyncLevel set to 0 on reset
20:57:11.79   GameInfo::ResetInfo - SyncLevel set to 0 on reset
20:57:11.79   GameInfo::ResetInfo - SyncLevel set to 0 on reset
20:57:11.79   GameInfo::ResetInfo - SyncLevel set to 0 on reset
20:57:11.79   GameInfo::ResetInfo - SyncLevel set to 0 on reset
20:57:11.79   GameInfo::ResetInfo - SyncLevel set to 0 on reset
20:57:11.79   GameInfo::ResetInfo - SyncLevel set to 0 on reset
20:57:11.79   GameInfo::ResetInfo - SyncLevel set to 0 on reset
20:57:11.79   GameInfo::ResetInfo - SyncLevel set to 0 on reset
20:57:11.79   GameInfo::ResetInfo - SyncLevel set to 0 on reset
20:57:11.79   GameInfo::ResetInfo - SyncLevel set to 0 on reset
20:57:11.79   GameInfo::ResetInfo - SyncLevel set to 0 on reset
20:57:11.79   GameInfo::ResetInfo - SyncLevel set to 0 on reset
20:57:11.79   GameInfo::ResetInfo - SyncLevel set to 0 on reset
20:57:11.79   GameInfo::ResetInfo - SyncLevel set to 0 on reset
20:57:11.79   GameInfo::ResetInfo - SyncLevel set to 0 on reset
20:57:11.79   GameInfo::ResetInfo - SyncLevel set to 0 on reset
20:57:11.79   GameInfo::ResetInfo - SyncLevel set to 0 on reset
20:57:11.79   GameInfo::ResetInfo - SyncLevel set to 0 on reset
20:57:11.79   GameInfo::ResetInfo - SyncLevel set to 0 on reset
20:57:11.79   GameInfo::ResetInfo - SyncLevel set to 0 on reset
20:57:11.79   GameInfo::ResetInfo - SyncLevel set to 0 on reset
20:57:11.79   GameInfo::ResetInfo - SyncLevel set to 0 on reset
20:57:11.79   GameInfo::ResetInfo - SyncLevel set to 0 on reset
20:57:11.79   GameInfo::ResetInfo - SyncLevel set to 0 on reset
20:57:11.80   GameInfo::ResetInfo - SyncLevel set to 0 on reset
20:57:11.80   GameInfo::ResetInfo - SyncLevel set to 0 on reset
20:57:11.80   GameInfo::ResetInfo - SyncLevel set to 0 on reset
20:57:11.80   GameInfo::ResetInfo - SyncLevel set to 0 on reset
20:57:11.80   GameInfo::ResetInfo - SyncLevel set to 0 on reset
20:57:11.80   GameInfo::ResetInfo - SyncLevel set to 0 on reset
20:57:11.80   GameInfo::ResetInfo - SyncLevel set to 0 on reset
20:57:11.80   GameInfo::ResetInfo - SyncLevel set to 0 on reset
20:57:11.80   GameInfo::ResetInfo - SyncLevel set to 0 on reset
20:57:11.80   GameInfo::ResetInfo - SyncLevel set to 0 on reset
20:57:11.80   GameInfo::ResetInfo - SyncLevel set to 0 on reset
20:57:11.80   GameInfo::ResetInfo - SyncLevel set to 0 on reset
20:57:11.80   GameInfo::ResetInfo - SyncLevel set to 0 on reset
20:57:11.80   GameInfo::ResetInfo - SyncLevel set to 0 on reset
20:57:11.80   GameInfo::ResetInfo - SyncLevel set to 0 on reset
20:57:11.80   GameInfo::ResetInfo - SyncLevel set to 0 on reset
20:57:11.80   GameInfo::ResetInfo - SyncLevel set to 0 on reset
20:57:11.80   GameInfo::ResetInfo - SyncLevel set to 0 on reset
20:57:11.80   GameInfo::ResetInfo - SyncLevel set to 0 on reset
20:57:11.80   GameInfo::ResetInfo - SyncLevel set to 0 on reset
20:57:11.80   GameInfo::ResetInfo - SyncLevel set to 0 on reset
20:57:11.80   GameInfo::ResetInfo - SyncLevel set to 0 on reset
20:57:11.80   GameInfo::ResetInfo - SyncLevel set to 0 on reset
20:57:11.80   GameInfo::ResetInfo - SyncLevel set to 0 on reset
20:57:11.81   GameInfo::ResetInfo - SyncLevel set to 0 on reset
20:57:11.81   GameInfo::ResetInfo - SyncLevel set to 0 on reset
20:57:11.81   GameInfo::ResetInfo - SyncLevel set to 0 on reset
20:57:11.81   GameInfo::ResetInfo - SyncLevel set to 0 on reset
20:57:11.81   GameInfo::ResetInfo - SyncLevel set to 0 on reset
20:57:11.81   GameInfo::ResetInfo - SyncLevel set to 0 on reset
20:57:11.81   GameInfo::ResetInfo - SyncLevel set to 0 on reset
20:57:11.81   GameInfo::ResetInfo - SyncLevel set to 0 on reset
20:57:11.81   GameInfo::ResetInfo - SyncLevel set to 0 on reset
20:57:11.81   GameInfo::ResetInfo - SyncLevel set to 0 on reset
20:57:11.81   GameInfo::ResetInfo - SyncLevel set to 0 on reset
20:57:11.81   GameInfo::ResetInfo - SyncLevel set to 0 on reset
20:57:11.81   GameInfo::ResetInfo - SyncLevel set to 0 on reset
20:57:11.81   GameInfo::ResetInfo - SyncLevel set to 0 on reset
20:57:11.81   GameInfo::ResetInfo - SyncLevel set to 0 on reset
20:57:11.81   GameInfo::ResetInfo - SyncLevel set to 0 on reset
20:57:11.81   GameInfo::ResetInfo - SyncLevel set to 0 on reset
20:57:11.81   GameInfo::ResetInfo - SyncLevel set to 0 on reset
20:57:11.81   GameInfo::ResetInfo - SyncLevel set to 0 on reset
20:57:11.81   GameInfo::ResetInfo - SyncLevel set to 0 on reset
20:57:11.81   GameInfo::ResetInfo - SyncLevel set to 0 on reset
20:57:11.82   GameInfo::ResetInfo - SyncLevel set to 0 on reset
20:57:11.82   GameInfo::ResetInfo - SyncLevel set to 0 on reset
20:57:11.82   GameInfo::ResetInfo - SyncLevel set to 0 on reset
20:57:11.82   GameInfo::ResetInfo - SyncLevel set to 0 on reset
20:57:11.82   GameInfo::ResetInfo - SyncLevel set to 0 on reset
20:57:11.82   GameInfo::ResetInfo - SyncLevel set to 0 on reset
20:57:11.82   GameInfo::ResetInfo - SyncLevel set to 0 on reset
20:57:11.82   GameInfo::ResetInfo - SyncLevel set to 0 on reset
20:57:11.82   GameInfo::ResetInfo - SyncLevel set to 0 on reset
20:57:11.82   GameInfo::ResetInfo - SyncLevel set to 0 on reset
20:57:11.82   GameInfo::ResetInfo - SyncLevel set to 0 on reset
20:57:11.82   GameInfo::ResetInfo - SyncLevel set to 0 on reset
20:57:11.82   GameInfo::ResetInfo - SyncLevel set to 0 on reset
20:57:11.82   GameInfo::ResetInfo - SyncLevel set to 0 on reset
20:57:11.82   GameInfo::ResetInfo - SyncLevel set to 0 on reset
20:57:11.82   GameInfo::ResetInfo - SyncLevel set to 0 on reset
20:57:11.82   GameInfo::ResetInfo - SyncLevel set to 0 on reset
20:57:11.82   GameInfo::ResetInfo - SyncLevel set to 0 on reset
20:57:11.82   GameInfo::ResetInfo - SyncLevel set to 0 on reset
20:57:11.82   GameInfo::ResetInfo - SyncLevel set to 0 on reset
20:57:11.82   GameInfo::ResetInfo - SyncLevel set to 0 on reset
20:57:11.83   GameInfo::ResetInfo - SyncLevel set to 0 on reset
20:57:11.83   GameInfo::ResetInfo - SyncLevel set to 0 on reset
20:57:11.83   GameInfo::ResetInfo - SyncLevel set to 0 on reset
20:57:11.83   GameInfo::ResetInfo - SyncLevel set to 0 on reset
20:57:11.83   GameInfo::ResetInfo - SyncLevel set to 0 on reset
20:57:11.83   GameInfo::ResetInfo - SyncLevel set to 0 on reset
20:57:11.83   GameInfo::ResetInfo - SyncLevel set to 0 on reset
20:57:11.83   GameInfo::ResetInfo - SyncLevel set to 0 on reset
20:57:11.83   GameInfo::ResetInfo - SyncLevel set to 0 on reset
20:57:11.83   GameInfo::ResetInfo - SyncLevel set to 0 on reset
20:57:11.83   GameInfo::ResetInfo - SyncLevel set to 0 on reset
20:57:11.83   GameInfo::ResetInfo - SyncLevel set to 0 on reset
20:57:11.83   GameInfo::ResetInfo - SyncLevel set to 0 on reset
20:57:11.83   GameInfo::ResetInfo - SyncLevel set to 0 on reset
20:57:11.83   GameInfo::ResetInfo - SyncLevel set to 0 on reset
20:57:11.83   GameInfo::ResetInfo - SyncLevel set to 0 on reset
20:57:11.83   GameInfo::ResetInfo - SyncLevel set to 0 on reset
20:57:11.83   GameInfo::ResetInfo - SyncLevel set to 0 on reset
20:57:11.83   GameInfo::ResetInfo - SyncLevel set to 0 on reset
20:57:11.83   GameInfo::ResetInfo - SyncLevel set to 0 on reset
20:57:11.83   GameInfo::ResetInfo - SyncLevel set to 0 on reset
20:57:11.83   GameInfo::ResetInfo - SyncLevel set to 0 on reset
20:57:11.83   GameInfo::ResetInfo - SyncLevel set to 0 on reset
20:57:11.84   GameInfo::ResetInfo - SyncLevel set to 0 on reset
20:57:11.84   GameInfo::ResetInfo - SyncLevel set to 0 on reset
20:57:11.84   GameInfo::ResetInfo - SyncLevel set to 0 on reset
20:57:11.84   GameInfo::ResetInfo - SyncLevel set to 0 on reset
20:57:11.84   GameInfo::ResetInfo - SyncLevel set to 0 on reset
20:57:11.84   GameInfo::ResetInfo - SyncLevel set to 0 on reset
20:57:11.84   GameInfo::ResetInfo - SyncLevel set to 0 on reset
20:57:11.84   GameInfo::ResetInfo - SyncLevel set to 0 on reset
20:57:11.84   GameInfo::ResetInfo - SyncLevel set to 0 on reset
20:57:11.84   GameInfo::ResetInfo - SyncLevel set to 0 on reset
20:57:11.84   GameInfo::ResetInfo - SyncLevel set to 0 on reset
20:57:11.84   GameInfo::ResetInfo - SyncLevel set to 0 on reset
20:57:11.84   GameInfo::ResetInfo - SyncLevel set to 0 on reset
20:57:11.84   GameInfo::ResetInfo - SyncLevel set to 0 on reset
20:57:11.84   GameInfo::ResetInfo - SyncLevel set to 0 on reset
20:57:11.84   GameInfo::ResetInfo - SyncLevel set to 0 on reset
20:57:11.84   GameInfo::ResetInfo - SyncLevel set to 0 on reset
20:57:11.84   GameInfo::ResetInfo - SyncLevel set to 0 on reset
20:57:11.84   GameInfo::ResetInfo - SyncLevel set to 0 on reset
20:57:11.84   GameInfo::ResetInfo - SyncLevel set to 0 on reset
20:57:11.84   GameInfo::ResetInfo - SyncLevel set to 0 on reset
20:57:11.85   GameInfo::ResetInfo - SyncLevel set to 0 on reset
20:57:11.85   GameInfo::ResetInfo - SyncLevel set to 0 on reset
20:57:11.85   GameInfo::ResetInfo - SyncLevel set to 0 on reset
20:57:11.85   GameInfo::ResetInfo - SyncLevel set to 0 on reset
20:57:11.85   GameInfo::ResetInfo - SyncLevel set to 0 on reset
20:57:11.85   GameInfo::ResetInfo - SyncLevel set to 0 on reset
20:57:11.85   GameInfo::ResetInfo - SyncLevel set to 0 on reset
20:57:11.85   GameInfo::ResetInfo - SyncLevel set to 0 on reset
20:57:11.85   GameInfo::ResetInfo - SyncLevel set to 0 on reset
20:57:11.85   GameInfo::ResetInfo - SyncLevel set to 0 on reset
20:57:11.85   GameInfo::ResetInfo - SyncLevel set to 0 on reset
20:57:11.85   GameInfo::ResetInfo - SyncLevel set to 0 on reset
20:57:11.85   GameInfo::ResetInfo - SyncLevel set to 0 on reset
20:57:11.85   GameInfo::ResetInfo - SyncLevel set to 0 on reset
20:57:11.85   GameInfo::ResetInfo - SyncLevel set to 0 on reset
20:57:11.85   GameInfo::ResetInfo - SyncLevel set to 0 on reset
20:57:11.85   GameInfo::ResetInfo - SyncLevel set to 0 on reset
20:57:11.85   GameInfo::ResetInfo - SyncLevel set to 0 on reset
20:57:11.85   GameInfo::ResetInfo - SyncLevel set to 0 on reset
20:57:11.85   GameInfo::ResetInfo - SyncLevel set to 0 on reset
20:57:11.85   GameInfo::ResetInfo - SyncLevel set to 0 on reset
20:57:11.85   GameInfo::ResetInfo - SyncLevel set to 0 on reset
20:57:11.85   GameInfo::ResetInfo - SyncLevel set to 0 on reset
20:57:11.85   GameInfo::ResetInfo - SyncLevel set to 0 on reset
20:57:11.85   GameInfo::ResetInfo - SyncLevel set to 0 on reset
20:57:11.85   GameInfo::ResetInfo - SyncLevel set to 0 on reset
20:57:11.85   GameInfo::ResetInfo - SyncLevel set to 0 on reset
20:57:11.85   GameInfo::ResetInfo - SyncLevel set to 0 on reset
20:57:11.86   GameInfo::ResetInfo - SyncLevel set to 0 on reset
20:57:11.86   GameInfo::ResetInfo - SyncLevel set to 0 on reset
20:57:11.86   GameInfo::ResetInfo - SyncLevel set to 0 on reset
20:57:11.86   GameInfo::ResetInfo - SyncLevel set to 0 on reset
20:57:11.86   GameInfo::ResetInfo - SyncLevel set to 0 on reset
20:57:11.86   GameInfo::ResetInfo - SyncLevel set to 0 on reset
20:57:11.86   GameInfo::ResetInfo - SyncLevel set to 0 on reset
20:57:11.86   GameInfo::ResetInfo - SyncLevel set to 0 on reset
20:57:11.86   GameInfo::ResetInfo - SyncLevel set to 0 on reset
20:57:11.86   GameInfo::ResetInfo - SyncLevel set to 0 on reset
20:57:11.86   GameInfo::ResetInfo - SyncLevel set to 0 on reset
20:57:11.86   GameInfo::ResetInfo - SyncLevel set to 0 on reset
20:57:11.86   GameInfo::ResetInfo - SyncLevel set to 0 on reset
20:57:11.86   GameInfo::ResetInfo - SyncLevel set to 0 on reset
20:57:11.86   GameInfo::ResetInfo - SyncLevel set to 0 on reset
20:57:11.86   GameInfo::ResetInfo - SyncLevel set to 0 on reset
20:57:11.86   GameInfo::ResetInfo - SyncLevel set to 0 on reset
20:57:11.86   GameInfo::ResetInfo - SyncLevel set to 0 on reset
20:57:11.86   GameInfo::ResetInfo - SyncLevel set to 0 on reset
20:57:11.86   GameInfo::ResetInfo - SyncLevel set to 0 on reset
20:57:11.86   GameInfo::ResetInfo - SyncLevel set to 0 on reset
20:57:11.86   GameInfo::ResetInfo - SyncLevel set to 0 on reset
20:57:11.86   GameInfo::ResetInfo - SyncLevel set to 0 on reset
20:57:11.86   GameInfo::ResetInfo - SyncLevel set to 0 on reset
20:57:11.86   GameInfo::ResetInfo - SyncLevel set to 0 on reset
20:57:11.86   GameInfo::ResetInfo - SyncLevel set to 0 on reset
20:57:11.86   GameInfo::ResetInfo - SyncLevel set to 0 on reset
20:57:11.87   GameInfo::ResetInfo - SyncLevel set to 0 on reset
20:57:11.87   GameInfo::ResetInfo - SyncLevel set to 0 on reset
20:57:11.87   GameInfo::ResetInfo - SyncLevel set to 0 on reset
20:57:11.87   GameInfo::ResetInfo - SyncLevel set to 0 on reset
20:57:11.87   GameInfo::ResetInfo - SyncLevel set to 0 on reset
20:57:11.87   GameInfo::ResetInfo - SyncLevel set to 0 on reset
20:57:11.87   GameInfo::ResetInfo - SyncLevel set to 0 on reset
20:57:11.87   GameInfo::ResetInfo - SyncLevel set to 0 on reset
20:57:11.87   GameInfo::ResetInfo - SyncLevel set to 0 on reset
20:57:11.87   GameInfo::ResetInfo - SyncLevel set to 0 on reset
20:57:11.87   GameInfo::ResetInfo - SyncLevel set to 0 on reset
20:57:11.87   GameInfo::ResetInfo - SyncLevel set to 0 on reset
20:57:11.87   GameInfo::ResetInfo - SyncLevel set to 0 on reset
20:57:11.87   GameInfo::ResetInfo - SyncLevel set to 0 on reset
20:57:11.87   GameInfo::ResetInfo - SyncLevel set to 0 on reset
20:57:11.87   GameInfo::ResetInfo - SyncLevel set to 0 on reset
20:57:11.87   GameInfo::ResetInfo - SyncLevel set to 0 on reset
20:57:11.87   GameInfo::ResetInfo - SyncLevel set to 0 on reset
20:57:11.88   GameInfo::ResetInfo - SyncLevel set to 0 on reset
20:57:11.88   GameInfo::ResetInfo - SyncLevel set to 0 on reset
20:57:11.88   GameInfo::ResetInfo - SyncLevel set to 0 on reset
20:57:11.88   GameInfo::ResetInfo - SyncLevel set to 0 on reset
20:57:11.88   GameInfo::ResetInfo - SyncLevel set to 0 on reset
20:57:11.88   GameInfo::ResetInfo - SyncLevel set to 0 on reset
20:57:11.88   GameInfo::ResetInfo - SyncLevel set to 0 on reset
20:57:11.88   GameInfo::ResetInfo - SyncLevel set to 0 on reset
20:57:11.88   GameInfo::ResetInfo - SyncLevel set to 0 on reset
20:57:11.88   GameInfo::ResetInfo - SyncLevel set to 0 on reset
20:57:11.88   GameInfo::ResetInfo - SyncLevel set to 0 on reset
20:57:11.88   GameInfo::ResetInfo - SyncLevel set to 0 on reset
20:57:11.88   GameInfo::ResetInfo - SyncLevel set to 0 on reset
20:57:11.88   GameInfo::ResetInfo - SyncLevel set to 0 on reset
20:57:11.88   GameInfo::ResetInfo - SyncLevel set to 0 on reset
20:57:11.88   GameInfo::ResetInfo - SyncLevel set to 0 on reset
20:57:11.88   GameInfo::ResetInfo - SyncLevel set to 0 on reset
20:57:11.88   GameInfo::ResetInfo - SyncLevel set to 0 on reset
20:57:11.88   GameInfo::ResetInfo - SyncLevel set to 0 on reset
20:57:11.88   GameInfo::ResetInfo - SyncLevel set to 0 on reset
20:57:11.88   GameInfo::ResetInfo - SyncLevel set to 0 on reset
20:57:11.88   GameInfo::ResetInfo - SyncLevel set to 0 on reset
20:57:11.88   GameInfo::ResetInfo - SyncLevel set to 0 on reset
20:57:11.89   GameInfo::ResetInfo - SyncLevel set to 0 on reset
20:57:11.89   GameInfo::ResetInfo - SyncLevel set to 0 on reset
20:57:11.89   GameInfo::ResetInfo - SyncLevel set to 0 on reset
20:57:11.89   GameInfo::ResetInfo - SyncLevel set to 0 on reset
20:57:11.89   GameInfo::ResetInfo - SyncLevel set to 0 on reset
20:57:11.89   GameInfo::ResetInfo - SyncLevel set to 0 on reset
20:57:11.89   GameInfo::ResetInfo - SyncLevel set to 0 on reset
20:57:11.89   GameInfo::ResetInfo - SyncLevel set to 0 on reset
20:57:11.89   GameInfo::ResetInfo - SyncLevel set to 0 on reset
20:57:11.89   GameInfo::ResetInfo - SyncLevel set to 0 on reset
20:57:11.89   GameInfo::ResetInfo - SyncLevel set to 0 on reset
20:57:11.89   GameInfo::ResetInfo - SyncLevel set to 0 on reset
20:57:11.89   GameInfo::ResetInfo - SyncLevel set to 0 on reset
20:57:11.89   GameInfo::ResetInfo - SyncLevel set to 0 on reset
20:57:11.89   GameInfo::ResetInfo - SyncLevel set to 0 on reset
20:57:11.89   GameInfo::ResetInfo - SyncLevel set to 0 on reset
20:57:11.89   GameInfo::ResetInfo - SyncLevel set to 0 on reset
20:57:11.89   GameInfo::ResetInfo - SyncLevel set to 0 on reset
20:57:11.89   GameInfo::ResetInfo - SyncLevel set to 0 on reset
20:57:11.89   GameInfo::ResetInfo - SyncLevel set to 0 on reset
20:57:11.89   GameInfo::ResetInfo - SyncLevel set to 0 on reset
20:57:11.89   GameInfo::ResetInfo - SyncLevel set to 0 on reset
20:57:11.89   GameInfo::ResetInfo - SyncLevel set to 0 on reset
20:57:11.89   GameInfo::ResetInfo - SyncLevel set to 0 on reset
20:57:11.89   GameInfo::ResetInfo - SyncLevel set to 0 on reset
20:57:11.89   GameInfo::ResetInfo - SyncLevel set to 0 on reset
20:57:11.89   GameInfo::ResetInfo - SyncLevel set to 0 on reset
20:57:11.89   GameInfo::ResetInfo - SyncLevel set to 0 on reset
20:57:11.90   GameInfo::ResetInfo - SyncLevel set to 0 on reset
20:57:11.90   GameInfo::ResetInfo - SyncLevel set to 0 on reset
20:57:11.90   GameInfo::ResetInfo - SyncLevel set to 0 on reset
20:57:11.90   GameInfo::ResetInfo - SyncLevel set to 0 on reset
20:57:11.90   GameInfo::ResetInfo - SyncLevel set to 0 on reset
20:57:11.90   GameInfo::ResetInfo - SyncLevel set to 0 on reset
20:57:11.90   GameInfo::ResetInfo - SyncLevel set to 0 on reset
20:57:11.90   GameInfo::ResetInfo - SyncLevel set to 0 on reset
20:57:11.90   GameInfo::ResetInfo - SyncLevel set to 0 on reset
20:57:11.90   GameInfo::ResetInfo - SyncLevel set to 0 on reset
20:57:11.90   GameInfo::ResetInfo - SyncLevel set to 0 on reset
20:57:11.90   GameInfo::ResetInfo - SyncLevel set to 0 on reset
20:57:11.90   GameInfo::ResetInfo - SyncLevel set to 0 on reset
20:57:11.90   GameInfo::ResetInfo - SyncLevel set to 0 on reset
20:57:11.90   GameInfo::ResetInfo - SyncLevel set to 0 on reset
20:57:11.90   GameInfo::ResetInfo - SyncLevel set to 0 on reset
20:57:11.90   GameInfo::ResetInfo - SyncLevel set to 0 on reset
20:57:11.90   GameInfo::ResetInfo - SyncLevel set to 0 on reset
20:57:11.91   GameInfo::ResetInfo - SyncLevel set to 0 on reset
20:57:11.91   GameInfo::ResetInfo - SyncLevel set to 0 on reset
20:57:11.91   GameInfo::ResetInfo - SyncLevel set to 0 on reset
20:57:11.91   GameInfo::ResetInfo - SyncLevel set to 0 on reset
20:57:11.91   GameInfo::ResetInfo - SyncLevel set to 0 on reset
20:57:11.91   GameInfo::ResetInfo - SyncLevel set to 0 on reset
20:57:11.91   GameInfo::ResetInfo - SyncLevel set to 0 on reset
20:57:11.91   GameInfo::ResetInfo - SyncLevel set to 0 on reset
20:57:11.91   GameInfo::ResetInfo - SyncLevel set to 0 on reset
20:57:11.91   GameInfo::ResetInfo - SyncLevel set to 0 on reset
20:57:11.91   GameInfo::ResetInfo - SyncLevel set to 0 on reset
20:57:11.91   GameInfo::ResetInfo - SyncLevel set to 0 on reset
20:57:11.91   GameInfo::ResetInfo - SyncLevel set to 0 on reset
20:57:11.91   GameInfo::ResetInfo - SyncLevel set to 0 on reset
20:57:11.91   GameInfo::ResetInfo - SyncLevel set to 0 on reset
20:57:11.91   GameInfo::ResetInfo - SyncLevel set to 0 on reset
20:57:11.91   GameInfo::ResetInfo - SyncLevel set to 0 on reset
20:57:11.91   GameInfo::ResetInfo - SyncLevel set to 0 on reset
20:57:11.91   GameInfo::ResetInfo - SyncLevel set to 0 on reset
20:57:11.91   GameInfo::ResetInfo - SyncLevel set to 0 on reset
20:57:11.91   GameInfo::ResetInfo - SyncLevel set to 0 on reset
20:57:11.91   GameInfo::ResetInfo - SyncLevel set to 0 on reset
20:57:11.91   GameInfo::ResetInfo - SyncLevel set to 0 on reset
20:57:11.91   GameInfo::ResetInfo - SyncLevel set to 0 on reset
20:57:11.91   GameInfo::ResetInfo - SyncLevel set to 0 on reset
20:57:11.91   GameInfo::ResetInfo - SyncLevel set to 0 on reset
20:57:11.91   GameInfo::ResetInfo - SyncLevel set to 0 on reset
20:57:11.92   GameInfo::ResetInfo - SyncLevel set to 0 on reset
20:57:11.92   GameInfo::ResetInfo - SyncLevel set to 0 on reset
20:57:11.92   GameInfo::ResetInfo - SyncLevel set to 0 on reset
20:57:11.92   GameInfo::ResetInfo - SyncLevel set to 0 on reset
20:57:11.92   GameInfo::ResetInfo - SyncLevel set to 0 on reset
20:57:11.92   GameInfo::ResetInfo - SyncLevel set to 0 on reset
20:57:11.92   GameInfo::ResetInfo - SyncLevel set to 0 on reset
20:57:11.92   GameInfo::ResetInfo - SyncLevel set to 0 on reset
20:57:11.92   GameInfo::ResetInfo - SyncLevel set to 0 on reset
20:57:11.92   GameInfo::ResetInfo - SyncLevel set to 0 on reset
20:57:11.92   GameInfo::ResetInfo - SyncLevel set to 0 on reset
20:57:11.92   GameInfo::ResetInfo - SyncLevel set to 0 on reset
20:57:11.92   GameInfo::ResetInfo - SyncLevel set to 0 on reset
20:57:11.92   GameInfo::ResetInfo - SyncLevel set to 0 on reset
20:57:11.92   GameInfo::ResetInfo - SyncLevel set to 0 on reset
20:57:11.92   GameInfo::ResetInfo - SyncLevel set to 0 on reset
20:57:11.92   GameInfo::ResetInfo - SyncLevel set to 0 on reset
20:57:11.92   GameInfo::ResetInfo - SyncLevel set to 0 on reset
20:57:11.93   GameInfo::ResetInfo - SyncLevel set to 0 on reset
20:57:11.93   GameInfo::ResetInfo - SyncLevel set to 0 on reset
20:57:11.93   GameInfo::ResetInfo - SyncLevel set to 0 on reset
20:57:11.93   GameInfo::ResetInfo - SyncLevel set to 0 on reset
20:57:11.93   GameInfo::ResetInfo - SyncLevel set to 0 on reset
20:57:11.93   GameInfo::ResetInfo - SyncLevel set to 0 on reset
20:57:11.93   GameInfo::ResetInfo - SyncLevel set to 0 on reset
20:57:11.93   GameInfo::ResetInfo - SyncLevel set to 0 on reset
20:57:11.93   GameInfo::ResetInfo - SyncLevel set to 0 on reset
20:57:11.93   GameInfo::ResetInfo - SyncLevel set to 0 on reset
20:57:11.93   GameInfo::ResetInfo - SyncLevel set to 0 on reset
20:57:11.93   GameInfo::ResetInfo - SyncLevel set to 0 on reset
20:57:11.93   GameInfo::ResetInfo - SyncLevel set to 0 on reset
20:57:11.93   GameInfo::ResetInfo - SyncLevel set to 0 on reset
20:57:11.93   GameInfo::ResetInfo - SyncLevel set to 0 on reset
20:57:11.93   GameInfo::ResetInfo - SyncLevel set to 0 on reset
20:57:11.93   GameInfo::ResetInfo - SyncLevel set to 0 on reset
20:57:11.93   GameInfo::ResetInfo - SyncLevel set to 0 on reset
20:57:11.93   GameInfo::ResetInfo - SyncLevel set to 0 on reset
20:57:11.93   GameInfo::ResetInfo - SyncLevel set to 0 on reset
20:57:11.93   GameInfo::ResetInfo - SyncLevel set to 0 on reset
20:57:11.93   GameInfo::ResetInfo - SyncLevel set to 0 on reset
20:57:11.93   GameInfo::ResetInfo - SyncLevel set to 0 on reset
20:57:11.93   GameInfo::ResetInfo - SyncLevel set to 0 on reset
20:57:11.93   GameInfo::ResetInfo - SyncLevel set to 0 on reset
20:57:11.93   GameInfo::ResetInfo - SyncLevel set to 0 on reset
20:57:11.94   GameInfo::ResetInfo - SyncLevel set to 0 on reset
20:57:11.94   GameInfo::ResetInfo - SyncLevel set to 0 on reset
20:57:11.94   GameInfo::ResetInfo - SyncLevel set to 0 on reset
20:57:11.94   GameInfo::ResetInfo - SyncLevel set to 0 on reset
20:57:11.94   GameInfo::ResetInfo - SyncLevel set to 0 on reset
20:57:11.94   GameInfo::ResetInfo - SyncLevel set to 0 on reset
20:57:11.94   GameInfo::ResetInfo - SyncLevel set to 0 on reset
20:57:11.94   GameInfo::ResetInfo - SyncLevel set to 0 on reset
20:57:11.94   GameInfo::ResetInfo - SyncLevel set to 0 on reset
20:57:11.94   GameInfo::ResetInfo - SyncLevel set to 0 on reset
20:57:11.94   GameInfo::ResetInfo - SyncLevel set to 0 on reset
20:57:11.94   GameInfo::ResetInfo - SyncLevel set to 0 on reset
20:57:11.94   GameInfo::ResetInfo - SyncLevel set to 0 on reset
20:57:11.94   GameInfo::ResetInfo - SyncLevel set to 0 on reset
20:57:11.94   GameInfo::ResetInfo - SyncLevel set to 0 on reset
20:57:11.94   GameInfo::ResetInfo - SyncLevel set to 0 on reset
20:57:11.94   GameInfo::ResetInfo - SyncLevel set to 0 on reset
20:57:11.94   GameInfo::ResetInfo - SyncLevel set to 0 on reset
20:57:11.94   GameInfo::ResetInfo - SyncLevel set to 0 on reset
20:57:11.94   GameInfo::ResetInfo - SyncLevel set to 0 on reset
20:57:11.94   GameInfo::ResetInfo - SyncLevel set to 0 on reset
20:57:11.94   GameInfo::ResetInfo - SyncLevel set to 0 on reset
20:57:11.94   GameInfo::ResetInfo - SyncLevel set to 0 on reset
20:57:11.94   GameInfo::ResetInfo - SyncLevel set to 0 on reset
20:57:11.95   GameInfo::ResetInfo - SyncLevel set to 0 on reset
20:57:11.95   GameInfo::ResetInfo - SyncLevel set to 0 on reset
20:57:11.95   GameInfo::ResetInfo - SyncLevel set to 0 on reset
20:57:11.95   GameInfo::ResetInfo - SyncLevel set to 0 on reset
20:57:11.95   GameInfo::ResetInfo - SyncLevel set to 0 on reset
20:57:11.95   GameInfo::ResetInfo - SyncLevel set to 0 on reset
20:57:11.95   GameInfo::ResetInfo - SyncLevel set to 0 on reset
20:57:11.95   GameInfo::ResetInfo - SyncLevel set to 0 on reset
20:57:11.95   GameInfo::ResetInfo - SyncLevel set to 0 on reset
20:57:11.95   GameInfo::ResetInfo - SyncLevel set to 0 on reset
20:57:11.95   GameInfo::ResetInfo - SyncLevel set to 0 on reset
20:57:11.95   GameInfo::ResetInfo - SyncLevel set to 0 on reset
20:57:11.95   GameInfo::ResetInfo - SyncLevel set to 0 on reset
20:57:11.95   GameInfo::ResetInfo - SyncLevel set to 0 on reset
20:57:11.95   GameInfo::ResetInfo - SyncLevel set to 0 on reset
20:57:11.96   GameInfo::ResetInfo - SyncLevel set to 0 on reset
20:57:11.96   GameInfo::ResetInfo - SyncLevel set to 0 on reset
20:57:11.96   GameInfo::ResetInfo - SyncLevel set to 0 on reset
20:57:11.96   GameInfo::ResetInfo - SyncLevel set to 0 on reset
20:57:11.96   GameInfo::ResetInfo - SyncLevel set to 0 on reset
20:57:11.96   GameInfo::ResetInfo - SyncLevel set to 0 on reset
20:57:11.96   GameInfo::ResetInfo - SyncLevel set to 0 on reset
20:57:11.96   GameInfo::ResetInfo - SyncLevel set to 0 on reset
20:57:11.96   GameInfo::ResetInfo - SyncLevel set to 0 on reset
20:57:11.96   GameInfo::ResetInfo - SyncLevel set to 0 on reset
20:57:11.96   GameInfo::ResetInfo - SyncLevel set to 0 on reset
20:57:11.96   GameInfo::ResetInfo - SyncLevel set to 0 on reset
20:57:11.96   GameInfo::ResetInfo - SyncLevel set to 0 on reset
20:57:11.96   GameInfo::ResetInfo - SyncLevel set to 0 on reset
20:57:11.96   GameInfo::ResetInfo - SyncLevel set to 0 on reset
20:57:11.96   GameInfo::ResetInfo - SyncLevel set to 0 on reset
20:57:11.96   GameInfo::ResetInfo - SyncLevel set to 0 on reset
20:57:11.96   GameInfo::ResetInfo - SyncLevel set to 0 on reset
20:57:11.96   GameInfo::ResetInfo - SyncLevel set to 0 on reset
20:57:11.97   GameInfo::ResetInfo - SyncLevel set to 0 on reset
20:57:11.97   GameInfo::ResetInfo - SyncLevel set to 0 on reset
20:57:11.97   GameInfo::ResetInfo - SyncLevel set to 0 on reset
20:57:11.97   GameInfo::ResetInfo - SyncLevel set to 0 on reset
20:57:11.97   GameInfo::ResetInfo - SyncLevel set to 0 on reset
20:57:11.97   GameInfo::ResetInfo - SyncLevel set to 0 on reset
20:57:11.97   GameInfo::ResetInfo - SyncLevel set to 0 on reset
20:57:11.97   GameInfo::ResetInfo - SyncLevel set to 0 on reset
20:57:11.97   GameInfo::ResetInfo - SyncLevel set to 0 on reset
20:57:11.97   GameInfo::ResetInfo - SyncLevel set to 0 on reset
20:57:11.97   GameInfo::ResetInfo - SyncLevel set to 0 on reset
20:57:11.97   GameInfo::ResetInfo - SyncLevel set to 0 on reset
20:57:11.97   GameInfo::ResetInfo - SyncLevel set to 0 on reset
20:57:11.97   GameInfo::ResetInfo - SyncLevel set to 0 on reset
20:57:11.97   GameInfo::ResetInfo - SyncLevel set to 0 on reset
20:57:11.97   GameInfo::ResetInfo - SyncLevel set to 0 on reset
20:57:11.97   GameInfo::ResetInfo - SyncLevel set to 0 on reset
20:57:11.97   GameInfo::ResetInfo - SyncLevel set to 0 on reset
20:57:11.97   GameInfo::ResetInfo - SyncLevel set to 0 on reset
20:57:11.97   GameInfo::ResetInfo - SyncLevel set to 0 on reset
20:57:11.97   GameInfo::ResetInfo - SyncLevel set to 0 on reset
20:57:11.97   GameInfo::ResetInfo - SyncLevel set to 0 on reset
20:57:11.97   GameInfo::ResetInfo - SyncLevel set to 0 on reset
20:57:11.97   GameInfo::ResetInfo - SyncLevel set to 0 on reset
20:57:11.98   GameInfo::ResetInfo - SyncLevel set to 0 on reset
20:57:11.98   GameInfo::ResetInfo - SyncLevel set to 0 on reset
20:57:11.98   GameInfo::ResetInfo - SyncLevel set to 0 on reset
20:57:11.98   GameInfo::ResetInfo - SyncLevel set to 0 on reset
20:57:11.98   GameInfo::ResetInfo - SyncLevel set to 0 on reset
20:57:11.98   GameInfo::ResetInfo - SyncLevel set to 0 on reset
20:57:11.98   GameInfo::ResetInfo - SyncLevel set to 0 on reset
20:57:11.98   GameInfo::ResetInfo - SyncLevel set to 0 on reset
20:57:11.98   GameInfo::ResetInfo - SyncLevel set to 0 on reset
20:57:11.98   GameInfo::ResetInfo - SyncLevel set to 0 on reset
20:57:11.98   GameInfo::ResetInfo - SyncLevel set to 0 on reset
20:57:11.98   GameInfo::ResetInfo - SyncLevel set to 0 on reset
20:57:11.98   GameInfo::ResetInfo - SyncLevel set to 0 on reset
20:57:11.98   GameInfo::ResetInfo - SyncLevel set to 0 on reset
20:57:11.98   GameInfo::ResetInfo - SyncLevel set to 0 on reset
20:57:11.98   GameInfo::ResetInfo - SyncLevel set to 0 on reset
20:57:11.98   GameInfo::ResetInfo - SyncLevel set to 0 on reset
20:57:11.99   GameInfo::ResetInfo - SyncLevel set to 0 on reset
20:57:11.99   GameInfo::ResetInfo - SyncLevel set to 0 on reset
20:57:11.99   GameInfo::ResetInfo - SyncLevel set to 0 on reset
20:57:11.99   GameInfo::ResetInfo - SyncLevel set to 0 on reset
20:57:11.99   GameInfo::ResetInfo - SyncLevel set to 0 on reset
20:57:11.99   GameInfo::ResetInfo - SyncLevel set to 0 on reset
20:57:11.99   GameInfo::ResetInfo - SyncLevel set to 0 on reset
20:57:11.99   GameInfo::ResetInfo - SyncLevel set to 0 on reset
20:57:11.99   GameInfo::ResetInfo - SyncLevel set to 0 on reset
20:57:11.99   GameInfo::ResetInfo - SyncLevel set to 0 on reset
20:57:11.99   GameInfo::ResetInfo - SyncLevel set to 0 on reset
20:57:11.99   GameInfo::ResetInfo - SyncLevel set to 0 on reset
20:57:11.99   GameInfo::ResetInfo - SyncLevel set to 0 on reset
20:57:11.99   GameInfo::ResetInfo - SyncLevel set to 0 on reset
20:57:11.99   GameInfo::ResetInfo - SyncLevel set to 0 on reset
20:57:11.99   GameInfo::ResetInfo - SyncLevel set to 0 on reset
20:57:11.99   GameInfo::ResetInfo - SyncLevel set to 0 on reset
20:57:11.99   GameInfo::ResetInfo - SyncLevel set to 0 on reset
20:57:11.99   GameInfo::ResetInfo - SyncLevel set to 0 on reset
20:57:11.99   GameInfo::ResetInfo - SyncLevel set to 0 on reset
20:57:11.99   GameInfo::ResetInfo - SyncLevel set to 0 on reset
20:57:11.99   GameInfo::ResetInfo - SyncLevel set to 0 on reset
20:57:12.00   GameInfo::ResetInfo - SyncLevel set to 0 on reset
20:57:12.00   GameInfo::ResetInfo - SyncLevel set to 0 on reset
20:57:12.00   GameInfo::ResetInfo - SyncLevel set to 0 on reset
20:57:12.00   GameInfo::ResetInfo - SyncLevel set to 0 on reset
20:57:12.00   GameInfo::ResetInfo - SyncLevel set to 0 on reset
20:57:12.00   GameInfo::ResetInfo - SyncLevel set to 0 on reset
20:57:12.00   GameInfo::ResetInfo - SyncLevel set to 0 on reset
20:57:12.00   GameInfo::ResetInfo - SyncLevel set to 0 on reset
20:57:12.00   GameInfo::ResetInfo - SyncLevel set to 0 on reset
20:57:12.00   GameInfo::ResetInfo - SyncLevel set to 0 on reset
20:57:12.00   GameInfo::ResetInfo - SyncLevel set to 0 on reset
20:57:12.00   GameInfo::ResetInfo - SyncLevel set to 0 on reset
20:57:12.00   GameInfo::ResetInfo - SyncLevel set to 0 on reset
20:57:12.00   GameInfo::ResetInfo - SyncLevel set to 0 on reset
20:57:12.00   GameInfo::ResetInfo - SyncLevel set to 0 on reset
20:57:12.00   GameInfo::ResetInfo - SyncLevel set to 0 on reset
20:57:12.00   GameInfo::ResetInfo - SyncLevel set to 0 on reset
20:57:12.00   GameInfo::ResetInfo - SyncLevel set to 0 on reset
20:57:12.00   GameInfo::ResetInfo - SyncLevel set to 0 on reset
20:57:12.00   GameInfo::ResetInfo - SyncLevel set to 0 on reset
20:57:12.00   GameInfo::ResetInfo - SyncLevel set to 0 on reset
20:57:12.01   GameInfo::ResetInfo - SyncLevel set to 0 on reset
20:57:12.01   GameInfo::ResetInfo - SyncLevel set to 0 on reset
20:57:12.01   GameInfo::ResetInfo - SyncLevel set to 0 on reset
20:57:12.01   GameInfo::ResetInfo - SyncLevel set to 0 on reset
20:57:12.01   GameInfo::ResetInfo - SyncLevel set to 0 on reset
20:57:12.01   GameInfo::ResetInfo - SyncLevel set to 0 on reset
20:57:12.01   GameInfo::ResetInfo - SyncLevel set to 0 on reset
20:57:12.01   GameInfo::ResetInfo - SyncLevel set to 0 on reset
20:57:12.01   GameInfo::ResetInfo - SyncLevel set to 0 on reset
20:57:12.01   GameInfo::ResetInfo - SyncLevel set to 0 on reset
20:57:12.01   GameInfo::ResetInfo - SyncLevel set to 0 on reset
20:57:12.01   GameInfo::ResetInfo - SyncLevel set to 0 on reset
20:57:12.01   GameInfo::ResetInfo - SyncLevel set to 0 on reset
20:57:12.01   GameInfo::ResetInfo - SyncLevel set to 0 on reset
20:57:12.02   GameInfo::ResetInfo - SyncLevel set to 0 on reset
20:57:12.02   GameInfo::ResetInfo - SyncLevel set to 0 on reset
20:57:12.02   GameInfo::ResetInfo - SyncLevel set to 0 on reset
20:57:12.02   GameInfo::ResetInfo - SyncLevel set to 0 on reset
20:57:12.02   GameInfo::ResetInfo - SyncLevel set to 0 on reset
20:57:12.02   GameInfo::ResetInfo - SyncLevel set to 0 on reset
20:57:12.02   GameInfo::ResetInfo - SyncLevel set to 0 on reset
20:57:12.02   GameInfo::ResetInfo - SyncLevel set to 0 on reset
20:57:12.02   GameInfo::ResetInfo - SyncLevel set to 0 on reset
20:57:12.02   GameInfo::ResetInfo - SyncLevel set to 0 on reset
20:57:12.02   GameInfo::ResetInfo - SyncLevel set to 0 on reset
20:57:12.02   GameInfo::ResetInfo - SyncLevel set to 0 on reset
20:57:12.02   GameInfo::ResetInfo - SyncLevel set to 0 on reset
20:57:12.02   GameInfo::ResetInfo - SyncLevel set to 0 on reset
20:57:12.02   GameInfo::ResetInfo - SyncLevel set to 0 on reset
20:57:12.02   GameInfo::ResetInfo - SyncLevel set to 0 on reset
20:57:12.02   GameInfo::ResetInfo - SyncLevel set to 0 on reset
20:57:12.02   GameInfo::ResetInfo - SyncLevel set to 0 on reset
20:57:12.02   GameInfo::ResetInfo - SyncLevel set to 0 on reset
20:57:12.02   GameInfo::ResetInfo - SyncLevel set to 0 on reset
20:57:12.02   GameInfo::ResetInfo - SyncLevel set to 0 on reset
20:57:12.02   GameInfo::ResetInfo - SyncLevel set to 0 on reset
20:57:12.02   GameInfo::ResetInfo - SyncLevel set to 0 on reset
20:57:12.02   GameInfo::ResetInfo - SyncLevel set to 0 on reset
20:57:12.02   GameInfo::ResetInfo - SyncLevel set to 0 on reset
20:57:12.03   GameInfo::ResetInfo - SyncLevel set to 0 on reset
20:57:12.03   GameInfo::ResetInfo - SyncLevel set to 0 on reset
20:57:12.03   GameInfo::ResetInfo - SyncLevel set to 0 on reset
20:57:12.03   GameInfo::ResetInfo - SyncLevel set to 0 on reset
20:57:12.03   GameInfo::ResetInfo - SyncLevel set to 0 on reset
20:57:12.03   GameInfo::ResetInfo - SyncLevel set to 0 on reset
20:57:12.03   GameInfo::ResetInfo - SyncLevel set to 0 on reset
20:57:12.03   GameInfo::ResetInfo - SyncLevel set to 0 on reset
20:57:12.03   GameInfo::ResetInfo - SyncLevel set to 0 on reset
20:57:12.03   GameInfo::ResetInfo - SyncLevel set to 0 on reset
20:57:12.03   GameInfo::ResetInfo - SyncLevel set to 0 on reset
20:57:12.03   GameInfo::ResetInfo - SyncLevel set to 0 on reset
20:57:12.03   GameInfo::ResetInfo - SyncLevel set to 0 on reset
20:57:12.03   GameInfo::ResetInfo - SyncLevel set to 0 on reset
20:57:12.03   GameInfo::ResetInfo - SyncLevel set to 0 on reset
20:57:12.03   GameInfo::ResetInfo - SyncLevel set to 0 on reset
20:57:12.03   GameInfo::ResetInfo - SyncLevel set to 0 on reset
20:57:12.03   GameInfo::ResetInfo - SyncLevel set to 0 on reset
20:57:12.03   GameInfo::ResetInfo - SyncLevel set to 0 on reset
20:57:12.03   GameInfo::ResetInfo - SyncLevel set to 0 on reset
20:57:12.03   GameInfo::ResetInfo - SyncLevel set to 0 on reset
20:57:12.03   GameInfo::ResetInfo - SyncLevel set to 0 on reset
20:57:12.03   GameInfo::ResetInfo - SyncLevel set to 0 on reset
20:57:12.03   GameInfo::ResetInfo - SyncLevel set to 0 on reset
20:57:12.04   GameInfo::ResetInfo - SyncLevel set to 0 on reset
20:57:12.04   GameInfo::ResetInfo - SyncLevel set to 0 on reset
20:57:12.04   GameInfo::ResetInfo - SyncLevel set to 0 on reset
20:57:12.04   GameInfo::ResetInfo - SyncLevel set to 0 on reset
20:57:12.04   GameInfo::ResetInfo - SyncLevel set to 0 on reset
20:57:12.04   GameInfo::ResetInfo - SyncLevel set to 0 on reset
20:57:12.04   GameInfo::ResetInfo - SyncLevel set to 0 on reset
20:57:12.04   GameInfo::ResetInfo - SyncLevel set to 0 on reset
20:57:12.04   GameInfo::ResetInfo - SyncLevel set to 0 on reset
20:57:12.04   GameInfo::ResetInfo - SyncLevel set to 0 on reset
20:57:12.04   GameInfo::ResetInfo - SyncLevel set to 0 on reset
20:57:12.04   GameInfo::ResetInfo - SyncLevel set to 0 on reset
20:57:12.04   GameInfo::ResetInfo - SyncLevel set to 0 on reset
20:57:12.04   GameInfo::ResetInfo - SyncLevel set to 0 on reset
20:57:12.04   GameInfo::ResetInfo - SyncLevel set to 0 on reset
20:57:12.04   GameInfo::ResetInfo - SyncLevel set to 0 on reset
20:57:12.04   GameInfo::ResetInfo - SyncLevel set to 0 on reset
20:57:12.04   GameInfo::ResetInfo - SyncLevel set to 0 on reset
20:57:12.04   GameInfo::ResetInfo - SyncLevel set to 0 on reset
20:57:12.04   GameInfo::ResetInfo - SyncLevel set to 0 on reset
20:57:12.04   GameInfo::ResetInfo - SyncLevel set to 0 on reset
20:57:12.05   GameInfo::ResetInfo - SyncLevel set to 0 on reset
20:57:12.05   GameInfo::ResetInfo - SyncLevel set to 0 on reset
20:57:12.05   GameInfo::ResetInfo - SyncLevel set to 0 on reset
20:57:12.05   GameInfo::ResetInfo - SyncLevel set to 0 on reset
20:57:12.05   GameInfo::ResetInfo - SyncLevel set to 0 on reset
20:57:12.05   GameInfo::ResetInfo - SyncLevel set to 0 on reset
20:57:12.05   GAME -- Error reading header for recorded game PLAYBACK:8P_MONTARGIS_REGION_POINTS_UP.2019-01-28.01-38-28.rec
20:57:12.05   GameInfo::ResetInfo - SyncLevel set to 0 on reset
20:57:12.05   GameInfo::ResetInfo - SyncLevel set to 0 on reset
20:57:12.05   GameInfo::ResetInfo - SyncLevel set to 0 on reset
20:57:12.05   GAME -- Error reading header for recorded game PLAYBACK:8P_MONTARGIS_REGION_POINTS_UP.2019-08-27.22-25-49.rec
20:57:12.05   GameInfo::ResetInfo - SyncLevel set to 0 on reset
20:57:12.05   GameInfo::ResetInfo - SyncLevel set to 0 on reset
20:57:12.05   GameInfo::ResetInfo - SyncLevel set to 0 on reset
20:57:12.05   GameInfo::ResetInfo - SyncLevel set to 0 on reset
20:57:12.05   GameInfo::ResetInfo - SyncLevel set to 0 on reset
20:57:12.05   GameInfo::ResetInfo - SyncLevel set to 0 on reset
20:57:12.05   GameInfo::ResetInfo - SyncLevel set to 0 on reset
20:57:12.05   GameInfo::ResetInfo - SyncLevel set to 0 on reset
20:57:12.05   GameInfo::ResetInfo - SyncLevel set to 0 on reset
20:57:12.05   GameInfo::ResetInfo - SyncLevel set to 0 on reset
20:57:12.05   GameInfo::ResetInfo - SyncLevel set to 0 on reset
20:57:12.05   GameInfo::ResetInfo - SyncLevel set to 0 on reset
20:57:12.05   GameInfo::ResetInfo - SyncLevel set to 0 on reset
20:57:12.05   GameInfo::ResetInfo - SyncLevel set to 0 on reset
20:57:12.05   GameInfo::ResetInfo - SyncLevel set to 0 on reset
20:57:12.06   GameInfo::ResetInfo - SyncLevel set to 0 on reset
20:57:12.06   GameInfo::ResetInfo - SyncLevel set to 0 on reset
20:57:12.06   GameInfo::ResetInfo - SyncLevel set to 0 on reset
20:57:12.06   GameInfo::ResetInfo - SyncLevel set to 0 on reset
20:57:12.06   GameInfo::ResetInfo - SyncLevel set to 0 on reset
20:57:12.06   GameInfo::ResetInfo - SyncLevel set to 0 on reset
20:57:12.06   GameInfo::ResetInfo - SyncLevel set to 0 on reset
20:57:12.06   GameInfo::ResetInfo - SyncLevel set to 0 on reset
20:57:12.06   GameInfo::ResetInfo - SyncLevel set to 0 on reset
20:57:12.06   GameInfo::ResetInfo - SyncLevel set to 0 on reset
20:57:12.06   GameInfo::ResetInfo - SyncLevel set to 0 on reset
20:57:12.06   GameInfo::ResetInfo - SyncLevel set to 0 on reset
20:57:12.06   GameInfo::ResetInfo - SyncLevel set to 0 on reset
20:57:12.06   GameInfo::ResetInfo - SyncLevel set to 0 on reset
20:57:12.06   GameInfo::ResetInfo - SyncLevel set to 0 on reset
20:57:12.06   GameInfo::ResetInfo - SyncLevel set to 0 on reset
20:57:12.06   GameInfo::ResetInfo - SyncLevel set to 0 on reset
20:57:12.06   GameInfo::ResetInfo - SyncLevel set to 0 on reset
20:57:12.07   GameInfo::ResetInfo - SyncLevel set to 0 on reset
20:57:12.07   GameInfo::ResetInfo - SyncLevel set to 0 on reset
20:57:12.07   GameInfo::ResetInfo - SyncLevel set to 0 on reset
20:57:12.07   GameInfo::ResetInfo - SyncLevel set to 0 on reset
20:57:12.07   GameInfo::ResetInfo - SyncLevel set to 0 on reset
20:57:12.07   GameInfo::ResetInfo - SyncLevel set to 0 on reset
20:57:12.07   GameInfo::ResetInfo - SyncLevel set to 0 on reset
20:57:12.07   GameInfo::ResetInfo - SyncLevel set to 0 on reset
20:57:12.07   GameInfo::ResetInfo - SyncLevel set to 0 on reset
20:57:12.07   GameInfo::ResetInfo - SyncLevel set to 0 on reset
20:57:12.07   GameInfo::ResetInfo - SyncLevel set to 0 on reset
20:57:12.07   GameInfo::ResetInfo - SyncLevel set to 0 on reset
20:57:12.07   GameInfo::ResetInfo - SyncLevel set to 0 on reset
20:57:12.07   GameInfo::ResetInfo - SyncLevel set to 0 on reset
20:57:12.07   GameInfo::ResetInfo - SyncLevel set to 0 on reset
20:57:12.07   GameInfo::ResetInfo - SyncLevel set to 0 on reset
20:57:12.07   GameInfo::ResetInfo - SyncLevel set to 0 on reset
20:57:12.07   GameInfo::ResetInfo - SyncLevel set to 0 on reset
20:57:12.07   GameInfo::ResetInfo - SyncLevel set to 0 on reset
20:57:12.07   GameInfo::ResetInfo - SyncLevel set to 0 on reset
20:57:12.07   GameInfo::ResetInfo - SyncLevel set to 0 on reset
20:57:12.07   GameInfo::ResetInfo - SyncLevel set to 0 on reset
20:57:12.07   GameInfo::ResetInfo - SyncLevel set to 0 on reset
20:57:12.07   GameInfo::ResetInfo - SyncLevel set to 0 on reset
20:57:12.07   GameInfo::ResetInfo - SyncLevel set to 0 on reset
20:57:12.07   GameInfo::ResetInfo - SyncLevel set to 0 on reset
20:57:12.07   GameInfo::ResetInfo - SyncLevel set to 0 on reset
20:57:12.07   GameInfo::ResetInfo - SyncLevel set to 0 on reset
20:57:12.07   GameInfo::ResetInfo - SyncLevel set to 0 on reset
20:57:12.07   GameInfo::ResetInfo - SyncLevel set to 0 on reset
20:57:12.08   GameInfo::ResetInfo - SyncLevel set to 0 on reset
20:57:12.08   GameInfo::ResetInfo - SyncLevel set to 0 on reset
20:57:12.08   GameInfo::ResetInfo - SyncLevel set to 0 on reset
20:57:12.08   GameInfo::ResetInfo - SyncLevel set to 0 on reset
20:57:12.08   GameInfo::ResetInfo - SyncLevel set to 0 on reset
20:57:12.08   GameInfo::ResetInfo - SyncLevel set to 0 on reset
20:57:12.08   GameInfo::ResetInfo - SyncLevel set to 0 on reset
20:57:12.08   GameInfo::ResetInfo - SyncLevel set to 0 on reset
20:57:12.08   GameInfo::ResetInfo - SyncLevel set to 0 on reset
20:57:12.08   GameInfo::ResetInfo - SyncLevel set to 0 on reset
20:57:12.08   GameInfo::ResetInfo - SyncLevel set to 0 on reset
20:57:12.08   GameInfo::ResetInfo - SyncLevel set to 0 on reset
20:57:12.08   GameInfo::ResetInfo - SyncLevel set to 0 on reset
20:57:12.08   GameInfo::ResetInfo - SyncLevel set to 0 on reset
20:57:12.08   GameInfo::ResetInfo - SyncLevel set to 0 on reset
20:57:12.08   GameInfo::ResetInfo - SyncLevel set to 0 on reset
20:57:12.08   GameInfo::ResetInfo - SyncLevel set to 0 on reset
20:57:12.08   GameInfo::ResetInfo - SyncLevel set to 0 on reset
20:57:12.08   GameInfo::ResetInfo - SyncLevel set to 0 on reset
20:57:12.08   GameInfo::ResetInfo - SyncLevel set to 0 on reset
20:57:12.08   GameInfo::ResetInfo - SyncLevel set to 0 on reset
20:57:12.08   GameInfo::ResetInfo - SyncLevel set to 0 on reset
20:57:12.08   GameInfo::ResetInfo - SyncLevel set to 0 on reset
20:57:12.08   GameInfo::ResetInfo - SyncLevel set to 0 on reset
20:57:12.08   GameInfo::ResetInfo - SyncLevel set to 0 on reset
20:57:12.08   GameInfo::ResetInfo - SyncLevel set to 0 on reset
20:57:12.08   GameInfo::ResetInfo - SyncLevel set to 0 on reset
20:57:12.09   GameInfo::ResetInfo - SyncLevel set to 0 on reset
20:57:12.09   GameInfo::ResetInfo - SyncLevel set to 0 on reset
20:57:12.09   GameInfo::ResetInfo - SyncLevel set to 0 on reset
20:57:12.09   GAME -- Error reading header for recorded game PLAYBACK:fun_high_res_monti.rec
20:57:12.09   GameInfo::ResetInfo - SyncLevel set to 0 on reset
20:57:12.09   GameInfo::ResetInfo - SyncLevel set to 0 on reset
20:57:12.09   GameInfo::ResetInfo - SyncLevel set to 0 on reset
20:57:12.09   GameInfo::ResetInfo - SyncLevel set to 0 on reset
20:57:12.09   GameInfo::ResetInfo - SyncLevel set to 0 on reset
20:57:12.09   GameInfo::ResetInfo - SyncLevel set to 0 on reset
20:57:12.09   GameInfo::ResetInfo - SyncLevel set to 0 on reset
20:57:12.09   GameInfo::ResetInfo - SyncLevel set to 0 on reset
20:57:12.09   GameInfo::ResetInfo - SyncLevel set to 0 on reset
20:57:12.09   GameInfo::ResetInfo - SyncLevel set to 0 on reset
20:57:12.09   GameInfo::ResetInfo - SyncLevel set to 0 on reset
20:57:12.09   GameInfo::ResetInfo - SyncLevel set to 0 on reset
20:57:12.09   GameInfo::ResetInfo - SyncLevel set to 0 on reset
20:57:12.09   GameInfo::ResetInfo - SyncLevel set to 0 on reset
20:57:12.09   GameInfo::ResetInfo - SyncLevel set to 0 on reset
20:57:12.09   GameInfo::ResetInfo - SyncLevel set to 0 on reset
20:57:12.09   GameInfo::ResetInfo - SyncLevel set to 0 on reset
20:57:12.09   GameInfo::ResetInfo - SyncLevel set to 0 on reset
20:57:12.09   GameInfo::ResetInfo - SyncLevel set to 0 on reset
20:57:12.09   GameInfo::ResetInfo - SyncLevel set to 0 on reset
20:57:12.09   GameInfo::ResetInfo - SyncLevel set to 0 on reset
20:57:12.09   GAME -- Error reading header for recorded game PLAYBACK:gdfg.rec
20:57:12.09   GameInfo::ResetInfo - SyncLevel set to 0 on reset
20:57:12.09   GameInfo::ResetInfo - SyncLevel set to 0 on reset
20:57:12.10   GameInfo::ResetInfo - SyncLevel set to 0 on reset
20:57:12.10   GameInfo::ResetInfo - SyncLevel set to 0 on reset
20:57:12.10   GameInfo::ResetInfo - SyncLevel set to 0 on reset
20:57:12.10   GameInfo::ResetInfo - SyncLevel set to 0 on reset
20:57:12.10   GameInfo::ResetInfo - SyncLevel set to 0 on reset
20:57:12.10   GameInfo::ResetInfo - SyncLevel set to 0 on reset
20:57:12.10   GameInfo::ResetInfo - SyncLevel set to 0 on reset
20:57:12.10   GameInfo::ResetInfo - SyncLevel set to 0 on reset
20:57:12.10   GameInfo::ResetInfo - SyncLevel set to 0 on reset
20:57:12.10   GameInfo::ResetInfo - SyncLevel set to 0 on reset
20:57:12.10   GameInfo::ResetInfo - SyncLevel set to 0 on reset
20:57:12.10   GameInfo::ResetInfo - SyncLevel set to 0 on reset
20:57:12.10   GameInfo::ResetInfo - SyncLevel set to 0 on reset
20:57:12.10   GameInfo::ResetInfo - SyncLevel set to 0 on reset
20:57:12.10   GameInfo::ResetInfo - SyncLevel set to 0 on reset
20:57:12.10   GameInfo::ResetInfo - SyncLevel set to 0 on reset
20:57:12.10   GameInfo::ResetInfo - SyncLevel set to 0 on reset
20:57:12.10   GameInfo::ResetInfo - SyncLevel set to 0 on reset
20:57:12.10   GameInfo::ResetInfo - SyncLevel set to 0 on reset
20:57:12.10   GameInfo::ResetInfo - SyncLevel set to 0 on reset
20:57:12.10   GameInfo::ResetInfo - SyncLevel set to 0 on reset
20:57:12.10   GameInfo::ResetInfo - SyncLevel set to 0 on reset
20:57:12.10   GameInfo::ResetInfo - SyncLevel set to 0 on reset
20:57:12.10   GameInfo::ResetInfo - SyncLevel set to 0 on reset
20:57:12.10   GameInfo::ResetInfo - SyncLevel set to 0 on reset
20:57:12.10   GameInfo::ResetInfo - SyncLevel set to 0 on reset
20:57:12.10   GameInfo::ResetInfo - SyncLevel set to 0 on reset
20:57:12.10   GameInfo::ResetInfo - SyncLevel set to 0 on reset
20:57:12.10   GameInfo::ResetInfo - SyncLevel set to 0 on reset
20:57:12.10   GameInfo::ResetInfo - SyncLevel set to 0 on reset
20:57:12.10   GameInfo::ResetInfo - SyncLevel set to 0 on reset
20:57:12.10   GameInfo::ResetInfo - SyncLevel set to 0 on reset
20:57:12.10   GameInfo::ResetInfo - SyncLevel set to 0 on reset
20:57:12.10   GameInfo::ResetInfo - SyncLevel set to 0 on reset
20:57:12.11   GameInfo::ResetInfo - SyncLevel set to 0 on reset
20:57:12.11   GameInfo::ResetInfo - SyncLevel set to 0 on reset
20:57:12.11   GameInfo::ResetInfo - SyncLevel set to 0 on reset
20:57:12.11   GameInfo::ResetInfo - SyncLevel set to 0 on reset
20:57:12.11   GameInfo::ResetInfo - SyncLevel set to 0 on reset
20:57:12.11   GameInfo::ResetInfo - SyncLevel set to 0 on reset
20:57:12.11   GameInfo::ResetInfo - SyncLevel set to 0 on reset
20:57:12.11   GameInfo::ResetInfo - SyncLevel set to 0 on reset
20:57:12.11   GameInfo::ResetInfo - SyncLevel set to 0 on reset
20:57:12.11   GameInfo::ResetInfo - SyncLevel set to 0 on reset
20:57:12.11   GameInfo::ResetInfo - SyncLevel set to 0 on reset
20:57:12.11   GameInfo::ResetInfo - SyncLevel set to 0 on reset
20:57:12.11   GameInfo::ResetInfo - SyncLevel set to 0 on reset
20:57:12.11   GameInfo::ResetInfo - SyncLevel set to 0 on reset
20:57:12.11   GameInfo::ResetInfo - SyncLevel set to 0 on reset
20:57:12.11   GameInfo::ResetInfo - SyncLevel set to 0 on reset
20:57:12.11   GameInfo::ResetInfo - SyncLevel set to 0 on reset
20:57:12.11   GameInfo::ResetInfo - SyncLevel set to 0 on reset
20:57:12.11   GameInfo::ResetInfo - SyncLevel set to 0 on reset
20:57:12.11   GameInfo::ResetInfo - SyncLevel set to 0 on reset
20:57:12.11   GameInfo::ResetInfo - SyncLevel set to 0 on reset
20:57:12.11   GameInfo::ResetInfo - SyncLevel set to 0 on reset
20:57:12.11   GameInfo::ResetInfo - SyncLevel set to 0 on reset
20:57:12.12   GameInfo::ResetInfo - SyncLevel set to 0 on reset
20:57:12.12   GameInfo::ResetInfo - SyncLevel set to 0 on reset
20:57:12.12   GameInfo::ResetInfo - SyncLevel set to 0 on reset
20:57:12.12   GameInfo::ResetInfo - SyncLevel set to 0 on reset
20:57:12.12   GameInfo::ResetInfo - SyncLevel set to 0 on reset
20:57:12.12   GameInfo::ResetInfo - SyncLevel set to 0 on reset
20:57:12.12   GameInfo::ResetInfo - SyncLevel set to 0 on reset
20:57:12.12   GameInfo::ResetInfo - SyncLevel set to 0 on reset
20:57:12.12   GameInfo::ResetInfo - SyncLevel set to 0 on reset
20:57:12.12   GameInfo::ResetInfo - SyncLevel set to 0 on reset
20:57:12.12   GameInfo::ResetInfo - SyncLevel set to 0 on reset
20:57:12.12   GameInfo::ResetInfo - SyncLevel set to 0 on reset
20:57:12.12   GameInfo::ResetInfo - SyncLevel set to 0 on reset
20:57:12.12   GameInfo::ResetInfo - SyncLevel set to 0 on reset
20:57:12.12   GameInfo::ResetInfo - SyncLevel set to 0 on reset
20:57:12.12   GameInfo::ResetInfo - SyncLevel set to 0 on reset
20:57:12.12   GameInfo::ResetInfo - SyncLevel set to 0 on reset
20:57:12.12   GameInfo::ResetInfo - SyncLevel set to 0 on reset
20:57:12.12   GameInfo::ResetInfo - SyncLevel set to 0 on reset
20:57:12.12   GameInfo::ResetInfo - SyncLevel set to 0 on reset
20:57:12.12   GameInfo::ResetInfo - SyncLevel set to 0 on reset
20:57:12.12   GAME -- Error reading header for recorded game PLAYBACK:ischutz_mad.rec
20:57:12.12   GameInfo::ResetInfo - SyncLevel set to 0 on reset
20:57:12.12   GameInfo::ResetInfo - SyncLevel set to 0 on reset
20:57:12.12   GameInfo::ResetInfo - SyncLevel set to 0 on reset
20:57:12.12   GameInfo::ResetInfo - SyncLevel set to 0 on reset
20:57:12.12   GameInfo::ResetInfo - SyncLevel set to 0 on reset
20:57:12.12   GameInfo::ResetInfo - SyncLevel set to 0 on reset
20:57:12.12   GameInfo::ResetInfo - SyncLevel set to 0 on reset
20:57:12.12   GameInfo::ResetInfo - SyncLevel set to 0 on reset
20:57:12.12   GameInfo::ResetInfo - SyncLevel set to 0 on reset
20:57:12.13   GameInfo::ResetInfo - SyncLevel set to 0 on reset
20:57:12.13   GameInfo::ResetInfo - SyncLevel set to 0 on reset
20:57:12.13   GameInfo::ResetInfo - SyncLevel set to 0 on reset
20:57:12.13   GameInfo::ResetInfo - SyncLevel set to 0 on reset
20:57:12.13   GameInfo::ResetInfo - SyncLevel set to 0 on reset
20:57:12.13   GameInfo::ResetInfo - SyncLevel set to 0 on reset
20:57:12.13   GameInfo::ResetInfo - SyncLevel set to 0 on reset
20:57:12.13   GameInfo::ResetInfo - SyncLevel set to 0 on reset
20:57:12.13   GameInfo::ResetInfo - SyncLevel set to 0 on reset
20:57:12.13   GameInfo::ResetInfo - SyncLevel set to 0 on reset
20:57:12.13   GameInfo::ResetInfo - SyncLevel set to 0 on reset
20:57:12.13   GameInfo::ResetInfo - SyncLevel set to 0 on reset
20:57:12.13   GameInfo::ResetInfo - SyncLevel set to 0 on reset
20:57:12.13   GameInfo::ResetInfo - SyncLevel set to 0 on reset
20:57:12.13   GameInfo::ResetInfo - SyncLevel set to 0 on reset
20:57:12.13   GameInfo::ResetInfo - SyncLevel set to 0 on reset
20:57:12.13   GameInfo::ResetInfo - SyncLevel set to 0 on reset
20:57:12.13   GameInfo::ResetInfo - SyncLevel set to 0 on reset
20:57:12.14   GameInfo::ResetInfo - SyncLevel set to 0 on reset
20:57:12.14   GameInfo::ResetInfo - SyncLevel set to 0 on reset
20:57:12.14   GameInfo::ResetInfo - SyncLevel set to 0 on reset
20:57:12.14   GameInfo::ResetInfo - SyncLevel set to 0 on reset
20:57:12.14   GameInfo::ResetInfo - SyncLevel set to 0 on reset
20:57:12.14   GameInfo::ResetInfo - SyncLevel set to 0 on reset
20:57:12.14   GameInfo::ResetInfo - SyncLevel set to 0 on reset
20:57:12.14   GameInfo::ResetInfo - SyncLevel set to 0 on reset
20:57:12.14   GameInfo::ResetInfo - SyncLevel set to 0 on reset
20:57:12.14   GameInfo::ResetInfo - SyncLevel set to 0 on reset
20:57:12.14   GameInfo::ResetInfo - SyncLevel set to 0 on reset
20:57:12.14   GameInfo::ResetInfo - SyncLevel set to 0 on reset
20:57:12.14   GAME -- Error reading header for recorded game PLAYBACK:MONTARGIS REGION REVISED.2019-06-01.00-22-47.rec
20:57:12.14   GameInfo::ResetInfo - SyncLevel set to 0 on reset
20:57:12.14   GameInfo::ResetInfo - SyncLevel set to 0 on reset
20:57:12.14   GameInfo::ResetInfo - SyncLevel set to 0 on reset
20:57:12.14   GameInfo::ResetInfo - SyncLevel set to 0 on reset
20:57:12.14   GameInfo::ResetInfo - SyncLevel set to 0 on reset
20:57:12.14   GameInfo::ResetInfo - SyncLevel set to 0 on reset
20:57:12.14   GameInfo::ResetInfo - SyncLevel set to 0 on reset
20:57:12.14   GameInfo::ResetInfo - SyncLevel set to 0 on reset
20:57:12.14   GameInfo::ResetInfo - SyncLevel set to 0 on reset
20:57:12.14   GameInfo::ResetInfo - SyncLevel set to 0 on reset
20:57:12.14   GameInfo::ResetInfo - SyncLevel set to 0 on reset
20:57:12.14   GameInfo::ResetInfo - SyncLevel set to 0 on reset
20:57:12.14   GameInfo::ResetInfo - SyncLevel set to 0 on reset
20:57:12.14   GameInfo::ResetInfo - SyncLevel set to 0 on reset
20:57:12.14   GameInfo::ResetInfo - SyncLevel set to 0 on reset
20:57:12.15   GameInfo::ResetInfo - SyncLevel set to 0 on reset
20:57:12.15   GameInfo::ResetInfo - SyncLevel set to 0 on reset
20:57:12.15   GameInfo::ResetInfo - SyncLevel set to 0 on reset
20:57:12.15   GameInfo::ResetInfo - SyncLevel set to 0 on reset
20:57:12.15   GameInfo::ResetInfo - SyncLevel set to 0 on reset
20:57:12.15   GameInfo::ResetInfo - SyncLevel set to 0 on reset
20:57:12.15   GameInfo::ResetInfo - SyncLevel set to 0 on reset
20:57:12.15   GameInfo::ResetInfo - SyncLevel set to 0 on reset
20:57:12.15   GAME -- Error reading header for recorded game PLAYBACK:PE_Baserush_Counter__[GameReplays.org].rec
20:57:12.15   GameInfo::ResetInfo - SyncLevel set to 0 on reset
20:57:12.15   GameInfo::ResetInfo - SyncLevel set to 0 on reset
20:57:12.15   GameInfo::ResetInfo - SyncLevel set to 0 on reset
20:57:12.15   GameInfo::ResetInfo - SyncLevel set to 0 on reset
20:57:12.15   GameInfo::ResetInfo - SyncLevel set to 0 on reset
20:57:12.15   GameInfo::ResetInfo - SyncLevel set to 0 on reset
20:57:12.15   GameInfo::ResetInfo - SyncLevel set to 0 on reset
20:57:12.15   GameInfo::ResetInfo - SyncLevel set to 0 on reset
20:57:12.15   GameInfo::ResetInfo - SyncLevel set to 0 on reset
20:57:12.15   GameInfo::ResetInfo - SyncLevel set to 0 on reset
20:57:12.15   GameInfo::ResetInfo - SyncLevel set to 0 on reset
20:57:12.15   GameInfo::ResetInfo - SyncLevel set to 0 on reset
20:57:12.15   GameInfo::ResetInfo - SyncLevel set to 0 on reset
20:57:12.15   GameInfo::ResetInfo - SyncLevel set to 0 on reset
20:57:12.15   GameInfo::ResetInfo - SyncLevel set to 0 on reset
20:57:12.15   GameInfo::ResetInfo - SyncLevel set to 0 on reset
20:57:12.15   GameInfo::ResetInfo - SyncLevel set to 0 on reset
20:57:12.15   GameInfo::ResetInfo - SyncLevel set to 0 on reset
20:57:12.15   GameInfo::ResetInfo - SyncLevel set to 0 on reset
20:57:12.15   GameInfo::ResetInfo - SyncLevel set to 0 on reset
20:57:12.15   GameInfo::ResetInfo - SyncLevel set to 0 on reset
20:57:12.15   GameInfo::ResetInfo - SyncLevel set to 0 on reset
20:57:12.15   GameInfo::ResetInfo - SyncLevel set to 0 on reset
20:57:12.15   GameInfo::ResetInfo - SyncLevel set to 0 on reset
20:57:12.15   GAME -- Error reading header for recorded game PLAYBACK:Scheldt shit.rec
20:57:12.15   GameInfo::ResetInfo - SyncLevel set to 0 on reset
20:57:12.15   GameInfo::ResetInfo - SyncLevel set to 0 on reset
20:57:12.15   GameInfo::ResetInfo - SyncLevel set to 0 on reset
20:57:12.15   GameInfo::ResetInfo - SyncLevel set to 0 on reset
20:57:12.15   GameInfo::ResetInfo - SyncLevel set to 0 on reset
20:57:12.15   GameInfo::ResetInfo - SyncLevel set to 0 on reset
20:57:12.16   GameInfo::ResetInfo - SyncLevel set to 0 on reset
20:57:12.16   GameInfo::ResetInfo - SyncLevel set to 0 on reset
20:57:12.16   GameInfo::ResetInfo - SyncLevel set to 0 on reset
20:57:12.16   GameInfo::ResetInfo - SyncLevel set to 0 on reset
20:57:12.16   GameInfo::ResetInfo - SyncLevel set to 0 on reset
20:57:12.16   GameInfo::ResetInfo - SyncLevel set to 0 on reset
20:57:12.16   GameInfo::ResetInfo - SyncLevel set to 0 on reset
20:57:12.16   GameInfo::ResetInfo - SyncLevel set to 0 on reset
20:57:12.16   GameInfo::ResetInfo - SyncLevel set to 0 on reset
20:57:12.16   GameInfo::ResetInfo - SyncLevel set to 0 on reset
20:57:12.16   GameInfo::ResetInfo - SyncLevel set to 0 on reset
20:57:12.16   GameInfo::ResetInfo - SyncLevel set to 0 on reset
20:57:12.16   GameInfo::ResetInfo - SyncLevel set to 0 on reset
20:57:12.16   GameInfo::ResetInfo - SyncLevel set to 0 on reset
20:57:12.16   GameInfo::ResetInfo - SyncLevel set to 0 on reset
20:57:12.16   GameInfo::ResetInfo - SyncLevel set to 0 on reset
20:57:12.16   GameInfo::ResetInfo - SyncLevel set to 0 on reset
20:57:12.16   GameInfo::ResetInfo - SyncLevel set to 0 on reset
20:57:12.16   GameInfo::ResetInfo - SyncLevel set to 0 on reset
20:57:12.16   GameInfo::ResetInfo - SyncLevel set to 0 on reset
20:57:12.16   GameInfo::ResetInfo - SyncLevel set to 0 on reset
20:57:12.17   GameInfo::ResetInfo - SyncLevel set to 0 on reset
20:57:12.17   GameInfo::ResetInfo - SyncLevel set to 0 on reset
20:57:12.17   GameInfo::ResetInfo - SyncLevel set to 0 on reset
20:57:12.17   GameInfo::ResetInfo - SyncLevel set to 0 on reset
20:57:12.17   GameInfo::ResetInfo - SyncLevel set to 0 on reset
20:57:12.17   GameInfo::ResetInfo - SyncLevel set to 0 on reset
20:57:12.17   GameInfo::ResetInfo - SyncLevel set to 0 on reset
20:57:12.17   GameInfo::ResetInfo - SyncLevel set to 0 on reset
20:57:12.17   GameInfo::ResetInfo - SyncLevel set to 0 on reset
20:57:12.17   GameInfo::ResetInfo - SyncLevel set to 0 on reset
20:57:12.17   GameInfo::ResetInfo - SyncLevel set to 0 on reset
20:57:12.17   GameInfo::ResetInfo - SyncLevel set to 0 on reset
20:57:12.17   GameInfo::ResetInfo - SyncLevel set to 0 on reset
20:57:12.17   GameInfo::ResetInfo - SyncLevel set to 0 on reset
20:57:12.17   GameInfo::ResetInfo - SyncLevel set to 0 on reset
20:57:12.17   GameInfo::ResetInfo - SyncLevel set to 0 on reset
20:57:12.17   GameInfo::ResetInfo - SyncLevel set to 0 on reset
20:57:12.17   GameInfo::ResetInfo - SyncLevel set to 0 on reset
20:57:12.17   GameInfo::ResetInfo - SyncLevel set to 0 on reset
20:57:12.17   GameInfo::ResetInfo - SyncLevel set to 0 on reset
20:57:12.17   GameInfo::ResetInfo - SyncLevel set to 0 on reset
20:57:12.17   GameInfo::ResetInfo - SyncLevel set to 0 on reset
20:57:12.17   GameInfo::ResetInfo - SyncLevel set to 0 on reset
20:57:12.17   GameInfo::ResetInfo - SyncLevel set to 0 on reset
20:57:12.17   GameInfo::ResetInfo - SyncLevel set to 0 on reset
20:57:12.17   GameInfo::ResetInfo - SyncLevel set to 0 on reset
20:57:12.17   GameInfo::ResetInfo - SyncLevel set to 0 on reset
20:57:12.18   GameInfo::ResetInfo - SyncLevel set to 0 on reset
20:57:12.18   GameInfo::ResetInfo - SyncLevel set to 0 on reset
20:57:12.18   GameInfo::ResetInfo - SyncLevel set to 0 on reset
20:57:12.18   GameInfo::ResetInfo - SyncLevel set to 0 on reset
20:57:12.18   GameInfo::ResetInfo - SyncLevel set to 0 on reset
20:57:12.18   GameInfo::ResetInfo - SyncLevel set to 0 on reset
20:57:12.18   GameInfo::ResetInfo - SyncLevel set to 0 on reset
20:57:12.18   GameInfo::ResetInfo - SyncLevel set to 0 on reset
20:57:12.18   GameInfo::ResetInfo - SyncLevel set to 0 on reset
20:57:12.18   GameInfo::ResetInfo - SyncLevel set to 0 on reset
20:57:12.18   GameInfo::ResetInfo - SyncLevel set to 0 on reset
20:57:12.18   GameInfo::ResetInfo - SyncLevel set to 0 on reset
20:57:12.18   GameInfo::ResetInfo - SyncLevel set to 0 on reset
20:57:12.18   GameInfo::ResetInfo - SyncLevel set to 0 on reset
20:57:12.18   GameInfo::ResetInfo - SyncLevel set to 0 on reset
20:57:12.18   GameInfo::ResetInfo - SyncLevel set to 0 on reset
20:57:12.18   GameInfo::ResetInfo - SyncLevel set to 0 on reset
20:57:12.18   GameInfo::ResetInfo - SyncLevel set to 0 on reset
20:57:12.18   GameInfo::ResetInfo - SyncLevel set to 0 on reset
20:57:12.18   GameInfo::ResetInfo - SyncLevel set to 0 on reset
20:57:12.18   GameInfo::ResetInfo - SyncLevel set to 0 on reset
20:57:12.18   GameInfo::ResetInfo - SyncLevel set to 0 on reset
20:57:12.18   GameInfo::ResetInfo - SyncLevel set to 0 on reset
20:57:12.18   GameInfo::ResetInfo - SyncLevel set to 0 on reset
20:57:12.18   GameInfo::ResetInfo - SyncLevel set to 0 on reset
20:57:12.18   GameInfo::ResetInfo - SyncLevel set to 0 on reset
20:57:12.18   GameInfo::ResetInfo - SyncLevel set to 0 on reset
20:57:12.18   GameInfo::ResetInfo - SyncLevel set to 0 on reset
20:57:12.18   GameInfo::ResetInfo - SyncLevel set to 0 on reset
20:57:12.18   GameInfo::ResetInfo - SyncLevel set to 0 on reset
20:57:12.18   GameInfo::ResetInfo - SyncLevel set to 0 on reset
20:57:12.18   GameInfo::ResetInfo - SyncLevel set to 0 on reset
20:57:12.18   GameInfo::ResetInfo - SyncLevel set to 0 on reset
20:57:12.19   GameInfo::ResetInfo - SyncLevel set to 0 on reset
20:57:12.19   GameInfo::ResetInfo - SyncLevel set to 0 on reset
20:57:12.19   GameInfo::ResetInfo - SyncLevel set to 0 on reset
20:57:12.19   GameInfo::ResetInfo - SyncLevel set to 0 on reset
20:57:12.19   GameInfo::ResetInfo - SyncLevel set to 0 on reset
20:57:12.19   GameInfo::ResetInfo - SyncLevel set to 0 on reset
20:57:12.19   GameInfo::ResetInfo - SyncLevel set to 0 on reset
20:57:12.19   GameInfo::ResetInfo - SyncLevel set to 0 on reset
20:57:12.19   GameInfo::ResetInfo - SyncLevel set to 0 on reset
20:57:12.19   GameInfo::ResetInfo - SyncLevel set to 0 on reset
20:57:12.19   GameInfo::ResetInfo - SyncLevel set to 0 on reset
20:57:12.19   GameInfo::ResetInfo - SyncLevel set to 0 on reset
20:57:12.19   GameInfo::ResetInfo - SyncLevel set to 0 on reset
20:57:12.19   GameInfo::ResetInfo - SyncLevel set to 0 on reset
20:57:12.19   GameInfo::ResetInfo - SyncLevel set to 0 on reset
20:57:12.19   GameInfo::ResetInfo - SyncLevel set to 0 on reset
20:57:12.19   GameInfo::ResetInfo - SyncLevel set to 0 on reset
20:57:12.19   GameInfo::ResetInfo - SyncLevel set to 0 on reset
20:57:12.19   GameInfo::ResetInfo - SyncLevel set to 0 on reset
20:57:12.19   GameInfo::ResetInfo - SyncLevel set to 0 on reset
20:57:12.19   GameInfo::ResetInfo - SyncLevel set to 0 on reset
20:57:13.68   Activating screen: OnlineSelectGame
20:57:13.68   Activating screen: RelicOnlineTabs
20:57:13.75   GameInfo::ResetInfo - SyncLevel set to 0 on reset
20:57:13.75   GameInfo::ResetInfo - SyncLevel set to 0 on reset
20:57:13.75   GameInfo::ResetInfo - SyncLevel set to 0 on reset
20:57:13.75   GameInfo::ResetInfo - SyncLevel set to 0 on reset
20:57:13.75   GameInfo::ResetInfo - SyncLevel set to 0 on reset
20:57:13.75   GameInfo::ResetInfo - SyncLevel set to 0 on reset
20:57:13.75   GameInfo::ResetInfo - SyncLevel set to 0 on reset
20:57:13.75   GameInfo::ResetInfo - SyncLevel set to 0 on reset
20:57:13.75   GameInfo::ResetInfo - SyncLevel set to 0 on reset
20:57:13.75   GameInfo::ResetInfo - SyncLevel set to 0 on reset
20:57:13.75   GameInfo::ResetInfo - SyncLevel set to 0 on reset
20:57:13.75   GameInfo::ResetInfo - SyncLevel set to 0 on reset
20:57:13.75   GameInfo::ResetInfo - SyncLevel set to 0 on reset
20:57:13.75   GameInfo::ResetInfo - SyncLevel set to 0 on reset
20:57:13.75   GameInfo::ResetInfo - SyncLevel set to 0 on reset
20:57:13.75   GameInfo::ResetInfo - SyncLevel set to 0 on reset
20:57:13.75   GameInfo::ResetInfo - SyncLevel set to 0 on reset
20:57:13.75   GameInfo::ResetInfo - SyncLevel set to 0 on reset
20:57:13.75   GameInfo::ResetInfo - SyncLevel set to 0 on reset
20:57:13.75   GameInfo::ResetInfo - SyncLevel set to 0 on reset
20:57:13.76   GameInfo::ResetInfo - SyncLevel set to 0 on reset
20:57:13.76   GameInfo::ResetInfo - SyncLevel set to 0 on reset
20:57:13.76   GameInfo::ResetInfo - SyncLevel set to 0 on reset
20:57:13.76   GameInfo::ResetInfo - SyncLevel set to 0 on reset
20:57:13.76   GameInfo::ResetInfo - SyncLevel set to 0 on reset
20:57:13.76   GameInfo::ResetInfo - SyncLevel set to 0 on reset
20:57:13.76   GameInfo::ResetInfo - SyncLevel set to 0 on reset
20:57:13.76   GameInfo::ResetInfo - SyncLevel set to 0 on reset
20:57:13.76   GameInfo::ResetInfo - SyncLevel set to 0 on reset
20:57:13.76   GameInfo::ResetInfo - SyncLevel set to 0 on reset
20:57:13.76   GameInfo::ResetInfo - SyncLevel set to 0 on reset
20:57:13.76   GameInfo::ResetInfo - SyncLevel set to 0 on reset
20:57:13.76   GameInfo::ResetInfo - SyncLevel set to 0 on reset
20:57:13.76   GameInfo::ResetInfo - SyncLevel set to 0 on reset
20:57:13.76   GameInfo::ResetInfo - SyncLevel set to 0 on reset
20:57:13.76   GameInfo::ResetInfo - SyncLevel set to 0 on reset
20:57:13.76   GameInfo::ResetInfo - SyncLevel set to 0 on reset
20:57:13.76   GameInfo::ResetInfo - SyncLevel set to 0 on reset
20:57:13.76   GameInfo::ResetInfo - SyncLevel set to 0 on reset
20:57:13.76   GameInfo::ResetInfo - SyncLevel set to 0 on reset
20:57:13.76   GameInfo::ResetInfo - SyncLevel set to 0 on reset
20:57:13.76   GameInfo::ResetInfo - SyncLevel set to 0 on reset
20:57:13.77   GameInfo::ResetInfo - SyncLevel set to 0 on reset
20:57:13.77   GameInfo::ResetInfo - SyncLevel set to 0 on reset
20:57:13.77   GameInfo::ResetInfo - SyncLevel set to 0 on reset
20:57:13.77   GameInfo::ResetInfo - SyncLevel set to 0 on reset
20:57:13.77   GameInfo::ResetInfo - SyncLevel set to 0 on reset
20:57:13.77   GameInfo::ResetInfo - SyncLevel set to 0 on reset
20:57:13.77   GameInfo::ResetInfo - SyncLevel set to 0 on reset
20:57:13.77   GameInfo::ResetInfo - SyncLevel set to 0 on reset
20:57:13.77   GameInfo::ResetInfo - SyncLevel set to 0 on reset
20:57:13.77   GameInfo::ResetInfo - SyncLevel set to 0 on reset
20:57:13.77   GameInfo::ResetInfo - SyncLevel set to 0 on reset
20:57:13.77   GameInfo::ResetInfo - SyncLevel set to 0 on reset
20:57:13.77   GameInfo::ResetInfo - SyncLevel set to 0 on reset
20:57:13.77   GameInfo::ResetInfo - SyncLevel set to 0 on reset
20:57:13.77   GameInfo::ResetInfo - SyncLevel set to 0 on reset
20:57:13.77   GameInfo::ResetInfo - SyncLevel set to 0 on reset
20:57:13.77   GameInfo::ResetInfo - SyncLevel set to 0 on reset
20:57:13.77   GameInfo::ResetInfo - SyncLevel set to 0 on reset
20:57:13.77   GameInfo::ResetInfo - SyncLevel set to 0 on reset
20:57:13.77   GameInfo::ResetInfo - SyncLevel set to 0 on reset
20:57:13.77   GameInfo::ResetInfo - SyncLevel set to 0 on reset
20:57:13.77   GameInfo::ResetInfo - SyncLevel set to 0 on reset
20:57:13.77   GameInfo::ResetInfo - SyncLevel set to 0 on reset
20:57:13.78   GameInfo::ResetInfo - SyncLevel set to 0 on reset
20:57:13.78   GameInfo::ResetInfo - SyncLevel set to 0 on reset
20:57:13.78   GameInfo::ResetInfo - SyncLevel set to 0 on reset
20:57:13.78   GameInfo::ResetInfo - SyncLevel set to 0 on reset
20:57:13.78   GameInfo::ResetInfo - SyncLevel set to 0 on reset
20:57:13.78   GameInfo::ResetInfo - SyncLevel set to 0 on reset
20:57:13.78   GameInfo::ResetInfo - SyncLevel set to 0 on reset
20:57:13.78   GameInfo::ResetInfo - SyncLevel set to 0 on reset
20:57:13.78   GameInfo::ResetInfo - SyncLevel set to 0 on reset
20:57:13.78   GameInfo::ResetInfo - SyncLevel set to 0 on reset
20:57:13.78   GameInfo::ResetInfo - SyncLevel set to 0 on reset
20:57:13.78   GameInfo::ResetInfo - SyncLevel set to 0 on reset
20:57:13.78   GameInfo::ResetInfo - SyncLevel set to 0 on reset
20:57:13.78   GameInfo::ResetInfo - SyncLevel set to 0 on reset
20:57:13.78   GameInfo::ResetInfo - SyncLevel set to 0 on reset
20:57:13.78   GameInfo::ResetInfo - SyncLevel set to 0 on reset
20:57:13.78   GameInfo::ResetInfo - SyncLevel set to 0 on reset
20:57:13.78   GameInfo::ResetInfo - SyncLevel set to 0 on reset
20:57:13.78   GameInfo::ResetInfo - SyncLevel set to 0 on reset
20:57:13.78   GameInfo::ResetInfo - SyncLevel set to 0 on reset
20:57:13.78   GameInfo::ResetInfo - SyncLevel set to 0 on reset
20:57:13.78   GameInfo::ResetInfo - SyncLevel set to 0 on reset
20:57:13.78   GameInfo::ResetInfo - SyncLevel set to 0 on reset
20:57:13.78   GameInfo::ResetInfo - SyncLevel set to 0 on reset
20:57:13.78   GameInfo::ResetInfo - SyncLevel set to 0 on reset
20:57:13.78   GameInfo::ResetInfo - SyncLevel set to 0 on reset
20:57:13.78   GameInfo::ResetInfo - SyncLevel set to 0 on reset
20:57:13.78   GameInfo::ResetInfo - SyncLevel set to 0 on reset
20:57:13.78   GameInfo::ResetInfo - SyncLevel set to 0 on reset
20:57:13.78   GameInfo::ResetInfo - SyncLevel set to 0 on reset
20:57:13.78   GameInfo::ResetInfo - SyncLevel set to 0 on reset
20:57:13.79   GameInfo::ResetInfo - SyncLevel set to 0 on reset
20:57:13.79   GameInfo::ResetInfo - SyncLevel set to 0 on reset
20:57:13.79   GameInfo::ResetInfo - SyncLevel set to 0 on reset
20:57:13.79   GameInfo::ResetInfo - SyncLevel set to 0 on reset
20:57:13.79   GameInfo::ResetInfo - SyncLevel set to 0 on reset
20:57:13.79   GameInfo::ResetInfo - SyncLevel set to 0 on reset
20:57:13.79   GameInfo::ResetInfo - SyncLevel set to 0 on reset
20:57:13.79   GameInfo::ResetInfo - SyncLevel set to 0 on reset
20:57:13.79   GameInfo::ResetInfo - SyncLevel set to 0 on reset
20:57:13.79   GameInfo::ResetInfo - SyncLevel set to 0 on reset
20:57:13.79   GameInfo::ResetInfo - SyncLevel set to 0 on reset
20:57:13.79   GameInfo::ResetInfo - SyncLevel set to 0 on reset
20:57:13.79   GameInfo::ResetInfo - SyncLevel set to 0 on reset
20:57:13.79   GameInfo::ResetInfo - SyncLevel set to 0 on reset
20:57:13.79   GameInfo::ResetInfo - SyncLevel set to 0 on reset
20:57:13.79   GameInfo::ResetInfo - SyncLevel set to 0 on reset
20:57:13.79   GameInfo::ResetInfo - SyncLevel set to 0 on reset
20:57:13.79   GameInfo::ResetInfo - SyncLevel set to 0 on reset
20:57:13.80   GameInfo::ResetInfo - SyncLevel set to 0 on reset
20:57:13.80   GameInfo::ResetInfo - SyncLevel set to 0 on reset
20:57:13.80   GameInfo::ResetInfo - SyncLevel set to 0 on reset
20:57:13.80   GameInfo::ResetInfo - SyncLevel set to 0 on reset
20:57:13.80   GameInfo::ResetInfo - SyncLevel set to 0 on reset
20:57:13.80   GameInfo::ResetInfo - SyncLevel set to 0 on reset
20:57:13.80   GameInfo::ResetInfo - SyncLevel set to 0 on reset
20:57:13.80   GameInfo::ResetInfo - SyncLevel set to 0 on reset
20:57:13.80   GameInfo::ResetInfo - SyncLevel set to 0 on reset
20:57:13.80   GameInfo::ResetInfo - SyncLevel set to 0 on reset
20:57:13.80   GameInfo::ResetInfo - SyncLevel set to 0 on reset
20:57:13.80   GameInfo::ResetInfo - SyncLevel set to 0 on reset
20:57:13.80   GameInfo::ResetInfo - SyncLevel set to 0 on reset
20:57:13.80   GameInfo::ResetInfo - SyncLevel set to 0 on reset
20:57:13.80   GameInfo::ResetInfo - SyncLevel set to 0 on reset
20:57:13.80   GameInfo::ResetInfo - SyncLevel set to 0 on reset
20:57:13.80   GameInfo::ResetInfo - SyncLevel set to 0 on reset
20:57:13.80   GameInfo::ResetInfo - SyncLevel set to 0 on reset
20:57:13.80   GameInfo::ResetInfo - SyncLevel set to 0 on reset
20:57:13.80   GameInfo::ResetInfo - SyncLevel set to 0 on reset
20:57:13.80   GameInfo::ResetInfo - SyncLevel set to 0 on reset
20:57:13.80   GameInfo::ResetInfo - SyncLevel set to 0 on reset
20:57:13.80   GameInfo::ResetInfo - SyncLevel set to 0 on reset
20:57:13.80   GameInfo::ResetInfo - SyncLevel set to 0 on reset
20:57:13.80   GameInfo::ResetInfo - SyncLevel set to 0 on reset
20:57:13.80   GameInfo::ResetInfo - SyncLevel set to 0 on reset
20:57:13.80   GameInfo::ResetInfo - SyncLevel set to 0 on reset
20:57:13.80   GameInfo::ResetInfo - SyncLevel set to 0 on reset
20:57:13.80   GameInfo::ResetInfo - SyncLevel set to 0 on reset
20:57:13.80   GameInfo::ResetInfo - SyncLevel set to 0 on reset
20:57:13.80   GameInfo::ResetInfo - SyncLevel set to 0 on reset
20:57:13.80   GameInfo::ResetInfo - SyncLevel set to 0 on reset
20:57:13.80   GameInfo::ResetInfo - SyncLevel set to 0 on reset
20:57:13.81   GameInfo::ResetInfo - SyncLevel set to 0 on reset
20:57:13.81   GameInfo::ResetInfo - SyncLevel set to 0 on reset
20:57:13.81   GameInfo::ResetInfo - SyncLevel set to 0 on reset
20:57:13.81   GameInfo::ResetInfo - SyncLevel set to 0 on reset
20:57:13.81   GameInfo::ResetInfo - SyncLevel set to 0 on reset
20:57:13.81   GameInfo::ResetInfo - SyncLevel set to 0 on reset
20:57:13.81   GameInfo::ResetInfo - SyncLevel set to 0 on reset
20:57:13.81   GameInfo::ResetInfo - SyncLevel set to 0 on reset
20:57:13.81   GameInfo::ResetInfo - SyncLevel set to 0 on reset
20:57:13.81   GameInfo::ResetInfo - SyncLevel set to 0 on reset
20:57:13.81   GameInfo::ResetInfo - SyncLevel set to 0 on reset
20:57:13.81   GameInfo::ResetInfo - SyncLevel set to 0 on reset
20:57:13.81   GameInfo::ResetInfo - SyncLevel set to 0 on reset
20:57:13.81   GameInfo::ResetInfo - SyncLevel set to 0 on reset
20:57:13.81   GameInfo::ResetInfo - SyncLevel set to 0 on reset
20:57:13.81   GameInfo::ResetInfo - SyncLevel set to 0 on reset
20:57:13.81   GameInfo::ResetInfo - SyncLevel set to 0 on reset
20:57:13.81   GameInfo::ResetInfo - SyncLevel set to 0 on reset
20:57:13.81   GameInfo::ResetInfo - SyncLevel set to 0 on reset
20:57:13.81   GameInfo::ResetInfo - SyncLevel set to 0 on reset
20:57:13.81   GameInfo::ResetInfo - SyncLevel set to 0 on reset
20:57:13.81   GameInfo::ResetInfo - SyncLevel set to 0 on reset
20:57:13.81   GameInfo::ResetInfo - SyncLevel set to 0 on reset
20:57:13.81   GameInfo::ResetInfo - SyncLevel set to 0 on reset
20:57:13.81   GameInfo::ResetInfo - SyncLevel set to 0 on reset
20:57:13.81   GameInfo::ResetInfo - SyncLevel set to 0 on reset
20:57:13.81   GameInfo::ResetInfo - SyncLevel set to 0 on reset
20:57:13.81   GameInfo::ResetInfo - SyncLevel set to 0 on reset
20:57:13.81   GameInfo::ResetInfo - SyncLevel set to 0 on reset
20:57:13.81   GameInfo::ResetInfo - SyncLevel set to 0 on reset
20:57:13.81   GameInfo::ResetInfo - SyncLevel set to 0 on reset
20:57:13.81   GameInfo::ResetInfo - SyncLevel set to 0 on reset
20:57:13.82   GameInfo::ResetInfo - SyncLevel set to 0 on reset
20:57:13.82   GameInfo::ResetInfo - SyncLevel set to 0 on reset
20:57:13.82   GameInfo::ResetInfo - SyncLevel set to 0 on reset
20:57:13.82   GameInfo::ResetInfo - SyncLevel set to 0 on reset
20:57:13.82   GameInfo::ResetInfo - SyncLevel set to 0 on reset
20:57:13.82   GameInfo::ResetInfo - SyncLevel set to 0 on reset
20:57:13.82   GameInfo::ResetInfo - SyncLevel set to 0 on reset
20:57:13.82   GameInfo::ResetInfo - SyncLevel set to 0 on reset
20:57:13.82   GameInfo::ResetInfo - SyncLevel set to 0 on reset
20:57:13.82   GameInfo::ResetInfo - SyncLevel set to 0 on reset
20:57:13.82   GameInfo::ResetInfo - SyncLevel set to 0 on reset
20:57:13.82   GameInfo::ResetInfo - SyncLevel set to 0 on reset
20:57:13.82   GameInfo::ResetInfo - SyncLevel set to 0 on reset
20:57:13.82   GameInfo::ResetInfo - SyncLevel set to 0 on reset
20:57:13.82   GameInfo::ResetInfo - SyncLevel set to 0 on reset
20:57:13.82   GameInfo::ResetInfo - SyncLevel set to 0 on reset
20:57:13.83   GameInfo::ResetInfo - SyncLevel set to 0 on reset
20:57:13.83   GameInfo::ResetInfo - SyncLevel set to 0 on reset
20:57:13.83   GameInfo::ResetInfo - SyncLevel set to 0 on reset
20:57:13.83   GameInfo::ResetInfo - SyncLevel set to 0 on reset
20:57:13.83   GameInfo::ResetInfo - SyncLevel set to 0 on reset
20:57:13.83   GameInfo::ResetInfo - SyncLevel set to 0 on reset
20:57:13.83   GameInfo::ResetInfo - SyncLevel set to 0 on reset
20:57:13.83   GameInfo::ResetInfo - SyncLevel set to 0 on reset
20:57:13.83   GameInfo::ResetInfo - SyncLevel set to 0 on reset
20:57:13.83   GameInfo::ResetInfo - SyncLevel set to 0 on reset
20:57:13.83   GameInfo::ResetInfo - SyncLevel set to 0 on reset
20:57:13.83   GameInfo::ResetInfo - SyncLevel set to 0 on reset
20:57:13.83   GameInfo::ResetInfo - SyncLevel set to 0 on reset
20:57:13.83   GameInfo::ResetInfo - SyncLevel set to 0 on reset
20:57:13.83   GameInfo::ResetInfo - SyncLevel set to 0 on reset
20:57:13.83   GameInfo::ResetInfo - SyncLevel set to 0 on reset
20:57:13.83   GameInfo::ResetInfo - SyncLevel set to 0 on reset
20:57:13.83   GameInfo::ResetInfo - SyncLevel set to 0 on reset
20:57:13.83   GameInfo::ResetInfo - SyncLevel set to 0 on reset
20:57:13.83   GameInfo::ResetInfo - SyncLevel set to 0 on reset
20:57:13.83   GameInfo::ResetInfo - SyncLevel set to 0 on reset
20:57:13.83   GameInfo::ResetInfo - SyncLevel set to 0 on reset
20:57:13.83   GameInfo::ResetInfo - SyncLevel set to 0 on reset
20:57:13.83   GameInfo::ResetInfo - SyncLevel set to 0 on reset
20:57:13.83   GameInfo::ResetInfo - SyncLevel set to 0 on reset
20:57:13.83   GameInfo::ResetInfo - SyncLevel set to 0 on reset
20:57:13.83   GameInfo::ResetInfo - SyncLevel set to 0 on reset
20:57:13.83   GameInfo::ResetInfo - SyncLevel set to 0 on reset
20:57:13.83   GameInfo::ResetInfo - SyncLevel set to 0 on reset
20:57:13.83   GameInfo::ResetInfo - SyncLevel set to 0 on reset
20:57:13.83   GameInfo::ResetInfo - SyncLevel set to 0 on reset
20:57:13.83   GameInfo::ResetInfo - SyncLevel set to 0 on reset
20:57:13.83   GameInfo::ResetInfo - SyncLevel set to 0 on reset
20:57:13.83   GameInfo::ResetInfo - SyncLevel set to 0 on reset
20:57:13.83   GameInfo::ResetInfo - SyncLevel set to 0 on reset
20:57:13.83   GameInfo::ResetInfo - SyncLevel set to 0 on reset
20:57:13.84   GameInfo::ResetInfo - SyncLevel set to 0 on reset
20:57:13.84   GameInfo::ResetInfo - SyncLevel set to 0 on reset
20:57:13.84   GameInfo::ResetInfo - SyncLevel set to 0 on reset
20:57:13.84   GameInfo::ResetInfo - SyncLevel set to 0 on reset
20:57:13.84   GameInfo::ResetInfo - SyncLevel set to 0 on reset
20:57:13.84   GameInfo::ResetInfo - SyncLevel set to 0 on reset
20:57:13.84   GameInfo::ResetInfo - SyncLevel set to 0 on reset
20:57:13.84   GameInfo::ResetInfo - SyncLevel set to 0 on reset
20:57:13.84   GameInfo::ResetInfo - SyncLevel set to 0 on reset
20:57:13.84   GameInfo::ResetInfo - SyncLevel set to 0 on reset
20:57:13.84   GameInfo::ResetInfo - SyncLevel set to 0 on reset
20:57:13.84   GameInfo::ResetInfo - SyncLevel set to 0 on reset
20:57:13.84   GameInfo::ResetInfo - SyncLevel set to 0 on reset
20:57:13.84   GameInfo::ResetInfo - SyncLevel set to 0 on reset
20:57:13.84   GameInfo::ResetInfo - SyncLevel set to 0 on reset
20:57:13.84   GameInfo::ResetInfo - SyncLevel set to 0 on reset
20:57:13.84   GameInfo::ResetInfo - SyncLevel set to 0 on reset
20:57:13.84   GameInfo::ResetInfo - SyncLevel set to 0 on reset
20:57:13.84   GameInfo::ResetInfo - SyncLevel set to 0 on reset
20:57:13.84   GameInfo::ResetInfo - SyncLevel set to 0 on reset
20:57:13.84   GameInfo::ResetInfo - SyncLevel set to 0 on reset
20:57:13.85   GameInfo::ResetInfo - SyncLevel set to 0 on reset
20:57:13.85   GameInfo::ResetInfo - SyncLevel set to 0 on reset
20:57:13.85   GameInfo::ResetInfo - SyncLevel set to 0 on reset
20:57:13.85   GameInfo::ResetInfo - SyncLevel set to 0 on reset
20:57:13.85   GameInfo::ResetInfo - SyncLevel set to 0 on reset
20:57:13.85   GameInfo::ResetInfo - SyncLevel set to 0 on reset
20:57:13.85   GameInfo::ResetInfo - SyncLevel set to 0 on reset
20:57:13.85   GameInfo::ResetInfo - SyncLevel set to 0 on reset
20:57:13.85   GameInfo::ResetInfo - SyncLevel set to 0 on reset
20:57:13.85   GameInfo::ResetInfo - SyncLevel set to 0 on reset
20:57:13.85   GameInfo::ResetInfo - SyncLevel set to 0 on reset
20:57:13.85   GameInfo::ResetInfo - SyncLevel set to 0 on reset
20:57:13.85   GameInfo::ResetInfo - SyncLevel set to 0 on reset
20:57:13.85   GameInfo::ResetInfo - SyncLevel set to 0 on reset
20:57:13.85   GameInfo::ResetInfo - SyncLevel set to 0 on reset
20:57:13.85   GameInfo::ResetInfo - SyncLevel set to 0 on reset
20:57:13.85   GameInfo::ResetInfo - SyncLevel set to 0 on reset
20:57:13.85   GameInfo::ResetInfo - SyncLevel set to 0 on reset
20:57:13.85   GameInfo::ResetInfo - SyncLevel set to 0 on reset
20:57:13.85   GameInfo::ResetInfo - SyncLevel set to 0 on reset
20:57:13.85   GameInfo::ResetInfo - SyncLevel set to 0 on reset
20:57:13.85   GameInfo::ResetInfo - SyncLevel set to 0 on reset
20:57:13.85   GameInfo::ResetInfo - SyncLevel set to 0 on reset
20:57:13.85   GameInfo::ResetInfo - SyncLevel set to 0 on reset
20:57:13.85   GameInfo::ResetInfo - SyncLevel set to 0 on reset
20:57:13.85   GameInfo::ResetInfo - SyncLevel set to 0 on reset
20:57:13.85   GameInfo::ResetInfo - SyncLevel set to 0 on reset
20:57:13.85   GameInfo::ResetInfo - SyncLevel set to 0 on reset
20:57:13.85   GameInfo::ResetInfo - SyncLevel set to 0 on reset
20:57:13.85   GameInfo::ResetInfo - SyncLevel set to 0 on reset
20:57:13.85   GameInfo::ResetInfo - SyncLevel set to 0 on reset
20:57:13.86   GameInfo::ResetInfo - SyncLevel set to 0 on reset
20:57:13.86   GameInfo::ResetInfo - SyncLevel set to 0 on reset
20:57:13.86   GameInfo::ResetInfo - SyncLevel set to 0 on reset
20:57:13.86   GameInfo::ResetInfo - SyncLevel set to 0 on reset
20:57:13.86   GameInfo::ResetInfo - SyncLevel set to 0 on reset
20:57:13.86   GameInfo::ResetInfo - SyncLevel set to 0 on reset
20:57:13.86   GameInfo::ResetInfo - SyncLevel set to 0 on reset
20:57:13.86   GameInfo::ResetInfo - SyncLevel set to 0 on reset
20:57:13.86   GameInfo::ResetInfo - SyncLevel set to 0 on reset
20:57:13.86   GameInfo::ResetInfo - SyncLevel set to 0 on reset
20:57:13.86   GameInfo::ResetInfo - SyncLevel set to 0 on reset
20:57:13.86   GameInfo::ResetInfo - SyncLevel set to 0 on reset
20:57:13.86   GameInfo::ResetInfo - SyncLevel set to 0 on reset
20:57:13.86   GameInfo::ResetInfo - SyncLevel set to 0 on reset
20:57:13.86   GameInfo::ResetInfo - SyncLevel set to 0 on reset
20:57:13.86   GameInfo::ResetInfo - SyncLevel set to 0 on reset
20:57:13.86   GameInfo::ResetInfo - SyncLevel set to 0 on reset
20:57:13.86   GameInfo::ResetInfo - SyncLevel set to 0 on reset
20:57:13.86   GameInfo::ResetInfo - SyncLevel set to 0 on reset
20:57:13.86   GameInfo::ResetInfo - SyncLevel set to 0 on reset
20:57:13.86   GameInfo::ResetInfo - SyncLevel set to 0 on reset
20:57:13.86   GameInfo::ResetInfo - SyncLevel set to 0 on reset
20:57:13.86   GameInfo::ResetInfo - SyncLevel set to 0 on reset
20:57:13.86   GameInfo::ResetInfo - SyncLevel set to 0 on reset
20:57:13.86   GameInfo::ResetInfo - SyncLevel set to 0 on reset
20:57:13.86   GameInfo::ResetInfo - SyncLevel set to 0 on reset
20:57:13.86   GameInfo::ResetInfo - SyncLevel set to 0 on reset
20:57:13.86   GameInfo::ResetInfo - SyncLevel set to 0 on reset
20:57:13.86   GameInfo::ResetInfo - SyncLevel set to 0 on reset
20:57:13.86   GameInfo::ResetInfo - SyncLevel set to 0 on reset
20:57:13.87   GameInfo::ResetInfo - SyncLevel set to 0 on reset
20:57:13.87   GameInfo::ResetInfo - SyncLevel set to 0 on reset
20:57:13.87   GameInfo::ResetInfo - SyncLevel set to 0 on reset
20:57:13.87   GameInfo::ResetInfo - SyncLevel set to 0 on reset
20:57:13.87   GameInfo::ResetInfo - SyncLevel set to 0 on reset
20:57:13.87   GameInfo::ResetInfo - SyncLevel set to 0 on reset
20:57:13.87   GameInfo::ResetInfo - SyncLevel set to 0 on reset
20:57:13.87   GameInfo::ResetInfo - SyncLevel set to 0 on reset
20:57:13.87   GameInfo::ResetInfo - SyncLevel set to 0 on reset
20:57:13.87   GameInfo::ResetInfo - SyncLevel set to 0 on reset
20:57:13.87   GameInfo::ResetInfo - SyncLevel set to 0 on reset
20:57:13.87   GameInfo::ResetInfo - SyncLevel set to 0 on reset
20:57:13.87   GameInfo::ResetInfo - SyncLevel set to 0 on reset
20:57:13.87   GameInfo::ResetInfo - SyncLevel set to 0 on reset
20:57:13.87   GameInfo::ResetInfo - SyncLevel set to 0 on reset
20:57:13.87   GameInfo::ResetInfo - SyncLevel set to 0 on reset
20:57:13.87   GameInfo::ResetInfo - SyncLevel set to 0 on reset
20:57:13.87   GameInfo::ResetInfo - SyncLevel set to 0 on reset
20:57:13.87   GameInfo::ResetInfo - SyncLevel set to 0 on reset
20:57:13.87   GameInfo::ResetInfo - SyncLevel set to 0 on reset
20:57:13.87   GameInfo::ResetInfo - SyncLevel set to 0 on reset
20:57:13.87   GameInfo::ResetInfo - SyncLevel set to 0 on reset
20:57:13.87   GameInfo::ResetInfo - SyncLevel set to 0 on reset
20:57:13.87   GameInfo::ResetInfo - SyncLevel set to 0 on reset
20:57:13.87   GameInfo::ResetInfo - SyncLevel set to 0 on reset
20:57:13.87   GameInfo::ResetInfo - SyncLevel set to 0 on reset
20:57:13.87   GameInfo::ResetInfo - SyncLevel set to 0 on reset
20:57:13.87   GameInfo::ResetInfo - SyncLevel set to 0 on reset
20:57:13.87   GameInfo::ResetInfo - SyncLevel set to 0 on reset
20:57:13.88   GameInfo::ResetInfo - SyncLevel set to 0 on reset
20:57:13.88   GameInfo::ResetInfo - SyncLevel set to 0 on reset
20:57:13.88   GameInfo::ResetInfo - SyncLevel set to 0 on reset
20:57:13.88   GameInfo::ResetInfo - SyncLevel set to 0 on reset
20:57:13.88   GameInfo::ResetInfo - SyncLevel set to 0 on reset
20:57:13.88   GameInfo::ResetInfo - SyncLevel set to 0 on reset
20:57:13.88   GameInfo::ResetInfo - SyncLevel set to 0 on reset
20:57:13.88   GameInfo::ResetInfo - SyncLevel set to 0 on reset
20:57:13.88   GameInfo::ResetInfo - SyncLevel set to 0 on reset
20:57:13.88   GameInfo::ResetInfo - SyncLevel set to 0 on reset
20:57:13.88   GameInfo::ResetInfo - SyncLevel set to 0 on reset
20:57:13.88   GameInfo::ResetInfo - SyncLevel set to 0 on reset
20:57:13.88   GameInfo::ResetInfo - SyncLevel set to 0 on reset
20:57:13.88   GameInfo::ResetInfo - SyncLevel set to 0 on reset
20:57:13.88   GameInfo::ResetInfo - SyncLevel set to 0 on reset
20:57:13.88   GameInfo::ResetInfo - SyncLevel set to 0 on reset
20:57:13.88   GameInfo::ResetInfo - SyncLevel set to 0 on reset
20:57:13.88   GameInfo::ResetInfo - SyncLevel set to 0 on reset
20:57:13.88   GameInfo::ResetInfo - SyncLevel set to 0 on reset
20:57:13.88   GameInfo::ResetInfo - SyncLevel set to 0 on reset
20:57:13.88   GameInfo::ResetInfo - SyncLevel set to 0 on reset
20:57:13.88   GameInfo::ResetInfo - SyncLevel set to 0 on reset
20:57:13.88   GameInfo::ResetInfo - SyncLevel set to 0 on reset
20:57:13.88   GameInfo::ResetInfo - SyncLevel set to 0 on reset
20:57:13.88   GameInfo::ResetInfo - SyncLevel set to 0 on reset
20:57:13.88   GameInfo::ResetInfo - SyncLevel set to 0 on reset
20:57:13.88   GameInfo::ResetInfo - SyncLevel set to 0 on reset
20:57:13.89   GameInfo::ResetInfo - SyncLevel set to 0 on reset
20:57:13.89   GameInfo::ResetInfo - SyncLevel set to 0 on reset
20:57:13.89   GameInfo::ResetInfo - SyncLevel set to 0 on reset
20:57:13.89   GameInfo::ResetInfo - SyncLevel set to 0 on reset
20:57:13.89   GameInfo::ResetInfo - SyncLevel set to 0 on reset
20:57:13.89   GameInfo::ResetInfo - SyncLevel set to 0 on reset
20:57:13.89   GameInfo::ResetInfo - SyncLevel set to 0 on reset
20:57:13.89   GameInfo::ResetInfo - SyncLevel set to 0 on reset
20:57:13.89   GAME -- Error reading header for recorded game PLAYBACK:4p_rails_and_metal20110731195813__[GameReplays.org].rec
20:57:13.89   GameInfo::ResetInfo - SyncLevel set to 0 on reset
20:57:13.89   GameInfo::ResetInfo - SyncLevel set to 0 on reset
20:57:13.89   GAME -- Error reading header for recorded game PLAYBACK:4p_rails_and_metal20110801000124__[GameReplays.org].rec
20:57:13.89   GameInfo::ResetInfo - SyncLevel set to 0 on reset
20:57:13.89   GameInfo::ResetInfo - SyncLevel set to 0 on reset
20:57:13.89   GAME -- Error reading header for recorded game PLAYBACK:4p_rails_and_metal20120827200108__[GameReplays.org].rec
20:57:13.89   GameInfo::ResetInfo - SyncLevel set to 0 on reset
20:57:13.89   GameInfo::ResetInfo - SyncLevel set to 0 on reset
20:57:13.89   GameInfo::ResetInfo - SyncLevel set to 0 on reset
20:57:13.89   GameInfo::ResetInfo - SyncLevel set to 0 on reset
20:57:13.89   GameInfo::ResetInfo - SyncLevel set to 0 on reset
20:57:13.89   GameInfo::ResetInfo - SyncLevel set to 0 on reset
20:57:13.89   GameInfo::ResetInfo - SyncLevel set to 0 on reset
20:57:13.89   GameInfo::ResetInfo - SyncLevel set to 0 on reset
20:57:13.89   GameInfo::ResetInfo - SyncLevel set to 0 on reset
20:57:13.89   GameInfo::ResetInfo - SyncLevel set to 0 on reset
20:57:13.89   GameInfo::ResetInfo - SyncLevel set to 0 on reset
20:57:13.89   GameInfo::ResetInfo - SyncLevel set to 0 on reset
20:57:13.89   GameInfo::ResetInfo - SyncLevel set to 0 on reset
20:57:13.89   GameInfo::ResetInfo - SyncLevel set to 0 on reset
20:57:13.89   GameInfo::ResetInfo - SyncLevel set to 0 on reset
20:57:13.89   GameInfo::ResetInfo - SyncLevel set to 0 on reset
20:57:13.89   GameInfo::ResetInfo - SyncLevel set to 0 on reset
20:57:13.89   GameInfo::ResetInfo - SyncLevel set to 0 on reset
20:57:13.89   GameInfo::ResetInfo - SyncLevel set to 0 on reset
20:57:13.89   GameInfo::ResetInfo - SyncLevel set to 0 on reset
20:57:13.89   GameInfo::ResetInfo - SyncLevel set to 0 on reset
20:57:13.89   GameInfo::ResetInfo - SyncLevel set to 0 on reset
20:57:13.89   GameInfo::ResetInfo - SyncLevel set to 0 on reset
20:57:13.89   GameInfo::ResetInfo - SyncLevel set to 0 on reset
20:57:13.90   GameInfo::ResetInfo - SyncLevel set to 0 on reset
20:57:13.90   GameInfo::ResetInfo - SyncLevel set to 0 on reset
20:57:13.90   GameInfo::ResetInfo - SyncLevel set to 0 on reset
20:57:13.90   GameInfo::ResetInfo - SyncLevel set to 0 on reset
20:57:13.90   GameInfo::ResetInfo - SyncLevel set to 0 on reset
20:57:13.90   GameInfo::ResetInfo - SyncLevel set to 0 on reset
20:57:13.90   GameInfo::ResetInfo - SyncLevel set to 0 on reset
20:57:13.90   GameInfo::ResetInfo - SyncLevel set to 0 on reset
20:57:13.90   GameInfo::ResetInfo - SyncLevel set to 0 on reset
20:57:13.90   GameInfo::ResetInfo - SyncLevel set to 0 on reset
20:57:13.90   GameInfo::ResetInfo - SyncLevel set to 0 on reset
20:57:13.90   GameInfo::ResetInfo - SyncLevel set to 0 on reset
20:57:13.90   GameInfo::ResetInfo - SyncLevel set to 0 on reset
20:57:13.90   GameInfo::ResetInfo - SyncLevel set to 0 on reset
20:57:13.90   GameInfo::ResetInfo - SyncLevel set to 0 on reset
20:57:13.90   GameInfo::ResetInfo - SyncLevel set to 0 on reset
20:57:13.90   GameInfo::ResetInfo - SyncLevel set to 0 on reset
20:57:13.90   GameInfo::ResetInfo - SyncLevel set to 0 on reset
20:57:13.90   GameInfo::ResetInfo - SyncLevel set to 0 on reset
20:57:13.90   GameInfo::ResetInfo - SyncLevel set to 0 on reset
20:57:13.90   GameInfo::ResetInfo - SyncLevel set to 0 on reset
20:57:13.90   GameInfo::ResetInfo - SyncLevel set to 0 on reset
20:57:13.90   GameInfo::ResetInfo - SyncLevel set to 0 on reset
20:57:13.90   GameInfo::ResetInfo - SyncLevel set to 0 on reset
20:57:13.91   GameInfo::ResetInfo - SyncLevel set to 0 on reset
20:57:13.91   GameInfo::ResetInfo - SyncLevel set to 0 on reset
20:57:13.91   GameInfo::ResetInfo - SyncLevel set to 0 on reset
20:57:13.91   GameInfo::ResetInfo - SyncLevel set to 0 on reset
20:57:13.91   GameInfo::ResetInfo - SyncLevel set to 0 on reset
20:57:13.91   GameInfo::ResetInfo - SyncLevel set to 0 on reset
20:57:13.91   GameInfo::ResetInfo - SyncLevel set to 0 on reset
20:57:13.91   GameInfo::ResetInfo - SyncLevel set to 0 on reset
20:57:13.91   GameInfo::ResetInfo - SyncLevel set to 0 on reset
20:57:13.91   GameInfo::ResetInfo - SyncLevel set to 0 on reset
20:57:13.91   GameInfo::ResetInfo - SyncLevel set to 0 on reset
20:57:13.91   GameInfo::ResetInfo - SyncLevel set to 0 on reset
20:57:13.91   GameInfo::ResetInfo - SyncLevel set to 0 on reset
20:57:13.91   GameInfo::ResetInfo - SyncLevel set to 0 on reset
20:57:13.91   GameInfo::ResetInfo - SyncLevel set to 0 on reset
20:57:13.91   GameInfo::ResetInfo - SyncLevel set to 0 on reset
20:57:13.91   GameInfo::ResetInfo - SyncLevel set to 0 on reset
20:57:13.91   GameInfo::ResetInfo - SyncLevel set to 0 on reset
20:57:13.91   GameInfo::ResetInfo - SyncLevel set to 0 on reset
20:57:13.91   GameInfo::ResetInfo - SyncLevel set to 0 on reset
20:57:13.91   GameInfo::ResetInfo - SyncLevel set to 0 on reset
20:57:13.91   GameInfo::ResetInfo - SyncLevel set to 0 on reset
20:57:13.91   GameInfo::ResetInfo - SyncLevel set to 0 on reset
20:57:13.91   GameInfo::ResetInfo - SyncLevel set to 0 on reset
20:57:13.91   GameInfo::ResetInfo - SyncLevel set to 0 on reset
20:57:13.91   GameInfo::ResetInfo - SyncLevel set to 0 on reset
20:57:13.91   GameInfo::ResetInfo - SyncLevel set to 0 on reset
20:57:13.91   GameInfo::ResetInfo - SyncLevel set to 0 on reset
20:57:13.91   GameInfo::ResetInfo - SyncLevel set to 0 on reset
20:57:13.91   GameInfo::ResetInfo - SyncLevel set to 0 on reset
20:57:13.91   GameInfo::ResetInfo - SyncLevel set to 0 on reset
20:57:13.91   GameInfo::ResetInfo - SyncLevel set to 0 on reset
20:57:13.91   GameInfo::ResetInfo - SyncLevel set to 0 on reset
20:57:13.92   GameInfo::ResetInfo - SyncLevel set to 0 on reset
20:57:13.92   GameInfo::ResetInfo - SyncLevel set to 0 on reset
20:57:13.92   GameInfo::ResetInfo - SyncLevel set to 0 on reset
20:57:13.92   GameInfo::ResetInfo - SyncLevel set to 0 on reset
20:57:13.92   GameInfo::ResetInfo - SyncLevel set to 0 on reset
20:57:13.92   GameInfo::ResetInfo - SyncLevel set to 0 on reset
20:57:13.92   GameInfo::ResetInfo - SyncLevel set to 0 on reset
20:57:13.92   GameInfo::ResetInfo - SyncLevel set to 0 on reset
20:57:13.92   GameInfo::ResetInfo - SyncLevel set to 0 on reset
20:57:13.92   GameInfo::ResetInfo - SyncLevel set to 0 on reset
20:57:13.92   GameInfo::ResetInfo - SyncLevel set to 0 on reset
20:57:13.92   GameInfo::ResetInfo - SyncLevel set to 0 on reset
20:57:13.92   GameInfo::ResetInfo - SyncLevel set to 0 on reset
20:57:13.92   GameInfo::ResetInfo - SyncLevel set to 0 on reset
20:57:13.92   GameInfo::ResetInfo - SyncLevel set to 0 on reset
20:57:13.92   GameInfo::ResetInfo - SyncLevel set to 0 on reset
20:57:13.92   GameInfo::ResetInfo - SyncLevel set to 0 on reset
20:57:13.92   GameInfo::ResetInfo - SyncLevel set to 0 on reset
20:57:13.92   GameInfo::ResetInfo - SyncLevel set to 0 on reset
20:57:13.92   GameInfo::ResetInfo - SyncLevel set to 0 on reset
20:57:13.92   GameInfo::ResetInfo - SyncLevel set to 0 on reset
20:57:13.92   GameInfo::ResetInfo - SyncLevel set to 0 on reset
20:57:13.92   GameInfo::ResetInfo - SyncLevel set to 0 on reset
20:57:13.92   GameInfo::ResetInfo - SyncLevel set to 0 on reset
20:57:13.92   GameInfo::ResetInfo - SyncLevel set to 0 on reset
20:57:13.92   GameInfo::ResetInfo - SyncLevel set to 0 on reset
20:57:13.92   GameInfo::ResetInfo - SyncLevel set to 0 on reset
20:57:13.92   GameInfo::ResetInfo - SyncLevel set to 0 on reset
20:57:13.92   GameInfo::ResetInfo - SyncLevel set to 0 on reset
20:57:13.92   GameInfo::ResetInfo - SyncLevel set to 0 on reset
20:57:13.92   GameInfo::ResetInfo - SyncLevel set to 0 on reset
20:57:13.92   GameInfo::ResetInfo - SyncLevel set to 0 on reset
20:57:13.92   GameInfo::ResetInfo - SyncLevel set to 0 on reset
20:57:13.92   GameInfo::ResetInfo - SyncLevel set to 0 on reset
20:57:13.92   GameInfo::ResetInfo - SyncLevel set to 0 on reset
20:57:13.92   GameInfo::ResetInfo - SyncLevel set to 0 on reset
20:57:13.92   GameInfo::ResetInfo - SyncLevel set to 0 on reset
20:57:13.92   GameInfo::ResetInfo - SyncLevel set to 0 on reset
20:57:13.93   GameInfo::ResetInfo - SyncLevel set to 0 on reset
20:57:13.93   GameInfo::ResetInfo - SyncLevel set to 0 on reset
20:57:13.93   GameInfo::ResetInfo - SyncLevel set to 0 on reset
20:57:13.93   GameInfo::ResetInfo - SyncLevel set to 0 on reset
20:57:13.93   GameInfo::ResetInfo - SyncLevel set to 0 on reset
20:57:13.93   GameInfo::ResetInfo - SyncLevel set to 0 on reset
20:57:13.93   GameInfo::ResetInfo - SyncLevel set to 0 on reset
20:57:13.93   GameInfo::ResetInfo - SyncLevel set to 0 on reset
20:57:13.93   GameInfo::ResetInfo - SyncLevel set to 0 on reset
20:57:13.93   GAME -- Error reading header for recorded game PLAYBACK:4p_wolfheze20090305210256__[GameReplays.org].rec
20:57:13.93   GameInfo::ResetInfo - SyncLevel set to 0 on reset
20:57:13.93   GameInfo::ResetInfo - SyncLevel set to 0 on reset
20:57:13.93   GameInfo::ResetInfo - SyncLevel set to 0 on reset
20:57:13.93   GameInfo::ResetInfo - SyncLevel set to 0 on reset
20:57:13.93   GameInfo::ResetInfo - SyncLevel set to 0 on reset
20:57:13.93   GameInfo::ResetInfo - SyncLevel set to 0 on reset
20:57:13.93   GameInfo::ResetInfo - SyncLevel set to 0 on reset
20:57:13.93   GameInfo::ResetInfo - SyncLevel set to 0 on reset
20:57:13.93   GameInfo::ResetInfo - SyncLevel set to 0 on reset
20:57:13.93   GameInfo::ResetInfo - SyncLevel set to 0 on reset
20:57:13.93   GameInfo::ResetInfo - SyncLevel set to 0 on reset
20:57:13.93   GameInfo::ResetInfo - SyncLevel set to 0 on reset
20:57:13.93   GameInfo::ResetInfo - SyncLevel set to 0 on reset
20:57:13.93   GameInfo::ResetInfo - SyncLevel set to 0 on reset
20:57:13.94   GameInfo::ResetInfo - SyncLevel set to 0 on reset
20:57:13.94   GameInfo::ResetInfo - SyncLevel set to 0 on reset
20:57:13.94   GameInfo::ResetInfo - SyncLevel set to 0 on reset
20:57:13.94   GameInfo::ResetInfo - SyncLevel set to 0 on reset
20:57:13.94   GameInfo::ResetInfo - SyncLevel set to 0 on reset
20:57:13.94   GameInfo::ResetInfo - SyncLevel set to 0 on reset
20:57:13.94   GameInfo::ResetInfo - SyncLevel set to 0 on reset
20:57:13.94   GameInfo::ResetInfo - SyncLevel set to 0 on reset
20:57:13.94   GameInfo::ResetInfo - SyncLevel set to 0 on reset
20:57:13.94   GameInfo::ResetInfo - SyncLevel set to 0 on reset
20:57:13.94   GameInfo::ResetInfo - SyncLevel set to 0 on reset
20:57:13.94   GameInfo::ResetInfo - SyncLevel set to 0 on reset
20:57:13.94   GameInfo::ResetInfo - SyncLevel set to 0 on reset
20:57:13.94   GameInfo::ResetInfo - SyncLevel set to 0 on reset
20:57:13.94   GameInfo::ResetInfo - SyncLevel set to 0 on reset
20:57:13.94   GameInfo::ResetInfo - SyncLevel set to 0 on reset
20:57:13.94   GameInfo::ResetInfo - SyncLevel set to 0 on reset
20:57:13.94   GameInfo::ResetInfo - SyncLevel set to 0 on reset
20:57:13.94   GameInfo::ResetInfo - SyncLevel set to 0 on reset
20:57:13.94   GameInfo::ResetInfo - SyncLevel set to 0 on reset
20:57:13.94   GameInfo::ResetInfo - SyncLevel set to 0 on reset
20:57:13.94   GameInfo::ResetInfo - SyncLevel set to 0 on reset
20:57:13.94   GameInfo::ResetInfo - SyncLevel set to 0 on reset
20:57:13.94   GameInfo::ResetInfo - SyncLevel set to 0 on reset
20:57:13.94   GameInfo::ResetInfo - SyncLevel set to 0 on reset
20:57:13.94   GameInfo::ResetInfo - SyncLevel set to 0 on reset
20:57:13.94   GameInfo::ResetInfo - SyncLevel set to 0 on reset
20:57:13.94   GameInfo::ResetInfo - SyncLevel set to 0 on reset
20:57:13.94   GameInfo::ResetInfo - SyncLevel set to 0 on reset
20:57:13.94   GameInfo::ResetInfo - SyncLevel set to 0 on reset
20:57:13.94   GameInfo::ResetInfo - SyncLevel set to 0 on reset
20:57:13.95   GameInfo::ResetInfo - SyncLevel set to 0 on reset
20:57:13.95   GameInfo::ResetInfo - SyncLevel set to 0 on reset
20:57:13.95   GameInfo::ResetInfo - SyncLevel set to 0 on reset
20:57:13.95   GameInfo::ResetInfo - SyncLevel set to 0 on reset
20:57:13.95   GameInfo::ResetInfo - SyncLevel set to 0 on reset
20:57:13.95   GameInfo::ResetInfo - SyncLevel set to 0 on reset
20:57:13.95   GameInfo::ResetInfo - SyncLevel set to 0 on reset
20:57:13.95   GameInfo::ResetInfo - SyncLevel set to 0 on reset
20:57:13.95   GameInfo::ResetInfo - SyncLevel set to 0 on reset
20:57:13.95   GameInfo::ResetInfo - SyncLevel set to 0 on reset
20:57:13.95   GameInfo::ResetInfo - SyncLevel set to 0 on reset
20:57:13.95   GameInfo::ResetInfo - SyncLevel set to 0 on reset
20:57:13.95   GameInfo::ResetInfo - SyncLevel set to 0 on reset
20:57:13.95   GameInfo::ResetInfo - SyncLevel set to 0 on reset
20:57:13.95   GameInfo::ResetInfo - SyncLevel set to 0 on reset
20:57:13.95   GameInfo::ResetInfo - SyncLevel set to 0 on reset
20:57:13.95   GameInfo::ResetInfo - SyncLevel set to 0 on reset
20:57:13.95   GameInfo::ResetInfo - SyncLevel set to 0 on reset
20:57:13.95   GameInfo::ResetInfo - SyncLevel set to 0 on reset
20:57:13.95   GameInfo::ResetInfo - SyncLevel set to 0 on reset
20:57:13.95   GameInfo::ResetInfo - SyncLevel set to 0 on reset
20:57:13.95   GameInfo::ResetInfo - SyncLevel set to 0 on reset
20:57:13.95   GameInfo::ResetInfo - SyncLevel set to 0 on reset
20:57:13.95   GameInfo::ResetInfo - SyncLevel set to 0 on reset
20:57:13.95   GameInfo::ResetInfo - SyncLevel set to 0 on reset
20:57:13.95   GameInfo::ResetInfo - SyncLevel set to 0 on reset
20:57:13.95   GameInfo::ResetInfo - SyncLevel set to 0 on reset
20:57:13.95   GameInfo::ResetInfo - SyncLevel set to 0 on reset
20:57:13.95   GameInfo::ResetInfo - SyncLevel set to 0 on reset
20:57:13.95   GameInfo::ResetInfo - SyncLevel set to 0 on reset
20:57:13.95   GameInfo::ResetInfo - SyncLevel set to 0 on reset
20:57:13.95   GameInfo::ResetInfo - SyncLevel set to 0 on reset
20:57:13.96   GameInfo::ResetInfo - SyncLevel set to 0 on reset
20:57:13.96   GameInfo::ResetInfo - SyncLevel set to 0 on reset
20:57:13.96   GameInfo::ResetInfo - SyncLevel set to 0 on reset
20:57:13.96   GameInfo::ResetInfo - SyncLevel set to 0 on reset
20:57:13.96   GameInfo::ResetInfo - SyncLevel set to 0 on reset
20:57:13.96   GameInfo::ResetInfo - SyncLevel set to 0 on reset
20:57:13.96   GameInfo::ResetInfo - SyncLevel set to 0 on reset
20:57:13.96   GameInfo::ResetInfo - SyncLevel set to 0 on reset
20:57:13.96   GameInfo::ResetInfo - SyncLevel set to 0 on reset
20:57:13.96   GameInfo::ResetInfo - SyncLevel set to 0 on reset
20:57:13.96   GameInfo::ResetInfo - SyncLevel set to 0 on reset
20:57:13.96   GameInfo::ResetInfo - SyncLevel set to 0 on reset
20:57:13.96   GameInfo::ResetInfo - SyncLevel set to 0 on reset
20:57:13.96   GameInfo::ResetInfo - SyncLevel set to 0 on reset
20:57:13.96   GameInfo::ResetInfo - SyncLevel set to 0 on reset
20:57:13.96   GameInfo::ResetInfo - SyncLevel set to 0 on reset
20:57:13.96   GameInfo::ResetInfo - SyncLevel set to 0 on reset
20:57:13.96   GameInfo::ResetInfo - SyncLevel set to 0 on reset
20:57:13.97   GameInfo::ResetInfo - SyncLevel set to 0 on reset
20:57:13.97   GameInfo::ResetInfo - SyncLevel set to 0 on reset
20:57:13.97   GameInfo::ResetInfo - SyncLevel set to 0 on reset
20:57:13.97   GameInfo::ResetInfo - SyncLevel set to 0 on reset
20:57:13.97   GameInfo::ResetInfo - SyncLevel set to 0 on reset
20:57:13.97   GameInfo::ResetInfo - SyncLevel set to 0 on reset
20:57:13.97   GameInfo::ResetInfo - SyncLevel set to 0 on reset
20:57:13.97   GameInfo::ResetInfo - SyncLevel set to 0 on reset
20:57:13.97   GameInfo::ResetInfo - SyncLevel set to 0 on reset
20:57:13.97   GameInfo::ResetInfo - SyncLevel set to 0 on reset
20:57:13.97   GameInfo::ResetInfo - SyncLevel set to 0 on reset
20:57:13.97   GameInfo::ResetInfo - SyncLevel set to 0 on reset
20:57:13.97   GameInfo::ResetInfo - SyncLevel set to 0 on reset
20:57:13.97   GameInfo::ResetInfo - SyncLevel set to 0 on reset
20:57:13.97   GameInfo::ResetInfo - SyncLevel set to 0 on reset
20:57:13.97   GameInfo::ResetInfo - SyncLevel set to 0 on reset
20:57:13.97   GameInfo::ResetInfo - SyncLevel set to 0 on reset
20:57:13.97   GameInfo::ResetInfo - SyncLevel set to 0 on reset
20:57:13.97   GameInfo::ResetInfo - SyncLevel set to 0 on reset
20:57:13.97   GameInfo::ResetInfo - SyncLevel set to 0 on reset
20:57:13.97   GameInfo::ResetInfo - SyncLevel set to 0 on reset
20:57:13.97   GameInfo::ResetInfo - SyncLevel set to 0 on reset
20:57:13.97   GameInfo::ResetInfo - SyncLevel set to 0 on reset
20:57:13.97   GameInfo::ResetInfo - SyncLevel set to 0 on reset
20:57:13.97   GameInfo::ResetInfo - SyncLevel set to 0 on reset
20:57:13.97   GameInfo::ResetInfo - SyncLevel set to 0 on reset
20:57:13.97   GameInfo::ResetInfo - SyncLevel set to 0 on reset
20:57:13.98   GameInfo::ResetInfo - SyncLevel set to 0 on reset
20:57:13.98   GameInfo::ResetInfo - SyncLevel set to 0 on reset
20:57:13.98   GameInfo::ResetInfo - SyncLevel set to 0 on reset
20:57:13.98   GameInfo::ResetInfo - SyncLevel set to 0 on reset
20:57:13.98   GameInfo::ResetInfo - SyncLevel set to 0 on reset
20:57:13.98   GameInfo::ResetInfo - SyncLevel set to 0 on reset
20:57:13.98   GameInfo::ResetInfo - SyncLevel set to 0 on reset
20:57:13.98   GameInfo::ResetInfo - SyncLevel set to 0 on reset
20:57:13.98   GameInfo::ResetInfo - SyncLevel set to 0 on reset
20:57:13.98   GameInfo::ResetInfo - SyncLevel set to 0 on reset
20:57:13.98   GameInfo::ResetInfo - SyncLevel set to 0 on reset
20:57:13.98   GameInfo::ResetInfo - SyncLevel set to 0 on reset
20:57:13.98   GameInfo::ResetInfo - SyncLevel set to 0 on reset
20:57:13.98   GameInfo::ResetInfo - SyncLevel set to 0 on reset
20:57:13.98   GameInfo::ResetInfo - SyncLevel set to 0 on reset
20:57:13.98   GameInfo::ResetInfo - SyncLevel set to 0 on reset
20:57:13.98   GameInfo::ResetInfo - SyncLevel set to 0 on reset
20:57:13.98   GameInfo::ResetInfo - SyncLevel set to 0 on reset
20:57:13.98   GameInfo::ResetInfo - SyncLevel set to 0 on reset
20:57:13.98   GameInfo::ResetInfo - SyncLevel set to 0 on reset
20:57:13.98   GameInfo::ResetInfo - SyncLevel set to 0 on reset
20:57:13.98   GameInfo::ResetInfo - SyncLevel set to 0 on reset
20:57:13.98   GameInfo::ResetInfo - SyncLevel set to 0 on reset
20:57:13.98   GameInfo::ResetInfo - SyncLevel set to 0 on reset
20:57:13.98   GameInfo::ResetInfo - SyncLevel set to 0 on reset
20:57:13.99   GameInfo::ResetInfo - SyncLevel set to 0 on reset
20:57:13.99   GameInfo::ResetInfo - SyncLevel set to 0 on reset
20:57:13.99   GameInfo::ResetInfo - SyncLevel set to 0 on reset
20:57:13.99   GameInfo::ResetInfo - SyncLevel set to 0 on reset
20:57:13.99   GameInfo::ResetInfo - SyncLevel set to 0 on reset
20:57:13.99   GameInfo::ResetInfo - SyncLevel set to 0 on reset
20:57:13.99   GameInfo::ResetInfo - SyncLevel set to 0 on reset
20:57:13.99   GameInfo::ResetInfo - SyncLevel set to 0 on reset
20:57:13.99   GameInfo::ResetInfo - SyncLevel set to 0 on reset
20:57:13.99   GameInfo::ResetInfo - SyncLevel set to 0 on reset
20:57:13.99   GameInfo::ResetInfo - SyncLevel set to 0 on reset
20:57:13.99   GameInfo::ResetInfo - SyncLevel set to 0 on reset
20:57:13.99   GameInfo::ResetInfo - SyncLevel set to 0 on reset
20:57:13.99   GameInfo::ResetInfo - SyncLevel set to 0 on reset
20:57:13.99   GameInfo::ResetInfo - SyncLevel set to 0 on reset
20:57:13.99   GameInfo::ResetInfo - SyncLevel set to 0 on reset
20:57:13.99   GameInfo::ResetInfo - SyncLevel set to 0 on reset
20:57:13.99   GameInfo::ResetInfo - SyncLevel set to 0 on reset
20:57:13.99   GameInfo::ResetInfo - SyncLevel set to 0 on reset
20:57:14.00   GameInfo::ResetInfo - SyncLevel set to 0 on reset
20:57:14.00   GameInfo::ResetInfo - SyncLevel set to 0 on reset
20:57:14.00   GameInfo::ResetInfo - SyncLevel set to 0 on reset
20:57:14.00   GameInfo::ResetInfo - SyncLevel set to 0 on reset
20:57:14.00   GameInfo::ResetInfo - SyncLevel set to 0 on reset
20:57:14.00   GameInfo::ResetInfo - SyncLevel set to 0 on reset
20:57:14.00   GameInfo::ResetInfo - SyncLevel set to 0 on reset
20:57:14.00   GameInfo::ResetInfo - SyncLevel set to 0 on reset
20:57:14.00   GameInfo::ResetInfo - SyncLevel set to 0 on reset
20:57:14.00   GameInfo::ResetInfo - SyncLevel set to 0 on reset
20:57:14.00   GameInfo::ResetInfo - SyncLevel set to 0 on reset
20:57:14.00   GameInfo::ResetInfo - SyncLevel set to 0 on reset
20:57:14.00   GameInfo::ResetInfo - SyncLevel set to 0 on reset
20:57:14.00   GAME -- Error reading header for recorded game PLAYBACK:6p_close_river_combat.2018-01-28.00-37-43.rec
20:57:14.00   GameInfo::ResetInfo - SyncLevel set to 0 on reset
20:57:14.00   GameInfo::ResetInfo - SyncLevel set to 0 on reset
20:57:14.00   GAME -- Error reading header for recorded game PLAYBACK:6p_close_river_combat.2018-01-31.23-35-59.rec
20:57:14.00   GameInfo::ResetInfo - SyncLevel set to 0 on reset
20:57:14.00   GameInfo::ResetInfo - SyncLevel set to 0 on reset
20:57:14.00   GameInfo::ResetInfo - SyncLevel set to 0 on reset
20:57:14.00   GameInfo::ResetInfo - SyncLevel set to 0 on reset
20:57:14.00   GameInfo::ResetInfo - SyncLevel set to 0 on reset
20:57:14.00   GameInfo::ResetInfo - SyncLevel set to 0 on reset
20:57:14.00   GameInfo::ResetInfo - SyncLevel set to 0 on reset
20:57:14.00   GameInfo::ResetInfo - SyncLevel set to 0 on reset
20:57:14.00   GameInfo::ResetInfo - SyncLevel set to 0 on reset
20:57:14.00   GameInfo::ResetInfo - SyncLevel set to 0 on reset
20:57:14.00   GameInfo::ResetInfo - SyncLevel set to 0 on reset
20:57:14.00   GameInfo::ResetInfo - SyncLevel set to 0 on reset
20:57:14.00   GameInfo::ResetInfo - SyncLevel set to 0 on reset
20:57:14.00   GameInfo::ResetInfo - SyncLevel set to 0 on reset
20:57:14.00   GameInfo::ResetInfo - SyncLevel set to 0 on reset
20:57:14.01   GameInfo::ResetInfo - SyncLevel set to 0 on reset
20:57:14.01   GameInfo::ResetInfo - SyncLevel set to 0 on reset
20:57:14.01   GameInfo::ResetInfo - SyncLevel set to 0 on reset
20:57:14.01   GameInfo::ResetInfo - SyncLevel set to 0 on reset
20:57:14.01   GameInfo::ResetInfo - SyncLevel set to 0 on reset
20:57:14.01   GameInfo::ResetInfo - SyncLevel set to 0 on reset
20:57:14.01   GameInfo::ResetInfo - SyncLevel set to 0 on reset
20:57:14.01   GameInfo::ResetInfo - SyncLevel set to 0 on reset
20:57:14.01   GameInfo::ResetInfo - SyncLevel set to 0 on reset
20:57:14.01   GameInfo::ResetInfo - SyncLevel set to 0 on reset
20:57:14.01   GameInfo::ResetInfo - SyncLevel set to 0 on reset
20:57:14.01   GameInfo::ResetInfo - SyncLevel set to 0 on reset
20:57:14.01   GameInfo::ResetInfo - SyncLevel set to 0 on reset
20:57:14.01   GameInfo::ResetInfo - SyncLevel set to 0 on reset
20:57:14.01   GameInfo::ResetInfo - SyncLevel set to 0 on reset
20:57:14.01   GameInfo::ResetInfo - SyncLevel set to 0 on reset
20:57:14.01   GameInfo::ResetInfo - SyncLevel set to 0 on reset
20:57:14.01   GameInfo::ResetInfo - SyncLevel set to 0 on reset
20:57:14.01   GameInfo::ResetInfo - SyncLevel set to 0 on reset
20:57:14.01   GameInfo::ResetInfo - SyncLevel set to 0 on reset
20:57:14.01   GameInfo::ResetInfo - SyncLevel set to 0 on reset
20:57:14.01   GameInfo::ResetInfo - SyncLevel set to 0 on reset
20:57:14.01   GameInfo::ResetInfo - SyncLevel set to 0 on reset
20:57:14.01   GameInfo::ResetInfo - SyncLevel set to 0 on reset
20:57:14.01   GameInfo::ResetInfo - SyncLevel set to 0 on reset
20:57:14.01   GameInfo::ResetInfo - SyncLevel set to 0 on reset
20:57:14.01   GameInfo::ResetInfo - SyncLevel set to 0 on reset
20:57:14.02   GameInfo::ResetInfo - SyncLevel set to 0 on reset
20:57:14.02   GameInfo::ResetInfo - SyncLevel set to 0 on reset
20:57:14.02   GameInfo::ResetInfo - SyncLevel set to 0 on reset
20:57:14.02   GameInfo::ResetInfo - SyncLevel set to 0 on reset
20:57:14.02   GameInfo::ResetInfo - SyncLevel set to 0 on reset
20:57:14.02   GameInfo::ResetInfo - SyncLevel set to 0 on reset
20:57:14.02   GameInfo::ResetInfo - SyncLevel set to 0 on reset
20:57:14.02   GameInfo::ResetInfo - SyncLevel set to 0 on reset
20:57:14.02   GameInfo::ResetInfo - SyncLevel set to 0 on reset
20:57:14.02   GameInfo::ResetInfo - SyncLevel set to 0 on reset
20:57:14.02   GameInfo::ResetInfo - SyncLevel set to 0 on reset
20:57:14.02   GameInfo::ResetInfo - SyncLevel set to 0 on reset
20:57:14.02   GameInfo::ResetInfo - SyncLevel set to 0 on reset
20:57:14.02   GameInfo::ResetInfo - SyncLevel set to 0 on reset
20:57:14.02   GameInfo::ResetInfo - SyncLevel set to 0 on reset
20:57:14.02   GameInfo::ResetInfo - SyncLevel set to 0 on reset
20:57:14.02   GameInfo::ResetInfo - SyncLevel set to 0 on reset
20:57:14.02   GameInfo::ResetInfo - SyncLevel set to 0 on reset
20:57:14.02   GameInfo::ResetInfo - SyncLevel set to 0 on reset
20:57:14.02   GameInfo::ResetInfo - SyncLevel set to 0 on reset
20:57:14.03   GameInfo::ResetInfo - SyncLevel set to 0 on reset
20:57:14.03   GameInfo::ResetInfo - SyncLevel set to 0 on reset
20:57:14.03   GameInfo::ResetInfo - SyncLevel set to 0 on reset
20:57:14.03   GameInfo::ResetInfo - SyncLevel set to 0 on reset
20:57:14.03   GameInfo::ResetInfo - SyncLevel set to 0 on reset
20:57:14.03   GameInfo::ResetInfo - SyncLevel set to 0 on reset
20:57:14.03   GameInfo::ResetInfo - SyncLevel set to 0 on reset
20:57:14.03   GameInfo::ResetInfo - SyncLevel set to 0 on reset
20:57:14.03   GameInfo::ResetInfo - SyncLevel set to 0 on reset
20:57:14.03   GameInfo::ResetInfo - SyncLevel set to 0 on reset
20:57:14.03   GameInfo::ResetInfo - SyncLevel set to 0 on reset
20:57:14.03   GameInfo::ResetInfo - SyncLevel set to 0 on reset
20:57:14.03   GameInfo::ResetInfo - SyncLevel set to 0 on reset
20:57:14.03   GameInfo::ResetInfo - SyncLevel set to 0 on reset
20:57:14.03   GameInfo::ResetInfo - SyncLevel set to 0 on reset
20:57:14.03   GameInfo::ResetInfo - SyncLevel set to 0 on reset
20:57:14.03   GameInfo::ResetInfo - SyncLevel set to 0 on reset
20:57:14.03   GameInfo::ResetInfo - SyncLevel set to 0 on reset
20:57:14.03   GameInfo::ResetInfo - SyncLevel set to 0 on reset
20:57:14.03   GameInfo::ResetInfo - SyncLevel set to 0 on reset
20:57:14.03   GameInfo::ResetInfo - SyncLevel set to 0 on reset
20:57:14.03   GameInfo::ResetInfo - SyncLevel set to 0 on reset
20:57:14.03   GameInfo::ResetInfo - SyncLevel set to 0 on reset
20:57:14.03   GameInfo::ResetInfo - SyncLevel set to 0 on reset
20:57:14.03   GameInfo::ResetInfo - SyncLevel set to 0 on reset
20:57:14.03   GameInfo::ResetInfo - SyncLevel set to 0 on reset
20:57:14.03   GameInfo::ResetInfo - SyncLevel set to 0 on reset
20:57:14.03   GameInfo::ResetInfo - SyncLevel set to 0 on reset
20:57:14.04   GameInfo::ResetInfo - SyncLevel set to 0 on reset
20:57:14.04   GameInfo::ResetInfo - SyncLevel set to 0 on reset
20:57:14.04   GameInfo::ResetInfo - SyncLevel set to 0 on reset
20:57:14.04   GameInfo::ResetInfo - SyncLevel set to 0 on reset
20:57:14.04   GameInfo::ResetInfo - SyncLevel set to 0 on reset
20:57:14.04   GameInfo::ResetInfo - SyncLevel set to 0 on reset
20:57:14.04   GameInfo::ResetInfo - SyncLevel set to 0 on reset
20:57:14.04   GameInfo::ResetInfo - SyncLevel set to 0 on reset
20:57:14.04   GameInfo::ResetInfo - SyncLevel set to 0 on reset
20:57:14.04   GameInfo::ResetInfo - SyncLevel set to 0 on reset
20:57:14.04   GameInfo::ResetInfo - SyncLevel set to 0 on reset
20:57:14.04   GameInfo::ResetInfo - SyncLevel set to 0 on reset
20:57:14.04   GameInfo::ResetInfo - SyncLevel set to 0 on reset
20:57:14.04   GameInfo::ResetInfo - SyncLevel set to 0 on reset
20:57:14.04   GameInfo::ResetInfo - SyncLevel set to 0 on reset
20:57:14.04   GameInfo::ResetInfo - SyncLevel set to 0 on reset
20:57:14.04   GameInfo::ResetInfo - SyncLevel set to 0 on reset
20:57:14.04   GameInfo::ResetInfo - SyncLevel set to 0 on reset
20:57:14.04   GameInfo::ResetInfo - SyncLevel set to 0 on reset
20:57:14.04   GameInfo::ResetInfo - SyncLevel set to 0 on reset
20:57:14.04   GameInfo::ResetInfo - SyncLevel set to 0 on reset
20:57:14.04   GameInfo::ResetInfo - SyncLevel set to 0 on reset
20:57:14.04   GameInfo::ResetInfo - SyncLevel set to 0 on reset
20:57:14.04   GameInfo::ResetInfo - SyncLevel set to 0 on reset
20:57:14.05   GameInfo::ResetInfo - SyncLevel set to 0 on reset
20:57:14.05   GameInfo::ResetInfo - SyncLevel set to 0 on reset
20:57:14.05   GameInfo::ResetInfo - SyncLevel set to 0 on reset
20:57:14.05   GameInfo::ResetInfo - SyncLevel set to 0 on reset
20:57:14.05   GameInfo::ResetInfo - SyncLevel set to 0 on reset
20:57:14.05   GameInfo::ResetInfo - SyncLevel set to 0 on reset
20:57:14.05   GameInfo::ResetInfo - SyncLevel set to 0 on reset
20:57:14.05   GameInfo::ResetInfo - SyncLevel set to 0 on reset
20:57:14.05   GameInfo::ResetInfo - SyncLevel set to 0 on reset
20:57:14.05   GameInfo::ResetInfo - SyncLevel set to 0 on reset
20:57:14.05   GameInfo::ResetInfo - SyncLevel set to 0 on reset
20:57:14.05   GameInfo::ResetInfo - SyncLevel set to 0 on reset
20:57:14.05   GameInfo::ResetInfo - SyncLevel set to 0 on reset
20:57:14.05   GameInfo::ResetInfo - SyncLevel set to 0 on reset
20:57:14.05   GameInfo::ResetInfo - SyncLevel set to 0 on reset
20:57:14.05   GameInfo::ResetInfo - SyncLevel set to 0 on reset
20:57:14.05   GameInfo::ResetInfo - SyncLevel set to 0 on reset
20:57:14.05   GameInfo::ResetInfo - SyncLevel set to 0 on reset
20:57:14.05   GameInfo::ResetInfo - SyncLevel set to 0 on reset
20:57:14.05   GameInfo::ResetInfo - SyncLevel set to 0 on reset
20:57:14.05   GameInfo::ResetInfo - SyncLevel set to 0 on reset
20:57:14.05   GameInfo::ResetInfo - SyncLevel set to 0 on reset
20:57:14.05   GameInfo::ResetInfo - SyncLevel set to 0 on reset
20:57:14.05   GameInfo::ResetInfo - SyncLevel set to 0 on reset
20:57:14.05   GameInfo::ResetInfo - SyncLevel set to 0 on reset
20:57:14.05   GameInfo::ResetInfo - SyncLevel set to 0 on reset
20:57:14.05   GameInfo::ResetInfo - SyncLevel set to 0 on reset
20:57:14.06   GameInfo::ResetInfo - SyncLevel set to 0 on reset
20:57:14.06   GameInfo::ResetInfo - SyncLevel set to 0 on reset
20:57:14.06   GameInfo::ResetInfo - SyncLevel set to 0 on reset
20:57:14.06   GameInfo::ResetInfo - SyncLevel set to 0 on reset
20:57:14.06   GameInfo::ResetInfo - SyncLevel set to 0 on reset
20:57:14.06   GameInfo::ResetInfo - SyncLevel set to 0 on reset
20:57:14.06   GameInfo::ResetInfo - SyncLevel set to 0 on reset
20:57:14.06   GameInfo::ResetInfo - SyncLevel set to 0 on reset
20:57:14.06   GameInfo::ResetInfo - SyncLevel set to 0 on reset
20:57:14.06   GameInfo::ResetInfo - SyncLevel set to 0 on reset
20:57:14.06   GameInfo::ResetInfo - SyncLevel set to 0 on reset
20:57:14.06   GameInfo::ResetInfo - SyncLevel set to 0 on reset
20:57:14.06   GameInfo::ResetInfo - SyncLevel set to 0 on reset
20:57:14.06   GameInfo::ResetInfo - SyncLevel set to 0 on reset
20:57:14.06   GameInfo::ResetInfo - SyncLevel set to 0 on reset
20:57:14.06   GameInfo::ResetInfo - SyncLevel set to 0 on reset
20:57:14.06   GameInfo::ResetInfo - SyncLevel set to 0 on reset
20:57:14.06   GameInfo::ResetInfo - SyncLevel set to 0 on reset
20:57:14.06   GameInfo::ResetInfo - SyncLevel set to 0 on reset
20:57:14.06   GameInfo::ResetInfo - SyncLevel set to 0 on reset
20:57:14.06   GameInfo::ResetInfo - SyncLevel set to 0 on reset
20:57:14.06   GameInfo::ResetInfo - SyncLevel set to 0 on reset
20:57:14.06   GameInfo::ResetInfo - SyncLevel set to 0 on reset
20:57:14.06   GameInfo::ResetInfo - SyncLevel set to 0 on reset
20:57:14.06   GameInfo::ResetInfo - SyncLevel set to 0 on reset
20:57:14.06   GameInfo::ResetInfo - SyncLevel set to 0 on reset
20:57:14.06   GameInfo::ResetInfo - SyncLevel set to 0 on reset
20:57:14.06   GameInfo::ResetInfo - SyncLevel set to 0 on reset
20:57:14.06   GameInfo::ResetInfo - SyncLevel set to 0 on reset
20:57:14.06   GameInfo::ResetInfo - SyncLevel set to 0 on reset
20:57:14.07   GameInfo::ResetInfo - SyncLevel set to 0 on reset
20:57:14.07   GameInfo::ResetInfo - SyncLevel set to 0 on reset
20:57:14.07   GameInfo::ResetInfo - SyncLevel set to 0 on reset
20:57:14.07   GameInfo::ResetInfo - SyncLevel set to 0 on reset
20:57:14.07   GameInfo::ResetInfo - SyncLevel set to 0 on reset
20:57:14.07   GameInfo::ResetInfo - SyncLevel set to 0 on reset
20:57:14.07   GameInfo::ResetInfo - SyncLevel set to 0 on reset
20:57:14.07   GameInfo::ResetInfo - SyncLevel set to 0 on reset
20:57:14.07   GameInfo::ResetInfo - SyncLevel set to 0 on reset
20:57:14.07   GameInfo::ResetInfo - SyncLevel set to 0 on reset
20:57:14.07   GameInfo::ResetInfo - SyncLevel set to 0 on reset
20:57:14.07   GameInfo::ResetInfo - SyncLevel set to 0 on reset
20:57:14.07   GameInfo::ResetInfo - SyncLevel set to 0 on reset
20:57:14.07   GameInfo::ResetInfo - SyncLevel set to 0 on reset
20:57:14.07   GameInfo::ResetInfo - SyncLevel set to 0 on reset
20:57:14.08   GameInfo::ResetInfo - SyncLevel set to 0 on reset
20:57:14.08   GameInfo::ResetInfo - SyncLevel set to 0 on reset
20:57:14.08   GameInfo::ResetInfo - SyncLevel set to 0 on reset
20:57:14.08   GameInfo::ResetInfo - SyncLevel set to 0 on reset
20:57:14.08   GameInfo::ResetInfo - SyncLevel set to 0 on reset
20:57:14.08   GameInfo::ResetInfo - SyncLevel set to 0 on reset
20:57:14.08   GameInfo::ResetInfo - SyncLevel set to 0 on reset
20:57:14.08   GameInfo::ResetInfo - SyncLevel set to 0 on reset
20:57:14.08   GameInfo::ResetInfo - SyncLevel set to 0 on reset
20:57:14.08   GameInfo::ResetInfo - SyncLevel set to 0 on reset
20:57:14.08   GameInfo::ResetInfo - SyncLevel set to 0 on reset
20:57:14.08   GameInfo::ResetInfo - SyncLevel set to 0 on reset
20:57:14.08   GameInfo::ResetInfo - SyncLevel set to 0 on reset
20:57:14.08   GameInfo::ResetInfo - SyncLevel set to 0 on reset
20:57:14.08   GameInfo::ResetInfo - SyncLevel set to 0 on reset
20:57:14.08   GameInfo::ResetInfo - SyncLevel set to 0 on reset
20:57:14.08   GameInfo::ResetInfo - SyncLevel set to 0 on reset
20:57:14.08   GameInfo::ResetInfo - SyncLevel set to 0 on reset
20:57:14.08   GameInfo::ResetInfo - SyncLevel set to 0 on reset
20:57:14.08   GameInfo::ResetInfo - SyncLevel set to 0 on reset
20:57:14.08   GameInfo::ResetInfo - SyncLevel set to 0 on reset
20:57:14.08   GameInfo::ResetInfo - SyncLevel set to 0 on reset
20:57:14.08   GameInfo::ResetInfo - SyncLevel set to 0 on reset
20:57:14.08   GameInfo::ResetInfo - SyncLevel set to 0 on reset
20:57:14.08   GameInfo::ResetInfo - SyncLevel set to 0 on reset
20:57:14.08   GameInfo::ResetInfo - SyncLevel set to 0 on reset
20:57:14.08   GameInfo::ResetInfo - SyncLevel set to 0 on reset
20:57:14.09   GameInfo::ResetInfo - SyncLevel set to 0 on reset
20:57:14.09   GameInfo::ResetInfo - SyncLevel set to 0 on reset
20:57:14.09   GameInfo::ResetInfo - SyncLevel set to 0 on reset
20:57:14.09   GameInfo::ResetInfo - SyncLevel set to 0 on reset
20:57:14.09   GameInfo::ResetInfo - SyncLevel set to 0 on reset
20:57:14.09   GameInfo::ResetInfo - SyncLevel set to 0 on reset
20:57:14.09   GameInfo::ResetInfo - SyncLevel set to 0 on reset
20:57:14.09   GameInfo::ResetInfo - SyncLevel set to 0 on reset
20:57:14.09   GameInfo::ResetInfo - SyncLevel set to 0 on reset
20:57:14.09   GameInfo::ResetInfo - SyncLevel set to 0 on reset
20:57:14.09   GameInfo::ResetInfo - SyncLevel set to 0 on reset
20:57:14.09   GameInfo::ResetInfo - SyncLevel set to 0 on reset
20:57:14.09   GameInfo::ResetInfo - SyncLevel set to 0 on reset
20:57:14.09   GameInfo::ResetInfo - SyncLevel set to 0 on reset
20:57:14.09   GameInfo::ResetInfo - SyncLevel set to 0 on reset
20:57:14.09   GameInfo::ResetInfo - SyncLevel set to 0 on reset
20:57:14.09   GameInfo::ResetInfo - SyncLevel set to 0 on reset
20:57:14.09   GameInfo::ResetInfo - SyncLevel set to 0 on reset
20:57:14.09   GameInfo::ResetInfo - SyncLevel set to 0 on reset
20:57:14.09   GameInfo::ResetInfo - SyncLevel set to 0 on reset
20:57:14.09   GameInfo::ResetInfo - SyncLevel set to 0 on reset
20:57:14.09   GameInfo::ResetInfo - SyncLevel set to 0 on reset
20:57:14.09   GameInfo::ResetInfo - SyncLevel set to 0 on reset
20:57:14.09   GameInfo::ResetInfo - SyncLevel set to 0 on reset
20:57:14.09   GameInfo::ResetInfo - SyncLevel set to 0 on reset
20:57:14.09   GameInfo::ResetInfo - SyncLevel set to 0 on reset
20:57:14.09   GameInfo::ResetInfo - SyncLevel set to 0 on reset
20:57:14.10   GameInfo::ResetInfo - SyncLevel set to 0 on reset
20:57:14.10   GameInfo::ResetInfo - SyncLevel set to 0 on reset
20:57:14.10   GameInfo::ResetInfo - SyncLevel set to 0 on reset
20:57:14.10   GameInfo::ResetInfo - SyncLevel set to 0 on reset
20:57:14.10   GameInfo::ResetInfo - SyncLevel set to 0 on reset
20:57:14.10   GameInfo::ResetInfo - SyncLevel set to 0 on reset
20:57:14.10   GameInfo::ResetInfo - SyncLevel set to 0 on reset
20:57:14.10   GameInfo::ResetInfo - SyncLevel set to 0 on reset
20:57:14.10   GameInfo::ResetInfo - SyncLevel set to 0 on reset
20:57:14.10   GameInfo::ResetInfo - SyncLevel set to 0 on reset
20:57:14.10   GameInfo::ResetInfo - SyncLevel set to 0 on reset
20:57:14.10   GameInfo::ResetInfo - SyncLevel set to 0 on reset
20:57:14.10   GameInfo::ResetInfo - SyncLevel set to 0 on reset
20:57:14.10   GameInfo::ResetInfo - SyncLevel set to 0 on reset
20:57:14.10   GameInfo::ResetInfo - SyncLevel set to 0 on reset
20:57:14.10   GameInfo::ResetInfo - SyncLevel set to 0 on reset
20:57:14.10   GameInfo::ResetInfo - SyncLevel set to 0 on reset
20:57:14.10   GameInfo::ResetInfo - SyncLevel set to 0 on reset
20:57:14.10   GameInfo::ResetInfo - SyncLevel set to 0 on reset
20:57:14.10   GameInfo::ResetInfo - SyncLevel set to 0 on reset
20:57:14.10   GameInfo::ResetInfo - SyncLevel set to 0 on reset
20:57:14.11   GameInfo::ResetInfo - SyncLevel set to 0 on reset
20:57:14.11   GameInfo::ResetInfo - SyncLevel set to 0 on reset
20:57:14.11   GameInfo::ResetInfo - SyncLevel set to 0 on reset
20:57:14.11   GameInfo::ResetInfo - SyncLevel set to 0 on reset
20:57:14.11   GameInfo::ResetInfo - SyncLevel set to 0 on reset
20:57:14.11   GameInfo::ResetInfo - SyncLevel set to 0 on reset
20:57:14.11   GameInfo::ResetInfo - SyncLevel set to 0 on reset
20:57:14.11   GameInfo::ResetInfo - SyncLevel set to 0 on reset
20:57:14.11   GameInfo::ResetInfo - SyncLevel set to 0 on reset
20:57:14.11   GAME -- Error reading header for recorded game PLAYBACK:8P SEMOIS REMASTERED 07.2021-03-27.02-50-45.rec
20:57:14.11   GameInfo::ResetInfo - SyncLevel set to 0 on reset
20:57:14.11   GameInfo::ResetInfo - SyncLevel set to 0 on reset
20:57:14.11   GameInfo::ResetInfo - SyncLevel set to 0 on reset
20:57:14.11   GAME -- Error reading header for recorded game PLAYBACK:8P SEMOIS REMASTERED 07.2021-03-27.03-39-59.rec
20:57:14.11   GameInfo::ResetInfo - SyncLevel set to 0 on reset
20:57:14.11   GameInfo::ResetInfo - SyncLevel set to 0 on reset
20:57:14.11   GameInfo::ResetInfo - SyncLevel set to 0 on reset
20:57:14.11   GAME -- Error reading header for recorded game PLAYBACK:8P SEMOIS REMASTERED 07.2021-03-31.03-23-44.rec
20:57:14.11   GameInfo::ResetInfo - SyncLevel set to 0 on reset
20:57:14.11   GameInfo::ResetInfo - SyncLevel set to 0 on reset
20:57:14.11   GameInfo::ResetInfo - SyncLevel set to 0 on reset
20:57:14.11   GAME -- Error reading header for recorded game PLAYBACK:8P SEMOIS REMASTERED 07.2021-04-28.02-52-08.rec
20:57:14.11   GameInfo::ResetInfo - SyncLevel set to 0 on reset
20:57:14.11   GameInfo::ResetInfo - SyncLevel set to 0 on reset
20:57:14.11   GameInfo::ResetInfo - SyncLevel set to 0 on reset
20:57:14.11   GAME -- Error reading header for recorded game PLAYBACK:8P_CLOSE_RIVER_COMBAT.2018-01-08.20-06-29.rec
20:57:14.11   GameInfo::ResetInfo - SyncLevel set to 0 on reset
20:57:14.11   GameInfo::ResetInfo - SyncLevel set to 0 on reset
20:57:14.11   GameInfo::ResetInfo - SyncLevel set to 0 on reset
20:57:14.11   GameInfo::ResetInfo - SyncLevel set to 0 on reset
20:57:14.11   GameInfo::ResetInfo - SyncLevel set to 0 on reset
20:57:14.11   GameInfo::ResetInfo - SyncLevel set to 0 on reset
20:57:14.11   GameInfo::ResetInfo - SyncLevel set to 0 on reset
20:57:14.11   GameInfo::ResetInfo - SyncLevel set to 0 on reset
20:57:14.12   GameInfo::ResetInfo - SyncLevel set to 0 on reset
20:57:14.12   GameInfo::ResetInfo - SyncLevel set to 0 on reset
20:57:14.12   GameInfo::ResetInfo - SyncLevel set to 0 on reset
20:57:14.12   GameInfo::ResetInfo - SyncLevel set to 0 on reset
20:57:14.12   GameInfo::ResetInfo - SyncLevel set to 0 on reset
20:57:14.12   GameInfo::ResetInfo - SyncLevel set to 0 on reset
20:57:14.12   GameInfo::ResetInfo - SyncLevel set to 0 on reset
20:57:14.12   GameInfo::ResetInfo - SyncLevel set to 0 on reset
20:57:14.12   GameInfo::ResetInfo - SyncLevel set to 0 on reset
20:57:14.12   GameInfo::ResetInfo - SyncLevel set to 0 on reset
20:57:14.12   GameInfo::ResetInfo - SyncLevel set to 0 on reset
20:57:14.12   GameInfo::ResetInfo - SyncLevel set to 0 on reset
20:57:14.12   GameInfo::ResetInfo - SyncLevel set to 0 on reset
20:57:14.12   GameInfo::ResetInfo - SyncLevel set to 0 on reset
20:57:14.12   GameInfo::ResetInfo - SyncLevel set to 0 on reset
20:57:14.12   GameInfo::ResetInfo - SyncLevel set to 0 on reset
20:57:14.12   GameInfo::ResetInfo - SyncLevel set to 0 on reset
20:57:14.12   GameInfo::ResetInfo - SyncLevel set to 0 on reset
20:57:14.12   GameInfo::ResetInfo - SyncLevel set to 0 on reset
20:57:14.12   GameInfo::ResetInfo - SyncLevel set to 0 on reset
20:57:14.12   GameInfo::ResetInfo - SyncLevel set to 0 on reset
20:57:14.12   GameInfo::ResetInfo - SyncLevel set to 0 on reset
20:57:14.13   GameInfo::ResetInfo - SyncLevel set to 0 on reset
20:57:14.13   GameInfo::ResetInfo - SyncLevel set to 0 on reset
20:57:14.13   GameInfo::ResetInfo - SyncLevel set to 0 on reset
20:57:14.13   GameInfo::ResetInfo - SyncLevel set to 0 on reset
20:57:14.13   GameInfo::ResetInfo - SyncLevel set to 0 on reset
20:57:14.13   GameInfo::ResetInfo - SyncLevel set to 0 on reset
20:57:14.13   GameInfo::ResetInfo - SyncLevel set to 0 on reset
20:57:14.13   GameInfo::ResetInfo - SyncLevel set to 0 on reset
20:57:14.13   GameInfo::ResetInfo - SyncLevel set to 0 on reset
20:57:14.13   GameInfo::ResetInfo - SyncLevel set to 0 on reset
20:57:14.13   GameInfo::ResetInfo - SyncLevel set to 0 on reset
20:57:14.13   GameInfo::ResetInfo - SyncLevel set to 0 on reset
20:57:14.13   GameInfo::ResetInfo - SyncLevel set to 0 on reset
20:57:14.13   GameInfo::ResetInfo - SyncLevel set to 0 on reset
20:57:14.13   GameInfo::ResetInfo - SyncLevel set to 0 on reset
20:57:14.13   GameInfo::ResetInfo - SyncLevel set to 0 on reset
20:57:14.13   GameInfo::ResetInfo - SyncLevel set to 0 on reset
20:57:14.14   GameInfo::ResetInfo - SyncLevel set to 0 on reset
20:57:14.14   GameInfo::ResetInfo - SyncLevel set to 0 on reset
20:57:14.14   GameInfo::ResetInfo - SyncLevel set to 0 on reset
20:57:14.14   GameInfo::ResetInfo - SyncLevel set to 0 on reset
20:57:14.14   GameInfo::ResetInfo - SyncLevel set to 0 on reset
20:57:14.14   GameInfo::ResetInfo - SyncLevel set to 0 on reset
20:57:14.14   GameInfo::ResetInfo - SyncLevel set to 0 on reset
20:57:14.14   GameInfo::ResetInfo - SyncLevel set to 0 on reset
20:57:14.14   GameInfo::ResetInfo - SyncLevel set to 0 on reset
20:57:14.14   GameInfo::ResetInfo - SyncLevel set to 0 on reset
20:57:14.14   GameInfo::ResetInfo - SyncLevel set to 0 on reset
20:57:14.14   GameInfo::ResetInfo - SyncLevel set to 0 on reset
20:57:14.14   GameInfo::ResetInfo - SyncLevel set to 0 on reset
20:57:14.14   GameInfo::ResetInfo - SyncLevel set to 0 on reset
20:57:14.14   GameInfo::ResetInfo - SyncLevel set to 0 on reset
20:57:14.14   GameInfo::ResetInfo - SyncLevel set to 0 on reset
20:57:14.14   GameInfo::ResetInfo - SyncLevel set to 0 on reset
20:57:14.14   GameInfo::ResetInfo - SyncLevel set to 0 on reset
20:57:14.14   GameInfo::ResetInfo - SyncLevel set to 0 on reset
20:57:14.14   GameInfo::ResetInfo - SyncLevel set to 0 on reset
20:57:14.14   GameInfo::ResetInfo - SyncLevel set to 0 on reset
20:57:14.14   GameInfo::ResetInfo - SyncLevel set to 0 on reset
20:57:14.14   GameInfo::ResetInfo - SyncLevel set to 0 on reset
20:57:14.14   GameInfo::ResetInfo - SyncLevel set to 0 on reset
20:57:14.14   GameInfo::ResetInfo - SyncLevel set to 0 on reset
20:57:14.15   GameInfo::ResetInfo - SyncLevel set to 0 on reset
20:57:14.15   GameInfo::ResetInfo - SyncLevel set to 0 on reset
20:57:14.15   GameInfo::ResetInfo - SyncLevel set to 0 on reset
20:57:14.15   GameInfo::ResetInfo - SyncLevel set to 0 on reset
20:57:14.15   GameInfo::ResetInfo - SyncLevel set to 0 on reset
20:57:14.15   GameInfo::ResetInfo - SyncLevel set to 0 on reset
20:57:14.15   GameInfo::ResetInfo - SyncLevel set to 0 on reset
20:57:14.15   GameInfo::ResetInfo - SyncLevel set to 0 on reset
20:57:14.15   GameInfo::ResetInfo - SyncLevel set to 0 on reset
20:57:14.15   GameInfo::ResetInfo - SyncLevel set to 0 on reset
20:57:14.15   GameInfo::ResetInfo - SyncLevel set to 0 on reset
20:57:14.15   GameInfo::ResetInfo - SyncLevel set to 0 on reset
20:57:14.15   GameInfo::ResetInfo - SyncLevel set to 0 on reset
20:57:14.15   GameInfo::ResetInfo - SyncLevel set to 0 on reset
20:57:14.15   GameInfo::ResetInfo - SyncLevel set to 0 on reset
20:57:14.15   GameInfo::ResetInfo - SyncLevel set to 0 on reset
20:57:14.15   GameInfo::ResetInfo - SyncLevel set to 0 on reset
20:57:14.15   GameInfo::ResetInfo - SyncLevel set to 0 on reset
20:57:14.15   GameInfo::ResetInfo - SyncLevel set to 0 on reset
20:57:14.15   GameInfo::ResetInfo - SyncLevel set to 0 on reset
20:57:14.15   GameInfo::ResetInfo - SyncLevel set to 0 on reset
20:57:14.16   GameInfo::ResetInfo - SyncLevel set to 0 on reset
20:57:14.16   GameInfo::ResetInfo - SyncLevel set to 0 on reset
20:57:14.16   GameInfo::ResetInfo - SyncLevel set to 0 on reset
20:57:14.16   GameInfo::ResetInfo - SyncLevel set to 0 on reset
20:57:14.16   GameInfo::ResetInfo - SyncLevel set to 0 on reset
20:57:14.16   GameInfo::ResetInfo - SyncLevel set to 0 on reset
20:57:14.16   GameInfo::ResetInfo - SyncLevel set to 0 on reset
20:57:14.16   GameInfo::ResetInfo - SyncLevel set to 0 on reset
20:57:14.16   GameInfo::ResetInfo - SyncLevel set to 0 on reset
20:57:14.16   GameInfo::ResetInfo - SyncLevel set to 0 on reset
20:57:14.16   GameInfo::ResetInfo - SyncLevel set to 0 on reset
20:57:14.16   GameInfo::ResetInfo - SyncLevel set to 0 on reset
20:57:14.16   GameInfo::ResetInfo - SyncLevel set to 0 on reset
20:57:14.16   GameInfo::ResetInfo - SyncLevel set to 0 on reset
20:57:14.16   GameInfo::ResetInfo - SyncLevel set to 0 on reset
20:57:14.16   GameInfo::ResetInfo - SyncLevel set to 0 on reset
20:57:14.16   GameInfo::ResetInfo - SyncLevel set to 0 on reset
20:57:14.16   GameInfo::ResetInfo - SyncLevel set to 0 on reset
20:57:14.16   GameInfo::ResetInfo - SyncLevel set to 0 on reset
20:57:14.16   GameInfo::ResetInfo - SyncLevel set to 0 on reset
20:57:14.16   GameInfo::ResetInfo - SyncLevel set to 0 on reset
20:57:14.17   GameInfo::ResetInfo - SyncLevel set to 0 on reset
20:57:14.17   GameInfo::ResetInfo - SyncLevel set to 0 on reset
20:57:14.17   GameInfo::ResetInfo - SyncLevel set to 0 on reset
20:57:14.17   GameInfo::ResetInfo - SyncLevel set to 0 on reset
20:57:14.17   GameInfo::ResetInfo - SyncLevel set to 0 on reset
20:57:14.17   GameInfo::ResetInfo - SyncLevel set to 0 on reset
20:57:14.17   GameInfo::ResetInfo - SyncLevel set to 0 on reset
20:57:14.17   GameInfo::ResetInfo - SyncLevel set to 0 on reset
20:57:14.17   GameInfo::ResetInfo - SyncLevel set to 0 on reset
20:57:14.17   GameInfo::ResetInfo - SyncLevel set to 0 on reset
20:57:14.17   GameInfo::ResetInfo - SyncLevel set to 0 on reset
20:57:14.17   GameInfo::ResetInfo - SyncLevel set to 0 on reset
20:57:14.17   GameInfo::ResetInfo - SyncLevel set to 0 on reset
20:57:14.17   GameInfo::ResetInfo - SyncLevel set to 0 on reset
20:57:14.17   GameInfo::ResetInfo - SyncLevel set to 0 on reset
20:57:14.17   GameInfo::ResetInfo - SyncLevel set to 0 on reset
20:57:14.17   GameInfo::ResetInfo - SyncLevel set to 0 on reset
20:57:14.17   GameInfo::ResetInfo - SyncLevel set to 0 on reset
20:57:14.17   GameInfo::ResetInfo - SyncLevel set to 0 on reset
20:57:14.17   GameInfo::ResetInfo - SyncLevel set to 0 on reset
20:57:14.17   GameInfo::ResetInfo - SyncLevel set to 0 on reset
20:57:14.18   GameInfo::ResetInfo - SyncLevel set to 0 on reset
20:57:14.18   GameInfo::ResetInfo - SyncLevel set to 0 on reset
20:57:14.18   GameInfo::ResetInfo - SyncLevel set to 0 on reset
20:57:14.18   GameInfo::ResetInfo - SyncLevel set to 0 on reset
20:57:14.18   GameInfo::ResetInfo - SyncLevel set to 0 on reset
20:57:14.18   GameInfo::ResetInfo - SyncLevel set to 0 on reset
20:57:14.18   GameInfo::ResetInfo - SyncLevel set to 0 on reset
20:57:14.18   GameInfo::ResetInfo - SyncLevel set to 0 on reset
20:57:14.18   GameInfo::ResetInfo - SyncLevel set to 0 on reset
20:57:14.18   GameInfo::ResetInfo - SyncLevel set to 0 on reset
20:57:14.18   GameInfo::ResetInfo - SyncLevel set to 0 on reset
20:57:14.18   GameInfo::ResetInfo - SyncLevel set to 0 on reset
20:57:14.18   GameInfo::ResetInfo - SyncLevel set to 0 on reset
20:57:14.18   GameInfo::ResetInfo - SyncLevel set to 0 on reset
20:57:14.18   GameInfo::ResetInfo - SyncLevel set to 0 on reset
20:57:14.18   GameInfo::ResetInfo - SyncLevel set to 0 on reset
20:57:14.18   GameInfo::ResetInfo - SyncLevel set to 0 on reset
20:57:14.18   GameInfo::ResetInfo - SyncLevel set to 0 on reset
20:57:14.18   GameInfo::ResetInfo - SyncLevel set to 0 on reset
20:57:14.18   GameInfo::ResetInfo - SyncLevel set to 0 on reset
20:57:14.18   GameInfo::ResetInfo - SyncLevel set to 0 on reset
20:57:14.18   GameInfo::ResetInfo - SyncLevel set to 0 on reset
20:57:14.18   GameInfo::ResetInfo - SyncLevel set to 0 on reset
20:57:14.18   GameInfo::ResetInfo - SyncLevel set to 0 on reset
20:57:14.18   GameInfo::ResetInfo - SyncLevel set to 0 on reset
20:57:14.18   GameInfo::ResetInfo - SyncLevel set to 0 on reset
20:57:14.18   GameInfo::ResetInfo - SyncLevel set to 0 on reset
20:57:14.18   GameInfo::ResetInfo - SyncLevel set to 0 on reset
20:57:14.18   GameInfo::ResetInfo - SyncLevel set to 0 on reset
20:57:14.19   GameInfo::ResetInfo - SyncLevel set to 0 on reset
20:57:14.19   GameInfo::ResetInfo - SyncLevel set to 0 on reset
20:57:14.19   GameInfo::ResetInfo - SyncLevel set to 0 on reset
20:57:14.19   GameInfo::ResetInfo - SyncLevel set to 0 on reset
20:57:14.19   GameInfo::ResetInfo - SyncLevel set to 0 on reset
20:57:14.19   GameInfo::ResetInfo - SyncLevel set to 0 on reset
20:57:14.19   GameInfo::ResetInfo - SyncLevel set to 0 on reset
20:57:14.19   GameInfo::ResetInfo - SyncLevel set to 0 on reset
20:57:14.19   GameInfo::ResetInfo - SyncLevel set to 0 on reset
20:57:14.19   GameInfo::ResetInfo - SyncLevel set to 0 on reset
20:57:14.19   GameInfo::ResetInfo - SyncLevel set to 0 on reset
20:57:14.19   GameInfo::ResetInfo - SyncLevel set to 0 on reset
20:57:14.19   GameInfo::ResetInfo - SyncLevel set to 0 on reset
20:57:14.19   GameInfo::ResetInfo - SyncLevel set to 0 on reset
20:57:14.19   GameInfo::ResetInfo - SyncLevel set to 0 on reset
20:57:14.19   GameInfo::ResetInfo - SyncLevel set to 0 on reset
20:57:14.19   GameInfo::ResetInfo - SyncLevel set to 0 on reset
20:57:14.19   GameInfo::ResetInfo - SyncLevel set to 0 on reset
20:57:14.19   GameInfo::ResetInfo - SyncLevel set to 0 on reset
20:57:14.19   GameInfo::ResetInfo - SyncLevel set to 0 on reset
20:57:14.19   GameInfo::ResetInfo - SyncLevel set to 0 on reset
20:57:14.19   GameInfo::ResetInfo - SyncLevel set to 0 on reset
20:57:14.19   GameInfo::ResetInfo - SyncLevel set to 0 on reset
20:57:14.20   GameInfo::ResetInfo - SyncLevel set to 0 on reset
20:57:14.20   GameInfo::ResetInfo - SyncLevel set to 0 on reset
20:57:14.20   GameInfo::ResetInfo - SyncLevel set to 0 on reset
20:57:14.20   GameInfo::ResetInfo - SyncLevel set to 0 on reset
20:57:14.20   GameInfo::ResetInfo - SyncLevel set to 0 on reset
20:57:14.20   GameInfo::ResetInfo - SyncLevel set to 0 on reset
20:57:14.20   GameInfo::ResetInfo - SyncLevel set to 0 on reset
20:57:14.20   GameInfo::ResetInfo - SyncLevel set to 0 on reset
20:57:14.20   GameInfo::ResetInfo - SyncLevel set to 0 on reset
20:57:14.20   GameInfo::ResetInfo - SyncLevel set to 0 on reset
20:57:14.20   GameInfo::ResetInfo - SyncLevel set to 0 on reset
20:57:14.20   GameInfo::ResetInfo - SyncLevel set to 0 on reset
20:57:14.20   GameInfo::ResetInfo - SyncLevel set to 0 on reset
20:57:14.20   GameInfo::ResetInfo - SyncLevel set to 0 on reset
20:57:14.21   GameInfo::ResetInfo - SyncLevel set to 0 on reset
20:57:14.21   GameInfo::ResetInfo - SyncLevel set to 0 on reset
20:57:14.21   GameInfo::ResetInfo - SyncLevel set to 0 on reset
20:57:14.21   GameInfo::ResetInfo - SyncLevel set to 0 on reset
20:57:14.21   GameInfo::ResetInfo - SyncLevel set to 0 on reset
20:57:14.21   GameInfo::ResetInfo - SyncLevel set to 0 on reset
20:57:14.21   GameInfo::ResetInfo - SyncLevel set to 0 on reset
20:57:14.21   GameInfo::ResetInfo - SyncLevel set to 0 on reset
20:57:14.21   GameInfo::ResetInfo - SyncLevel set to 0 on reset
20:57:14.21   GameInfo::ResetInfo - SyncLevel set to 0 on reset
20:57:14.21   GameInfo::ResetInfo - SyncLevel set to 0 on reset
20:57:14.21   GameInfo::ResetInfo - SyncLevel set to 0 on reset
20:57:14.21   GameInfo::ResetInfo - SyncLevel set to 0 on reset
20:57:14.21   GameInfo::ResetInfo - SyncLevel set to 0 on reset
20:57:14.21   GameInfo::ResetInfo - SyncLevel set to 0 on reset
20:57:14.21   GameInfo::ResetInfo - SyncLevel set to 0 on reset
20:57:14.21   GameInfo::ResetInfo - SyncLevel set to 0 on reset
20:57:14.21   GameInfo::ResetInfo - SyncLevel set to 0 on reset
20:57:14.21   GameInfo::ResetInfo - SyncLevel set to 0 on reset
20:57:14.21   GameInfo::ResetInfo - SyncLevel set to 0 on reset
20:57:14.21   GameInfo::ResetInfo - SyncLevel set to 0 on reset
20:57:14.21   GameInfo::ResetInfo - SyncLevel set to 0 on reset
20:57:14.21   GameInfo::ResetInfo - SyncLevel set to 0 on reset
20:57:14.21   GameInfo::ResetInfo - SyncLevel set to 0 on reset
20:57:14.21   GameInfo::ResetInfo - SyncLevel set to 0 on reset
20:57:14.21   GameInfo::ResetInfo - SyncLevel set to 0 on reset
20:57:14.21   GameInfo::ResetInfo - SyncLevel set to 0 on reset
20:57:14.22   GameInfo::ResetInfo - SyncLevel set to 0 on reset
20:57:14.22   GameInfo::ResetInfo - SyncLevel set to 0 on reset
20:57:14.22   GameInfo::ResetInfo - SyncLevel set to 0 on reset
20:57:14.22   GameInfo::ResetInfo - SyncLevel set to 0 on reset
20:57:14.22   GameInfo::ResetInfo - SyncLevel set to 0 on reset
20:57:14.22   GameInfo::ResetInfo - SyncLevel set to 0 on reset
20:57:14.22   GameInfo::ResetInfo - SyncLevel set to 0 on reset
20:57:14.22   GameInfo::ResetInfo - SyncLevel set to 0 on reset
20:57:14.22   GameInfo::ResetInfo - SyncLevel set to 0 on reset
20:57:14.22   GameInfo::ResetInfo - SyncLevel set to 0 on reset
20:57:14.22   GameInfo::ResetInfo - SyncLevel set to 0 on reset
20:57:14.22   GameInfo::ResetInfo - SyncLevel set to 0 on reset
20:57:14.22   GameInfo::ResetInfo - SyncLevel set to 0 on reset
20:57:14.22   GameInfo::ResetInfo - SyncLevel set to 0 on reset
20:57:14.22   GameInfo::ResetInfo - SyncLevel set to 0 on reset
20:57:14.22   GameInfo::ResetInfo - SyncLevel set to 0 on reset
20:57:14.22   GameInfo::ResetInfo - SyncLevel set to 0 on reset
20:57:14.22   GameInfo::ResetInfo - SyncLevel set to 0 on reset
20:57:14.22   GameInfo::ResetInfo - SyncLevel set to 0 on reset
20:57:14.22   GameInfo::ResetInfo - SyncLevel set to 0 on reset
20:57:14.22   GameInfo::ResetInfo - SyncLevel set to 0 on reset
20:57:14.22   GameInfo::ResetInfo - SyncLevel set to 0 on reset
20:57:14.23   GameInfo::ResetInfo - SyncLevel set to 0 on reset
20:57:14.23   GameInfo::ResetInfo - SyncLevel set to 0 on reset
20:57:14.23   GameInfo::ResetInfo - SyncLevel set to 0 on reset
20:57:14.23   GameInfo::ResetInfo - SyncLevel set to 0 on reset
20:57:14.23   GameInfo::ResetInfo - SyncLevel set to 0 on reset
20:57:14.23   GameInfo::ResetInfo - SyncLevel set to 0 on reset
20:57:14.23   GameInfo::ResetInfo - SyncLevel set to 0 on reset
20:57:14.23   GameInfo::ResetInfo - SyncLevel set to 0 on reset
20:57:14.23   GameInfo::ResetInfo - SyncLevel set to 0 on reset
20:57:14.23   GameInfo::ResetInfo - SyncLevel set to 0 on reset
20:57:14.23   GameInfo::ResetInfo - SyncLevel set to 0 on reset
20:57:14.23   GameInfo::ResetInfo - SyncLevel set to 0 on reset
20:57:14.23   GameInfo::ResetInfo - SyncLevel set to 0 on reset
20:57:14.23   GameInfo::ResetInfo - SyncLevel set to 0 on reset
20:57:14.23   GameInfo::ResetInfo - SyncLevel set to 0 on reset
20:57:14.23   GameInfo::ResetInfo - SyncLevel set to 0 on reset
20:57:14.23   GameInfo::ResetInfo - SyncLevel set to 0 on reset
20:57:14.23   GameInfo::ResetInfo - SyncLevel set to 0 on reset
20:57:14.23   GameInfo::ResetInfo - SyncLevel set to 0 on reset
20:57:14.23   GameInfo::ResetInfo - SyncLevel set to 0 on reset
20:57:14.24   GameInfo::ResetInfo - SyncLevel set to 0 on reset
20:57:14.24   GameInfo::ResetInfo - SyncLevel set to 0 on reset
20:57:14.24   GameInfo::ResetInfo - SyncLevel set to 0 on reset
20:57:14.24   GameInfo::ResetInfo - SyncLevel set to 0 on reset
20:57:14.24   GameInfo::ResetInfo - SyncLevel set to 0 on reset
20:57:14.24   GameInfo::ResetInfo - SyncLevel set to 0 on reset
20:57:14.24   GameInfo::ResetInfo - SyncLevel set to 0 on reset
20:57:14.24   GameInfo::ResetInfo - SyncLevel set to 0 on reset
20:57:14.24   GameInfo::ResetInfo - SyncLevel set to 0 on reset
20:57:14.24   GameInfo::ResetInfo - SyncLevel set to 0 on reset
20:57:14.24   GameInfo::ResetInfo - SyncLevel set to 0 on reset
20:57:14.24   GameInfo::ResetInfo - SyncLevel set to 0 on reset
20:57:14.24   GameInfo::ResetInfo - SyncLevel set to 0 on reset
20:57:14.24   GameInfo::ResetInfo - SyncLevel set to 0 on reset
20:57:14.24   GameInfo::ResetInfo - SyncLevel set to 0 on reset
20:57:14.24   GameInfo::ResetInfo - SyncLevel set to 0 on reset
20:57:14.24   GameInfo::ResetInfo - SyncLevel set to 0 on reset
20:57:14.24   GameInfo::ResetInfo - SyncLevel set to 0 on reset
20:57:14.24   GameInfo::ResetInfo - SyncLevel set to 0 on reset
20:57:14.24   GameInfo::ResetInfo - SyncLevel set to 0 on reset
20:57:14.24   GameInfo::ResetInfo - SyncLevel set to 0 on reset
20:57:14.24   GameInfo::ResetInfo - SyncLevel set to 0 on reset
20:57:14.24   GameInfo::ResetInfo - SyncLevel set to 0 on reset
20:57:14.24   GameInfo::ResetInfo - SyncLevel set to 0 on reset
20:57:14.25   GameInfo::ResetInfo - SyncLevel set to 0 on reset
20:57:14.25   GameInfo::ResetInfo - SyncLevel set to 0 on reset
20:57:14.25   GameInfo::ResetInfo - SyncLevel set to 0 on reset
20:57:14.25   GameInfo::ResetInfo - SyncLevel set to 0 on reset
20:57:14.25   GameInfo::ResetInfo - SyncLevel set to 0 on reset
20:57:14.25   GameInfo::ResetInfo - SyncLevel set to 0 on reset
20:57:14.25   GameInfo::ResetInfo - SyncLevel set to 0 on reset
20:57:14.25   GameInfo::ResetInfo - SyncLevel set to 0 on reset
20:57:14.25   GameInfo::ResetInfo - SyncLevel set to 0 on reset
20:57:14.25   GameInfo::ResetInfo - SyncLevel set to 0 on reset
20:57:14.25   GameInfo::ResetInfo - SyncLevel set to 0 on reset
20:57:14.25   GameInfo::ResetInfo - SyncLevel set to 0 on reset
20:57:14.25   GameInfo::ResetInfo - SyncLevel set to 0 on reset
20:57:14.25   GameInfo::ResetInfo - SyncLevel set to 0 on reset
20:57:14.25   GameInfo::ResetInfo - SyncLevel set to 0 on reset
20:57:14.25   GameInfo::ResetInfo - SyncLevel set to 0 on reset
20:57:14.25   GameInfo::ResetInfo - SyncLevel set to 0 on reset
20:57:14.25   GameInfo::ResetInfo - SyncLevel set to 0 on reset
20:57:14.25   GameInfo::ResetInfo - SyncLevel set to 0 on reset
20:57:14.25   GameInfo::ResetInfo - SyncLevel set to 0 on reset
20:57:14.25   GameInfo::ResetInfo - SyncLevel set to 0 on reset
20:57:14.26   GameInfo::ResetInfo - SyncLevel set to 0 on reset
20:57:14.26   GameInfo::ResetInfo - SyncLevel set to 0 on reset
20:57:14.26   GameInfo::ResetInfo - SyncLevel set to 0 on reset
20:57:14.26   GameInfo::ResetInfo - SyncLevel set to 0 on reset
20:57:14.26   GameInfo::ResetInfo - SyncLevel set to 0 on reset
20:57:14.26   GameInfo::ResetInfo - SyncLevel set to 0 on reset
20:57:14.26   GameInfo::ResetInfo - SyncLevel set to 0 on reset
20:57:14.26   GameInfo::ResetInfo - SyncLevel set to 0 on reset
20:57:14.26   GameInfo::ResetInfo - SyncLevel set to 0 on reset
20:57:14.26   GameInfo::ResetInfo - SyncLevel set to 0 on reset
20:57:14.26   GameInfo::ResetInfo - SyncLevel set to 0 on reset
20:57:14.26   GameInfo::ResetInfo - SyncLevel set to 0 on reset
20:57:14.26   GameInfo::ResetInfo - SyncLevel set to 0 on reset
20:57:14.26   GameInfo::ResetInfo - SyncLevel set to 0 on reset
20:57:14.26   GameInfo::ResetInfo - SyncLevel set to 0 on reset
20:57:14.26   GameInfo::ResetInfo - SyncLevel set to 0 on reset
20:57:14.26   GameInfo::ResetInfo - SyncLevel set to 0 on reset
20:57:14.26   GameInfo::ResetInfo - SyncLevel set to 0 on reset
20:57:14.26   GameInfo::ResetInfo - SyncLevel set to 0 on reset
20:57:14.26   GameInfo::ResetInfo - SyncLevel set to 0 on reset
20:57:14.26   GameInfo::ResetInfo - SyncLevel set to 0 on reset
20:57:14.27   GameInfo::ResetInfo - SyncLevel set to 0 on reset
20:57:14.27   GameInfo::ResetInfo - SyncLevel set to 0 on reset
20:57:14.27   GameInfo::ResetInfo - SyncLevel set to 0 on reset
20:57:14.27   GameInfo::ResetInfo - SyncLevel set to 0 on reset
20:57:14.27   GameInfo::ResetInfo - SyncLevel set to 0 on reset
20:57:14.27   GameInfo::ResetInfo - SyncLevel set to 0 on reset
20:57:14.27   GameInfo::ResetInfo - SyncLevel set to 0 on reset
20:57:14.27   GameInfo::ResetInfo - SyncLevel set to 0 on reset
20:57:14.27   GameInfo::ResetInfo - SyncLevel set to 0 on reset
20:57:14.27   GameInfo::ResetInfo - SyncLevel set to 0 on reset
20:57:14.27   GameInfo::ResetInfo - SyncLevel set to 0 on reset
20:57:14.27   GameInfo::ResetInfo - SyncLevel set to 0 on reset
20:57:14.27   GameInfo::ResetInfo - SyncLevel set to 0 on reset
20:57:14.27   GameInfo::ResetInfo - SyncLevel set to 0 on reset
20:57:14.27   GameInfo::ResetInfo - SyncLevel set to 0 on reset
20:57:14.27   GameInfo::ResetInfo - SyncLevel set to 0 on reset
20:57:14.28   GameInfo::ResetInfo - SyncLevel set to 0 on reset
20:57:14.28   GameInfo::ResetInfo - SyncLevel set to 0 on reset
20:57:14.28   GameInfo::ResetInfo - SyncLevel set to 0 on reset
20:57:14.28   GameInfo::ResetInfo - SyncLevel set to 0 on reset
20:57:14.28   GameInfo::ResetInfo - SyncLevel set to 0 on reset
20:57:14.28   GameInfo::ResetInfo - SyncLevel set to 0 on reset
20:57:14.28   GameInfo::ResetInfo - SyncLevel set to 0 on reset
20:57:14.28   GameInfo::ResetInfo - SyncLevel set to 0 on reset
20:57:14.28   GameInfo::ResetInfo - SyncLevel set to 0 on reset
20:57:14.28   GameInfo::ResetInfo - SyncLevel set to 0 on reset
20:57:14.28   GameInfo::ResetInfo - SyncLevel set to 0 on reset
20:57:14.28   GameInfo::ResetInfo - SyncLevel set to 0 on reset
20:57:14.28   GameInfo::ResetInfo - SyncLevel set to 0 on reset
20:57:14.28   GameInfo::ResetInfo - SyncLevel set to 0 on reset
20:57:14.28   GameInfo::ResetInfo - SyncLevel set to 0 on reset
20:57:14.28   GameInfo::ResetInfo - SyncLevel set to 0 on reset
20:57:14.28   GameInfo::ResetInfo - SyncLevel set to 0 on reset
20:57:14.28   GameInfo::ResetInfo - SyncLevel set to 0 on reset
20:57:14.28   GameInfo::ResetInfo - SyncLevel set to 0 on reset
20:57:14.28   GameInfo::ResetInfo - SyncLevel set to 0 on reset
20:57:14.29   GameInfo::ResetInfo - SyncLevel set to 0 on reset
20:57:14.29   GameInfo::ResetInfo - SyncLevel set to 0 on reset
20:57:14.29   GameInfo::ResetInfo - SyncLevel set to 0 on reset
20:57:14.29   GameInfo::ResetInfo - SyncLevel set to 0 on reset
20:57:14.29   GameInfo::ResetInfo - SyncLevel set to 0 on reset
20:57:14.29   GameInfo::ResetInfo - SyncLevel set to 0 on reset
20:57:14.29   GameInfo::ResetInfo - SyncLevel set to 0 on reset
20:57:14.29   GameInfo::ResetInfo - SyncLevel set to 0 on reset
20:57:14.29   GameInfo::ResetInfo - SyncLevel set to 0 on reset
20:57:14.29   GameInfo::ResetInfo - SyncLevel set to 0 on reset
20:57:14.29   GameInfo::ResetInfo - SyncLevel set to 0 on reset
20:57:14.29   GameInfo::ResetInfo - SyncLevel set to 0 on reset
20:57:14.29   GameInfo::ResetInfo - SyncLevel set to 0 on reset
20:57:14.29   GameInfo::ResetInfo - SyncLevel set to 0 on reset
20:57:14.29   GameInfo::ResetInfo - SyncLevel set to 0 on reset
20:57:14.29   GameInfo::ResetInfo - SyncLevel set to 0 on reset
20:57:14.29   GameInfo::ResetInfo - SyncLevel set to 0 on reset
20:57:14.29   GameInfo::ResetInfo - SyncLevel set to 0 on reset
20:57:14.30   GameInfo::ResetInfo - SyncLevel set to 0 on reset
20:57:14.30   GameInfo::ResetInfo - SyncLevel set to 0 on reset
20:57:14.30   GameInfo::ResetInfo - SyncLevel set to 0 on reset
20:57:14.30   GameInfo::ResetInfo - SyncLevel set to 0 on reset
20:57:14.30   GameInfo::ResetInfo - SyncLevel set to 0 on reset
20:57:14.30   GameInfo::ResetInfo - SyncLevel set to 0 on reset
20:57:14.30   GameInfo::ResetInfo - SyncLevel set to 0 on reset
20:57:14.30   GameInfo::ResetInfo - SyncLevel set to 0 on reset
20:57:14.30   GameInfo::ResetInfo - SyncLevel set to 0 on reset
20:57:14.30   GameInfo::ResetInfo - SyncLevel set to 0 on reset
20:57:14.30   GameInfo::ResetInfo - SyncLevel set to 0 on reset
20:57:14.30   GameInfo::ResetInfo - SyncLevel set to 0 on reset
20:57:14.30   GameInfo::ResetInfo - SyncLevel set to 0 on reset
20:57:14.30   GameInfo::ResetInfo - SyncLevel set to 0 on reset
20:57:14.30   GameInfo::ResetInfo - SyncLevel set to 0 on reset
20:57:14.30   GameInfo::ResetInfo - SyncLevel set to 0 on reset
20:57:14.30   GameInfo::ResetInfo - SyncLevel set to 0 on reset
20:57:14.30   GameInfo::ResetInfo - SyncLevel set to 0 on reset
20:57:14.31   GameInfo::ResetInfo - SyncLevel set to 0 on reset
20:57:14.31   GameInfo::ResetInfo - SyncLevel set to 0 on reset
20:57:14.31   GameInfo::ResetInfo - SyncLevel set to 0 on reset
20:57:14.31   GameInfo::ResetInfo - SyncLevel set to 0 on reset
20:57:14.31   GameInfo::ResetInfo - SyncLevel set to 0 on reset
20:57:14.31   GameInfo::ResetInfo - SyncLevel set to 0 on reset
20:57:14.31   GameInfo::ResetInfo - SyncLevel set to 0 on reset
20:57:14.31   GameInfo::ResetInfo - SyncLevel set to 0 on reset
20:57:14.31   GameInfo::ResetInfo - SyncLevel set to 0 on reset
20:57:14.31   GameInfo::ResetInfo - SyncLevel set to 0 on reset
20:57:14.31   GameInfo::ResetInfo - SyncLevel set to 0 on reset
20:57:14.31   GameInfo::ResetInfo - SyncLevel set to 0 on reset
20:57:14.31   GameInfo::ResetInfo - SyncLevel set to 0 on reset
20:57:14.31   GameInfo::ResetInfo - SyncLevel set to 0 on reset
20:57:14.31   GameInfo::ResetInfo - SyncLevel set to 0 on reset
20:57:14.31   GameInfo::ResetInfo - SyncLevel set to 0 on reset
20:57:14.31   GameInfo::ResetInfo - SyncLevel set to 0 on reset
20:57:14.31   GameInfo::ResetInfo - SyncLevel set to 0 on reset
20:57:14.32   GameInfo::ResetInfo - SyncLevel set to 0 on reset
20:57:14.32   GameInfo::ResetInfo - SyncLevel set to 0 on reset
20:57:14.32   GameInfo::ResetInfo - SyncLevel set to 0 on reset
20:57:14.32   GameInfo::ResetInfo - SyncLevel set to 0 on reset
20:57:14.32   GameInfo::ResetInfo - SyncLevel set to 0 on reset
20:57:14.32   GameInfo::ResetInfo - SyncLevel set to 0 on reset
20:57:14.32   GameInfo::ResetInfo - SyncLevel set to 0 on reset
20:57:14.32   GameInfo::ResetInfo - SyncLevel set to 0 on reset
20:57:14.32   GameInfo::ResetInfo - SyncLevel set to 0 on reset
20:57:14.32   GameInfo::ResetInfo - SyncLevel set to 0 on reset
20:57:14.32   GameInfo::ResetInfo - SyncLevel set to 0 on reset
20:57:14.32   GameInfo::ResetInfo - SyncLevel set to 0 on reset
20:57:14.32   GameInfo::ResetInfo - SyncLevel set to 0 on reset
20:57:14.32   GameInfo::ResetInfo - SyncLevel set to 0 on reset
20:57:14.32   GameInfo::ResetInfo - SyncLevel set to 0 on reset
20:57:14.32   GameInfo::ResetInfo - SyncLevel set to 0 on reset
20:57:14.32   GameInfo::ResetInfo - SyncLevel set to 0 on reset
20:57:14.32   GameInfo::ResetInfo - SyncLevel set to 0 on reset
20:57:14.32   GameInfo::ResetInfo - SyncLevel set to 0 on reset
20:57:14.32   GameInfo::ResetInfo - SyncLevel set to 0 on reset
20:57:14.32   GameInfo::ResetInfo - SyncLevel set to 0 on reset
20:57:14.32   GameInfo::ResetInfo - SyncLevel set to 0 on reset
20:57:14.32   GameInfo::ResetInfo - SyncLevel set to 0 on reset
20:57:14.32   GameInfo::ResetInfo - SyncLevel set to 0 on reset
20:57:14.32   GameInfo::ResetInfo - SyncLevel set to 0 on reset
20:57:14.32   GameInfo::ResetInfo - SyncLevel set to 0 on reset
20:57:14.32   GameInfo::ResetInfo - SyncLevel set to 0 on reset
20:57:14.33   GameInfo::ResetInfo - SyncLevel set to 0 on reset
20:57:14.33   GameInfo::ResetInfo - SyncLevel set to 0 on reset
20:57:14.33   GameInfo::ResetInfo - SyncLevel set to 0 on reset
20:57:14.33   GameInfo::ResetInfo - SyncLevel set to 0 on reset
20:57:14.33   GameInfo::ResetInfo - SyncLevel set to 0 on reset
20:57:14.33   GameInfo::ResetInfo - SyncLevel set to 0 on reset
20:57:14.33   GameInfo::ResetInfo - SyncLevel set to 0 on reset
20:57:14.33   GameInfo::ResetInfo - SyncLevel set to 0 on reset
20:57:14.33   GameInfo::ResetInfo - SyncLevel set to 0 on reset
20:57:14.33   GameInfo::ResetInfo - SyncLevel set to 0 on reset
20:57:14.33   GameInfo::ResetInfo - SyncLevel set to 0 on reset
20:57:14.33   GameInfo::ResetInfo - SyncLevel set to 0 on reset
20:57:14.33   GameInfo::ResetInfo - SyncLevel set to 0 on reset
20:57:14.33   GameInfo::ResetInfo - SyncLevel set to 0 on reset
20:57:14.33   GameInfo::ResetInfo - SyncLevel set to 0 on reset
20:57:14.34   GameInfo::ResetInfo - SyncLevel set to 0 on reset
20:57:14.34   GameInfo::ResetInfo - SyncLevel set to 0 on reset
20:57:14.34   GameInfo::ResetInfo - SyncLevel set to 0 on reset
20:57:14.34   GameInfo::ResetInfo - SyncLevel set to 0 on reset
20:57:14.34   GameInfo::ResetInfo - SyncLevel set to 0 on reset
20:57:14.34   GameInfo::ResetInfo - SyncLevel set to 0 on reset
20:57:14.34   GameInfo::ResetInfo - SyncLevel set to 0 on reset
20:57:14.34   GameInfo::ResetInfo - SyncLevel set to 0 on reset
20:57:14.34   GameInfo::ResetInfo - SyncLevel set to 0 on reset
20:57:14.34   GameInfo::ResetInfo - SyncLevel set to 0 on reset
20:57:14.34   GameInfo::ResetInfo - SyncLevel set to 0 on reset
20:57:14.34   GameInfo::ResetInfo - SyncLevel set to 0 on reset
20:57:14.34   GameInfo::ResetInfo - SyncLevel set to 0 on reset
20:57:14.34   GameInfo::ResetInfo - SyncLevel set to 0 on reset
20:57:14.34   GameInfo::ResetInfo - SyncLevel set to 0 on reset
20:57:14.35   GameInfo::ResetInfo - SyncLevel set to 0 on reset
20:57:14.35   GameInfo::ResetInfo - SyncLevel set to 0 on reset
20:57:14.35   GameInfo::ResetInfo - SyncLevel set to 0 on reset
20:57:14.35   GameInfo::ResetInfo - SyncLevel set to 0 on reset
20:57:14.35   GameInfo::ResetInfo - SyncLevel set to 0 on reset
20:57:14.35   GameInfo::ResetInfo - SyncLevel set to 0 on reset
20:57:14.35   GameInfo::ResetInfo - SyncLevel set to 0 on reset
20:57:14.35   GameInfo::ResetInfo - SyncLevel set to 0 on reset
20:57:14.35   GameInfo::ResetInfo - SyncLevel set to 0 on reset
20:57:14.35   GameInfo::ResetInfo - SyncLevel set to 0 on reset
20:57:14.35   GameInfo::ResetInfo - SyncLevel set to 0 on reset
20:57:14.35   GameInfo::ResetInfo - SyncLevel set to 0 on reset
20:57:14.35   GameInfo::ResetInfo - SyncLevel set to 0 on reset
20:57:14.35   GameInfo::ResetInfo - SyncLevel set to 0 on reset
20:57:14.35   GameInfo::ResetInfo - SyncLevel set to 0 on reset
20:57:14.35   GameInfo::ResetInfo - SyncLevel set to 0 on reset
20:57:14.35   GameInfo::ResetInfo - SyncLevel set to 0 on reset
20:57:14.35   GameInfo::ResetInfo - SyncLevel set to 0 on reset
20:57:14.35   GameInfo::ResetInfo - SyncLevel set to 0 on reset
20:57:14.35   GameInfo::ResetInfo - SyncLevel set to 0 on reset
20:57:14.35   GameInfo::ResetInfo - SyncLevel set to 0 on reset
20:57:14.35   GameInfo::ResetInfo - SyncLevel set to 0 on reset
20:57:14.35   GameInfo::ResetInfo - SyncLevel set to 0 on reset
20:57:14.35   GameInfo::ResetInfo - SyncLevel set to 0 on reset
20:57:14.36   GameInfo::ResetInfo - SyncLevel set to 0 on reset
20:57:14.36   GameInfo::ResetInfo - SyncLevel set to 0 on reset
20:57:14.36   GameInfo::ResetInfo - SyncLevel set to 0 on reset
20:57:14.36   GameInfo::ResetInfo - SyncLevel set to 0 on reset
20:57:14.36   GameInfo::ResetInfo - SyncLevel set to 0 on reset
20:57:14.36   GameInfo::ResetInfo - SyncLevel set to 0 on reset
20:57:14.36   GameInfo::ResetInfo - SyncLevel set to 0 on reset
20:57:14.36   GameInfo::ResetInfo - SyncLevel set to 0 on reset
20:57:14.36   GameInfo::ResetInfo - SyncLevel set to 0 on reset
20:57:14.36   GameInfo::ResetInfo - SyncLevel set to 0 on reset
20:57:14.36   GameInfo::ResetInfo - SyncLevel set to 0 on reset
20:57:14.36   GameInfo::ResetInfo - SyncLevel set to 0 on reset
20:57:14.36   GameInfo::ResetInfo - SyncLevel set to 0 on reset
20:57:14.36   GameInfo::ResetInfo - SyncLevel set to 0 on reset
20:57:14.36   GameInfo::ResetInfo - SyncLevel set to 0 on reset
20:57:14.36   GameInfo::ResetInfo - SyncLevel set to 0 on reset
20:57:14.36   GameInfo::ResetInfo - SyncLevel set to 0 on reset
20:57:14.36   GameInfo::ResetInfo - SyncLevel set to 0 on reset
20:57:14.36   GameInfo::ResetInfo - SyncLevel set to 0 on reset
20:57:14.36   GameInfo::ResetInfo - SyncLevel set to 0 on reset
20:57:14.36   GameInfo::ResetInfo - SyncLevel set to 0 on reset
20:57:14.36   GameInfo::ResetInfo - SyncLevel set to 0 on reset
20:57:14.36   GameInfo::ResetInfo - SyncLevel set to 0 on reset
20:57:14.37   GameInfo::ResetInfo - SyncLevel set to 0 on reset
20:57:14.37   GameInfo::ResetInfo - SyncLevel set to 0 on reset
20:57:14.37   GameInfo::ResetInfo - SyncLevel set to 0 on reset
20:57:14.37   GameInfo::ResetInfo - SyncLevel set to 0 on reset
20:57:14.37   GameInfo::ResetInfo - SyncLevel set to 0 on reset
20:57:14.37   GameInfo::ResetInfo - SyncLevel set to 0 on reset
20:57:14.37   GameInfo::ResetInfo - SyncLevel set to 0 on reset
20:57:14.37   GameInfo::ResetInfo - SyncLevel set to 0 on reset
20:57:14.37   GameInfo::ResetInfo - SyncLevel set to 0 on reset
20:57:14.37   GameInfo::ResetInfo - SyncLevel set to 0 on reset
20:57:14.37   GameInfo::ResetInfo - SyncLevel set to 0 on reset
20:57:14.37   GameInfo::ResetInfo - SyncLevel set to 0 on reset
20:57:14.37   GameInfo::ResetInfo - SyncLevel set to 0 on reset
20:57:14.37   GameInfo::ResetInfo - SyncLevel set to 0 on reset
20:57:14.37   GameInfo::ResetInfo - SyncLevel set to 0 on reset
20:57:14.37   GameInfo::ResetInfo - SyncLevel set to 0 on reset
20:57:14.37   GameInfo::ResetInfo - SyncLevel set to 0 on reset
20:57:14.37   GameInfo::ResetInfo - SyncLevel set to 0 on reset
20:57:14.37   GameInfo::ResetInfo - SyncLevel set to 0 on reset
20:57:14.38   GameInfo::ResetInfo - SyncLevel set to 0 on reset
20:57:14.38   GameInfo::ResetInfo - SyncLevel set to 0 on reset
20:57:14.38   GameInfo::ResetInfo - SyncLevel set to 0 on reset
20:57:14.38   GameInfo::ResetInfo - SyncLevel set to 0 on reset
20:57:14.38   GameInfo::ResetInfo - SyncLevel set to 0 on reset
20:57:14.38   GameInfo::ResetInfo - SyncLevel set to 0 on reset
20:57:14.38   GameInfo::ResetInfo - SyncLevel set to 0 on reset
20:57:14.38   GameInfo::ResetInfo - SyncLevel set to 0 on reset
20:57:14.38   GameInfo::ResetInfo - SyncLevel set to 0 on reset
20:57:14.38   GameInfo::ResetInfo - SyncLevel set to 0 on reset
20:57:14.38   GameInfo::ResetInfo - SyncLevel set to 0 on reset
20:57:14.38   GameInfo::ResetInfo - SyncLevel set to 0 on reset
20:57:14.38   GameInfo::ResetInfo - SyncLevel set to 0 on reset
20:57:14.38   GameInfo::ResetInfo - SyncLevel set to 0 on reset
20:57:14.38   GameInfo::ResetInfo - SyncLevel set to 0 on reset
20:57:14.38   GameInfo::ResetInfo - SyncLevel set to 0 on reset
20:57:14.38   GameInfo::ResetInfo - SyncLevel set to 0 on reset
20:57:14.38   GameInfo::ResetInfo - SyncLevel set to 0 on reset
20:57:14.38   GameInfo::ResetInfo - SyncLevel set to 0 on reset
20:57:14.38   GameInfo::ResetInfo - SyncLevel set to 0 on reset
20:57:14.38   GameInfo::ResetInfo - SyncLevel set to 0 on reset
20:57:14.38   GameInfo::ResetInfo - SyncLevel set to 0 on reset
20:57:14.38   GameInfo::ResetInfo - SyncLevel set to 0 on reset
20:57:14.38   GameInfo::ResetInfo - SyncLevel set to 0 on reset
20:57:14.39   GameInfo::ResetInfo - SyncLevel set to 0 on reset
20:57:14.39   GameInfo::ResetInfo - SyncLevel set to 0 on reset
20:57:14.39   GameInfo::ResetInfo - SyncLevel set to 0 on reset
20:57:14.39   GameInfo::ResetInfo - SyncLevel set to 0 on reset
20:57:14.39   GameInfo::ResetInfo - SyncLevel set to 0 on reset
20:57:14.39   GameInfo::ResetInfo - SyncLevel set to 0 on reset
20:57:14.39   GameInfo::ResetInfo - SyncLevel set to 0 on reset
20:57:14.39   GameInfo::ResetInfo - SyncLevel set to 0 on reset
20:57:14.39   GameInfo::ResetInfo - SyncLevel set to 0 on reset
20:57:14.39   GameInfo::ResetInfo - SyncLevel set to 0 on reset
20:57:14.39   GameInfo::ResetInfo - SyncLevel set to 0 on reset
20:57:14.39   GameInfo::ResetInfo - SyncLevel set to 0 on reset
20:57:14.39   GameInfo::ResetInfo - SyncLevel set to 0 on reset
20:57:14.39   GameInfo::ResetInfo - SyncLevel set to 0 on reset
20:57:14.39   GameInfo::ResetInfo - SyncLevel set to 0 on reset
20:57:14.39   GameInfo::ResetInfo - SyncLevel set to 0 on reset
20:57:14.39   GameInfo::ResetInfo - SyncLevel set to 0 on reset
20:57:14.39   GameInfo::ResetInfo - SyncLevel set to 0 on reset
20:57:14.39   GameInfo::ResetInfo - SyncLevel set to 0 on reset
20:57:14.39   GameInfo::ResetInfo - SyncLevel set to 0 on reset
20:57:14.39   GameInfo::ResetInfo - SyncLevel set to 0 on reset
20:57:14.40   GameInfo::ResetInfo - SyncLevel set to 0 on reset
20:57:14.40   GameInfo::ResetInfo - SyncLevel set to 0 on reset
20:57:14.40   GameInfo::ResetInfo - SyncLevel set to 0 on reset
20:57:14.40   GameInfo::ResetInfo - SyncLevel set to 0 on reset
20:57:14.40   GameInfo::ResetInfo - SyncLevel set to 0 on reset
20:57:14.40   GameInfo::ResetInfo - SyncLevel set to 0 on reset
20:57:14.40   GameInfo::ResetInfo - SyncLevel set to 0 on reset
20:57:14.40   GameInfo::ResetInfo - SyncLevel set to 0 on reset
20:57:14.40   GameInfo::ResetInfo - SyncLevel set to 0 on reset
20:57:14.40   GameInfo::ResetInfo - SyncLevel set to 0 on reset
20:57:14.40   GameInfo::ResetInfo - SyncLevel set to 0 on reset
20:57:14.40   GameInfo::ResetInfo - SyncLevel set to 0 on reset
20:57:14.40   GameInfo::ResetInfo - SyncLevel set to 0 on reset
20:57:14.40   GameInfo::ResetInfo - SyncLevel set to 0 on reset
20:57:14.40   GameInfo::ResetInfo - SyncLevel set to 0 on reset
20:57:14.41   GameInfo::ResetInfo - SyncLevel set to 0 on reset
20:57:14.41   GameInfo::ResetInfo - SyncLevel set to 0 on reset
20:57:14.41   GameInfo::ResetInfo - SyncLevel set to 0 on reset
20:57:14.41   GameInfo::ResetInfo - SyncLevel set to 0 on reset
20:57:14.41   GameInfo::ResetInfo - SyncLevel set to 0 on reset
20:57:14.41   GameInfo::ResetInfo - SyncLevel set to 0 on reset
20:57:14.41   GameInfo::ResetInfo - SyncLevel set to 0 on reset
20:57:14.41   GameInfo::ResetInfo - SyncLevel set to 0 on reset
20:57:14.41   GameInfo::ResetInfo - SyncLevel set to 0 on reset
20:57:14.41   GameInfo::ResetInfo - SyncLevel set to 0 on reset
20:57:14.41   GameInfo::ResetInfo - SyncLevel set to 0 on reset
20:57:14.41   GameInfo::ResetInfo - SyncLevel set to 0 on reset
20:57:14.41   GameInfo::ResetInfo - SyncLevel set to 0 on reset
20:57:14.41   GameInfo::ResetInfo - SyncLevel set to 0 on reset
20:57:14.41   GameInfo::ResetInfo - SyncLevel set to 0 on reset
20:57:14.41   GameInfo::ResetInfo - SyncLevel set to 0 on reset
20:57:14.41   GameInfo::ResetInfo - SyncLevel set to 0 on reset
20:57:14.41   GameInfo::ResetInfo - SyncLevel set to 0 on reset
20:57:14.41   GameInfo::ResetInfo - SyncLevel set to 0 on reset
20:57:14.41   GameInfo::ResetInfo - SyncLevel set to 0 on reset
20:57:14.41   GameInfo::ResetInfo - SyncLevel set to 0 on reset
20:57:14.42   GameInfo::ResetInfo - SyncLevel set to 0 on reset
20:57:14.42   GameInfo::ResetInfo - SyncLevel set to 0 on reset
20:57:14.42   GameInfo::ResetInfo - SyncLevel set to 0 on reset
20:57:14.42   GameInfo::ResetInfo - SyncLevel set to 0 on reset
20:57:14.42   GameInfo::ResetInfo - SyncLevel set to 0 on reset
20:57:14.42   GameInfo::ResetInfo - SyncLevel set to 0 on reset
20:57:14.42   GameInfo::ResetInfo - SyncLevel set to 0 on reset
20:57:14.42   GameInfo::ResetInfo - SyncLevel set to 0 on reset
20:57:14.42   GameInfo::ResetInfo - SyncLevel set to 0 on reset
20:57:14.42   GameInfo::ResetInfo - SyncLevel set to 0 on reset
20:57:14.42   GameInfo::ResetInfo - SyncLevel set to 0 on reset
20:57:14.42   GameInfo::ResetInfo - SyncLevel set to 0 on reset
20:57:14.42   GameInfo::ResetInfo - SyncLevel set to 0 on reset
20:57:14.42   GameInfo::ResetInfo - SyncLevel set to 0 on reset
20:57:14.42   GameInfo::ResetInfo - SyncLevel set to 0 on reset
20:57:14.42   GameInfo::ResetInfo - SyncLevel set to 0 on reset
20:57:14.42   GameInfo::ResetInfo - SyncLevel set to 0 on reset
20:57:14.42   GameInfo::ResetInfo - SyncLevel set to 0 on reset
20:57:14.42   GameInfo::ResetInfo - SyncLevel set to 0 on reset
20:57:14.42   GameInfo::ResetInfo - SyncLevel set to 0 on reset
20:57:14.42   GameInfo::ResetInfo - SyncLevel set to 0 on reset
20:57:14.43   GameInfo::ResetInfo - SyncLevel set to 0 on reset
20:57:14.43   GameInfo::ResetInfo - SyncLevel set to 0 on reset
20:57:14.43   GameInfo::ResetInfo - SyncLevel set to 0 on reset
20:57:14.43   GameInfo::ResetInfo - SyncLevel set to 0 on reset
20:57:14.43   GameInfo::ResetInfo - SyncLevel set to 0 on reset
20:57:14.43   GameInfo::ResetInfo - SyncLevel set to 0 on reset
20:57:14.43   GameInfo::ResetInfo - SyncLevel set to 0 on reset
20:57:14.43   GameInfo::ResetInfo - SyncLevel set to 0 on reset
20:57:14.43   GameInfo::ResetInfo - SyncLevel set to 0 on reset
20:57:14.43   GameInfo::ResetInfo - SyncLevel set to 0 on reset
20:57:14.43   GameInfo::ResetInfo - SyncLevel set to 0 on reset
20:57:14.43   GameInfo::ResetInfo - SyncLevel set to 0 on reset
20:57:14.43   GameInfo::ResetInfo - SyncLevel set to 0 on reset
20:57:14.43   GameInfo::ResetInfo - SyncLevel set to 0 on reset
20:57:14.43   GameInfo::ResetInfo - SyncLevel set to 0 on reset
20:57:14.43   GameInfo::ResetInfo - SyncLevel set to 0 on reset
20:57:14.43   GameInfo::ResetInfo - SyncLevel set to 0 on reset
20:57:14.43   GameInfo::ResetInfo - SyncLevel set to 0 on reset
20:57:14.43   GameInfo::ResetInfo - SyncLevel set to 0 on reset
20:57:14.43   GameInfo::ResetInfo - SyncLevel set to 0 on reset
20:57:14.43   GameInfo::ResetInfo - SyncLevel set to 0 on reset
20:57:14.44   GAME -- Error reading header for recorded game PLAYBACK:8P_MONTARGIS_REGION_POINTS_UP.2019-01-28.01-38-28.rec
20:57:14.44   GameInfo::ResetInfo - SyncLevel set to 0 on reset
20:57:14.44   GameInfo::ResetInfo - SyncLevel set to 0 on reset
20:57:14.44   GameInfo::ResetInfo - SyncLevel set to 0 on reset
20:57:14.44   GAME -- Error reading header for recorded game PLAYBACK:8P_MONTARGIS_REGION_POINTS_UP.2019-08-27.22-25-49.rec
20:57:14.44   GameInfo::ResetInfo - SyncLevel set to 0 on reset
20:57:14.44   GameInfo::ResetInfo - SyncLevel set to 0 on reset
20:57:14.44   GameInfo::ResetInfo - SyncLevel set to 0 on reset
20:57:14.44   GameInfo::ResetInfo - SyncLevel set to 0 on reset
20:57:14.44   GameInfo::ResetInfo - SyncLevel set to 0 on reset
20:57:14.44   GameInfo::ResetInfo - SyncLevel set to 0 on reset
20:57:14.44   GameInfo::ResetInfo - SyncLevel set to 0 on reset
20:57:14.44   GameInfo::ResetInfo - SyncLevel set to 0 on reset
20:57:14.44   GameInfo::ResetInfo - SyncLevel set to 0 on reset
20:57:14.44   GameInfo::ResetInfo - SyncLevel set to 0 on reset
20:57:14.44   GameInfo::ResetInfo - SyncLevel set to 0 on reset
20:57:14.44   GameInfo::ResetInfo - SyncLevel set to 0 on reset
20:57:14.44   GameInfo::ResetInfo - SyncLevel set to 0 on reset
20:57:14.44   GameInfo::ResetInfo - SyncLevel set to 0 on reset
20:57:14.44   GameInfo::ResetInfo - SyncLevel set to 0 on reset
20:57:14.44   GameInfo::ResetInfo - SyncLevel set to 0 on reset
20:57:14.44   GameInfo::ResetInfo - SyncLevel set to 0 on reset
20:57:14.44   GameInfo::ResetInfo - SyncLevel set to 0 on reset
20:57:14.44   GameInfo::ResetInfo - SyncLevel set to 0 on reset
20:57:14.44   GameInfo::ResetInfo - SyncLevel set to 0 on reset
20:57:14.44   GameInfo::ResetInfo - SyncLevel set to 0 on reset
20:57:14.45   GameInfo::ResetInfo - SyncLevel set to 0 on reset
20:57:14.45   GameInfo::ResetInfo - SyncLevel set to 0 on reset
20:57:14.45   GameInfo::ResetInfo - SyncLevel set to 0 on reset
20:57:14.45   GameInfo::ResetInfo - SyncLevel set to 0 on reset
20:57:14.45   GameInfo::ResetInfo - SyncLevel set to 0 on reset
20:57:14.45   GameInfo::ResetInfo - SyncLevel set to 0 on reset
20:57:14.45   GameInfo::ResetInfo - SyncLevel set to 0 on reset
20:57:14.45   GameInfo::ResetInfo - SyncLevel set to 0 on reset
20:57:14.45   GameInfo::ResetInfo - SyncLevel set to 0 on reset
20:57:14.45   GameInfo::ResetInfo - SyncLevel set to 0 on reset
20:57:14.45   GameInfo::ResetInfo - SyncLevel set to 0 on reset
20:57:14.45   GameInfo::ResetInfo - SyncLevel set to 0 on reset
20:57:14.45   GameInfo::ResetInfo - SyncLevel set to 0 on reset
20:57:14.45   GameInfo::ResetInfo - SyncLevel set to 0 on reset
20:57:14.45   GameInfo::ResetInfo - SyncLevel set to 0 on reset
20:57:14.45   GameInfo::ResetInfo - SyncLevel set to 0 on reset
20:57:14.45   GameInfo::ResetInfo - SyncLevel set to 0 on reset
20:57:14.45   GameInfo::ResetInfo - SyncLevel set to 0 on reset
20:57:14.45   GameInfo::ResetInfo - SyncLevel set to 0 on reset
20:57:14.45   GameInfo::ResetInfo - SyncLevel set to 0 on reset
20:57:14.45   GameInfo::ResetInfo - SyncLevel set to 0 on reset
20:57:14.46   GameInfo::ResetInfo - SyncLevel set to 0 on reset
20:57:14.46   GameInfo::ResetInfo - SyncLevel set to 0 on reset
20:57:14.46   GameInfo::ResetInfo - SyncLevel set to 0 on reset
20:57:14.46   GameInfo::ResetInfo - SyncLevel set to 0 on reset
20:57:14.46   GameInfo::ResetInfo - SyncLevel set to 0 on reset
20:57:14.46   GameInfo::ResetInfo - SyncLevel set to 0 on reset
20:57:14.46   GameInfo::ResetInfo - SyncLevel set to 0 on reset
20:57:14.46   GameInfo::ResetInfo - SyncLevel set to 0 on reset
20:57:14.46   GameInfo::ResetInfo - SyncLevel set to 0 on reset
20:57:14.46   GameInfo::ResetInfo - SyncLevel set to 0 on reset
20:57:14.46   GameInfo::ResetInfo - SyncLevel set to 0 on reset
20:57:14.46   GameInfo::ResetInfo - SyncLevel set to 0 on reset
20:57:14.46   GameInfo::ResetInfo - SyncLevel set to 0 on reset
20:57:14.46   GameInfo::ResetInfo - SyncLevel set to 0 on reset
20:57:14.46   GameInfo::ResetInfo - SyncLevel set to 0 on reset
20:57:14.46   GameInfo::ResetInfo - SyncLevel set to 0 on reset
20:57:14.46   GameInfo::ResetInfo - SyncLevel set to 0 on reset
20:57:14.46   GameInfo::ResetInfo - SyncLevel set to 0 on reset
20:57:14.46   GameInfo::ResetInfo - SyncLevel set to 0 on reset
20:57:14.46   GameInfo::ResetInfo - SyncLevel set to 0 on reset
20:57:14.46   GameInfo::ResetInfo - SyncLevel set to 0 on reset
20:57:14.46   GameInfo::ResetInfo - SyncLevel set to 0 on reset
20:57:14.46   GameInfo::ResetInfo - SyncLevel set to 0 on reset
20:57:14.46   GameInfo::ResetInfo - SyncLevel set to 0 on reset
20:57:14.47   GameInfo::ResetInfo - SyncLevel set to 0 on reset
20:57:14.47   GameInfo::ResetInfo - SyncLevel set to 0 on reset
20:57:14.47   GameInfo::ResetInfo - SyncLevel set to 0 on reset
20:57:14.47   GameInfo::ResetInfo - SyncLevel set to 0 on reset
20:57:14.47   GameInfo::ResetInfo - SyncLevel set to 0 on reset
20:57:14.47   GameInfo::ResetInfo - SyncLevel set to 0 on reset
20:57:14.47   GameInfo::ResetInfo - SyncLevel set to 0 on reset
20:57:14.47   GameInfo::ResetInfo - SyncLevel set to 0 on reset
20:57:14.47   GameInfo::ResetInfo - SyncLevel set to 0 on reset
20:57:14.47   GameInfo::ResetInfo - SyncLevel set to 0 on reset
20:57:14.47   GameInfo::ResetInfo - SyncLevel set to 0 on reset
20:57:14.47   GameInfo::ResetInfo - SyncLevel set to 0 on reset
20:57:14.47   GameInfo::ResetInfo - SyncLevel set to 0 on reset
20:57:14.47   GameInfo::ResetInfo - SyncLevel set to 0 on reset
20:57:14.47   GameInfo::ResetInfo - SyncLevel set to 0 on reset
20:57:14.47   GameInfo::ResetInfo - SyncLevel set to 0 on reset
20:57:14.47   GameInfo::ResetInfo - SyncLevel set to 0 on reset
20:57:14.47   GameInfo::ResetInfo - SyncLevel set to 0 on reset
20:57:14.47   GameInfo::ResetInfo - SyncLevel set to 0 on reset
20:57:14.47   GameInfo::ResetInfo - SyncLevel set to 0 on reset
20:57:14.47   GameInfo::ResetInfo - SyncLevel set to 0 on reset
20:57:14.47   GameInfo::ResetInfo - SyncLevel set to 0 on reset
20:57:14.47   GameInfo::ResetInfo - SyncLevel set to 0 on reset
20:57:14.47   GameInfo::ResetInfo - SyncLevel set to 0 on reset
20:57:14.47   GameInfo::ResetInfo - SyncLevel set to 0 on reset
20:57:14.47   GameInfo::ResetInfo - SyncLevel set to 0 on reset
20:57:14.47   GameInfo::ResetInfo - SyncLevel set to 0 on reset
20:57:14.48   GAME -- Error reading header for recorded game PLAYBACK:fun_high_res_monti.rec
20:57:14.48   GameInfo::ResetInfo - SyncLevel set to 0 on reset
20:57:14.48   GameInfo::ResetInfo - SyncLevel set to 0 on reset
20:57:14.48   GameInfo::ResetInfo - SyncLevel set to 0 on reset
20:57:14.48   GameInfo::ResetInfo - SyncLevel set to 0 on reset
20:57:14.48   GameInfo::ResetInfo - SyncLevel set to 0 on reset
20:57:14.48   GameInfo::ResetInfo - SyncLevel set to 0 on reset
20:57:14.48   GameInfo::ResetInfo - SyncLevel set to 0 on reset
20:57:14.48   GameInfo::ResetInfo - SyncLevel set to 0 on reset
20:57:14.48   GameInfo::ResetInfo - SyncLevel set to 0 on reset
20:57:14.48   GameInfo::ResetInfo - SyncLevel set to 0 on reset
20:57:14.48   GameInfo::ResetInfo - SyncLevel set to 0 on reset
20:57:14.48   GameInfo::ResetInfo - SyncLevel set to 0 on reset
20:57:14.48   GameInfo::ResetInfo - SyncLevel set to 0 on reset
20:57:14.48   GameInfo::ResetInfo - SyncLevel set to 0 on reset
20:57:14.48   GameInfo::ResetInfo - SyncLevel set to 0 on reset
20:57:14.48   GameInfo::ResetInfo - SyncLevel set to 0 on reset
20:57:14.48   GameInfo::ResetInfo - SyncLevel set to 0 on reset
20:57:14.48   GameInfo::ResetInfo - SyncLevel set to 0 on reset
20:57:14.48   GameInfo::ResetInfo - SyncLevel set to 0 on reset
20:57:14.48   GameInfo::ResetInfo - SyncLevel set to 0 on reset
20:57:14.49   GameInfo::ResetInfo - SyncLevel set to 0 on reset
20:57:14.49   GAME -- Error reading header for recorded game PLAYBACK:gdfg.rec
20:57:14.49   GameInfo::ResetInfo - SyncLevel set to 0 on reset
20:57:14.49   GameInfo::ResetInfo - SyncLevel set to 0 on reset
20:57:14.49   GameInfo::ResetInfo - SyncLevel set to 0 on reset
20:57:14.49   GameInfo::ResetInfo - SyncLevel set to 0 on reset
20:57:14.49   GameInfo::ResetInfo - SyncLevel set to 0 on reset
20:57:14.49   GameInfo::ResetInfo - SyncLevel set to 0 on reset
20:57:14.49   GameInfo::ResetInfo - SyncLevel set to 0 on reset
20:57:14.49   GameInfo::ResetInfo - SyncLevel set to 0 on reset
20:57:14.49   GameInfo::ResetInfo - SyncLevel set to 0 on reset
20:57:14.49   GameInfo::ResetInfo - SyncLevel set to 0 on reset
20:57:14.49   GameInfo::ResetInfo - SyncLevel set to 0 on reset
20:57:14.49   GameInfo::ResetInfo - SyncLevel set to 0 on reset
20:57:14.49   GameInfo::ResetInfo - SyncLevel set to 0 on reset
20:57:14.49   GameInfo::ResetInfo - SyncLevel set to 0 on reset
20:57:14.49   GameInfo::ResetInfo - SyncLevel set to 0 on reset
20:57:14.49   GameInfo::ResetInfo - SyncLevel set to 0 on reset
20:57:14.49   GameInfo::ResetInfo - SyncLevel set to 0 on reset
20:57:14.49   GameInfo::ResetInfo - SyncLevel set to 0 on reset
20:57:14.49   GameInfo::ResetInfo - SyncLevel set to 0 on reset
20:57:14.49   GameInfo::ResetInfo - SyncLevel set to 0 on reset
20:57:14.49   GameInfo::ResetInfo - SyncLevel set to 0 on reset
20:57:14.49   GameInfo::ResetInfo - SyncLevel set to 0 on reset
20:57:14.49   GameInfo::ResetInfo - SyncLevel set to 0 on reset
20:57:14.49   GameInfo::ResetInfo - SyncLevel set to 0 on reset
20:57:14.49   GameInfo::ResetInfo - SyncLevel set to 0 on reset
20:57:14.49   GameInfo::ResetInfo - SyncLevel set to 0 on reset
20:57:14.49   GameInfo::ResetInfo - SyncLevel set to 0 on reset
20:57:14.49   GameInfo::ResetInfo - SyncLevel set to 0 on reset
20:57:14.49   GameInfo::ResetInfo - SyncLevel set to 0 on reset
20:57:14.49   GameInfo::ResetInfo - SyncLevel set to 0 on reset
20:57:14.49   GameInfo::ResetInfo - SyncLevel set to 0 on reset
20:57:14.49   GameInfo::ResetInfo - SyncLevel set to 0 on reset
20:57:14.50   GameInfo::ResetInfo - SyncLevel set to 0 on reset
20:57:14.50   GameInfo::ResetInfo - SyncLevel set to 0 on reset
20:57:14.50   GameInfo::ResetInfo - SyncLevel set to 0 on reset
20:57:14.50   GameInfo::ResetInfo - SyncLevel set to 0 on reset
20:57:14.50   GameInfo::ResetInfo - SyncLevel set to 0 on reset
20:57:14.50   GameInfo::ResetInfo - SyncLevel set to 0 on reset
20:57:14.50   GameInfo::ResetInfo - SyncLevel set to 0 on reset
20:57:14.50   GameInfo::ResetInfo - SyncLevel set to 0 on reset
20:57:14.50   GameInfo::ResetInfo - SyncLevel set to 0 on reset
20:57:14.50   GameInfo::ResetInfo - SyncLevel set to 0 on reset
20:57:14.50   GameInfo::ResetInfo - SyncLevel set to 0 on reset
20:57:14.50   GameInfo::ResetInfo - SyncLevel set to 0 on reset
20:57:14.50   GameInfo::ResetInfo - SyncLevel set to 0 on reset
20:57:14.50   GameInfo::ResetInfo - SyncLevel set to 0 on reset
20:57:14.50   GameInfo::ResetInfo - SyncLevel set to 0 on reset
20:57:14.50   GameInfo::ResetInfo - SyncLevel set to 0 on reset
20:57:14.50   GameInfo::ResetInfo - SyncLevel set to 0 on reset
20:57:14.50   GameInfo::ResetInfo - SyncLevel set to 0 on reset
20:57:14.50   GameInfo::ResetInfo - SyncLevel set to 0 on reset
20:57:14.50   GameInfo::ResetInfo - SyncLevel set to 0 on reset
20:57:14.50   GameInfo::ResetInfo - SyncLevel set to 0 on reset
20:57:14.50   GameInfo::ResetInfo - SyncLevel set to 0 on reset
20:57:14.50   GameInfo::ResetInfo - SyncLevel set to 0 on reset
20:57:14.51   GameInfo::ResetInfo - SyncLevel set to 0 on reset
20:57:14.51   GameInfo::ResetInfo - SyncLevel set to 0 on reset
20:57:14.51   GameInfo::ResetInfo - SyncLevel set to 0 on reset
20:57:14.51   GameInfo::ResetInfo - SyncLevel set to 0 on reset
20:57:14.51   GameInfo::ResetInfo - SyncLevel set to 0 on reset
20:57:14.51   GameInfo::ResetInfo - SyncLevel set to 0 on reset
20:57:14.51   GameInfo::ResetInfo - SyncLevel set to 0 on reset
20:57:14.51   GameInfo::ResetInfo - SyncLevel set to 0 on reset
20:57:14.51   GameInfo::ResetInfo - SyncLevel set to 0 on reset
20:57:14.51   GameInfo::ResetInfo - SyncLevel set to 0 on reset
20:57:14.51   GameInfo::ResetInfo - SyncLevel set to 0 on reset
20:57:14.51   GameInfo::ResetInfo - SyncLevel set to 0 on reset
20:57:14.51   GameInfo::ResetInfo - SyncLevel set to 0 on reset
20:57:14.51   GameInfo::ResetInfo - SyncLevel set to 0 on reset
20:57:14.51   GameInfo::ResetInfo - SyncLevel set to 0 on reset
20:57:14.51   GameInfo::ResetInfo - SyncLevel set to 0 on reset
20:57:14.51   GameInfo::ResetInfo - SyncLevel set to 0 on reset
20:57:14.51   GameInfo::ResetInfo - SyncLevel set to 0 on reset
20:57:14.51   GameInfo::ResetInfo - SyncLevel set to 0 on reset
20:57:14.51   GameInfo::ResetInfo - SyncLevel set to 0 on reset
20:57:14.51   GameInfo::ResetInfo - SyncLevel set to 0 on reset
20:57:14.51   GameInfo::ResetInfo - SyncLevel set to 0 on reset
20:57:14.51   GameInfo::ResetInfo - SyncLevel set to 0 on reset
20:57:14.52   GameInfo::ResetInfo - SyncLevel set to 0 on reset
20:57:14.52   GameInfo::ResetInfo - SyncLevel set to 0 on reset
20:57:14.52   GAME -- Error reading header for recorded game PLAYBACK:ischutz_mad.rec
20:57:14.52   GameInfo::ResetInfo - SyncLevel set to 0 on reset
20:57:14.52   GameInfo::ResetInfo - SyncLevel set to 0 on reset
20:57:14.52   GameInfo::ResetInfo - SyncLevel set to 0 on reset
20:57:14.52   GameInfo::ResetInfo - SyncLevel set to 0 on reset
20:57:14.52   GameInfo::ResetInfo - SyncLevel set to 0 on reset
20:57:14.52   GameInfo::ResetInfo - SyncLevel set to 0 on reset
20:57:14.52   GameInfo::ResetInfo - SyncLevel set to 0 on reset
20:57:14.52   GameInfo::ResetInfo - SyncLevel set to 0 on reset
20:57:14.52   GameInfo::ResetInfo - SyncLevel set to 0 on reset
20:57:14.52   GameInfo::ResetInfo - SyncLevel set to 0 on reset
20:57:14.52   GameInfo::ResetInfo - SyncLevel set to 0 on reset
20:57:14.52   GameInfo::ResetInfo - SyncLevel set to 0 on reset
20:57:14.52   GameInfo::ResetInfo - SyncLevel set to 0 on reset
20:57:14.52   GameInfo::ResetInfo - SyncLevel set to 0 on reset
20:57:14.52   GameInfo::ResetInfo - SyncLevel set to 0 on reset
20:57:14.52   GameInfo::ResetInfo - SyncLevel set to 0 on reset
20:57:14.52   GameInfo::ResetInfo - SyncLevel set to 0 on reset
20:57:14.52   GameInfo::ResetInfo - SyncLevel set to 0 on reset
20:57:14.53   GameInfo::ResetInfo - SyncLevel set to 0 on reset
20:57:14.53   GameInfo::ResetInfo - SyncLevel set to 0 on reset
20:57:14.53   GameInfo::ResetInfo - SyncLevel set to 0 on reset
20:57:14.53   GameInfo::ResetInfo - SyncLevel set to 0 on reset
20:57:14.53   GameInfo::ResetInfo - SyncLevel set to 0 on reset
20:57:14.53   GameInfo::ResetInfo - SyncLevel set to 0 on reset
20:57:14.53   GameInfo::ResetInfo - SyncLevel set to 0 on reset
20:57:14.53   GameInfo::ResetInfo - SyncLevel set to 0 on reset
20:57:14.53   GameInfo::ResetInfo - SyncLevel set to 0 on reset
20:57:14.53   GameInfo::ResetInfo - SyncLevel set to 0 on reset
20:57:14.53   GameInfo::ResetInfo - SyncLevel set to 0 on reset
20:57:14.53   GameInfo::ResetInfo - SyncLevel set to 0 on reset
20:57:14.53   GameInfo::ResetInfo - SyncLevel set to 0 on reset
20:57:14.53   GameInfo::ResetInfo - SyncLevel set to 0 on reset
20:57:14.53   GameInfo::ResetInfo - SyncLevel set to 0 on reset
20:57:14.53   GameInfo::ResetInfo - SyncLevel set to 0 on reset
20:57:14.53   GameInfo::ResetInfo - SyncLevel set to 0 on reset
20:57:14.53   GameInfo::ResetInfo - SyncLevel set to 0 on reset
20:57:14.53   GameInfo::ResetInfo - SyncLevel set to 0 on reset
20:57:14.53   GameInfo::ResetInfo - SyncLevel set to 0 on reset
20:57:14.53   GameInfo::ResetInfo - SyncLevel set to 0 on reset
20:57:14.53   GAME -- Error reading header for recorded game PLAYBACK:MONTARGIS REGION REVISED.2019-06-01.00-22-47.rec
20:57:14.53   GameInfo::ResetInfo - SyncLevel set to 0 on reset
20:57:14.53   GameInfo::ResetInfo - SyncLevel set to 0 on reset
20:57:14.53   GameInfo::ResetInfo - SyncLevel set to 0 on reset
20:57:14.53   GameInfo::ResetInfo - SyncLevel set to 0 on reset
20:57:14.53   GameInfo::ResetInfo - SyncLevel set to 0 on reset
20:57:14.53   GameInfo::ResetInfo - SyncLevel set to 0 on reset
20:57:14.53   GameInfo::ResetInfo - SyncLevel set to 0 on reset
20:57:14.53   GameInfo::ResetInfo - SyncLevel set to 0 on reset
20:57:14.54   GameInfo::ResetInfo - SyncLevel set to 0 on reset
20:57:14.54   GameInfo::ResetInfo - SyncLevel set to 0 on reset
20:57:14.54   GameInfo::ResetInfo - SyncLevel set to 0 on reset
20:57:14.54   GameInfo::ResetInfo - SyncLevel set to 0 on reset
20:57:14.54   GameInfo::ResetInfo - SyncLevel set to 0 on reset
20:57:14.54   GameInfo::ResetInfo - SyncLevel set to 0 on reset
20:57:14.54   GameInfo::ResetInfo - SyncLevel set to 0 on reset
20:57:14.54   GameInfo::ResetInfo - SyncLevel set to 0 on reset
20:57:14.54   GameInfo::ResetInfo - SyncLevel set to 0 on reset
20:57:14.54   GameInfo::ResetInfo - SyncLevel set to 0 on reset
20:57:14.54   GameInfo::ResetInfo - SyncLevel set to 0 on reset
20:57:14.54   GameInfo::ResetInfo - SyncLevel set to 0 on reset
20:57:14.54   GameInfo::ResetInfo - SyncLevel set to 0 on reset
20:57:14.54   GameInfo::ResetInfo - SyncLevel set to 0 on reset
20:57:14.54   GameInfo::ResetInfo - SyncLevel set to 0 on reset
20:57:14.54   GAME -- Error reading header for recorded game PLAYBACK:PE_Baserush_Counter__[GameReplays.org].rec
20:57:14.54   GameInfo::ResetInfo - SyncLevel set to 0 on reset
20:57:14.54   GameInfo::ResetInfo - SyncLevel set to 0 on reset
20:57:14.54   GameInfo::ResetInfo - SyncLevel set to 0 on reset
20:57:14.54   GameInfo::ResetInfo - SyncLevel set to 0 on reset
20:57:14.54   GameInfo::ResetInfo - SyncLevel set to 0 on reset
20:57:14.54   GameInfo::ResetInfo - SyncLevel set to 0 on reset
20:57:14.54   GameInfo::ResetInfo - SyncLevel set to 0 on reset
20:57:14.54   GameInfo::ResetInfo - SyncLevel set to 0 on reset
20:57:14.54   GameInfo::ResetInfo - SyncLevel set to 0 on reset
20:57:14.55   GameInfo::ResetInfo - SyncLevel set to 0 on reset
20:57:14.55   GameInfo::ResetInfo - SyncLevel set to 0 on reset
20:57:14.55   GameInfo::ResetInfo - SyncLevel set to 0 on reset
20:57:14.55   GameInfo::ResetInfo - SyncLevel set to 0 on reset
20:57:14.55   GameInfo::ResetInfo - SyncLevel set to 0 on reset
20:57:14.55   GameInfo::ResetInfo - SyncLevel set to 0 on reset
20:57:14.55   GameInfo::ResetInfo - SyncLevel set to 0 on reset
20:57:14.55   GameInfo::ResetInfo - SyncLevel set to 0 on reset
20:57:14.55   GameInfo::ResetInfo - SyncLevel set to 0 on reset
20:57:14.55   GameInfo::ResetInfo - SyncLevel set to 0 on reset
20:57:14.55   GameInfo::ResetInfo - SyncLevel set to 0 on reset
20:57:14.55   GameInfo::ResetInfo - SyncLevel set to 0 on reset
20:57:14.55   GameInfo::ResetInfo - SyncLevel set to 0 on reset
20:57:14.55   GameInfo::ResetInfo - SyncLevel set to 0 on reset
20:57:14.55   GameInfo::ResetInfo - SyncLevel set to 0 on reset
20:57:14.55   GAME -- Error reading header for recorded game PLAYBACK:Scheldt shit.rec
20:57:14.55   GameInfo::ResetInfo - SyncLevel set to 0 on reset
20:57:14.55   GameInfo::ResetInfo - SyncLevel set to 0 on reset
20:57:14.55   GameInfo::ResetInfo - SyncLevel set to 0 on reset
20:57:14.55   GameInfo::ResetInfo - SyncLevel set to 0 on reset
20:57:14.55   GameInfo::ResetInfo - SyncLevel set to 0 on reset
20:57:14.55   GameInfo::ResetInfo - SyncLevel set to 0 on reset
20:57:14.55   GameInfo::ResetInfo - SyncLevel set to 0 on reset
20:57:14.55   GameInfo::ResetInfo - SyncLevel set to 0 on reset
20:57:14.55   GameInfo::ResetInfo - SyncLevel set to 0 on reset
20:57:14.55   GameInfo::ResetInfo - SyncLevel set to 0 on reset
20:57:14.55   GameInfo::ResetInfo - SyncLevel set to 0 on reset
20:57:14.55   GameInfo::ResetInfo - SyncLevel set to 0 on reset
20:57:14.55   GameInfo::ResetInfo - SyncLevel set to 0 on reset
20:57:14.55   GameInfo::ResetInfo - SyncLevel set to 0 on reset
20:57:14.55   GameInfo::ResetInfo - SyncLevel set to 0 on reset
20:57:14.56   GameInfo::ResetInfo - SyncLevel set to 0 on reset
20:57:14.56   GameInfo::ResetInfo - SyncLevel set to 0 on reset
20:57:14.56   GameInfo::ResetInfo - SyncLevel set to 0 on reset
20:57:14.56   GameInfo::ResetInfo - SyncLevel set to 0 on reset
20:57:14.56   GameInfo::ResetInfo - SyncLevel set to 0 on reset
20:57:14.56   GameInfo::ResetInfo - SyncLevel set to 0 on reset
20:57:14.56   GameInfo::ResetInfo - SyncLevel set to 0 on reset
20:57:14.56   GameInfo::ResetInfo - SyncLevel set to 0 on reset
20:57:14.56   GameInfo::ResetInfo - SyncLevel set to 0 on reset
20:57:14.56   GameInfo::ResetInfo - SyncLevel set to 0 on reset
20:57:14.56   GameInfo::ResetInfo - SyncLevel set to 0 on reset
20:57:14.56   GameInfo::ResetInfo - SyncLevel set to 0 on reset
20:57:14.56   GameInfo::ResetInfo - SyncLevel set to 0 on reset
20:57:14.56   GameInfo::ResetInfo - SyncLevel set to 0 on reset
20:57:14.56   GameInfo::ResetInfo - SyncLevel set to 0 on reset
20:57:14.56   GameInfo::ResetInfo - SyncLevel set to 0 on reset
20:57:14.56   GameInfo::ResetInfo - SyncLevel set to 0 on reset
20:57:14.56   GameInfo::ResetInfo - SyncLevel set to 0 on reset
20:57:14.56   GameInfo::ResetInfo - SyncLevel set to 0 on reset
20:57:14.56   GameInfo::ResetInfo - SyncLevel set to 0 on reset
20:57:14.56   GameInfo::ResetInfo - SyncLevel set to 0 on reset
20:57:14.56   GameInfo::ResetInfo - SyncLevel set to 0 on reset
20:57:14.56   GameInfo::ResetInfo - SyncLevel set to 0 on reset
20:57:14.56   GameInfo::ResetInfo - SyncLevel set to 0 on reset
20:57:14.56   GameInfo::ResetInfo - SyncLevel set to 0 on reset
20:57:14.56   GameInfo::ResetInfo - SyncLevel set to 0 on reset
20:57:14.56   GameInfo::ResetInfo - SyncLevel set to 0 on reset
20:57:14.56   GameInfo::ResetInfo - SyncLevel set to 0 on reset
20:57:14.56   GameInfo::ResetInfo - SyncLevel set to 0 on reset
20:57:14.56   GameInfo::ResetInfo - SyncLevel set to 0 on reset
20:57:14.56   GameInfo::ResetInfo - SyncLevel set to 0 on reset
20:57:14.57   GameInfo::ResetInfo - SyncLevel set to 0 on reset
20:57:14.57   GameInfo::ResetInfo - SyncLevel set to 0 on reset
20:57:14.57   GameInfo::ResetInfo - SyncLevel set to 0 on reset
20:57:14.57   GameInfo::ResetInfo - SyncLevel set to 0 on reset
20:57:14.57   GameInfo::ResetInfo - SyncLevel set to 0 on reset
20:57:14.57   GameInfo::ResetInfo - SyncLevel set to 0 on reset
20:57:14.57   GameInfo::ResetInfo - SyncLevel set to 0 on reset
20:57:14.57   GameInfo::ResetInfo - SyncLevel set to 0 on reset
20:57:14.57   GameInfo::ResetInfo - SyncLevel set to 0 on reset
20:57:14.57   GameInfo::ResetInfo - SyncLevel set to 0 on reset
20:57:14.57   GameInfo::ResetInfo - SyncLevel set to 0 on reset
20:57:14.57   GameInfo::ResetInfo - SyncLevel set to 0 on reset
20:57:14.57   GameInfo::ResetInfo - SyncLevel set to 0 on reset
20:57:14.57   GameInfo::ResetInfo - SyncLevel set to 0 on reset
20:57:14.57   GameInfo::ResetInfo - SyncLevel set to 0 on reset
20:57:14.57   GameInfo::ResetInfo - SyncLevel set to 0 on reset
20:57:14.57   GameInfo::ResetInfo - SyncLevel set to 0 on reset
20:57:14.57   GameInfo::ResetInfo - SyncLevel set to 0 on reset
20:57:14.57   GameInfo::ResetInfo - SyncLevel set to 0 on reset
20:57:14.57   GameInfo::ResetInfo - SyncLevel set to 0 on reset
20:57:14.57   GameInfo::ResetInfo - SyncLevel set to 0 on reset
20:57:14.57   GameInfo::ResetInfo - SyncLevel set to 0 on reset
20:57:14.57   GameInfo::ResetInfo - SyncLevel set to 0 on reset
20:57:14.57   GameInfo::ResetInfo - SyncLevel set to 0 on reset
20:57:14.57   GameInfo::ResetInfo - SyncLevel set to 0 on reset
20:57:14.57   GameInfo::ResetInfo - SyncLevel set to 0 on reset
20:57:14.58   GameInfo::ResetInfo - SyncLevel set to 0 on reset
20:57:14.58   GameInfo::ResetInfo - SyncLevel set to 0 on reset
20:57:14.58   GameInfo::ResetInfo - SyncLevel set to 0 on reset
20:57:14.58   GameInfo::ResetInfo - SyncLevel set to 0 on reset
20:57:14.58   GameInfo::ResetInfo - SyncLevel set to 0 on reset
20:57:14.58   GameInfo::ResetInfo - SyncLevel set to 0 on reset
20:57:14.58   GameInfo::ResetInfo - SyncLevel set to 0 on reset
20:57:14.58   GameInfo::ResetInfo - SyncLevel set to 0 on reset
20:57:14.58   GameInfo::ResetInfo - SyncLevel set to 0 on reset
20:57:14.58   GameInfo::ResetInfo - SyncLevel set to 0 on reset
20:57:14.58   GameInfo::ResetInfo - SyncLevel set to 0 on reset
20:57:14.58   GameInfo::ResetInfo - SyncLevel set to 0 on reset
20:57:14.58   GameInfo::ResetInfo - SyncLevel set to 0 on reset
20:57:14.58   GameInfo::ResetInfo - SyncLevel set to 0 on reset
20:57:14.58   GameInfo::ResetInfo - SyncLevel set to 0 on reset
20:57:14.58   GameInfo::ResetInfo - SyncLevel set to 0 on reset
20:57:14.58   GameInfo::ResetInfo - SyncLevel set to 0 on reset
20:57:14.58   GameInfo::ResetInfo - SyncLevel set to 0 on reset
20:57:14.58   GameInfo::ResetInfo - SyncLevel set to 0 on reset
20:57:14.58   GameInfo::ResetInfo - SyncLevel set to 0 on reset
20:57:14.58   GameInfo::ResetInfo - SyncLevel set to 0 on reset
20:57:14.58   GameInfo::ResetInfo - SyncLevel set to 0 on reset
20:57:14.58   GameInfo::ResetInfo - SyncLevel set to 0 on reset
20:57:14.58   GameInfo::ResetInfo - SyncLevel set to 0 on reset
20:57:14.58   GameInfo::ResetInfo - SyncLevel set to 0 on reset
20:57:14.58   GameInfo::ResetInfo - SyncLevel set to 0 on reset
20:57:14.58   GameInfo::ResetInfo - SyncLevel set to 0 on reset
20:57:14.59   GameInfo::ResetInfo - SyncLevel set to 0 on reset
20:57:14.59   GameInfo::ResetInfo - SyncLevel set to 0 on reset
20:57:14.59   GameInfo::ResetInfo - SyncLevel set to 0 on reset
20:57:14.59   GameInfo::ResetInfo - SyncLevel set to 0 on reset
20:57:14.59   GameInfo::ResetInfo - SyncLevel set to 0 on reset
20:57:14.59   GameInfo::ResetInfo - SyncLevel set to 0 on reset
20:57:14.59   GameInfo::ResetInfo - SyncLevel set to 0 on reset
20:57:14.59   GameInfo::ResetInfo - SyncLevel set to 0 on reset
20:57:14.59   GameInfo::ResetInfo - SyncLevel set to 0 on reset
20:57:16.06   RLINK -- NetworkManager::DispatchEvents() - Warning - Time between calls was 4751 ms
20:57:30.01   RLINK -- Transport - median kBPS [hi/cur] sent = 0.1/0.0, recvd = 0.0/0.0, #p/sec[s/r] = 0.0/0.0, max unsent 0, version err 0, merge 0
20:58:01.30   RLINK -- internal\service\Worldwide\WorldwideNotifier.cpp - GameResultNotificationMessage
20:58:01.30   RLINK -- RNT_StatsUpdate: Loss notification, profileID [00000000:0000b081 /steam/76561198079666514], race =2, level=-1, ranking=-1
20:58:01.30   RLINK -- RNT_StatsUpdate: Win notification, profileID [00000000:00010a0c /steam/76561198042361155], race =1, level=-1, ranking=-1
20:58:01.30   RLINK -- RNT_StatsUpdate: Loss notification, profileID [00000000:000224a7 /steam/76561197975452220], race =0, level=-1, ranking=-1
20:58:01.30   RLINK -- RNT_StatsUpdate: Loss notification, profileID [00000000:001152ce /steam/76561198347028849], race =0, level=-1, ranking=-1
20:58:01.30   RLINK -- RNT_StatsUpdate: Loss notification, profileID [00000000:0012f8fa /steam/76561198263392865], race =0, level=-1, ranking=-1
20:58:01.30   RLINK -- RNT_StatsUpdate: Win notification, profileID [00000000:0014eaa3 /steam/76561198330314774], race =3, level=-1, ranking=-1
20:58:01.30   RLINK -- RNT_StatsUpdate: Win notification, profileID [00000000:001b753c /steam/76561199168301212], race =3, level=-1, ranking=-1
20:58:01.30   RLINK -- RNT_StatsUpdate: Win notification, profileID [00000000:001c3d6b /steam/76561199210795903], race =1, level=-1, ranking=-1
20:58:02.96   TGAIO -- TGA file 'Data:scenarios\mp\rommel defenses free for all 8p_map_base.tga' is RLE compressed. For optimal speed, please re-save uncompressed.
20:58:08.58   TGAIO -- TGA file 'Data:scenarios\mp\red ball express free for all 8p_map_base.tga' is RLE compressed. For optimal speed, please re-save uncompressed.
20:58:31.00   RLINK -- Transport - median kBPS [hi/cur] sent = 0.1/0.0, recvd = 0.0/0.0, #p/sec[s/r] = 0.0/0.0, max unsent 0, version err 0, merge 0
20:58:42.86   Activating screen: MessageBoxPopup
20:59:30.87   SPDx9 -- 3997MB available Texture Memory
20:59:30.97   TGAIO -- TGA file 'Data:scenarios\mp\8p_red ball express free for all_map_base.tga' is RLE compressed. For optimal speed, please re-save uncompressed.
20:59:32.01   RLINK -- Transport - median kBPS [hi/cur] sent = 0.1/0.0, recvd = 0.0/0.0, #p/sec[s/r] = 0.0/0.0, max unsent 0, version err 0, merge 0
20:59:37.27   Re-winding a compressed stream for file 'data:sound\wav\music\frontend\opening_ambience_tg\opening_ambience_with_birds.smf'.  Expensive operation
20:59:37.77   TGAIO -- TGA file 'Data:scenarios\mp\ilhaca_points_up (8p)_map_base.tga' is RLE compressed. For optimal speed, please re-save uncompressed.
20:59:40.30   Activating screen: MessageBoxPopup
20:59:40.30   RLINK -- JoinAsync: Starting AsyncJob...
20:59:40.46   RLINK -- BT! - SockInit: SOCK_FD_SET_SIZE = 64
20:59:40.46   RLINK -- DBG - SockConnect: 2/s->stHandle=4952
20:59:40.46   RLINK -- DBG - SockConnect: 2/4952 connect deferred (in progress)
20:59:40.56   RLINK -- DBG - SockAnimateAll: socket 2/4952 connection complete.
20:59:40.78   RLINK -- battleserverrelay - Connected: 
Connection [ 1/ 1] - local=192.168.50.236:56805, remote=3.210.115.18:27025, type=CONNECT, timeTookToConnectMS=323, silentTimeMS=0, lastSockError=0
20:59:40.81   RLINK -- OnlineJoinAsync success
20:59:40.81   RLINK -- Session::Initialize - info, initializing session object, using threads.
20:59:40.81   RLINK -- SessionManager::RegisterSession - Registering RL_NEW session 89bb1a98
20:59:40.81   RLINK -- Created Matchinfo for sessionID 112390016
20:59:40.81   RLINK -- OnJoinAdvertisementSuccess - joined online match, server leave notification required
20:59:40.83   RLINK -- Transport::OpenInternal request to WINaddr:255.255.255.255:6112;
20:59:40.83   RLINK -- Transport::OpenInternal request to WINaddr:255.255.255.255:6112;
20:59:40.83   RLINK -- Allocated route ID=0 for PeerID 0 at WINaddr:192.168.50.236:6112;
20:59:40.83   RLINK -- Transport::OpenInternal request to WINaddr:192.168.50.236:6112;
20:59:40.83   RLINK -- Session::Connect sid = 6B2EF80, hostURL = , local addresses = WINaddr:192.168.50.236:6112;
20:59:41.29   RLINK -- Sending PeerID 1 no longer exist, sessionID=6B2EF80
20:59:41.29   RLINK -- Session::PollTransportEvents AddPeerMessage from peer 0 recv'd for existing pending peer 0, the local peer
20:59:41.29   RLINK -- Session - highest peerID now : 15
20:59:41.29   RLINK -- Session::PollTransportEvents AddPeerMessage from peer 0 recv'd for existing pending peer 0, the host
20:59:41.29   RLINK -- Session::PollTransportEvents AddPeerMessage from peer 1 recv'd for unknown peer at address list WINaddr:192.168.1.33:6112;
20:59:41.29   RLINK -- Transport::OpenInternal request to WINaddr:255.255.255.255:6112;
20:59:41.29   RLINK -- Session::CheckAddress - initiating address check for WINaddr:192.168.1.33:6112;
20:59:41.29   RLINK -- Session::PollTransportEvents AddPeerMessage from peer 1 recv'd for unknown peer at address list WINaddr:192.168.1.107:6112;
20:59:41.29   RLINK -- Transport::OpenInternal request to WINaddr:255.255.255.255:6112;
20:59:41.29   RLINK -- Session::CheckAddress - initiating address check for WINaddr:192.168.1.107:6112;
20:59:41.29   RLINK -- Session::PollTransportEvents AddPeerMessage from peer 1 recv'd for unknown peer at address list WINaddr:192.168.1.42:6112;
20:59:41.29   RLINK -- Transport::OpenInternal request to WINaddr:255.255.255.255:6112;
20:59:41.29   RLINK -- Session::CheckAddress - initiating address check for WINaddr:192.168.1.42:6112;
20:59:41.29   RLINK -- Session::PollTransportEvents AddPeerMessage from peer 1 recv'd for unknown peer at address list WINaddr:192.168.91.212:6112;
20:59:41.29   RLINK -- Transport::OpenInternal request to WINaddr:255.255.255.255:6112;
20:59:41.29   RLINK -- Session::CheckAddress - initiating address check for WINaddr:192.168.91.212:6112;
20:59:41.29   RLINK -- Session::PollTransportEvents AddPeerMessage from peer 1 recv'd for unknown peer at address list WINaddr:192.168.1.106:6112;
20:59:41.29   RLINK -- Transport::OpenInternal request to WINaddr:255.255.255.255:6112;
20:59:41.29   RLINK -- Session::CheckAddress - initiating address check for WINaddr:192.168.1.106:6112;
20:59:41.29   RLINK -- Session::PollTransportEvents AddPeerMessage from peer 1 recv'd for unknown peer at address list WINaddr:192.168.1.146:6112;
20:59:41.29   RLINK -- Transport::OpenInternal request to WINaddr:255.255.255.255:6112;
20:59:41.29   RLINK -- Session::CheckAddress - initiating address check for WINaddr:192.168.1.146:6112;
20:59:41.30   RLINK -- ValidateCustomData: called with 899 bytes of custom data
20:59:41.30   RLINK -- Client accepted Peer 15 into the match at address list = WINaddr:192.168.50.236:6112;, routes = WINaddr:192.168.50.236:6112;
20:59:41.30   RLINK -- Session::GetEvent - probing service provided NAT'd routes
20:59:41.30   RLINK -- WorldwideAdvertisementService::Process - EVENT_NEWPEER
20:59:41.30   RLINK -- Session::GetState - info, session [112390016]'s state changed to [2:STATE_CONNECTING].
20:59:41.30   RLINK -- ValidateCustomData: called with 1181 bytes of custom data
20:59:41.30   RLINK -- Client accepted Peer 1 into the match at address list = WINaddr:192.168.10.3:6112;, routes =
20:59:41.30   RLINK -- WorldwideAdvertisementService::Process - EVENT_NEWPEER
20:59:41.30   RLINK -- ValidateCustomData: called with 1275 bytes of custom data
20:59:41.30   RLINK -- Client accepted Peer 2 into the match at address list = WINaddr:192.168.1.33:6112;, routes =
20:59:41.30   RLINK -- WorldwideAdvertisementService::Process - EVENT_NEWPEER
20:59:41.30   RLINK -- ValidateCustomData: called with 655 bytes of custom data
20:59:41.30   RLINK -- Client accepted Peer 3 into the match at address list = WINaddr:192.168.1.107:6112;, routes =
20:59:41.30   RLINK -- WorldwideAdvertisementService::Process - EVENT_NEWPEER
20:59:41.30   RLINK -- ValidateCustomData: called with 1173 bytes of custom data
20:59:41.30   RLINK -- Client accepted Peer 4 into the match at address list = WINaddr:192.168.1.42:6112;, routes =
20:59:41.30   RLINK -- WorldwideAdvertisementService::Process - EVENT_NEWPEER
20:59:41.30   RLINK -- ValidateCustomData: called with 1849 bytes of custom data
20:59:41.30   RLINK -- Client accepted Peer 10 into the match at address list = WINaddr:192.168.91.212:6112;, routes =
20:59:41.30   RLINK -- WorldwideAdvertisementService::Process - EVENT_NEWPEER
20:59:41.30   RLINK -- ValidateCustomData: called with 1637 bytes of custom data
20:59:41.30   RLINK -- Client accepted Peer 11 into the match at address list = WINaddr:192.168.1.106:6112;, routes =
20:59:41.30   RLINK -- WorldwideAdvertisementService::Process - EVENT_NEWPEER
20:59:41.30   RLINK -- ValidateCustomData: called with 1623 bytes of custom data
20:59:41.30   RLINK -- Client accepted Peer 12 into the match at address list = WINaddr:192.168.1.146:6112;, routes =
20:59:41.30   RLINK -- WorldwideAdvertisementService::Process - EVENT_NEWPEER
20:59:41.32   RLINK -- Session Connection Event - ReasonID: 0 ReasonDebug: SessionOperationInfo::SUCCESS
20:59:41.32   RLINK -- JoinAsync - got operation info 0:SessionOperationInfo::SUCCESS
20:59:41.34   RLINK -- Session::GetState - info, session [112390016]'s state changed to [3:STATE_CONNECTED].
20:59:41.35   RLINK -- local      PeerID 15 LOCL ack=  0 (  0ms~0) unack=  0, retry=  0, highwaterOOS=0 (ip=WINaddr:192.168.50.236:6112;), pending=0, dead=0, RS#=0/0
20:59:41.35   RLINK --       host PeerID 1 RELY ack=  1 (222ms~0) unack=  0, retry=  0, highwaterOOS=0 (ip=WINaddr:192.168.10.3:6112;), pending=0, dead=0, RS#=0/0
20:59:41.35   RLINK --            PeerID 2 RELY ack=  0 (  0ms~0) unack=  0, retry=  0, highwaterOOS=0 (ip=WINaddr:192.168.1.33:6112;), pending=0, dead=0, RS#=0/0
20:59:41.35   RLINK --            PeerID 3 RELY ack=  0 (  0ms~0) unack=  0, retry=  0, highwaterOOS=0 (ip=WINaddr:192.168.1.107:6112;), pending=0, dead=0, RS#=0/0
20:59:41.35   RLINK --            PeerID 4 RELY ack=  0 (  0ms~0) unack=  0, retry=  0, highwaterOOS=0 (ip=WINaddr:192.168.1.42:6112;), pending=0, dead=0, RS#=0/0
20:59:41.35   RLINK --            PeerID 10 RELY ack=  0 (  0ms~0) unack=  0, retry=  0, highwaterOOS=0 (ip=WINaddr:192.168.91.212:6112;), pending=0, dead=0, RS#=0/0
20:59:41.35   RLINK --            PeerID 11 RELY ack=  0 (  0ms~0) unack=  0, retry=  0, highwaterOOS=0 (ip=WINaddr:192.168.1.106:6112;), pending=0, dead=0, RS#=0/0
20:59:41.35   RLINK --            PeerID 12 RELY ack=  0 (  0ms~0) unack=  0, retry=  0, highwaterOOS=0 (ip=WINaddr:192.168.1.146:6112;), pending=0, dead=0, RS#=0/0
20:59:41.35   RLINK -- MessageCounts: inval=0/0, seek=0/0, join=1/1, ichk=0/0, sk_r=0/0, deny=0/0, Padd=0/16, Pdel=0/0, drop=0/0, data=0/0, mdat=0/0, voip=0/0, rchk=7/0, nudg=0/0, Thdr=0/0, Peer=1/17, PPrx=0/1, ping=0/0, Pfrg=0/0, rely=1/8, lb_p=0/0, lb_c=0/0, cast=0/0, cdat=0/0, sorq1=0/0, sorp=0/0, acto=0/0, spob=0/0, sorq2=0/0
20:59:41.44   RLINK -- [P#15] SrcP# 1 buffer out of seq: 10 expect: 9
20:59:41.81   RLINK -- [P#15] SrcP# 1 ignoring old retry: 1 expect: 9
20:59:41.81   RLINK -- [P#15] SrcP# 1 ignoring old retry: 2 expect: 9
20:59:41.81   RLINK -- [P#15] SrcP# 1 ignoring old retry: 3 expect: 9
20:59:41.84   RLINK -- [P#15] SrcP# 1 buffer out of seq: 11 expect: 9
20:59:41.96   RLINK -- [P#15] SrcP# 1 buffer out of seq: 12 expect: 9
20:59:42.02   RLINK -- Session::ProcessCheckAddressList - sending address check to WINaddr:192.168.1.33:6112;
20:59:42.02   RLINK -- Session::ProcessCheckAddressList - sending address check to WINaddr:192.168.1.107:6112;
20:59:42.02   RLINK -- Session::ProcessCheckAddressList - sending address check to WINaddr:192.168.1.42:6112;
20:59:42.02   RLINK -- Session::ProcessCheckAddressList - sending address check to WINaddr:192.168.91.212:6112;
20:59:42.02   RLINK -- Session::ProcessCheckAddressList - sending address check to WINaddr:192.168.1.106:6112;
20:59:42.02   RLINK -- Session::ProcessCheckAddressList - sending address check to WINaddr:192.168.1.146:6112;
20:59:42.29   RLINK -- [P#15] SrcP# 1 ignoring old retry: 1 expect: 9
20:59:42.29   RLINK -- [P#15] SrcP# 1 ignoring old retry: 2 expect: 9
20:59:42.29   RLINK -- [P#15] SrcP# 1 ignoring old retry: 3 expect: 9
20:59:42.81   RLINK -- [P#15] SrcP# 1 ignoring old retry: 1 expect: 9
20:59:42.81   RLINK -- [P#15] SrcP# 1 ignoring old retry: 2 expect: 9
20:59:42.81   RLINK -- [P#15] SrcP# 1 ignoring old retry: 3 expect: 9
20:59:43.00   RLINK -- Session::ProcessCheckAddressList - sending address check to WINaddr:192.168.1.33:6112;
20:59:43.00   RLINK -- Session::ProcessCheckAddressList - sending address check to WINaddr:192.168.1.107:6112;
20:59:43.00   RLINK -- Session::ProcessCheckAddressList - sending address check to WINaddr:192.168.1.42:6112;
20:59:43.00   RLINK -- Session::ProcessCheckAddressList - sending address check to WINaddr:192.168.91.212:6112;
20:59:43.00   RLINK -- Session::ProcessCheckAddressList - sending address check to WINaddr:192.168.1.106:6112;
20:59:43.00   RLINK -- Session::ProcessCheckAddressList - sending address check to WINaddr:192.168.1.146:6112;
20:59:43.30   RLINK -- [P#15] SrcP# 1 ignoring old retry: 1 expect: 9
20:59:43.30   RLINK -- [P#15] SrcP# 1 ignoring old retry: 2 expect: 9
20:59:43.30   RLINK -- [P#15] SrcP# 1 ignoring old retry: 3 expect: 9
20:59:43.78   RLINK -- [P#15] SrcP# 1 ignoring old retry: 1 expect: 9
20:59:43.78   RLINK -- [P#15] SrcP# 1 ignoring old retry: 2 expect: 9
20:59:43.78   RLINK -- [P#15] SrcP# 1 ignoring old retry: 3 expect: 9
20:59:43.97   RLINK -- [P#15] SrcP# 1 buffer out of seq: 13 expect: 9
20:59:44.00   RLINK -- Session::ProcessCheckAddressList - sending address check to WINaddr:192.168.1.33:6112;
20:59:44.00   RLINK -- Session::ProcessCheckAddressList - sending address check to WINaddr:192.168.1.107:6112;
20:59:44.00   RLINK -- Session::ProcessCheckAddressList - sending address check to WINaddr:192.168.1.42:6112;
20:59:44.00   RLINK -- Session::ProcessCheckAddressList - sending address check to WINaddr:192.168.91.212:6112;
20:59:44.00   RLINK -- Session::ProcessCheckAddressList - sending address check to WINaddr:192.168.1.106:6112;
20:59:44.00   RLINK -- Session::ProcessCheckAddressList - sending address check to WINaddr:192.168.1.146:6112;
20:59:45.00   RLINK -- Session::ProcessCheckAddressList - sending address check to WINaddr:192.168.1.33:6112;
20:59:45.00   RLINK -- Session::ProcessCheckAddressList - sending address check to WINaddr:192.168.1.107:6112;
20:59:45.00   RLINK -- Session::ProcessCheckAddressList - sending address check to WINaddr:192.168.1.42:6112;
20:59:45.00   RLINK -- Session::ProcessCheckAddressList - sending address check to WINaddr:192.168.91.212:6112;
20:59:45.00   RLINK -- Session::ProcessCheckAddressList - sending address check to WINaddr:192.168.1.106:6112;
20:59:45.00   RLINK -- Session::ProcessCheckAddressList - sending address check to WINaddr:192.168.1.146:6112;
20:59:45.09   RLINK -- SrcP# 1 deliver out of seq: 10 expect: 10
20:59:45.09   RLINK -- SrcP# 1 erase out of seq: 10 expect: 10
20:59:45.09   RLINK -- SrcP# 1 deliver out of seq: 11 expect: 11
20:59:45.09   RLINK -- SrcP# 1 erase out of seq: 11 expect: 11
20:59:45.09   RLINK -- SrcP# 1 deliver out of seq: 12 expect: 12
20:59:45.09   RLINK -- SrcP# 1 erase out of seq: 12 expect: 12
20:59:45.09   RLINK -- SrcP# 1 deliver out of seq: 13 expect: 13
20:59:45.09   RLINK -- SrcP# 1 erase out of seq: 13 expect: 13
20:59:45.09   RLINK -- Accepted matchInfo updated 270 from host
20:59:45.10   RLINK -- Accepted matchInfo updated 271 from host
20:59:45.10   RLINK -- Accepted matchInfo updated 275 from host
20:59:45.10   RLINK -- Accepted matchInfo updated 277 from host
20:59:45.10   RLINK -- Accepted matchInfo updated 278 from host
20:59:45.11   RLINK -- JoinAsync - completed with JoinResult = 0
20:59:45.11   RLINK -- JoinAsync - completed with JoinResult = 0:AdvertisementJoinEvent::R_Success
20:59:45.11   Activating screen: OnlineGameSetup
20:59:45.11   Activating screen: RelicOnlineTabs
20:59:45.11   RLINK -- WorldwideAutomatchService::OnJoinComplete - automatcher is no longer active - ignoring
20:59:45.11   RLINK -- JoinAsync: AsyncJob Complete...
20:59:45.12   Map 8p_montargis region does not have a valid operation type
20:59:45.21   RLINK -- [P#15] SrcP# 1 ignoring old retry: 10 expect: 14
20:59:45.25   GetMaxFrameTimeFromProfile: players=8 expected FPS=57.450951, bars=5, max avg=0.015, sd=0.003, 5 samples =  0.01 0.01 0.01 0.02 0.02
20:59:45.71   RLINK -- Accepted matchInfo updated 281 from host
20:59:46.01   RLINK -- Session::ProcessCheckAddressList - sending address check to WINaddr:192.168.1.33:6112;
20:59:46.01   RLINK -- Session::ProcessCheckAddressList - sending address check to WINaddr:192.168.1.107:6112;
20:59:46.01   RLINK -- Session::ProcessCheckAddressList - sending address check to WINaddr:192.168.1.42:6112;
20:59:46.01   RLINK -- Session::ProcessCheckAddressList - sending address check to WINaddr:192.168.91.212:6112;
20:59:46.01   RLINK -- Session::ProcessCheckAddressList - sending address check to WINaddr:192.168.1.106:6112;
20:59:46.01   RLINK -- Session::ProcessCheckAddressList - sending address check to WINaddr:192.168.1.146:6112;
20:59:46.86   RLINK -- Accepted matchInfo updated 282 from host
20:59:47.02   RLINK -- Session::ProcessCheckAddressList - sending address check to WINaddr:192.168.1.33:6112;
20:59:47.02   RLINK -- Session::ProcessCheckAddressList - sending address check to WINaddr:192.168.1.107:6112;
20:59:47.02   RLINK -- Session::ProcessCheckAddressList - sending address check to WINaddr:192.168.1.42:6112;
20:59:47.02   RLINK -- Session::ProcessCheckAddressList - sending address check to WINaddr:192.168.91.212:6112;
20:59:47.02   RLINK -- Session::ProcessCheckAddressList - sending address check to WINaddr:192.168.1.106:6112;
20:59:47.02   RLINK -- Session::ProcessCheckAddressList - sending address check to WINaddr:192.168.1.146:6112;
20:59:47.09   RLINK -- Accepted matchInfo updated 283 from host
20:59:48.02   RLINK -- Session::ProcessCheckAddressList - sending address check to WINaddr:192.168.1.33:6112;
20:59:48.02   RLINK -- Session::ProcessCheckAddressList - sending address check to WINaddr:192.168.1.107:6112;
20:59:48.02   RLINK -- Session::ProcessCheckAddressList - sending address check to WINaddr:192.168.1.42:6112;
20:59:48.02   RLINK -- Session::ProcessCheckAddressList - sending address check to WINaddr:192.168.91.212:6112;
20:59:48.02   RLINK -- Session::ProcessCheckAddressList - sending address check to WINaddr:192.168.1.106:6112;
20:59:48.02   RLINK -- Session::ProcessCheckAddressList - sending address check to WINaddr:192.168.1.146:6112;
20:59:48.87   RLINK -- Accepted matchInfo updated 284 from host
20:59:48.95   RLINK -- Accepted matchInfo updated 285 from host
20:59:49.00   RLINK -- Session::ProcessCheckAddressList - sending address check to WINaddr:192.168.1.33:6112;
20:59:49.00   RLINK -- Session::ProcessCheckAddressList - sending address check to WINaddr:192.168.1.107:6112;
20:59:49.00   RLINK -- Session::ProcessCheckAddressList - sending address check to WINaddr:192.168.1.42:6112;
20:59:49.00   RLINK -- Session::ProcessCheckAddressList - sending address check to WINaddr:192.168.91.212:6112;
20:59:49.00   RLINK -- Session::ProcessCheckAddressList - sending address check to WINaddr:192.168.1.106:6112;
20:59:49.00   RLINK -- Session::ProcessCheckAddressList - sending address check to WINaddr:192.168.1.146:6112;
20:59:50.00   RLINK -- Session::ProcessCheckAddressList - sending address check to WINaddr:192.168.1.33:6112;
20:59:50.00   RLINK -- Session::ProcessCheckAddressList - sending address check to WINaddr:192.168.1.107:6112;
20:59:50.00   RLINK -- Session::ProcessCheckAddressList - sending address check to WINaddr:192.168.1.42:6112;
20:59:50.00   RLINK -- Session::ProcessCheckAddressList - sending address check to WINaddr:192.168.91.212:6112;
20:59:50.00   RLINK -- Session::ProcessCheckAddressList - sending address check to WINaddr:192.168.1.106:6112;
20:59:50.00   RLINK -- Session::ProcessCheckAddressList - sending address check to WINaddr:192.168.1.146:6112;
20:59:50.10   RLINK -- Accepted matchInfo updated 286 from host
20:59:50.10   SMT_UpdateCountDown_To_Everyone
20:59:51.00   RLINK -- Session::ProcessCheckAddressList - sending address check to WINaddr:192.168.1.33:6112;
20:59:51.00   RLINK -- Session::ProcessCheckAddressList - sending address check to WINaddr:192.168.1.107:6112;
20:59:51.00   RLINK -- Session::ProcessCheckAddressList - sending address check to WINaddr:192.168.1.42:6112;
20:59:51.00   RLINK -- Session::ProcessCheckAddressList - sending address check to WINaddr:192.168.91.212:6112;
20:59:51.00   RLINK -- Session::ProcessCheckAddressList - sending address check to WINaddr:192.168.1.106:6112;
20:59:51.00   RLINK -- Session::ProcessCheckAddressList - sending address check to WINaddr:192.168.1.146:6112;
20:59:51.22   SMT_UpdateCountDown_To_Everyone
20:59:51.24   RLINK -- SENDING FORCED ACK from Peer 15 to Peer 1 - timeSinceLastAckMS       1141, transmitAckLastTimeMS    3818396 | Peer ---E- M#00000000 Sack00000021 NSack00000000 (C0.0% S:0.0) [  ]
20:59:52.01   RLINK -- Session::ProcessCheckAddressList - sending address check to WINaddr:192.168.1.33:6112;
20:59:52.01   RLINK -- Session::ProcessCheckAddressList - address WINaddr:192.168.1.33:6112; timed out
20:59:52.01   RLINK -- Session::ProcessCheckAddressList - sending address check to WINaddr:192.168.1.107:6112;
20:59:52.01   RLINK -- Session::ProcessCheckAddressList - address WINaddr:192.168.1.107:6112; timed out
20:59:52.01   RLINK -- Session::ProcessCheckAddressList - sending address check to WINaddr:192.168.1.42:6112;
20:59:52.01   RLINK -- Session::ProcessCheckAddressList - address WINaddr:192.168.1.42:6112; timed out
20:59:52.01   RLINK -- Session::ProcessCheckAddressList - sending address check to WINaddr:192.168.91.212:6112;
20:59:52.01   RLINK -- Session::ProcessCheckAddressList - address WINaddr:192.168.91.212:6112; timed out
20:59:52.01   RLINK -- Session::ProcessCheckAddressList - sending address check to WINaddr:192.168.1.106:6112;
20:59:52.01   RLINK -- Session::ProcessCheckAddressList - address WINaddr:192.168.1.106:6112; timed out
20:59:52.01   RLINK -- Session::ProcessCheckAddressList - sending address check to WINaddr:192.168.1.146:6112;
20:59:52.01   RLINK -- Session::ProcessCheckAddressList - address WINaddr:192.168.1.146:6112; timed out
20:59:52.10   SMT_UpdateCountDown_To_Everyone
20:59:52.13   RLINK -- SENDING FORCED ACK from Peer 15 to Peer 1 - timeSinceLastAckMS        884, transmitAckLastTimeMS    3819280 | Peer ---E- M#00000000 Sack00000022 NSack00000000 (C0.0% S:0.0) [  ]
20:59:53.08   SMT_UpdateCountDown_To_Everyone
20:59:53.10   RLINK -- SENDING FORCED ACK from Peer 15 to Peer 1 - timeSinceLastAckMS        710, transmitAckLastTimeMS    3820255 | Peer ---E- M#00000000 Sack00000023 NSack00000000 (C0.0% S:0.0) [  ]
20:59:53.34   SMT_UpdateCountDown_To_Everyone
20:59:53.34   RLINK -- Accepted matchInfo updated 287 from host
20:59:56.34   RLINK -- Accepted matchInfo updated 288 from host
20:59:56.91   Activating screen: DynamicPopupMenu
20:59:56.96   Activating screen: RelicOnlineStatsPopup
20:59:57.21   SMT_UpdateCountDown_To_Everyone
20:59:57.24   RLINK -- SENDING FORCED ACK from Peer 15 to Peer 1 - timeSinceLastAckMS        906, transmitAckLastTimeMS    3824394 | Peer ---E- M#00000000 Sack00000027 NSack00000000 (C0.0% S:0.0) [  ]
20:59:58.22   SMT_UpdateCountDown_To_Everyone
20:59:58.25   RLINK -- SENDING FORCED ACK from Peer 15 to Peer 1 - timeSinceLastAckMS       1007, transmitAckLastTimeMS    3825401 | Peer ---E- M#00000000 Sack00000028 NSack00000000 (C0.0% S:0.0) [  ]
20:59:58.37   RLINK -- SENDING FORCED ACK from Peer 15 to Peer 2 - timeSinceLastAckMS       5977, transmitAckLastTimeMS    3825522 | Peer ---E- M#00000000 Sack00000001 NSack00000000 (C0.0% S:0.0) [  ]
20:59:58.83   RLINK -- [P#15] SrcP# 2 ignoring old retry: 1 expect: 2
20:59:59.03   DataDeactivate - no more things to deactivate. bailing.
20:59:59.19   SMT_UpdateCountDown_To_Everyone
20:59:59.22   RLINK -- SENDING FORCED ACK from Peer 15 to Peer 1 - timeSinceLastAckMS        974, transmitAckLastTimeMS    3826375 | Peer ---E- M#00000000 Sack00000029 NSack00000000 (C0.0% S:0.0) [  ]
21:00:00.23   SMT_UpdateCountDown_To_Everyone
21:00:00.26   RLINK -- SENDING FORCED ACK from Peer 15 to Peer 1 - timeSinceLastAckMS        910, transmitAckLastTimeMS    3827408 | Peer ---E- M#00000000 Sack00000030 NSack00000000 (C0.0% S:0.0) [  ]
21:00:01.21   SMT_UpdateCountDown_To_Everyone
21:00:01.23   RLINK -- SENDING FORCED ACK from Peer 15 to Peer 1 - timeSinceLastAckMS        970, transmitAckLastTimeMS    3828378 | Peer ---E- M#00000000 Sack00000031 NSack00000000 (C0.0% S:0.0) [  ]
21:00:02.09   SMT_UpdateCountDown_To_Everyone
21:00:02.11   RLINK -- SENDING FORCED ACK from Peer 15 to Peer 1 - timeSinceLastAckMS        881, transmitAckLastTimeMS    3829259 | Peer ---E- M#00000000 Sack00000032 NSack00000000 (C0.0% S:0.0) [  ]
21:00:02.22   RLINK -- Accepted matchInfo updated 289 from host
21:00:03.09   SMT_UpdateCountDown_To_Everyone
21:00:03.12   RLINK -- SENDING FORCED ACK from Peer 15 to Peer 1 - timeSinceLastAckMS        899, transmitAckLastTimeMS    3830268 | Peer ---E- M#00000000 Sack00000034 NSack00000000 (C0.0% S:0.0) [  ]
21:00:03.73   RLINK -- SENDING FORCED ACK from Peer 15 to Peer 2 - timeSinceLastAckMS       5359, transmitAckLastTimeMS    3830881 | Peer ---E- M#00000000 Sack00000002 NSack00000000 (C0.0% S:0.0) [  ]
21:00:03.98   RLINK -- Accepted matchInfo updated 290 from host
21:00:04.11   SMT_UpdateCountDown_To_Everyone
21:00:04.24   RLINK -- SENDING FORCED ACK from Peer 15 to Peer 1 - timeSinceLastAckMS        264, transmitAckLastTimeMS    3831396 | Peer ---E- M#00000000 Sack00000036 NSack00000000 (C0.0% S:0.0) [  ]
21:00:04.47   SMT_StartGame_To_Everyone - received
21:00:04.47   SMT_StartGame_To_Everyone - Starting game with synclevel 0 from start message
21:00:04.47   GameSetupForm - Starting game
21:00:04.47   GameInfo::ResetInfo - SyncLevel set to 0 on reset
21:00:04.47   PopulateGameInfoInternal - Setting Option #0 - [Id 1397509955, Value 1]
21:00:04.47   PopulateGameInfoInternal - Setting Option #1 - [Id 1381192532, Value 1]
21:00:04.47   PopulateGameInfoInternal - Setting Option #2 - [Id 1448105035, Value 1]
21:00:04.47   PopulateGameInfoInternal - Player #0 - [Id 45185, Type 2, Team 0, Race 2]
21:00:04.47   PopulateGameInfoInternal - Player #4 - [Id 68108, Type 2, Team 1, Race 1]
21:00:04.47   PopulateGameInfoInternal - Player #1 - [Id 1243386, Type 2, Team 0, Race 0]
21:00:04.47   PopulateGameInfoInternal - Player #5 - [Id 1370787, Type 2, Team 1, Race 3]
21:00:04.47   PopulateGameInfoInternal - Player #2 - [Id 1135310, Type 2, Team 0, Race 0]
21:00:04.47   PopulateGameInfoInternal - Player #6 - [Id 1799484, Type 2, Team 1, Race 3]
21:00:04.47   PopulateGameInfoInternal - Player #3 - [Id 140455, Type 2, Team 0, Race 0]
21:00:04.47   PopulateGameInfoInternal - Player #7 - [Id 1850731, Type 0, Team 1, Race 1]
21:00:04.47   PopulateGameInfoInternal - Team #0 Player Count: 4
21:00:04.47   PopulateGameInfoInternal - Team #1 Player Count: 4
21:00:04.47   PopulateGameInfo - random seed:[1665428349], guid:[{9a4ed039-e3c2-4ffa-a57a-ede72bc3cd25}], sync level:[0]
21:00:04.47   RLINK -- Accepted matchInfo updated 293 from host
21:00:04.47   RLINK -- WorldwideAutomatchService::OnStartComplete - detected successful game start
21:00:04.47   RLINK -- Match Started - [00000000:0000b081 /steam/76561198079666514], slot =  0, ranking =   -1
21:00:04.47   RLINK -- Match Started - [00000000:00010a0c /steam/76561198042361155], slot =  1, ranking =   -1
21:00:04.47   RLINK -- Match Started - [00000000:0012f8fa /steam/76561198263392865], slot =  2, ranking =   -1
21:00:04.47   RLINK -- Match Started - [00000000:0014eaa3 /steam/76561198330314774], slot =  3, ranking =   -1
21:00:04.47   RLINK -- Match Started - [00000000:001152ce /steam/76561198347028849], slot =  4, ranking =   -1
21:00:04.47   RLINK -- Match Started - [00000000:001b753c /steam/76561199168301212], slot =  5, ranking =   -1
21:00:04.47   RLINK -- Match Started - [00000000:000224a7 /steam/76561197975452220], slot =  6, ranking =   -1
21:00:04.47   RLINK -- Match Started - [00000000:001c3d6b /steam/76561199210795903], slot =  7, ranking =   -1
21:00:04.48   Error loading [DATA:levelingCurve.lua]
21:00:04.48   Error loading [DATA:levelingCurve.lua]
21:00:04.48   Error loading [DATA:levelingCurve.lua]
21:00:04.48   Error loading [DATA:levelingCurve.lua]
21:00:04.48   Error loading [DATA:levelingCurve.lua]
21:00:04.48   Error loading [DATA:levelingCurve.lua]
21:00:04.48   Error loading [DATA:levelingCurve.lua]
21:00:04.48   Error loading [DATA:levelingCurve.lua]
21:00:04.48   MOD - Setting player (0) race to: allies_commonwealth
21:00:04.48   MOD - Setting player (0) race to: 0
21:00:04.48   ModDllSetup::PlayerSetRewardUnits - playerIndex 0...
21:00:04.48       adding reward 'upgrade\upgrade_axis_geschutzwagen'
21:00:04.48       adding reward 'upgrade\upgrade_allied_hellcat'
21:00:04.48       adding reward 'upgrade\upgrade_panzer_elite_hotchkiss'
21:00:04.48       adding reward 'upgrade\upgrade_british_kangaroo'
21:00:04.48       adding reward 'upgrade\upgrade_axis_schwimmwagen'
21:00:04.48       adding reward 'upgrade\upgrade_panzer_elite_schwimmwagen'
21:00:04.48       adding reward 'upgrade\upgrade_allied_staghound'
21:00:04.48       adding reward 'upgrade\upgrade_british_staghound'
21:00:04.48   MOD - Setting player (1) race to: allies
21:00:04.48   MOD - Setting player (1) race to: 1
21:00:04.48   ModDllSetup::PlayerSetRewardUnits - playerIndex 1...
21:00:04.48   MOD - Setting player (2) race to: allies
21:00:04.48   MOD - Setting player (2) race to: 1
21:00:04.48   ModDllSetup::PlayerSetRewardUnits - playerIndex 2...
21:00:04.48       adding reward 'upgrade\upgrade_axis_schwimmwagen'
21:00:04.48   MOD - Setting player (3) race to: allies
21:00:04.48   MOD - Setting player (3) race to: 1
21:00:04.48   ModDllSetup::PlayerSetRewardUnits - playerIndex 3...
21:00:04.48   MOD - Setting player (4) race to: axis
21:00:04.48   MOD - Setting player (4) race to: 2
21:00:04.48   ModDllSetup::PlayerSetRewardUnits - playerIndex 4...
21:00:04.48       adding reward 'upgrade\upgrade_panzer_elite_hotchkiss'
21:00:04.48       adding reward 'upgrade\upgrade_voss_tiger'
21:00:04.48       adding reward 'upgrade\upgrade_axis_schwimmwagen'
21:00:04.48   MOD - Setting player (5) race to: axis_panzer_elite
21:00:04.48   MOD - Setting player (5) race to: 3
21:00:04.48   ModDllSetup::PlayerSetRewardUnits - playerIndex 5...
21:00:04.48       adding reward 'upgrade\upgrade_axis_geschutzwagen'
21:00:04.48       adding reward 'upgrade\upgrade_allied_hellcat'
21:00:04.48   MOD - Setting player (6) race to: axis_panzer_elite
21:00:04.48   MOD - Setting player (6) race to: 3
21:00:04.48   ModDllSetup::PlayerSetRewardUnits - playerIndex 6...
21:00:04.48       adding reward 'upgrade\upgrade_axis_geschutzwagen'
21:00:04.48       adding reward 'upgrade\upgrade_british_kangaroo'
21:00:04.48       adding reward 'upgrade\upgrade_axis_schwimmwagen'
21:00:04.48       adding reward 'upgrade\upgrade_british_staghound'
21:00:04.48       adding reward 'upgrade\upgrade_voss_tiger'
21:00:04.48   MOD - Setting player (7) race to: axis
21:00:04.48   MOD - Setting player (7) race to: 2
21:00:04.48   ModDllSetup::PlayerSetRewardUnits - playerIndex 7...
21:00:04.48       adding reward 'upgrade\upgrade_axis_schwimmwagen'
21:00:04.48       adding reward 'upgrade\upgrade_allied_hellcat'
21:00:04.48       adding reward 'upgrade\upgrade_british_staghound'
21:00:04.50   APP -- Game Start
21:00:04.52   GameInfo::ResetInfo - SyncLevel set to 0 on reset
21:00:04.52   GameInfo::ResetInfo - SyncLevel set to 0 on reset
21:00:04.52   GameInfo::ResetInfo - SyncLevel set to 0 on reset
21:00:04.52   GameInfo::ResetInfo - SyncLevel set to 0 on reset
21:00:04.52   GameInfo::ResetInfo - SyncLevel set to 0 on reset
21:00:04.52   GameInfo::ResetInfo - SyncLevel set to 0 on reset
21:00:04.52   GameInfo::ResetInfo - SyncLevel set to 0 on reset
21:00:04.52   GameInfo::ResetInfo - SyncLevel set to 0 on reset
21:00:04.52   GameInfo::ResetInfo - SyncLevel set to 0 on reset
21:00:04.52   GameInfo::ResetInfo - SyncLevel set to 0 on reset
21:00:04.52   GameInfo::ResetInfo - SyncLevel set to 0 on reset
21:00:04.52   GameInfo::ResetInfo - SyncLevel set to 0 on reset
21:00:04.52   GameInfo::ResetInfo - SyncLevel set to 0 on reset
21:00:04.52   GameInfo::ResetInfo - SyncLevel set to 0 on reset
21:00:04.52   GameInfo::ResetInfo - SyncLevel set to 0 on reset
21:00:04.52   GameInfo::ResetInfo - SyncLevel set to 0 on reset
21:00:04.52   GameInfo::ResetInfo - SyncLevel set to 0 on reset
21:00:04.53   GameInfo::ResetInfo - SyncLevel set to 0 on reset
21:00:04.53   GameInfo::ResetInfo - SyncLevel set to 0 on reset
21:00:04.53   GameInfo::ResetInfo - SyncLevel set to 0 on reset
21:00:04.53   GameInfo::ResetInfo - SyncLevel set to 0 on reset
21:00:04.53   GameInfo::ResetInfo - SyncLevel set to 0 on reset
21:00:04.53   GameInfo::ResetInfo - SyncLevel set to 0 on reset
21:00:04.53   GameInfo::ResetInfo - SyncLevel set to 0 on reset
21:00:04.53   GameInfo::ResetInfo - SyncLevel set to 0 on reset
21:00:04.53   GameInfo::ResetInfo - SyncLevel set to 0 on reset
21:00:04.53   GameInfo::ResetInfo - SyncLevel set to 0 on reset
21:00:04.53   GameInfo::ResetInfo - SyncLevel set to 0 on reset
21:00:04.53   GameInfo::ResetInfo - SyncLevel set to 0 on reset
21:00:04.53   GameInfo::ResetInfo - SyncLevel set to 0 on reset
21:00:04.53   GameInfo::ResetInfo - SyncLevel set to 0 on reset
21:00:04.53   GameInfo::ResetInfo - SyncLevel set to 0 on reset
21:00:04.53   GameInfo::ResetInfo - SyncLevel set to 0 on reset
21:00:04.53   GameInfo::ResetInfo - SyncLevel set to 0 on reset
21:00:04.53   GameInfo::ResetInfo - SyncLevel set to 0 on reset
21:00:04.53   GameInfo::ResetInfo - SyncLevel set to 0 on reset
21:00:04.53   GameInfo::ResetInfo - SyncLevel set to 0 on reset
21:00:04.53   GameInfo::ResetInfo - SyncLevel set to 0 on reset
21:00:04.53   GameInfo::ResetInfo - SyncLevel set to 0 on reset
21:00:04.53   GameInfo::ResetInfo - SyncLevel set to 0 on reset
21:00:04.53   GameInfo::ResetInfo - SyncLevel set to 0 on reset
21:00:04.53   GameInfo::ResetInfo - SyncLevel set to 0 on reset
21:00:04.53   GameInfo::ResetInfo - SyncLevel set to 0 on reset
21:00:04.53   GameInfo::ResetInfo - SyncLevel set to 0 on reset
21:00:04.53   GameInfo::ResetInfo - SyncLevel set to 0 on reset
21:00:04.53   GameInfo::ResetInfo - SyncLevel set to 0 on reset
21:00:04.53   GameInfo::ResetInfo - SyncLevel set to 0 on reset
21:00:04.53   GameInfo::ResetInfo - SyncLevel set to 0 on reset
21:00:04.54   GameInfo::ResetInfo - SyncLevel set to 0 on reset
21:00:04.54   GameInfo::ResetInfo - SyncLevel set to 0 on reset
21:00:04.54   GameInfo::ResetInfo - SyncLevel set to 0 on reset
21:00:04.54   GameInfo::ResetInfo - SyncLevel set to 0 on reset
21:00:04.54   GameInfo::ResetInfo - SyncLevel set to 0 on reset
21:00:04.54   GameInfo::ResetInfo - SyncLevel set to 0 on reset
21:00:04.54   GameInfo::ResetInfo - SyncLevel set to 0 on reset
21:00:04.54   GameInfo::ResetInfo - SyncLevel set to 0 on reset
21:00:04.54   GameInfo::ResetInfo - SyncLevel set to 0 on reset
21:00:04.54   GameInfo::ResetInfo - SyncLevel set to 0 on reset
21:00:04.54   GameInfo::ResetInfo - SyncLevel set to 0 on reset
21:00:04.54   GameInfo::ResetInfo - SyncLevel set to 0 on reset
21:00:04.54   GameInfo::ResetInfo - SyncLevel set to 0 on reset
21:00:04.54   GameInfo::ResetInfo - SyncLevel set to 0 on reset
21:00:04.54   GameInfo::ResetInfo - SyncLevel set to 0 on reset
21:00:04.54   GameInfo::ResetInfo - SyncLevel set to 0 on reset
21:00:04.54   GameInfo::ResetInfo - SyncLevel set to 0 on reset
21:00:04.54   GameInfo::ResetInfo - SyncLevel set to 0 on reset
21:00:04.55   GameInfo::ResetInfo - SyncLevel set to 0 on reset
21:00:04.55   GameInfo::ResetInfo - SyncLevel set to 0 on reset
21:00:04.55   GameInfo::ResetInfo - SyncLevel set to 0 on reset
21:00:04.55   GameInfo::ResetInfo - SyncLevel set to 0 on reset
21:00:04.55   GameInfo::ResetInfo - SyncLevel set to 0 on reset
21:00:04.55   GameInfo::ResetInfo - SyncLevel set to 0 on reset
21:00:04.55   GameInfo::ResetInfo - SyncLevel set to 0 on reset
21:00:04.55   GameInfo::ResetInfo - SyncLevel set to 0 on reset
21:00:04.55   GameInfo::ResetInfo - SyncLevel set to 0 on reset
21:00:04.55   GameInfo::ResetInfo - SyncLevel set to 0 on reset
21:00:04.55   GameInfo::ResetInfo - SyncLevel set to 0 on reset
21:00:04.55   GameInfo::ResetInfo - SyncLevel set to 0 on reset
21:00:04.55   GameInfo::ResetInfo - SyncLevel set to 0 on reset
21:00:04.55   GameInfo::ResetInfo - SyncLevel set to 0 on reset
21:00:04.55   GameInfo::ResetInfo - SyncLevel set to 0 on reset
21:00:04.55   GameInfo::ResetInfo - SyncLevel set to 0 on reset
21:00:04.55   GameInfo::ResetInfo - SyncLevel set to 0 on reset
21:00:04.55   GameInfo::ResetInfo - SyncLevel set to 0 on reset
21:00:04.55   GameInfo::ResetInfo - SyncLevel set to 0 on reset
21:00:04.55   GameInfo::ResetInfo - SyncLevel set to 0 on reset
21:00:04.55   GameInfo::ResetInfo - SyncLevel set to 0 on reset
21:00:04.55   GameInfo::ResetInfo - SyncLevel set to 0 on reset
21:00:04.55   GameInfo::ResetInfo - SyncLevel set to 0 on reset
21:00:04.55   GameInfo::ResetInfo - SyncLevel set to 0 on reset
21:00:04.55   GameInfo::ResetInfo - SyncLevel set to 0 on reset
21:00:04.55   GameInfo::ResetInfo - SyncLevel set to 0 on reset
21:00:04.55   GameInfo::ResetInfo - SyncLevel set to 0 on reset
21:00:04.55   GameInfo::ResetInfo - SyncLevel set to 0 on reset
21:00:04.55   GameInfo::ResetInfo - SyncLevel set to 0 on reset
21:00:04.55   GameInfo::ResetInfo - SyncLevel set to 0 on reset
21:00:04.55   GameInfo::ResetInfo - SyncLevel set to 0 on reset
21:00:04.55   GameInfo::ResetInfo - SyncLevel set to 0 on reset
21:00:04.55   GameInfo::ResetInfo - SyncLevel set to 0 on reset
21:00:04.55   GameInfo::ResetInfo - SyncLevel set to 0 on reset
21:00:04.55   GameInfo::ResetInfo - SyncLevel set to 0 on reset
21:00:04.55   GameInfo::ResetInfo - SyncLevel set to 0 on reset
21:00:04.55   GameInfo::ResetInfo - SyncLevel set to 0 on reset
21:00:04.55   GameInfo::ResetInfo - SyncLevel set to 0 on reset
21:00:04.55   GameInfo::ResetInfo - SyncLevel set to 0 on reset
21:00:04.56   GameInfo::ResetInfo - SyncLevel set to 0 on reset
21:00:04.56   GameInfo::ResetInfo - SyncLevel set to 0 on reset
21:00:04.56   GameInfo::ResetInfo - SyncLevel set to 0 on reset
21:00:04.56   GameInfo::ResetInfo - SyncLevel set to 0 on reset
21:00:04.56   GameInfo::ResetInfo - SyncLevel set to 0 on reset
21:00:04.56   GameInfo::ResetInfo - SyncLevel set to 0 on reset
21:00:04.56   GameInfo::ResetInfo - SyncLevel set to 0 on reset
21:00:04.56   GameInfo::ResetInfo - SyncLevel set to 0 on reset
21:00:04.56   GameInfo::ResetInfo - SyncLevel set to 0 on reset
21:00:04.56   GameInfo::ResetInfo - SyncLevel set to 0 on reset
21:00:04.56   GameInfo::ResetInfo - SyncLevel set to 0 on reset
21:00:04.56   GameInfo::ResetInfo - SyncLevel set to 0 on reset
21:00:04.56   GameInfo::ResetInfo - SyncLevel set to 0 on reset
21:00:04.56   GameInfo::ResetInfo - SyncLevel set to 0 on reset
21:00:04.56   GameInfo::ResetInfo - SyncLevel set to 0 on reset
21:00:04.56   GameInfo::ResetInfo - SyncLevel set to 0 on reset
21:00:04.56   GameInfo::ResetInfo - SyncLevel set to 0 on reset
21:00:04.56   GameInfo::ResetInfo - SyncLevel set to 0 on reset
21:00:04.56   GameInfo::ResetInfo - SyncLevel set to 0 on reset
21:00:04.56   GameInfo::ResetInfo - SyncLevel set to 0 on reset
21:00:04.56   GameInfo::ResetInfo - SyncLevel set to 0 on reset
21:00:04.56   GameInfo::ResetInfo - SyncLevel set to 0 on reset
21:00:04.56   GameInfo::ResetInfo - SyncLevel set to 0 on reset
21:00:04.56   GameInfo::ResetInfo - SyncLevel set to 0 on reset
21:00:04.56   GameInfo::ResetInfo - SyncLevel set to 0 on reset
21:00:04.56   GameInfo::ResetInfo - SyncLevel set to 0 on reset
21:00:04.56   GameInfo::ResetInfo - SyncLevel set to 0 on reset
21:00:04.56   GameInfo::ResetInfo - SyncLevel set to 0 on reset
21:00:04.56   GameInfo::ResetInfo - SyncLevel set to 0 on reset
21:00:04.56   GameInfo::ResetInfo - SyncLevel set to 0 on reset
21:00:04.56   GameInfo::ResetInfo - SyncLevel set to 0 on reset
21:00:04.56   GameInfo::ResetInfo - SyncLevel set to 0 on reset
21:00:04.56   GameInfo::ResetInfo - SyncLevel set to 0 on reset
21:00:04.56   GameInfo::ResetInfo - SyncLevel set to 0 on reset
21:00:04.56   GameInfo::ResetInfo - SyncLevel set to 0 on reset
21:00:04.56   GameInfo::ResetInfo - SyncLevel set to 0 on reset
21:00:04.56   GameInfo::ResetInfo - SyncLevel set to 0 on reset
21:00:04.56   GameInfo::ResetInfo - SyncLevel set to 0 on reset
21:00:04.56   GameInfo::ResetInfo - SyncLevel set to 0 on reset
21:00:04.56   GameInfo::ResetInfo - SyncLevel set to 0 on reset
21:00:04.56   GameInfo::ResetInfo - SyncLevel set to 0 on reset
21:00:04.56   GameInfo::ResetInfo - SyncLevel set to 0 on reset
21:00:04.57   GameInfo::ResetInfo - SyncLevel set to 0 on reset
21:00:04.57   GameInfo::ResetInfo - SyncLevel set to 0 on reset
21:00:04.57   GameInfo::ResetInfo - SyncLevel set to 0 on reset
21:00:04.57   GameInfo::ResetInfo - SyncLevel set to 0 on reset
21:00:04.57   GameInfo::ResetInfo - SyncLevel set to 0 on reset
21:00:04.57   GameInfo::ResetInfo - SyncLevel set to 0 on reset
21:00:04.57   GameInfo::ResetInfo - SyncLevel set to 0 on reset
21:00:04.57   GameInfo::ResetInfo - SyncLevel set to 0 on reset
21:00:04.57   GameInfo::ResetInfo - SyncLevel set to 0 on reset
21:00:04.57   GameInfo::ResetInfo - SyncLevel set to 0 on reset
21:00:04.57   GameInfo::ResetInfo - SyncLevel set to 0 on reset
21:00:04.57   GameInfo::ResetInfo - SyncLevel set to 0 on reset
21:00:04.57   GameInfo::ResetInfo - SyncLevel set to 0 on reset
21:00:04.57   GameInfo::ResetInfo - SyncLevel set to 0 on reset
21:00:04.57   GameInfo::ResetInfo - SyncLevel set to 0 on reset
21:00:04.57   GameInfo::ResetInfo - SyncLevel set to 0 on reset
21:00:04.57   GameInfo::ResetInfo - SyncLevel set to 0 on reset
21:00:04.57   GameInfo::ResetInfo - SyncLevel set to 0 on reset
21:00:04.57   GameInfo::ResetInfo - SyncLevel set to 0 on reset
21:00:04.57   GameInfo::ResetInfo - SyncLevel set to 0 on reset
21:00:04.57   GameInfo::ResetInfo - SyncLevel set to 0 on reset
21:00:04.57   GameInfo::ResetInfo - SyncLevel set to 0 on reset
21:00:04.57   GameInfo::ResetInfo - SyncLevel set to 0 on reset
21:00:04.57   GameInfo::ResetInfo - SyncLevel set to 0 on reset
21:00:04.58   GameInfo::ResetInfo - SyncLevel set to 0 on reset
21:00:04.58   GameInfo::ResetInfo - SyncLevel set to 0 on reset
21:00:04.58   GameInfo::ResetInfo - SyncLevel set to 0 on reset
21:00:04.58   GameInfo::ResetInfo - SyncLevel set to 0 on reset
21:00:04.58   GameInfo::ResetInfo - SyncLevel set to 0 on reset
21:00:04.58   GameInfo::ResetInfo - SyncLevel set to 0 on reset
21:00:04.58   GameInfo::ResetInfo - SyncLevel set to 0 on reset
21:00:04.58   GameInfo::ResetInfo - SyncLevel set to 0 on reset
21:00:04.58   GameInfo::ResetInfo - SyncLevel set to 0 on reset
21:00:04.58   GameInfo::ResetInfo - SyncLevel set to 0 on reset
21:00:04.58   GameInfo::ResetInfo - SyncLevel set to 0 on reset
21:00:04.58   GameInfo::ResetInfo - SyncLevel set to 0 on reset
21:00:04.58   GameInfo::ResetInfo - SyncLevel set to 0 on reset
21:00:04.58   GameInfo::ResetInfo - SyncLevel set to 0 on reset
21:00:04.58   GameInfo::ResetInfo - SyncLevel set to 0 on reset
21:00:04.58   GameInfo::ResetInfo - SyncLevel set to 0 on reset
21:00:04.58   GameInfo::ResetInfo - SyncLevel set to 0 on reset
21:00:04.58   GameInfo::ResetInfo - SyncLevel set to 0 on reset
21:00:04.58   GameInfo::ResetInfo - SyncLevel set to 0 on reset
21:00:04.58   GameInfo::ResetInfo - SyncLevel set to 0 on reset
21:00:04.58   GameInfo::ResetInfo - SyncLevel set to 0 on reset
21:00:04.58   GameInfo::ResetInfo - SyncLevel set to 0 on reset
21:00:04.58   GameInfo::ResetInfo - SyncLevel set to 0 on reset
21:00:04.58   GameInfo::ResetInfo - SyncLevel set to 0 on reset
21:00:04.58   GameInfo::ResetInfo - SyncLevel set to 0 on reset
21:00:04.58   GameInfo::ResetInfo - SyncLevel set to 0 on reset
21:00:04.58   GameInfo::ResetInfo - SyncLevel set to 0 on reset
21:00:04.58   GameInfo::ResetInfo - SyncLevel set to 0 on reset
21:00:04.58   GameInfo::ResetInfo - SyncLevel set to 0 on reset
21:00:04.58   GameInfo::ResetInfo - SyncLevel set to 0 on reset
21:00:04.58   GameInfo::ResetInfo - SyncLevel set to 0 on reset
21:00:04.58   GameInfo::ResetInfo - SyncLevel set to 0 on reset
21:00:04.58   GameInfo::ResetInfo - SyncLevel set to 0 on reset
21:00:04.58   GameInfo::ResetInfo - SyncLevel set to 0 on reset
21:00:04.58   GameInfo::ResetInfo - SyncLevel set to 0 on reset
21:00:04.58   GameInfo::ResetInfo - SyncLevel set to 0 on reset
21:00:04.58   GameInfo::ResetInfo - SyncLevel set to 0 on reset
21:00:04.58   GameInfo::ResetInfo - SyncLevel set to 0 on reset
21:00:04.58   GameInfo::ResetInfo - SyncLevel set to 0 on reset
21:00:04.59   GameInfo::ResetInfo - SyncLevel set to 0 on reset
21:00:04.59   GameInfo::ResetInfo - SyncLevel set to 0 on reset
21:00:04.59   GameInfo::ResetInfo - SyncLevel set to 0 on reset
21:00:04.59   GameInfo::ResetInfo - SyncLevel set to 0 on reset
21:00:04.59   GameInfo::ResetInfo - SyncLevel set to 0 on reset
21:00:04.59   GameInfo::ResetInfo - SyncLevel set to 0 on reset
21:00:04.59   GameInfo::ResetInfo - SyncLevel set to 0 on reset
21:00:04.59   GameInfo::ResetInfo - SyncLevel set to 0 on reset
21:00:04.59   GameInfo::ResetInfo - SyncLevel set to 0 on reset
21:00:04.59   GameInfo::ResetInfo - SyncLevel set to 0 on reset
21:00:04.59   GameInfo::ResetInfo - SyncLevel set to 0 on reset
21:00:04.59   GameInfo::ResetInfo - SyncLevel set to 0 on reset
21:00:04.59   GameInfo::ResetInfo - SyncLevel set to 0 on reset
21:00:04.59   GameInfo::ResetInfo - SyncLevel set to 0 on reset
21:00:04.59   GameInfo::ResetInfo - SyncLevel set to 0 on reset
21:00:04.59   GameInfo::ResetInfo - SyncLevel set to 0 on reset
21:00:04.59   GameInfo::ResetInfo - SyncLevel set to 0 on reset
21:00:04.59   GameInfo::ResetInfo - SyncLevel set to 0 on reset
21:00:04.59   GameInfo::ResetInfo - SyncLevel set to 0 on reset
21:00:04.59   GameInfo::ResetInfo - SyncLevel set to 0 on reset
21:00:04.59   GameInfo::ResetInfo - SyncLevel set to 0 on reset
21:00:04.59   GameInfo::ResetInfo - SyncLevel set to 0 on reset
21:00:04.59   GameInfo::ResetInfo - SyncLevel set to 0 on reset
21:00:04.59   GameInfo::ResetInfo - SyncLevel set to 0 on reset
21:00:04.59   GameInfo::ResetInfo - SyncLevel set to 0 on reset
21:00:04.59   GameInfo::ResetInfo - SyncLevel set to 0 on reset
21:00:04.59   GameInfo::ResetInfo - SyncLevel set to 0 on reset
21:00:04.59   GameInfo::ResetInfo - SyncLevel set to 0 on reset
21:00:04.59   GameInfo::ResetInfo - SyncLevel set to 0 on reset
21:00:04.59   GameInfo::ResetInfo - SyncLevel set to 0 on reset
21:00:04.60   GameInfo::ResetInfo - SyncLevel set to 0 on reset
21:00:04.60   GameInfo::ResetInfo - SyncLevel set to 0 on reset
21:00:04.60   GameInfo::ResetInfo - SyncLevel set to 0 on reset
21:00:04.60   GameInfo::ResetInfo - SyncLevel set to 0 on reset
21:00:04.60   GameInfo::ResetInfo - SyncLevel set to 0 on reset
21:00:04.60   GameInfo::ResetInfo - SyncLevel set to 0 on reset
21:00:04.60   GameInfo::ResetInfo - SyncLevel set to 0 on reset
21:00:04.60   GameInfo::ResetInfo - SyncLevel set to 0 on reset
21:00:04.60   GameInfo::ResetInfo - SyncLevel set to 0 on reset
21:00:04.60   GameInfo::ResetInfo - SyncLevel set to 0 on reset
21:00:04.60   GameInfo::ResetInfo - SyncLevel set to 0 on reset
21:00:04.60   GameInfo::ResetInfo - SyncLevel set to 0 on reset
21:00:04.60   GameInfo::ResetInfo - SyncLevel set to 0 on reset
21:00:04.60   GameInfo::ResetInfo - SyncLevel set to 0 on reset
21:00:04.60   GameInfo::ResetInfo - SyncLevel set to 0 on reset
21:00:04.60   GameInfo::ResetInfo - SyncLevel set to 0 on reset
21:00:04.60   GameInfo::ResetInfo - SyncLevel set to 0 on reset
21:00:04.60   GameInfo::ResetInfo - SyncLevel set to 0 on reset
21:00:04.60   GameInfo::ResetInfo - SyncLevel set to 0 on reset
21:00:04.60   GameInfo::ResetInfo - SyncLevel set to 0 on reset
21:00:04.60   GameInfo::ResetInfo - SyncLevel set to 0 on reset
21:00:04.60   GameInfo::ResetInfo - SyncLevel set to 0 on reset
21:00:04.60   GameInfo::ResetInfo - SyncLevel set to 0 on reset
21:00:04.60   GameInfo::ResetInfo - SyncLevel set to 0 on reset
21:00:04.60   GameInfo::ResetInfo - SyncLevel set to 0 on reset
21:00:04.60   GameInfo::ResetInfo - SyncLevel set to 0 on reset
21:00:04.60   GameInfo::ResetInfo - SyncLevel set to 0 on reset
21:00:04.60   GameInfo::ResetInfo - SyncLevel set to 0 on reset
21:00:04.60   GameInfo::ResetInfo - SyncLevel set to 0 on reset
21:00:04.61   GameInfo::ResetInfo - SyncLevel set to 0 on reset
21:00:04.61   GameInfo::ResetInfo - SyncLevel set to 0 on reset
21:00:04.61   GameInfo::ResetInfo - SyncLevel set to 0 on reset
21:00:04.61   GameInfo::ResetInfo - SyncLevel set to 0 on reset
21:00:04.61   GameInfo::ResetInfo - SyncLevel set to 0 on reset
21:00:04.61   GameInfo::ResetInfo - SyncLevel set to 0 on reset
21:00:04.61   GameInfo::ResetInfo - SyncLevel set to 0 on reset
21:00:04.61   GameInfo::ResetInfo - SyncLevel set to 0 on reset
21:00:04.61   GameInfo::ResetInfo - SyncLevel set to 0 on reset
21:00:04.61   GameInfo::ResetInfo - SyncLevel set to 0 on reset
21:00:04.61   GameInfo::ResetInfo - SyncLevel set to 0 on reset
21:00:04.61   GameInfo::ResetInfo - SyncLevel set to 0 on reset
21:00:04.61   GameInfo::ResetInfo - SyncLevel set to 0 on reset
21:00:04.61   GameInfo::ResetInfo - SyncLevel set to 0 on reset
21:00:04.61   GameInfo::ResetInfo - SyncLevel set to 0 on reset
21:00:04.61   GameInfo::ResetInfo - SyncLevel set to 0 on reset
21:00:04.61   GameInfo::ResetInfo - SyncLevel set to 0 on reset
21:00:04.61   GameInfo::ResetInfo - SyncLevel set to 0 on reset
21:00:04.61   GameInfo::ResetInfo - SyncLevel set to 0 on reset
21:00:04.61   GameInfo::ResetInfo - SyncLevel set to 0 on reset
21:00:04.61   GameInfo::ResetInfo - SyncLevel set to 0 on reset
21:00:04.61   GameInfo::ResetInfo - SyncLevel set to 0 on reset
21:00:04.61   GameInfo::ResetInfo - SyncLevel set to 0 on reset
21:00:04.61   GameInfo::ResetInfo - SyncLevel set to 0 on reset
21:00:04.61   GameInfo::ResetInfo - SyncLevel set to 0 on reset
21:00:04.61   GameInfo::ResetInfo - SyncLevel set to 0 on reset
21:00:04.61   GameInfo::ResetInfo - SyncLevel set to 0 on reset
21:00:04.61   GameInfo::ResetInfo - SyncLevel set to 0 on reset
21:00:04.61   GameInfo::ResetInfo - SyncLevel set to 0 on reset
21:00:04.61   GameInfo::ResetInfo - SyncLevel set to 0 on reset
21:00:04.61   GameInfo::ResetInfo - SyncLevel set to 0 on reset
21:00:04.61   GameInfo::ResetInfo - SyncLevel set to 0 on reset
21:00:04.61   GameInfo::ResetInfo - SyncLevel set to 0 on reset
21:00:04.61   GameInfo::ResetInfo - SyncLevel set to 0 on reset
21:00:04.61   GameInfo::ResetInfo - SyncLevel set to 0 on reset
21:00:04.61   GameInfo::ResetInfo - SyncLevel set to 0 on reset
21:00:04.61   GameInfo::ResetInfo - SyncLevel set to 0 on reset
21:00:04.62   GameInfo::ResetInfo - SyncLevel set to 0 on reset
21:00:04.62   GameInfo::ResetInfo - SyncLevel set to 0 on reset
21:00:04.62   GameInfo::ResetInfo - SyncLevel set to 0 on reset
21:00:04.62   GameInfo::ResetInfo - SyncLevel set to 0 on reset
21:00:04.62   GameInfo::ResetInfo - SyncLevel set to 0 on reset
21:00:04.62   GameInfo::ResetInfo - SyncLevel set to 0 on reset
21:00:04.62   GameInfo::ResetInfo - SyncLevel set to 0 on reset
21:00:04.62   GameInfo::ResetInfo - SyncLevel set to 0 on reset
21:00:04.62   GameInfo::ResetInfo - SyncLevel set to 0 on reset
21:00:04.62   GameInfo::ResetInfo - SyncLevel set to 0 on reset
21:00:04.62   GameInfo::ResetInfo - SyncLevel set to 0 on reset
21:00:04.62   GameInfo::ResetInfo - SyncLevel set to 0 on reset
21:00:04.62   GameInfo::ResetInfo - SyncLevel set to 0 on reset
21:00:04.62   GameInfo::ResetInfo - SyncLevel set to 0 on reset
21:00:04.62   GameInfo::ResetInfo - SyncLevel set to 0 on reset
21:00:04.62   GameInfo::ResetInfo - SyncLevel set to 0 on reset
21:00:04.62   GameInfo::ResetInfo - SyncLevel set to 0 on reset
21:00:04.62   GameInfo::ResetInfo - SyncLevel set to 0 on reset
21:00:04.62   GameInfo::ResetInfo - SyncLevel set to 0 on reset
21:00:04.62   GameInfo::ResetInfo - SyncLevel set to 0 on reset
21:00:04.62   GameInfo::ResetInfo - SyncLevel set to 0 on reset
21:00:04.62   GameInfo::ResetInfo - SyncLevel set to 0 on reset
21:00:04.62   GameInfo::ResetInfo - SyncLevel set to 0 on reset
21:00:04.62   GameInfo::ResetInfo - SyncLevel set to 0 on reset
21:00:04.62   GameInfo::ResetInfo - SyncLevel set to 0 on reset
21:00:04.62   GameInfo::ResetInfo - SyncLevel set to 0 on reset
21:00:04.62   GameInfo::ResetInfo - SyncLevel set to 0 on reset
21:00:04.62   GameInfo::ResetInfo - SyncLevel set to 0 on reset
21:00:04.62   GameInfo::ResetInfo - SyncLevel set to 0 on reset
21:00:04.62   GameInfo::ResetInfo - SyncLevel set to 0 on reset
21:00:04.63   GameInfo::ResetInfo - SyncLevel set to 0 on reset
21:00:04.63   GameInfo::ResetInfo - SyncLevel set to 0 on reset
21:00:04.63   GameInfo::ResetInfo - SyncLevel set to 0 on reset
21:00:04.63   GameInfo::ResetInfo - SyncLevel set to 0 on reset
21:00:04.63   GameInfo::ResetInfo - SyncLevel set to 0 on reset
21:00:04.63   GameInfo::ResetInfo - SyncLevel set to 0 on reset
21:00:04.63   GameInfo::ResetInfo - SyncLevel set to 0 on reset
21:00:04.63   GameInfo::ResetInfo - SyncLevel set to 0 on reset
21:00:04.63   GameInfo::ResetInfo - SyncLevel set to 0 on reset
21:00:04.63   GameInfo::ResetInfo - SyncLevel set to 0 on reset
21:00:04.63   GameInfo::ResetInfo - SyncLevel set to 0 on reset
21:00:04.63   GameInfo::ResetInfo - SyncLevel set to 0 on reset
21:00:04.63   GameInfo::ResetInfo - SyncLevel set to 0 on reset
21:00:04.63   GameInfo::ResetInfo - SyncLevel set to 0 on reset
21:00:04.63   GameInfo::ResetInfo - SyncLevel set to 0 on reset
21:00:04.63   GameInfo::ResetInfo - SyncLevel set to 0 on reset
21:00:04.63   GameInfo::ResetInfo - SyncLevel set to 0 on reset
21:00:04.63   GameInfo::ResetInfo - SyncLevel set to 0 on reset
21:00:04.63   GameInfo::ResetInfo - SyncLevel set to 0 on reset
21:00:04.63   GameInfo::ResetInfo - SyncLevel set to 0 on reset
21:00:04.63   GameInfo::ResetInfo - SyncLevel set to 0 on reset
21:00:04.63   GameInfo::ResetInfo - SyncLevel set to 0 on reset
21:00:04.63   GameInfo::ResetInfo - SyncLevel set to 0 on reset
21:00:04.63   GameInfo::ResetInfo - SyncLevel set to 0 on reset
21:00:04.63   GameInfo::ResetInfo - SyncLevel set to 0 on reset
21:00:04.63   GameInfo::ResetInfo - SyncLevel set to 0 on reset
21:00:04.63   GameInfo::ResetInfo - SyncLevel set to 0 on reset
21:00:04.63   GameInfo::ResetInfo - SyncLevel set to 0 on reset
21:00:04.63   GameInfo::ResetInfo - SyncLevel set to 0 on reset
21:00:04.63   GameInfo::ResetInfo - SyncLevel set to 0 on reset
21:00:04.63   GameInfo::ResetInfo - SyncLevel set to 0 on reset
21:00:04.63   GameInfo::ResetInfo - SyncLevel set to 0 on reset
21:00:04.63   GameInfo::ResetInfo - SyncLevel set to 0 on reset
21:00:04.63   GameInfo::ResetInfo - SyncLevel set to 0 on reset
21:00:04.63   GameInfo::ResetInfo - SyncLevel set to 0 on reset
21:00:04.63   GameInfo::ResetInfo - SyncLevel set to 0 on reset
21:00:04.64   GameInfo::ResetInfo - SyncLevel set to 0 on reset
21:00:04.64   GameInfo::ResetInfo - SyncLevel set to 0 on reset
21:00:04.64   GameInfo::ResetInfo - SyncLevel set to 0 on reset
21:00:04.64   GameInfo::ResetInfo - SyncLevel set to 0 on reset
21:00:04.64   GameInfo::ResetInfo - SyncLevel set to 0 on reset
21:00:04.64   GAME -- Error reading header for recorded game PLAYBACK:4p_rails_and_metal20110731195813__[GameReplays.org].rec
21:00:04.64   GameInfo::ResetInfo - SyncLevel set to 0 on reset
21:00:04.64   GameInfo::ResetInfo - SyncLevel set to 0 on reset
21:00:04.64   GAME -- Error reading header for recorded game PLAYBACK:4p_rails_and_metal20110801000124__[GameReplays.org].rec
21:00:04.64   GameInfo::ResetInfo - SyncLevel set to 0 on reset
21:00:04.64   GameInfo::ResetInfo - SyncLevel set to 0 on reset
21:00:04.64   GAME -- Error reading header for recorded game PLAYBACK:4p_rails_and_metal20120827200108__[GameReplays.org].rec
21:00:04.64   GameInfo::ResetInfo - SyncLevel set to 0 on reset
21:00:04.64   GameInfo::ResetInfo - SyncLevel set to 0 on reset
21:00:04.64   GameInfo::ResetInfo - SyncLevel set to 0 on reset
21:00:04.64   GameInfo::ResetInfo - SyncLevel set to 0 on reset
21:00:04.64   GameInfo::ResetInfo - SyncLevel set to 0 on reset
21:00:04.64   GameInfo::ResetInfo - SyncLevel set to 0 on reset
21:00:04.64   GameInfo::ResetInfo - SyncLevel set to 0 on reset
21:00:04.64   GameInfo::ResetInfo - SyncLevel set to 0 on reset
21:00:04.64   GameInfo::ResetInfo - SyncLevel set to 0 on reset
21:00:04.64   GameInfo::ResetInfo - SyncLevel set to 0 on reset
21:00:04.64   GameInfo::ResetInfo - SyncLevel set to 0 on reset
21:00:04.64   GameInfo::ResetInfo - SyncLevel set to 0 on reset
21:00:04.64   GameInfo::ResetInfo - SyncLevel set to 0 on reset
21:00:04.64   GameInfo::ResetInfo - SyncLevel set to 0 on reset
21:00:04.64   GameInfo::ResetInfo - SyncLevel set to 0 on reset
21:00:04.64   GameInfo::ResetInfo - SyncLevel set to 0 on reset
21:00:04.64   GameInfo::ResetInfo - SyncLevel set to 0 on reset
21:00:04.64   GameInfo::ResetInfo - SyncLevel set to 0 on reset
21:00:04.64   GameInfo::ResetInfo - SyncLevel set to 0 on reset
21:00:04.64   GameInfo::ResetInfo - SyncLevel set to 0 on reset
21:00:04.64   GameInfo::ResetInfo - SyncLevel set to 0 on reset
21:00:04.64   GameInfo::ResetInfo - SyncLevel set to 0 on reset
21:00:04.64   GameInfo::ResetInfo - SyncLevel set to 0 on reset
21:00:04.64   GameInfo::ResetInfo - SyncLevel set to 0 on reset
21:00:04.64   GameInfo::ResetInfo - SyncLevel set to 0 on reset
21:00:04.64   GameInfo::ResetInfo - SyncLevel set to 0 on reset
21:00:04.64   GameInfo::ResetInfo - SyncLevel set to 0 on reset
21:00:04.64   GameInfo::ResetInfo - SyncLevel set to 0 on reset
21:00:04.64   GameInfo::ResetInfo - SyncLevel set to 0 on reset
21:00:04.64   GameInfo::ResetInfo - SyncLevel set to 0 on reset
21:00:04.64   GameInfo::ResetInfo - SyncLevel set to 0 on reset
21:00:04.65   GameInfo::ResetInfo - SyncLevel set to 0 on reset
21:00:04.65   GameInfo::ResetInfo - SyncLevel set to 0 on reset
21:00:04.65   GameInfo::ResetInfo - SyncLevel set to 0 on reset
21:00:04.65   GameInfo::ResetInfo - SyncLevel set to 0 on reset
21:00:04.65   GameInfo::ResetInfo - SyncLevel set to 0 on reset
21:00:04.65   GameInfo::ResetInfo - SyncLevel set to 0 on reset
21:00:04.65   GameInfo::ResetInfo - SyncLevel set to 0 on reset
21:00:04.65   GameInfo::ResetInfo - SyncLevel set to 0 on reset
21:00:04.65   GameInfo::ResetInfo - SyncLevel set to 0 on reset
21:00:04.65   GameInfo::ResetInfo - SyncLevel set to 0 on reset
21:00:04.65   GameInfo::ResetInfo - SyncLevel set to 0 on reset
21:00:04.65   GameInfo::ResetInfo - SyncLevel set to 0 on reset
21:00:04.65   GameInfo::ResetInfo - SyncLevel set to 0 on reset
21:00:04.65   GameInfo::ResetInfo - SyncLevel set to 0 on reset
21:00:04.65   GameInfo::ResetInfo - SyncLevel set to 0 on reset
21:00:04.65   GameInfo::ResetInfo - SyncLevel set to 0 on reset
21:00:04.65   GameInfo::ResetInfo - SyncLevel set to 0 on reset
21:00:04.65   GameInfo::ResetInfo - SyncLevel set to 0 on reset
21:00:04.65   GameInfo::ResetInfo - SyncLevel set to 0 on reset
21:00:04.65   GameInfo::ResetInfo - SyncLevel set to 0 on reset
21:00:04.66   GameInfo::ResetInfo - SyncLevel set to 0 on reset
21:00:04.66   GameInfo::ResetInfo - SyncLevel set to 0 on reset
21:00:04.66   GameInfo::ResetInfo - SyncLevel set to 0 on reset
21:00:04.66   GameInfo::ResetInfo - SyncLevel set to 0 on reset
21:00:04.66   GameInfo::ResetInfo - SyncLevel set to 0 on reset
21:00:04.66   GameInfo::ResetInfo - SyncLevel set to 0 on reset
21:00:04.66   GameInfo::ResetInfo - SyncLevel set to 0 on reset
21:00:04.66   GameInfo::ResetInfo - SyncLevel set to 0 on reset
21:00:04.66   GameInfo::ResetInfo - SyncLevel set to 0 on reset
21:00:04.66   GameInfo::ResetInfo - SyncLevel set to 0 on reset
21:00:04.66   GameInfo::ResetInfo - SyncLevel set to 0 on reset
21:00:04.66   GameInfo::ResetInfo - SyncLevel set to 0 on reset
21:00:04.66   GameInfo::ResetInfo - SyncLevel set to 0 on reset
21:00:04.66   GameInfo::ResetInfo - SyncLevel set to 0 on reset
21:00:04.66   GameInfo::ResetInfo - SyncLevel set to 0 on reset
21:00:04.66   GameInfo::ResetInfo - SyncLevel set to 0 on reset
21:00:04.66   GameInfo::ResetInfo - SyncLevel set to 0 on reset
21:00:04.66   GameInfo::ResetInfo - SyncLevel set to 0 on reset
21:00:04.66   GameInfo::ResetInfo - SyncLevel set to 0 on reset
21:00:04.66   GameInfo::ResetInfo - SyncLevel set to 0 on reset
21:00:04.66   GameInfo::ResetInfo - SyncLevel set to 0 on reset
21:00:04.66   GameInfo::ResetInfo - SyncLevel set to 0 on reset
21:00:04.66   GameInfo::ResetInfo - SyncLevel set to 0 on reset
21:00:04.66   GameInfo::ResetInfo - SyncLevel set to 0 on reset
21:00:04.66   GameInfo::ResetInfo - SyncLevel set to 0 on reset
21:00:04.66   GameInfo::ResetInfo - SyncLevel set to 0 on reset
21:00:04.66   GameInfo::ResetInfo - SyncLevel set to 0 on reset
21:00:04.66   GameInfo::ResetInfo - SyncLevel set to 0 on reset
21:00:04.66   GameInfo::ResetInfo - SyncLevel set to 0 on reset
21:00:04.66   GameInfo::ResetInfo - SyncLevel set to 0 on reset
21:00:04.67   GameInfo::ResetInfo - SyncLevel set to 0 on reset
21:00:04.67   GameInfo::ResetInfo - SyncLevel set to 0 on reset
21:00:04.67   GameInfo::ResetInfo - SyncLevel set to 0 on reset
21:00:04.67   GameInfo::ResetInfo - SyncLevel set to 0 on reset
21:00:04.67   GameInfo::ResetInfo - SyncLevel set to 0 on reset
21:00:04.67   GameInfo::ResetInfo - SyncLevel set to 0 on reset
21:00:04.67   GameInfo::ResetInfo - SyncLevel set to 0 on reset
21:00:04.67   GameInfo::ResetInfo - SyncLevel set to 0 on reset
21:00:04.67   GameInfo::ResetInfo - SyncLevel set to 0 on reset
21:00:04.67   GameInfo::ResetInfo - SyncLevel set to 0 on reset
21:00:04.67   GameInfo::ResetInfo - SyncLevel set to 0 on reset
21:00:04.67   GameInfo::ResetInfo - SyncLevel set to 0 on reset
21:00:04.67   GameInfo::ResetInfo - SyncLevel set to 0 on reset
21:00:04.67   GameInfo::ResetInfo - SyncLevel set to 0 on reset
21:00:04.67   GameInfo::ResetInfo - SyncLevel set to 0 on reset
21:00:04.67   GameInfo::ResetInfo - SyncLevel set to 0 on reset
21:00:04.67   GameInfo::ResetInfo - SyncLevel set to 0 on reset
21:00:04.67   GameInfo::ResetInfo - SyncLevel set to 0 on reset
21:00:04.67   GameInfo::ResetInfo - SyncLevel set to 0 on reset
21:00:04.67   GameInfo::ResetInfo - SyncLevel set to 0 on reset
21:00:04.67   GameInfo::ResetInfo - SyncLevel set to 0 on reset
21:00:04.67   GameInfo::ResetInfo - SyncLevel set to 0 on reset
21:00:04.67   GameInfo::ResetInfo - SyncLevel set to 0 on reset
21:00:04.67   GameInfo::ResetInfo - SyncLevel set to 0 on reset
21:00:04.67   GameInfo::ResetInfo - SyncLevel set to 0 on reset
21:00:04.67   GameInfo::ResetInfo - SyncLevel set to 0 on reset
21:00:04.67   GameInfo::ResetInfo - SyncLevel set to 0 on reset
21:00:04.67   GameInfo::ResetInfo - SyncLevel set to 0 on reset
21:00:04.67   GameInfo::ResetInfo - SyncLevel set to 0 on reset
21:00:04.67   GameInfo::ResetInfo - SyncLevel set to 0 on reset
21:00:04.68   GameInfo::ResetInfo - SyncLevel set to 0 on reset
21:00:04.68   GameInfo::ResetInfo - SyncLevel set to 0 on reset
21:00:04.68   GameInfo::ResetInfo - SyncLevel set to 0 on reset
21:00:04.68   GameInfo::ResetInfo - SyncLevel set to 0 on reset
21:00:04.68   GameInfo::ResetInfo - SyncLevel set to 0 on reset
21:00:04.68   GameInfo::ResetInfo - SyncLevel set to 0 on reset
21:00:04.68   GameInfo::ResetInfo - SyncLevel set to 0 on reset
21:00:04.68   GameInfo::ResetInfo - SyncLevel set to 0 on reset
21:00:04.68   GameInfo::ResetInfo - SyncLevel set to 0 on reset
21:00:04.68   GameInfo::ResetInfo - SyncLevel set to 0 on reset
21:00:04.68   GameInfo::ResetInfo - SyncLevel set to 0 on reset
21:00:04.68   GameInfo::ResetInfo - SyncLevel set to 0 on reset
21:00:04.68   GameInfo::ResetInfo - SyncLevel set to 0 on reset
21:00:04.68   GameInfo::ResetInfo - SyncLevel set to 0 on reset
21:00:04.68   GameInfo::ResetInfo - SyncLevel set to 0 on reset
21:00:04.68   GameInfo::ResetInfo - SyncLevel set to 0 on reset
21:00:04.68   GameInfo::ResetInfo - SyncLevel set to 0 on reset
21:00:04.68   GAME -- Error reading header for recorded game PLAYBACK:4p_wolfheze20090305210256__[GameReplays.org].rec
21:00:04.68   GameInfo::ResetInfo - SyncLevel set to 0 on reset
21:00:04.68   GameInfo::ResetInfo - SyncLevel set to 0 on reset
21:00:04.68   GameInfo::ResetInfo - SyncLevel set to 0 on reset
21:00:04.68   GameInfo::ResetInfo - SyncLevel set to 0 on reset
21:00:04.68   GameInfo::ResetInfo - SyncLevel set to 0 on reset
21:00:04.68   GameInfo::ResetInfo - SyncLevel set to 0 on reset
21:00:04.68   GameInfo::ResetInfo - SyncLevel set to 0 on reset
21:00:04.68   GameInfo::ResetInfo - SyncLevel set to 0 on reset
21:00:04.68   GameInfo::ResetInfo - SyncLevel set to 0 on reset
21:00:04.68   GameInfo::ResetInfo - SyncLevel set to 0 on reset
21:00:04.68   GameInfo::ResetInfo - SyncLevel set to 0 on reset
21:00:04.68   GameInfo::ResetInfo - SyncLevel set to 0 on reset
21:00:04.68   GameInfo::ResetInfo - SyncLevel set to 0 on reset
21:00:04.68   GameInfo::ResetInfo - SyncLevel set to 0 on reset
21:00:04.68   GameInfo::ResetInfo - SyncLevel set to 0 on reset
21:00:04.68   GameInfo::ResetInfo - SyncLevel set to 0 on reset
21:00:04.68   GameInfo::ResetInfo - SyncLevel set to 0 on reset
21:00:04.68   GameInfo::ResetInfo - SyncLevel set to 0 on reset
21:00:04.68   GameInfo::ResetInfo - SyncLevel set to 0 on reset
21:00:04.68   GameInfo::ResetInfo - SyncLevel set to 0 on reset
21:00:04.68   GameInfo::ResetInfo - SyncLevel set to 0 on reset
21:00:04.69   GameInfo::ResetInfo - SyncLevel set to 0 on reset
21:00:04.69   GameInfo::ResetInfo - SyncLevel set to 0 on reset
21:00:04.69   GameInfo::ResetInfo - SyncLevel set to 0 on reset
21:00:04.69   GameInfo::ResetInfo - SyncLevel set to 0 on reset
21:00:04.69   GameInfo::ResetInfo - SyncLevel set to 0 on reset
21:00:04.69   GameInfo::ResetInfo - SyncLevel set to 0 on reset
21:00:04.69   GameInfo::ResetInfo - SyncLevel set to 0 on reset
21:00:04.69   GameInfo::ResetInfo - SyncLevel set to 0 on reset
21:00:04.69   GameInfo::ResetInfo - SyncLevel set to 0 on reset
21:00:04.69   GameInfo::ResetInfo - SyncLevel set to 0 on reset
21:00:04.69   GameInfo::ResetInfo - SyncLevel set to 0 on reset
21:00:04.69   GameInfo::ResetInfo - SyncLevel set to 0 on reset
21:00:04.69   GameInfo::ResetInfo - SyncLevel set to 0 on reset
21:00:04.69   GameInfo::ResetInfo - SyncLevel set to 0 on reset
21:00:04.69   GameInfo::ResetInfo - SyncLevel set to 0 on reset
21:00:04.69   GameInfo::ResetInfo - SyncLevel set to 0 on reset
21:00:04.69   GameInfo::ResetInfo - SyncLevel set to 0 on reset
21:00:04.69   GameInfo::ResetInfo - SyncLevel set to 0 on reset
21:00:04.69   GameInfo::ResetInfo - SyncLevel set to 0 on reset
21:00:04.69   GameInfo::ResetInfo - SyncLevel set to 0 on reset
21:00:04.69   GameInfo::ResetInfo - SyncLevel set to 0 on reset
21:00:04.69   GameInfo::ResetInfo - SyncLevel set to 0 on reset
21:00:04.69   GameInfo::ResetInfo - SyncLevel set to 0 on reset
21:00:04.69   GameInfo::ResetInfo - SyncLevel set to 0 on reset
21:00:04.69   GameInfo::ResetInfo - SyncLevel set to 0 on reset
21:00:04.69   GameInfo::ResetInfo - SyncLevel set to 0 on reset
21:00:04.69   GameInfo::ResetInfo - SyncLevel set to 0 on reset
21:00:04.69   GameInfo::ResetInfo - SyncLevel set to 0 on reset
21:00:04.69   GameInfo::ResetInfo - SyncLevel set to 0 on reset
21:00:04.69   GameInfo::ResetInfo - SyncLevel set to 0 on reset
21:00:04.69   GameInfo::ResetInfo - SyncLevel set to 0 on reset
21:00:04.70   GameInfo::ResetInfo - SyncLevel set to 0 on reset
21:00:04.70   GameInfo::ResetInfo - SyncLevel set to 0 on reset
21:00:04.70   GameInfo::ResetInfo - SyncLevel set to 0 on reset
21:00:04.70   GameInfo::ResetInfo - SyncLevel set to 0 on reset
21:00:04.70   GameInfo::ResetInfo - SyncLevel set to 0 on reset
21:00:04.70   GameInfo::ResetInfo - SyncLevel set to 0 on reset
21:00:04.70   GameInfo::ResetInfo - SyncLevel set to 0 on reset
21:00:04.70   GameInfo::ResetInfo - SyncLevel set to 0 on reset
21:00:04.70   GameInfo::ResetInfo - SyncLevel set to 0 on reset
21:00:04.70   GameInfo::ResetInfo - SyncLevel set to 0 on reset
21:00:04.70   GameInfo::ResetInfo - SyncLevel set to 0 on reset
21:00:04.70   GameInfo::ResetInfo - SyncLevel set to 0 on reset
21:00:04.70   GameInfo::ResetInfo - SyncLevel set to 0 on reset
21:00:04.70   GameInfo::ResetInfo - SyncLevel set to 0 on reset
21:00:04.70   GameInfo::ResetInfo - SyncLevel set to 0 on reset
21:00:04.70   GameInfo::ResetInfo - SyncLevel set to 0 on reset
21:00:04.70   GameInfo::ResetInfo - SyncLevel set to 0 on reset
21:00:04.70   GameInfo::ResetInfo - SyncLevel set to 0 on reset
21:00:04.70   GameInfo::ResetInfo - SyncLevel set to 0 on reset
21:00:04.70   GameInfo::ResetInfo - SyncLevel set to 0 on reset
21:00:04.70   GameInfo::ResetInfo - SyncLevel set to 0 on reset
21:00:04.70   GameInfo::ResetInfo - SyncLevel set to 0 on reset
21:00:04.70   GameInfo::ResetInfo - SyncLevel set to 0 on reset
21:00:04.70   GameInfo::ResetInfo - SyncLevel set to 0 on reset
21:00:04.70   GameInfo::ResetInfo - SyncLevel set to 0 on reset
21:00:04.70   GameInfo::ResetInfo - SyncLevel set to 0 on reset
21:00:04.70   GameInfo::ResetInfo - SyncLevel set to 0 on reset
21:00:04.70   GameInfo::ResetInfo - SyncLevel set to 0 on reset
21:00:04.70   GameInfo::ResetInfo - SyncLevel set to 0 on reset
21:00:04.71   GameInfo::ResetInfo - SyncLevel set to 0 on reset
21:00:04.71   GameInfo::ResetInfo - SyncLevel set to 0 on reset
21:00:04.71   GameInfo::ResetInfo - SyncLevel set to 0 on reset
21:00:04.71   GameInfo::ResetInfo - SyncLevel set to 0 on reset
21:00:04.71   GameInfo::ResetInfo - SyncLevel set to 0 on reset
21:00:04.71   GameInfo::ResetInfo - SyncLevel set to 0 on reset
21:00:04.71   GameInfo::ResetInfo - SyncLevel set to 0 on reset
21:00:04.71   GameInfo::ResetInfo - SyncLevel set to 0 on reset
21:00:04.71   GameInfo::ResetInfo - SyncLevel set to 0 on reset
21:00:04.71   GameInfo::ResetInfo - SyncLevel set to 0 on reset
21:00:04.71   GameInfo::ResetInfo - SyncLevel set to 0 on reset
21:00:04.71   GameInfo::ResetInfo - SyncLevel set to 0 on reset
21:00:04.71   GameInfo::ResetInfo - SyncLevel set to 0 on reset
21:00:04.71   GameInfo::ResetInfo - SyncLevel set to 0 on reset
21:00:04.71   GameInfo::ResetInfo - SyncLevel set to 0 on reset
21:00:04.71   GameInfo::ResetInfo - SyncLevel set to 0 on reset
21:00:04.71   GameInfo::ResetInfo - SyncLevel set to 0 on reset
21:00:04.71   GameInfo::ResetInfo - SyncLevel set to 0 on reset
21:00:04.71   GameInfo::ResetInfo - SyncLevel set to 0 on reset
21:00:04.71   GameInfo::ResetInfo - SyncLevel set to 0 on reset
21:00:04.71   GameInfo::ResetInfo - SyncLevel set to 0 on reset
21:00:04.71   GameInfo::ResetInfo - SyncLevel set to 0 on reset
21:00:04.71   GameInfo::ResetInfo - SyncLevel set to 0 on reset
21:00:04.71   GameInfo::ResetInfo - SyncLevel set to 0 on reset
21:00:04.71   GameInfo::ResetInfo - SyncLevel set to 0 on reset
21:00:04.71   GameInfo::ResetInfo - SyncLevel set to 0 on reset
21:00:04.71   GameInfo::ResetInfo - SyncLevel set to 0 on reset
21:00:04.72   GameInfo::ResetInfo - SyncLevel set to 0 on reset
21:00:04.72   GameInfo::ResetInfo - SyncLevel set to 0 on reset
21:00:04.72   GameInfo::ResetInfo - SyncLevel set to 0 on reset
21:00:04.72   GameInfo::ResetInfo - SyncLevel set to 0 on reset
21:00:04.72   GameInfo::ResetInfo - SyncLevel set to 0 on reset
21:00:04.72   GameInfo::ResetInfo - SyncLevel set to 0 on reset
21:00:04.72   GameInfo::ResetInfo - SyncLevel set to 0 on reset
21:00:04.72   GameInfo::ResetInfo - SyncLevel set to 0 on reset
21:00:04.72   GameInfo::ResetInfo - SyncLevel set to 0 on reset
21:00:04.72   GameInfo::ResetInfo - SyncLevel set to 0 on reset
21:00:04.72   GameInfo::ResetInfo - SyncLevel set to 0 on reset
21:00:04.72   GameInfo::ResetInfo - SyncLevel set to 0 on reset
21:00:04.72   GameInfo::ResetInfo - SyncLevel set to 0 on reset
21:00:04.72   GameInfo::ResetInfo - SyncLevel set to 0 on reset
21:00:04.72   GameInfo::ResetInfo - SyncLevel set to 0 on reset
21:00:04.72   GameInfo::ResetInfo - SyncLevel set to 0 on reset
21:00:04.72   GameInfo::ResetInfo - SyncLevel set to 0 on reset
21:00:04.72   GameInfo::ResetInfo - SyncLevel set to 0 on reset
21:00:04.72   GameInfo::ResetInfo - SyncLevel set to 0 on reset
21:00:04.72   GameInfo::ResetInfo - SyncLevel set to 0 on reset
21:00:04.72   GameInfo::ResetInfo - SyncLevel set to 0 on reset
21:00:04.72   GameInfo::ResetInfo - SyncLevel set to 0 on reset
21:00:04.72   GameInfo::ResetInfo - SyncLevel set to 0 on reset
21:00:04.72   GameInfo::ResetInfo - SyncLevel set to 0 on reset
21:00:04.72   GameInfo::ResetInfo - SyncLevel set to 0 on reset
21:00:04.72   GameInfo::ResetInfo - SyncLevel set to 0 on reset
21:00:04.72   GameInfo::ResetInfo - SyncLevel set to 0 on reset
21:00:04.73   GameInfo::ResetInfo - SyncLevel set to 0 on reset
21:00:04.73   GameInfo::ResetInfo - SyncLevel set to 0 on reset
21:00:04.73   GameInfo::ResetInfo - SyncLevel set to 0 on reset
21:00:04.73   GameInfo::ResetInfo - SyncLevel set to 0 on reset
21:00:04.73   GameInfo::ResetInfo - SyncLevel set to 0 on reset
21:00:04.73   GameInfo::ResetInfo - SyncLevel set to 0 on reset
21:00:04.73   GameInfo::ResetInfo - SyncLevel set to 0 on reset
21:00:04.73   GameInfo::ResetInfo - SyncLevel set to 0 on reset
21:00:04.73   GameInfo::ResetInfo - SyncLevel set to 0 on reset
21:00:04.73   GameInfo::ResetInfo - SyncLevel set to 0 on reset
21:00:04.73   GameInfo::ResetInfo - SyncLevel set to 0 on reset
21:00:04.73   GameInfo::ResetInfo - SyncLevel set to 0 on reset
21:00:04.73   GameInfo::ResetInfo - SyncLevel set to 0 on reset
21:00:04.73   GameInfo::ResetInfo - SyncLevel set to 0 on reset
21:00:04.73   GameInfo::ResetInfo - SyncLevel set to 0 on reset
21:00:04.73   GameInfo::ResetInfo - SyncLevel set to 0 on reset
21:00:04.73   GameInfo::ResetInfo - SyncLevel set to 0 on reset
21:00:04.73   GameInfo::ResetInfo - SyncLevel set to 0 on reset
21:00:04.73   GameInfo::ResetInfo - SyncLevel set to 0 on reset
21:00:04.73   GameInfo::ResetInfo - SyncLevel set to 0 on reset
21:00:04.73   GameInfo::ResetInfo - SyncLevel set to 0 on reset
21:00:04.74   GameInfo::ResetInfo - SyncLevel set to 0 on reset
21:00:04.74   GameInfo::ResetInfo - SyncLevel set to 0 on reset
21:00:04.74   GameInfo::ResetInfo - SyncLevel set to 0 on reset
21:00:04.74   GameInfo::ResetInfo - SyncLevel set to 0 on reset
21:00:04.74   GameInfo::ResetInfo - SyncLevel set to 0 on reset
21:00:04.74   GameInfo::ResetInfo - SyncLevel set to 0 on reset
21:00:04.74   GameInfo::ResetInfo - SyncLevel set to 0 on reset
21:00:04.74   GameInfo::ResetInfo - SyncLevel set to 0 on reset
21:00:04.74   GameInfo::ResetInfo - SyncLevel set to 0 on reset
21:00:04.74   GameInfo::ResetInfo - SyncLevel set to 0 on reset
21:00:04.74   GameInfo::ResetInfo - SyncLevel set to 0 on reset
21:00:04.74   GameInfo::ResetInfo - SyncLevel set to 0 on reset
21:00:04.74   GameInfo::ResetInfo - SyncLevel set to 0 on reset
21:00:04.74   GameInfo::ResetInfo - SyncLevel set to 0 on reset
21:00:04.74   GameInfo::ResetInfo - SyncLevel set to 0 on reset
21:00:04.74   GameInfo::ResetInfo - SyncLevel set to 0 on reset
21:00:04.74   GameInfo::ResetInfo - SyncLevel set to 0 on reset
21:00:04.74   GameInfo::ResetInfo - SyncLevel set to 0 on reset
21:00:04.74   GameInfo::ResetInfo - SyncLevel set to 0 on reset
21:00:04.74   GameInfo::ResetInfo - SyncLevel set to 0 on reset
21:00:04.74   GameInfo::ResetInfo - SyncLevel set to 0 on reset
21:00:04.74   GameInfo::ResetInfo - SyncLevel set to 0 on reset
21:00:04.74   GameInfo::ResetInfo - SyncLevel set to 0 on reset
21:00:04.74   GAME -- Error reading header for recorded game PLAYBACK:6p_close_river_combat.2018-01-28.00-37-43.rec
21:00:04.74   GameInfo::ResetInfo - SyncLevel set to 0 on reset
21:00:04.74   GameInfo::ResetInfo - SyncLevel set to 0 on reset
21:00:04.74   GAME -- Error reading header for recorded game PLAYBACK:6p_close_river_combat.2018-01-31.23-35-59.rec
21:00:04.74   GameInfo::ResetInfo - SyncLevel set to 0 on reset
21:00:04.74   GameInfo::ResetInfo - SyncLevel set to 0 on reset
21:00:04.74   GameInfo::ResetInfo - SyncLevel set to 0 on reset
21:00:04.74   GameInfo::ResetInfo - SyncLevel set to 0 on reset
21:00:04.74   GameInfo::ResetInfo - SyncLevel set to 0 on reset
21:00:04.74   GameInfo::ResetInfo - SyncLevel set to 0 on reset
21:00:04.74   GameInfo::ResetInfo - SyncLevel set to 0 on reset
21:00:04.74   GameInfo::ResetInfo - SyncLevel set to 0 on reset
21:00:04.74   GameInfo::ResetInfo - SyncLevel set to 0 on reset
21:00:04.75   GameInfo::ResetInfo - SyncLevel set to 0 on reset
21:00:04.75   GameInfo::ResetInfo - SyncLevel set to 0 on reset
21:00:04.75   GameInfo::ResetInfo - SyncLevel set to 0 on reset
21:00:04.75   GameInfo::ResetInfo - SyncLevel set to 0 on reset
21:00:04.75   GameInfo::ResetInfo - SyncLevel set to 0 on reset
21:00:04.75   GameInfo::ResetInfo - SyncLevel set to 0 on reset
21:00:04.75   GameInfo::ResetInfo - SyncLevel set to 0 on reset
21:00:04.75   GameInfo::ResetInfo - SyncLevel set to 0 on reset
21:00:04.75   GameInfo::ResetInfo - SyncLevel set to 0 on reset
21:00:04.75   GameInfo::ResetInfo - SyncLevel set to 0 on reset
21:00:04.75   GameInfo::ResetInfo - SyncLevel set to 0 on reset
21:00:04.75   GameInfo::ResetInfo - SyncLevel set to 0 on reset
21:00:04.75   GameInfo::ResetInfo - SyncLevel set to 0 on reset
21:00:04.75   GameInfo::ResetInfo - SyncLevel set to 0 on reset
21:00:04.75   GameInfo::ResetInfo - SyncLevel set to 0 on reset
21:00:04.75   GameInfo::ResetInfo - SyncLevel set to 0 on reset
21:00:04.75   GameInfo::ResetInfo - SyncLevel set to 0 on reset
21:00:04.75   GameInfo::ResetInfo - SyncLevel set to 0 on reset
21:00:04.75   GameInfo::ResetInfo - SyncLevel set to 0 on reset
21:00:04.75   GameInfo::ResetInfo - SyncLevel set to 0 on reset
21:00:04.75   GameInfo::ResetInfo - SyncLevel set to 0 on reset
21:00:04.75   GameInfo::ResetInfo - SyncLevel set to 0 on reset
21:00:04.75   GameInfo::ResetInfo - SyncLevel set to 0 on reset
21:00:04.75   GameInfo::ResetInfo - SyncLevel set to 0 on reset
21:00:04.75   GameInfo::ResetInfo - SyncLevel set to 0 on reset
21:00:04.75   GameInfo::ResetInfo - SyncLevel set to 0 on reset
21:00:04.75   GameInfo::ResetInfo - SyncLevel set to 0 on reset
21:00:04.75   GameInfo::ResetInfo - SyncLevel set to 0 on reset
21:00:04.75   GameInfo::ResetInfo - SyncLevel set to 0 on reset
21:00:04.75   GameInfo::ResetInfo - SyncLevel set to 0 on reset
21:00:04.76   GameInfo::ResetInfo - SyncLevel set to 0 on reset
21:00:04.76   GameInfo::ResetInfo - SyncLevel set to 0 on reset
21:00:04.76   GameInfo::ResetInfo - SyncLevel set to 0 on reset
21:00:04.76   GameInfo::ResetInfo - SyncLevel set to 0 on reset
21:00:04.76   GameInfo::ResetInfo - SyncLevel set to 0 on reset
21:00:04.76   GameInfo::ResetInfo - SyncLevel set to 0 on reset
21:00:04.76   GameInfo::ResetInfo - SyncLevel set to 0 on reset
21:00:04.76   GameInfo::ResetInfo - SyncLevel set to 0 on reset
21:00:04.76   GameInfo::ResetInfo - SyncLevel set to 0 on reset
21:00:04.76   GameInfo::ResetInfo - SyncLevel set to 0 on reset
21:00:04.76   GameInfo::ResetInfo - SyncLevel set to 0 on reset
21:00:04.76   GameInfo::ResetInfo - SyncLevel set to 0 on reset
21:00:04.76   GameInfo::ResetInfo - SyncLevel set to 0 on reset
21:00:04.76   GameInfo::ResetInfo - SyncLevel set to 0 on reset
21:00:04.76   GameInfo::ResetInfo - SyncLevel set to 0 on reset
21:00:04.76   GameInfo::ResetInfo - SyncLevel set to 0 on reset
21:00:04.76   GameInfo::ResetInfo - SyncLevel set to 0 on reset
21:00:04.76   GameInfo::ResetInfo - SyncLevel set to 0 on reset
21:00:04.76   GameInfo::ResetInfo - SyncLevel set to 0 on reset
21:00:04.76   GameInfo::ResetInfo - SyncLevel set to 0 on reset
21:00:04.76   GameInfo::ResetInfo - SyncLevel set to 0 on reset
21:00:04.76   GameInfo::ResetInfo - SyncLevel set to 0 on reset
21:00:04.76   GameInfo::ResetInfo - SyncLevel set to 0 on reset
21:00:04.76   GameInfo::ResetInfo - SyncLevel set to 0 on reset
21:00:04.76   GameInfo::ResetInfo - SyncLevel set to 0 on reset
21:00:04.76   GameInfo::ResetInfo - SyncLevel set to 0 on reset
21:00:04.76   GameInfo::ResetInfo - SyncLevel set to 0 on reset
21:00:04.77   GameInfo::ResetInfo - SyncLevel set to 0 on reset
21:00:04.77   GameInfo::ResetInfo - SyncLevel set to 0 on reset
21:00:04.77   GameInfo::ResetInfo - SyncLevel set to 0 on reset
21:00:04.77   GameInfo::ResetInfo - SyncLevel set to 0 on reset
21:00:04.77   GameInfo::ResetInfo - SyncLevel set to 0 on reset
21:00:04.77   GameInfo::ResetInfo - SyncLevel set to 0 on reset
21:00:04.77   GameInfo::ResetInfo - SyncLevel set to 0 on reset
21:00:04.77   GameInfo::ResetInfo - SyncLevel set to 0 on reset
21:00:04.77   GameInfo::ResetInfo - SyncLevel set to 0 on reset
21:00:04.77   GameInfo::ResetInfo - SyncLevel set to 0 on reset
21:00:04.77   GameInfo::ResetInfo - SyncLevel set to 0 on reset
21:00:04.77   GameInfo::ResetInfo - SyncLevel set to 0 on reset
21:00:04.77   GameInfo::ResetInfo - SyncLevel set to 0 on reset
21:00:04.77   GameInfo::ResetInfo - SyncLevel set to 0 on reset
21:00:04.77   GameInfo::ResetInfo - SyncLevel set to 0 on reset
21:00:04.77   GameInfo::ResetInfo - SyncLevel set to 0 on reset
21:00:04.77   GameInfo::ResetInfo - SyncLevel set to 0 on reset
21:00:04.77   GameInfo::ResetInfo - SyncLevel set to 0 on reset
21:00:04.77   GameInfo::ResetInfo - SyncLevel set to 0 on reset
21:00:04.77   GameInfo::ResetInfo - SyncLevel set to 0 on reset
21:00:04.77   GameInfo::ResetInfo - SyncLevel set to 0 on reset
21:00:04.77   GameInfo::ResetInfo - SyncLevel set to 0 on reset
21:00:04.77   GameInfo::ResetInfo - SyncLevel set to 0 on reset
21:00:04.77   GameInfo::ResetInfo - SyncLevel set to 0 on reset
21:00:04.77   GameInfo::ResetInfo - SyncLevel set to 0 on reset
21:00:04.77   GameInfo::ResetInfo - SyncLevel set to 0 on reset
21:00:04.77   GameInfo::ResetInfo - SyncLevel set to 0 on reset
21:00:04.77   GameInfo::ResetInfo - SyncLevel set to 0 on reset
21:00:04.77   GameInfo::ResetInfo - SyncLevel set to 0 on reset
21:00:04.77   GameInfo::ResetInfo - SyncLevel set to 0 on reset
21:00:04.77   GameInfo::ResetInfo - SyncLevel set to 0 on reset
21:00:04.77   GameInfo::ResetInfo - SyncLevel set to 0 on reset
21:00:04.77   GameInfo::ResetInfo - SyncLevel set to 0 on reset
21:00:04.78   GameInfo::ResetInfo - SyncLevel set to 0 on reset
21:00:04.78   GameInfo::ResetInfo - SyncLevel set to 0 on reset
21:00:04.78   GameInfo::ResetInfo - SyncLevel set to 0 on reset
21:00:04.78   GameInfo::ResetInfo - SyncLevel set to 0 on reset
21:00:04.78   GameInfo::ResetInfo - SyncLevel set to 0 on reset
21:00:04.78   GameInfo::ResetInfo - SyncLevel set to 0 on reset
21:00:04.78   GameInfo::ResetInfo - SyncLevel set to 0 on reset
21:00:04.78   GameInfo::ResetInfo - SyncLevel set to 0 on reset
21:00:04.78   GameInfo::ResetInfo - SyncLevel set to 0 on reset
21:00:04.78   GameInfo::ResetInfo - SyncLevel set to 0 on reset
21:00:04.78   GameInfo::ResetInfo - SyncLevel set to 0 on reset
21:00:04.78   GameInfo::ResetInfo - SyncLevel set to 0 on reset
21:00:04.78   GameInfo::ResetInfo - SyncLevel set to 0 on reset
21:00:04.78   GameInfo::ResetInfo - SyncLevel set to 0 on reset
21:00:04.78   GameInfo::ResetInfo - SyncLevel set to 0 on reset
21:00:04.78   GameInfo::ResetInfo - SyncLevel set to 0 on reset
21:00:04.78   GameInfo::ResetInfo - SyncLevel set to 0 on reset
21:00:04.78   GameInfo::ResetInfo - SyncLevel set to 0 on reset
21:00:04.78   GameInfo::ResetInfo - SyncLevel set to 0 on reset
21:00:04.78   GameInfo::ResetInfo - SyncLevel set to 0 on reset
21:00:04.78   GameInfo::ResetInfo - SyncLevel set to 0 on reset
21:00:04.78   GameInfo::ResetInfo - SyncLevel set to 0 on reset
21:00:04.78   GameInfo::ResetInfo - SyncLevel set to 0 on reset
21:00:04.78   GameInfo::ResetInfo - SyncLevel set to 0 on reset
21:00:04.78   GameInfo::ResetInfo - SyncLevel set to 0 on reset
21:00:04.78   GameInfo::ResetInfo - SyncLevel set to 0 on reset
21:00:04.78   GameInfo::ResetInfo - SyncLevel set to 0 on reset
21:00:04.78   GameInfo::ResetInfo - SyncLevel set to 0 on reset
21:00:04.79   GameInfo::ResetInfo - SyncLevel set to 0 on reset
21:00:04.79   GameInfo::ResetInfo - SyncLevel set to 0 on reset
21:00:04.79   GameInfo::ResetInfo - SyncLevel set to 0 on reset
21:00:04.79   GameInfo::ResetInfo - SyncLevel set to 0 on reset
21:00:04.79   GameInfo::ResetInfo - SyncLevel set to 0 on reset
21:00:04.79   GameInfo::ResetInfo - SyncLevel set to 0 on reset
21:00:04.79   GameInfo::ResetInfo - SyncLevel set to 0 on reset
21:00:04.79   GameInfo::ResetInfo - SyncLevel set to 0 on reset
21:00:04.79   GameInfo::ResetInfo - SyncLevel set to 0 on reset
21:00:04.79   GameInfo::ResetInfo - SyncLevel set to 0 on reset
21:00:04.79   GameInfo::ResetInfo - SyncLevel set to 0 on reset
21:00:04.79   GameInfo::ResetInfo - SyncLevel set to 0 on reset
21:00:04.79   GameInfo::ResetInfo - SyncLevel set to 0 on reset
21:00:04.79   GameInfo::ResetInfo - SyncLevel set to 0 on reset
21:00:04.79   GameInfo::ResetInfo - SyncLevel set to 0 on reset
21:00:04.79   GameInfo::ResetInfo - SyncLevel set to 0 on reset
21:00:04.79   GameInfo::ResetInfo - SyncLevel set to 0 on reset
21:00:04.79   GameInfo::ResetInfo - SyncLevel set to 0 on reset
21:00:04.79   GameInfo::ResetInfo - SyncLevel set to 0 on reset
21:00:04.79   GameInfo::ResetInfo - SyncLevel set to 0 on reset
21:00:04.79   GameInfo::ResetInfo - SyncLevel set to 0 on reset
21:00:04.79   GameInfo::ResetInfo - SyncLevel set to 0 on reset
21:00:04.80   GameInfo::ResetInfo - SyncLevel set to 0 on reset
21:00:04.80   GameInfo::ResetInfo - SyncLevel set to 0 on reset
21:00:04.80   GameInfo::ResetInfo - SyncLevel set to 0 on reset
21:00:04.80   GameInfo::ResetInfo - SyncLevel set to 0 on reset
21:00:04.80   GameInfo::ResetInfo - SyncLevel set to 0 on reset
21:00:04.80   GameInfo::ResetInfo - SyncLevel set to 0 on reset
21:00:04.80   GameInfo::ResetInfo - SyncLevel set to 0 on reset
21:00:04.80   GameInfo::ResetInfo - SyncLevel set to 0 on reset
21:00:04.80   GameInfo::ResetInfo - SyncLevel set to 0 on reset
21:00:04.80   GameInfo::ResetInfo - SyncLevel set to 0 on reset
21:00:04.80   GameInfo::ResetInfo - SyncLevel set to 0 on reset
21:00:04.80   GameInfo::ResetInfo - SyncLevel set to 0 on reset
21:00:04.80   GameInfo::ResetInfo - SyncLevel set to 0 on reset
21:00:04.80   GameInfo::ResetInfo - SyncLevel set to 0 on reset
21:00:04.80   GameInfo::ResetInfo - SyncLevel set to 0 on reset
21:00:04.80   GameInfo::ResetInfo - SyncLevel set to 0 on reset
21:00:04.80   GameInfo::ResetInfo - SyncLevel set to 0 on reset
21:00:04.80   GameInfo::ResetInfo - SyncLevel set to 0 on reset
21:00:04.80   GameInfo::ResetInfo - SyncLevel set to 0 on reset
21:00:04.80   GameInfo::ResetInfo - SyncLevel set to 0 on reset
21:00:04.80   GameInfo::ResetInfo - SyncLevel set to 0 on reset
21:00:04.80   GameInfo::ResetInfo - SyncLevel set to 0 on reset
21:00:04.80   GameInfo::ResetInfo - SyncLevel set to 0 on reset
21:00:04.80   GameInfo::ResetInfo - SyncLevel set to 0 on reset
21:00:04.80   GameInfo::ResetInfo - SyncLevel set to 0 on reset
21:00:04.80   GameInfo::ResetInfo - SyncLevel set to 0 on reset
21:00:04.80   GameInfo::ResetInfo - SyncLevel set to 0 on reset
21:00:04.80   GameInfo::ResetInfo - SyncLevel set to 0 on reset
21:00:04.80   GameInfo::ResetInfo - SyncLevel set to 0 on reset
21:00:04.80   GameInfo::ResetInfo - SyncLevel set to 0 on reset
21:00:04.80   GameInfo::ResetInfo - SyncLevel set to 0 on reset
21:00:04.81   GameInfo::ResetInfo - SyncLevel set to 0 on reset
21:00:04.81   GameInfo::ResetInfo - SyncLevel set to 0 on reset
21:00:04.81   GameInfo::ResetInfo - SyncLevel set to 0 on reset
21:00:04.81   GameInfo::ResetInfo - SyncLevel set to 0 on reset
21:00:04.81   GameInfo::ResetInfo - SyncLevel set to 0 on reset
21:00:04.81   GameInfo::ResetInfo - SyncLevel set to 0 on reset
21:00:04.81   GameInfo::ResetInfo - SyncLevel set to 0 on reset
21:00:04.81   GameInfo::ResetInfo - SyncLevel set to 0 on reset
21:00:04.81   GameInfo::ResetInfo - SyncLevel set to 0 on reset
21:00:04.81   GameInfo::ResetInfo - SyncLevel set to 0 on reset
21:00:04.81   GameInfo::ResetInfo - SyncLevel set to 0 on reset
21:00:04.81   GameInfo::ResetInfo - SyncLevel set to 0 on reset
21:00:04.81   GameInfo::ResetInfo - SyncLevel set to 0 on reset
21:00:04.81   GameInfo::ResetInfo - SyncLevel set to 0 on reset
21:00:04.81   GameInfo::ResetInfo - SyncLevel set to 0 on reset
21:00:04.81   GameInfo::ResetInfo - SyncLevel set to 0 on reset
21:00:04.81   GameInfo::ResetInfo - SyncLevel set to 0 on reset
21:00:04.81   GameInfo::ResetInfo - SyncLevel set to 0 on reset
21:00:04.81   GameInfo::ResetInfo - SyncLevel set to 0 on reset
21:00:04.81   GameInfo::ResetInfo - SyncLevel set to 0 on reset
21:00:04.81   GameInfo::ResetInfo - SyncLevel set to 0 on reset
21:00:04.81   GameInfo::ResetInfo - SyncLevel set to 0 on reset
21:00:04.81   GameInfo::ResetInfo - SyncLevel set to 0 on reset
21:00:04.81   GameInfo::ResetInfo - SyncLevel set to 0 on reset
21:00:04.81   GameInfo::ResetInfo - SyncLevel set to 0 on reset
21:00:04.81   GameInfo::ResetInfo - SyncLevel set to 0 on reset
21:00:04.81   GameInfo::ResetInfo - SyncLevel set to 0 on reset
21:00:04.81   GameInfo::ResetInfo - SyncLevel set to 0 on reset
21:00:04.81   GameInfo::ResetInfo - SyncLevel set to 0 on reset
21:00:04.81   GameInfo::ResetInfo - SyncLevel set to 0 on reset
21:00:04.82   GameInfo::ResetInfo - SyncLevel set to 0 on reset
21:00:04.82   GameInfo::ResetInfo - SyncLevel set to 0 on reset
21:00:04.82   GameInfo::ResetInfo - SyncLevel set to 0 on reset
21:00:04.82   GameInfo::ResetInfo - SyncLevel set to 0 on reset
21:00:04.82   GameInfo::ResetInfo - SyncLevel set to 0 on reset
21:00:04.82   GameInfo::ResetInfo - SyncLevel set to 0 on reset
21:00:04.82   GameInfo::ResetInfo - SyncLevel set to 0 on reset
21:00:04.82   GameInfo::ResetInfo - SyncLevel set to 0 on reset
21:00:04.82   GameInfo::ResetInfo - SyncLevel set to 0 on reset
21:00:04.82   GameInfo::ResetInfo - SyncLevel set to 0 on reset
21:00:04.82   GameInfo::ResetInfo - SyncLevel set to 0 on reset
21:00:04.82   GameInfo::ResetInfo - SyncLevel set to 0 on reset
21:00:04.82   GameInfo::ResetInfo - SyncLevel set to 0 on reset
21:00:04.82   GameInfo::ResetInfo - SyncLevel set to 0 on reset
21:00:04.82   GameInfo::ResetInfo - SyncLevel set to 0 on reset
21:00:04.82   GameInfo::ResetInfo - SyncLevel set to 0 on reset
21:00:04.82   GameInfo::ResetInfo - SyncLevel set to 0 on reset
21:00:04.82   GameInfo::ResetInfo - SyncLevel set to 0 on reset
21:00:04.82   GameInfo::ResetInfo - SyncLevel set to 0 on reset
21:00:04.82   GameInfo::ResetInfo - SyncLevel set to 0 on reset
21:00:04.82   GameInfo::ResetInfo - SyncLevel set to 0 on reset
21:00:04.82   GameInfo::ResetInfo - SyncLevel set to 0 on reset
21:00:04.82   GameInfo::ResetInfo - SyncLevel set to 0 on reset
21:00:04.82   GameInfo::ResetInfo - SyncLevel set to 0 on reset
21:00:04.83   GameInfo::ResetInfo - SyncLevel set to 0 on reset
21:00:04.83   GameInfo::ResetInfo - SyncLevel set to 0 on reset
21:00:04.83   GameInfo::ResetInfo - SyncLevel set to 0 on reset
21:00:04.83   GameInfo::ResetInfo - SyncLevel set to 0 on reset
21:00:04.83   GameInfo::ResetInfo - SyncLevel set to 0 on reset
21:00:04.83   GameInfo::ResetInfo - SyncLevel set to 0 on reset
21:00:04.83   GameInfo::ResetInfo - SyncLevel set to 0 on reset
21:00:04.83   GameInfo::ResetInfo - SyncLevel set to 0 on reset
21:00:04.83   GameInfo::ResetInfo - SyncLevel set to 0 on reset
21:00:04.83   GameInfo::ResetInfo - SyncLevel set to 0 on reset
21:00:04.83   GameInfo::ResetInfo - SyncLevel set to 0 on reset
21:00:04.83   GameInfo::ResetInfo - SyncLevel set to 0 on reset
21:00:04.83   GameInfo::ResetInfo - SyncLevel set to 0 on reset
21:00:04.83   GameInfo::ResetInfo - SyncLevel set to 0 on reset
21:00:04.83   GameInfo::ResetInfo - SyncLevel set to 0 on reset
21:00:04.83   GameInfo::ResetInfo - SyncLevel set to 0 on reset
21:00:04.83   GameInfo::ResetInfo - SyncLevel set to 0 on reset
21:00:04.83   GameInfo::ResetInfo - SyncLevel set to 0 on reset
21:00:04.83   GameInfo::ResetInfo - SyncLevel set to 0 on reset
21:00:04.83   GameInfo::ResetInfo - SyncLevel set to 0 on reset
21:00:04.83   GameInfo::ResetInfo - SyncLevel set to 0 on reset
21:00:04.83   GameInfo::ResetInfo - SyncLevel set to 0 on reset
21:00:04.83   GameInfo::ResetInfo - SyncLevel set to 0 on reset
21:00:04.83   GameInfo::ResetInfo - SyncLevel set to 0 on reset
21:00:04.83   GameInfo::ResetInfo - SyncLevel set to 0 on reset
21:00:04.83   GameInfo::ResetInfo - SyncLevel set to 0 on reset
21:00:04.83   GameInfo::ResetInfo - SyncLevel set to 0 on reset
21:00:04.83   GameInfo::ResetInfo - SyncLevel set to 0 on reset
21:00:04.83   GameInfo::ResetInfo - SyncLevel set to 0 on reset
21:00:04.83   GameInfo::ResetInfo - SyncLevel set to 0 on reset
21:00:04.84   GameInfo::ResetInfo - SyncLevel set to 0 on reset
21:00:04.84   GameInfo::ResetInfo - SyncLevel set to 0 on reset
21:00:04.84   GameInfo::ResetInfo - SyncLevel set to 0 on reset
21:00:04.84   GameInfo::ResetInfo - SyncLevel set to 0 on reset
21:00:04.84   GameInfo::ResetInfo - SyncLevel set to 0 on reset
21:00:04.84   GameInfo::ResetInfo - SyncLevel set to 0 on reset
21:00:04.84   GAME -- Error reading header for recorded game PLAYBACK:8P SEMOIS REMASTERED 07.2021-03-27.02-50-45.rec
21:00:04.84   GameInfo::ResetInfo - SyncLevel set to 0 on reset
21:00:04.84   GameInfo::ResetInfo - SyncLevel set to 0 on reset
21:00:04.84   GameInfo::ResetInfo - SyncLevel set to 0 on reset
21:00:04.84   GAME -- Error reading header for recorded game PLAYBACK:8P SEMOIS REMASTERED 07.2021-03-27.03-39-59.rec
21:00:04.84   GameInfo::ResetInfo - SyncLevel set to 0 on reset
21:00:04.84   GameInfo::ResetInfo - SyncLevel set to 0 on reset
21:00:04.84   GameInfo::ResetInfo - SyncLevel set to 0 on reset
21:00:04.84   GAME -- Error reading header for recorded game PLAYBACK:8P SEMOIS REMASTERED 07.2021-03-31.03-23-44.rec
21:00:04.84   GameInfo::ResetInfo - SyncLevel set to 0 on reset
21:00:04.84   GameInfo::ResetInfo - SyncLevel set to 0 on reset
21:00:04.84   GameInfo::ResetInfo - SyncLevel set to 0 on reset
21:00:04.84   GAME -- Error reading header for recorded game PLAYBACK:8P SEMOIS REMASTERED 07.2021-04-28.02-52-08.rec
21:00:04.84   GameInfo::ResetInfo - SyncLevel set to 0 on reset
21:00:04.84   GameInfo::ResetInfo - SyncLevel set to 0 on reset
21:00:04.84   GameInfo::ResetInfo - SyncLevel set to 0 on reset
21:00:04.84   GAME -- Error reading header for recorded game PLAYBACK:8P_CLOSE_RIVER_COMBAT.2018-01-08.20-06-29.rec
21:00:04.84   GameInfo::ResetInfo - SyncLevel set to 0 on reset
21:00:04.84   GameInfo::ResetInfo - SyncLevel set to 0 on reset
21:00:04.84   GameInfo::ResetInfo - SyncLevel set to 0 on reset
21:00:04.84   GameInfo::ResetInfo - SyncLevel set to 0 on reset
21:00:04.84   GameInfo::ResetInfo - SyncLevel set to 0 on reset
21:00:04.84   GameInfo::ResetInfo - SyncLevel set to 0 on reset
21:00:04.84   GameInfo::ResetInfo - SyncLevel set to 0 on reset
21:00:04.84   GameInfo::ResetInfo - SyncLevel set to 0 on reset
21:00:04.84   GameInfo::ResetInfo - SyncLevel set to 0 on reset
21:00:04.85   GameInfo::ResetInfo - SyncLevel set to 0 on reset
21:00:04.85   GameInfo::ResetInfo - SyncLevel set to 0 on reset
21:00:04.85   GameInfo::ResetInfo - SyncLevel set to 0 on reset
21:00:04.85   GameInfo::ResetInfo - SyncLevel set to 0 on reset
21:00:04.85   GameInfo::ResetInfo - SyncLevel set to 0 on reset
21:00:04.85   GameInfo::ResetInfo - SyncLevel set to 0 on reset
21:00:04.85   GameInfo::ResetInfo - SyncLevel set to 0 on reset
21:00:04.85   GameInfo::ResetInfo - SyncLevel set to 0 on reset
21:00:04.85   GameInfo::ResetInfo - SyncLevel set to 0 on reset
21:00:04.85   GameInfo::ResetInfo - SyncLevel set to 0 on reset
21:00:04.85   GameInfo::ResetInfo - SyncLevel set to 0 on reset
21:00:04.85   GameInfo::ResetInfo - SyncLevel set to 0 on reset
21:00:04.85   GameInfo::ResetInfo - SyncLevel set to 0 on reset
21:00:04.85   GameInfo::ResetInfo - SyncLevel set to 0 on reset
21:00:04.85   GameInfo::ResetInfo - SyncLevel set to 0 on reset
21:00:04.85   GameInfo::ResetInfo - SyncLevel set to 0 on reset
21:00:04.85   GameInfo::ResetInfo - SyncLevel set to 0 on reset
21:00:04.85   GameInfo::ResetInfo - SyncLevel set to 0 on reset
21:00:04.85   GameInfo::ResetInfo - SyncLevel set to 0 on reset
21:00:04.85   GameInfo::ResetInfo - SyncLevel set to 0 on reset
21:00:04.85   GameInfo::ResetInfo - SyncLevel set to 0 on reset
21:00:04.85   GameInfo::ResetInfo - SyncLevel set to 0 on reset
21:00:04.85   GameInfo::ResetInfo - SyncLevel set to 0 on reset
21:00:04.85   GameInfo::ResetInfo - SyncLevel set to 0 on reset
21:00:04.85   GameInfo::ResetInfo - SyncLevel set to 0 on reset
21:00:04.85   GameInfo::ResetInfo - SyncLevel set to 0 on reset
21:00:04.86   GameInfo::ResetInfo - SyncLevel set to 0 on reset
21:00:04.86   GameInfo::ResetInfo - SyncLevel set to 0 on reset
21:00:04.86   GameInfo::ResetInfo - SyncLevel set to 0 on reset
21:00:04.86   GameInfo::ResetInfo - SyncLevel set to 0 on reset
21:00:04.86   GameInfo::ResetInfo - SyncLevel set to 0 on reset
21:00:04.86   GameInfo::ResetInfo - SyncLevel set to 0 on reset
21:00:04.86   GameInfo::ResetInfo - SyncLevel set to 0 on reset
21:00:04.86   GameInfo::ResetInfo - SyncLevel set to 0 on reset
21:00:04.86   GameInfo::ResetInfo - SyncLevel set to 0 on reset
21:00:04.86   GameInfo::ResetInfo - SyncLevel set to 0 on reset
21:00:04.86   GameInfo::ResetInfo - SyncLevel set to 0 on reset
21:00:04.86   GameInfo::ResetInfo - SyncLevel set to 0 on reset
21:00:04.86   GameInfo::ResetInfo - SyncLevel set to 0 on reset
21:00:04.86   GameInfo::ResetInfo - SyncLevel set to 0 on reset
21:00:04.86   GameInfo::ResetInfo - SyncLevel set to 0 on reset
21:00:04.86   GameInfo::ResetInfo - SyncLevel set to 0 on reset
21:00:04.86   GameInfo::ResetInfo - SyncLevel set to 0 on reset
21:00:04.86   GameInfo::ResetInfo - SyncLevel set to 0 on reset
21:00:04.86   GameInfo::ResetInfo - SyncLevel set to 0 on reset
21:00:04.86   GameInfo::ResetInfo - SyncLevel set to 0 on reset
21:00:04.86   GameInfo::ResetInfo - SyncLevel set to 0 on reset
21:00:04.86   GameInfo::ResetInfo - SyncLevel set to 0 on reset
21:00:04.86   GameInfo::ResetInfo - SyncLevel set to 0 on reset
21:00:04.86   GameInfo::ResetInfo - SyncLevel set to 0 on reset
21:00:04.86   GameInfo::ResetInfo - SyncLevel set to 0 on reset
21:00:04.86   GameInfo::ResetInfo - SyncLevel set to 0 on reset
21:00:04.87   GameInfo::ResetInfo - SyncLevel set to 0 on reset
21:00:04.87   GameInfo::ResetInfo - SyncLevel set to 0 on reset
21:00:04.87   GameInfo::ResetInfo - SyncLevel set to 0 on reset
21:00:04.87   GameInfo::ResetInfo - SyncLevel set to 0 on reset
21:00:04.87   GameInfo::ResetInfo - SyncLevel set to 0 on reset
21:00:04.87   GameInfo::ResetInfo - SyncLevel set to 0 on reset
21:00:04.87   GameInfo::ResetInfo - SyncLevel set to 0 on reset
21:00:04.87   GameInfo::ResetInfo - SyncLevel set to 0 on reset
21:00:04.87   GameInfo::ResetInfo - SyncLevel set to 0 on reset
21:00:04.87   GameInfo::ResetInfo - SyncLevel set to 0 on reset
21:00:04.87   GameInfo::ResetInfo - SyncLevel set to 0 on reset
21:00:04.87   GameInfo::ResetInfo - SyncLevel set to 0 on reset
21:00:04.87   GameInfo::ResetInfo - SyncLevel set to 0 on reset
21:00:04.87   GameInfo::ResetInfo - SyncLevel set to 0 on reset
21:00:04.87   GameInfo::ResetInfo - SyncLevel set to 0 on reset
21:00:04.87   GameInfo::ResetInfo - SyncLevel set to 0 on reset
21:00:04.87   GameInfo::ResetInfo - SyncLevel set to 0 on reset
21:00:04.87   GameInfo::ResetInfo - SyncLevel set to 0 on reset
21:00:04.87   GameInfo::ResetInfo - SyncLevel set to 0 on reset
21:00:04.87   GameInfo::ResetInfo - SyncLevel set to 0 on reset
21:00:04.88   GameInfo::ResetInfo - SyncLevel set to 0 on reset
21:00:04.88   GameInfo::ResetInfo - SyncLevel set to 0 on reset
21:00:04.88   GameInfo::ResetInfo - SyncLevel set to 0 on reset
21:00:04.88   GameInfo::ResetInfo - SyncLevel set to 0 on reset
21:00:04.88   GameInfo::ResetInfo - SyncLevel set to 0 on reset
21:00:04.88   GameInfo::ResetInfo - SyncLevel set to 0 on reset
21:00:04.88   GameInfo::ResetInfo - SyncLevel set to 0 on reset
21:00:04.88   GameInfo::ResetInfo - SyncLevel set to 0 on reset
21:00:04.88   GameInfo::ResetInfo - SyncLevel set to 0 on reset
21:00:04.88   GameInfo::ResetInfo - SyncLevel set to 0 on reset
21:00:04.88   GameInfo::ResetInfo - SyncLevel set to 0 on reset
21:00:04.88   GameInfo::ResetInfo - SyncLevel set to 0 on reset
21:00:04.88   GameInfo::ResetInfo - SyncLevel set to 0 on reset
21:00:04.88   GameInfo::ResetInfo - SyncLevel set to 0 on reset
21:00:04.88   GameInfo::ResetInfo - SyncLevel set to 0 on reset
21:00:04.88   GameInfo::ResetInfo - SyncLevel set to 0 on reset
21:00:04.88   GameInfo::ResetInfo - SyncLevel set to 0 on reset
21:00:04.88   GameInfo::ResetInfo - SyncLevel set to 0 on reset
21:00:04.88   GameInfo::ResetInfo - SyncLevel set to 0 on reset
21:00:04.88   GameInfo::ResetInfo - SyncLevel set to 0 on reset
21:00:04.88   GameInfo::ResetInfo - SyncLevel set to 0 on reset
21:00:04.88   GameInfo::ResetInfo - SyncLevel set to 0 on reset
21:00:04.88   GameInfo::ResetInfo - SyncLevel set to 0 on reset
21:00:04.88   GameInfo::ResetInfo - SyncLevel set to 0 on reset
21:00:04.88   GameInfo::ResetInfo - SyncLevel set to 0 on reset
21:00:04.88   GameInfo::ResetInfo - SyncLevel set to 0 on reset
21:00:04.88   GameInfo::ResetInfo - SyncLevel set to 0 on reset
21:00:04.89   GameInfo::ResetInfo - SyncLevel set to 0 on reset
21:00:04.89   GameInfo::ResetInfo - SyncLevel set to 0 on reset
21:00:04.89   GameInfo::ResetInfo - SyncLevel set to 0 on reset
21:00:04.89   GameInfo::ResetInfo - SyncLevel set to 0 on reset
21:00:04.89   GameInfo::ResetInfo - SyncLevel set to 0 on reset
21:00:04.89   GameInfo::ResetInfo - SyncLevel set to 0 on reset
21:00:04.89   GameInfo::ResetInfo - SyncLevel set to 0 on reset
21:00:04.89   GameInfo::ResetInfo - SyncLevel set to 0 on reset
21:00:04.89   GameInfo::ResetInfo - SyncLevel set to 0 on reset
21:00:04.89   GameInfo::ResetInfo - SyncLevel set to 0 on reset
21:00:04.89   GameInfo::ResetInfo - SyncLevel set to 0 on reset
21:00:04.89   GameInfo::ResetInfo - SyncLevel set to 0 on reset
21:00:04.89   GameInfo::ResetInfo - SyncLevel set to 0 on reset
21:00:04.89   GameInfo::ResetInfo - SyncLevel set to 0 on reset
21:00:04.89   GameInfo::ResetInfo - SyncLevel set to 0 on reset
21:00:04.89   GameInfo::ResetInfo - SyncLevel set to 0 on reset
21:00:04.89   GameInfo::ResetInfo - SyncLevel set to 0 on reset
21:00:04.89   GameInfo::ResetInfo - SyncLevel set to 0 on reset
21:00:04.89   GameInfo::ResetInfo - SyncLevel set to 0 on reset
21:00:04.89   GameInfo::ResetInfo - SyncLevel set to 0 on reset
21:00:04.89   GameInfo::ResetInfo - SyncLevel set to 0 on reset
21:00:04.89   GameInfo::ResetInfo - SyncLevel set to 0 on reset
21:00:04.89   GameInfo::ResetInfo - SyncLevel set to 0 on reset
21:00:04.89   GameInfo::ResetInfo - SyncLevel set to 0 on reset
21:00:04.89   GameInfo::ResetInfo - SyncLevel set to 0 on reset
21:00:04.89   GameInfo::ResetInfo - SyncLevel set to 0 on reset
21:00:04.89   GameInfo::ResetInfo - SyncLevel set to 0 on reset
21:00:04.90   GameInfo::ResetInfo - SyncLevel set to 0 on reset
21:00:04.90   GameInfo::ResetInfo - SyncLevel set to 0 on reset
21:00:04.90   GameInfo::ResetInfo - SyncLevel set to 0 on reset
21:00:04.90   GameInfo::ResetInfo - SyncLevel set to 0 on reset
21:00:04.90   GameInfo::ResetInfo - SyncLevel set to 0 on reset
21:00:04.90   GameInfo::ResetInfo - SyncLevel set to 0 on reset
21:00:04.90   GameInfo::ResetInfo - SyncLevel set to 0 on reset
21:00:04.90   GameInfo::ResetInfo - SyncLevel set to 0 on reset
21:00:04.90   GameInfo::ResetInfo - SyncLevel set to 0 on reset
21:00:04.90   GameInfo::ResetInfo - SyncLevel set to 0 on reset
21:00:04.90   GameInfo::ResetInfo - SyncLevel set to 0 on reset
21:00:04.90   GameInfo::ResetInfo - SyncLevel set to 0 on reset
21:00:04.90   GameInfo::ResetInfo - SyncLevel set to 0 on reset
21:00:04.90   GameInfo::ResetInfo - SyncLevel set to 0 on reset
21:00:04.90   GameInfo::ResetInfo - SyncLevel set to 0 on reset
21:00:04.90   GameInfo::ResetInfo - SyncLevel set to 0 on reset
21:00:04.90   GameInfo::ResetInfo - SyncLevel set to 0 on reset
21:00:04.90   GameInfo::ResetInfo - SyncLevel set to 0 on reset
21:00:04.90   GameInfo::ResetInfo - SyncLevel set to 0 on reset
21:00:04.90   GameInfo::ResetInfo - SyncLevel set to 0 on reset
21:00:04.90   GameInfo::ResetInfo - SyncLevel set to 0 on reset
21:00:04.90   GameInfo::ResetInfo - SyncLevel set to 0 on reset
21:00:04.90   GameInfo::ResetInfo - SyncLevel set to 0 on reset
21:00:04.91   GameInfo::ResetInfo - SyncLevel set to 0 on reset
21:00:04.91   GameInfo::ResetInfo - SyncLevel set to 0 on reset
21:00:04.91   GameInfo::ResetInfo - SyncLevel set to 0 on reset
21:00:04.91   GameInfo::ResetInfo - SyncLevel set to 0 on reset
21:00:04.91   GameInfo::ResetInfo - SyncLevel set to 0 on reset
21:00:04.91   GameInfo::ResetInfo - SyncLevel set to 0 on reset
21:00:04.91   GameInfo::ResetInfo - SyncLevel set to 0 on reset
21:00:04.91   GameInfo::ResetInfo - SyncLevel set to 0 on reset
21:00:04.91   GameInfo::ResetInfo - SyncLevel set to 0 on reset
21:00:04.91   GameInfo::ResetInfo - SyncLevel set to 0 on reset
21:00:04.91   GameInfo::ResetInfo - SyncLevel set to 0 on reset
21:00:04.91   GameInfo::ResetInfo - SyncLevel set to 0 on reset
21:00:04.91   GameInfo::ResetInfo - SyncLevel set to 0 on reset
21:00:04.91   GameInfo::ResetInfo - SyncLevel set to 0 on reset
21:00:04.91   GameInfo::ResetInfo - SyncLevel set to 0 on reset
21:00:04.91   GameInfo::ResetInfo - SyncLevel set to 0 on reset
21:00:04.91   GameInfo::ResetInfo - SyncLevel set to 0 on reset
21:00:04.91   GameInfo::ResetInfo - SyncLevel set to 0 on reset
21:00:04.91   GameInfo::ResetInfo - SyncLevel set to 0 on reset
21:00:04.91   GameInfo::ResetInfo - SyncLevel set to 0 on reset
21:00:04.91   GameInfo::ResetInfo - SyncLevel set to 0 on reset
21:00:04.91   GameInfo::ResetInfo - SyncLevel set to 0 on reset
21:00:04.91   GameInfo::ResetInfo - SyncLevel set to 0 on reset
21:00:04.91   GameInfo::ResetInfo - SyncLevel set to 0 on reset
21:00:04.91   GameInfo::ResetInfo - SyncLevel set to 0 on reset
21:00:04.92   GameInfo::ResetInfo - SyncLevel set to 0 on reset
21:00:04.92   GameInfo::ResetInfo - SyncLevel set to 0 on reset
21:00:04.92   GameInfo::ResetInfo - SyncLevel set to 0 on reset
21:00:04.92   GameInfo::ResetInfo - SyncLevel set to 0 on reset
21:00:04.92   GameInfo::ResetInfo - SyncLevel set to 0 on reset
21:00:04.92   GameInfo::ResetInfo - SyncLevel set to 0 on reset
21:00:04.92   GameInfo::ResetInfo - SyncLevel set to 0 on reset
21:00:04.92   GameInfo::ResetInfo - SyncLevel set to 0 on reset
21:00:04.92   GameInfo::ResetInfo - SyncLevel set to 0 on reset
21:00:04.92   GameInfo::ResetInfo - SyncLevel set to 0 on reset
21:00:04.92   GameInfo::ResetInfo - SyncLevel set to 0 on reset
21:00:04.92   GameInfo::ResetInfo - SyncLevel set to 0 on reset
21:00:04.92   GameInfo::ResetInfo - SyncLevel set to 0 on reset
21:00:04.92   GameInfo::ResetInfo - SyncLevel set to 0 on reset
21:00:04.92   GameInfo::ResetInfo - SyncLevel set to 0 on reset
21:00:04.92   GameInfo::ResetInfo - SyncLevel set to 0 on reset
21:00:04.92   GameInfo::ResetInfo - SyncLevel set to 0 on reset
21:00:04.92   GameInfo::ResetInfo - SyncLevel set to 0 on reset
21:00:04.92   GameInfo::ResetInfo - SyncLevel set to 0 on reset
21:00:04.92   GameInfo::ResetInfo - SyncLevel set to 0 on reset
21:00:04.92   GameInfo::ResetInfo - SyncLevel set to 0 on reset
21:00:04.92   GameInfo::ResetInfo - SyncLevel set to 0 on reset
21:00:04.92   GameInfo::ResetInfo - SyncLevel set to 0 on reset
21:00:04.92   GameInfo::ResetInfo - SyncLevel set to 0 on reset
21:00:04.93   GameInfo::ResetInfo - SyncLevel set to 0 on reset
21:00:04.93   GameInfo::ResetInfo - SyncLevel set to 0 on reset
21:00:04.93   GameInfo::ResetInfo - SyncLevel set to 0 on reset
21:00:04.93   GameInfo::ResetInfo - SyncLevel set to 0 on reset
21:00:04.93   GameInfo::ResetInfo - SyncLevel set to 0 on reset
21:00:04.93   GameInfo::ResetInfo - SyncLevel set to 0 on reset
21:00:04.93   GameInfo::ResetInfo - SyncLevel set to 0 on reset
21:00:04.93   GameInfo::ResetInfo - SyncLevel set to 0 on reset
21:00:04.93   GameInfo::ResetInfo - SyncLevel set to 0 on reset
21:00:04.93   GameInfo::ResetInfo - SyncLevel set to 0 on reset
21:00:04.93   GameInfo::ResetInfo - SyncLevel set to 0 on reset
21:00:04.93   GameInfo::ResetInfo - SyncLevel set to 0 on reset
21:00:04.93   GameInfo::ResetInfo - SyncLevel set to 0 on reset
21:00:04.93   GameInfo::ResetInfo - SyncLevel set to 0 on reset
21:00:04.93   GameInfo::ResetInfo - SyncLevel set to 0 on reset
21:00:04.93   GameInfo::ResetInfo - SyncLevel set to 0 on reset
21:00:04.93   GameInfo::ResetInfo - SyncLevel set to 0 on reset
21:00:04.94   GameInfo::ResetInfo - SyncLevel set to 0 on reset
21:00:04.94   GameInfo::ResetInfo - SyncLevel set to 0 on reset
21:00:04.94   GameInfo::ResetInfo - SyncLevel set to 0 on reset
21:00:04.94   GameInfo::ResetInfo - SyncLevel set to 0 on reset
21:00:04.94   GameInfo::ResetInfo - SyncLevel set to 0 on reset
21:00:04.94   GameInfo::ResetInfo - SyncLevel set to 0 on reset
21:00:04.94   GameInfo::ResetInfo - SyncLevel set to 0 on reset
21:00:04.94   GameInfo::ResetInfo - SyncLevel set to 0 on reset
21:00:04.94   GameInfo::ResetInfo - SyncLevel set to 0 on reset
21:00:04.94   GameInfo::ResetInfo - SyncLevel set to 0 on reset
21:00:04.94   GameInfo::ResetInfo - SyncLevel set to 0 on reset
21:00:04.94   GameInfo::ResetInfo - SyncLevel set to 0 on reset
21:00:04.94   GameInfo::ResetInfo - SyncLevel set to 0 on reset
21:00:04.94   GameInfo::ResetInfo - SyncLevel set to 0 on reset
21:00:04.94   GameInfo::ResetInfo - SyncLevel set to 0 on reset
21:00:04.94   GameInfo::ResetInfo - SyncLevel set to 0 on reset
21:00:04.94   GameInfo::ResetInfo - SyncLevel set to 0 on reset
21:00:04.94   GameInfo::ResetInfo - SyncLevel set to 0 on reset
21:00:04.94   GameInfo::ResetInfo - SyncLevel set to 0 on reset
21:00:04.94   GameInfo::ResetInfo - SyncLevel set to 0 on reset
21:00:04.94   GameInfo::ResetInfo - SyncLevel set to 0 on reset
21:00:04.94   GameInfo::ResetInfo - SyncLevel set to 0 on reset
21:00:04.94   GameInfo::ResetInfo - SyncLevel set to 0 on reset
21:00:04.94   GameInfo::ResetInfo - SyncLevel set to 0 on reset
21:00:04.94   GameInfo::ResetInfo - SyncLevel set to 0 on reset
21:00:04.95   GameInfo::ResetInfo - SyncLevel set to 0 on reset
21:00:04.95   GameInfo::ResetInfo - SyncLevel set to 0 on reset
21:00:04.95   GameInfo::ResetInfo - SyncLevel set to 0 on reset
21:00:04.95   GameInfo::ResetInfo - SyncLevel set to 0 on reset
21:00:04.95   GameInfo::ResetInfo - SyncLevel set to 0 on reset
21:00:04.95   GameInfo::ResetInfo - SyncLevel set to 0 on reset
21:00:04.95   GameInfo::ResetInfo - SyncLevel set to 0 on reset
21:00:04.95   GameInfo::ResetInfo - SyncLevel set to 0 on reset
21:00:04.95   GameInfo::ResetInfo - SyncLevel set to 0 on reset
21:00:04.95   GameInfo::ResetInfo - SyncLevel set to 0 on reset
21:00:04.95   GameInfo::ResetInfo - SyncLevel set to 0 on reset
21:00:04.95   GameInfo::ResetInfo - SyncLevel set to 0 on reset
21:00:04.95   GameInfo::ResetInfo - SyncLevel set to 0 on reset
21:00:04.95   GameInfo::ResetInfo - SyncLevel set to 0 on reset
21:00:04.95   GameInfo::ResetInfo - SyncLevel set to 0 on reset
21:00:04.95   GameInfo::ResetInfo - SyncLevel set to 0 on reset
21:00:04.95   GameInfo::ResetInfo - SyncLevel set to 0 on reset
21:00:04.95   GameInfo::ResetInfo - SyncLevel set to 0 on reset
21:00:04.95   GameInfo::ResetInfo - SyncLevel set to 0 on reset
21:00:04.95   GameInfo::ResetInfo - SyncLevel set to 0 on reset
21:00:04.95   GameInfo::ResetInfo - SyncLevel set to 0 on reset
21:00:04.95   GameInfo::ResetInfo - SyncLevel set to 0 on reset
21:00:04.95   GameInfo::ResetInfo - SyncLevel set to 0 on reset
21:00:04.95   GameInfo::ResetInfo - SyncLevel set to 0 on reset
21:00:04.95   GameInfo::ResetInfo - SyncLevel set to 0 on reset
21:00:04.95   GameInfo::ResetInfo - SyncLevel set to 0 on reset
21:00:04.95   GameInfo::ResetInfo - SyncLevel set to 0 on reset
21:00:04.95   GameInfo::ResetInfo - SyncLevel set to 0 on reset
21:00:04.95   GameInfo::ResetInfo - SyncLevel set to 0 on reset
21:00:04.95   GameInfo::ResetInfo - SyncLevel set to 0 on reset
21:00:04.96   GameInfo::ResetInfo - SyncLevel set to 0 on reset
21:00:04.96   GameInfo::ResetInfo - SyncLevel set to 0 on reset
21:00:04.96   GameInfo::ResetInfo - SyncLevel set to 0 on reset
21:00:04.96   GameInfo::ResetInfo - SyncLevel set to 0 on reset
21:00:04.96   GameInfo::ResetInfo - SyncLevel set to 0 on reset
21:00:04.96   GameInfo::ResetInfo - SyncLevel set to 0 on reset
21:00:04.96   GameInfo::ResetInfo - SyncLevel set to 0 on reset
21:00:04.96   GameInfo::ResetInfo - SyncLevel set to 0 on reset
21:00:04.96   GameInfo::ResetInfo - SyncLevel set to 0 on reset
21:00:04.96   GameInfo::ResetInfo - SyncLevel set to 0 on reset
21:00:04.96   GameInfo::ResetInfo - SyncLevel set to 0 on reset
21:00:04.96   GameInfo::ResetInfo - SyncLevel set to 0 on reset
21:00:04.96   GameInfo::ResetInfo - SyncLevel set to 0 on reset
21:00:04.96   GameInfo::ResetInfo - SyncLevel set to 0 on reset
21:00:04.96   GameInfo::ResetInfo - SyncLevel set to 0 on reset
21:00:04.96   GameInfo::ResetInfo - SyncLevel set to 0 on reset
21:00:04.96   GameInfo::ResetInfo - SyncLevel set to 0 on reset
21:00:04.96   GameInfo::ResetInfo - SyncLevel set to 0 on reset
21:00:04.96   GameInfo::ResetInfo - SyncLevel set to 0 on reset
21:00:04.96   GameInfo::ResetInfo - SyncLevel set to 0 on reset
21:00:04.96   GameInfo::ResetInfo - SyncLevel set to 0 on reset
21:00:04.97   GameInfo::ResetInfo - SyncLevel set to 0 on reset
21:00:04.97   GameInfo::ResetInfo - SyncLevel set to 0 on reset
21:00:04.97   GameInfo::ResetInfo - SyncLevel set to 0 on reset
21:00:04.97   GameInfo::ResetInfo - SyncLevel set to 0 on reset
21:00:04.97   GameInfo::ResetInfo - SyncLevel set to 0 on reset
21:00:04.97   GameInfo::ResetInfo - SyncLevel set to 0 on reset
21:00:04.97   GameInfo::ResetInfo - SyncLevel set to 0 on reset
21:00:04.97   GameInfo::ResetInfo - SyncLevel set to 0 on reset
21:00:04.97   GameInfo::ResetInfo - SyncLevel set to 0 on reset
21:00:04.97   GameInfo::ResetInfo - SyncLevel set to 0 on reset
21:00:04.97   GameInfo::ResetInfo - SyncLevel set to 0 on reset
21:00:04.97   GameInfo::ResetInfo - SyncLevel set to 0 on reset
21:00:04.97   GameInfo::ResetInfo - SyncLevel set to 0 on reset
21:00:04.97   GameInfo::ResetInfo - SyncLevel set to 0 on reset
21:00:04.97   GameInfo::ResetInfo - SyncLevel set to 0 on reset
21:00:04.97   GameInfo::ResetInfo - SyncLevel set to 0 on reset
21:00:04.97   GameInfo::ResetInfo - SyncLevel set to 0 on reset
21:00:04.97   GameInfo::ResetInfo - SyncLevel set to 0 on reset
21:00:04.97   GameInfo::ResetInfo - SyncLevel set to 0 on reset
21:00:04.97   GameInfo::ResetInfo - SyncLevel set to 0 on reset
21:00:04.97   GameInfo::ResetInfo - SyncLevel set to 0 on reset
21:00:04.97   GameInfo::ResetInfo - SyncLevel set to 0 on reset
21:00:04.97   GameInfo::ResetInfo - SyncLevel set to 0 on reset
21:00:04.97   GameInfo::ResetInfo - SyncLevel set to 0 on reset
21:00:04.98   GameInfo::ResetInfo - SyncLevel set to 0 on reset
21:00:04.98   GameInfo::ResetInfo - SyncLevel set to 0 on reset
21:00:04.98   GameInfo::ResetInfo - SyncLevel set to 0 on reset
21:00:04.98   GameInfo::ResetInfo - SyncLevel set to 0 on reset
21:00:04.98   GameInfo::ResetInfo - SyncLevel set to 0 on reset
21:00:04.98   GameInfo::ResetInfo - SyncLevel set to 0 on reset
21:00:04.98   GameInfo::ResetInfo - SyncLevel set to 0 on reset
21:00:04.98   GameInfo::ResetInfo - SyncLevel set to 0 on reset
21:00:04.98   GameInfo::ResetInfo - SyncLevel set to 0 on reset
21:00:04.98   GameInfo::ResetInfo - SyncLevel set to 0 on reset
21:00:04.98   GameInfo::ResetInfo - SyncLevel set to 0 on reset
21:00:04.98   GameInfo::ResetInfo - SyncLevel set to 0 on reset
21:00:04.98   GameInfo::ResetInfo - SyncLevel set to 0 on reset
21:00:04.98   GameInfo::ResetInfo - SyncLevel set to 0 on reset
21:00:04.98   GameInfo::ResetInfo - SyncLevel set to 0 on reset
21:00:04.98   GameInfo::ResetInfo - SyncLevel set to 0 on reset
21:00:04.98   GameInfo::ResetInfo - SyncLevel set to 0 on reset
21:00:04.98   GameInfo::ResetInfo - SyncLevel set to 0 on reset
21:00:04.98   GameInfo::ResetInfo - SyncLevel set to 0 on reset
21:00:04.98   GameInfo::ResetInfo - SyncLevel set to 0 on reset
21:00:04.98   GameInfo::ResetInfo - SyncLevel set to 0 on reset
21:00:04.98   GameInfo::ResetInfo - SyncLevel set to 0 on reset
21:00:04.98   GameInfo::ResetInfo - SyncLevel set to 0 on reset
21:00:04.98   GameInfo::ResetInfo - SyncLevel set to 0 on reset
21:00:04.99   GameInfo::ResetInfo - SyncLevel set to 0 on reset
21:00:04.99   GameInfo::ResetInfo - SyncLevel set to 0 on reset
21:00:04.99   GameInfo::ResetInfo - SyncLevel set to 0 on reset
21:00:04.99   GameInfo::ResetInfo - SyncLevel set to 0 on reset
21:00:04.99   GameInfo::ResetInfo - SyncLevel set to 0 on reset
21:00:04.99   GameInfo::ResetInfo - SyncLevel set to 0 on reset
21:00:04.99   GameInfo::ResetInfo - SyncLevel set to 0 on reset
21:00:04.99   GameInfo::ResetInfo - SyncLevel set to 0 on reset
21:00:04.99   GameInfo::ResetInfo - SyncLevel set to 0 on reset
21:00:04.99   GameInfo::ResetInfo - SyncLevel set to 0 on reset
21:00:04.99   GameInfo::ResetInfo - SyncLevel set to 0 on reset
21:00:04.99   GameInfo::ResetInfo - SyncLevel set to 0 on reset
21:00:04.99   GameInfo::ResetInfo - SyncLevel set to 0 on reset
21:00:04.99   GameInfo::ResetInfo - SyncLevel set to 0 on reset
21:00:04.99   GameInfo::ResetInfo - SyncLevel set to 0 on reset
21:00:04.99   GameInfo::ResetInfo - SyncLevel set to 0 on reset
21:00:04.99   GameInfo::ResetInfo - SyncLevel set to 0 on reset
21:00:04.99   GameInfo::ResetInfo - SyncLevel set to 0 on reset
21:00:04.99   GameInfo::ResetInfo - SyncLevel set to 0 on reset
21:00:04.99   GameInfo::ResetInfo - SyncLevel set to 0 on reset
21:00:04.99   GameInfo::ResetInfo - SyncLevel set to 0 on reset
21:00:04.99   GameInfo::ResetInfo - SyncLevel set to 0 on reset
21:00:04.99   GameInfo::ResetInfo - SyncLevel set to 0 on reset
21:00:05.00   GameInfo::ResetInfo - SyncLevel set to 0 on reset
21:00:05.00   GameInfo::ResetInfo - SyncLevel set to 0 on reset
21:00:05.00   GameInfo::ResetInfo - SyncLevel set to 0 on reset
21:00:05.00   GameInfo::ResetInfo - SyncLevel set to 0 on reset
21:00:05.00   GameInfo::ResetInfo - SyncLevel set to 0 on reset
21:00:05.00   GameInfo::ResetInfo - SyncLevel set to 0 on reset
21:00:05.00   GameInfo::ResetInfo - SyncLevel set to 0 on reset
21:00:05.00   GameInfo::ResetInfo - SyncLevel set to 0 on reset
21:00:05.00   GameInfo::ResetInfo - SyncLevel set to 0 on reset
21:00:05.00   GameInfo::ResetInfo - SyncLevel set to 0 on reset
21:00:05.00   GameInfo::ResetInfo - SyncLevel set to 0 on reset
21:00:05.00   GameInfo::ResetInfo - SyncLevel set to 0 on reset
21:00:05.00   GameInfo::ResetInfo - SyncLevel set to 0 on reset
21:00:05.00   GameInfo::ResetInfo - SyncLevel set to 0 on reset
21:00:05.00   GameInfo::ResetInfo - SyncLevel set to 0 on reset
21:00:05.00   GameInfo::ResetInfo - SyncLevel set to 0 on reset
21:00:05.00   GameInfo::ResetInfo - SyncLevel set to 0 on reset
21:00:05.00   GameInfo::ResetInfo - SyncLevel set to 0 on reset
21:00:05.00   GameInfo::ResetInfo - SyncLevel set to 0 on reset
21:00:05.00   GameInfo::ResetInfo - SyncLevel set to 0 on reset
21:00:05.00   GameInfo::ResetInfo - SyncLevel set to 0 on reset
21:00:05.00   GameInfo::ResetInfo - SyncLevel set to 0 on reset
21:00:05.01   GameInfo::ResetInfo - SyncLevel set to 0 on reset
21:00:05.01   GameInfo::ResetInfo - SyncLevel set to 0 on reset
21:00:05.01   GameInfo::ResetInfo - SyncLevel set to 0 on reset
21:00:05.01   RLINK -- SENDING FORCED ACK from Peer 15 to Peer 1 - timeSinceLastAckMS        532, transmitAckLastTimeMS    3832157 | Peer ---E- M#00000000 Sack00000039 NSack00000000 (C0.0% S:0.0) [  ]
21:00:05.01   RLINK -- SENDING FORCED ACK from Peer 15 to Peer 2 - timeSinceLastAckMS       1276, transmitAckLastTimeMS    3832157 | Peer ---E- M#00000000 Sack00000003 NSack00000000 (C0.0% S:0.0) [  ]
21:00:05.01   GameInfo::ResetInfo - SyncLevel set to 0 on reset
21:00:05.01   GameInfo::ResetInfo - SyncLevel set to 0 on reset
21:00:05.01   GameInfo::ResetInfo - SyncLevel set to 0 on reset
21:00:05.01   GameInfo::ResetInfo - SyncLevel set to 0 on reset
21:00:05.01   GameInfo::ResetInfo - SyncLevel set to 0 on reset
21:00:05.01   GameInfo::ResetInfo - SyncLevel set to 0 on reset
21:00:05.01   GameInfo::ResetInfo - SyncLevel set to 0 on reset
21:00:05.01   GameInfo::ResetInfo - SyncLevel set to 0 on reset
21:00:05.01   GameInfo::ResetInfo - SyncLevel set to 0 on reset
21:00:05.01   GameInfo::ResetInfo - SyncLevel set to 0 on reset
21:00:05.01   GameInfo::ResetInfo - SyncLevel set to 0 on reset
21:00:05.01   GameInfo::ResetInfo - SyncLevel set to 0 on reset
21:00:05.01   GameInfo::ResetInfo - SyncLevel set to 0 on reset
21:00:05.01   GameInfo::ResetInfo - SyncLevel set to 0 on reset
21:00:05.01   GameInfo::ResetInfo - SyncLevel set to 0 on reset
21:00:05.01   GameInfo::ResetInfo - SyncLevel set to 0 on reset
21:00:05.01   GameInfo::ResetInfo - SyncLevel set to 0 on reset
21:00:05.01   GameInfo::ResetInfo - SyncLevel set to 0 on reset
21:00:05.01   GameInfo::ResetInfo - SyncLevel set to 0 on reset
21:00:05.01   GameInfo::ResetInfo - SyncLevel set to 0 on reset
21:00:05.01   GameInfo::ResetInfo - SyncLevel set to 0 on reset
21:00:05.01   GameInfo::ResetInfo - SyncLevel set to 0 on reset
21:00:05.01   GameInfo::ResetInfo - SyncLevel set to 0 on reset
21:00:05.02   GameInfo::ResetInfo - SyncLevel set to 0 on reset
21:00:05.02   GameInfo::ResetInfo - SyncLevel set to 0 on reset
21:00:05.02   GameInfo::ResetInfo - SyncLevel set to 0 on reset
21:00:05.02   GameInfo::ResetInfo - SyncLevel set to 0 on reset
21:00:05.02   GameInfo::ResetInfo - SyncLevel set to 0 on reset
21:00:05.02   GameInfo::ResetInfo - SyncLevel set to 0 on reset
21:00:05.02   GameInfo::ResetInfo - SyncLevel set to 0 on reset
21:00:05.02   GameInfo::ResetInfo - SyncLevel set to 0 on reset
21:00:05.02   GameInfo::ResetInfo - SyncLevel set to 0 on reset
21:00:05.02   GameInfo::ResetInfo - SyncLevel set to 0 on reset
21:00:05.02   GameInfo::ResetInfo - SyncLevel set to 0 on reset
21:00:05.02   GameInfo::ResetInfo - SyncLevel set to 0 on reset
21:00:05.02   GameInfo::ResetInfo - SyncLevel set to 0 on reset
21:00:05.02   GameInfo::ResetInfo - SyncLevel set to 0 on reset
21:00:05.02   GameInfo::ResetInfo - SyncLevel set to 0 on reset
21:00:05.02   GameInfo::ResetInfo - SyncLevel set to 0 on reset
21:00:05.02   GameInfo::ResetInfo - SyncLevel set to 0 on reset
21:00:05.02   GameInfo::ResetInfo - SyncLevel set to 0 on reset
21:00:05.02   GameInfo::ResetInfo - SyncLevel set to 0 on reset
21:00:05.02   GameInfo::ResetInfo - SyncLevel set to 0 on reset
21:00:05.02   GameInfo::ResetInfo - SyncLevel set to 0 on reset
21:00:05.02   GameInfo::ResetInfo - SyncLevel set to 0 on reset
21:00:05.03   GameInfo::ResetInfo - SyncLevel set to 0 on reset
21:00:05.03   GameInfo::ResetInfo - SyncLevel set to 0 on reset
21:00:05.03   GameInfo::ResetInfo - SyncLevel set to 0 on reset
21:00:05.03   GameInfo::ResetInfo - SyncLevel set to 0 on reset
21:00:05.03   GameInfo::ResetInfo - SyncLevel set to 0 on reset
21:00:05.03   GameInfo::ResetInfo - SyncLevel set to 0 on reset
21:00:05.03   GameInfo::ResetInfo - SyncLevel set to 0 on reset
21:00:05.03   GameInfo::ResetInfo - SyncLevel set to 0 on reset
21:00:05.03   GameInfo::ResetInfo - SyncLevel set to 0 on reset
21:00:05.03   GameInfo::ResetInfo - SyncLevel set to 0 on reset
21:00:05.03   GameInfo::ResetInfo - SyncLevel set to 0 on reset
21:00:05.03   GameInfo::ResetInfo - SyncLevel set to 0 on reset
21:00:05.03   GameInfo::ResetInfo - SyncLevel set to 0 on reset
21:00:05.03   GameInfo::ResetInfo - SyncLevel set to 0 on reset
21:00:05.03   GameInfo::ResetInfo - SyncLevel set to 0 on reset
21:00:05.03   GameInfo::ResetInfo - SyncLevel set to 0 on reset
21:00:05.03   GameInfo::ResetInfo - SyncLevel set to 0 on reset
21:00:05.03   GameInfo::ResetInfo - SyncLevel set to 0 on reset
21:00:05.03   GameInfo::ResetInfo - SyncLevel set to 0 on reset
21:00:05.03   GameInfo::ResetInfo - SyncLevel set to 0 on reset
21:00:05.03   GameInfo::ResetInfo - SyncLevel set to 0 on reset
21:00:05.03   GameInfo::ResetInfo - SyncLevel set to 0 on reset
21:00:05.03   GameInfo::ResetInfo - SyncLevel set to 0 on reset
21:00:05.03   GameInfo::ResetInfo - SyncLevel set to 0 on reset
21:00:05.03   GameInfo::ResetInfo - SyncLevel set to 0 on reset
21:00:05.03   GameInfo::ResetInfo - SyncLevel set to 0 on reset
21:00:05.04   GameInfo::ResetInfo - SyncLevel set to 0 on reset
21:00:05.04   GameInfo::ResetInfo - SyncLevel set to 0 on reset
21:00:05.04   GameInfo::ResetInfo - SyncLevel set to 0 on reset
21:00:05.04   GameInfo::ResetInfo - SyncLevel set to 0 on reset
21:00:05.04   GameInfo::ResetInfo - SyncLevel set to 0 on reset
21:00:05.04   GameInfo::ResetInfo - SyncLevel set to 0 on reset
21:00:05.04   GameInfo::ResetInfo - SyncLevel set to 0 on reset
21:00:05.04   GameInfo::ResetInfo - SyncLevel set to 0 on reset
21:00:05.04   GameInfo::ResetInfo - SyncLevel set to 0 on reset
21:00:05.04   GameInfo::ResetInfo - SyncLevel set to 0 on reset
21:00:05.04   GameInfo::ResetInfo - SyncLevel set to 0 on reset
21:00:05.04   GameInfo::ResetInfo - SyncLevel set to 0 on reset
21:00:05.04   GameInfo::ResetInfo - SyncLevel set to 0 on reset
21:00:05.04   GameInfo::ResetInfo - SyncLevel set to 0 on reset
21:00:05.04   GameInfo::ResetInfo - SyncLevel set to 0 on reset
21:00:05.04   GameInfo::ResetInfo - SyncLevel set to 0 on reset
21:00:05.04   GameInfo::ResetInfo - SyncLevel set to 0 on reset
21:00:05.04   GameInfo::ResetInfo - SyncLevel set to 0 on reset
21:00:05.04   GameInfo::ResetInfo - SyncLevel set to 0 on reset
21:00:05.05   GameInfo::ResetInfo - SyncLevel set to 0 on reset
21:00:05.05   GameInfo::ResetInfo - SyncLevel set to 0 on reset
21:00:05.05   GameInfo::ResetInfo - SyncLevel set to 0 on reset
21:00:05.05   GameInfo::ResetInfo - SyncLevel set to 0 on reset
21:00:05.05   GameInfo::ResetInfo - SyncLevel set to 0 on reset
21:00:05.05   GameInfo::ResetInfo - SyncLevel set to 0 on reset
21:00:05.05   GameInfo::ResetInfo - SyncLevel set to 0 on reset
21:00:05.05   GameInfo::ResetInfo - SyncLevel set to 0 on reset
21:00:05.05   GameInfo::ResetInfo - SyncLevel set to 0 on reset
21:00:05.05   GameInfo::ResetInfo - SyncLevel set to 0 on reset
21:00:05.05   GameInfo::ResetInfo - SyncLevel set to 0 on reset
21:00:05.05   GameInfo::ResetInfo - SyncLevel set to 0 on reset
21:00:05.05   GameInfo::ResetInfo - SyncLevel set to 0 on reset
21:00:05.05   GameInfo::ResetInfo - SyncLevel set to 0 on reset
21:00:05.05   GameInfo::ResetInfo - SyncLevel set to 0 on reset
21:00:05.05   GameInfo::ResetInfo - SyncLevel set to 0 on reset
21:00:05.05   GameInfo::ResetInfo - SyncLevel set to 0 on reset
21:00:05.05   GameInfo::ResetInfo - SyncLevel set to 0 on reset
21:00:05.06   GameInfo::ResetInfo - SyncLevel set to 0 on reset
21:00:05.06   GameInfo::ResetInfo - SyncLevel set to 0 on reset
21:00:05.06   GameInfo::ResetInfo - SyncLevel set to 0 on reset
21:00:05.06   GameInfo::ResetInfo - SyncLevel set to 0 on reset
21:00:05.06   GameInfo::ResetInfo - SyncLevel set to 0 on reset
21:00:05.06   GameInfo::ResetInfo - SyncLevel set to 0 on reset
21:00:05.06   GameInfo::ResetInfo - SyncLevel set to 0 on reset
21:00:05.06   GameInfo::ResetInfo - SyncLevel set to 0 on reset
21:00:05.06   GameInfo::ResetInfo - SyncLevel set to 0 on reset
21:00:05.06   GameInfo::ResetInfo - SyncLevel set to 0 on reset
21:00:05.06   GameInfo::ResetInfo - SyncLevel set to 0 on reset
21:00:05.06   GameInfo::ResetInfo - SyncLevel set to 0 on reset
21:00:05.06   GameInfo::ResetInfo - SyncLevel set to 0 on reset
21:00:05.06   GameInfo::ResetInfo - SyncLevel set to 0 on reset
21:00:05.06   GameInfo::ResetInfo - SyncLevel set to 0 on reset
21:00:05.06   GameInfo::ResetInfo - SyncLevel set to 0 on reset
21:00:05.06   GameInfo::ResetInfo - SyncLevel set to 0 on reset
21:00:05.06   GameInfo::ResetInfo - SyncLevel set to 0 on reset
21:00:05.06   GameInfo::ResetInfo - SyncLevel set to 0 on reset
21:00:05.06   GameInfo::ResetInfo - SyncLevel set to 0 on reset
21:00:05.06   GameInfo::ResetInfo - SyncLevel set to 0 on reset
21:00:05.06   GameInfo::ResetInfo - SyncLevel set to 0 on reset
21:00:05.06   GameInfo::ResetInfo - SyncLevel set to 0 on reset
21:00:05.06   GameInfo::ResetInfo - SyncLevel set to 0 on reset
21:00:05.07   GameInfo::ResetInfo - SyncLevel set to 0 on reset
21:00:05.07   GameInfo::ResetInfo - SyncLevel set to 0 on reset
21:00:05.07   GameInfo::ResetInfo - SyncLevel set to 0 on reset
21:00:05.07   GameInfo::ResetInfo - SyncLevel set to 0 on reset
21:00:05.07   GameInfo::ResetInfo - SyncLevel set to 0 on reset
21:00:05.07   GameInfo::ResetInfo - SyncLevel set to 0 on reset
21:00:05.07   GameInfo::ResetInfo - SyncLevel set to 0 on reset
21:00:05.07   GameInfo::ResetInfo - SyncLevel set to 0 on reset
21:00:05.07   GameInfo::ResetInfo - SyncLevel set to 0 on reset
21:00:05.07   GameInfo::ResetInfo - SyncLevel set to 0 on reset
21:00:05.07   GameInfo::ResetInfo - SyncLevel set to 0 on reset
21:00:05.07   GameInfo::ResetInfo - SyncLevel set to 0 on reset
21:00:05.07   GameInfo::ResetInfo - SyncLevel set to 0 on reset
21:00:05.07   GameInfo::ResetInfo - SyncLevel set to 0 on reset
21:00:05.07   GameInfo::ResetInfo - SyncLevel set to 0 on reset
21:00:05.07   GameInfo::ResetInfo - SyncLevel set to 0 on reset
21:00:05.07   GameInfo::ResetInfo - SyncLevel set to 0 on reset
21:00:05.07   GameInfo::ResetInfo - SyncLevel set to 0 on reset
21:00:05.07   GameInfo::ResetInfo - SyncLevel set to 0 on reset
21:00:05.07   GameInfo::ResetInfo - SyncLevel set to 0 on reset
21:00:05.07   GameInfo::ResetInfo - SyncLevel set to 0 on reset
21:00:05.08   GameInfo::ResetInfo - SyncLevel set to 0 on reset
21:00:05.08   GameInfo::ResetInfo - SyncLevel set to 0 on reset
21:00:05.08   GameInfo::ResetInfo - SyncLevel set to 0 on reset
21:00:05.08   GameInfo::ResetInfo - SyncLevel set to 0 on reset
21:00:05.08   GameInfo::ResetInfo - SyncLevel set to 0 on reset
21:00:05.08   GameInfo::ResetInfo - SyncLevel set to 0 on reset
21:00:05.08   GameInfo::ResetInfo - SyncLevel set to 0 on reset
21:00:05.08   GameInfo::ResetInfo - SyncLevel set to 0 on reset
21:00:05.08   GameInfo::ResetInfo - SyncLevel set to 0 on reset
21:00:05.08   GameInfo::ResetInfo - SyncLevel set to 0 on reset
21:00:05.08   GameInfo::ResetInfo - SyncLevel set to 0 on reset
21:00:05.08   GameInfo::ResetInfo - SyncLevel set to 0 on reset
21:00:05.08   GameInfo::ResetInfo - SyncLevel set to 0 on reset
21:00:05.08   GameInfo::ResetInfo - SyncLevel set to 0 on reset
21:00:05.08   GameInfo::ResetInfo - SyncLevel set to 0 on reset
21:00:05.08   GameInfo::ResetInfo - SyncLevel set to 0 on reset
21:00:05.08   GameInfo::ResetInfo - SyncLevel set to 0 on reset
21:00:05.08   GameInfo::ResetInfo - SyncLevel set to 0 on reset
21:00:05.08   GameInfo::ResetInfo - SyncLevel set to 0 on reset
21:00:05.08   GameInfo::ResetInfo - SyncLevel set to 0 on reset
21:00:05.08   GameInfo::ResetInfo - SyncLevel set to 0 on reset
21:00:05.09   GameInfo::ResetInfo - SyncLevel set to 0 on reset
21:00:05.09   GameInfo::ResetInfo - SyncLevel set to 0 on reset
21:00:05.09   GameInfo::ResetInfo - SyncLevel set to 0 on reset
21:00:05.09   GameInfo::ResetInfo - SyncLevel set to 0 on reset
21:00:05.09   GameInfo::ResetInfo - SyncLevel set to 0 on reset
21:00:05.09   GameInfo::ResetInfo - SyncLevel set to 0 on reset
21:00:05.09   GameInfo::ResetInfo - SyncLevel set to 0 on reset
21:00:05.09   GameInfo::ResetInfo - SyncLevel set to 0 on reset
21:00:05.09   GameInfo::ResetInfo - SyncLevel set to 0 on reset
21:00:05.09   GameInfo::ResetInfo - SyncLevel set to 0 on reset
21:00:05.09   GameInfo::ResetInfo - SyncLevel set to 0 on reset
21:00:05.09   GameInfo::ResetInfo - SyncLevel set to 0 on reset
21:00:05.09   GameInfo::ResetInfo - SyncLevel set to 0 on reset
21:00:05.09   GameInfo::ResetInfo - SyncLevel set to 0 on reset
21:00:05.09   GameInfo::ResetInfo - SyncLevel set to 0 on reset
21:00:05.09   GameInfo::ResetInfo - SyncLevel set to 0 on reset
21:00:05.09   GameInfo::ResetInfo - SyncLevel set to 0 on reset
21:00:05.09   GameInfo::ResetInfo - SyncLevel set to 0 on reset
21:00:05.09   GameInfo::ResetInfo - SyncLevel set to 0 on reset
21:00:05.09   GameInfo::ResetInfo - SyncLevel set to 0 on reset
21:00:05.09   GameInfo::ResetInfo - SyncLevel set to 0 on reset
21:00:05.10   GameInfo::ResetInfo - SyncLevel set to 0 on reset
21:00:05.10   GameInfo::ResetInfo - SyncLevel set to 0 on reset
21:00:05.10   GameInfo::ResetInfo - SyncLevel set to 0 on reset
21:00:05.10   GameInfo::ResetInfo - SyncLevel set to 0 on reset
21:00:05.10   GameInfo::ResetInfo - SyncLevel set to 0 on reset
21:00:05.10   GameInfo::ResetInfo - SyncLevel set to 0 on reset
21:00:05.10   GameInfo::ResetInfo - SyncLevel set to 0 on reset
21:00:05.10   GameInfo::ResetInfo - SyncLevel set to 0 on reset
21:00:05.10   GameInfo::ResetInfo - SyncLevel set to 0 on reset
21:00:05.10   GameInfo::ResetInfo - SyncLevel set to 0 on reset
21:00:05.10   GameInfo::ResetInfo - SyncLevel set to 0 on reset
21:00:05.10   GameInfo::ResetInfo - SyncLevel set to 0 on reset
21:00:05.10   GameInfo::ResetInfo - SyncLevel set to 0 on reset
21:00:05.10   GameInfo::ResetInfo - SyncLevel set to 0 on reset
21:00:05.10   GameInfo::ResetInfo - SyncLevel set to 0 on reset
21:00:05.10   GameInfo::ResetInfo - SyncLevel set to 0 on reset
21:00:05.10   GameInfo::ResetInfo - SyncLevel set to 0 on reset
21:00:05.10   GameInfo::ResetInfo - SyncLevel set to 0 on reset
21:00:05.10   GameInfo::ResetInfo - SyncLevel set to 0 on reset
21:00:05.10   GameInfo::ResetInfo - SyncLevel set to 0 on reset
21:00:05.10   GameInfo::ResetInfo - SyncLevel set to 0 on reset
21:00:05.11   GameInfo::ResetInfo - SyncLevel set to 0 on reset
21:00:05.11   GameInfo::ResetInfo - SyncLevel set to 0 on reset
21:00:05.11   GameInfo::ResetInfo - SyncLevel set to 0 on reset
21:00:05.11   GameInfo::ResetInfo - SyncLevel set to 0 on reset
21:00:05.11   GameInfo::ResetInfo - SyncLevel set to 0 on reset
21:00:05.11   GameInfo::ResetInfo - SyncLevel set to 0 on reset
21:00:05.11   GameInfo::ResetInfo - SyncLevel set to 0 on reset
21:00:05.11   GameInfo::ResetInfo - SyncLevel set to 0 on reset
21:00:05.11   GameInfo::ResetInfo - SyncLevel set to 0 on reset
21:00:05.11   GameInfo::ResetInfo - SyncLevel set to 0 on reset
21:00:05.11   GameInfo::ResetInfo - SyncLevel set to 0 on reset
21:00:05.11   GameInfo::ResetInfo - SyncLevel set to 0 on reset
21:00:05.11   GameInfo::ResetInfo - SyncLevel set to 0 on reset
21:00:05.11   GameInfo::ResetInfo - SyncLevel set to 0 on reset
21:00:05.11   GameInfo::ResetInfo - SyncLevel set to 0 on reset
21:00:05.11   GameInfo::ResetInfo - SyncLevel set to 0 on reset
21:00:05.11   GameInfo::ResetInfo - SyncLevel set to 0 on reset
21:00:05.11   GameInfo::ResetInfo - SyncLevel set to 0 on reset
21:00:05.11   GameInfo::ResetInfo - SyncLevel set to 0 on reset
21:00:05.11   GameInfo::ResetInfo - SyncLevel set to 0 on reset
21:00:05.11   GameInfo::ResetInfo - SyncLevel set to 0 on reset
21:00:05.11   GameInfo::ResetInfo - SyncLevel set to 0 on reset
21:00:05.11   GameInfo::ResetInfo - SyncLevel set to 0 on reset
21:00:05.11   GameInfo::ResetInfo - SyncLevel set to 0 on reset
21:00:05.11   GameInfo::ResetInfo - SyncLevel set to 0 on reset
21:00:05.11   GameInfo::ResetInfo - SyncLevel set to 0 on reset
21:00:05.11   GameInfo::ResetInfo - SyncLevel set to 0 on reset
21:00:05.12   GameInfo::ResetInfo - SyncLevel set to 0 on reset
21:00:05.12   GameInfo::ResetInfo - SyncLevel set to 0 on reset
21:00:05.12   GameInfo::ResetInfo - SyncLevel set to 0 on reset
21:00:05.12   GameInfo::ResetInfo - SyncLevel set to 0 on reset
21:00:05.12   GameInfo::ResetInfo - SyncLevel set to 0 on reset
21:00:05.12   GameInfo::ResetInfo - SyncLevel set to 0 on reset
21:00:05.12   GameInfo::ResetInfo - SyncLevel set to 0 on reset
21:00:05.12   GameInfo::ResetInfo - SyncLevel set to 0 on reset
21:00:05.12   GameInfo::ResetInfo - SyncLevel set to 0 on reset
21:00:05.12   GameInfo::ResetInfo - SyncLevel set to 0 on reset
21:00:05.12   GameInfo::ResetInfo - SyncLevel set to 0 on reset
21:00:05.12   GameInfo::ResetInfo - SyncLevel set to 0 on reset
21:00:05.12   GameInfo::ResetInfo - SyncLevel set to 0 on reset
21:00:05.12   GameInfo::ResetInfo - SyncLevel set to 0 on reset
21:00:05.12   GameInfo::ResetInfo - SyncLevel set to 0 on reset
21:00:05.12   GameInfo::ResetInfo - SyncLevel set to 0 on reset
21:00:05.12   GameInfo::ResetInfo - SyncLevel set to 0 on reset
21:00:05.12   GameInfo::ResetInfo - SyncLevel set to 0 on reset
21:00:05.13   GameInfo::ResetInfo - SyncLevel set to 0 on reset
21:00:05.13   GameInfo::ResetInfo - SyncLevel set to 0 on reset
21:00:05.13   GameInfo::ResetInfo - SyncLevel set to 0 on reset
21:00:05.13   GameInfo::ResetInfo - SyncLevel set to 0 on reset
21:00:05.13   GameInfo::ResetInfo - SyncLevel set to 0 on reset
21:00:05.13   RLINK -- SENDING FORCED ACK from Peer 15 to Peer 10 - timeSinceLastAckMS      12734, transmitAckLastTimeMS    3832279 | Peer ---E- M#00000000 Sack00000001 NSack00000000 (C0.0% S:0.0) [  ]
21:00:05.13   RLINK -- SENDING FORCED ACK from Peer 15 to Peer 11 - timeSinceLastAckMS      12734, transmitAckLastTimeMS    3832279 | Peer ---E- M#00000000 Sack00000001 NSack00000000 (C0.0% S:0.0) [  ]
21:00:05.13   GameInfo::ResetInfo - SyncLevel set to 0 on reset
21:00:05.13   GameInfo::ResetInfo - SyncLevel set to 0 on reset
21:00:05.13   GameInfo::ResetInfo - SyncLevel set to 0 on reset
21:00:05.13   GameInfo::ResetInfo - SyncLevel set to 0 on reset
21:00:05.13   GameInfo::ResetInfo - SyncLevel set to 0 on reset
21:00:05.13   GameInfo::ResetInfo - SyncLevel set to 0 on reset
21:00:05.13   GameInfo::ResetInfo - SyncLevel set to 0 on reset
21:00:05.13   GameInfo::ResetInfo - SyncLevel set to 0 on reset
21:00:05.13   GameInfo::ResetInfo - SyncLevel set to 0 on reset
21:00:05.13   GameInfo::ResetInfo - SyncLevel set to 0 on reset
21:00:05.13   GAME -- Error reading header for recorded game PLAYBACK:8P_MONTARGIS_REGION_POINTS_UP.2019-01-28.01-38-28.rec
21:00:05.13   GameInfo::ResetInfo - SyncLevel set to 0 on reset
21:00:05.13   GameInfo::ResetInfo - SyncLevel set to 0 on reset
21:00:05.13   GameInfo::ResetInfo - SyncLevel set to 0 on reset
21:00:05.13   GAME -- Error reading header for recorded game PLAYBACK:8P_MONTARGIS_REGION_POINTS_UP.2019-08-27.22-25-49.rec
21:00:05.13   GameInfo::ResetInfo - SyncLevel set to 0 on reset
21:00:05.13   GameInfo::ResetInfo - SyncLevel set to 0 on reset
21:00:05.13   GameInfo::ResetInfo - SyncLevel set to 0 on reset
21:00:05.13   GameInfo::ResetInfo - SyncLevel set to 0 on reset
21:00:05.13   GameInfo::ResetInfo - SyncLevel set to 0 on reset
21:00:05.13   GameInfo::ResetInfo - SyncLevel set to 0 on reset
21:00:05.14   GameInfo::ResetInfo - SyncLevel set to 0 on reset
21:00:05.14   GameInfo::ResetInfo - SyncLevel set to 0 on reset
21:00:05.14   GameInfo::ResetInfo - SyncLevel set to 0 on reset
21:00:05.14   GameInfo::ResetInfo - SyncLevel set to 0 on reset
21:00:05.14   GameInfo::ResetInfo - SyncLevel set to 0 on reset
21:00:05.14   GameInfo::ResetInfo - SyncLevel set to 0 on reset
21:00:05.14   GameInfo::ResetInfo - SyncLevel set to 0 on reset
21:00:05.14   GameInfo::ResetInfo - SyncLevel set to 0 on reset
21:00:05.14   GameInfo::ResetInfo - SyncLevel set to 0 on reset
21:00:05.14   GameInfo::ResetInfo - SyncLevel set to 0 on reset
21:00:05.14   GameInfo::ResetInfo - SyncLevel set to 0 on reset
21:00:05.14   GameInfo::ResetInfo - SyncLevel set to 0 on reset
21:00:05.14   GameInfo::ResetInfo - SyncLevel set to 0 on reset
21:00:05.14   GameInfo::ResetInfo - SyncLevel set to 0 on reset
21:00:05.14   GameInfo::ResetInfo - SyncLevel set to 0 on reset
21:00:05.14   GameInfo::ResetInfo - SyncLevel set to 0 on reset
21:00:05.14   GameInfo::ResetInfo - SyncLevel set to 0 on reset
21:00:05.14   GameInfo::ResetInfo - SyncLevel set to 0 on reset
21:00:05.14   GameInfo::ResetInfo - SyncLevel set to 0 on reset
21:00:05.14   GameInfo::ResetInfo - SyncLevel set to 0 on reset
21:00:05.14   GameInfo::ResetInfo - SyncLevel set to 0 on reset
21:00:05.14   GameInfo::ResetInfo - SyncLevel set to 0 on reset
21:00:05.14   GameInfo::ResetInfo - SyncLevel set to 0 on reset
21:00:05.14   GameInfo::ResetInfo - SyncLevel set to 0 on reset
21:00:05.14   GameInfo::ResetInfo - SyncLevel set to 0 on reset
21:00:05.14   GameInfo::ResetInfo - SyncLevel set to 0 on reset
21:00:05.14   GameInfo::ResetInfo - SyncLevel set to 0 on reset
21:00:05.15   GameInfo::ResetInfo - SyncLevel set to 0 on reset
21:00:05.15   GameInfo::ResetInfo - SyncLevel set to 0 on reset
21:00:05.15   GameInfo::ResetInfo - SyncLevel set to 0 on reset
21:00:05.15   GameInfo::ResetInfo - SyncLevel set to 0 on reset
21:00:05.15   GameInfo::ResetInfo - SyncLevel set to 0 on reset
21:00:05.15   GameInfo::ResetInfo - SyncLevel set to 0 on reset
21:00:05.15   GameInfo::ResetInfo - SyncLevel set to 0 on reset
21:00:05.15   GameInfo::ResetInfo - SyncLevel set to 0 on reset
21:00:05.15   GameInfo::ResetInfo - SyncLevel set to 0 on reset
21:00:05.15   GameInfo::ResetInfo - SyncLevel set to 0 on reset
21:00:05.15   GameInfo::ResetInfo - SyncLevel set to 0 on reset
21:00:05.15   GameInfo::ResetInfo - SyncLevel set to 0 on reset
21:00:05.15   GameInfo::ResetInfo - SyncLevel set to 0 on reset
21:00:05.15   GameInfo::ResetInfo - SyncLevel set to 0 on reset
21:00:05.15   GameInfo::ResetInfo - SyncLevel set to 0 on reset
21:00:05.15   GameInfo::ResetInfo - SyncLevel set to 0 on reset
21:00:05.15   GameInfo::ResetInfo - SyncLevel set to 0 on reset
21:00:05.15   GameInfo::ResetInfo - SyncLevel set to 0 on reset
21:00:05.15   GameInfo::ResetInfo - SyncLevel set to 0 on reset
21:00:05.15   GameInfo::ResetInfo - SyncLevel set to 0 on reset
21:00:05.15   GameInfo::ResetInfo - SyncLevel set to 0 on reset
21:00:05.16   GameInfo::ResetInfo - SyncLevel set to 0 on reset
21:00:05.16   GameInfo::ResetInfo - SyncLevel set to 0 on reset
21:00:05.16   GameInfo::ResetInfo - SyncLevel set to 0 on reset
21:00:05.16   GameInfo::ResetInfo - SyncLevel set to 0 on reset
21:00:05.16   GameInfo::ResetInfo - SyncLevel set to 0 on reset
21:00:05.16   GameInfo::ResetInfo - SyncLevel set to 0 on reset
21:00:05.16   GameInfo::ResetInfo - SyncLevel set to 0 on reset
21:00:05.16   GameInfo::ResetInfo - SyncLevel set to 0 on reset
21:00:05.16   GameInfo::ResetInfo - SyncLevel set to 0 on reset
21:00:05.16   GameInfo::ResetInfo - SyncLevel set to 0 on reset
21:00:05.16   GameInfo::ResetInfo - SyncLevel set to 0 on reset
21:00:05.16   GameInfo::ResetInfo - SyncLevel set to 0 on reset
21:00:05.16   GameInfo::ResetInfo - SyncLevel set to 0 on reset
21:00:05.16   GameInfo::ResetInfo - SyncLevel set to 0 on reset
21:00:05.16   GameInfo::ResetInfo - SyncLevel set to 0 on reset
21:00:05.16   GameInfo::ResetInfo - SyncLevel set to 0 on reset
21:00:05.16   GameInfo::ResetInfo - SyncLevel set to 0 on reset
21:00:05.16   GameInfo::ResetInfo - SyncLevel set to 0 on reset
21:00:05.16   GameInfo::ResetInfo - SyncLevel set to 0 on reset
21:00:05.16   GameInfo::ResetInfo - SyncLevel set to 0 on reset
21:00:05.16   GameInfo::ResetInfo - SyncLevel set to 0 on reset
21:00:05.16   GameInfo::ResetInfo - SyncLevel set to 0 on reset
21:00:05.16   GameInfo::ResetInfo - SyncLevel set to 0 on reset
21:00:05.16   GameInfo::ResetInfo - SyncLevel set to 0 on reset
21:00:05.16   GameInfo::ResetInfo - SyncLevel set to 0 on reset
21:00:05.16   GameInfo::ResetInfo - SyncLevel set to 0 on reset
21:00:05.17   GameInfo::ResetInfo - SyncLevel set to 0 on reset
21:00:05.17   GameInfo::ResetInfo - SyncLevel set to 0 on reset
21:00:05.17   GameInfo::ResetInfo - SyncLevel set to 0 on reset
21:00:05.17   GameInfo::ResetInfo - SyncLevel set to 0 on reset
21:00:05.17   GameInfo::ResetInfo - SyncLevel set to 0 on reset
21:00:05.17   GameInfo::ResetInfo - SyncLevel set to 0 on reset
21:00:05.17   GameInfo::ResetInfo - SyncLevel set to 0 on reset
21:00:05.17   GameInfo::ResetInfo - SyncLevel set to 0 on reset
21:00:05.17   GameInfo::ResetInfo - SyncLevel set to 0 on reset
21:00:05.17   GameInfo::ResetInfo - SyncLevel set to 0 on reset
21:00:05.17   GameInfo::ResetInfo - SyncLevel set to 0 on reset
21:00:05.17   GameInfo::ResetInfo - SyncLevel set to 0 on reset
21:00:05.17   GameInfo::ResetInfo - SyncLevel set to 0 on reset
21:00:05.17   GAME -- Error reading header for recorded game PLAYBACK:fun_high_res_monti.rec
21:00:05.17   GameInfo::ResetInfo - SyncLevel set to 0 on reset
21:00:05.17   GameInfo::ResetInfo - SyncLevel set to 0 on reset
21:00:05.17   GameInfo::ResetInfo - SyncLevel set to 0 on reset
21:00:05.17   GameInfo::ResetInfo - SyncLevel set to 0 on reset
21:00:05.17   GameInfo::ResetInfo - SyncLevel set to 0 on reset
21:00:05.17   GameInfo::ResetInfo - SyncLevel set to 0 on reset
21:00:05.17   GameInfo::ResetInfo - SyncLevel set to 0 on reset
21:00:05.17   GameInfo::ResetInfo - SyncLevel set to 0 on reset
21:00:05.17   GameInfo::ResetInfo - SyncLevel set to 0 on reset
21:00:05.17   GameInfo::ResetInfo - SyncLevel set to 0 on reset
21:00:05.17   GameInfo::ResetInfo - SyncLevel set to 0 on reset
21:00:05.17   GameInfo::ResetInfo - SyncLevel set to 0 on reset
21:00:05.17   GameInfo::ResetInfo - SyncLevel set to 0 on reset
21:00:05.17   GameInfo::ResetInfo - SyncLevel set to 0 on reset
21:00:05.17   GameInfo::ResetInfo - SyncLevel set to 0 on reset
21:00:05.18   GameInfo::ResetInfo - SyncLevel set to 0 on reset
21:00:05.18   GameInfo::ResetInfo - SyncLevel set to 0 on reset
21:00:05.18   GameInfo::ResetInfo - SyncLevel set to 0 on reset
21:00:05.18   GameInfo::ResetInfo - SyncLevel set to 0 on reset
21:00:05.18   GameInfo::ResetInfo - SyncLevel set to 0 on reset
21:00:05.18   GameInfo::ResetInfo - SyncLevel set to 0 on reset
21:00:05.18   GAME -- Error reading header for recorded game PLAYBACK:gdfg.rec
21:00:05.18   GameInfo::ResetInfo - SyncLevel set to 0 on reset
21:00:05.18   GameInfo::ResetInfo - SyncLevel set to 0 on reset
21:00:05.18   GameInfo::ResetInfo - SyncLevel set to 0 on reset
21:00:05.18   GameInfo::ResetInfo - SyncLevel set to 0 on reset
21:00:05.18   GameInfo::ResetInfo - SyncLevel set to 0 on reset
21:00:05.18   GameInfo::ResetInfo - SyncLevel set to 0 on reset
21:00:05.18   GameInfo::ResetInfo - SyncLevel set to 0 on reset
21:00:05.18   GameInfo::ResetInfo - SyncLevel set to 0 on reset
21:00:05.18   GameInfo::ResetInfo - SyncLevel set to 0 on reset
21:00:05.18   GameInfo::ResetInfo - SyncLevel set to 0 on reset
21:00:05.18   GameInfo::ResetInfo - SyncLevel set to 0 on reset
21:00:05.18   GameInfo::ResetInfo - SyncLevel set to 0 on reset
21:00:05.18   GameInfo::ResetInfo - SyncLevel set to 0 on reset
21:00:05.18   GameInfo::ResetInfo - SyncLevel set to 0 on reset
21:00:05.18   GameInfo::ResetInfo - SyncLevel set to 0 on reset
21:00:05.18   GameInfo::ResetInfo - SyncLevel set to 0 on reset
21:00:05.18   GameInfo::ResetInfo - SyncLevel set to 0 on reset
21:00:05.18   GameInfo::ResetInfo - SyncLevel set to 0 on reset
21:00:05.19   GameInfo::ResetInfo - SyncLevel set to 0 on reset
21:00:05.19   GameInfo::ResetInfo - SyncLevel set to 0 on reset
21:00:05.19   GameInfo::ResetInfo - SyncLevel set to 0 on reset
21:00:05.19   GameInfo::ResetInfo - SyncLevel set to 0 on reset
21:00:05.19   GameInfo::ResetInfo - SyncLevel set to 0 on reset
21:00:05.19   GameInfo::ResetInfo - SyncLevel set to 0 on reset
21:00:05.19   GameInfo::ResetInfo - SyncLevel set to 0 on reset
21:00:05.19   GameInfo::ResetInfo - SyncLevel set to 0 on reset
21:00:05.19   GameInfo::ResetInfo - SyncLevel set to 0 on reset
21:00:05.19   GameInfo::ResetInfo - SyncLevel set to 0 on reset
21:00:05.19   GameInfo::ResetInfo - SyncLevel set to 0 on reset
21:00:05.19   GameInfo::ResetInfo - SyncLevel set to 0 on reset
21:00:05.19   GameInfo::ResetInfo - SyncLevel set to 0 on reset
21:00:05.19   GameInfo::ResetInfo - SyncLevel set to 0 on reset
21:00:05.19   GameInfo::ResetInfo - SyncLevel set to 0 on reset
21:00:05.19   GameInfo::ResetInfo - SyncLevel set to 0 on reset
21:00:05.19   GameInfo::ResetInfo - SyncLevel set to 0 on reset
21:00:05.19   GameInfo::ResetInfo - SyncLevel set to 0 on reset
21:00:05.19   GameInfo::ResetInfo - SyncLevel set to 0 on reset
21:00:05.19   GameInfo::ResetInfo - SyncLevel set to 0 on reset
21:00:05.19   GameInfo::ResetInfo - SyncLevel set to 0 on reset
21:00:05.19   GameInfo::ResetInfo - SyncLevel set to 0 on reset
21:00:05.19   GameInfo::ResetInfo - SyncLevel set to 0 on reset
21:00:05.19   GameInfo::ResetInfo - SyncLevel set to 0 on reset
21:00:05.20   GameInfo::ResetInfo - SyncLevel set to 0 on reset
21:00:05.20   GameInfo::ResetInfo - SyncLevel set to 0 on reset
21:00:05.20   GameInfo::ResetInfo - SyncLevel set to 0 on reset
21:00:05.20   GameInfo::ResetInfo - SyncLevel set to 0 on reset
21:00:05.20   GameInfo::ResetInfo - SyncLevel set to 0 on reset
21:00:05.20   GameInfo::ResetInfo - SyncLevel set to 0 on reset
21:00:05.20   GameInfo::ResetInfo - SyncLevel set to 0 on reset
21:00:05.20   GameInfo::ResetInfo - SyncLevel set to 0 on reset
21:00:05.20   GameInfo::ResetInfo - SyncLevel set to 0 on reset
21:00:05.20   GameInfo::ResetInfo - SyncLevel set to 0 on reset
21:00:05.20   GameInfo::ResetInfo - SyncLevel set to 0 on reset
21:00:05.20   GameInfo::ResetInfo - SyncLevel set to 0 on reset
21:00:05.20   GameInfo::ResetInfo - SyncLevel set to 0 on reset
21:00:05.20   GameInfo::ResetInfo - SyncLevel set to 0 on reset
21:00:05.20   GameInfo::ResetInfo - SyncLevel set to 0 on reset
21:00:05.20   GameInfo::ResetInfo - SyncLevel set to 0 on reset
21:00:05.20   GameInfo::ResetInfo - SyncLevel set to 0 on reset
21:00:05.20   GameInfo::ResetInfo - SyncLevel set to 0 on reset
21:00:05.20   GameInfo::ResetInfo - SyncLevel set to 0 on reset
21:00:05.20   GameInfo::ResetInfo - SyncLevel set to 0 on reset
21:00:05.20   GameInfo::ResetInfo - SyncLevel set to 0 on reset
21:00:05.20   GameInfo::ResetInfo - SyncLevel set to 0 on reset
21:00:05.20   GameInfo::ResetInfo - SyncLevel set to 0 on reset
21:00:05.20   GameInfo::ResetInfo - SyncLevel set to 0 on reset
21:00:05.20   GameInfo::ResetInfo - SyncLevel set to 0 on reset
21:00:05.20   GameInfo::ResetInfo - SyncLevel set to 0 on reset
21:00:05.20   GameInfo::ResetInfo - SyncLevel set to 0 on reset
21:00:05.20   GameInfo::ResetInfo - SyncLevel set to 0 on reset
21:00:05.20   GameInfo::ResetInfo - SyncLevel set to 0 on reset
21:00:05.20   GameInfo::ResetInfo - SyncLevel set to 0 on reset
21:00:05.20   GameInfo::ResetInfo - SyncLevel set to 0 on reset
21:00:05.20   GameInfo::ResetInfo - SyncLevel set to 0 on reset
21:00:05.20   GameInfo::ResetInfo - SyncLevel set to 0 on reset
21:00:05.21   GameInfo::ResetInfo - SyncLevel set to 0 on reset
21:00:05.21   GameInfo::ResetInfo - SyncLevel set to 0 on reset
21:00:05.21   GameInfo::ResetInfo - SyncLevel set to 0 on reset
21:00:05.21   GameInfo::ResetInfo - SyncLevel set to 0 on reset
21:00:05.21   GameInfo::ResetInfo - SyncLevel set to 0 on reset
21:00:05.21   GAME -- Error reading header for recorded game PLAYBACK:ischutz_mad.rec
21:00:05.21   GameInfo::ResetInfo - SyncLevel set to 0 on reset
21:00:05.21   GameInfo::ResetInfo - SyncLevel set to 0 on reset
21:00:05.21   GameInfo::ResetInfo - SyncLevel set to 0 on reset
21:00:05.21   GameInfo::ResetInfo - SyncLevel set to 0 on reset
21:00:05.21   GameInfo::ResetInfo - SyncLevel set to 0 on reset
21:00:05.21   GameInfo::ResetInfo - SyncLevel set to 0 on reset
21:00:05.21   GameInfo::ResetInfo - SyncLevel set to 0 on reset
21:00:05.21   GameInfo::ResetInfo - SyncLevel set to 0 on reset
21:00:05.21   GameInfo::ResetInfo - SyncLevel set to 0 on reset
21:00:05.21   GameInfo::ResetInfo - SyncLevel set to 0 on reset
21:00:05.21   GameInfo::ResetInfo - SyncLevel set to 0 on reset
21:00:05.21   GameInfo::ResetInfo - SyncLevel set to 0 on reset
21:00:05.21   GameInfo::ResetInfo - SyncLevel set to 0 on reset
21:00:05.21   GameInfo::ResetInfo - SyncLevel set to 0 on reset
21:00:05.21   GameInfo::ResetInfo - SyncLevel set to 0 on reset
21:00:05.21   GameInfo::ResetInfo - SyncLevel set to 0 on reset
21:00:05.21   GameInfo::ResetInfo - SyncLevel set to 0 on reset
21:00:05.22   GameInfo::ResetInfo - SyncLevel set to 0 on reset
21:00:05.22   GameInfo::ResetInfo - SyncLevel set to 0 on reset
21:00:05.22   GameInfo::ResetInfo - SyncLevel set to 0 on reset
21:00:05.22   GameInfo::ResetInfo - SyncLevel set to 0 on reset
21:00:05.22   GameInfo::ResetInfo - SyncLevel set to 0 on reset
21:00:05.22   GameInfo::ResetInfo - SyncLevel set to 0 on reset
21:00:05.22   GameInfo::ResetInfo - SyncLevel set to 0 on reset
21:00:05.22   GameInfo::ResetInfo - SyncLevel set to 0 on reset
21:00:05.22   GameInfo::ResetInfo - SyncLevel set to 0 on reset
21:00:05.22   GameInfo::ResetInfo - SyncLevel set to 0 on reset
21:00:05.22   GameInfo::ResetInfo - SyncLevel set to 0 on reset
21:00:05.22   GameInfo::ResetInfo - SyncLevel set to 0 on reset
21:00:05.22   GameInfo::ResetInfo - SyncLevel set to 0 on reset
21:00:05.22   GameInfo::ResetInfo - SyncLevel set to 0 on reset
21:00:05.22   GameInfo::ResetInfo - SyncLevel set to 0 on reset
21:00:05.22   GameInfo::ResetInfo - SyncLevel set to 0 on reset
21:00:05.22   GameInfo::ResetInfo - SyncLevel set to 0 on reset
21:00:05.22   GameInfo::ResetInfo - SyncLevel set to 0 on reset
21:00:05.22   GameInfo::ResetInfo - SyncLevel set to 0 on reset
21:00:05.22   GameInfo::ResetInfo - SyncLevel set to 0 on reset
21:00:05.22   GameInfo::ResetInfo - SyncLevel set to 0 on reset
21:00:05.22   GameInfo::ResetInfo - SyncLevel set to 0 on reset
21:00:05.22   GAME -- Error reading header for recorded game PLAYBACK:MONTARGIS REGION REVISED.2019-06-01.00-22-47.rec
21:00:05.22   GameInfo::ResetInfo - SyncLevel set to 0 on reset
21:00:05.22   GameInfo::ResetInfo - SyncLevel set to 0 on reset
21:00:05.22   GameInfo::ResetInfo - SyncLevel set to 0 on reset
21:00:05.22   GameInfo::ResetInfo - SyncLevel set to 0 on reset
21:00:05.22   GameInfo::ResetInfo - SyncLevel set to 0 on reset
21:00:05.23   GameInfo::ResetInfo - SyncLevel set to 0 on reset
21:00:05.23   GameInfo::ResetInfo - SyncLevel set to 0 on reset
21:00:05.23   GameInfo::ResetInfo - SyncLevel set to 0 on reset
21:00:05.23   GameInfo::ResetInfo - SyncLevel set to 0 on reset
21:00:05.23   GameInfo::ResetInfo - SyncLevel set to 0 on reset
21:00:05.23   GameInfo::ResetInfo - SyncLevel set to 0 on reset
21:00:05.23   GameInfo::ResetInfo - SyncLevel set to 0 on reset
21:00:05.23   GameInfo::ResetInfo - SyncLevel set to 0 on reset
21:00:05.23   GameInfo::ResetInfo - SyncLevel set to 0 on reset
21:00:05.23   GameInfo::ResetInfo - SyncLevel set to 0 on reset
21:00:05.23   GameInfo::ResetInfo - SyncLevel set to 0 on reset
21:00:05.23   GameInfo::ResetInfo - SyncLevel set to 0 on reset
21:00:05.23   GameInfo::ResetInfo - SyncLevel set to 0 on reset
21:00:05.23   GameInfo::ResetInfo - SyncLevel set to 0 on reset
21:00:05.23   GameInfo::ResetInfo - SyncLevel set to 0 on reset
21:00:05.23   GameInfo::ResetInfo - SyncLevel set to 0 on reset
21:00:05.23   GameInfo::ResetInfo - SyncLevel set to 0 on reset
21:00:05.23   GameInfo::ResetInfo - SyncLevel set to 0 on reset
21:00:05.23   GAME -- Error reading header for recorded game PLAYBACK:PE_Baserush_Counter__[GameReplays.org].rec
21:00:05.23   GameInfo::ResetInfo - SyncLevel set to 0 on reset
21:00:05.23   GameInfo::ResetInfo - SyncLevel set to 0 on reset
21:00:05.23   GameInfo::ResetInfo - SyncLevel set to 0 on reset
21:00:05.23   GameInfo::ResetInfo - SyncLevel set to 0 on reset
21:00:05.23   GameInfo::ResetInfo - SyncLevel set to 0 on reset
21:00:05.23   GameInfo::ResetInfo - SyncLevel set to 0 on reset
21:00:05.23   GameInfo::ResetInfo - SyncLevel set to 0 on reset
21:00:05.23   GameInfo::ResetInfo - SyncLevel set to 0 on reset
21:00:05.23   GameInfo::ResetInfo - SyncLevel set to 0 on reset
21:00:05.23   GameInfo::ResetInfo - SyncLevel set to 0 on reset
21:00:05.23   GameInfo::ResetInfo - SyncLevel set to 0 on reset
21:00:05.23   GameInfo::ResetInfo - SyncLevel set to 0 on reset
21:00:05.23   GameInfo::ResetInfo - SyncLevel set to 0 on reset
21:00:05.23   GameInfo::ResetInfo - SyncLevel set to 0 on reset
21:00:05.23   GameInfo::ResetInfo - SyncLevel set to 0 on reset
21:00:05.23   GameInfo::ResetInfo - SyncLevel set to 0 on reset
21:00:05.23   GameInfo::ResetInfo - SyncLevel set to 0 on reset
21:00:05.23   GameInfo::ResetInfo - SyncLevel set to 0 on reset
21:00:05.24   GameInfo::ResetInfo - SyncLevel set to 0 on reset
21:00:05.24   GameInfo::ResetInfo - SyncLevel set to 0 on reset
21:00:05.24   GameInfo::ResetInfo - SyncLevel set to 0 on reset
21:00:05.24   GameInfo::ResetInfo - SyncLevel set to 0 on reset
21:00:05.24   GameInfo::ResetInfo - SyncLevel set to 0 on reset
21:00:05.24   GameInfo::ResetInfo - SyncLevel set to 0 on reset
21:00:05.24   GAME -- Error reading header for recorded game PLAYBACK:Scheldt shit.rec
21:00:05.24   GameInfo::ResetInfo - SyncLevel set to 0 on reset
21:00:05.24   GameInfo::ResetInfo - SyncLevel set to 0 on reset
21:00:05.24   GameInfo::ResetInfo - SyncLevel set to 0 on reset
21:00:05.24   GameInfo::ResetInfo - SyncLevel set to 0 on reset
21:00:05.24   GameInfo::ResetInfo - SyncLevel set to 0 on reset
21:00:05.24   GameInfo::ResetInfo - SyncLevel set to 0 on reset
21:00:05.24   GameInfo::ResetInfo - SyncLevel set to 0 on reset
21:00:05.24   GameInfo::ResetInfo - SyncLevel set to 0 on reset
21:00:05.24   GameInfo::ResetInfo - SyncLevel set to 0 on reset
21:00:05.24   GameInfo::ResetInfo - SyncLevel set to 0 on reset
21:00:05.24   GameInfo::ResetInfo - SyncLevel set to 0 on reset
21:00:05.24   GameInfo::ResetInfo - SyncLevel set to 0 on reset
21:00:05.24   GameInfo::ResetInfo - SyncLevel set to 0 on reset
21:00:05.24   GameInfo::ResetInfo - SyncLevel set to 0 on reset
21:00:05.24   GameInfo::ResetInfo - SyncLevel set to 0 on reset
21:00:05.24   GameInfo::ResetInfo - SyncLevel set to 0 on reset
21:00:05.24   GameInfo::ResetInfo - SyncLevel set to 0 on reset
21:00:05.25   GameInfo::ResetInfo - SyncLevel set to 0 on reset
21:00:05.25   GameInfo::ResetInfo - SyncLevel set to 0 on reset
21:00:05.25   GameInfo::ResetInfo - SyncLevel set to 0 on reset
21:00:05.25   GameInfo::ResetInfo - SyncLevel set to 0 on reset
21:00:05.25   GameInfo::ResetInfo - SyncLevel set to 0 on reset
21:00:05.25   GameInfo::ResetInfo - SyncLevel set to 0 on reset
21:00:05.25   GameInfo::ResetInfo - SyncLevel set to 0 on reset
21:00:05.25   GameInfo::ResetInfo - SyncLevel set to 0 on reset
21:00:05.25   GameInfo::ResetInfo - SyncLevel set to 0 on reset
21:00:05.25   GameInfo::ResetInfo - SyncLevel set to 0 on reset
21:00:05.25   GameInfo::ResetInfo - SyncLevel set to 0 on reset
21:00:05.25   GameInfo::ResetInfo - SyncLevel set to 0 on reset
21:00:05.25   GameInfo::ResetInfo - SyncLevel set to 0 on reset
21:00:05.25   GameInfo::ResetInfo - SyncLevel set to 0 on reset
21:00:05.25   GameInfo::ResetInfo - SyncLevel set to 0 on reset
21:00:05.25   GameInfo::ResetInfo - SyncLevel set to 0 on reset
21:00:05.25   GameInfo::ResetInfo - SyncLevel set to 0 on reset
21:00:05.25   GameInfo::ResetInfo - SyncLevel set to 0 on reset
21:00:05.25   GameInfo::ResetInfo - SyncLevel set to 0 on reset
21:00:05.25   GameInfo::ResetInfo - SyncLevel set to 0 on reset
21:00:05.25   GameInfo::ResetInfo - SyncLevel set to 0 on reset
21:00:05.25   GameInfo::ResetInfo - SyncLevel set to 0 on reset
21:00:05.25   GameInfo::ResetInfo - SyncLevel set to 0 on reset
21:00:05.25   GameInfo::ResetInfo - SyncLevel set to 0 on reset
21:00:05.25   GameInfo::ResetInfo - SyncLevel set to 0 on reset
21:00:05.26   GameInfo::ResetInfo - SyncLevel set to 0 on reset
21:00:05.26   GameInfo::ResetInfo - SyncLevel set to 0 on reset
21:00:05.26   GameInfo::ResetInfo - SyncLevel set to 0 on reset
21:00:05.26   GameInfo::ResetInfo - SyncLevel set to 0 on reset
21:00:05.26   GameInfo::ResetInfo - SyncLevel set to 0 on reset
21:00:05.26   GameInfo::ResetInfo - SyncLevel set to 0 on reset
21:00:05.26   GameInfo::ResetInfo - SyncLevel set to 0 on reset
21:00:05.26   GameInfo::ResetInfo - SyncLevel set to 0 on reset
21:00:05.26   GameInfo::ResetInfo - SyncLevel set to 0 on reset
21:00:05.26   GameInfo::ResetInfo - SyncLevel set to 0 on reset
21:00:05.26   GameInfo::ResetInfo - SyncLevel set to 0 on reset
21:00:05.26   GameInfo::ResetInfo - SyncLevel set to 0 on reset
21:00:05.26   GameInfo::ResetInfo - SyncLevel set to 0 on reset
21:00:05.26   GameInfo::ResetInfo - SyncLevel set to 0 on reset
21:00:05.26   GameInfo::ResetInfo - SyncLevel set to 0 on reset
21:00:05.26   GameInfo::ResetInfo - SyncLevel set to 0 on reset
21:00:05.26   GameInfo::ResetInfo - SyncLevel set to 0 on reset
21:00:05.26   GameInfo::ResetInfo - SyncLevel set to 0 on reset
21:00:05.26   GameInfo::ResetInfo - SyncLevel set to 0 on reset
21:00:05.26   GameInfo::ResetInfo - SyncLevel set to 0 on reset
21:00:05.26   GameInfo::ResetInfo - SyncLevel set to 0 on reset
21:00:05.26   GameInfo::ResetInfo - SyncLevel set to 0 on reset
21:00:05.26   GameInfo::ResetInfo - SyncLevel set to 0 on reset
21:00:05.26   GameInfo::ResetInfo - SyncLevel set to 0 on reset
21:00:05.26   GameInfo::ResetInfo - SyncLevel set to 0 on reset
21:00:05.26   GameInfo::ResetInfo - SyncLevel set to 0 on reset
21:00:05.26   GameInfo::ResetInfo - SyncLevel set to 0 on reset
21:00:05.26   GameInfo::ResetInfo - SyncLevel set to 0 on reset
21:00:05.26   GameInfo::ResetInfo - SyncLevel set to 0 on reset
21:00:05.26   GameInfo::ResetInfo - SyncLevel set to 0 on reset
21:00:05.27   GameInfo::ResetInfo - SyncLevel set to 0 on reset
21:00:05.27   GameInfo::ResetInfo - SyncLevel set to 0 on reset
21:00:05.27   GameInfo::ResetInfo - SyncLevel set to 0 on reset
21:00:05.27   GameInfo::ResetInfo - SyncLevel set to 0 on reset
21:00:05.27   GameInfo::ResetInfo - SyncLevel set to 0 on reset
21:00:05.27   GameInfo::ResetInfo - SyncLevel set to 0 on reset
21:00:05.27   GameInfo::ResetInfo - SyncLevel set to 0 on reset
21:00:05.27   GameInfo::ResetInfo - SyncLevel set to 0 on reset
21:00:05.27   GameInfo::ResetInfo - SyncLevel set to 0 on reset
21:00:05.27   GameInfo::ResetInfo - SyncLevel set to 0 on reset
21:00:05.27   GameInfo::ResetInfo - SyncLevel set to 0 on reset
21:00:05.27   GameInfo::ResetInfo - SyncLevel set to 0 on reset
21:00:05.27   GameInfo::ResetInfo - SyncLevel set to 0 on reset
21:00:05.27   GameInfo::ResetInfo - SyncLevel set to 0 on reset
21:00:05.27   GameInfo::ResetInfo - SyncLevel set to 0 on reset
21:00:05.27   GameInfo::ResetInfo - SyncLevel set to 0 on reset
21:00:05.27   GameInfo::ResetInfo - SyncLevel set to 0 on reset
21:00:05.27   GameInfo::ResetInfo - SyncLevel set to 0 on reset
21:00:05.27   GameInfo::ResetInfo - SyncLevel set to 0 on reset
21:00:05.27   GameInfo::ResetInfo - SyncLevel set to 0 on reset
21:00:05.27   GameInfo::ResetInfo - SyncLevel set to 0 on reset
21:00:05.28   GameInfo::ResetInfo - SyncLevel set to 0 on reset
21:00:05.28   GameInfo::ResetInfo - SyncLevel set to 0 on reset
21:00:05.28   GameInfo::ResetInfo - SyncLevel set to 0 on reset
21:00:05.28   GameInfo::ResetInfo - SyncLevel set to 0 on reset
21:00:05.28   GameInfo::ResetInfo - SyncLevel set to 0 on reset
21:00:05.28   GameInfo::ResetInfo - SyncLevel set to 0 on reset
21:00:05.28   GameInfo::ResetInfo - SyncLevel set to 0 on reset
21:00:05.28   GameInfo::ResetInfo - SyncLevel set to 0 on reset
21:00:05.28   GameInfo::ResetInfo - SyncLevel set to 0 on reset
21:00:05.28   GameInfo::ResetInfo - SyncLevel set to 0 on reset
21:00:05.28   GameInfo::ResetInfo - SyncLevel set to 0 on reset
21:00:05.28   GameInfo::ResetInfo - SyncLevel set to 0 on reset
21:00:05.28   GameInfo::ResetInfo - SyncLevel set to 0 on reset
21:00:05.28   GameInfo::ResetInfo - SyncLevel set to 0 on reset
21:00:05.28   GameInfo::ResetInfo - SyncLevel set to 0 on reset
21:00:05.37   RLINK -- SENDING FORCED ACK from Peer 15 to Peer 1 - timeSinceLastAckMS        368, transmitAckLastTimeMS    3832525 | Peer ---E- M#00000000 Sack00000040 NSack00000000 (C0.0% S:0.0) [  ]
21:00:05.37   RLINK -- SENDING FORCED ACK from Peer 15 to Peer 4 - timeSinceLastAckMS      12980, transmitAckLastTimeMS    3832525 | Peer ---E- M#00000000 Sack00000001 NSack00000000 (C0.0% S:0.0) [  ]
21:00:05.40   RLINK -- SENDING FORCED ACK from Peer 15 to Peer 11 - timeSinceLastAckMS        276, transmitAckLastTimeMS    3832555 | Peer ---E- M#00000000 Sack00000002 NSack00000000 (C0.0% S:0.0) [  ]
21:00:05.46   RLINK -- [P#15] SrcP# 11 ignoring old retry: 1 expect: 3
21:00:05.49   RLINK -- SENDING FORCED ACK from Peer 15 to Peer 10 - timeSinceLastAckMS        367, transmitAckLastTimeMS    3832646 | Peer ---E- M#00000000 Sack00000002 NSack00000000 (C0.0% S:0.0) [  ]
21:00:05.62   RLINK -- SENDING FORCED ACK from Peer 15 to Peer 2 - timeSinceLastAckMS        611, transmitAckLastTimeMS    3832768 | Peer ---E- M#00000000 Sack00000004 NSack00000000 (C0.0% S:0.0) [  ]
21:00:05.65   RLINK -- SENDING FORCED ACK from Peer 15 to Peer 4 - timeSinceLastAckMS        273, transmitAckLastTimeMS    3832798 | Peer ---E- M#00000000 Sack00000002 NSack00000000 (C0.0% S:0.0) [  ]
21:00:05.68   RLINK -- SENDING FORCED ACK from Peer 15 to Peer 11 - timeSinceLastAckMS        273, transmitAckLastTimeMS    3832828 | Peer ---E- M#00000000 Sack00000003 NSack00000000 (C0.0% S:0.0) [  ]
21:00:05.71   RLINK -- [P#15] SrcP# 4 ignoring old retry: 1 expect: 3
21:00:05.74   RLINK -- SENDING FORCED ACK from Peer 15 to Peer 12 - timeSinceLastAckMS      13344, transmitAckLastTimeMS    3832889 | Peer ---E- M#00000000 Sack00000001 NSack00000000 (C0.0% S:0.0) [  ]
21:00:05.83   RLINK -- [P#15] SrcP# 11 ignoring old retry: 2 expect: 4
21:00:05.86   RLINK -- SENDING FORCED ACK from Peer 15 to Peer 1 - timeSinceLastAckMS        488, transmitAckLastTimeMS    3833013 | Peer ---E- M#00000000 Sack00000041 NSack00000000 (C0.0% S:0.0) [  ]
21:00:05.86   RLINK -- SENDING FORCED ACK from Peer 15 to Peer 3 - timeSinceLastAckMS      13468, transmitAckLastTimeMS    3833013 | Peer ---E- M#00000000 Sack00000001 NSack00000000 (C0.0% S:0.0) [  ]
21:00:05.86   RLINK -- SENDING FORCED ACK from Peer 15 to Peer 10 - timeSinceLastAckMS        367, transmitAckLastTimeMS    3833013 | Peer ---E- M#00000000 Sack00000003 NSack00000000 (C0.0% S:0.0) [  ]
21:00:05.98   RLINK -- SENDING FORCED ACK from Peer 15 to Peer 2 - timeSinceLastAckMS        366, transmitAckLastTimeMS    3833134 | Peer ---E- M#00000000 Sack00000005 NSack00000000 (C0.0% S:0.0) [  ]
21:00:05.98   RLINK -- SENDING FORCED ACK from Peer 15 to Peer 11 - timeSinceLastAckMS        306, transmitAckLastTimeMS    3833134 | Peer ---E- M#00000000 Sack00000004 NSack00000000 (C0.0% S:0.0) [  ]
21:00:06.13   RLINK -- SENDING FORCED ACK from Peer 15 to Peer 4 - timeSinceLastAckMS        486, transmitAckLastTimeMS    3833284 | Peer ---E- M#00000000 Sack00000003 NSack00000000 (C0.0% S:0.0) [  ]
21:00:06.13   RLINK -- SENDING FORCED ACK from Peer 15 to Peer 10 - timeSinceLastAckMS        271, transmitAckLastTimeMS    3833284 | Peer ---E- M#00000000 Sack00000004 NSack00000000 (C0.0% S:0.0) [  ]
21:00:06.25   RLINK -- SENDING FORCED ACK from Peer 15 to Peer 1 - timeSinceLastAckMS        392, transmitAckLastTimeMS    3833405 | Peer ---E- M#00000000 Sack00000042 NSack00000000 (C0.0% S:0.0) [  ]
21:00:06.25   RLINK -- SENDING FORCED ACK from Peer 15 to Peer 11 - timeSinceLastAckMS        271, transmitAckLastTimeMS    3833405 | Peer ---E- M#00000000 Sack00000005 NSack00000000 (C0.0% S:0.0) [  ]
21:00:06.34   RLINK -- [P#15] SrcP# 3 ignoring old retry: 1 expect: 3
21:00:06.37   RLINK -- SENDING FORCED ACK from Peer 15 to Peer 2 - timeSinceLastAckMS        392, transmitAckLastTimeMS    3833526 | Peer ---E- M#00000000 Sack00000006 NSack00000000 (C0.0% S:0.0) [  ]
21:00:06.37   RLINK -- SENDING FORCED ACK from Peer 15 to Peer 3 - timeSinceLastAckMS        513, transmitAckLastTimeMS    3833526 | Peer ---E- M#00000000 Sack00000002 NSack00000000 (C0.0% S:0.0) [  ]
21:00:06.37   RLINK -- SENDING FORCED ACK from Peer 15 to Peer 12 - timeSinceLastAckMS        637, transmitAckLastTimeMS    3833526 | Peer ---E- M#00000000 Sack00000002 NSack00000000 (C0.0% S:0.0) [  ]
21:00:06.50   RLINK -- SENDING FORCED ACK from Peer 15 to Peer 4 - timeSinceLastAckMS        364, transmitAckLastTimeMS    3833648 | Peer ---E- M#00000000 Sack00000004 NSack00000000 (C0.0% S:0.0) [  ]
21:00:06.50   RLINK -- SENDING FORCED ACK from Peer 15 to Peer 10 - timeSinceLastAckMS        364, transmitAckLastTimeMS    3833648 | Peer ---E- M#00000000 Sack00000005 NSack00000000 (C0.0% S:0.0) [  ]
21:00:06.53   RLINK -- SENDING FORCED ACK from Peer 15 to Peer 1 - timeSinceLastAckMS        273, transmitAckLastTimeMS    3833678 | Peer ---E- M#00000000 Sack00000043 NSack00000000 (C0.0% S:0.0) [  ]
21:00:06.62   RLINK -- SENDING FORCED ACK from Peer 15 to Peer 11 - timeSinceLastAckMS        364, transmitAckLastTimeMS    3833769 | Peer ---E- M#00000000 Sack00000006 NSack00000000 (C0.0% S:0.0) [  ]
21:00:06.65   RLINK -- SENDING FORCED ACK from Peer 15 to Peer 2 - timeSinceLastAckMS        273, transmitAckLastTimeMS    3833799 | Peer ---E- M#00000000 Sack00000007 NSack00000000 (C0.0% S:0.0) [  ]
21:00:06.74   RLINK -- SENDING FORCED ACK from Peer 15 to Peer 12 - timeSinceLastAckMS        364, transmitAckLastTimeMS    3833890 | Peer ---E- M#00000000 Sack00000003 NSack00000000 (C0.0% S:0.0) [  ]
21:00:06.75   GAME -- Ending FE
21:00:06.75   UIFrontEnd - Unloading Front End
21:00:06.77   RLINK -- SENDING FORCED ACK from Peer 15 to Peer 4 - timeSinceLastAckMS        273, transmitAckLastTimeMS    3833921 | Peer ---E- M#00000000 Sack00000005 NSack00000000 (C0.0% S:0.0) [  ]
21:00:06.77   RLINK -- SENDING FORCED ACK from Peer 15 to Peer 10 - timeSinceLastAckMS        273, transmitAckLastTimeMS    3833921 | Peer ---E- M#00000000 Sack00000006 NSack00000000 (C0.0% S:0.0) [  ]
21:00:06.77   SOUND -- Shutting down ...
21:00:06.83   RLINK -- [P#15] SrcP# 3 ignoring old retry: 2 expect: 3
21:00:06.86   RLINK -- SENDING FORCED ACK from Peer 15 to Peer 1 - timeSinceLastAckMS        336, transmitAckLastTimeMS    3834014 | Peer ---E- M#00000000 Sack00000044 NSack00000000 (C0.0% S:0.0) [  ]
21:00:06.86   RLINK -- SENDING FORCED ACK from Peer 15 to Peer 3 - timeSinceLastAckMS        488, transmitAckLastTimeMS    3834014 | Peer ---E- M#00000000 Sack00000003 NSack00000000 (C0.0% S:0.0) [  ]
21:00:06.86   SOUND -- Shutdown completed!
21:00:06.87   P2PNetworkSynchronization::RegisterPeer - info, registered remote station [1].
21:00:06.87   P2PNetworkSynchronization::RegisterPeer - info, registered remote station [2].
21:00:06.87   P2PNetworkSynchronization::RegisterPeer - info, registered remote station [3].
21:00:06.87   P2PNetworkSynchronization::RegisterPeer - info, registered remote station [4].
21:00:06.87   P2PNetworkSynchronization::RegisterPeer - info, registered remote station [10].
21:00:06.87   P2PNetworkSynchronization::RegisterPeer - info, registered remote station [11].
21:00:06.87   P2PNetworkSynchronization::RegisterPeer - info, registered remote station [12].
21:00:06.88   P2PNetworkSynchronization::RegisterPeer - info, registered local station [15].
21:00:06.88
21:00:06.88   GAME -- *** Beginning mission 8p_montargis region (8 Humans, 0 Computers) ***
21:00:06.88
21:00:06.88   GameObj::StartGameObj - info, network session GUID set to [{9a4ed039-e3c2-4ffa-a57a-ede72bc3cd25}].
21:00:06.89   RLINK -- SENDING FORCED ACK from Peer 15 to Peer 11 - timeSinceLastAckMS        275, transmitAckLastTimeMS    3834044 | Peer ---E- M#00000000 Sack00000007 NSack00000000 (C0.0% S:0.0) [  ]
21:00:06.98   RLINK -- SENDING FORCED ACK from Peer 15 to Peer 2 - timeSinceLastAckMS        336, transmitAckLastTimeMS    3834135 | Peer ---E- M#00000000 Sack00000008 NSack00000000 (C0.0% S:0.0) [  ]
21:00:06.99   GAME -- Recording game
21:00:07.01   Activating screen: GameLoadScreen
21:00:07.02   RLINK -- NetworkManager::DispatchEvents() - Warning - Time between calls was 2535 ms
21:00:07.20   THREAD: Hyper-Threading Technology Processors are not detected.
21:00:07.24   SOUND -- Initializing ...
21:00:07.29   RLINK -- SENDING FORCED ACK from Peer 15 to Peer 1 - timeSinceLastAckMS        270, transmitAckLastTimeMS    3834441 | Peer ---E- M#00000000 Sack00000045 NSack00000000 (C0.0% S:0.0) [  ]
21:00:07.29   RLINK -- SENDING FORCED ACK from Peer 15 to Peer 2 - timeSinceLastAckMS        270, transmitAckLastTimeMS    3834441 | Peer ---E- M#00000000 Sack00000009 NSack00000000 (C0.0% S:0.0) [  ]
21:00:07.29   RLINK -- SENDING FORCED ACK from Peer 15 to Peer 3 - timeSinceLastAckMS        270, transmitAckLastTimeMS    3834441 | Peer ---E- M#00000000 Sack00000004 NSack00000000 (C0.0% S:0.0) [  ]
21:00:07.29   RLINK -- SENDING FORCED ACK from Peer 15 to Peer 4 - timeSinceLastAckMS        270, transmitAckLastTimeMS    3834441 | Peer ---E- M#00000000 Sack00000006 NSack00000000 (C0.0% S:0.0) [  ]
21:00:07.29   RLINK -- SENDING FORCED ACK from Peer 15 to Peer 10 - timeSinceLastAckMS        270, transmitAckLastTimeMS    3834441 | Peer ---E- M#00000000 Sack00000007 NSack00000000 (C0.0% S:0.0) [  ]
21:00:07.29   RLINK -- SENDING FORCED ACK from Peer 15 to Peer 11 - timeSinceLastAckMS        270, transmitAckLastTimeMS    3834441 | Peer ---E- M#00000000 Sack00000008 NSack00000000 (C0.0% S:0.0) [  ]
21:00:07.29   SOUND -- Initialization completed!
21:00:07.30   PHYSICS: detected processor(s) capable of handling 12 threads.
21:00:07.31   MOD -- Locating MOD for scenario 'DATA:scenarios\mp\classic\8p_montargis region\8p_montargis region'
21:00:07.31   MOD -- Using Mod 'RelicCOH'
21:00:07.33   Unable to load/parse precache file [DATA:scenarios\mp\classic\8p_montargis region\8p_montargis region_precache.lua]
21:00:07.35   RLINK -- [P#15] SrcP# 3 ignoring old retry: 3 expect: 5
21:00:07.56   RLINK -- SENDING FORCED ACK from Peer 15 to Peer 1 - timeSinceLastAckMS        271, transmitAckLastTimeMS    3834715 | Peer ---E- M#00000000 Sack00000046 NSack00000000 (C0.0% S:0.0) [  ]
21:00:07.56   RLINK -- SENDING FORCED ACK from Peer 15 to Peer 2 - timeSinceLastAckMS        271, transmitAckLastTimeMS    3834715 | Peer ---E- M#00000000 Sack00000010 NSack00000000 (C0.0% S:0.0) [  ]
21:00:07.56   RLINK -- SENDING FORCED ACK from Peer 15 to Peer 3 - timeSinceLastAckMS        271, transmitAckLastTimeMS    3834715 | Peer ---E- M#00000000 Sack00000005 NSack00000000 (C0.0% S:0.0) [  ]
21:00:07.56   RLINK -- SENDING FORCED ACK from Peer 15 to Peer 4 - timeSinceLastAckMS        271, transmitAckLastTimeMS    3834715 | Peer ---E- M#00000000 Sack00000007 NSack00000000 (C0.0% S:0.0) [  ]
21:00:07.56   RLINK -- SENDING FORCED ACK from Peer 15 to Peer 10 - timeSinceLastAckMS        271, transmitAckLastTimeMS    3834715 | Peer ---E- M#00000000 Sack00000008 NSack00000000 (C0.0% S:0.0) [  ]
21:00:07.56   RLINK -- SENDING FORCED ACK from Peer 15 to Peer 11 - timeSinceLastAckMS        271, transmitAckLastTimeMS    3834715 | Peer ---E- M#00000000 Sack00000009 NSack00000000 (C0.0% S:0.0) [  ]
21:00:07.59   RLINK -- [P#15] SrcP# 3 ignoring old retry: 4 expect: 6
21:00:07.66   GameObjLoader - upgrading load_count from 0 to 568
21:00:07.84   GameObjLoader - upgrading load_count from 568 to 1413
21:00:07.93   RLINK -- SENDING FORCED ACK from Peer 15 to Peer 1 - timeSinceLastAckMS        272, transmitAckLastTimeMS    3835081 | Peer ---E- M#00000000 Sack00000047 NSack00000000 (C0.0% S:0.0) [  ]
21:00:07.93   RLINK -- SENDING FORCED ACK from Peer 15 to Peer 2 - timeSinceLastAckMS        272, transmitAckLastTimeMS    3835081 | Peer ---E- M#00000000 Sack00000011 NSack00000000 (C0.0% S:0.0) [  ]
21:00:07.93   RLINK -- SENDING FORCED ACK from Peer 15 to Peer 3 - timeSinceLastAckMS        272, transmitAckLastTimeMS    3835081 | Peer ---E- M#00000000 Sack00000006 NSack00000000 (C0.0% S:0.0) [  ]
21:00:07.93   RLINK -- SENDING FORCED ACK from Peer 15 to Peer 4 - timeSinceLastAckMS        272, transmitAckLastTimeMS    3835081 | Peer ---E- M#00000000 Sack00000008 NSack00000000 (C0.0% S:0.0) [  ]
21:00:07.93   RLINK -- SENDING FORCED ACK from Peer 15 to Peer 10 - timeSinceLastAckMS        272, transmitAckLastTimeMS    3835081 | Peer ---E- M#00000000 Sack00000009 NSack00000000 (C0.0% S:0.0) [  ]
21:00:07.93   RLINK -- SENDING FORCED ACK from Peer 15 to Peer 11 - timeSinceLastAckMS        272, transmitAckLastTimeMS    3835081 | Peer ---E- M#00000000 Sack00000010 NSack00000000 (C0.0% S:0.0) [  ]
21:00:07.93   RLINK -- SENDING FORCED ACK from Peer 15 to Peer 12 - timeSinceLastAckMS        272, transmitAckLastTimeMS    3835081 | Peer ---E- M#00000000 Sack00000004 NSack00000000 (C0.0% S:0.0) [  ]
21:00:07.96   RLINK -- [P#15] SrcP# 3 ignoring old retry: 5 expect: 7
21:00:08.27   RLINK -- SENDING FORCED ACK from Peer 15 to Peer 1 - timeSinceLastAckMS        273, transmitAckLastTimeMS    3835417 | Peer ---E- M#00000000 Sack00000048 NSack00000000 (C0.0% S:0.0) [  ]
21:00:08.27   RLINK -- SENDING FORCED ACK from Peer 15 to Peer 2 - timeSinceLastAckMS        273, transmitAckLastTimeMS    3835417 | Peer ---E- M#00000000 Sack00000012 NSack00000000 (C0.0% S:0.0) [  ]
21:00:08.27   RLINK -- SENDING FORCED ACK from Peer 15 to Peer 3 - timeSinceLastAckMS        273, transmitAckLastTimeMS    3835417 | Peer ---E- M#00000000 Sack00000007 NSack00000000 (C0.0% S:0.0) [  ]
21:00:08.27   RLINK -- SENDING FORCED ACK from Peer 15 to Peer 4 - timeSinceLastAckMS        273, transmitAckLastTimeMS    3835417 | Peer ---E- M#00000000 Sack00000009 NSack00000000 (C0.0% S:0.0) [  ]
21:00:08.27   RLINK -- SENDING FORCED ACK from Peer 15 to Peer 10 - timeSinceLastAckMS        273, transmitAckLastTimeMS    3835417 | Peer ---E- M#00000000 Sack00000010 NSack00000000 (C0.0% S:0.0) [  ]
21:00:08.27   RLINK -- SENDING FORCED ACK from Peer 15 to Peer 11 - timeSinceLastAckMS        273, transmitAckLastTimeMS    3835417 | Peer ---E- M#00000000 Sack00000011 NSack00000000 (C0.0% S:0.0) [  ]
21:00:08.27   RLINK -- SENDING FORCED ACK from Peer 15 to Peer 12 - timeSinceLastAckMS        274, transmitAckLastTimeMS    3835418 | Peer ---E- M#00000000 Sack00000005 NSack00000000 (C0.0% S:0.0) [  ]
21:00:08.36   RLINK -- [P#15] SrcP# 3 ignoring old retry: 6 expect: 8
21:00:08.57   RLINK -- SENDING FORCED ACK from Peer 15 to Peer 1 - timeSinceLastAckMS        267, transmitAckLastTimeMS    3835724 | Peer ---E- M#00000000 Sack00000049 NSack00000000 (C0.0% S:0.0) [  ]
21:00:08.57   RLINK -- SENDING FORCED ACK from Peer 15 to Peer 2 - timeSinceLastAckMS        267, transmitAckLastTimeMS    3835724 | Peer ---E- M#00000000 Sack00000013 NSack00000000 (C0.0% S:0.0) [  ]
21:00:08.57   RLINK -- SENDING FORCED ACK from Peer 15 to Peer 3 - timeSinceLastAckMS        267, transmitAckLastTimeMS    3835724 | Peer ---E- M#00000000 Sack00000008 NSack00000000 (C0.0% S:0.0) [  ]
21:00:08.57   RLINK -- SENDING FORCED ACK from Peer 15 to Peer 4 - timeSinceLastAckMS        267, transmitAckLastTimeMS    3835724 | Peer ---E- M#00000000 Sack00000010 NSack00000000 (C0.0% S:0.0) [  ]
21:00:08.57   RLINK -- SENDING FORCED ACK from Peer 15 to Peer 10 - timeSinceLastAckMS        267, transmitAckLastTimeMS    3835724 | Peer ---E- M#00000000 Sack00000011 NSack00000000 (C0.0% S:0.0) [  ]
21:00:08.57   RLINK -- SENDING FORCED ACK from Peer 15 to Peer 11 - timeSinceLastAckMS        267, transmitAckLastTimeMS    3835724 | Peer ---E- M#00000000 Sack00000012 NSack00000000 (C0.0% S:0.0) [  ]
21:00:08.57   RLINK -- SENDING FORCED ACK from Peer 15 to Peer 12 - timeSinceLastAckMS        267, transmitAckLastTimeMS    3835724 | Peer ---E- M#00000000 Sack00000006 NSack00000000 (C0.0% S:0.0) [  ]
21:00:08.60   RLINK -- [P#15] SrcP# 3 ignoring old retry: 7 expect: 9
21:00:08.79   GameObjLoader - upgrading load_count from 1413 to 1457
21:00:08.88   RLINK -- SENDING FORCED ACK from Peer 15 to Peer 1 - timeSinceLastAckMS        254, transmitAckLastTimeMS    3836027 | Peer ---E- M#00000000 Sack00000050 NSack00000000 (C0.0% S:0.0) [  ]
21:00:08.88   RLINK -- SENDING FORCED ACK from Peer 15 to Peer 3 - timeSinceLastAckMS        254, transmitAckLastTimeMS    3836027 | Peer ---E- M#00000000 Sack00000009 NSack00000000 (C0.0% S:0.0) [  ]
21:00:08.88   RLINK -- SENDING FORCED ACK from Peer 15 to Peer 10 - timeSinceLastAckMS        254, transmitAckLastTimeMS    3836027 | Peer ---E- M#00000000 Sack00000012 NSack00000000 (C0.0% S:0.0) [  ]
21:00:08.88   RLINK -- SENDING FORCED ACK from Peer 15 to Peer 11 - timeSinceLastAckMS        254, transmitAckLastTimeMS    3836027 | Peer ---E- M#00000000 Sack00000013 NSack00000000 (C0.0% S:0.0) [  ]
21:00:08.88   RLINK -- SENDING FORCED ACK from Peer 15 to Peer 12 - timeSinceLastAckMS        255, transmitAckLastTimeMS    3836028 | Peer ---E- M#00000000 Sack00000007 NSack00000000 (C0.0% S:0.0) [  ]
21:00:08.97   RLINK -- [P#15] SrcP# 3 ignoring old retry: 8 expect: 10
21:00:09.21   RLINK -- SENDING FORCED ACK from Peer 15 to Peer 1 - timeSinceLastAckMS        265, transmitAckLastTimeMS    3836360 | Peer ---E- M#00000000 Sack00000051 NSack00000000 (C0.0% S:0.0) [  ]
21:00:09.21   RLINK -- SENDING FORCED ACK from Peer 15 to Peer 3 - timeSinceLastAckMS        265, transmitAckLastTimeMS    3836360 | Peer ---E- M#00000000 Sack00000010 NSack00000000 (C0.0% S:0.0) [  ]
21:00:09.21   RLINK -- [P#15] SrcP# 3 ignoring old retry: 9 expect: 11
21:00:09.21   RLINK -- SENDING FORCED ACK from Peer 15 to Peer 10 - timeSinceLastAckMS        265, transmitAckLastTimeMS    3836360 | Peer ---E- M#00000000 Sack00000013 NSack00000000 (C0.0% S:0.0) [  ]
21:00:09.21   RLINK -- SENDING FORCED ACK from Peer 15 to Peer 11 - timeSinceLastAckMS        265, transmitAckLastTimeMS    3836360 | Peer ---E- M#00000000 Sack00000014 NSack00000000 (C0.0% S:0.0) [  ]
21:00:09.24   RLINK -- SENDING FORCED ACK from Peer 15 to Peer 4 - timeSinceLastAckMS        295, transmitAckLastTimeMS    3836390 | Peer ---E- M#00000000 Sack00000011 NSack00000000 (C0.0% S:0.0) [  ]
21:00:09.24   RLINK -- SENDING FORCED ACK from Peer 15 to Peer 12 - timeSinceLastAckMS        295, transmitAckLastTimeMS    3836390 | Peer ---E- M#00000000 Sack00000008 NSack00000000 (C0.0% S:0.0) [  ]
21:00:09.54   RLINK -- SENDING FORCED ACK from Peer 15 to Peer 1 - timeSinceLastAckMS        251, transmitAckLastTimeMS    3836691 | Peer ---E- M#00000000 Sack00000052 NSack00000000 (C0.0% S:0.0) [  ]
21:00:09.54   RLINK -- SENDING FORCED ACK from Peer 15 to Peer 3 - timeSinceLastAckMS        251, transmitAckLastTimeMS    3836691 | Peer ---E- M#00000000 Sack00000011 NSack00000000 (C0.0% S:0.0) [  ]
21:00:09.54   RLINK -- SENDING FORCED ACK from Peer 15 to Peer 10 - timeSinceLastAckMS        251, transmitAckLastTimeMS    3836691 | Peer ---E- M#00000000 Sack00000014 NSack00000000 (C0.0% S:0.0) [  ]
21:00:09.54   RLINK -- SENDING FORCED ACK from Peer 15 to Peer 11 - timeSinceLastAckMS        251, transmitAckLastTimeMS    3836691 | Peer ---E- M#00000000 Sack00000015 NSack00000000 (C0.0% S:0.0) [  ]
21:00:09.60   RLINK -- [P#15] SrcP# 3 ignoring old retry: 10 expect: 12
21:00:09.76   GameObjLoader - upgrading load_count from 1457 to 4558
21:00:09.87   RLINK -- SENDING FORCED ACK from Peer 15 to Peer 1 - timeSinceLastAckMS        270, transmitAckLastTimeMS    3837023 | Peer ---E- M#00000000 Sack00000053 NSack00000000 (C0.0% S:0.0) [  ]
21:00:09.87   RLINK -- SENDING FORCED ACK from Peer 15 to Peer 2 - timeSinceLastAckMS        270, transmitAckLastTimeMS    3837023 | Peer ---E- M#00000000 Sack00000014 NSack00000000 (C0.0% S:0.0) [  ]
21:00:09.87   RLINK -- SENDING FORCED ACK from Peer 15 to Peer 3 - timeSinceLastAckMS        270, transmitAckLastTimeMS    3837023 | Peer ---E- M#00000000 Sack00000012 NSack00000000 (C0.0% S:0.0) [  ]
21:00:09.87   RLINK -- SENDING FORCED ACK from Peer 15 to Peer 4 - timeSinceLastAckMS        270, transmitAckLastTimeMS    3837023 | Peer ---E- M#00000000 Sack00000013 NSack00000000 (C0.0% S:0.0) [  ]
21:00:09.87   RLINK -- SENDING FORCED ACK from Peer 15 to Peer 11 - timeSinceLastAckMS        270, transmitAckLastTimeMS    3837023 | Peer ---E- M#00000000 Sack00000016 NSack00000000 (C0.0% S:0.0) [  ]
21:00:09.87   RLINK -- SENDING FORCED ACK from Peer 15 to Peer 12 - timeSinceLastAckMS        270, transmitAckLastTimeMS    3837023 | Peer ---E- M#00000000 Sack00000010 NSack00000000 (C0.0% S:0.0) [  ]
21:00:09.96   RLINK -- [P#15] SrcP# 3 ignoring old retry: 11 expect: 13
21:00:10.17   RLINK -- SENDING FORCED ACK from Peer 15 to Peer 1 - timeSinceLastAckMS        261, transmitAckLastTimeMS    3837325 | Peer ---E- M#00000000 Sack00000054 NSack00000000 (C0.0% S:0.0) [  ]
21:00:10.17   RLINK -- SENDING FORCED ACK from Peer 15 to Peer 3 - timeSinceLastAckMS        261, transmitAckLastTimeMS    3837325 | Peer ---E- M#00000000 Sack00000013 NSack00000000 (C0.0% S:0.0) [  ]
21:00:10.17   RLINK -- SENDING FORCED ACK from Peer 15 to Peer 10 - timeSinceLastAckMS        261, transmitAckLastTimeMS    3837325 | Peer ---E- M#00000000 Sack00000016 NSack00000000 (C0.0% S:0.0) [  ]
21:00:10.17   RLINK -- SENDING FORCED ACK from Peer 15 to Peer 11 - timeSinceLastAckMS        261, transmitAckLastTimeMS    3837325 | Peer ---E- M#00000000 Sack00000017 NSack00000000 (C0.0% S:0.0) [  ]
21:00:10.23   RLINK -- [P#15] SrcP# 3 ignoring old retry: 12 expect: 14
21:00:10.51   RLINK -- SENDING FORCED ACK from Peer 15 to Peer 1 - timeSinceLastAckMS        271, transmitAckLastTimeMS    3837659 | Peer ---E- M#00000000 Sack00000055 NSack00000000 (C0.0% S:0.0) [  ]
21:00:10.51   RLINK -- SENDING FORCED ACK from Peer 15 to Peer 3 - timeSinceLastAckMS        271, transmitAckLastTimeMS    3837659 | Peer ---E- M#00000000 Sack00000014 NSack00000000 (C0.0% S:0.0) [  ]
21:00:10.51   RLINK -- SENDING FORCED ACK from Peer 15 to Peer 4 - timeSinceLastAckMS        271, transmitAckLastTimeMS    3837659 | Peer ---E- M#00000000 Sack00000015 NSack00000000 (C0.0% S:0.0) [  ]
21:00:10.51   RLINK -- SENDING FORCED ACK from Peer 15 to Peer 11 - timeSinceLastAckMS        271, transmitAckLastTimeMS    3837659 | Peer ---E- M#00000000 Sack00000018 NSack00000000 (C0.0% S:0.0) [  ]
21:00:10.51   RLINK -- SENDING FORCED ACK from Peer 15 to Peer 12 - timeSinceLastAckMS        271, transmitAckLastTimeMS    3837659 | Peer ---E- M#00000000 Sack00000012 NSack00000000 (C0.0% S:0.0) [  ]
21:00:10.60   RLINK -- [P#15] SrcP# 3 ignoring old retry: 13 expect: 15
21:00:10.81   RLINK -- SENDING FORCED ACK from Peer 15 to Peer 1 - timeSinceLastAckMS        258, transmitAckLastTimeMS    3837964 | Peer ---E- M#00000000 Sack00000056 NSack00000000 (C0.0% S:0.0) [  ]
21:00:10.81   RLINK -- SENDING FORCED ACK from Peer 15 to Peer 3 - timeSinceLastAckMS        258, transmitAckLastTimeMS    3837964 | Peer ---E- M#00000000 Sack00000015 NSack00000000 (C0.0% S:0.0) [  ]
21:00:10.81   RLINK -- SENDING FORCED ACK from Peer 15 to Peer 10 - timeSinceLastAckMS        258, transmitAckLastTimeMS    3837964 | Peer ---E- M#00000000 Sack00000018 NSack00000000 (C0.0% S:0.0) [  ]
21:00:10.81   RLINK -- SENDING FORCED ACK from Peer 15 to Peer 11 - timeSinceLastAckMS        258, transmitAckLastTimeMS    3837964 | Peer ---E- M#00000000 Sack00000019 NSack00000000 (C0.0% S:0.0) [  ]
21:00:10.84   RLINK -- [P#15] SrcP# 3 ignoring old retry: 14 expect: 16
21:00:11.12   RLINK -- SENDING FORCED ACK from Peer 15 to Peer 1 - timeSinceLastAckMS        253, transmitAckLastTimeMS    3838270 | Peer ---E- M#00000000 Sack00000057 NSack00000000 (C0.0% S:0.0) [  ]
21:00:11.12   RLINK -- SENDING FORCED ACK from Peer 15 to Peer 2 - timeSinceLastAckMS        253, transmitAckLastTimeMS    3838270 | Peer ---E- M#00000000 Sack00000015 NSack00000000 (C0.0% S:0.0) [  ]
21:00:11.12   RLINK -- SENDING FORCED ACK from Peer 15 to Peer 3 - timeSinceLastAckMS        253, transmitAckLastTimeMS    3838270 | Peer ---E- M#00000000 Sack00000016 NSack00000000 (C0.0% S:0.0) [  ]
21:00:11.12   RLINK -- SENDING FORCED ACK from Peer 15 to Peer 11 - timeSinceLastAckMS        253, transmitAckLastTimeMS    3838270 | Peer ---E- M#00000000 Sack00000020 NSack00000000 (C0.0% S:0.0) [  ]
21:00:11.12   RLINK -- SENDING FORCED ACK from Peer 15 to Peer 12 - timeSinceLastAckMS        254, transmitAckLastTimeMS    3838271 | Peer ---E- M#00000000 Sack00000014 NSack00000000 (C0.0% S:0.0) [  ]
21:00:11.18   GameObjLoader 16e79880 - resetting counters
21:00:11.18   GameObjLoader 16e79880 - LOAD_DONE
21:00:11.18   GAME - SessionSetup
21:00:11.21   CommandBPDatabase - Unable to register function [splat_attach] due to missing CommandBP.
21:00:11.21   TERRAINTEXTURE -- compositor added RenderTarget [0] of size 1024 x 1024
21:00:11.21   TERRAINTEXTURE -- compositor added RenderTarget [1] of size 1024 x 1024
21:00:11.21   RLINK -- [P#15] SrcP# 3 ignoring old retry: 15 expect: 17
21:00:11.46   RLINK -- SENDING FORCED ACK from Peer 15 to Peer 1 - timeSinceLastAckMS        280, transmitAckLastTimeMS    3838608 | Peer ---E- M#00000000 Sack00000058 NSack00000000 (C0.0% S:0.0) [  ]
21:00:11.46   RLINK -- SENDING FORCED ACK from Peer 15 to Peer 2 - timeSinceLastAckMS        280, transmitAckLastTimeMS    3838608 | Peer ---E- M#00000000 Sack00000016 NSack00000000 (C0.0% S:0.0) [  ]
21:00:11.46   RLINK -- SENDING FORCED ACK from Peer 15 to Peer 3 - timeSinceLastAckMS        280, transmitAckLastTimeMS    3838608 | Peer ---E- M#00000000 Sack00000017 NSack00000000 (C0.0% S:0.0) [  ]
21:00:11.46   RLINK -- SENDING FORCED ACK from Peer 15 to Peer 11 - timeSinceLastAckMS        280, transmitAckLastTimeMS    3838608 | Peer ---E- M#00000000 Sack00000021 NSack00000000 (C0.0% S:0.0) [  ]
21:00:11.49   RLINK -- [P#15] SrcP# 3 ignoring old retry: 16 expect: 18
21:00:11.52   RLINK -- SENDING FORCED ACK from Peer 15 to Peer 12 - timeSinceLastAckMS        340, transmitAckLastTimeMS    3838668 | Peer ---E- M#00000000 Sack00000015 NSack00000000 (C0.0% S:0.0) [  ]
21:00:11.73   RLINK -- SENDING FORCED ACK from Peer 15 to Peer 11 - timeSinceLastAckMS        272, transmitAckLastTimeMS    3838880 | Peer ---E- M#00000000 Sack00000022 NSack00000000 (C0.0% S:0.0) [  ]
21:00:11.76   RLINK -- SENDING FORCED ACK from Peer 15 to Peer 2 - timeSinceLastAckMS        302, transmitAckLastTimeMS    3838910 | Peer ---E- M#00000000 Sack00000017 NSack00000000 (C0.0% S:0.0) [  ]
21:00:11.79   RLINK -- SENDING FORCED ACK from Peer 15 to Peer 12 - timeSinceLastAckMS        272, transmitAckLastTimeMS    3838940 | Peer ---E- M#00000000 Sack00000016 NSack00000000 (C0.0% S:0.0) [  ]
21:00:11.85   RLINK -- [P#15] SrcP# 3 ignoring old retry: 17 expect: 18
21:00:12.00   RLINK -- SENDING FORCED ACK from Peer 15 to Peer 11 - timeSinceLastAckMS        273, transmitAckLastTimeMS    3839153 | Peer ---E- M#00000000 Sack00000023 NSack00000000 (C0.0% S:0.0) [  ]
21:00:12.12   RLINK -- SENDING FORCED ACK from Peer 15 to Peer 12 - timeSinceLastAckMS        334, transmitAckLastTimeMS    3839274 | Peer ---E- M#00000000 Sack00000017 NSack00000000 (C0.0% S:0.0) [  ]
21:00:12.22   GAME - CreateGEWorld in 1039 ms
21:00:12.25   RLINK -- SENDING FORCED ACK from Peer 15 to Peer 2 - timeSinceLastAckMS        487, transmitAckLastTimeMS    3839397 | Peer ---E- M#00000000 Sack00000018 NSack00000000 (C0.0% S:0.0) [  ]
21:00:12.27   GAME - SessionSetup finished in 1089 ms
21:00:12.28   GAME - WaterReflectionManagerSetup
21:00:12.28   GAME - WaterReflectionManagerSetup finished in 0 ms
21:00:12.31   Regenerating ImpassMap data...
21:00:12.31       Impass Data was already valid, but regenerating...
21:00:12.52   RLINK -- SENDING FORCED ACK from Peer 15 to Peer 2 - timeSinceLastAckMS        251, transmitAckLastTimeMS    3839672 | Peer ---E- M#00000000 Sack00000019 NSack00000000 (C0.0% S:0.0) [  ]
21:00:12.52   RLINK -- SENDING FORCED ACK from Peer 15 to Peer 10 - timeSinceLastAckMS        251, transmitAckLastTimeMS    3839672 | Peer ---E- M#00000000 Sack00000019 NSack00000000 (C0.0% S:0.0) [  ]
21:00:12.52   RLINK -- SENDING FORCED ACK from Peer 15 to Peer 12 - timeSinceLastAckMS        251, transmitAckLastTimeMS    3839672 | Peer ---E- M#00000000 Sack00000018 NSack00000000 (C0.0% S:0.0) [  ]
21:00:12.56   Generating CanBuild Map.  THIS SHOULD ONLY HAPPEN IN WORLDBUILDER!  IF YOU SEE THIS IN GAME, RE-SAVE THE MAP!
21:00:12.56   Regenerating CanBuildMap data...
21:00:12.56   Generating CanShoot Map.
21:00:12.56   Pathfinder::Regenerate()...
21:00:12.60   Generating PathSectorMap...
21:00:12.61   RLINK -- SENDING FORCED ACK from Peer 15 to Peer 4 - timeSinceLastAckMS        343, transmitAckLastTimeMS    3839764 | Peer ---E- M#00000000 Sack00000016 NSack00000000 (C0.0% S:0.0) [  ]
21:00:12.79   RLINK -- SENDING FORCED ACK from Peer 15 to Peer 10 - timeSinceLastAckMS        272, transmitAckLastTimeMS    3839944 | Peer ---E- M#00000000 Sack00000020 NSack00000000 (C0.0% S:0.0) [  ]
21:00:12.79   RLINK -- SENDING FORCED ACK from Peer 15 to Peer 12 - timeSinceLastAckMS        272, transmitAckLastTimeMS    3839944 | Peer ---E- M#00000000 Sack00000019 NSack00000000 (C0.0% S:0.0) [  ]
21:00:12.94   Pathfinder::Regenerate() Done.
21:00:12.97   ModWorld::LoadWinCondition: - [DATA:Scar/WinConditions/ZANNIHILATE.SCAR] succeeded.
21:00:13.01   RLINK -- SENDING FORCED ACK from Peer 15 to Peer 3 - timeSinceLastAckMS        736, transmitAckLastTimeMS    3840157 | Peer ---E- M#00000000 Sack00000018 NSack00000000 (C0.0% S:0.0) [  ]
21:00:13.07   RLINK -- SENDING FORCED ACK from Peer 15 to Peer 12 - timeSinceLastAckMS        274, transmitAckLastTimeMS    3840218 | Peer ---E- M#00000000 Sack00000020 NSack00000000 (C0.0% S:0.0) [  ]
21:00:13.31   RLINK -- SENDING FORCED ACK from Peer 15 to Peer 10 - timeSinceLastAckMS        517, transmitAckLastTimeMS    3840461 | Peer ---E- M#00000000 Sack00000022 NSack00000000 (C0.0% S:0.0) [  ]
21:00:13.31   RLINK -- Session::ProcessPeerMessages - Got DROPOUT from peer 10
21:00:13.31   RLINK -- Session::ProcessPeerMessages - Got DROPOUT from peer 10
21:00:13.37   RLINK -- SENDING FORCED ACK from Peer 15 to Peer 3 - timeSinceLastAckMS        366, transmitAckLastTimeMS    3840523 | Peer ---E- M#00000000 Sack00000019 NSack00000000 (C0.0% S:0.0) [  ]
21:00:13.37   RLINK -- SENDING FORCED ACK from Peer 15 to Peer 12 - timeSinceLastAckMS        305, transmitAckLastTimeMS    3840523 | Peer ---E- M#00000000 Sack00000021 NSack00000000 (C0.0% S:0.0) [  ]
21:00:13.46   RLINK -- [P#15] SrcP# 3 ignoring old retry: 18 expect: 20
21:00:13.55   RLINK -- SENDING FORCED ACK from Peer 15 to Peer 1 - timeSinceLastAckMS       1284, transmitAckLastTimeMS    3840705 | Peer ---E- M#00000000 Sack00000059 NSack00000000 (C0.0% S:0.0) [  ]
21:00:13.55   RLINK -- Removing peer 10 from session due to REMOVEPEER from host PeerID 1
21:00:13.55   RLINK -- Session::SchedulePeerRemove - Scheduling peerID: 10 to disconnect, reasonCode:1004, reason:ended automatch game, leaving match
21:00:13.68   RLINK -- Session::SendData PeerID 10 is marked for death, skipping send
21:00:13.68   LoadArbitrator::UpdateLoadProgress - info, player "[0:2]" finished loading with checksum [2252268088].
21:00:13.68   RLINK -- Session Destroy Peer Event - ReasonID: 1004 ReasonDebug: ended automatch game, leaving match
21:00:13.68   RLINK -- Session::GetEvent DestroyPeer success Peer 10 removed, reasonCode 1004, reasonDebug ended automatch game, leaving match
21:00:13.68   RLINK -- Session::DestroyPeer - deallocating peer 10
21:00:13.68   RLINK -- Session - Requested Disconnect for connectionID 44
21:00:13.68   RLINK -- WorldwideAdvertisementService::Process - EVENT_DESTROYPEER
21:00:13.78   MOD UI - Invalid key combo (event_cue_cycle) found in data:game/keydefaults.lua.  Use format "CTRL+SHIFT+A"
21:00:13.85   Invalid hotkey (event_cue_cycle) in binding 'static_hotkey_bindings_child21'.
21:00:13.86   RLINK -- [P#15] SrcP# 3 ignoring old retry: 19 expect: 20
21:00:13.86   BindingsSystem -- Cannot create binding.  Unknown type 'repair_radius_circle'
21:00:13.86   BindingsSystem -- Cannot create binding.  Unknown type 'repair_radius_circle'
21:00:13.86   BindingsSystem -- Cannot create binding.  Unknown type 'repair_radius_circle'
21:00:13.86   BindingsSystem -- Cannot create binding.  Unknown type 'repair_radius_circle'
21:00:13.86   BindingsSystem -- Cannot create binding.  Unknown type 'repair_radius_circle'
21:00:13.90   SPEECHMANAGER -- Loaded in 0.030731 seconds
21:00:13.95   RLINK -- SENDING FORCED ACK from Peer 15 to Peer 2 - timeSinceLastAckMS        268, transmitAckLastTimeMS    3841098 | Peer ---E- M#00000000 Sack00000020 NSack00000000 (C0.0% S:0.0) [  ]
21:00:13.95   RLINK -- SENDING FORCED ACK from Peer 15 to Peer 12 - timeSinceLastAckMS        268, transmitAckLastTimeMS    3841098 | Peer ---E- M#00000000 Sack00000022 NSack00000000 (C0.0% S:0.0) [  ]
21:00:14.12   LoadArbitrator::UpdateLoadProgress - info, player "[0:2]" finished loading with checksum [2252268088].
21:00:14.32   GameObjLoader - upgrading load_count from 0 to 211
21:00:14.37   RLINK -- SENDING FORCED ACK from Peer 15 to Peer 12 - timeSinceLastAckMS        258, transmitAckLastTimeMS    3841525 | Peer ---E- M#00000000 Sack00000024 NSack00000000 (C0.0% S:0.0) [  ]
21:00:14.48   GameObjLoader 16e79600 - resetting counters
21:00:14.48   GameObjLoader 16e79600 - LOAD_DONE
21:00:14.74   RLINK -- SENDING FORCED ACK from Peer 15 to Peer 12 - timeSinceLastAckMS        258, transmitAckLastTimeMS    3841886 | Peer ---E- M#00000000 Sack00000025 NSack00000000 (C0.0% S:0.0) [  ]
21:00:15.01   RLINK -- SENDING FORCED ACK from Peer 15 to Peer 12 - timeSinceLastAckMS        262, transmitAckLastTimeMS    3842159 | Peer ---E- M#00000000 Sack00000026 NSack00000000 (C0.0% S:0.0) [  ]
21:00:15.13   RLINK -- SENDING FORCED ACK from Peer 15 to Peer 3 - timeSinceLastAckMS        385, transmitAckLastTimeMS    3842282 | Peer ---E- M#00000000 Sack00000020 NSack00000000 (C0.0% S:0.0) [  ]
21:00:15.13   PreloadResources took 381ms.
21:00:15.16   GAME -- Loading completed (8 seconds)
21:00:15.16   SIM -- Setting SyncErrorChecking level to Low
21:00:15.19   LoadArbitrator::UpdateLoadProgress - info, player "[0:15]" finished loading with checksum [2252268088].
21:00:15.47   RLINK -- SENDING FORCED ACK from Peer 15 to Peer 11 - timeSinceLastAckMS        274, transmitAckLastTimeMS    3842619 | Peer ---E- M#00000000 Sack00000025 NSack00000000 (C0.0% S:0.0) [  ]
21:00:15.47   RLINK -- SENDING FORCED ACK from Peer 15 to Peer 12 - timeSinceLastAckMS        274, transmitAckLastTimeMS    3842619 | Peer ---E- M#00000000 Sack00000027 NSack00000000 (C0.0% S:0.0) [  ]
21:00:15.59   RLINK -- [P#15] SrcP# 3 ignoring old retry: 20 expect: 21
21:00:15.74   RLINK -- SENDING FORCED ACK from Peer 15 to Peer 3 - timeSinceLastAckMS        547, transmitAckLastTimeMS    3842892 | Peer ---E- M#00000000 Sack00000021 NSack00000000 (C0.0% S:0.0) [  ]
21:00:15.84   LoadArbitrator::UpdateLoadProgress - info, player "[0:2]" finished loading with checksum [2252268088].
21:00:15.86   RLINK -- SENDING FORCED ACK from Peer 15 to Peer 2 - timeSinceLastAckMS        668, transmitAckLastTimeMS    3843013 | Peer ---E- M#00000000 Sack00000021 NSack00000000 (C0.0% S:0.0) [  ]
21:00:16.11   RLINK -- Accepted matchInfo updated 294 from host
21:00:16.11   LoadArbitrator::UpdateLoadProgress - info, player "[0:10]" dropped during load.
21:00:16.12   GameObjController - OnMatchEvent: event type 4
21:00:16.13   RLINK -- SENDING FORCED ACK from Peer 15 to Peer 3 - timeSinceLastAckMS        393, transmitAckLastTimeMS    3843285 | Peer ---E- M#00000000 Sack00000022 NSack00000000 (C0.0% S:0.0) [  ]
21:00:16.22   RLINK -- [P#15] SrcP# 3 ignoring old retry: 21 expect: 23
21:00:16.26   RLINK -- SENDING FORCED ACK from Peer 15 to Peer 4 - timeSinceLastAckMS       1061, transmitAckLastTimeMS    3843406 | Peer ---E- M#00000000 Sack00000018 NSack00000000 (C0.0% S:0.0) [  ]
21:00:16.50   RLINK -- SENDING FORCED ACK from Peer 15 to Peer 3 - timeSinceLastAckMS        366, transmitAckLastTimeMS    3843651 | Peer ---E- M#00000000 Sack00000023 NSack00000000 (C0.0% S:0.0) [  ]
21:00:16.59   RLINK -- [P#15] SrcP# 3 ignoring old retry: 22 expect: 24
21:00:16.62   RLINK -- SENDING FORCED ACK from Peer 15 to Peer 4 - timeSinceLastAckMS        367, transmitAckLastTimeMS    3843773 | Peer ---E- M#00000000 Sack00000019 NSack00000000 (C0.0% S:0.0) [  ]
21:00:16.86   RLINK -- SENDING FORCED ACK from Peer 15 to Peer 3 - timeSinceLastAckMS        364, transmitAckLastTimeMS    3844015 | Peer ---E- M#00000000 Sack00000024 NSack00000000 (C0.0% S:0.0) [  ]
21:00:17.00   LoadArbitrator::UpdateLoadProgress - info, player "[0:15]" finished loading with checksum [2252268088].
21:00:17.24   LoadArbitrator::UpdateLoadProgress - info, player "[0:3]" finished loading with checksum [2252268088].
21:00:17.26   RLINK -- SENDING FORCED ACK from Peer 15 to Peer 3 - timeSinceLastAckMS        262, transmitAckLastTimeMS    3844411 | Peer ---E- M#00000000 Sack00000026 NSack00000000 (C0.0% S:0.0) [  ]
21:00:17.26   RLINK -- SENDING FORCED ACK from Peer 15 to Peer 4 - timeSinceLastAckMS        262, transmitAckLastTimeMS    3844411 | Peer ---E- M#00000000 Sack00000020 NSack00000000 (C0.0% S:0.0) [  ]
21:00:17.53   RLINK -- SENDING FORCED ACK from Peer 15 to Peer 4 - timeSinceLastAckMS        270, transmitAckLastTimeMS    3844681 | Peer ---E- M#00000000 Sack00000021 NSack00000000 (C0.0% S:0.0) [  ]
21:00:17.60   LoadArbitrator::UpdateLoadProgress - info, player "[0:4]" finished loading with checksum [2252268088].
21:00:17.80   RLINK -- SENDING FORCED ACK from Peer 15 to Peer 4 - timeSinceLastAckMS        270, transmitAckLastTimeMS    3844951 | Peer ---E- M#00000000 Sack00000022 NSack00000000 (C0.0% S:0.0) [  ]
21:00:17.87   LoadArbitrator::UpdateLoadProgress - info, player "[0:2]" finished loading with checksum [2252268088].
21:00:17.89   RLINK -- SENDING FORCED ACK from Peer 15 to Peer 2 - timeSinceLastAckMS        893, transmitAckLastTimeMS    3845042 | Peer ---E- M#00000000 Sack00000022 NSack00000000 (C0.0% S:0.0) [  ]
21:00:18.51   RLINK -- SENDING FORCED ACK from Peer 15 to Peer 11 - timeSinceLastAckMS       1509, transmitAckLastTimeMS    3845658 | Peer ---E- M#00000000 Sack00000026 NSack00000000 (C0.0% S:0.0) [  ]
21:00:18.73   LoadArbitrator::UpdateLoadProgress - info, player "[0:3]" finished loading with checksum [2252268088].
21:00:18.75   RLINK -- SENDING FORCED ACK from Peer 15 to Peer 3 - timeSinceLastAckMS       1490, transmitAckLastTimeMS    3845901 | Peer ---E- M#00000000 Sack00000027 NSack00000000 (C0.0% S:0.0) [  ]
21:00:18.87   RLINK -- SENDING FORCED ACK from Peer 15 to Peer 11 - timeSinceLastAckMS        363, transmitAckLastTimeMS    3846021 | Peer ---E- M#00000000 Sack00000027 NSack00000000 (C0.0% S:0.0) [  ]
21:00:18.97   LoadArbitrator::UpdateLoadProgress - info, player "[0:4]" finished loading with checksum [2252268088].
21:00:18.99   RLINK -- SENDING FORCED ACK from Peer 15 to Peer 4 - timeSinceLastAckMS       1191, transmitAckLastTimeMS    3846142 | Peer ---E- M#00000000 Sack00000023 NSack00000000 (C0.0% S:0.0) [  ]
21:00:19.00   LoadArbitrator::UpdateLoadProgress - info, player "[0:15]" finished loading with checksum [2252268088].
21:00:19.27   RLINK -- SENDING FORCED ACK from Peer 15 to Peer 11 - timeSinceLastAckMS        267, transmitAckLastTimeMS    3846416 | Peer ---E- M#00000000 Sack00000028 NSack00000000 (C0.0% S:0.0) [  ]
21:00:19.63   RLINK -- SENDING FORCED ACK from Peer 15 to Peer 11 - timeSinceLastAckMS        360, transmitAckLastTimeMS    3846776 | Peer ---E- M#00000000 Sack00000029 NSack00000000 (C0.0% S:0.0) [  ]
21:00:19.87   LoadArbitrator::UpdateLoadProgress - info, player "[0:2]" finished loading with checksum [2252268088].
21:00:19.90   RLINK -- SENDING FORCED ACK from Peer 15 to Peer 2 - timeSinceLastAckMS        897, transmitAckLastTimeMS    3847046 | Peer ---E- M#00000000 Sack00000023 NSack00000000 (C0.0% S:0.0) [  ]
21:00:20.51   RLINK -- SENDING FORCED ACK from Peer 15 to Peer 11 - timeSinceLastAckMS        883, transmitAckLastTimeMS    3847659 | Peer ---E- M#00000000 Sack00000030 NSack00000000 (C0.0% S:0.0) [  ]
21:00:20.60   LoadArbitrator::UpdateLoadProgress - info, player "[0:11]" finished loading with checksum [2252268088].
21:00:20.73   LoadArbitrator::UpdateLoadProgress - info, player "[0:3]" finished loading with checksum [2252268088].
21:00:20.75   RLINK -- SENDING FORCED ACK from Peer 15 to Peer 3 - timeSinceLastAckMS       1754, transmitAckLastTimeMS    3847903 | Peer ---E- M#00000000 Sack00000028 NSack00000000 (C0.0% S:0.0) [  ]
21:00:20.78   RLINK -- SENDING FORCED ACK from Peer 15 to Peer 11 - timeSinceLastAckMS        275, transmitAckLastTimeMS    3847934 | Peer ---E- M#00000000 Sack00000031 NSack00000000 (C0.0% S:0.0) [  ]
21:00:20.87   RLINK -- SENDING FORCED ACK from Peer 15 to Peer 12 - timeSinceLastAckMS       1876, transmitAckLastTimeMS    3848025 | Peer ---E- M#00000000 Sack00000028 NSack00000000 (C0.0% S:0.0) [  ]
21:00:20.97   LoadArbitrator::UpdateLoadProgress - info, player "[0:4]" finished loading with checksum [2252268088].
21:00:21.00   RLINK -- SENDING FORCED ACK from Peer 15 to Peer 4 - timeSinceLastAckMS       1999, transmitAckLastTimeMS    3848148 | Peer ---E- M#00000000 Sack00000024 NSack00000000 (C0.0% S:0.0) [  ]
21:00:21.00   LoadArbitrator::UpdateLoadProgress - info, player "[0:15]" finished loading with checksum [2252268088].
21:00:21.27   RLINK -- SENDING FORCED ACK from Peer 15 to Peer 12 - timeSinceLastAckMS        274, transmitAckLastTimeMS    3848423 | Peer ---E- M#00000000 Sack00000029 NSack00000000 (C0.0% S:0.0) [  ]
21:00:21.76   RLINK -- SENDING FORCED ACK from Peer 15 to Peer 1 - timeSinceLastAckMS        758, transmitAckLastTimeMS    3848907 | Peer ---E- M#00000000 Sack00000062 NSack00000000 (C0.0% S:0.0) [  ]
21:00:21.85   LoadArbitrator::UpdateLoadProgress - info, player "[0:2]" finished loading with checksum [2252268088].
21:00:21.88   RLINK -- SENDING FORCED ACK from Peer 15 to Peer 2 - timeSinceLastAckMS        879, transmitAckLastTimeMS    3849028 | Peer ---E- M#00000000 Sack00000024 NSack00000000 (C0.0% S:0.0) [  ]
21:00:22.22   LoadArbitrator::UpdateLoadProgress - info, player "[0:11]" finished loading with checksum [2252268088].
21:00:22.25   RLINK -- SENDING FORCED ACK from Peer 15 to Peer 1 - timeSinceLastAckMS        490, transmitAckLastTimeMS    3849397 | Peer ---E- M#00000000 Sack00000063 NSack00000000 (C0.0% S:0.0) [  ]
21:00:22.25   RLINK -- SENDING FORCED ACK from Peer 15 to Peer 11 - timeSinceLastAckMS       1248, transmitAckLastTimeMS    3849397 | Peer ---E- M#00000000 Sack00000032 NSack00000000 (C0.0% S:0.0) [  ]
21:00:22.64   RLINK -- SENDING FORCED ACK from Peer 15 to Peer 1 - timeSinceLastAckMS        396, transmitAckLastTimeMS    3849793 | Peer ---E- M#00000000 Sack00000064 NSack00000000 (C0.0% S:0.0) [  ]
21:00:22.74   LoadArbitrator::UpdateLoadProgress - info, player "[0:3]" finished loading with checksum [2252268088].
21:00:22.76   RLINK -- SENDING FORCED ACK from Peer 15 to Peer 3 - timeSinceLastAckMS       1766, transmitAckLastTimeMS    3849915 | Peer ---E- M#00000000 Sack00000029 NSack00000000 (C0.0% S:0.0) [  ]
21:00:22.98   LoadArbitrator::UpdateLoadProgress - info, player "[0:4]" finished loading with checksum [2252268088].
21:00:23.00   LoadArbitrator::UpdateLoadProgress - info, player "[0:15]" finished loading with checksum [2252268088].
21:00:23.86   LoadArbitrator::UpdateLoadProgress - info, player "[0:2]" finished loading with checksum [2252268088].
21:00:23.89   RLINK -- SENDING FORCED ACK from Peer 15 to Peer 2 - timeSinceLastAckMS        893, transmitAckLastTimeMS    3851043 | Peer ---E- M#00000000 Sack00000025 NSack00000000 (C0.0% S:0.0) [  ]
21:00:24.11   LoadArbitrator::UpdateLoadProgress - info, player "[0:1]" finished loading with checksum [2252268088].
21:00:24.14   RLINK -- SENDING FORCED ACK from Peer 15 to Peer 1 - timeSinceLastAckMS       1137, transmitAckLastTimeMS    3851287 | Peer ---E- M#00000000 Sack00000066 NSack00000000 (C0.0% S:0.0) [  ]
21:00:24.23   LoadArbitrator::UpdateLoadProgress - info, player "[0:11]" finished loading with checksum [2252268088].
21:00:24.26   RLINK -- SENDING FORCED ACK from Peer 15 to Peer 11 - timeSinceLastAckMS       1260, transmitAckLastTimeMS    3851410 | Peer ---E- M#00000000 Sack00000033 NSack00000000 (C0.0% S:0.0) [  ]
21:00:24.50   RLINK -- Asked to remove user 00000000:0012f8fa :/steam/76561198263392865 that doesn't exist
21:00:24.50   RLINK -- Asked to remove user 00000000:00010a0c :/steam/76561198042361155 that doesn't exist
21:00:24.50   RLINK -- Asked to remove user 00000000:0000b081 :/steam/76561198079666514 that doesn't exist
21:00:24.50   RLINK -- Asked to remove user 00000000:0014eaa3 :/steam/76561198330314774 that doesn't exist
21:00:24.50   RLINK -- Asked to remove user 00000000:001152ce :/steam/76561198347028849 that doesn't exist
21:00:24.50   RLINK -- Asked to remove user 00000000:000224a7 :/steam/76561197975452220 that doesn't exist
21:00:24.71   LoadArbitrator::UpdateLoadProgress - info, player "[0:3]" finished loading with checksum [2252268088].
21:00:24.74   RLINK -- SENDING FORCED ACK from Peer 15 to Peer 3 - timeSinceLastAckMS       1744, transmitAckLastTimeMS    3851894 | Peer ---E- M#00000000 Sack00000030 NSack00000000 (C0.0% S:0.0) [  ]
21:00:24.99   LoadArbitrator::UpdateLoadProgress - info, player "[0:4]" finished loading with checksum [2252268088].
21:00:25.00   LoadArbitrator::UpdateLoadProgress - info, player "[0:15]" finished loading with checksum [2252268088].
21:00:25.11   LoadArbitrator::UpdateLoadProgress - info, player "[0:1]" finished loading with checksum [2252268088].
21:00:25.26   RLINK -- SENDING FORCED ACK from Peer 15 to Peer 1 - timeSinceLastAckMS        259, transmitAckLastTimeMS    3852409 | Peer ---E- M#00000000 Sack00000067 NSack00000000 (C0.0% S:0.0) [  ]
21:00:25.85   LoadArbitrator::UpdateLoadProgress - info, player "[0:2]" finished loading with checksum [2252268088].
21:00:25.87   RLINK -- SENDING FORCED ACK from Peer 15 to Peer 2 - timeSinceLastAckMS        875, transmitAckLastTimeMS    3853025 | Peer ---E- M#00000000 Sack00000026 NSack00000000 (C0.0% S:0.0) [  ]
21:00:25.87   RLINK -- SENDING FORCED ACK from Peer 15 to Peer 12 - timeSinceLastAckMS        875, transmitAckLastTimeMS    3853025 | Peer ---E- M#00000000 Sack00000030 NSack00000000 (C0.0% S:0.0) [  ]
21:00:26.37   LoadArbitrator::UpdateLoadProgress - info, player "[0:11]" finished loading with checksum [2252268088].
21:00:26.40   RLINK -- SENDING FORCED ACK from Peer 15 to Peer 11 - timeSinceLastAckMS       1397, transmitAckLastTimeMS    3853547 | Peer ---E- M#00000000 Sack00000034 NSack00000000 (C0.0% S:0.0) [  ]
21:00:26.52   RLINK -- SENDING FORCED ACK from Peer 15 to Peer 12 - timeSinceLastAckMS        642, transmitAckLastTimeMS    3853667 | Peer ---E- M#00000000 Sack00000031 NSack00000000 (C0.0% S:0.0) [  ]
21:00:26.73   LoadArbitrator::UpdateLoadProgress - info, player "[0:3]" finished loading with checksum [2252268088].
21:00:26.76   RLINK -- SENDING FORCED ACK from Peer 15 to Peer 3 - timeSinceLastAckMS       1759, transmitAckLastTimeMS    3853909 | Peer ---E- M#00000000 Sack00000031 NSack00000000 (C0.0% S:0.0) [  ]
21:00:26.88   RLINK -- SENDING FORCED ACK from Peer 15 to Peer 12 - timeSinceLastAckMS        365, transmitAckLastTimeMS    3854032 | Peer ---E- M#00000000 Sack00000032 NSack00000000 (C0.0% S:0.0) [  ]
21:00:26.98   LoadArbitrator::UpdateLoadProgress - info, player "[0:4]" finished loading with checksum [2252268088].
21:00:27.00   LoadArbitrator::UpdateLoadProgress - info, player "[0:15]" finished loading with checksum [2252268088].
21:00:27.10   LoadArbitrator::UpdateLoadProgress - info, player "[0:1]" finished loading with checksum [2252268088].
21:00:27.28   RLINK -- SENDING FORCED ACK from Peer 15 to Peer 1 - timeSinceLastAckMS        279, transmitAckLastTimeMS    3854430 | Peer ---E- M#00000000 Sack00000068 NSack00000000 (C0.0% S:0.0) [  ]
21:00:27.28   RLINK -- SENDING FORCED ACK from Peer 15 to Peer 12 - timeSinceLastAckMS        279, transmitAckLastTimeMS    3854430 | Peer ---E- M#00000000 Sack00000033 NSack00000000 (C0.0% S:0.0) [  ]
21:00:27.86   LoadArbitrator::UpdateLoadProgress - info, player "[0:2]" finished loading with checksum [2252268088].
21:00:27.89   RLINK -- SENDING FORCED ACK from Peer 15 to Peer 2 - timeSinceLastAckMS        892, transmitAckLastTimeMS    3855043 | Peer ---E- M#00000000 Sack00000027 NSack00000000 (C0.0% S:0.0) [  ]
21:00:28.23   LoadArbitrator::UpdateLoadProgress - info, player "[0:11]" finished loading with checksum [2252268088].
21:00:28.26   RLINK -- SENDING FORCED ACK from Peer 15 to Peer 11 - timeSinceLastAckMS       1258, transmitAckLastTimeMS    3855409 | Peer ---E- M#00000000 Sack00000035 NSack00000000 (C0.0% S:0.0) [  ]
21:00:28.72   LoadArbitrator::UpdateLoadProgress - info, player "[0:3]" finished loading with checksum [2252268088].
21:00:28.75   RLINK -- SENDING FORCED ACK from Peer 15 to Peer 3 - timeSinceLastAckMS       1746, transmitAckLastTimeMS    3855897 | Peer ---E- M#00000000 Sack00000032 NSack00000000 (C0.0% S:0.0) [  ]
21:00:28.75   RLINK -- SENDING FORCED ACK from Peer 15 to Peer 12 - timeSinceLastAckMS       1467, transmitAckLastTimeMS    3855897 | Peer ---E- M#00000000 Sack00000034 NSack00000000 (C0.0% S:0.0) [  ]
21:00:28.87   LoadArbitrator::UpdateLoadProgress - info, player "[0:12]" finished loading with checksum [2252268088].
21:00:28.88   Activating screen: GameScreen
21:00:28.88   Activating screen: Decorators_widescreen
21:00:28.88   Activating screen: Taskbar_widescreen
21:00:28.88   Activating screen: SubtitleScreen
21:00:28.88   Activating screen: TextOverlayScreen
21:00:28.93   PerformanceRecorder::StartRecording for game size 8
21:00:28.93   GAME -- Starting mission...
21:00:29.02   RLINK -- SENDING FORCED ACK from Peer 15 to Peer 4 - timeSinceLastAckMS       2018, transmitAckLastTimeMS    3856169 | Peer ---E- M#00000000 Sack00000028 NSack00000000 (C0.0% S:0.0) [  ]
21:00:29.02   RLINK -- SENDING FORCED ACK from Peer 15 to Peer 12 - timeSinceLastAckMS        272, transmitAckLastTimeMS    3856169 | Peer ---E- M#00000000 Sack00000035 NSack00000000 (C0.0% S:0.0) [  ]
21:00:29.18   LoadArbitrator::UpdateLoadProgress - info, player "[0:4]" finished loading with checksum [2252268088].
21:00:31.52   RLINK -- SENDING FORCED ACK from Peer 15 to Peer 11 - timeSinceLastAckMS       3263, transmitAckLastTimeMS    3858672 | Peer ---E- M#00000000 Sack00000036 NSack00000000 (C0.0% S:0.0) [  ]
21:00:33.01   RLINK -- Transport - median kBPS [hi/cur] sent = 0.2/0.0, recvd = 0.0/0.0, #p/sec[s/r] = 1.1/0.0, max unsent 0, version err 0, merge 0
21:00:34.38   RLINK -- SENDING FORCED ACK from Peer 15 to Peer 1 - timeSinceLastAckMS       1865, transmitAckLastTimeMS    3861529 | Peer ---E- M#00000000 Sack00000069 NSack00000000 (C0.0% S:0.0) [  ]
21:00:34.77   RLINK -- SENDING FORCED ACK from Peer 15 to Peer 2 - timeSinceLastAckMS       2258, transmitAckLastTimeMS    3861922 | Peer ---E- M#00000000 Sack00000028 NSack00000000 (C0.0% S:0.0) [  ]
21:00:36.88   RLINK -- SENDING FORCED ACK from Peer 15 to Peer 1 - timeSinceLastAckMS       1343, transmitAckLastTimeMS    3864031 | Peer ---E- M#00000000 Sack00000070 NSack00000000 (C0.0% S:0.0) [  ]
21:00:37.49   RLINK -- SENDING FORCED ACK from Peer 15 to Peer 12 - timeSinceLastAckMS        276, transmitAckLastTimeMS    3864642 | Peer ---E- M#00000000 Sack00000036 NSack00000000 (C0.0% S:0.0) [  ]
21:00:39.08   RLINK -- [P#15] SrcP# 1 buffer out of seq: 72 expect: 71
21:00:39.08   RLINK -- [P#15] SrcP# 1 buffer out of seq: 73 expect: 71
21:00:39.11   RLINK -- SrcP# 1 deliver out of seq: 72 expect: 72
21:00:39.11   RLINK -- SrcP# 1 erase out of seq: 72 expect: 72
21:00:39.11   RLINK -- SrcP# 1 deliver out of seq: 73 expect: 73
21:00:39.11   RLINK -- SrcP# 1 erase out of seq: 73 expect: 73
21:00:39.11   RLINK -- Removing peer 1 from session due to REMOVEPEER from host PeerID 1
21:00:39.11   RLINK -- Session::BeginMigration - my PeerID 15
21:00:39.11   RLINK -- Session::SchedulePeerRemove - Scheduling peerID: 1 to disconnect, reasonCode:1004, reason:disconnected
21:00:39.11   RLINK -- Removing peer 1 from session due to REMOVEPEER from host PeerID 1
21:00:39.11   RLINK -- Session::OnIntegrityCheck - we peer 15 (we're not host) migrateState MIGRATING  Got INTEGRITYCHECK from peer 15 proposing peer 15 migrateState 1
21:00:39.11   RLINK -- Peer::Send peer 1 is marked for deletion (skipping)
21:00:39.14   RLINK -- Session::OnIntegrityCheck - we peer 15 (we're not host) migrateState MIGRATING  Got INTEGRITYCHECK from peer 15 proposing peer 15 migrateState 1
21:00:39.14   RLINK -- Peer::Send peer 1 is marked for deletion (skipping)
21:00:39.17   RLINK -- Session::OnIntegrityCheck - we peer 15 (we're not host) migrateState MIGRATING  Got INTEGRITYCHECK from peer 15 proposing peer 15 migrateState 1
21:00:39.17   RLINK -- Peer::Send peer 1 is marked for deletion (skipping)
21:00:39.20   RLINK -- Session::OnIntegrityCheck - we peer 15 (we're not host) migrateState MIGRATING  Got INTEGRITYCHECK from peer 15 proposing peer 15 migrateState 1
21:00:39.20   RLINK -- Peer::Send peer 1 is marked for deletion (skipping)
21:00:39.23   RLINK -- Session::OnIntegrityCheck - we peer 15 (we're not host) migrateState MIGRATING  Got INTEGRITYCHECK from peer 15 proposing peer 15 migrateState 1
21:00:39.23   RLINK -- Peer::Send peer 1 is marked for deletion (skipping)
21:00:39.26   RLINK -- Session::OnIntegrityCheck - we peer 15 (we're not host) migrateState MIGRATING  Got INTEGRITYCHECK from peer 15 proposing peer 15 migrateState 1
21:00:39.26   RLINK -- Peer::Send peer 1 is marked for deletion (skipping)
21:00:39.29   RLINK -- Session::OnIntegrityCheck - we peer 15 (we're not host) migrateState MIGRATING  Got INTEGRITYCHECK from peer 15 proposing peer 15 migrateState 1
21:00:39.29   RLINK -- Peer::Send peer 1 is marked for deletion (skipping)
21:00:39.32   RLINK -- Session::OnIntegrityCheck - we peer 15 (we're not host) migrateState MIGRATING  Got INTEGRITYCHECK from peer 2 proposing peer 2 migrateState 1
21:00:39.32   RLINK -- Session::OnIntegrityCheck - we peer 15 (we're not host) migrateState MIGRATING  Got INTEGRITYCHECK from peer 3 proposing peer 3 migrateState 1
21:00:39.32   RLINK -- Session::OnIntegrityCheck - we peer 15 (we're not host) migrateState MIGRATING  Got INTEGRITYCHECK from peer 3 proposing peer 3 migrateState 1
21:00:39.32   RLINK -- Session::OnIntegrityCheck - we peer 15 (we're not host) migrateState MIGRATING  Got INTEGRITYCHECK from peer 11 proposing peer 11 migrateState 1
21:00:39.32   RLINK -- Session::OnIntegrityCheck - we peer 15 (we're not host) migrateState MIGRATING  Got INTEGRITYCHECK from peer 11 proposing peer 11 migrateState 1
21:00:39.32   RLINK -- Session::OnIntegrityCheck - we peer 15 (we're not host) migrateState MIGRATING  Got INTEGRITYCHECK from peer 12 proposing peer 12 migrateState 1
21:00:39.32   RLINK -- Session::OnIntegrityCheck - we peer 15 (we're not host) migrateState MIGRATING  Got INTEGRITYCHECK from peer 12 proposing peer 12 migrateState 1
21:00:39.32   RLINK -- Session::OnIntegrityCheck - we peer 15 (we're not host) migrateState MIGRATING  Got INTEGRITYCHECK from peer 12 proposing peer 12 migrateState 1
21:00:39.32   RLINK -- Session::OnIntegrityCheck - we peer 15 (we're not host) migrateState MIGRATING  Got INTEGRITYCHECK from peer 12 proposing peer 12 migrateState 1
21:00:39.32   RLINK -- Session::OnIntegrityCheck - we peer 15 (we're not host) migrateState MIGRATING  Got INTEGRITYCHECK from peer 15 proposing peer 2 migrateState 1
21:00:39.32   RLINK -- Peer::Send peer 1 is marked for deletion (skipping)
21:00:39.35   RLINK -- Session::OnIntegrityCheck - we peer 15 (we're not host) migrateState MIGRATING  Got INTEGRITYCHECK from peer 15 proposing peer 2 migrateState 1
21:00:39.35   RLINK -- Peer::Send peer 1 is marked for deletion (skipping)
21:00:39.39   RLINK -- Session::OnIntegrityCheck - we peer 15 (we're not host) migrateState MIGRATING  Got INTEGRITYCHECK from peer 15 proposing peer 2 migrateState 1
21:00:39.39   RLINK -- Peer::Send peer 1 is marked for deletion (skipping)
21:00:39.42   RLINK -- Session::OnIntegrityCheck - we peer 15 (we're not host) migrateState MIGRATING  Got INTEGRITYCHECK from peer 15 proposing peer 2 migrateState 1
21:00:39.42   RLINK -- Peer::Send peer 1 is marked for deletion (skipping)
21:00:39.45   RLINK -- Session::OnIntegrityCheck - we peer 15 (we're not host) migrateState MIGRATING  Got INTEGRITYCHECK from peer 2 proposing peer 2 migrateState 1
21:00:39.45   RLINK -- Session::OnIntegrityCheck - we peer 15 (we're not host) migrateState MIGRATING  Got INTEGRITYCHECK from peer 2 proposing peer 2 migrateState 1
21:00:39.45   RLINK -- Session::OnIntegrityCheck - we peer 15 (we're not host) migrateState MIGRATING  Got INTEGRITYCHECK from peer 2 proposing peer 2 migrateState 1
21:00:39.45   RLINK -- Session::OnIntegrityCheck - we peer 15 (we're not host) migrateState MIGRATING  Got INTEGRITYCHECK from peer 2 proposing peer 2 migrateState 1
21:00:39.45   RLINK -- Session::OnIntegrityCheck - we peer 15 (we're not host) migrateState MIGRATING  Got INTEGRITYCHECK from peer 2 proposing peer 2 migrateState 1
21:00:39.45   RLINK -- Session::OnIntegrityCheck - we peer 15 (we're not host) migrateState MIGRATING  Got INTEGRITYCHECK from peer 2 proposing peer 2 migrateState 1
21:00:39.45   RLINK -- Session::OnIntegrityCheck - we peer 15 (we're not host) migrateState MIGRATING  Got INTEGRITYCHECK from peer 3 proposing peer 3 migrateState 1
21:00:39.45   RLINK -- Session::OnIntegrityCheck - we peer 15 (we're not host) migrateState MIGRATING  Got INTEGRITYCHECK from peer 3 proposing peer 3 migrateState 1
21:00:39.45   RLINK -- Session::OnIntegrityCheck - we peer 15 (we're not host) migrateState MIGRATING  Got INTEGRITYCHECK from peer 3 proposing peer 3 migrateState 1
21:00:39.45   RLINK -- Session::OnIntegrityCheck - we peer 15 (we're not host) migrateState MIGRATING  Got INTEGRITYCHECK from peer 3 proposing peer 3 migrateState 1
21:00:39.45   RLINK -- Session::OnIntegrityCheck - we peer 15 (we're not host) migrateState MIGRATING  Got INTEGRITYCHECK from peer 4 proposing peer 4 migrateState 1
21:00:39.45   RLINK -- Session::OnIntegrityCheck - we peer 15 (we're not host) migrateState MIGRATING  Got INTEGRITYCHECK from peer 4 proposing peer 4 migrateState 1
21:00:39.45   RLINK -- Session::OnIntegrityCheck - we peer 15 (we're not host) migrateState MIGRATING  Got INTEGRITYCHECK from peer 4 proposing peer 4 migrateState 1
21:00:39.45   RLINK -- Session::OnIntegrityCheck - we peer 15 (we're not host) migrateState MIGRATING  Got INTEGRITYCHECK from peer 4 proposing peer 4 migrateState 1
21:00:39.45   RLINK -- Session::OnIntegrityCheck - we peer 15 (we're not host) migrateState MIGRATING  Got INTEGRITYCHECK from peer 4 proposing peer 4 migrateState 1
21:00:39.45   RLINK -- Session::OnIntegrityCheck - we peer 15 (we're not host) migrateState MIGRATING  Got INTEGRITYCHECK from peer 4 proposing peer 4 migrateState 1
21:00:39.45   RLINK -- Session::OnIntegrityCheck - we peer 15 (we're not host) migrateState MIGRATING  Got INTEGRITYCHECK from peer 11 proposing peer 11 migrateState 1
21:00:39.45   RLINK -- Session::OnIntegrityCheck - we peer 15 (we're not host) migrateState MIGRATING  Got INTEGRITYCHECK from peer 11 proposing peer 11 migrateState 1
21:00:39.45   RLINK -- Session::OnIntegrityCheck - we peer 15 (we're not host) migrateState MIGRATING  Got INTEGRITYCHECK from peer 11 proposing peer 11 migrateState 1
21:00:39.45   RLINK -- Session::OnIntegrityCheck - we peer 15 (we're not host) migrateState MIGRATING  Got INTEGRITYCHECK from peer 11 proposing peer 11 migrateState 1
21:00:39.45   RLINK -- Session::OnIntegrityCheck - we peer 15 (we're not host) migrateState MIGRATING  Got INTEGRITYCHECK from peer 11 proposing peer 11 migrateState 1
21:00:39.45   RLINK -- Session::OnIntegrityCheck - we peer 15 (we're not host) migrateState MIGRATING  Got INTEGRITYCHECK from peer 11 proposing peer 11 migrateState 1
21:00:39.45   RLINK -- Session::OnIntegrityCheck - we peer 15 (we're not host) migrateState MIGRATING  Got INTEGRITYCHECK from peer 12 proposing peer 12 migrateState 1
21:00:39.45   RLINK -- Session::OnIntegrityCheck - we peer 15 (we're not host) migrateState MIGRATING  Got INTEGRITYCHECK from peer 12 proposing peer 12 migrateState 1
21:00:39.45   RLINK -- Session::OnIntegrityCheck - we peer 15 (we're not host) migrateState MIGRATING  Got INTEGRITYCHECK from peer 12 proposing peer 12 migrateState 1
21:00:39.45   RLINK -- Session::OnIntegrityCheck - we peer 15 (we're not host) migrateState MIGRATING  Got INTEGRITYCHECK from peer 12 proposing peer 2 migrateState 1
21:00:39.45   RLINK -- Session::OnIntegrityCheck - we peer 15 (we're not host) migrateState MIGRATING  Got INTEGRITYCHECK from peer 15 proposing peer 2 migrateState 1
21:00:39.45   RLINK -- Peer::Send peer 1 is marked for deletion (skipping)
21:00:39.48   RLINK -- Session::OnIntegrityCheck - we peer 15 (we're not host) migrateState MIGRATING  Got INTEGRITYCHECK from peer 15 proposing peer 2 migrateState 1
21:00:39.48   RLINK -- Peer::Send peer 1 is marked for deletion (skipping)
21:00:39.51   RLINK -- Session::OnIntegrityCheck - we peer 15 (we're not host) migrateState MIGRATING  Got INTEGRITYCHECK from peer 15 proposing peer 2 migrateState 1
21:00:39.51   RLINK -- Peer::Send peer 1 is marked for deletion (skipping)
21:00:39.54   RLINK -- Session::OnIntegrityCheck - we peer 15 (we're not host) migrateState MIGRATING  Got INTEGRITYCHECK from peer 15 proposing peer 2 migrateState 1
21:00:39.54   RLINK -- Peer::Send peer 1 is marked for deletion (skipping)
21:00:39.57   RLINK -- Session::OnIntegrityCheck - we peer 15 (we're not host) migrateState MIGRATING  Got INTEGRITYCHECK from peer 2 proposing peer 2 migrateState 1
21:00:39.57   RLINK -- Session::OnIntegrityCheck - we peer 15 (we're not host) migrateState MIGRATING  Got INTEGRITYCHECK from peer 2 proposing peer 2 migrateState 1
21:00:39.57   RLINK -- Session::OnIntegrityCheck - we peer 15 (we're not host) migrateState MIGRATING  Got INTEGRITYCHECK from peer 2 proposing peer 2 migrateState 1
21:00:39.57   RLINK -- Session::OnIntegrityCheck - we peer 15 (we're not host) migrateState MIGRATING  Got INTEGRITYCHECK from peer 2 proposing peer 2 migrateState 1
21:00:39.57   RLINK -- Session::OnIntegrityCheck - we peer 15 (we're not host) migrateState MIGRATING  Got INTEGRITYCHECK from peer 3 proposing peer 3 migrateState 1
21:00:39.57   RLINK -- Session::OnIntegrityCheck - we peer 15 (we're not host) migrateState MIGRATING  Got INTEGRITYCHECK from peer 3 proposing peer 2 migrateState 1
21:00:39.57   RLINK -- Session::OnIntegrityCheck - we peer 15 (we're not host) migrateState MIGRATING  Got INTEGRITYCHECK from peer 3 proposing peer 2 migrateState 1
21:00:39.57   RLINK -- Session::OnIntegrityCheck - we peer 15 (we're not host) migrateState MIGRATING  Got INTEGRITYCHECK from peer 3 proposing peer 2 migrateState 1
21:00:39.57   RLINK -- Session::OnIntegrityCheck - we peer 15 (we're not host) migrateState MIGRATING  Got INTEGRITYCHECK from peer 4 proposing peer 4 migrateState 1
21:00:39.57   RLINK -- Session::OnIntegrityCheck - we peer 15 (we're not host) migrateState MIGRATING  Got INTEGRITYCHECK from peer 4 proposing peer 4 migrateState 1
21:00:39.57   RLINK -- Session::OnIntegrityCheck - we peer 15 (we're not host) migrateState MIGRATING  Got INTEGRITYCHECK from peer 4 proposing peer 4 migrateState 1
21:00:39.57   RLINK -- Session::OnIntegrityCheck - we peer 15 (we're not host) migrateState MIGRATING  Got INTEGRITYCHECK from peer 4 proposing peer 4 migrateState 1
21:00:39.57   RLINK -- Session::OnIntegrityCheck - we peer 15 (we're not host) migrateState MIGRATING  Got INTEGRITYCHECK from peer 11 proposing peer 11 migrateState 1
21:00:39.57   RLINK -- Session::OnIntegrityCheck - we peer 15 (we're not host) migrateState MIGRATING  Got INTEGRITYCHECK from peer 11 proposing peer 11 migrateState 1
21:00:39.57   RLINK -- Session::OnIntegrityCheck - we peer 15 (we're not host) migrateState MIGRATING  Got INTEGRITYCHECK from peer 11 proposing peer 11 migrateState 1
21:00:39.57   RLINK -- Session::OnIntegrityCheck - we peer 15 (we're not host) migrateState MIGRATING  Got INTEGRITYCHECK from peer 11 proposing peer 2 migrateState 1
21:00:39.57   RLINK -- Session::OnIntegrityCheck - we peer 15 (we're not host) migrateState MIGRATING  Got INTEGRITYCHECK from peer 11 proposing peer 2 migrateState 1
21:00:39.57   RLINK -- Session::OnIntegrityCheck - we peer 15 (we're not host) migrateState MIGRATING  Got INTEGRITYCHECK from peer 12 proposing peer 2 migrateState 1
21:00:39.57   RLINK -- Session::OnIntegrityCheck - we peer 15 (we're not host) migrateState MIGRATING  Got INTEGRITYCHECK from peer 12 proposing peer 2 migrateState 1
21:00:39.57   RLINK -- Session::OnIntegrityCheck - we peer 15 (we're not host) migrateState MIGRATING  Got INTEGRITYCHECK from peer 12 proposing peer 2 migrateState 1
21:00:39.57   RLINK -- Session::OnIntegrityCheck - we peer 15 (we're not host) migrateState MIGRATING  Got INTEGRITYCHECK from peer 12 proposing peer 2 migrateState 1
21:00:39.57   RLINK -- Session::OnIntegrityCheck - we peer 15 (we're not host) migrateState MIGRATING  Got INTEGRITYCHECK from peer 15 proposing peer 2 migrateState 1
21:00:39.57   RLINK -- Peer::Send peer 1 is marked for deletion (skipping)
21:00:39.60   RLINK -- Session::OnIntegrityCheck - we peer 15 (we're not host) migrateState MIGRATING  Got INTEGRITYCHECK from peer 15 proposing peer 2 migrateState 1
21:00:39.60   RLINK -- Peer::Send peer 1 is marked for deletion (skipping)
21:00:39.63   RLINK -- Session::OnIntegrityCheck - we peer 15 (we're not host) migrateState MIGRATING  Got INTEGRITYCHECK from peer 15 proposing peer 2 migrateState 1
21:00:39.63   RLINK -- Peer::Send peer 1 is marked for deletion (skipping)
21:00:39.66   RLINK -- Session::OnIntegrityCheck - we peer 15 (we're not host) migrateState MIGRATING  Got INTEGRITYCHECK from peer 15 proposing peer 2 migrateState 1
21:00:39.66   RLINK -- Peer::Send peer 1 is marked for deletion (skipping)
21:00:39.69   RLINK -- Session::OnIntegrityCheck - we peer 15 (we're not host) migrateState MIGRATING  Got INTEGRITYCHECK from peer 2 proposing peer 2 migrateState 1
21:00:39.69   RLINK -- Session::OnIntegrityCheck - we peer 15 (we're not host) migrateState MIGRATING  Got INTEGRITYCHECK from peer 2 proposing peer 2 migrateState 1
21:00:39.69   RLINK -- Session::OnIntegrityCheck - we peer 15 (we're not host) migrateState MIGRATING  Got INTEGRITYCHECK from peer 2 proposing peer 2 migrateState 1
21:00:39.69   RLINK -- Session::OnIntegrityCheck - we peer 15 (we're not host) migrateState MIGRATING  Got INTEGRITYCHECK from peer 2 proposing peer 2 migrateState 1
21:00:39.69   RLINK -- Session::OnIntegrityCheck - we peer 15 (we're not host) migrateState MIGRATING  Got INTEGRITYCHECK from peer 3 proposing peer 2 migrateState 1
21:00:39.69   RLINK -- Session::OnIntegrityCheck - we peer 15 (we're not host) migrateState MIGRATING  Got INTEGRITYCHECK from peer 3 proposing peer 2 migrateState 1
21:00:39.69   RLINK -- Session::OnIntegrityCheck - we peer 15 (we're not host) migrateState MIGRATING  Got INTEGRITYCHECK from peer 3 proposing peer 2 migrateState 1
21:00:39.69   RLINK -- Session::OnIntegrityCheck - we peer 15 (we're not host) migrateState MIGRATING  Got INTEGRITYCHECK from peer 3 proposing peer 2 migrateState 1
21:00:39.69   RLINK -- Session::OnIntegrityCheck - we peer 15 (we're not host) migrateState MIGRATING  Got INTEGRITYCHECK from peer 4 proposing peer 4 migrateState 1
21:00:39.69   RLINK -- Session::OnIntegrityCheck - we peer 15 (we're not host) migrateState MIGRATING  Got INTEGRITYCHECK from peer 4 proposing peer 2 migrateState 1
21:00:39.69   RLINK -- Session::OnIntegrityCheck - we peer 15 (we're not host) migrateState MIGRATING  Got INTEGRITYCHECK from peer 4 proposing peer 2 migrateState 1
21:00:39.69   RLINK -- Session::OnIntegrityCheck - we peer 15 (we're not host) migrateState MIGRATING  Got INTEGRITYCHECK from peer 4 proposing peer 2 migrateState 1
21:00:39.69   RLINK -- Session::OnIntegrityCheck - we peer 15 (we're not host) migrateState MIGRATING  Got INTEGRITYCHECK from peer 4 proposing peer 2 migrateState 1
21:00:39.69   RLINK -- Session::OnIntegrityCheck - we peer 15 (we're not host) migrateState MIGRATING  Got INTEGRITYCHECK from peer 4 proposing peer 2 migrateState 1
21:00:39.69   RLINK -- Session::OnIntegrityCheck - we peer 15 (we're not host) migrateState MIGRATING  Got INTEGRITYCHECK from peer 4 proposing peer 2 migrateState 1
21:00:39.69   RLINK -- Session::OnIntegrityCheck - we peer 15 (we're not host) migrateState MIGRATING  Got INTEGRITYCHECK from peer 11 proposing peer 2 migrateState 1
21:00:39.69   RLINK -- Session::OnIntegrityCheck - we peer 15 (we're not host) migrateState MIGRATING  Got INTEGRITYCHECK from peer 11 proposing peer 2 migrateState 1
21:00:39.69   RLINK -- Session::OnIntegrityCheck - we peer 15 (we're not host) migrateState MIGRATING  Got INTEGRITYCHECK from peer 11 proposing peer 2 migrateState 1
21:00:39.69   RLINK -- Session::OnIntegrityCheck - we peer 15 (we're not host) migrateState MIGRATING  Got INTEGRITYCHECK from peer 11 proposing peer 2 migrateState 1
21:00:39.69   RLINK -- Session::OnIntegrityCheck - we peer 15 (we're not host) migrateState MIGRATING  Got INTEGRITYCHECK from peer 11 proposing peer 2 migrateState 1
21:00:39.69   RLINK -- Session::OnIntegrityCheck - we peer 15 (we're not host) migrateState MIGRATING  Got INTEGRITYCHECK from peer 11 proposing peer 2 migrateState 1
21:00:39.69   RLINK -- Session::OnIntegrityCheck - we peer 15 (we're not host) migrateState MIGRATING  Got INTEGRITYCHECK from peer 11 proposing peer 2 migrateState 1
21:00:39.69   RLINK -- Session::OnIntegrityCheck - we peer 15 (we're not host) migrateState MIGRATING  Got INTEGRITYCHECK from peer 11 proposing peer 2 migrateState 1
21:00:39.69   RLINK -- Session::OnIntegrityCheck - we peer 15 (we're not host) migrateState MIGRATING  Got INTEGRITYCHECK from peer 12 proposing peer 2 migrateState 1
21:00:39.69   RLINK -- Session::OnIntegrityCheck - we peer 15 (we're not host) migrateState MIGRATING  Got INTEGRITYCHECK from peer 12 proposing peer 2 migrateState 1
21:00:39.69   RLINK -- Session::OnIntegrityCheck - we peer 15 (we're not host) migrateState MIGRATING  Got INTEGRITYCHECK from peer 12 proposing peer 2 migrateState 1
21:00:39.69   RLINK -- Session::OnIntegrityCheck - we peer 15 (we're not host) migrateState MIGRATING  Got INTEGRITYCHECK from peer 12 proposing peer 2 migrateState 1
21:00:39.69   RLINK -- Session::OnIntegrityCheck - we peer 15 (we're not host) migrateState MIGRATING  Got INTEGRITYCHECK from peer 15 proposing peer 2 migrateState 1
21:00:39.69   RLINK -- Peer::Send peer 1 is marked for deletion (skipping)
21:00:39.70   RLINK -- Session::AllVotesAgree - my peerID: 15 everyone agreed this is rare
21:00:39.70   RLINK -- Session::SelectNewSessionHost - Select peer 2 to be next host (previously peer 1)
21:00:39.70   RLINK -- Session::EndMigrationStage - my PeerID 15 not host, send final IntegrityCheck to host 2
21:00:39.70   GameObj::ShowPlayerDroppedMessage - info, station [1] is disconnected
21:00:39.70   ModUI::OnPlayerDrops player 1003 reason 1
21:00:39.70   RLINK -- Session Destroy Peer Event - ReasonID: 1004 ReasonDebug: disconnected
21:00:39.70   RLINK -- Session::GetEvent DestroyPeer success Peer 1 removed, reasonCode 1004, reasonDebug disconnected
21:00:39.70   RLINK -- Session::DestroyPeer - deallocating peer 1
21:00:39.70   RLINK -- Session - Requested Disconnect for connectionID 39
21:00:39.70   RLINK -- WorldwideAdvertisementService::Process - EVENT_DESTROYPEER
21:00:39.70   RLINK -- peerremove - peerIDRemoved=[00000000:000224a7], reasonID=1004, reason debug hint - disconnected
21:00:39.70   P2PNetworkSynchronization::OnMatchEvent() - Disconnecting player 1
21:00:39.70   GameObjController - OnMatchEvent: event type 1
21:00:39.70   RLINK -- WorldwideAdvertisementService::Process - EVENT_HOSTMIGRATION
21:00:39.70   GameObjController - OnMatchEvent: event type 6
21:00:39.81   RLINK -- Session::OnIntegrityCheck - we peer 15 (we're not host) migrateState IDLE  Got INTEGRITYCHECK from peer 2 proposing peer 2 migrateState 1
21:00:39.81   RLINK -- Session::OnIntegrityCheck - we peer 15 (we're not host) migrateState IDLE  Got INTEGRITYCHECK from peer 2 proposing peer 2 migrateState 1
21:00:39.81   RLINK -- Session::OnIntegrityCheck - we peer 15 (we're not host) migrateState IDLE  Got INTEGRITYCHECK from peer 2 proposing peer 2 migrateState 1
21:00:39.81   RLINK -- Session::OnIntegrityCheck - we peer 15 (we're not host) migrateState IDLE  Got INTEGRITYCHECK from peer 2 proposing peer 2 migrateState 1
21:00:39.81   RLINK -- Session::OnIntegrityCheck - we peer 15 (we're not host) migrateState IDLE  Got INTEGRITYCHECK from peer 3 proposing peer 2 migrateState 1
21:00:39.81   RLINK -- Session::OnIntegrityCheck - we peer 15 (we're not host) migrateState IDLE  Got INTEGRITYCHECK from peer 3 proposing peer 2 migrateState 1
21:00:39.81   RLINK -- Session::OnIntegrityCheck - we peer 15 (we're not host) migrateState IDLE  Got INTEGRITYCHECK from peer 3 proposing peer 2 migrateState 1
21:00:39.81   RLINK -- Session::OnIntegrityCheck - we peer 15 (we're not host) migrateState IDLE  Got INTEGRITYCHECK from peer 3 proposing peer 2 migrateState 1
21:00:39.82   RLINK -- Session::OnIntegrityCheck - we peer 15 (we're not host) migrateState IDLE  Got INTEGRITYCHECK from peer 4 proposing peer 2 migrateState 1
21:00:39.82   RLINK -- Session::OnIntegrityCheck - we peer 15 (we're not host) migrateState IDLE  Got INTEGRITYCHECK from peer 4 proposing peer 2 migrateState 1
21:00:39.82   RLINK -- Session::OnIntegrityCheck - we peer 15 (we're not host) migrateState IDLE  Got INTEGRITYCHECK from peer 4 proposing peer 2 migrateState 1
21:00:39.82   RLINK -- Session::OnIntegrityCheck - we peer 15 (we're not host) migrateState IDLE  Got INTEGRITYCHECK from peer 4 proposing peer 2 migrateState 1
21:00:39.82   RLINK -- Session::OnIntegrityCheck - we peer 15 (we're not host) migrateState IDLE  Got INTEGRITYCHECK from peer 4 proposing peer 2 migrateState 1
21:00:39.82   RLINK -- Session::OnIntegrityCheck - we peer 15 (we're not host) migrateState IDLE  Got INTEGRITYCHECK from peer 4 proposing peer 2 migrateState 1
21:00:39.82   RLINK -- Session::OnIntegrityCheck - we peer 15 (we're not host) migrateState IDLE  Got INTEGRITYCHECK from peer 4 proposing peer 2 migrateState 1
21:00:39.82   RLINK -- Session::OnIntegrityCheck - we peer 15 (we're not host) migrateState IDLE  Got INTEGRITYCHECK from peer 11 proposing peer 2 migrateState 1
21:00:39.82   RLINK -- Session::OnIntegrityCheck - we peer 15 (we're not host) migrateState IDLE  Got INTEGRITYCHECK from peer 11 proposing peer 2 migrateState 1
21:00:39.82   RLINK -- Session::OnIntegrityCheck - we peer 15 (we're not host) migrateState IDLE  Got INTEGRITYCHECK from peer 11 proposing peer 2 migrateState 1
21:00:39.82   RLINK -- Session::OnIntegrityCheck - we peer 15 (we're not host) migrateState IDLE  Got INTEGRITYCHECK from peer 11 proposing peer 2 migrateState 1
21:00:39.82   RLINK -- Session::OnIntegrityCheck - we peer 15 (we're not host) migrateState IDLE  Got INTEGRITYCHECK from peer 11 proposing peer 2 migrateState 1
21:00:39.82   RLINK -- Session::OnIntegrityCheck - we peer 15 (we're not host) migrateState IDLE  Got INTEGRITYCHECK from peer 12 proposing peer 2 migrateState 1
21:00:39.82   RLINK -- Session::OnIntegrityCheck - we peer 15 (we're not host) migrateState IDLE  Got INTEGRITYCHECK from peer 12 proposing peer 2 migrateState 1
21:00:39.82   RLINK -- Session::OnIntegrityCheck - we peer 15 (we're not host) migrateState IDLE  Got INTEGRITYCHECK from peer 12 proposing peer 2 migrateState 1
21:00:39.82   RLINK -- Session::OnIntegrityCheck - we peer 15 (we're not host) migrateState IDLE  Got INTEGRITYCHECK from peer 12 proposing peer 2 migrateState 1
21:00:39.96   RLINK -- Session::OnIntegrityCheck - we peer 15 (we're not host) migrateState IDLE  Got INTEGRITYCHECK from peer 2 proposing peer 2 migrateState 1
21:00:39.96   RLINK -- Session::OnIntegrityCheck - we peer 15 (we're not host) migrateState IDLE  Got INTEGRITYCHECK from peer 2 proposing peer 2 migrateState 1
21:00:39.96   RLINK -- Session::OnIntegrityCheck - we peer 15 (we're not host) migrateState IDLE  Got INTEGRITYCHECK from peer 3 proposing peer 2 migrateState 1
21:00:39.97   RLINK -- Session::OnIntegrityCheck - we peer 15 (we're not host) migrateState IDLE  Got INTEGRITYCHECK from peer 3 proposing peer 2 migrateState 1
21:00:39.97   RLINK -- Session::OnIntegrityCheck - we peer 15 (we're not host) migrateState IDLE  Got INTEGRITYCHECK from peer 3 proposing peer 2 migrateState 1
21:00:39.97   RLINK -- Session::OnIntegrityCheck - we peer 15 (we're not host) migrateState IDLE  Got INTEGRITYCHECK from peer 4 proposing peer 2 migrateState 0
21:00:39.97   RLINK -- Session::OnIntegrityCheck - we peer 15 (we're not host) migrateState IDLE  Got INTEGRITYCHECK from peer 4 proposing peer 2 migrateState 0
21:00:39.97   RLINK -- Session::OnIntegrityCheck - we peer 15 (we're not host) migrateState IDLE  Got INTEGRITYCHECK from peer 11 proposing peer 2 migrateState 1
21:00:39.97   RLINK -- Session::OnIntegrityCheck - we peer 15 (we're not host) migrateState IDLE  Got INTEGRITYCHECK from peer 11 proposing peer 2 migrateState 1
21:00:39.97   RLINK -- Session::OnIntegrityCheck - we peer 15 (we're not host) migrateState IDLE  Got INTEGRITYCHECK from peer 11 proposing peer 2 migrateState 1
21:00:39.97   RLINK -- Session::OnIntegrityCheck - we peer 15 (we're not host) migrateState IDLE  Got INTEGRITYCHECK from peer 11 proposing peer 2 migrateState 0
21:00:39.97   RLINK -- Session::OnIntegrityCheck - we peer 15 (we're not host) migrateState IDLE  Got INTEGRITYCHECK from peer 11 proposing peer 2 migrateState 0
21:00:39.97   RLINK -- Session::OnIntegrityCheck - we peer 15 (we're not host) migrateState IDLE  Got INTEGRITYCHECK from peer 11 proposing peer 2 migrateState 0
21:00:39.97   RLINK -- Session::OnIntegrityCheck - we peer 15 (we're not host) migrateState IDLE  Got INTEGRITYCHECK from peer 11 proposing peer 2 migrateState 0
21:00:39.97   RLINK -- Session::OnIntegrityCheck - we peer 15 (we're not host) migrateState IDLE  Got INTEGRITYCHECK from peer 12 proposing peer 2 migrateState 1
21:00:40.09   RLINK -- Session::OnIntegrityCheck - we peer 15 (we're not host) migrateState IDLE  Got INTEGRITYCHECK from peer 3 proposing peer 2 migrateState 0
21:00:40.09   RLINK -- Session::OnIntegrityCheck - we peer 15 (we're not host) migrateState IDLE  Got INTEGRITYCHECK from peer 3 proposing peer 2 migrateState 0
21:00:40.09   RLINK -- Session::OnIntegrityCheck - we peer 15 (we're not host) migrateState IDLE  Got INTEGRITYCHECK from peer 3 proposing peer 2 migrateState 0
21:00:40.09   RLINK -- Session::OnIntegrityCheck - we peer 15 (we're not host) migrateState IDLE  Got INTEGRITYCHECK from peer 3 proposing peer 2 migrateState 0
21:00:40.09   RLINK -- Session::OnIntegrityCheck - we peer 15 (we're not host) migrateState IDLE  Got INTEGRITYCHECK from peer 4 proposing peer 2 migrateState 0
21:00:40.09   RLINK -- Session::OnIntegrityCheck - we peer 15 (we're not host) migrateState IDLE  Got INTEGRITYCHECK from peer 4 proposing peer 2 migrateState 0
21:00:40.09   RLINK -- Session::OnIntegrityCheck - we peer 15 (we're not host) migrateState IDLE  Got INTEGRITYCHECK from peer 11 proposing peer 2 migrateState 0
21:00:40.09   RLINK -- Session::OnIntegrityCheck - we peer 15 (we're not host) migrateState IDLE  Got INTEGRITYCHECK from peer 11 proposing peer 2 migrateState 0
21:00:40.09   RLINK -- Session::OnIntegrityCheck - we peer 15 (we're not host) migrateState IDLE  Got INTEGRITYCHECK from peer 11 proposing peer 2 migrateState 0
21:00:40.09   RLINK -- Session::OnIntegrityCheck - we peer 15 (we're not host) migrateState IDLE  Got INTEGRITYCHECK from peer 11 proposing peer 2 migrateState 0
21:00:40.09   RLINK -- Session::OnIntegrityCheck - we peer 15 (we're not host) migrateState IDLE  Got INTEGRITYCHECK from peer 12 proposing peer 2 migrateState 0
21:00:40.09   RLINK -- Session::OnIntegrityCheck - we peer 15 (we're not host) migrateState IDLE  Got INTEGRITYCHECK from peer 12 proposing peer 2 migrateState 0
21:00:40.09   RLINK -- Session::OnIntegrityCheck - we peer 15 (we're not host) migrateState IDLE  Got INTEGRITYCHECK from peer 12 proposing peer 2 migrateState 0
21:00:40.09   RLINK -- Session::OnIntegrityCheck - we peer 15 (we're not host) migrateState IDLE  Got INTEGRITYCHECK from peer 12 proposing peer 2 migrateState 0
21:00:40.21   RLINK -- Session::OnIntegrityCheck - we peer 15 (we're not host) migrateState IDLE  Got INTEGRITYCHECK from peer 4 proposing peer 2 migrateState 0
21:00:40.21   RLINK -- Session::OnIntegrityCheck - we peer 15 (we're not host) migrateState IDLE  Got INTEGRITYCHECK from peer 4 proposing peer 2 migrateState 0
21:00:40.21   RLINK -- Session::OnIntegrityCheck - we peer 15 (we're not host) migrateState IDLE  Got INTEGRITYCHECK from peer 4 proposing peer 2 migrateState 0
21:00:40.21   RLINK -- Session::OnIntegrityCheck - we peer 15 (we're not host) migrateState IDLE  Got INTEGRITYCHECK from peer 4 proposing peer 2 migrateState 0
21:00:40.26   RLINK -- Accepted matchInfo updated 297 from host
21:00:40.26   P2PNetworkSynchronization::OnMatchEvent() - Disconnecting player 1
21:00:40.26   GameObjController - OnMatchEvent: event type 1
21:00:40.27   GameObjController - OnMatchEvent: event type 4
21:00:40.37   RLINK -- Accepted matchInfo updated 298 from host
21:00:40.38   GameObjController - OnMatchEvent: event type 4
21:00:42.00   RLINK -- local      PeerID 15 LOCL ack=  0 (  0ms~0) unack=  0, retry=  0, highwaterOOS=0 (ip=WINaddr:192.168.50.236:6112;), pending=0, dead=0, RS#=0/0
21:00:42.00   RLINK --       host PeerID 2 RELY ack= 33 (577ms~80) unack=  0, retry=  0, highwaterOOS=0 (ip=WINaddr:192.168.1.33:6112;), pending=0, dead=0, RS#=33/33
21:00:42.00   RLINK --            PeerID 3 RELY ack= 30 (557ms~46) unack=  0, retry=  0, highwaterOOS=0 (ip=WINaddr:192.168.1.107:6112;), pending=0, dead=0, RS#=30/30
21:00:42.00   RLINK --            PeerID 4 RELY ack= 30 (528ms~42) unack=  0, retry=  0, highwaterOOS=0 (ip=WINaddr:192.168.1.42:6112;), pending=0, dead=0, RS#=30/30
21:00:42.00   RLINK --            PeerID 11 RELY ack= 30 (523ms~31) unack=  0, retry=  0, highwaterOOS=0 (ip=WINaddr:192.168.1.106:6112;), pending=0, dead=0, RS#=30/30
21:00:42.00   RLINK --            PeerID 12 RELY ack= 30 (523ms~32) unack=  0, retry=  0, highwaterOOS=0 (ip=WINaddr:192.168.1.146:6112;), pending=0, dead=0, RS#=30/30
21:00:42.00   RLINK -- MessageCounts: inval=0/0, seek=0/0, join=0/0, ichk=134/280, sk_r=0/0, deny=0/0, Padd=0/15, Pdel=0/6, drop=0/4, data=323/244, mdat=0/0, voip=0/0, rchk=66/0, nudg=4/6, Thdr=66/0, Peer=665/775, PPrx=174/898, ping=0/0, Pfrg=0/0, rely=138/163, lb_p=2/2, lb_c=0/0, cast=0/0, cdat=1/0, sorq1=0/0, sorp=0/0, acto=0/0, spob=0/0, sorq2=0/0
21:00:43.59   RLINK -- [P#15] SrcP# 4 buffer out of seq: 30 expect: 29
21:00:43.59   RLINK -- [P#15] SrcP# 4 buffer out of seq: 31 expect: 29
21:00:43.62   RLINK -- SrcP# 4 deliver out of seq: 30 expect: 30
21:00:43.62   RLINK -- SrcP# 4 erase out of seq: 30 expect: 30
21:00:43.62   RLINK -- SrcP# 4 deliver out of seq: 31 expect: 31
21:00:43.62   RLINK -- SrcP# 4 erase out of seq: 31 expect: 31
21:00:43.62   RLINK -- Session::ProcessPeerMessages - Got DROPOUT from peer 4
21:00:43.62   RLINK -- Session::ProcessPeerMessages - Got DROPOUT from peer 4
21:00:43.63   GameObj::ShowPlayerDroppedMessage - info, station [4] is disconnected
21:00:43.63   ModUI::OnPlayerDrops player 1005 reason 1
21:00:43.65   RLINK -- SENDING FORCED ACK from Peer 15 to Peer 4 - timeSinceLastAckMS       3831, transmitAckLastTimeMS    3870799 | Peer ---E- M#00000000 Sack00000031 NSack00000000 (C0.0% S:0.0) [  ]
21:00:43.69   P2PNetworkSynchronization::RemovePeer - info, drop event received for remote station [10].
21:00:43.70   GameObj::OnRemoteStationDisconnected - info, remote station [a] was disconnected reason 4
21:00:43.70   GameObj::ShowPlayerDroppedMessage - info, station [a] is disconnected
21:00:43.70   ModUI::OnPlayerDrops player 1000 reason 0
21:00:43.70   ModUI::OnPlayerDrops adding player 1000 [45185] as victorious enemy
21:00:43.70   GameObj::SchedulePeerForDestruction - info, frame [1], peer for station [a] scheduled for destruction on frame 1.
21:00:43.70   GAME -- Frame 1 - SchedulePeerForDestruction - peer 1000 scheduledfor destruction
21:00:43.70   GameObj::KillAllDropped - info, processing disconnected player [1000], set to  migrate to station [f], local station [f].
21:00:43.70   GameObj::KillAllDropped - Remote Human - doing station takeover
21:00:43.73   GameObj - AI Simulation for player [0] migrated to local station [f].
21:00:43.83   RLINK -- SENDING FORCED ACK from Peer 15 to Peer 2 - timeSinceLastAckMS        461, transmitAckLastTimeMS    3870984 | Peer ---E- M#00000000 Sack00000031 NSack00000000 (C0.0% S:0.0) [  ]
21:00:43.83   RLINK -- Removing peer 4 from session due to REMOVEPEER from host PeerID 2
21:00:43.83   RLINK -- Session::SchedulePeerRemove - Scheduling peerID: 4 to disconnect, reasonCode:1004, reason:disconnected
21:00:43.85   RLINK -- Session Destroy Peer Event - ReasonID: 1004 ReasonDebug: disconnected
21:00:43.85   RLINK -- Session::GetEvent DestroyPeer success Peer 4 removed, reasonCode 1004, reasonDebug disconnected
21:00:43.85   RLINK -- Session::DestroyPeer - deallocating peer 4
21:00:43.85   RLINK -- Session - Requested Disconnect for connectionID 43
21:00:43.85   RLINK -- WorldwideAdvertisementService::Process - EVENT_DESTROYPEER
21:00:43.85   RLINK -- peerremove - peerIDRemoved=[00000000:0014eaa3], reasonID=1004, reason debug hint - disconnected
21:00:43.85   P2PNetworkSynchronization::OnMatchEvent() - Disconnecting player 4
21:00:43.85   GameObjController - OnMatchEvent: event type 1
21:00:43.87   RLINK -- Accepted matchInfo updated 299 from host
21:00:43.87   P2PNetworkSynchronization::OnMatchEvent() - Disconnecting player 4
21:00:43.87   GameObjController - OnMatchEvent: event type 1
21:00:43.88   GameObjController - OnMatchEvent: event type 4
21:00:44.57   MOD -- Player Abraxas set to AI Type: Remote Human Takeover (frame 7) (CmdAI)
21:00:46.44   RLINK -- [P#15] SrcP# 2 buffer out of seq: 34 expect: 33
21:00:46.44   RLINK -- [P#15] SrcP# 2 buffer out of seq: 35 expect: 33
21:00:46.48   RLINK -- SrcP# 2 deliver out of seq: 34 expect: 34
21:00:46.48   RLINK -- SrcP# 2 erase out of seq: 34 expect: 34
21:00:46.48   RLINK -- SrcP# 2 deliver out of seq: 35 expect: 35
21:00:46.48   RLINK -- SrcP# 2 erase out of seq: 35 expect: 35
21:00:46.48   RLINK -- Removing peer 2 from session due to REMOVEPEER from host PeerID 2
21:00:46.48   RLINK -- Session::BeginMigration - my PeerID 15
21:00:46.48   RLINK -- Session::SchedulePeerRemove - Scheduling peerID: 2 to disconnect, reasonCode:1004, reason:disconnected
21:00:46.48   RLINK -- Removing peer 2 from session due to REMOVEPEER from host PeerID 2
21:00:46.48   RLINK -- Session::OnIntegrityCheck - we peer 15 (we're not host) migrateState MIGRATING  Got INTEGRITYCHECK from peer 15 proposing peer 15 migrateState 1
21:00:46.48   RLINK -- Peer::Send peer 2 is marked for deletion (skipping)
21:00:46.51   RLINK -- Session::OnIntegrityCheck - we peer 15 (we're not host) migrateState MIGRATING  Got INTEGRITYCHECK from peer 15 proposing peer 15 migrateState 1
21:00:46.51   RLINK -- Peer::Send peer 2 is marked for deletion (skipping)
21:00:46.54   RLINK -- Session::OnIntegrityCheck - we peer 15 (we're not host) migrateState MIGRATING  Got INTEGRITYCHECK from peer 15 proposing peer 15 migrateState 1
21:00:46.54   RLINK -- Peer::Send peer 2 is marked for deletion (skipping)
21:00:46.57   RLINK -- Session::OnIntegrityCheck - we peer 15 (we're not host) migrateState MIGRATING  Got INTEGRITYCHECK from peer 15 proposing peer 15 migrateState 1
21:00:46.57   RLINK -- Peer::Send peer 2 is marked for deletion (skipping)
21:00:46.60   RLINK -- Session::OnIntegrityCheck - we peer 15 (we're not host) migrateState MIGRATING  Got INTEGRITYCHECK from peer 15 proposing peer 15 migrateState 1
21:00:46.60   RLINK -- Peer::Send peer 2 is marked for deletion (skipping)
21:00:46.63   RLINK -- Session::OnIntegrityCheck - we peer 15 (we're not host) migrateState MIGRATING  Got INTEGRITYCHECK from peer 15 proposing peer 15 migrateState 1
21:00:46.63   RLINK -- Peer::Send peer 2 is marked for deletion (skipping)
21:00:46.66   RLINK -- Session::OnIntegrityCheck - we peer 15 (we're not host) migrateState MIGRATING  Got INTEGRITYCHECK from peer 15 proposing peer 15 migrateState 1
21:00:46.66   RLINK -- Peer::Send peer 2 is marked for deletion (skipping)
21:00:46.69   RLINK -- Session::OnIntegrityCheck - we peer 15 (we're not host) migrateState MIGRATING  Got INTEGRITYCHECK from peer 15 proposing peer 15 migrateState 1
21:00:46.69   RLINK -- Peer::Send peer 2 is marked for deletion (skipping)
21:00:46.72   RLINK -- Session::OnIntegrityCheck - we peer 15 (we're not host) migrateState MIGRATING  Got INTEGRITYCHECK from peer 3 proposing peer 3 migrateState 1
21:00:46.72   RLINK -- Session::OnIntegrityCheck - we peer 15 (we're not host) migrateState MIGRATING  Got INTEGRITYCHECK from peer 3 proposing peer 3 migrateState 1
21:00:46.72   RLINK -- Session::OnIntegrityCheck - we peer 15 (we're not host) migrateState MIGRATING  Got INTEGRITYCHECK from peer 3 proposing peer 3 migrateState 1
21:00:46.72   RLINK -- Session::OnIntegrityCheck - we peer 15 (we're not host) migrateState MIGRATING  Got INTEGRITYCHECK from peer 11 proposing peer 11 migrateState 1
21:00:46.72   RLINK -- Session::OnIntegrityCheck - we peer 15 (we're not host) migrateState MIGRATING  Got INTEGRITYCHECK from peer 11 proposing peer 11 migrateState 1
21:00:46.72   RLINK -- Session::OnIntegrityCheck - we peer 15 (we're not host) migrateState MIGRATING  Got INTEGRITYCHECK from peer 11 proposing peer 11 migrateState 1
21:00:46.72   RLINK -- Session::OnIntegrityCheck - we peer 15 (we're not host) migrateState MIGRATING  Got INTEGRITYCHECK from peer 11 proposing peer 11 migrateState 1
21:00:46.72   RLINK -- Session::OnIntegrityCheck - we peer 15 (we're not host) migrateState MIGRATING  Got INTEGRITYCHECK from peer 15 proposing peer 3 migrateState 1
21:00:46.72   RLINK -- Peer::Send peer 2 is marked for deletion (skipping)
21:00:46.75   RLINK -- Session::OnIntegrityCheck - we peer 15 (we're not host) migrateState MIGRATING  Got INTEGRITYCHECK from peer 15 proposing peer 3 migrateState 1
21:00:46.75   RLINK -- Peer::Send peer 2 is marked for deletion (skipping)
21:00:46.78   RLINK -- Session::OnIntegrityCheck - we peer 15 (we're not host) migrateState MIGRATING  Got INTEGRITYCHECK from peer 15 proposing peer 3 migrateState 1
21:00:46.78   RLINK -- Peer::Send peer 2 is marked for deletion (skipping)
21:00:46.81   RLINK -- Session::OnIntegrityCheck - we peer 15 (we're not host) migrateState MIGRATING  Got INTEGRITYCHECK from peer 15 proposing peer 3 migrateState 1
21:00:46.81   RLINK -- Peer::Send peer 2 is marked for deletion (skipping)
21:00:46.84   RLINK -- Session::OnIntegrityCheck - we peer 15 (we're not host) migrateState MIGRATING  Got INTEGRITYCHECK from peer 3 proposing peer 3 migrateState 1
21:00:46.84   RLINK -- Session::OnIntegrityCheck - we peer 15 (we're not host) migrateState MIGRATING  Got INTEGRITYCHECK from peer 3 proposing peer 3 migrateState 1
21:00:46.84   RLINK -- Session::OnIntegrityCheck - we peer 15 (we're not host) migrateState MIGRATING  Got INTEGRITYCHECK from peer 3 proposing peer 3 migrateState 1
21:00:46.84   RLINK -- Session::OnIntegrityCheck - we peer 15 (we're not host) migrateState MIGRATING  Got INTEGRITYCHECK from peer 3 proposing peer 3 migrateState 1
21:00:46.84   RLINK -- Session::OnIntegrityCheck - we peer 15 (we're not host) migrateState MIGRATING  Got INTEGRITYCHECK from peer 11 proposing peer 11 migrateState 1
21:00:46.84   RLINK -- Session::OnIntegrityCheck - we peer 15 (we're not host) migrateState MIGRATING  Got INTEGRITYCHECK from peer 11 proposing peer 11 migrateState 1
21:00:46.84   RLINK -- Session::OnIntegrityCheck - we peer 15 (we're not host) migrateState MIGRATING  Got INTEGRITYCHECK from peer 11 proposing peer 11 migrateState 1
21:00:46.84   RLINK -- Session::OnIntegrityCheck - we peer 15 (we're not host) migrateState MIGRATING  Got INTEGRITYCHECK from peer 11 proposing peer 11 migrateState 1
21:00:46.84   RLINK -- Session::OnIntegrityCheck - we peer 15 (we're not host) migrateState MIGRATING  Got INTEGRITYCHECK from peer 11 proposing peer 11 migrateState 1
21:00:46.84   RLINK -- Session::OnIntegrityCheck - we peer 15 (we're not host) migrateState MIGRATING  Got INTEGRITYCHECK from peer 15 proposing peer 3 migrateState 1
21:00:46.84   RLINK -- Peer::Send peer 2 is marked for deletion (skipping)
21:00:46.87   RLINK -- Session::OnIntegrityCheck - we peer 15 (we're not host) migrateState MIGRATING  Got INTEGRITYCHECK from peer 15 proposing peer 3 migrateState 1
21:00:46.87   RLINK -- Peer::Send peer 2 is marked for deletion (skipping)
21:00:46.90   RLINK -- Session::OnIntegrityCheck - we peer 15 (we're not host) migrateState MIGRATING  Got INTEGRITYCHECK from peer 15 proposing peer 3 migrateState 1
21:00:46.90   RLINK -- Peer::Send peer 2 is marked for deletion (skipping)
21:00:46.93   RLINK -- Session::OnIntegrityCheck - we peer 15 (we're not host) migrateState MIGRATING  Got INTEGRITYCHECK from peer 15 proposing peer 3 migrateState 1
21:00:46.93   RLINK -- Peer::Send peer 2 is marked for deletion (skipping)
21:00:46.96   RLINK -- Session::OnIntegrityCheck - we peer 15 (we're not host) migrateState MIGRATING  Got INTEGRITYCHECK from peer 3 proposing peer 3 migrateState 1
21:00:46.96   RLINK -- Session::OnIntegrityCheck - we peer 15 (we're not host) migrateState MIGRATING  Got INTEGRITYCHECK from peer 3 proposing peer 3 migrateState 1
21:00:46.96   RLINK -- Session::OnIntegrityCheck - we peer 15 (we're not host) migrateState MIGRATING  Got INTEGRITYCHECK from peer 3 proposing peer 3 migrateState 1
21:00:46.96   RLINK -- Session::OnIntegrityCheck - we peer 15 (we're not host) migrateState MIGRATING  Got INTEGRITYCHECK from peer 3 proposing peer 3 migrateState 1
21:00:46.96   RLINK -- Session::OnIntegrityCheck - we peer 15 (we're not host) migrateState MIGRATING  Got INTEGRITYCHECK from peer 11 proposing peer 11 migrateState 1
21:00:46.96   RLINK -- Session::OnIntegrityCheck - we peer 15 (we're not host) migrateState MIGRATING  Got INTEGRITYCHECK from peer 11 proposing peer 3 migrateState 1
21:00:46.96   RLINK -- Session::OnIntegrityCheck - we peer 15 (we're not host) migrateState MIGRATING  Got INTEGRITYCHECK from peer 11 proposing peer 3 migrateState 1
21:00:46.96   RLINK -- Session::OnIntegrityCheck - we peer 15 (we're not host) migrateState MIGRATING  Got INTEGRITYCHECK from peer 11 proposing peer 3 migrateState 1
21:00:46.96   RLINK -- Session::OnIntegrityCheck - we peer 15 (we're not host) migrateState MIGRATING  Got INTEGRITYCHECK from peer 15 proposing peer 3 migrateState 1
21:00:46.96   RLINK -- Peer::Send peer 2 is marked for deletion (skipping)
21:00:46.99   RLINK -- Session::OnIntegrityCheck - we peer 15 (we're not host) migrateState MIGRATING  Got INTEGRITYCHECK from peer 15 proposing peer 3 migrateState 1
21:00:46.99   RLINK -- Peer::Send peer 2 is marked for deletion (skipping)
21:00:47.02   RLINK -- Session::OnIntegrityCheck - we peer 15 (we're not host) migrateState MIGRATING  Got INTEGRITYCHECK from peer 15 proposing peer 3 migrateState 1
21:00:47.02   RLINK -- Peer::Send peer 2 is marked for deletion (skipping)
21:00:47.05   RLINK -- Session::OnIntegrityCheck - we peer 15 (we're not host) migrateState MIGRATING  Got INTEGRITYCHECK from peer 15 proposing peer 3 migrateState 1
21:00:47.05   RLINK -- Peer::Send peer 2 is marked for deletion (skipping)
21:00:47.08   RLINK -- Session::OnIntegrityCheck - we peer 15 (we're not host) migrateState MIGRATING  Got INTEGRITYCHECK from peer 3 proposing peer 3 migrateState 1
21:00:47.08   RLINK -- Session::OnIntegrityCheck - we peer 15 (we're not host) migrateState MIGRATING  Got INTEGRITYCHECK from peer 3 proposing peer 3 migrateState 1
21:00:47.08   RLINK -- Session::OnIntegrityCheck - we peer 15 (we're not host) migrateState MIGRATING  Got INTEGRITYCHECK from peer 3 proposing peer 3 migrateState 1
21:00:47.08   RLINK -- Session::OnIntegrityCheck - we peer 15 (we're not host) migrateState MIGRATING  Got INTEGRITYCHECK from peer 3 proposing peer 3 migrateState 1
21:00:47.08   RLINK -- Session::OnIntegrityCheck - we peer 15 (we're not host) migrateState MIGRATING  Got INTEGRITYCHECK from peer 11 proposing peer 3 migrateState 1
21:00:47.09   RLINK -- Session::OnIntegrityCheck - we peer 15 (we're not host) migrateState MIGRATING  Got INTEGRITYCHECK from peer 11 proposing peer 3 migrateState 1
21:00:47.09   RLINK -- Session::OnIntegrityCheck - we peer 15 (we're not host) migrateState MIGRATING  Got INTEGRITYCHECK from peer 11 proposing peer 3 migrateState 1
21:00:47.09   RLINK -- Session::OnIntegrityCheck - we peer 15 (we're not host) migrateState MIGRATING  Got INTEGRITYCHECK from peer 11 proposing peer 3 migrateState 1
21:00:47.09   RLINK -- Session::OnIntegrityCheck - we peer 15 (we're not host) migrateState MIGRATING  Got INTEGRITYCHECK from peer 11 proposing peer 3 migrateState 1
21:00:47.09   RLINK -- Session::OnIntegrityCheck - we peer 15 (we're not host) migrateState MIGRATING  Got INTEGRITYCHECK from peer 11 proposing peer 3 migrateState 1
21:00:47.09   RLINK -- Session::OnIntegrityCheck - we peer 15 (we're not host) migrateState MIGRATING  Got INTEGRITYCHECK from peer 11 proposing peer 3 migrateState 1
21:00:47.09   RLINK -- Session::OnIntegrityCheck - we peer 15 (we're not host) migrateState MIGRATING  Got INTEGRITYCHECK from peer 15 proposing peer 3 migrateState 1
21:00:47.09   RLINK -- Peer::Send peer 2 is marked for deletion (skipping)
21:00:47.11   RLINK -- Session::OnIntegrityCheck - we peer 15 (we're not host) migrateState MIGRATING  Got INTEGRITYCHECK from peer 15 proposing peer 3 migrateState 1
21:00:47.11   RLINK -- Peer::Send peer 2 is marked for deletion (skipping)
21:00:47.14   RLINK -- Session::OnIntegrityCheck - we peer 15 (we're not host) migrateState MIGRATING  Got INTEGRITYCHECK from peer 15 proposing peer 3 migrateState 1
21:00:47.14   RLINK -- Peer::Send peer 2 is marked for deletion (skipping)
21:00:47.17   RLINK -- Session::OnIntegrityCheck - we peer 15 (we're not host) migrateState MIGRATING  Got INTEGRITYCHECK from peer 15 proposing peer 3 migrateState 1
21:00:47.17   RLINK -- Peer::Send peer 2 is marked for deletion (skipping)
21:00:47.20   RLINK -- Session::OnIntegrityCheck - we peer 15 (we're not host) migrateState MIGRATING  Got INTEGRITYCHECK from peer 3 proposing peer 3 migrateState 1
21:00:47.20   RLINK -- Session::OnIntegrityCheck - we peer 15 (we're not host) migrateState MIGRATING  Got INTEGRITYCHECK from peer 3 proposing peer 3 migrateState 1
21:00:47.20   RLINK -- Session::OnIntegrityCheck - we peer 15 (we're not host) migrateState MIGRATING  Got INTEGRITYCHECK from peer 3 proposing peer 3 migrateState 1
21:00:47.20   RLINK -- Session::OnIntegrityCheck - we peer 15 (we're not host) migrateState MIGRATING  Got INTEGRITYCHECK from peer 3 proposing peer 3 migrateState 1
21:00:47.21   RLINK -- Session::OnIntegrityCheck - we peer 15 (we're not host) migrateState MIGRATING  Got INTEGRITYCHECK from peer 11 proposing peer 3 migrateState 1
21:00:47.21   RLINK -- Session::OnIntegrityCheck - we peer 15 (we're not host) migrateState MIGRATING  Got INTEGRITYCHECK from peer 11 proposing peer 3 migrateState 1
21:00:47.21   RLINK -- Session::OnIntegrityCheck - we peer 15 (we're not host) migrateState MIGRATING  Got INTEGRITYCHECK from peer 11 proposing peer 3 migrateState 1
21:00:47.21   RLINK -- Session::OnIntegrityCheck - we peer 15 (we're not host) migrateState MIGRATING  Got INTEGRITYCHECK from peer 11 proposing peer 3 migrateState 1
21:00:47.21   RLINK -- Session::OnIntegrityCheck - we peer 15 (we're not host) migrateState MIGRATING  Got INTEGRITYCHECK from peer 11 proposing peer 3 migrateState 1
21:00:47.21   RLINK -- Session::OnIntegrityCheck - we peer 15 (we're not host) migrateState MIGRATING  Got INTEGRITYCHECK from peer 11 proposing peer 3 migrateState 1
21:00:47.21   RLINK -- Session::OnIntegrityCheck - we peer 15 (we're not host) migrateState MIGRATING  Got INTEGRITYCHECK from peer 15 proposing peer 3 migrateState 1
21:00:47.21   RLINK -- Peer::Send peer 2 is marked for deletion (skipping)
21:00:47.23   RLINK -- Session::OnIntegrityCheck - we peer 15 (we're not host) migrateState MIGRATING  Got INTEGRITYCHECK from peer 15 proposing peer 3 migrateState 1
21:00:47.23   RLINK -- Peer::Send peer 2 is marked for deletion (skipping)
21:00:47.26   RLINK -- Session::OnIntegrityCheck - we peer 15 (we're not host) migrateState MIGRATING  Got INTEGRITYCHECK from peer 15 proposing peer 3 migrateState 1
21:00:47.26   RLINK -- Peer::Send peer 2 is marked for deletion (skipping)
21:00:47.29   RLINK -- Session::OnIntegrityCheck - we peer 15 (we're not host) migrateState MIGRATING  Got INTEGRITYCHECK from peer 15 proposing peer 3 migrateState 1
21:00:47.29   RLINK -- Peer::Send peer 2 is marked for deletion (skipping)
21:00:47.32   RLINK -- Session::OnIntegrityCheck - we peer 15 (we're not host) migrateState MIGRATING  Got INTEGRITYCHECK from peer 3 proposing peer 3 migrateState 1
21:00:47.32   RLINK -- Session::OnIntegrityCheck - we peer 15 (we're not host) migrateState MIGRATING  Got INTEGRITYCHECK from peer 3 proposing peer 3 migrateState 1
21:00:47.33   RLINK -- Session::OnIntegrityCheck - we peer 15 (we're not host) migrateState MIGRATING  Got INTEGRITYCHECK from peer 3 proposing peer 3 migrateState 1
21:00:47.33   RLINK -- Session::OnIntegrityCheck - we peer 15 (we're not host) migrateState MIGRATING  Got INTEGRITYCHECK from peer 3 proposing peer 3 migrateState 1
21:00:47.33   RLINK -- Session::OnIntegrityCheck - we peer 15 (we're not host) migrateState MIGRATING  Got INTEGRITYCHECK from peer 11 proposing peer 3 migrateState 1
21:00:47.33   RLINK -- Session::OnIntegrityCheck - we peer 15 (we're not host) migrateState MIGRATING  Got INTEGRITYCHECK from peer 11 proposing peer 3 migrateState 1
21:00:47.33   RLINK -- Session::OnIntegrityCheck - we peer 15 (we're not host) migrateState MIGRATING  Got INTEGRITYCHECK from peer 11 proposing peer 3 migrateState 1
21:00:47.33   RLINK -- Session::OnIntegrityCheck - we peer 15 (we're not host) migrateState MIGRATING  Got INTEGRITYCHECK from peer 11 proposing peer 3 migrateState 1
21:00:47.33   RLINK -- Session::OnIntegrityCheck - we peer 15 (we're not host) migrateState MIGRATING  Got INTEGRITYCHECK from peer 11 proposing peer 3 migrateState 1
21:00:47.33   RLINK -- Session::OnIntegrityCheck - we peer 15 (we're not host) migrateState MIGRATING  Got INTEGRITYCHECK from peer 11 proposing peer 3 migrateState 1
21:00:47.33   RLINK -- Session::OnIntegrityCheck - we peer 15 (we're not host) migrateState MIGRATING  Got INTEGRITYCHECK from peer 15 proposing peer 3 migrateState 1
21:00:47.33   RLINK -- Peer::Send peer 2 is marked for deletion (skipping)
21:00:47.36   RLINK -- Session::OnIntegrityCheck - we peer 15 (we're not host) migrateState MIGRATING  Got INTEGRITYCHECK from peer 15 proposing peer 3 migrateState 1
21:00:47.36   RLINK -- Peer::Send peer 2 is marked for deletion (skipping)
21:00:47.39   RLINK -- Session::OnIntegrityCheck - we peer 15 (we're not host) migrateState MIGRATING  Got INTEGRITYCHECK from peer 15 proposing peer 3 migrateState 1
21:00:47.39   RLINK -- Peer::Send peer 2 is marked for deletion (skipping)
21:00:47.42   RLINK -- Session::OnIntegrityCheck - we peer 15 (we're not host) migrateState MIGRATING  Got INTEGRITYCHECK from peer 15 proposing peer 3 migrateState 1
21:00:47.42   RLINK -- Peer::Send peer 2 is marked for deletion (skipping)
21:00:47.45   RLINK -- Session::OnIntegrityCheck - we peer 15 (we're not host) migrateState MIGRATING  Got INTEGRITYCHECK from peer 3 proposing peer 3 migrateState 1
21:00:47.45   RLINK -- Session::OnIntegrityCheck - we peer 15 (we're not host) migrateState MIGRATING  Got INTEGRITYCHECK from peer 3 proposing peer 3 migrateState 1
21:00:47.45   RLINK -- Session::OnIntegrityCheck - we peer 15 (we're not host) migrateState MIGRATING  Got INTEGRITYCHECK from peer 3 proposing peer 3 migrateState 1
21:00:47.45   RLINK -- Session::OnIntegrityCheck - we peer 15 (we're not host) migrateState MIGRATING  Got INTEGRITYCHECK from peer 3 proposing peer 3 migrateState 1
21:00:47.45   RLINK -- Session::OnIntegrityCheck - we peer 15 (we're not host) migrateState MIGRATING  Got INTEGRITYCHECK from peer 11 proposing peer 3 migrateState 1
21:00:47.45   RLINK -- Session::OnIntegrityCheck - we peer 15 (we're not host) migrateState MIGRATING  Got INTEGRITYCHECK from peer 11 proposing peer 3 migrateState 1
21:00:47.45   RLINK -- Session::OnIntegrityCheck - we peer 15 (we're not host) migrateState MIGRATING  Got INTEGRITYCHECK from peer 11 proposing peer 3 migrateState 1
21:00:47.45   RLINK -- Session::OnIntegrityCheck - we peer 15 (we're not host) migrateState MIGRATING  Got INTEGRITYCHECK from peer 11 proposing peer 3 migrateState 1
21:00:47.45   RLINK -- Session::OnIntegrityCheck - we peer 15 (we're not host) migrateState MIGRATING  Got INTEGRITYCHECK from peer 11 proposing peer 3 migrateState 1
21:00:47.45   RLINK -- Session::OnIntegrityCheck - we peer 15 (we're not host) migrateState MIGRATING  Got INTEGRITYCHECK from peer 11 proposing peer 3 migrateState 1
21:00:47.45   RLINK -- Session::OnIntegrityCheck - we peer 15 (we're not host) migrateState MIGRATING  Got INTEGRITYCHECK from peer 15 proposing peer 3 migrateState 1
21:00:47.45   RLINK -- Peer::Send peer 2 is marked for deletion (skipping)
21:00:47.48   RLINK -- Session::OnIntegrityCheck - we peer 15 (we're not host) migrateState MIGRATING  Got INTEGRITYCHECK from peer 15 proposing peer 3 migrateState 1
21:00:47.48   RLINK -- Peer::Send peer 2 is marked for deletion (skipping)
21:00:47.51   RLINK -- Session::OnIntegrityCheck - we peer 15 (we're not host) migrateState MIGRATING  Got INTEGRITYCHECK from peer 15 proposing peer 3 migrateState 1
21:00:47.51   RLINK -- Peer::Send peer 2 is marked for deletion (skipping)
21:00:47.54   RLINK -- Session::OnIntegrityCheck - we peer 15 (we're not host) migrateState MIGRATING  Got INTEGRITYCHECK from peer 15 proposing peer 3 migrateState 1
21:00:47.54   RLINK -- Peer::Send peer 2 is marked for deletion (skipping)
21:00:47.57   RLINK -- Session::OnIntegrityCheck - we peer 15 (we're not host) migrateState MIGRATING  Got INTEGRITYCHECK from peer 3 proposing peer 3 migrateState 1
21:00:47.57   RLINK -- Session::OnIntegrityCheck - we peer 15 (we're not host) migrateState MIGRATING  Got INTEGRITYCHECK from peer 3 proposing peer 3 migrateState 1
21:00:47.57   RLINK -- Session::OnIntegrityCheck - we peer 15 (we're not host) migrateState MIGRATING  Got INTEGRITYCHECK from peer 3 proposing peer 3 migrateState 1
21:00:47.57   RLINK -- Session::OnIntegrityCheck - we peer 15 (we're not host) migrateState MIGRATING  Got INTEGRITYCHECK from peer 3 proposing peer 3 migrateState 1
21:00:47.57   RLINK -- Session::OnIntegrityCheck - we peer 15 (we're not host) migrateState MIGRATING  Got INTEGRITYCHECK from peer 11 proposing peer 3 migrateState 1
21:00:47.57   RLINK -- Session::OnIntegrityCheck - we peer 15 (we're not host) migrateState MIGRATING  Got INTEGRITYCHECK from peer 11 proposing peer 3 migrateState 1
21:00:47.57   RLINK -- Session::OnIntegrityCheck - we peer 15 (we're not host) migrateState MIGRATING  Got INTEGRITYCHECK from peer 11 proposing peer 3 migrateState 1
21:00:47.57   RLINK -- Session::OnIntegrityCheck - we peer 15 (we're not host) migrateState MIGRATING  Got INTEGRITYCHECK from peer 11 proposing peer 3 migrateState 1
21:00:47.57   RLINK -- Session::OnIntegrityCheck - we peer 15 (we're not host) migrateState MIGRATING  Got INTEGRITYCHECK from peer 11 proposing peer 3 migrateState 1
21:00:47.57   RLINK -- Session::OnIntegrityCheck - we peer 15 (we're not host) migrateState MIGRATING  Got INTEGRITYCHECK from peer 15 proposing peer 3 migrateState 1
21:00:47.57   RLINK -- Peer::Send peer 2 is marked for deletion (skipping)
21:00:47.60   RLINK -- Session::OnIntegrityCheck - we peer 15 (we're not host) migrateState MIGRATING  Got INTEGRITYCHECK from peer 15 proposing peer 3 migrateState 1
21:00:47.60   RLINK -- Peer::Send peer 2 is marked for deletion (skipping)
21:00:47.63   RLINK -- Session::OnIntegrityCheck - we peer 15 (we're not host) migrateState MIGRATING  Got INTEGRITYCHECK from peer 15 proposing peer 3 migrateState 1
21:00:47.63   RLINK -- Peer::Send peer 2 is marked for deletion (skipping)
21:00:47.66   RLINK -- Session::OnIntegrityCheck - we peer 15 (we're not host) migrateState MIGRATING  Got INTEGRITYCHECK from peer 15 proposing peer 3 migrateState 1
21:00:47.66   RLINK -- Peer::Send peer 2 is marked for deletion (skipping)
21:00:47.69   RLINK -- Session::OnIntegrityCheck - we peer 15 (we're not host) migrateState MIGRATING  Got INTEGRITYCHECK from peer 3 proposing peer 3 migrateState 1
21:00:47.69   RLINK -- Session::OnIntegrityCheck - we peer 15 (we're not host) migrateState MIGRATING  Got INTEGRITYCHECK from peer 11 proposing peer 3 migrateState 1
21:00:47.69   RLINK -- Session::OnIntegrityCheck - we peer 15 (we're not host) migrateState MIGRATING  Got INTEGRITYCHECK from peer 11 proposing peer 3 migrateState 1
21:00:47.69   RLINK -- Session::OnIntegrityCheck - we peer 15 (we're not host) migrateState MIGRATING  Got INTEGRITYCHECK from peer 11 proposing peer 3 migrateState 1
21:00:47.69   RLINK -- Session::OnIntegrityCheck - we peer 15 (we're not host) migrateState MIGRATING  Got INTEGRITYCHECK from peer 11 proposing peer 3 migrateState 1
21:00:47.69   RLINK -- Session::OnIntegrityCheck - we peer 15 (we're not host) migrateState MIGRATING  Got INTEGRITYCHECK from peer 11 proposing peer 3 migrateState 1
21:00:47.69   RLINK -- Session::OnIntegrityCheck - we peer 15 (we're not host) migrateState MIGRATING  Got INTEGRITYCHECK from peer 11 proposing peer 3 migrateState 1
21:00:47.69   RLINK -- Session::OnIntegrityCheck - we peer 15 (we're not host) migrateState MIGRATING  Got INTEGRITYCHECK from peer 15 proposing peer 3 migrateState 1
21:00:47.69   RLINK -- Peer::Send peer 2 is marked for deletion (skipping)
21:00:47.72   RLINK -- Session::OnIntegrityCheck - we peer 15 (we're not host) migrateState MIGRATING  Got INTEGRITYCHECK from peer 3 proposing peer 3 migrateState 1
21:00:47.72   RLINK -- Session::OnIntegrityCheck - we peer 15 (we're not host) migrateState MIGRATING  Got INTEGRITYCHECK from peer 3 proposing peer 3 migrateState 1
21:00:47.72   RLINK -- Session::OnIntegrityCheck - we peer 15 (we're not host) migrateState MIGRATING  Got INTEGRITYCHECK from peer 3 proposing peer 3 migrateState 1
21:00:47.72   RLINK -- Session::OnIntegrityCheck - we peer 15 (we're not host) migrateState MIGRATING  Got INTEGRITYCHECK from peer 15 proposing peer 3 migrateState 1
21:00:47.72   RLINK -- Peer::Send peer 2 is marked for deletion (skipping)
21:00:47.75   RLINK -- Session::OnIntegrityCheck - we peer 15 (we're not host) migrateState MIGRATING  Got INTEGRITYCHECK from peer 15 proposing peer 3 migrateState 1
21:00:47.75   RLINK -- Peer::Send peer 2 is marked for deletion (skipping)
21:00:47.78   RLINK -- Session::OnIntegrityCheck - we peer 15 (we're not host) migrateState MIGRATING  Got INTEGRITYCHECK from peer 15 proposing peer 3 migrateState 1
21:00:47.78   RLINK -- Peer::Send peer 2 is marked for deletion (skipping)
21:00:47.81   RLINK -- Session::OnIntegrityCheck - we peer 15 (we're not host) migrateState MIGRATING  Got INTEGRITYCHECK from peer 15 proposing peer 3 migrateState 1
21:00:47.81   RLINK -- Peer::Send peer 2 is marked for deletion (skipping)
21:00:47.84   RLINK -- Session::OnIntegrityCheck - we peer 15 (we're not host) migrateState MIGRATING  Got INTEGRITYCHECK from peer 3 proposing peer 3 migrateState 1
21:00:47.84   RLINK -- Session::OnIntegrityCheck - we peer 15 (we're not host) migrateState MIGRATING  Got INTEGRITYCHECK from peer 3 proposing peer 3 migrateState 1
21:00:47.84   RLINK -- Session::OnIntegrityCheck - we peer 15 (we're not host) migrateState MIGRATING  Got INTEGRITYCHECK from peer 3 proposing peer 3 migrateState 1
21:00:47.84   RLINK -- Session::OnIntegrityCheck - we peer 15 (we're not host) migrateState MIGRATING  Got INTEGRITYCHECK from peer 3 proposing peer 3 migrateState 1
21:00:47.84   RLINK -- Session::OnIntegrityCheck - we peer 15 (we're not host) migrateState MIGRATING  Got INTEGRITYCHECK from peer 11 proposing peer 3 migrateState 1
21:00:47.84   RLINK -- Session::OnIntegrityCheck - we peer 15 (we're not host) migrateState MIGRATING  Got INTEGRITYCHECK from peer 11 proposing peer 3 migrateState 1
21:00:47.84   RLINK -- Session::OnIntegrityCheck - we peer 15 (we're not host) migrateState MIGRATING  Got INTEGRITYCHECK from peer 11 proposing peer 3 migrateState 1
21:00:47.84   RLINK -- Session::OnIntegrityCheck - we peer 15 (we're not host) migrateState MIGRATING  Got INTEGRITYCHECK from peer 11 proposing peer 3 migrateState 1
21:00:47.84   RLINK -- Session::OnIntegrityCheck - we peer 15 (we're not host) migrateState MIGRATING  Got INTEGRITYCHECK from peer 11 proposing peer 3 migrateState 1
21:00:47.84   RLINK -- Session::OnIntegrityCheck - we peer 15 (we're not host) migrateState MIGRATING  Got INTEGRITYCHECK from peer 11 proposing peer 3 migrateState 1
21:00:47.84   RLINK -- Session::OnIntegrityCheck - we peer 15 (we're not host) migrateState MIGRATING  Got INTEGRITYCHECK from peer 15 proposing peer 3 migrateState 1
21:00:47.84   RLINK -- Peer::Send peer 2 is marked for deletion (skipping)
21:00:47.86   Activating screen: pause_menu
21:00:47.87   RLINK -- Session::OnIntegrityCheck - we peer 15 (we're not host) migrateState MIGRATING  Got INTEGRITYCHECK from peer 15 proposing peer 3 migrateState 1
21:00:47.87   RLINK -- Peer::Send peer 2 is marked for deletion (skipping)
21:00:47.90   RLINK -- Session::OnIntegrityCheck - we peer 15 (we're not host) migrateState MIGRATING  Got INTEGRITYCHECK from peer 15 proposing peer 3 migrateState 1
21:00:47.90   RLINK -- Peer::Send peer 2 is marked for deletion (skipping)
21:00:47.93   RLINK -- Session::OnIntegrityCheck - we peer 15 (we're not host) migrateState MIGRATING  Got INTEGRITYCHECK from peer 15 proposing peer 3 migrateState 1
21:00:47.93   RLINK -- Peer::Send peer 2 is marked for deletion (skipping)
21:00:47.96   RLINK -- Session::OnIntegrityCheck - we peer 15 (we're not host) migrateState MIGRATING  Got INTEGRITYCHECK from peer 3 proposing peer 3 migrateState 1
21:00:47.96   RLINK -- Session::OnIntegrityCheck - we peer 15 (we're not host) migrateState MIGRATING  Got INTEGRITYCHECK from peer 3 proposing peer 3 migrateState 1
21:00:47.96   RLINK -- Session::OnIntegrityCheck - we peer 15 (we're not host) migrateState MIGRATING  Got INTEGRITYCHECK from peer 3 proposing peer 3 migrateState 1
21:00:47.96   RLINK -- Session::OnIntegrityCheck - we peer 15 (we're not host) migrateState MIGRATING  Got INTEGRITYCHECK from peer 3 proposing peer 3 migrateState 1
21:00:47.96   RLINK -- Session::OnIntegrityCheck - we peer 15 (we're not host) migrateState MIGRATING  Got INTEGRITYCHECK from peer 11 proposing peer 3 migrateState 1
21:00:47.96   RLINK -- Session::OnIntegrityCheck - we peer 15 (we're not host) migrateState MIGRATING  Got INTEGRITYCHECK from peer 11 proposing peer 3 migrateState 1
21:00:47.96   RLINK -- Session::OnIntegrityCheck - we peer 15 (we're not host) migrateState MIGRATING  Got INTEGRITYCHECK from peer 11 proposing peer 3 migrateState 1
21:00:47.96   RLINK -- Session::OnIntegrityCheck - we peer 15 (we're not host) migrateState MIGRATING  Got INTEGRITYCHECK from peer 11 proposing peer 3 migrateState 1
21:00:47.96   RLINK -- Session::OnIntegrityCheck - we peer 15 (we're not host) migrateState MIGRATING  Got INTEGRITYCHECK from peer 15 proposing peer 3 migrateState 1
21:00:47.96   RLINK -- Peer::Send peer 2 is marked for deletion (skipping)
21:00:47.99   RLINK -- Session::OnIntegrityCheck - we peer 15 (we're not host) migrateState MIGRATING  Got INTEGRITYCHECK from peer 15 proposing peer 3 migrateState 1
21:00:47.99   RLINK -- Peer::Send peer 2 is marked for deletion (skipping)
21:00:48.02   RLINK -- Session::OnIntegrityCheck - we peer 15 (we're not host) migrateState MIGRATING  Got INTEGRITYCHECK from peer 15 proposing peer 3 migrateState 1
21:00:48.02   RLINK -- Peer::Send peer 2 is marked for deletion (skipping)
21:00:48.05   RLINK -- Session::OnIntegrityCheck - we peer 15 (we're not host) migrateState MIGRATING  Got INTEGRITYCHECK from peer 15 proposing peer 3 migrateState 1
21:00:48.05   RLINK -- Peer::Send peer 2 is marked for deletion (skipping)
21:00:48.08   RLINK -- Session::OnIntegrityCheck - we peer 15 (we're not host) migrateState MIGRATING  Got INTEGRITYCHECK from peer 3 proposing peer 3 migrateState 1
21:00:48.08   RLINK -- Session::OnIntegrityCheck - we peer 15 (we're not host) migrateState MIGRATING  Got INTEGRITYCHECK from peer 3 proposing peer 3 migrateState 1
21:00:48.08   RLINK -- Session::OnIntegrityCheck - we peer 15 (we're not host) migrateState MIGRATING  Got INTEGRITYCHECK from peer 3 proposing peer 3 migrateState 1
21:00:48.08   RLINK -- Session::OnIntegrityCheck - we peer 15 (we're not host) migrateState MIGRATING  Got INTEGRITYCHECK from peer 3 proposing peer 3 migrateState 1
21:00:48.08   RLINK -- Session::OnIntegrityCheck - we peer 15 (we're not host) migrateState MIGRATING  Got INTEGRITYCHECK from peer 11 proposing peer 3 migrateState 1
21:00:48.08   RLINK -- Session::OnIntegrityCheck - we peer 15 (we're not host) migrateState MIGRATING  Got INTEGRITYCHECK from peer 11 proposing peer 3 migrateState 1
21:00:48.08   RLINK -- Session::OnIntegrityCheck - we peer 15 (we're not host) migrateState MIGRATING  Got INTEGRITYCHECK from peer 11 proposing peer 3 migrateState 1
21:00:48.08   RLINK -- Session::OnIntegrityCheck - we peer 15 (we're not host) migrateState MIGRATING  Got INTEGRITYCHECK from peer 11 proposing peer 3 migrateState 1
21:00:48.09   RLINK -- Session::OnIntegrityCheck - we peer 15 (we're not host) migrateState MIGRATING  Got INTEGRITYCHECK from peer 11 proposing peer 3 migrateState 1
21:00:48.09   RLINK -- Session::OnIntegrityCheck - we peer 15 (we're not host) migrateState MIGRATING  Got INTEGRITYCHECK from peer 11 proposing peer 3 migrateState 1
21:00:48.09   RLINK -- Session::OnIntegrityCheck - we peer 15 (we're not host) migrateState MIGRATING  Got INTEGRITYCHECK from peer 15 proposing peer 3 migrateState 1
21:00:48.09   RLINK -- Peer::Send peer 2 is marked for deletion (skipping)
21:00:48.12   RLINK -- Session::OnIntegrityCheck - we peer 15 (we're not host) migrateState MIGRATING  Got INTEGRITYCHECK from peer 15 proposing peer 3 migrateState 1
21:00:48.12   RLINK -- Peer::Send peer 2 is marked for deletion (skipping)
21:00:48.15   RLINK -- Session::OnIntegrityCheck - we peer 15 (we're not host) migrateState MIGRATING  Got INTEGRITYCHECK from peer 15 proposing peer 3 migrateState 1
21:00:48.15   RLINK -- Peer::Send peer 2 is marked for deletion (skipping)
21:00:48.18   RLINK -- Session::OnIntegrityCheck - we peer 15 (we're not host) migrateState MIGRATING  Got INTEGRITYCHECK from peer 15 proposing peer 3 migrateState 1
21:00:48.18   RLINK -- Peer::Send peer 2 is marked for deletion (skipping)
21:00:48.21   RLINK -- Session::OnIntegrityCheck - we peer 15 (we're not host) migrateState MIGRATING  Got INTEGRITYCHECK from peer 3 proposing peer 3 migrateState 1
21:00:48.21   RLINK -- Session::OnIntegrityCheck - we peer 15 (we're not host) migrateState MIGRATING  Got INTEGRITYCHECK from peer 3 proposing peer 3 migrateState 1
21:00:48.21   RLINK -- Session::OnIntegrityCheck - we peer 15 (we're not host) migrateState MIGRATING  Got INTEGRITYCHECK from peer 3 proposing peer 3 migrateState 1
21:00:48.21   RLINK -- Session::OnIntegrityCheck - we peer 15 (we're not host) migrateState MIGRATING  Got INTEGRITYCHECK from peer 3 proposing peer 3 migrateState 1
21:00:48.21   RLINK -- Session::OnIntegrityCheck - we peer 15 (we're not host) migrateState MIGRATING  Got INTEGRITYCHECK from peer 11 proposing peer 3 migrateState 1
21:00:48.21   RLINK -- Session::OnIntegrityCheck - we peer 15 (we're not host) migrateState MIGRATING  Got INTEGRITYCHECK from peer 11 proposing peer 3 migrateState 1
21:00:48.21   RLINK -- Session::OnIntegrityCheck - we peer 15 (we're not host) migrateState MIGRATING  Got INTEGRITYCHECK from peer 11 proposing peer 3 migrateState 1
21:00:48.21   RLINK -- Session::OnIntegrityCheck - we peer 15 (we're not host) migrateState MIGRATING  Got INTEGRITYCHECK from peer 11 proposing peer 3 migrateState 1
21:00:48.21   RLINK -- Session::OnIntegrityCheck - we peer 15 (we're not host) migrateState MIGRATING  Got INTEGRITYCHECK from peer 11 proposing peer 3 migrateState 1
21:00:48.21   RLINK -- Session::OnIntegrityCheck - we peer 15 (we're not host) migrateState MIGRATING  Got INTEGRITYCHECK from peer 15 proposing peer 3 migrateState 1
21:00:48.21   RLINK -- Peer::Send peer 2 is marked for deletion (skipping)
21:00:48.24   RLINK -- Session::OnIntegrityCheck - we peer 15 (we're not host) migrateState MIGRATING  Got INTEGRITYCHECK from peer 15 proposing peer 3 migrateState 1
21:00:48.24   RLINK -- Peer::Send peer 2 is marked for deletion (skipping)
21:00:48.27   RLINK -- Session::OnIntegrityCheck - we peer 15 (we're not host) migrateState MIGRATING  Got INTEGRITYCHECK from peer 15 proposing peer 3 migrateState 1
21:00:48.27   RLINK -- Peer::Send peer 2 is marked for deletion (skipping)
21:00:48.30   RLINK -- Session::OnIntegrityCheck - we peer 15 (we're not host) migrateState MIGRATING  Got INTEGRITYCHECK from peer 15 proposing peer 3 migrateState 1
21:00:48.30   RLINK -- Peer::Send peer 2 is marked for deletion (skipping)
21:00:48.33   RLINK -- Session::OnIntegrityCheck - we peer 15 (we're not host) migrateState MIGRATING  Got INTEGRITYCHECK from peer 3 proposing peer 3 migrateState 1
21:00:48.33   RLINK -- Session::OnIntegrityCheck - we peer 15 (we're not host) migrateState MIGRATING  Got INTEGRITYCHECK from peer 3 proposing peer 3 migrateState 1
21:00:48.33   RLINK -- Session::OnIntegrityCheck - we peer 15 (we're not host) migrateState MIGRATING  Got INTEGRITYCHECK from peer 3 proposing peer 3 migrateState 1
21:00:48.33   RLINK -- Session::OnIntegrityCheck - we peer 15 (we're not host) migrateState MIGRATING  Got INTEGRITYCHECK from peer 3 proposing peer 3 migrateState 1
21:00:48.33   RLINK -- Session::OnIntegrityCheck - we peer 15 (we're not host) migrateState MIGRATING  Got INTEGRITYCHECK from peer 11 proposing peer 3 migrateState 1
21:00:48.33   RLINK -- Session::OnIntegrityCheck - we peer 15 (we're not host) migrateState MIGRATING  Got INTEGRITYCHECK from peer 11 proposing peer 3 migrateState 1
21:00:48.33   RLINK -- Session::OnIntegrityCheck - we peer 15 (we're not host) migrateState MIGRATING  Got INTEGRITYCHECK from peer 11 proposing peer 3 migrateState 1
21:00:48.33   RLINK -- Session::OnIntegrityCheck - we peer 15 (we're not host) migrateState MIGRATING  Got INTEGRITYCHECK from peer 11 proposing peer 3 migrateState 1
21:00:48.33   RLINK -- Session::OnIntegrityCheck - we peer 15 (we're not host) migrateState MIGRATING  Got INTEGRITYCHECK from peer 11 proposing peer 3 migrateState 1
21:00:48.33   RLINK -- Session::OnIntegrityCheck - we peer 15 (we're not host) migrateState MIGRATING  Got INTEGRITYCHECK from peer 11 proposing peer 3 migrateState 1
21:00:48.33   RLINK -- Session::OnIntegrityCheck - we peer 15 (we're not host) migrateState MIGRATING  Got INTEGRITYCHECK from peer 15 proposing peer 3 migrateState 1
21:00:48.33   RLINK -- Peer::Send peer 2 is marked for deletion (skipping)
21:00:48.36   RLINK -- Session::OnIntegrityCheck - we peer 15 (we're not host) migrateState MIGRATING  Got INTEGRITYCHECK from peer 15 proposing peer 3 migrateState 1
21:00:48.36   RLINK -- Peer::Send peer 2 is marked for deletion (skipping)
21:00:48.39   RLINK -- Session::OnIntegrityCheck - we peer 15 (we're not host) migrateState MIGRATING  Got INTEGRITYCHECK from peer 15 proposing peer 3 migrateState 1
21:00:48.39   RLINK -- Peer::Send peer 2 is marked for deletion (skipping)
21:00:48.42   RLINK -- Session::OnIntegrityCheck - we peer 15 (we're not host) migrateState MIGRATING  Got INTEGRITYCHECK from peer 15 proposing peer 3 migrateState 1
21:00:48.42   RLINK -- Peer::Send peer 2 is marked for deletion (skipping)
21:00:48.45   RLINK -- Session::OnIntegrityCheck - we peer 15 (we're not host) migrateState MIGRATING  Got INTEGRITYCHECK from peer 3 proposing peer 3 migrateState 1
21:00:48.45   RLINK -- Session::OnIntegrityCheck - we peer 15 (we're not host) migrateState MIGRATING  Got INTEGRITYCHECK from peer 3 proposing peer 3 migrateState 1
21:00:48.45   RLINK -- Session::OnIntegrityCheck - we peer 15 (we're not host) migrateState MIGRATING  Got INTEGRITYCHECK from peer 3 proposing peer 3 migrateState 1
21:00:48.45   RLINK -- Session::OnIntegrityCheck - we peer 15 (we're not host) migrateState MIGRATING  Got INTEGRITYCHECK from peer 3 proposing peer 3 migrateState 1
21:00:48.45   RLINK -- Session::OnIntegrityCheck - we peer 15 (we're not host) migrateState MIGRATING  Got INTEGRITYCHECK from peer 11 proposing peer 3 migrateState 1
21:00:48.45   RLINK -- Session::OnIntegrityCheck - we peer 15 (we're not host) migrateState MIGRATING  Got INTEGRITYCHECK from peer 11 proposing peer 3 migrateState 1
21:00:48.45   RLINK -- Session::OnIntegrityCheck - we peer 15 (we're not host) migrateState MIGRATING  Got INTEGRITYCHECK from peer 11 proposing peer 3 migrateState 1
21:00:48.45   RLINK -- Session::OnIntegrityCheck - we peer 15 (we're not host) migrateState MIGRATING  Got INTEGRITYCHECK from peer 11 proposing peer 3 migrateState 1
21:00:48.45   RLINK -- Session::OnIntegrityCheck - we peer 15 (we're not host) migrateState MIGRATING  Got INTEGRITYCHECK from peer 11 proposing peer 3 migrateState 1
21:00:48.45   RLINK -- Session::OnIntegrityCheck - we peer 15 (we're not host) migrateState MIGRATING  Got INTEGRITYCHECK from peer 11 proposing peer 3 migrateState 1
21:00:48.45   RLINK -- Session::OnIntegrityCheck - we peer 15 (we're not host) migrateState MIGRATING  Got INTEGRITYCHECK from peer 15 proposing peer 3 migrateState 1
21:00:48.45   RLINK -- Peer::Send peer 2 is marked for deletion (skipping)
21:00:48.48   Activating screen: prompt_generic
21:00:48.48   RLINK -- Session::OnIntegrityCheck - we peer 15 (we're not host) migrateState MIGRATING  Got INTEGRITYCHECK from peer 15 proposing peer 3 migrateState 1
21:00:48.48   RLINK -- Peer::Send peer 2 is marked for deletion (skipping)
21:00:48.51   RLINK -- Session::OnIntegrityCheck - we peer 15 (we're not host) migrateState MIGRATING  Got INTEGRITYCHECK from peer 15 proposing peer 3 migrateState 1
21:00:48.51   RLINK -- Peer::Send peer 2 is marked for deletion (skipping)
21:00:48.54   RLINK -- Session::OnIntegrityCheck - we peer 15 (we're not host) migrateState MIGRATING  Got INTEGRITYCHECK from peer 15 proposing peer 3 migrateState 1
21:00:48.54   RLINK -- Peer::Send peer 2 is marked for deletion (skipping)
21:00:48.57   RLINK -- [P#15] SrcP# 3 buffer out of seq: 34 expect: 33
21:00:48.57   RLINK -- [P#15] SrcP# 3 buffer out of seq: 35 expect: 33
21:00:48.57   RLINK -- Session::OnIntegrityCheck - we peer 15 (we're not host) migrateState MIGRATING  Got INTEGRITYCHECK from peer 3 proposing peer 3 migrateState 1
21:00:48.57   RLINK -- Session::OnIntegrityCheck - we peer 15 (we're not host) migrateState MIGRATING  Got INTEGRITYCHECK from peer 11 proposing peer 3 migrateState 1
21:00:48.58   RLINK -- Session::OnIntegrityCheck - we peer 15 (we're not host) migrateState MIGRATING  Got INTEGRITYCHECK from peer 11 proposing peer 3 migrateState 1
21:00:48.58   RLINK -- Session::OnIntegrityCheck - we peer 15 (we're not host) migrateState MIGRATING  Got INTEGRITYCHECK from peer 11 proposing peer 3 migrateState 1
21:00:48.58   RLINK -- Session::OnIntegrityCheck - we peer 15 (we're not host) migrateState MIGRATING  Got INTEGRITYCHECK from peer 11 proposing peer 3 migrateState 1
21:00:48.58   RLINK -- Session::OnIntegrityCheck - we peer 15 (we're not host) migrateState MIGRATING  Got INTEGRITYCHECK from peer 11 proposing peer 3 migrateState 1
21:00:48.58   RLINK -- Session::OnIntegrityCheck - we peer 15 (we're not host) migrateState MIGRATING  Got INTEGRITYCHECK from peer 11 proposing peer 3 migrateState 1
21:00:48.58   RLINK -- Session::OnIntegrityCheck - we peer 15 (we're not host) migrateState MIGRATING  Got INTEGRITYCHECK from peer 11 proposing peer 3 migrateState 1
21:00:48.58   RLINK -- Session::OnIntegrityCheck - we peer 15 (we're not host) migrateState MIGRATING  Got INTEGRITYCHECK from peer 15 proposing peer 3 migrateState 1
21:00:48.58   RLINK -- Peer::Send peer 2 is marked for deletion (skipping)
21:00:48.60   RLINK -- SrcP# 3 deliver out of seq: 34 expect: 34
21:00:48.60   RLINK -- SrcP# 3 erase out of seq: 34 expect: 34
21:00:48.60   RLINK -- SrcP# 3 deliver out of seq: 35 expect: 35
21:00:48.60   RLINK -- SrcP# 3 erase out of seq: 35 expect: 35
21:00:48.60   RLINK -- Session::ProcessPeerMessages - Got DROPOUT from peer 3
21:00:48.60   RLINK -- Session::ProcessPeerMessages - Got DROPOUT from peer 3
21:00:48.60   RLINK -- Session::OnIntegrityCheck - we peer 15 (we're not host) migrateState MIGRATING  Got INTEGRITYCHECK from peer 15 proposing peer 15 migrateState 1
21:00:48.60   RLINK -- Peer::Send peer 2 is marked for deletion (skipping)
21:00:48.64   RLINK -- Session::OnIntegrityCheck - we peer 15 (we're not host) migrateState MIGRATING  Got INTEGRITYCHECK from peer 15 proposing peer 15 migrateState 1
21:00:48.64   RLINK -- Peer::Send peer 2 is marked for deletion (skipping)
21:00:48.67   RLINK -- Session::OnIntegrityCheck - we peer 15 (we're not host) migrateState MIGRATING  Got INTEGRITYCHECK from peer 15 proposing peer 15 migrateState 1
21:00:48.67   RLINK -- Peer::Send peer 2 is marked for deletion (skipping)
21:00:48.70   RLINK -- Session::OnIntegrityCheck - we peer 15 (we're not host) migrateState MIGRATING  Got INTEGRITYCHECK from peer 11 proposing peer 3 migrateState 1
21:00:48.70   RLINK -- Session::OnIntegrityCheck - we peer 15 (we're not host) migrateState MIGRATING  Got INTEGRITYCHECK from peer 11 proposing peer 3 migrateState 1
21:00:48.70   RLINK -- Session::OnIntegrityCheck - we peer 15 (we're not host) migrateState MIGRATING  Got INTEGRITYCHECK from peer 11 proposing peer 3 migrateState 1
21:00:48.70   RLINK -- Session::OnIntegrityCheck - we peer 15 (we're not host) migrateState MIGRATING  Got INTEGRITYCHECK from peer 11 proposing peer 3 migrateState 1
21:00:48.70   RLINK -- Session::OnIntegrityCheck - we peer 15 (we're not host) migrateState MIGRATING  Got INTEGRITYCHECK from peer 11 proposing peer 3 migrateState 1
21:00:48.70   RLINK -- Session::OnIntegrityCheck - we peer 15 (we're not host) migrateState MIGRATING  Got INTEGRITYCHECK from peer 11 proposing peer 3 migrateState 1
21:00:48.70   RLINK -- Session::OnIntegrityCheck - we peer 15 (we're not host) migrateState MIGRATING  Got INTEGRITYCHECK from peer 15 proposing peer 15 migrateState 1
21:00:48.70   RLINK -- Peer::Send peer 2 is marked for deletion (skipping)
21:00:48.73   RLINK -- Session::OnIntegrityCheck - we peer 15 (we're not host) migrateState MIGRATING  Got INTEGRITYCHECK from peer 15 proposing peer 15 migrateState 1
21:00:48.73   RLINK -- Peer::Send peer 2 is marked for deletion (skipping)
21:00:48.76   RLINK -- Session::OnIntegrityCheck - we peer 15 (we're not host) migrateState MIGRATING  Got INTEGRITYCHECK from peer 15 proposing peer 15 migrateState 1
21:00:48.76   RLINK -- Peer::Send peer 2 is marked for deletion (skipping)
21:00:48.79   RLINK -- Session::OnIntegrityCheck - we peer 15 (we're not host) migrateState MIGRATING  Got INTEGRITYCHECK from peer 15 proposing peer 15 migrateState 1
21:00:48.79   RLINK -- Peer::Send peer 2 is marked for deletion (skipping)
21:00:48.82   RLINK -- Session::OnIntegrityCheck - we peer 15 (we're not host) migrateState MIGRATING  Got INTEGRITYCHECK from peer 11 proposing peer 3 migrateState 1
21:00:48.82   RLINK -- Session::OnIntegrityCheck - we peer 15 (we're not host) migrateState MIGRATING  Got INTEGRITYCHECK from peer 11 proposing peer 3 migrateState 1
21:00:48.82   RLINK -- Session::OnIntegrityCheck - we peer 15 (we're not host) migrateState MIGRATING  Got INTEGRITYCHECK from peer 11 proposing peer 11 migrateState 1
21:00:48.82   RLINK -- Session::OnIntegrityCheck - we peer 15 (we're not host) migrateState MIGRATING  Got INTEGRITYCHECK from peer 11 proposing peer 11 migrateState 1
21:00:48.82   RLINK -- Session::OnIntegrityCheck - we peer 15 (we're not host) migrateState MIGRATING  Got INTEGRITYCHECK from peer 11 proposing peer 11 migrateState 1
21:00:48.82   RLINK -- Session::OnIntegrityCheck - we peer 15 (we're not host) migrateState MIGRATING  Got INTEGRITYCHECK from peer 11 proposing peer 11 migrateState 1
21:00:48.82   RLINK -- Session::OnIntegrityCheck - we peer 15 (we're not host) migrateState MIGRATING  Got INTEGRITYCHECK from peer 15 proposing peer 11 migrateState 1
21:00:48.82   RLINK -- Peer::Send peer 2 is marked for deletion (skipping)
21:00:48.82   P2PNetworkSynchronization::Stop - info, stop called. m_peers will be cleared.
21:00:48.82   RLINK -- Session::SendData PeerID 2 is marked for death, skipping send
21:00:48.82   MOD -- Player SnapShotCoH (network abort) (frame 24) (KillPlayer)
21:00:48.82   Activating screen: GameOverDialog
21:00:48.82   ArbitrationMessageNeeded already counted 1000 [45185] as dropped
21:00:48.82   ArbitrationMessageNeeded 0 allies vs 1 enemies result 0
21:00:48.82   GameOverDialog - normal game ending (no sync errors)
21:00:48.82   GameApp::ReportStats
21:00:48.82   ReportMatchResults - onlyReportOnWin = 0
21:00:48.82   ReportMatchResults - SimID:1000, raceID:2, teamID:0, uid:0:45185, result:6:PS_PLAYING
21:00:48.82   ReportMatchResults - SimID:1001, raceID:0, teamID:0, uid:0:1243386, result:6:PS_PLAYING
21:00:48.82   ReportMatchResults - SimID:1002, raceID:0, teamID:0, uid:0:1135310, result:6:PS_PLAYING
21:00:48.82   ReportMatchResults - SimID:1003, raceID:0, teamID:0, uid:0:140455, result:6:PS_PLAYING
21:00:48.82   ReportMatchResults - SimID:1004, raceID:1, teamID:1, uid:0:68108, result:6:PS_PLAYING
21:00:48.82   ReportMatchResults - SimID:1005, raceID:3, teamID:1, uid:0:1370787, result:6:PS_PLAYING
21:00:48.82   ReportMatchResults - SimID:1006, raceID:3, teamID:1, uid:0:1799484, result:6:PS_PLAYING
21:00:48.82   ReportMatchResults - SimID:1007, raceID:1, teamID:1, uid:0:1850731, result:1:PS_ABORTED
21:00:48.82   ReportMatchResults - reporting normal game results for match 0:112390016
21:00:48.82   ReportSimStats - storing simulation results for match 0:112390016
21:00:48.82   ModWorld::ReportSimStats complete:
21:00:48.82   8 player entries
21:00:48.82   0 player reward entries
21:00:48.82   0 player endgame entries
21:00:48.82   0 player skipped NIS entries
21:00:48.82   0 player production entries
21:00:48.82   0 player entity death entries
21:00:48.82   0 player resource entries
21:00:48.82   0 player objectives entries
21:00:48.82   0 player PBG stat entries
21:00:48.82   0 player PBG ability use entries
21:00:48.82   RLINK -- SessionID : 6b2ef80 - Disconnect called with reasonID 1004 - disconnected
21:00:48.82   GameObj::DoGameOverPopup
21:00:48.83   RLINK -- WorldwideLeaveAdvertisementAsync: Match id = 112390016 started, nothing to do
21:00:48.83   RLINK -- WorldwideLeaveAdvertisementAsync: Match id = 112390016 started, nothing to do
21:00:48.84   RLINK -- Session::SelectNewSessionHost - Select peer 15 to be next host (previously peer 2)
21:00:48.84   RLINK -- Session disconnect is marking PeerID 2 for death
21:00:48.84   RLINK -- Session::SchedulePeerRemove - Scheduling peerID: 3 to disconnect, reasonCode:1004, reason:disconnected
21:00:48.84   RLINK -- Session disconnect is marking PeerID 3 for death
21:00:48.84   RLINK -- Session::SchedulePeerRemove - Scheduling peerID: 11 to disconnect, reasonCode:1004, reason:disconnected
21:00:48.84   RLINK -- Session disconnect is marking PeerID 11 for death
21:00:48.84   RLINK -- Session::SchedulePeerRemove - Scheduling peerID: 12 to disconnect, reasonCode:1004, reason:disconnected
21:00:48.84   RLINK -- Session disconnect is marking PeerID 12 for death
21:00:48.84   RLINK -- Session::SchedulePeerRemove - Scheduling peerID: 15 to disconnect, reasonCode:1004, reason:disconnected
21:00:48.84   GameObj::ShowPlayerDroppedMessage - info, station [2] is disconnected
21:00:48.84   ModUI::OnPlayerDrops player 1001 reason 1
21:00:48.84   RLINK -- Session Destroy Peer Event - ReasonID: 1004 ReasonDebug: disconnected
21:00:48.84   RLINK -- Session::GetEvent DestroyPeer success Peer 2 removed, reasonCode 1004, reasonDebug disconnected
21:00:48.84   RLINK -- Session::DestroyPeer - deallocating peer 2
21:00:48.84   RLINK -- Session - Requested Disconnect for connectionID 41
21:00:48.84   RLINK -- WorldwideAdvertisementService::Process - EVENT_DESTROYPEER
21:00:48.84   RLINK -- peerremove - peerIDRemoved=[00000000:0012f8fa], reasonID=1004, reason debug hint - disconnected
21:00:48.84   P2PNetworkSynchronization::OnMatchEvent() - Disconnecting non-existant player 2
21:00:48.84   GameObjController - OnMatchEvent: event type 1
21:00:48.84   P2PNetworkSynchronization::OnSyncMessage - warning, peer [3] is no longer registered.
21:00:48.84   P2PNetworkSynchronization::OnSyncMessage - warning, peer [11] is no longer registered.
21:00:48.84   P2PNetworkSynchronization::OnSyncMessage - warning, peer [15] is no longer registered.
21:00:48.84   P2PNetworkSynchronization::OnSyncMessage - warning, peer [1] is no longer registered.
21:00:48.84   P2PNetworkSynchronization::OnSyncMessage - warning, peer [2] is no longer registered.
21:00:48.84   P2PNetworkSynchronization::OnSyncMessage - warning, peer [4] is no longer registered.
21:00:48.84   P2PNetworkSynchronization::OnSyncMessage - warning, peer [12] is no longer registered.
21:00:48.84   P2PNetworkSynchronization::OnSyncMessage - warning, peer [3] is no longer registered.
21:00:48.84   P2PNetworkSynchronization::OnSyncMessage - warning, peer [11] is no longer registered.
21:00:48.84   P2PNetworkSynchronization::OnSyncMessage - warning, peer [15] is no longer registered.
21:00:48.84   P2PNetworkSynchronization::OnSyncMessage - warning, peer [1] is no longer registered.
21:00:48.84   P2PNetworkSynchronization::OnSyncMessage - warning, peer [2] is no longer registered.
21:00:48.84   P2PNetworkSynchronization::OnSyncMessage - warning, peer [4] is no longer registered.
21:00:48.84   P2PNetworkSynchronization::OnSyncMessage - warning, peer [12] is no longer registered.
21:00:48.84   P2PNetworkSynchronization::OnSyncMessage - warning, peer [3] is no longer registered.
21:00:48.84   P2PNetworkSynchronization::OnSyncMessage - warning, peer [11] is no longer registered.
21:00:48.84   P2PNetworkSynchronization::OnSyncMessage - warning, peer [15] is no longer registered.
21:00:48.84   P2PNetworkSynchronization::OnSyncMessage - warning, peer [1] is no longer registered.
21:00:48.84   P2PNetworkSynchronization::OnSyncMessage - warning, peer [2] is no longer registered.
21:00:48.84   P2PNetworkSynchronization::OnSyncMessage - warning, peer [4] is no longer registered.
21:00:48.84   P2PNetworkSynchronization::OnSyncMessage - warning, peer [12] is no longer registered.
21:00:48.84   P2PNetworkSynchronization::OnSyncMessage - warning, peer [3] is no longer registered.
21:00:48.84   P2PNetworkSynchronization::OnSyncMessage - warning, peer [15] is no longer registered.
21:00:48.84   P2PNetworkSynchronization::OnSyncMessage - warning, peer [1] is no longer registered.
21:00:48.84   P2PNetworkSynchronization::OnSyncMessage - warning, peer [2] is no longer registered.
21:00:48.84   P2PNetworkSynchronization::OnSyncMessage - warning, peer [4] is no longer registered.
21:00:48.84   P2PNetworkSynchronization::OnSyncMessage - warning, peer [11] is no longer registered.
21:00:48.84   P2PNetworkSynchronization::OnSyncMessage - warning, peer [12] is no longer registered.
21:00:48.84   P2PNetworkSynchronization::OnSyncMessage - warning, peer [3] is no longer registered.
21:00:48.84   P2PNetworkSynchronization::OnSyncMessage - warning, peer [11] is no longer registered.
21:00:48.84   P2PNetworkSynchronization::OnSyncMessage - warning, peer [15] is no longer registered.
21:00:48.84   P2PNetworkSynchronization::OnSyncMessage - warning, peer [11] is no longer registered.
21:00:48.84   P2PNetworkSynchronization::OnSyncMessage - warning, peer [1] is no longer registered.
21:00:48.84   P2PNetworkSynchronization::OnSyncMessage - warning, peer [2] is no longer registered.
21:00:48.84   P2PNetworkSynchronization::OnSyncMessage - warning, peer [4] is no longer registered.
21:00:48.84   P2PNetworkSynchronization::OnSyncMessage - warning, peer [12] is no longer registered.
21:00:48.84   P2PNetworkSynchronization::OnSyncMessage - warning, peer [3] is no longer registered.
21:00:48.84   P2PNetworkSynchronization::OnSyncMessage - warning, peer [11] is no longer registered.
21:00:48.84   P2PNetworkSynchronization::OnSyncMessage - warning, peer [15] is no longer registered.
21:00:48.84   P2PNetworkSynchronization::OnSyncMessage - warning, peer [1] is no longer registered.
21:00:48.84   P2PNetworkSynchronization::OnSyncMessage - warning, peer [2] is no longer registered.
21:00:48.84   P2PNetworkSynchronization::OnSyncMessage - warning, peer [4] is no longer registered.
21:00:48.84   P2PNetworkSynchronization::OnSyncMessage - warning, peer [12] is no longer registered.
21:00:48.84   P2PNetworkSynchronization::OnSyncMessage - warning, peer [3] is no longer registered.
21:00:48.84   P2PNetworkSynchronization::OnSyncMessage - warning, peer [11] is no longer registered.
21:00:48.84   P2PNetworkSynchronization::OnSyncMessage - warning, peer [15] is no longer registered.
21:00:48.84   P2PNetworkSynchronization::OnSyncMessage - warning, peer [1] is no longer registered.
21:00:48.84   P2PNetworkSynchronization::OnSyncMessage - warning, peer [2] is no longer registered.
21:00:48.84   P2PNetworkSynchronization::OnSyncMessage - warning, peer [4] is no longer registered.
21:00:48.84   P2PNetworkSynchronization::OnSyncMessage - warning, peer [12] is no longer registered.
21:00:48.84   P2PNetworkSynchronization::OnSyncMessage - warning, peer [3] is no longer registered.
21:00:48.84   P2PNetworkSynchronization::OnSyncMessage - warning, peer [11] is no longer registered.
21:00:48.84   P2PNetworkSynchronization::OnSyncMessage - warning, peer [15] is no longer registered.
21:00:48.84   P2PNetworkSynchronization::OnSyncMessage - warning, peer [1] is no longer registered.
21:00:48.84   P2PNetworkSynchronization::OnSyncMessage - warning, peer [2] is no longer registered.
21:00:48.84   P2PNetworkSynchronization::OnSyncMessage - warning, peer [4] is no longer registered.
21:00:48.84   P2PNetworkSynchronization::OnSyncMessage - warning, peer [12] is no longer registered.
21:00:48.84   P2PNetworkSynchronization::OnSyncMessage - warning, peer [3] is no longer registered.
21:00:48.84   P2PNetworkSynchronization::OnSyncMessage - warning, peer [11] is no longer registered.
21:00:48.84   P2PNetworkSynchronization::OnSyncMessage - warning, peer [15] is no longer registered.
21:00:48.84   P2PNetworkSynchronization::OnSyncMessage - warning, peer [1] is no longer registered.
21:00:48.84   P2PNetworkSynchronization::OnSyncMessage - warning, peer [2] is no longer registered.
21:00:48.84   P2PNetworkSynchronization::OnSyncMessage - warning, peer [4] is no longer registered.
21:00:48.84   P2PNetworkSynchronization::OnSyncMessage - warning, peer [12] is no longer registered.
21:00:48.84   P2PNetworkSynchronization::OnSyncMessage - warning, peer [3] is no longer registered.
21:00:48.84   P2PNetworkSynchronization::OnSyncMessage - warning, peer [11] is no longer registered.
21:00:48.84   P2PNetworkSynchronization::OnSyncMessage - warning, peer [15] is no longer registered.
21:00:48.84   P2PNetworkSynchronization::OnSyncMessage - warning, peer [1] is no longer registered.
21:00:48.84   P2PNetworkSynchronization::OnSyncMessage - warning, peer [2] is no longer registered.
21:00:48.84   P2PNetworkSynchronization::OnSyncMessage - warning, peer [4] is no longer registered.
21:00:48.84   P2PNetworkSynchronization::OnSyncMessage - warning, peer [12] is no longer registered.
21:00:48.84   P2PNetworkSynchronization::OnSyncMessage - warning, peer [3] is no longer registered.
21:00:48.84   P2PNetworkSynchronization::OnSyncMessage - warning, peer [11] is no longer registered.
21:00:48.84   P2PNetworkSynchronization::OnSyncMessage - warning, peer [15] is no longer registered.
21:00:48.84   P2PNetworkSynchronization::OnSyncMessage - warning, peer [1] is no longer registered.
21:00:48.84   P2PNetworkSynchronization::OnSyncMessage - warning, peer [2] is no longer registered.
21:00:48.84   P2PNetworkSynchronization::OnSyncMessage - warning, peer [4] is no longer registered.
21:00:48.84   P2PNetworkSynchronization::OnSyncMessage - warning, peer [12] is no longer registered.
21:00:48.84   P2PNetworkSynchronization::OnSyncMessage - warning, peer [3] is no longer registered.
21:00:48.84   P2PNetworkSynchronization::OnSyncMessage - warning, peer [15] is no longer registered.
21:00:48.84   P2PNetworkSynchronization::OnSyncMessage - warning, peer [1] is no longer registered.
21:00:48.84   P2PNetworkSynchronization::OnSyncMessage - warning, peer [2] is no longer registered.
21:00:48.84   P2PNetworkSynchronization::OnSyncMessage - warning, peer [4] is no longer registered.
21:00:48.84   P2PNetworkSynchronization::OnSyncMessage - warning, peer [11] is no longer registered.
21:00:48.84   P2PNetworkSynchronization::OnSyncMessage - warning, peer [12] is no longer registered.
21:00:48.84   P2PNetworkSynchronization::OnSyncMessage - warning, peer [3] is no longer registered.
21:00:48.84   P2PNetworkSynchronization::OnSyncMessage - warning, peer [11] is no longer registered.
21:00:48.84   P2PNetworkSynchronization::OnSyncMessage - warning, peer [15] is no longer registered.
21:00:48.84   P2PNetworkSynchronization::OnSyncMessage - warning, peer [11] is no longer registered.
21:00:48.84   P2PNetworkSynchronization::OnSyncMessage - warning, peer [1] is no longer registered.
21:00:48.84   P2PNetworkSynchronization::OnSyncMessage - warning, peer [2] is no longer registered.
21:00:48.84   P2PNetworkSynchronization::OnSyncMessage - warning, peer [4] is no longer registered.
21:00:48.84   P2PNetworkSynchronization::OnSyncMessage - warning, peer [12] is no longer registered.
21:00:48.84   P2PNetworkSynchronization::OnSyncMessage - warning, peer [3] is no longer registered.
21:00:48.84   P2PNetworkSynchronization::OnSyncMessage - warning, peer [11] is no longer registered.
21:00:48.84   P2PNetworkSynchronization::OnSyncMessage - warning, peer [15] is no longer registered.
21:00:48.84   P2PNetworkSynchronization::OnSyncMessage - warning, peer [1] is no longer registered.
21:00:48.84   P2PNetworkSynchronization::OnSyncMessage - warning, peer [2] is no longer registered.
21:00:48.84   P2PNetworkSynchronization::OnSyncMessage - warning, peer [4] is no longer registered.
21:00:48.84   P2PNetworkSynchronization::OnSyncMessage - warning, peer [12] is no longer registered.
21:00:48.84   P2PNetworkSynchronization::OnSyncMessage - warning, peer [3] is no longer registered.
21:00:48.84   P2PNetworkSynchronization::OnSyncMessage - warning, peer [15] is no longer registered.
21:00:48.84   P2PNetworkSynchronization::OnSyncMessage - warning, peer [1] is no longer registered.
21:00:48.84   P2PNetworkSynchronization::OnSyncMessage - warning, peer [2] is no longer registered.
21:00:48.84   P2PNetworkSynchronization::OnSyncMessage - warning, peer [4] is no longer registered.
21:00:48.84   P2PNetworkSynchronization::OnSyncMessage - warning, peer [11] is no longer registered.
21:00:48.84   P2PNetworkSynchronization::OnSyncMessage - warning, peer [12] is no longer registered.
21:00:48.84   P2PNetworkSynchronization::OnSyncMessage - warning, peer [3] is no longer registered.
21:00:48.84   P2PNetworkSynchronization::OnSyncMessage - warning, peer [11] is no longer registered.
21:00:48.84   P2PNetworkSynchronization::OnSyncMessage - warning, peer [15] is no longer registered.
21:00:48.84   P2PNetworkSynchronization::OnSyncMessage - warning, peer [11] is no longer registered.
21:00:48.84   P2PNetworkSynchronization::OnSyncMessage - warning, peer [1] is no longer registered.
21:00:48.84   P2PNetworkSynchronization::OnSyncMessage - warning, peer [2] is no longer registered.
21:00:48.84   P2PNetworkSynchronization::OnSyncMessage - warning, peer [4] is no longer registered.
21:00:48.84   P2PNetworkSynchronization::OnSyncMessage - warning, peer [12] is no longer registered.
21:00:48.84   P2PNetworkSynchronization::OnSyncMessage - warning, peer [11] is no longer registered.
21:00:48.84   P2PNetworkSynchronization::OnSyncMessage - warning, peer [15] is no longer registered.
21:00:48.84   P2PNetworkSynchronization::OnSyncMessage - warning, peer [1] is no longer registered.
21:00:48.84   P2PNetworkSynchronization::OnSyncMessage - warning, peer [2] is no longer registered.
21:00:48.84   P2PNetworkSynchronization::OnSyncMessage - warning, peer [3] is no longer registered.
21:00:48.84   P2PNetworkSynchronization::OnSyncMessage - warning, peer [4] is no longer registered.
21:00:48.84   P2PNetworkSynchronization::OnSyncMessage - warning, peer [12] is no longer registered.
21:00:48.84   GameObj::ShowPlayerDroppedMessage - info, station [3] is disconnected
21:00:48.84   ModUI::OnPlayerDrops player 1006 reason 1
21:00:48.84   P2PNetworkSynchronization::OnSyncMessage - warning, peer [11] is no longer registered.
21:00:48.84   P2PNetworkSynchronization::OnSyncMessage - warning, peer [15] is no longer registered.
21:00:48.84   P2PNetworkSynchronization::OnSyncMessage - warning, peer [1] is no longer registered.
21:00:48.84   P2PNetworkSynchronization::OnSyncMessage - warning, peer [2] is no longer registered.
21:00:48.84   P2PNetworkSynchronization::OnSyncMessage - warning, peer [3] is no longer registered.
21:00:48.84   P2PNetworkSynchronization::OnSyncMessage - warning, peer [4] is no longer registered.
21:00:48.84   P2PNetworkSynchronization::OnSyncMessage - warning, peer [12] is no longer registered.
21:00:48.84   P2PNetworkSynchronization::OnSyncMessage - warning, peer [11] is no longer registered.
21:00:48.84   P2PNetworkSynchronization::OnSyncMessage - warning, peer [15] is no longer registered.
21:00:48.84   P2PNetworkSynchronization::OnSyncMessage - warning, peer [1] is no longer registered.
21:00:48.84   P2PNetworkSynchronization::OnSyncMessage - warning, peer [2] is no longer registered.
21:00:48.84   P2PNetworkSynchronization::OnSyncMessage - warning, peer [3] is no longer registered.
21:00:48.84   P2PNetworkSynchronization::OnSyncMessage - warning, peer [4] is no longer registered.
21:00:48.84   P2PNetworkSynchronization::OnSyncMessage - warning, peer [12] is no longer registered.
21:00:48.84   RLINK -- WorldwideAdvertisementService::Process - EVENT_HOSTMIGRATION
21:00:48.84   RLINK -- WorldwidePartyService::OnHostMigration - [[00000000:06b2ef80]] Got a queued migration event while disconnecting, ignoring
21:00:48.84   RLINK -- Session Destroy Peer Event - ReasonID: 1004 ReasonDebug: disconnected
21:00:48.84   RLINK -- Session::GetEvent DestroyPeer success Peer 3 removed, reasonCode 1004, reasonDebug disconnected
21:00:48.84   RLINK -- Session::DestroyPeer - deallocating peer 3
21:00:48.84   RLINK -- Session - Requested Disconnect for connectionID 42
21:00:48.84   RLINK -- WorldwideAdvertisementService::Process - EVENT_DESTROYPEER
21:00:48.84   RLINK -- peerremove - peerIDRemoved=[00000000:001b753c], reasonID=1004, reason debug hint - disconnected
21:00:48.84   P2PNetworkSynchronization::OnMatchEvent() - Disconnecting non-existant player 3
21:00:48.84   GameObjController - OnMatchEvent: event type 1
21:00:48.84   RLINK -- Session Destroy Peer Event - ReasonID: 1004 ReasonDebug: disconnected
21:00:48.84   RLINK -- Session::GetEvent DestroyPeer success Peer 11 removed, reasonCode 1004, reasonDebug disconnected
21:00:48.84   RLINK -- Session::DestroyPeer - deallocating peer 11
21:00:48.84   RLINK -- Session - Requested Disconnect for connectionID 45
21:00:48.84   RLINK -- WorldwideAdvertisementService::Process - EVENT_DESTROYPEER
21:00:48.84   RLINK -- peerremove - peerIDRemoved=[00000000:00010a0c], reasonID=1004, reason debug hint - disconnected
21:00:48.84   P2PNetworkSynchronization::OnMatchEvent() - Disconnecting non-existant player 11
21:00:48.84   GameObjController - OnMatchEvent: event type 1
21:00:48.84   GameObj::ShowPlayerDroppedMessage - info, station [b] is disconnected
21:00:48.84   ModUI::OnPlayerDrops player 1004 reason 0
21:00:48.84   ModUI::OnPlayerDrops adding player 1004 [68108] as victorious ally
21:00:48.84   RLINK -- Session Destroy Peer Event - ReasonID: 1004 ReasonDebug: disconnected
21:00:48.84   RLINK -- Session::GetEvent DestroyPeer success Peer 12 removed, reasonCode 1004, reasonDebug disconnected
21:00:48.84   RLINK -- Session::DestroyPeer - deallocating peer 12
21:00:48.84   RLINK -- Session - Requested Disconnect for connectionID 46
21:00:48.84   RLINK -- WorldwideAdvertisementService::Process - EVENT_DESTROYPEER
21:00:48.84   RLINK -- peerremove - peerIDRemoved=[00000000:001152ce], reasonID=1004, reason debug hint - disconnected
21:00:48.84   P2PNetworkSynchronization::OnMatchEvent() - Disconnecting non-existant player 12
21:00:48.84   GameObjController - OnMatchEvent: event type 1
21:00:48.84   GameObj::ShowPlayerDroppedMessage - info, station [c] is disconnected
21:00:48.84   ModUI::OnPlayerDrops player 1002 reason 0
21:00:48.84   ModUI::OnPlayerDrops adding player 1002 [1135310] as victorious enemy
21:00:48.84   RLINK -- Session Destroy Peer Event - ReasonID: 1004 ReasonDebug: disconnected
21:00:48.84   RLINK -- Session::GetEvent DestroyPeer success Peer 15 removed, reasonCode 1004, reasonDebug disconnected
21:00:48.84   RLINK -- Session::DestroyPeer - deallocating peer 15
21:00:48.84   RLINK -- Session - Requested Disconnect for connectionID 38
21:00:48.84   RLINK -- Deallocated route ID=40 for PeerID 15 at WINaddr:192.168.50.236:6112;
21:00:48.84   RLINK -- Session - Requested Disconnect for connectionID 40
21:00:48.84   RLINK -- Closed route 40<>40 for PeerID 15 at WINaddr:192.168.50.236:6112;
21:00:48.84   RLINK -- WorldwideAdvertisementService::Process - EVENT_DESTROYPEER
21:00:48.84   RLINK -- peerremove - peerIDRemoved=[00000000:001c3d6b], reasonID=1004, reason debug hint - disconnected
21:00:48.84   P2PNetworkSynchronization::OnMatchEvent() - Disconnecting non-existant player 15
21:00:48.84   GameObjController - OnMatchEvent: event type 1
21:00:48.84   GameObj::ShowPlayerDroppedMessage - info, station [f] is disconnected
21:00:48.84   ModUIEventPlayerDropped: Unable to find player with net ID [15] in Game Info, player already disconnected
21:00:48.85   RLINK -- Session::SendQueuedMessagesToRelay local peer is missing, not sending
21:00:48.85   RLINK -- Session::GetState - info, session [112390016]'s state changed to [1:STATE_DISCONNECTED].
21:00:48.85   RLINK -- PeerRemoveAll - flushing local session peer data
21:00:48.85   RLINK -- Session::Reset with reason WorldwidePartyService::PeerRemoveAll
21:00:48.85   RLINK -- LeaveSessionInternal - no action taken, needLeave=0, service=0
21:00:48.85   RLINK -- Destroyed Matchinfo
21:00:48.85   RLINK -- DBG - _SockFree: socket 2/4952 sending graceful shutdown request. reason: SockCollection::DisconnectAll forceFree
21:00:48.86   RLINK -- DBG - _SockClose: socket 2/4952 initiating close
21:00:48.86   RLINK -- DBG - _SockClose: socket 2/4952 close complete. debugReason SockCollection::DisconnectAll forceFree
21:00:48.86   RLINK -- DBG - _SockFree: socket 2/4952 _SockFree complete
21:00:48.96   RLINK -- BT! - SockUnInit - sending shutdown notification & close with linger for all 0 active sockets
21:00:48.96   RLINK -- SessionManager::UnregisterSession - Unregistering session 89bb1a98
21:00:48.96   RLINK -- OnDestroyPartyNotification - partyID = [00000000:06b2ef80], prevID = [ffffffff:ffffffff]
21:00:49.09   Activating screen: postgame_stats_skirm
21:00:49.72   Activating screen: AppRestartingForm
21:00:49.72   SetupProductLoadingArt - choosing bgArt = 4 (gold=0)
21:00:49.72   Widget attempting to remove a non-existance listener. Widget:bkg_COH
21:00:49.72   Widget attempting to remove a non-existance listener. Widget:bkg_CXP1
21:00:49.72   Widget attempting to remove a non-existance listener. Widget:bkg_CXP2
21:00:49.72   Widget attempting to remove a non-existance listener. Widget:bkg_COHCXP1
21:00:49.72   Widget attempting to remove a non-existance listener. Widget:bkg_ToV
21:00:49.73   APP -- Game Stop
21:00:49.73   GameApp::TransitionGameStop
21:00:49.73   GameApp::TransitionQuitCommon
21:00:49.73   PerformanceRecorder: Not enough game time to update profile history
21:00:49.73   GetMaxFrameTimeFromProfile: players=8 expected FPS=57.450951, bars=5, max avg=0.015, sd=0.003, 5 samples =  0.01 0.01 0.01 0.02 0.02
21:00:49.73   PerformanceRecorder::EndRecording - game size=8, max average=0.000000, worst frame=0.017406
21:00:49.73    Recording: No [8 players]
21:00:49.73    Total render, sim time: 0.62, 0.87 sec
21:00:49.73    Total render, sim frames: 79, 0
21:00:49.73    Max/Avg: 0.00, 0.00 sec (fps=0.00, 0.00) (1 samples)
21:00:49.73    Bars: 0
21:00:49.73   Profile Max Performance[8 players] =  0.01 0.01 0.01 0.02 0.02
21:00:49.73   Profile Avg Performance[8 players] =  0.01 0.01 0.01 0.01 0.01
21:00:49.73   GameObj::ShutdownGameObj
21:00:49.74   GAME -- Ending mission (Game over)
21:00:49.74   GameObjLoader 16e79600 - Unload
21:00:49.74   GameObjLoader 16e79600 - resetting counters
21:00:49.75   MOD -- Game Over at frame 24
21:00:49.86   GameObjLoader 16e79880 - Unload
21:00:49.86   GameObjLoader 16e79880 - resetting counters
21:00:49.92   SOUND -- Shutting down ...
21:00:50.04   SOUND -- Shutdown completed!
21:00:50.04   GAME -- Beginning FE
21:00:50.04   UIFrontEnd - Loading Front End
21:00:50.04   THREAD: Hyper-Threading Technology Processors are not detected.
21:00:50.10   SOUND -- Initializing ...
21:00:50.11   SOUND -- Initialization completed!
21:00:50.11   UIFrontEnd - Initializing Forms
21:00:50.53   CampaignFilter::BindFilterSpecificWidgets()
21:00:50.54   MOD -- Mounting RelicDLC1, 1.0
21:00:50.54   FILESYSTEM -- filepath failure, path does not exist 'C:\Users\Richa\OneDrive\Documenten\My Games\Company of Heroes Relaunch\DLC1\Movies\'
21:00:50.54   MOD -- Mounting RelicDLC2, 1.0
21:00:50.54   FILESYSTEM -- filepath failure, path does not exist 'C:\Users\Richa\OneDrive\Documenten\My Games\Company of Heroes Relaunch\DLC2\Movies\'
21:00:50.54   MOD -- Mounting RelicDLC3, 1.0
21:00:50.54   FILESYSTEM -- filepath failure, path does not exist 'C:\Users\Richa\OneDrive\Documenten\My Games\Company of Heroes Relaunch\DLC3\Movies\'
21:00:50.54   MOD -- Mounting RelicOps, 1.0
21:00:50.54   MOD -- Mounting RelicCOH, 1.0
21:00:50.57   FILESYSTEM -- filepath failure, path does not exist 'C:\Users\Richa\OneDrive\Documenten\My Games\Company of Heroes Relaunch\Engine\Movies\'
21:00:50.57   FILESYSTEM -- filepath failure, path does not exist 'C:\Users\Richa\OneDrive\Documenten\My Games\Company of Heroes Relaunch\WW2\Movies\'
21:00:50.57   Activating screen: AppRestartingForm
21:00:50.57   SetupProductLoadingArt - choosing bgArt = 4 (gold=0)
21:00:51.03   SetupProductLoadingArt - choosing bgArt = 4 (gold=0)
21:00:51.03   Activating screen: FEMovie
21:00:51.03   Activating screen: OnlineWidget
21:00:51.03   CRC & Version Info : 000002bc:924f95e6:dc49d0cb reliccoh:700:ww2mod.dll 0
21:00:51.03   Activating screen: OnlineSelectGame
21:00:51.09   SetupProductLoadingArt - choosing bgArt = 4 (gold=0)
21:00:51.09   Activating screen: RelicOnlineChat
21:00:51.10   Activating screen: RelicOnlineNewsScreen
21:00:51.11   Activating screen: RelicOnlineStatsScreen
21:00:51.11   Activating screen: Achievements
21:00:51.11   GAME -- Setting campaign state to 'coh'
21:00:51.11   GAME -- Closing state 'coh'
21:00:51.11   GAME -- Setting campaign state to 'cxp2'
21:00:51.11   GAME -- Closing state 'cxp2'
21:00:51.11   GAME -- Setting campaign state to 'cxp1'
21:00:51.11   GAME -- Closing state 'cxp1'
21:00:51.11   GAME -- Setting campaign state to 'dlc1'
21:00:51.11   GAME -- Closing state 'dlc1'
21:00:51.12   GAME -- Setting campaign state to 'dlc2'
21:00:51.12   GAME -- Closing state 'dlc2'
21:00:51.12   GAME -- Setting campaign state to 'dlc3'
21:00:51.12   GAME -- Closing state 'dlc3'
21:00:51.12   GAME -- Setting campaign state to 'dlc1'
21:00:51.12   GAME -- Closing state 'dlc1'
21:00:51.12   Activating screen: GameHistory
21:00:51.15   GameInfo::ResetInfo - SyncLevel set to 0 on reset
21:00:51.15   GameInfo::ResetInfo - SyncLevel set to 0 on reset
21:00:51.15   GameInfo::ResetInfo - SyncLevel set to 0 on reset
21:00:51.15   GameInfo::ResetInfo - SyncLevel set to 0 on reset
21:00:51.15   GameInfo::ResetInfo - SyncLevel set to 0 on reset
21:00:51.15   GameInfo::ResetInfo - SyncLevel set to 0 on reset
21:00:51.15   GameInfo::ResetInfo - SyncLevel set to 0 on reset
21:00:51.15   GameInfo::ResetInfo - SyncLevel set to 0 on reset
21:00:51.15   GameInfo::ResetInfo - SyncLevel set to 0 on reset
21:00:51.15   GameInfo::ResetInfo - SyncLevel set to 0 on reset
21:00:51.15   GameInfo::ResetInfo - SyncLevel set to 0 on reset
21:00:51.15   GameInfo::ResetInfo - SyncLevel set to 0 on reset
21:00:51.15   GameInfo::ResetInfo - SyncLevel set to 0 on reset
21:00:51.15   GameInfo::ResetInfo - SyncLevel set to 0 on reset
21:00:51.15   GameInfo::ResetInfo - SyncLevel set to 0 on reset
21:00:51.15   GameInfo::ResetInfo - SyncLevel set to 0 on reset
21:00:51.15   GameInfo::ResetInfo - SyncLevel set to 0 on reset
21:00:51.15   GameInfo::ResetInfo - SyncLevel set to 0 on reset
21:00:51.15   GameInfo::ResetInfo - SyncLevel set to 0 on reset
21:00:51.15   GameInfo::ResetInfo - SyncLevel set to 0 on reset
21:00:51.15   GameInfo::ResetInfo - SyncLevel set to 0 on reset
21:00:51.15   GameInfo::ResetInfo - SyncLevel set to 0 on reset
21:00:51.15   GameInfo::ResetInfo - SyncLevel set to 0 on reset
21:00:51.15   GameInfo::ResetInfo - SyncLevel set to 0 on reset
21:00:51.15   GameInfo::ResetInfo - SyncLevel set to 0 on reset
21:00:51.15   GameInfo::ResetInfo - SyncLevel set to 0 on reset
21:00:51.15   GameInfo::ResetInfo - SyncLevel set to 0 on reset
21:00:51.16   GameInfo::ResetInfo - SyncLevel set to 0 on reset
21:00:51.16   GameInfo::ResetInfo - SyncLevel set to 0 on reset
21:00:51.16   GameInfo::ResetInfo - SyncLevel set to 0 on reset
21:00:51.16   GameInfo::ResetInfo - SyncLevel set to 0 on reset
21:00:51.16   GameInfo::ResetInfo - SyncLevel set to 0 on reset
21:00:51.16   GameInfo::ResetInfo - SyncLevel set to 0 on reset
21:00:51.16   GameInfo::ResetInfo - SyncLevel set to 0 on reset
21:00:51.16   GameInfo::ResetInfo - SyncLevel set to 0 on reset
21:00:51.16   GameInfo::ResetInfo - SyncLevel set to 0 on reset
21:00:51.16   GameInfo::ResetInfo - SyncLevel set to 0 on reset
21:00:51.16   GameInfo::ResetInfo - SyncLevel set to 0 on reset
21:00:51.16   GameInfo::ResetInfo - SyncLevel set to 0 on reset
21:00:51.16   GameInfo::ResetInfo - SyncLevel set to 0 on reset
21:00:51.16   GameInfo::ResetInfo - SyncLevel set to 0 on reset
21:00:51.16   GameInfo::ResetInfo - SyncLevel set to 0 on reset
21:00:51.16   GameInfo::ResetInfo - SyncLevel set to 0 on reset
21:00:51.16   GameInfo::ResetInfo - SyncLevel set to 0 on reset
21:00:51.16   GameInfo::ResetInfo - SyncLevel set to 0 on reset
21:00:51.16   GameInfo::ResetInfo - SyncLevel set to 0 on reset
21:00:51.16   GameInfo::ResetInfo - SyncLevel set to 0 on reset
21:00:51.16   GameInfo::ResetInfo - SyncLevel set to 0 on reset
21:00:51.16   GameInfo::ResetInfo - SyncLevel set to 0 on reset
21:00:51.16   GameInfo::ResetInfo - SyncLevel set to 0 on reset
21:00:51.16   GameInfo::ResetInfo - SyncLevel set to 0 on reset
21:00:51.17   GameInfo::ResetInfo - SyncLevel set to 0 on reset
21:00:51.17   GameInfo::ResetInfo - SyncLevel set to 0 on reset
21:00:51.17   GameInfo::ResetInfo - SyncLevel set to 0 on reset
21:00:51.17   GameInfo::ResetInfo - SyncLevel set to 0 on reset
21:00:51.17   GameInfo::ResetInfo - SyncLevel set to 0 on reset
21:00:51.17   GameInfo::ResetInfo - SyncLevel set to 0 on reset
21:00:51.17   GameInfo::ResetInfo - SyncLevel set to 0 on reset
21:00:51.17   GameInfo::ResetInfo - SyncLevel set to 0 on reset
21:00:51.17   GameInfo::ResetInfo - SyncLevel set to 0 on reset
21:00:51.17   GameInfo::ResetInfo - SyncLevel set to 0 on reset
21:00:51.17   GameInfo::ResetInfo - SyncLevel set to 0 on reset
21:00:51.17   GameInfo::ResetInfo - SyncLevel set to 0 on reset
21:00:51.17   GameInfo::ResetInfo - SyncLevel set to 0 on reset
21:00:51.17   GameInfo::ResetInfo - SyncLevel set to 0 on reset
21:00:51.17   GameInfo::ResetInfo - SyncLevel set to 0 on reset
21:00:51.17   GameInfo::ResetInfo - SyncLevel set to 0 on reset
21:00:51.17   GameInfo::ResetInfo - SyncLevel set to 0 on reset
21:00:51.17   GameInfo::ResetInfo - SyncLevel set to 0 on reset
21:00:51.17   GameInfo::ResetInfo - SyncLevel set to 0 on reset
21:00:51.17   GameInfo::ResetInfo - SyncLevel set to 0 on reset
21:00:51.17   GameInfo::ResetInfo - SyncLevel set to 0 on reset
21:00:51.17   GameInfo::ResetInfo - SyncLevel set to 0 on reset
21:00:51.17   GameInfo::ResetInfo - SyncLevel set to 0 on reset
21:00:51.17   GameInfo::ResetInfo - SyncLevel set to 0 on reset
21:00:51.17   GameInfo::ResetInfo - SyncLevel set to 0 on reset
21:00:51.17   GameInfo::ResetInfo - SyncLevel set to 0 on reset
21:00:51.17   GameInfo::ResetInfo - SyncLevel set to 0 on reset
21:00:51.18   GameInfo::ResetInfo - SyncLevel set to 0 on reset
21:00:51.18   GameInfo::ResetInfo - SyncLevel set to 0 on reset
21:00:51.18   GameInfo::ResetInfo - SyncLevel set to 0 on reset
21:00:51.18   GameInfo::ResetInfo - SyncLevel set to 0 on reset
21:00:51.18   GameInfo::ResetInfo - SyncLevel set to 0 on reset
21:00:51.18   GameInfo::ResetInfo - SyncLevel set to 0 on reset
21:00:51.18   GameInfo::ResetInfo - SyncLevel set to 0 on reset
21:00:51.18   GameInfo::ResetInfo - SyncLevel set to 0 on reset
21:00:51.18   GameInfo::ResetInfo - SyncLevel set to 0 on reset
21:00:51.18   GameInfo::ResetInfo - SyncLevel set to 0 on reset
21:00:51.18   GameInfo::ResetInfo - SyncLevel set to 0 on reset
21:00:51.18   GameInfo::ResetInfo - SyncLevel set to 0 on reset
21:00:51.18   GameInfo::ResetInfo - SyncLevel set to 0 on reset
21:00:51.18   GameInfo::ResetInfo - SyncLevel set to 0 on reset
21:00:51.18   GameInfo::ResetInfo - SyncLevel set to 0 on reset
21:00:51.18   GameInfo::ResetInfo - SyncLevel set to 0 on reset
21:00:51.18   GameInfo::ResetInfo - SyncLevel set to 0 on reset
21:00:51.18   GameInfo::ResetInfo - SyncLevel set to 0 on reset
21:00:51.18   GameInfo::ResetInfo - SyncLevel set to 0 on reset
21:00:51.18   GameInfo::ResetInfo - SyncLevel set to 0 on reset
21:00:51.18   GameInfo::ResetInfo - SyncLevel set to 0 on reset
21:00:51.18   GameInfo::ResetInfo - SyncLevel set to 0 on reset
21:00:51.18   GameInfo::ResetInfo - SyncLevel set to 0 on reset
21:00:51.18   GameInfo::ResetInfo - SyncLevel set to 0 on reset
21:00:51.18   GameInfo::ResetInfo - SyncLevel set to 0 on reset
21:00:51.18   GameInfo::ResetInfo - SyncLevel set to 0 on reset
21:00:51.18   GameInfo::ResetInfo - SyncLevel set to 0 on reset
21:00:51.18   GameInfo::ResetInfo - SyncLevel set to 0 on reset
21:00:51.18   GameInfo::ResetInfo - SyncLevel set to 0 on reset
21:00:51.18   GameInfo::ResetInfo - SyncLevel set to 0 on reset
21:00:51.18   GameInfo::ResetInfo - SyncLevel set to 0 on reset
21:00:51.18   GameInfo::ResetInfo - SyncLevel set to 0 on reset
21:00:51.18   GameInfo::ResetInfo - SyncLevel set to 0 on reset
21:00:51.19   GameInfo::ResetInfo - SyncLevel set to 0 on reset
21:00:51.19   GameInfo::ResetInfo - SyncLevel set to 0 on reset
21:00:51.19   GameInfo::ResetInfo - SyncLevel set to 0 on reset
21:00:51.19   GameInfo::ResetInfo - SyncLevel set to 0 on reset
21:00:51.19   GameInfo::ResetInfo - SyncLevel set to 0 on reset
21:00:51.19   GameInfo::ResetInfo - SyncLevel set to 0 on reset
21:00:51.19   GameInfo::ResetInfo - SyncLevel set to 0 on reset
21:00:51.19   GameInfo::ResetInfo - SyncLevel set to 0 on reset
21:00:51.19   GameInfo::ResetInfo - SyncLevel set to 0 on reset
21:00:51.19   GameInfo::ResetInfo - SyncLevel set to 0 on reset
21:00:51.19   GameInfo::ResetInfo - SyncLevel set to 0 on reset
21:00:51.19   GameInfo::ResetInfo - SyncLevel set to 0 on reset
21:00:51.19   GameInfo::ResetInfo - SyncLevel set to 0 on reset
21:00:51.19   GameInfo::ResetInfo - SyncLevel set to 0 on reset
21:00:51.19   GameInfo::ResetInfo - SyncLevel set to 0 on reset
21:00:51.19   GameInfo::ResetInfo - SyncLevel set to 0 on reset
21:00:51.19   GameInfo::ResetInfo - SyncLevel set to 0 on reset
21:00:51.19   GameInfo::ResetInfo - SyncLevel set to 0 on reset
21:00:51.19   GameInfo::ResetInfo - SyncLevel set to 0 on reset
21:00:51.19   GameInfo::ResetInfo - SyncLevel set to 0 on reset
21:00:51.19   GameInfo::ResetInfo - SyncLevel set to 0 on reset
21:00:51.19   GameInfo::ResetInfo - SyncLevel set to 0 on reset
21:00:51.19   GameInfo::ResetInfo - SyncLevel set to 0 on reset
21:00:51.19   GameInfo::ResetInfo - SyncLevel set to 0 on reset
21:00:51.19   GameInfo::ResetInfo - SyncLevel set to 0 on reset
21:00:51.19   GameInfo::ResetInfo - SyncLevel set to 0 on reset
21:00:51.19   GameInfo::ResetInfo - SyncLevel set to 0 on reset
21:00:51.19   GameInfo::ResetInfo - SyncLevel set to 0 on reset
21:00:51.19   GameInfo::ResetInfo - SyncLevel set to 0 on reset
21:00:51.19   GameInfo::ResetInfo - SyncLevel set to 0 on reset
21:00:51.20   GameInfo::ResetInfo - SyncLevel set to 0 on reset
21:00:51.20   GameInfo::ResetInfo - SyncLevel set to 0 on reset
21:00:51.20   GameInfo::ResetInfo - SyncLevel set to 0 on reset
21:00:51.20   GameInfo::ResetInfo - SyncLevel set to 0 on reset
21:00:51.20   GameInfo::ResetInfo - SyncLevel set to 0 on reset
21:00:51.20   GameInfo::ResetInfo - SyncLevel set to 0 on reset
21:00:51.20   GameInfo::ResetInfo - SyncLevel set to 0 on reset
21:00:51.20   GameInfo::ResetInfo - SyncLevel set to 0 on reset
21:00:51.20   GameInfo::ResetInfo - SyncLevel set to 0 on reset
21:00:51.20   GameInfo::ResetInfo - SyncLevel set to 0 on reset
21:00:51.20   GameInfo::ResetInfo - SyncLevel set to 0 on reset
21:00:51.20   GameInfo::ResetInfo - SyncLevel set to 0 on reset
21:00:51.20   GameInfo::ResetInfo - SyncLevel set to 0 on reset
21:00:51.20   GameInfo::ResetInfo - SyncLevel set to 0 on reset
21:00:51.20   GameInfo::ResetInfo - SyncLevel set to 0 on reset
21:00:51.20   GameInfo::ResetInfo - SyncLevel set to 0 on reset
21:00:51.20   GameInfo::ResetInfo - SyncLevel set to 0 on reset
21:00:51.20   GameInfo::ResetInfo - SyncLevel set to 0 on reset
21:00:51.20   GameInfo::ResetInfo - SyncLevel set to 0 on reset
21:00:51.20   GameInfo::ResetInfo - SyncLevel set to 0 on reset
21:00:51.20   GameInfo::ResetInfo - SyncLevel set to 0 on reset
21:00:51.20   GameInfo::ResetInfo - SyncLevel set to 0 on reset
21:00:51.20   GameInfo::ResetInfo - SyncLevel set to 0 on reset
21:00:51.20   GameInfo::ResetInfo - SyncLevel set to 0 on reset
21:00:51.20   GameInfo::ResetInfo - SyncLevel set to 0 on reset
21:00:51.20   GameInfo::ResetInfo - SyncLevel set to 0 on reset
21:00:51.20   GameInfo::ResetInfo - SyncLevel set to 0 on reset
21:00:51.20   GameInfo::ResetInfo - SyncLevel set to 0 on reset
21:00:51.20   GameInfo::ResetInfo - SyncLevel set to 0 on reset
21:00:51.20   GameInfo::ResetInfo - SyncLevel set to 0 on reset
21:00:51.20   GameInfo::ResetInfo - SyncLevel set to 0 on reset
21:00:51.20   GameInfo::ResetInfo - SyncLevel set to 0 on reset
21:00:51.20   GameInfo::ResetInfo - SyncLevel set to 0 on reset
21:00:51.20   GameInfo::ResetInfo - SyncLevel set to 0 on reset
21:00:51.20   GameInfo::ResetInfo - SyncLevel set to 0 on reset
21:00:51.20   GameInfo::ResetInfo - SyncLevel set to 0 on reset
21:00:51.21   GameInfo::ResetInfo - SyncLevel set to 0 on reset
21:00:51.21   GameInfo::ResetInfo - SyncLevel set to 0 on reset
21:00:51.21   GameInfo::ResetInfo - SyncLevel set to 0 on reset
21:00:51.21   GameInfo::ResetInfo - SyncLevel set to 0 on reset
21:00:51.21   GameInfo::ResetInfo - SyncLevel set to 0 on reset
21:00:51.21   GameInfo::ResetInfo - SyncLevel set to 0 on reset
21:00:51.21   GameInfo::ResetInfo - SyncLevel set to 0 on reset
21:00:51.21   GameInfo::ResetInfo - SyncLevel set to 0 on reset
21:00:51.21   GameInfo::ResetInfo - SyncLevel set to 0 on reset
21:00:51.21   GameInfo::ResetInfo - SyncLevel set to 0 on reset
21:00:51.21   GameInfo::ResetInfo - SyncLevel set to 0 on reset
21:00:51.21   GameInfo::ResetInfo - SyncLevel set to 0 on reset
21:00:51.21   GameInfo::ResetInfo - SyncLevel set to 0 on reset
21:00:51.21   GameInfo::ResetInfo - SyncLevel set to 0 on reset
21:00:51.21   GameInfo::ResetInfo - SyncLevel set to 0 on reset
21:00:51.21   GameInfo::ResetInfo - SyncLevel set to 0 on reset
21:00:51.21   GameInfo::ResetInfo - SyncLevel set to 0 on reset
21:00:51.21   GameInfo::ResetInfo - SyncLevel set to 0 on reset
21:00:51.21   GameInfo::ResetInfo - SyncLevel set to 0 on reset
21:00:51.21   GameInfo::ResetInfo - SyncLevel set to 0 on reset
21:00:51.21   GameInfo::ResetInfo - SyncLevel set to 0 on reset
21:00:51.22   GameInfo::ResetInfo - SyncLevel set to 0 on reset
21:00:51.22   GameInfo::ResetInfo - SyncLevel set to 0 on reset
21:00:51.22   GameInfo::ResetInfo - SyncLevel set to 0 on reset
21:00:51.22   GameInfo::ResetInfo - SyncLevel set to 0 on reset
21:00:51.22   GameInfo::ResetInfo - SyncLevel set to 0 on reset
21:00:51.22   GameInfo::ResetInfo - SyncLevel set to 0 on reset
21:00:51.22   GameInfo::ResetInfo - SyncLevel set to 0 on reset
21:00:51.22   GameInfo::ResetInfo - SyncLevel set to 0 on reset
21:00:51.22   GameInfo::ResetInfo - SyncLevel set to 0 on reset
21:00:51.22   GameInfo::ResetInfo - SyncLevel set to 0 on reset
21:00:51.22   GameInfo::ResetInfo - SyncLevel set to 0 on reset
21:00:51.22   GameInfo::ResetInfo - SyncLevel set to 0 on reset
21:00:51.22   GameInfo::ResetInfo - SyncLevel set to 0 on reset
21:00:51.22   GameInfo::ResetInfo - SyncLevel set to 0 on reset
21:00:51.22   GameInfo::ResetInfo - SyncLevel set to 0 on reset
21:00:51.22   GameInfo::ResetInfo - SyncLevel set to 0 on reset
21:00:51.22   GameInfo::ResetInfo - SyncLevel set to 0 on reset
21:00:51.22   GameInfo::ResetInfo - SyncLevel set to 0 on reset
21:00:51.22   GameInfo::ResetInfo - SyncLevel set to 0 on reset
21:00:51.22   GameInfo::ResetInfo - SyncLevel set to 0 on reset
21:00:51.22   GameInfo::ResetInfo - SyncLevel set to 0 on reset
21:00:51.22   GameInfo::ResetInfo - SyncLevel set to 0 on reset
21:00:51.22   GameInfo::ResetInfo - SyncLevel set to 0 on reset
21:00:51.22   GameInfo::ResetInfo - SyncLevel set to 0 on reset
21:00:51.22   GameInfo::ResetInfo - SyncLevel set to 0 on reset
21:00:51.22   GameInfo::ResetInfo - SyncLevel set to 0 on reset
21:00:51.22   GameInfo::ResetInfo - SyncLevel set to 0 on reset
21:00:51.23   GameInfo::ResetInfo - SyncLevel set to 0 on reset
21:00:51.23   GameInfo::ResetInfo - SyncLevel set to 0 on reset
21:00:51.23   GameInfo::ResetInfo - SyncLevel set to 0 on reset
21:00:51.23   GameInfo::ResetInfo - SyncLevel set to 0 on reset
21:00:51.23   GameInfo::ResetInfo - SyncLevel set to 0 on reset
21:00:51.23   GameInfo::ResetInfo - SyncLevel set to 0 on reset
21:00:51.23   GameInfo::ResetInfo - SyncLevel set to 0 on reset
21:00:51.23   GameInfo::ResetInfo - SyncLevel set to 0 on reset
21:00:51.23   GameInfo::ResetInfo - SyncLevel set to 0 on reset
21:00:51.23   GameInfo::ResetInfo - SyncLevel set to 0 on reset
21:00:51.23   GameInfo::ResetInfo - SyncLevel set to 0 on reset
21:00:51.23   GameInfo::ResetInfo - SyncLevel set to 0 on reset
21:00:51.23   GameInfo::ResetInfo - SyncLevel set to 0 on reset
21:00:51.23   GameInfo::ResetInfo - SyncLevel set to 0 on reset
21:00:51.23   GameInfo::ResetInfo - SyncLevel set to 0 on reset
21:00:51.23   GameInfo::ResetInfo - SyncLevel set to 0 on reset
21:00:51.23   GameInfo::ResetInfo - SyncLevel set to 0 on reset
21:00:51.23   GameInfo::ResetInfo - SyncLevel set to 0 on reset
21:00:51.23   GameInfo::ResetInfo - SyncLevel set to 0 on reset
21:00:51.23   GameInfo::ResetInfo - SyncLevel set to 0 on reset
21:00:51.23   GameInfo::ResetInfo - SyncLevel set to 0 on reset
21:00:51.23   GameInfo::ResetInfo - SyncLevel set to 0 on reset
21:00:51.23   GameInfo::ResetInfo - SyncLevel set to 0 on reset
21:00:51.23   GameInfo::ResetInfo - SyncLevel set to 0 on reset
21:00:51.23   GameInfo::ResetInfo - SyncLevel set to 0 on reset
21:00:51.23   GameInfo::ResetInfo - SyncLevel set to 0 on reset
21:00:51.23   GameInfo::ResetInfo - SyncLevel set to 0 on reset
21:00:51.24   GameInfo::ResetInfo - SyncLevel set to 0 on reset
21:00:51.24   GameInfo::ResetInfo - SyncLevel set to 0 on reset
21:00:51.24   GameInfo::ResetInfo - SyncLevel set to 0 on reset
21:00:51.24   GameInfo::ResetInfo - SyncLevel set to 0 on reset
21:00:51.24   GameInfo::ResetInfo - SyncLevel set to 0 on reset
21:00:51.24   GameInfo::ResetInfo - SyncLevel set to 0 on reset
21:00:51.24   GameInfo::ResetInfo - SyncLevel set to 0 on reset
21:00:51.24   GameInfo::ResetInfo - SyncLevel set to 0 on reset
21:00:51.24   GameInfo::ResetInfo - SyncLevel set to 0 on reset
21:00:51.24   GameInfo::ResetInfo - SyncLevel set to 0 on reset
21:00:51.24   GameInfo::ResetInfo - SyncLevel set to 0 on reset
21:00:51.24   GameInfo::ResetInfo - SyncLevel set to 0 on reset
21:00:51.24   GameInfo::ResetInfo - SyncLevel set to 0 on reset
21:00:51.24   GameInfo::ResetInfo - SyncLevel set to 0 on reset
21:00:51.24   GameInfo::ResetInfo - SyncLevel set to 0 on reset
21:00:51.24   GameInfo::ResetInfo - SyncLevel set to 0 on reset
21:00:51.24   GameInfo::ResetInfo - SyncLevel set to 0 on reset
21:00:51.24   GameInfo::ResetInfo - SyncLevel set to 0 on reset
21:00:51.24   GameInfo::ResetInfo - SyncLevel set to 0 on reset
21:00:51.24   GameInfo::ResetInfo - SyncLevel set to 0 on reset
21:00:51.24   GameInfo::ResetInfo - SyncLevel set to 0 on reset
21:00:51.25   GameInfo::ResetInfo - SyncLevel set to 0 on reset
21:00:51.25   GameInfo::ResetInfo - SyncLevel set to 0 on reset
21:00:51.25   GameInfo::ResetInfo - SyncLevel set to 0 on reset
21:00:51.25   GameInfo::ResetInfo - SyncLevel set to 0 on reset
21:00:51.25   GameInfo::ResetInfo - SyncLevel set to 0 on reset
21:00:51.25   GameInfo::ResetInfo - SyncLevel set to 0 on reset
21:00:51.25   GameInfo::ResetInfo - SyncLevel set to 0 on reset
21:00:51.25   GameInfo::ResetInfo - SyncLevel set to 0 on reset
21:00:51.25   GameInfo::ResetInfo - SyncLevel set to 0 on reset
21:00:51.25   GameInfo::ResetInfo - SyncLevel set to 0 on reset
21:00:51.25   GameInfo::ResetInfo - SyncLevel set to 0 on reset
21:00:51.25   GameInfo::ResetInfo - SyncLevel set to 0 on reset
21:00:51.25   GameInfo::ResetInfo - SyncLevel set to 0 on reset
21:00:51.25   GameInfo::ResetInfo - SyncLevel set to 0 on reset
21:00:51.25   GameInfo::ResetInfo - SyncLevel set to 0 on reset
21:00:51.25   GameInfo::ResetInfo - SyncLevel set to 0 on reset
21:00:51.25   GameInfo::ResetInfo - SyncLevel set to 0 on reset
21:00:51.25   GameInfo::ResetInfo - SyncLevel set to 0 on reset
21:00:51.25   GameInfo::ResetInfo - SyncLevel set to 0 on reset
21:00:51.25   GameInfo::ResetInfo - SyncLevel set to 0 on reset
21:00:51.25   GameInfo::ResetInfo - SyncLevel set to 0 on reset
21:00:51.25   GameInfo::ResetInfo - SyncLevel set to 0 on reset
21:00:51.25   GameInfo::ResetInfo - SyncLevel set to 0 on reset
21:00:51.25   GameInfo::ResetInfo - SyncLevel set to 0 on reset
21:00:51.25   GameInfo::ResetInfo - SyncLevel set to 0 on reset
21:00:51.25   GameInfo::ResetInfo - SyncLevel set to 0 on reset
21:00:51.25   GameInfo::ResetInfo - SyncLevel set to 0 on reset
21:00:51.25   GameInfo::ResetInfo - SyncLevel set to 0 on reset
21:00:51.25   GameInfo::ResetInfo - SyncLevel set to 0 on reset
21:00:51.25   GameInfo::ResetInfo - SyncLevel set to 0 on reset
21:00:51.26   GameInfo::ResetInfo - SyncLevel set to 0 on reset
21:00:51.26   GameInfo::ResetInfo - SyncLevel set to 0 on reset
21:00:51.26   GameInfo::ResetInfo - SyncLevel set to 0 on reset
21:00:51.26   GameInfo::ResetInfo - SyncLevel set to 0 on reset
21:00:51.26   GameInfo::ResetInfo - SyncLevel set to 0 on reset
21:00:51.26   GameInfo::ResetInfo - SyncLevel set to 0 on reset
21:00:51.26   GameInfo::ResetInfo - SyncLevel set to 0 on reset
21:00:51.26   GameInfo::ResetInfo - SyncLevel set to 0 on reset
21:00:51.26   GameInfo::ResetInfo - SyncLevel set to 0 on reset
21:00:51.26   GameInfo::ResetInfo - SyncLevel set to 0 on reset
21:00:51.26   GameInfo::ResetInfo - SyncLevel set to 0 on reset
21:00:51.26   GameInfo::ResetInfo - SyncLevel set to 0 on reset
21:00:51.26   GameInfo::ResetInfo - SyncLevel set to 0 on reset
21:00:51.26   GameInfo::ResetInfo - SyncLevel set to 0 on reset
21:00:51.26   GameInfo::ResetInfo - SyncLevel set to 0 on reset
21:00:51.26   GameInfo::ResetInfo - SyncLevel set to 0 on reset
21:00:51.26   GameInfo::ResetInfo - SyncLevel set to 0 on reset
21:00:51.26   GameInfo::ResetInfo - SyncLevel set to 0 on reset
21:00:51.26   GameInfo::ResetInfo - SyncLevel set to 0 on reset
21:00:51.26   GameInfo::ResetInfo - SyncLevel set to 0 on reset
21:00:51.26   GameInfo::ResetInfo - SyncLevel set to 0 on reset
21:00:51.26   GameInfo::ResetInfo - SyncLevel set to 0 on reset
21:00:51.26   GameInfo::ResetInfo - SyncLevel set to 0 on reset
21:00:51.26   GameInfo::ResetInfo - SyncLevel set to 0 on reset
21:00:51.26   GameInfo::ResetInfo - SyncLevel set to 0 on reset
21:00:51.26   GameInfo::ResetInfo - SyncLevel set to 0 on reset
21:00:51.26   GameInfo::ResetInfo - SyncLevel set to 0 on reset
21:00:51.26   GameInfo::ResetInfo - SyncLevel set to 0 on reset
21:00:51.26   GameInfo::ResetInfo - SyncLevel set to 0 on reset
21:00:51.26   GameInfo::ResetInfo - SyncLevel set to 0 on reset
21:00:51.26   GameInfo::ResetInfo - SyncLevel set to 0 on reset
21:00:51.26   GameInfo::ResetInfo - SyncLevel set to 0 on reset
21:00:51.26   GameInfo::ResetInfo - SyncLevel set to 0 on reset
21:00:51.27   GameInfo::ResetInfo - SyncLevel set to 0 on reset
21:00:51.27   GameInfo::ResetInfo - SyncLevel set to 0 on reset
21:00:51.27   GameInfo::ResetInfo - SyncLevel set to 0 on reset
21:00:51.27   GameInfo::ResetInfo - SyncLevel set to 0 on reset
21:00:51.27   GameInfo::ResetInfo - SyncLevel set to 0 on reset
21:00:51.27   GameInfo::ResetInfo - SyncLevel set to 0 on reset
21:00:51.27   GameInfo::ResetInfo - SyncLevel set to 0 on reset
21:00:51.27   GameInfo::ResetInfo - SyncLevel set to 0 on reset
21:00:51.27   GameInfo::ResetInfo - SyncLevel set to 0 on reset
21:00:51.27   GameInfo::ResetInfo - SyncLevel set to 0 on reset
21:00:51.27   GameInfo::ResetInfo - SyncLevel set to 0 on reset
21:00:51.27   GameInfo::ResetInfo - SyncLevel set to 0 on reset
21:00:51.27   GameInfo::ResetInfo - SyncLevel set to 0 on reset
21:00:51.27   GameInfo::ResetInfo - SyncLevel set to 0 on reset
21:00:51.27   GameInfo::ResetInfo - SyncLevel set to 0 on reset
21:00:51.27   GameInfo::ResetInfo - SyncLevel set to 0 on reset
21:00:51.27   GameInfo::ResetInfo - SyncLevel set to 0 on reset
21:00:51.27   GameInfo::ResetInfo - SyncLevel set to 0 on reset
21:00:51.27   GameInfo::ResetInfo - SyncLevel set to 0 on reset
21:00:51.27   GameInfo::ResetInfo - SyncLevel set to 0 on reset
21:00:51.27   GameInfo::ResetInfo - SyncLevel set to 0 on reset
21:00:51.28   GameInfo::ResetInfo - SyncLevel set to 0 on reset
21:00:51.28   GameInfo::ResetInfo - SyncLevel set to 0 on reset
21:00:51.28   GameInfo::ResetInfo - SyncLevel set to 0 on reset
21:00:51.28   GameInfo::ResetInfo - SyncLevel set to 0 on reset
21:00:51.28   GameInfo::ResetInfo - SyncLevel set to 0 on reset
21:00:51.28   GameInfo::ResetInfo - SyncLevel set to 0 on reset
21:00:51.28   GameInfo::ResetInfo - SyncLevel set to 0 on reset
21:00:51.28   GameInfo::ResetInfo - SyncLevel set to 0 on reset
21:00:51.28   GameInfo::ResetInfo - SyncLevel set to 0 on reset
21:00:51.28   GameInfo::ResetInfo - SyncLevel set to 0 on reset
21:00:51.28   GameInfo::ResetInfo - SyncLevel set to 0 on reset
21:00:51.28   GameInfo::ResetInfo - SyncLevel set to 0 on reset
21:00:51.28   GameInfo::ResetInfo - SyncLevel set to 0 on reset
21:00:51.28   GameInfo::ResetInfo - SyncLevel set to 0 on reset
21:00:51.28   GameInfo::ResetInfo - SyncLevel set to 0 on reset
21:00:51.28   GameInfo::ResetInfo - SyncLevel set to 0 on reset
21:00:51.28   GameInfo::ResetInfo - SyncLevel set to 0 on reset
21:00:51.28   GameInfo::ResetInfo - SyncLevel set to 0 on reset
21:00:51.28   GameInfo::ResetInfo - SyncLevel set to 0 on reset
21:00:51.28   GameInfo::ResetInfo - SyncLevel set to 0 on reset
21:00:51.28   GAME -- Error reading header for recorded game PLAYBACK:4p_rails_and_metal20110731195813__[GameReplays.org].rec
21:00:51.28   GameInfo::ResetInfo - SyncLevel set to 0 on reset
21:00:51.28   GameInfo::ResetInfo - SyncLevel set to 0 on reset
21:00:51.28   GAME -- Error reading header for recorded game PLAYBACK:4p_rails_and_metal20110801000124__[GameReplays.org].rec
21:00:51.28   GameInfo::ResetInfo - SyncLevel set to 0 on reset
21:00:51.28   GameInfo::ResetInfo - SyncLevel set to 0 on reset
21:00:51.28   GAME -- Error reading header for recorded game PLAYBACK:4p_rails_and_metal20120827200108__[GameReplays.org].rec
21:00:51.28   GameInfo::ResetInfo - SyncLevel set to 0 on reset
21:00:51.28   GameInfo::ResetInfo - SyncLevel set to 0 on reset
21:00:51.28   GameInfo::ResetInfo - SyncLevel set to 0 on reset
21:00:51.28   GameInfo::ResetInfo - SyncLevel set to 0 on reset
21:00:51.28   GameInfo::ResetInfo - SyncLevel set to 0 on reset
21:00:51.28   GameInfo::ResetInfo - SyncLevel set to 0 on reset
21:00:51.28   GameInfo::ResetInfo - SyncLevel set to 0 on reset
21:00:51.28   GameInfo::ResetInfo - SyncLevel set to 0 on reset
21:00:51.28   GameInfo::ResetInfo - SyncLevel set to 0 on reset
21:00:51.28   GameInfo::ResetInfo - SyncLevel set to 0 on reset
21:00:51.28   GameInfo::ResetInfo - SyncLevel set to 0 on reset
21:00:51.28   GameInfo::ResetInfo - SyncLevel set to 0 on reset
21:00:51.29   GameInfo::ResetInfo - SyncLevel set to 0 on reset
21:00:51.29   GameInfo::ResetInfo - SyncLevel set to 0 on reset
21:00:51.29   GameInfo::ResetInfo - SyncLevel set to 0 on reset
21:00:51.29   GameInfo::ResetInfo - SyncLevel set to 0 on reset
21:00:51.29   GameInfo::ResetInfo - SyncLevel set to 0 on reset
21:00:51.29   GameInfo::ResetInfo - SyncLevel set to 0 on reset
21:00:51.29   GameInfo::ResetInfo - SyncLevel set to 0 on reset
21:00:51.29   GameInfo::ResetInfo - SyncLevel set to 0 on reset
21:00:51.29   GameInfo::ResetInfo - SyncLevel set to 0 on reset
21:00:51.29   GameInfo::ResetInfo - SyncLevel set to 0 on reset
21:00:51.29   GameInfo::ResetInfo - SyncLevel set to 0 on reset
21:00:51.29   GameInfo::ResetInfo - SyncLevel set to 0 on reset
21:00:51.29   GameInfo::ResetInfo - SyncLevel set to 0 on reset
21:00:51.29   GameInfo::ResetInfo - SyncLevel set to 0 on reset
21:00:51.29   GameInfo::ResetInfo - SyncLevel set to 0 on reset
21:00:51.29   GameInfo::ResetInfo - SyncLevel set to 0 on reset
21:00:51.29   GameInfo::ResetInfo - SyncLevel set to 0 on reset
21:00:51.29   GameInfo::ResetInfo - SyncLevel set to 0 on reset
21:00:51.29   GameInfo::ResetInfo - SyncLevel set to 0 on reset
21:00:51.29   GameInfo::ResetInfo - SyncLevel set to 0 on reset
21:00:51.29   GameInfo::ResetInfo - SyncLevel set to 0 on reset
21:00:51.29   GameInfo::ResetInfo - SyncLevel set to 0 on reset
21:00:51.29   GameInfo::ResetInfo - SyncLevel set to 0 on reset
21:00:51.29   GameInfo::ResetInfo - SyncLevel set to 0 on reset
21:00:51.29   GameInfo::ResetInfo - SyncLevel set to 0 on reset
21:00:51.29   GameInfo::ResetInfo - SyncLevel set to 0 on reset
21:00:51.29   GameInfo::ResetInfo - SyncLevel set to 0 on reset
21:00:51.29   GameInfo::ResetInfo - SyncLevel set to 0 on reset
21:00:51.29   GameInfo::ResetInfo - SyncLevel set to 0 on reset
21:00:51.30   GameInfo::ResetInfo - SyncLevel set to 0 on reset
21:00:51.30   GameInfo::ResetInfo - SyncLevel set to 0 on reset
21:00:51.30   GameInfo::ResetInfo - SyncLevel set to 0 on reset
21:00:51.30   GameInfo::ResetInfo - SyncLevel set to 0 on reset
21:00:51.30   GameInfo::ResetInfo - SyncLevel set to 0 on reset
21:00:51.30   GameInfo::ResetInfo - SyncLevel set to 0 on reset
21:00:51.30   GameInfo::ResetInfo - SyncLevel set to 0 on reset
21:00:51.30   GameInfo::ResetInfo - SyncLevel set to 0 on reset
21:00:51.30   GameInfo::ResetInfo - SyncLevel set to 0 on reset
21:00:51.30   GameInfo::ResetInfo - SyncLevel set to 0 on reset
21:00:51.30   GameInfo::ResetInfo - SyncLevel set to 0 on reset
21:00:51.30   GameInfo::ResetInfo - SyncLevel set to 0 on reset
21:00:51.30   GameInfo::ResetInfo - SyncLevel set to 0 on reset
21:00:51.30   GameInfo::ResetInfo - SyncLevel set to 0 on reset
21:00:51.30   GameInfo::ResetInfo - SyncLevel set to 0 on reset
21:00:51.30   GameInfo::ResetInfo - SyncLevel set to 0 on reset
21:00:51.30   GameInfo::ResetInfo - SyncLevel set to 0 on reset
21:00:51.30   GameInfo::ResetInfo - SyncLevel set to 0 on reset
21:00:51.30   GameInfo::ResetInfo - SyncLevel set to 0 on reset
21:00:51.30   GameInfo::ResetInfo - SyncLevel set to 0 on reset
21:00:51.30   GameInfo::ResetInfo - SyncLevel set to 0 on reset
21:00:51.30   GameInfo::ResetInfo - SyncLevel set to 0 on reset
21:00:51.31   GameInfo::ResetInfo - SyncLevel set to 0 on reset
21:00:51.31   GameInfo::ResetInfo - SyncLevel set to 0 on reset
21:00:51.31   GameInfo::ResetInfo - SyncLevel set to 0 on reset
21:00:51.31   GameInfo::ResetInfo - SyncLevel set to 0 on reset
21:00:51.31   GameInfo::ResetInfo - SyncLevel set to 0 on reset
21:00:51.31   GameInfo::ResetInfo - SyncLevel set to 0 on reset
21:00:51.31   GameInfo::ResetInfo - SyncLevel set to 0 on reset
21:00:51.31   GameInfo::ResetInfo - SyncLevel set to 0 on reset
21:00:51.31   GameInfo::ResetInfo - SyncLevel set to 0 on reset
21:00:51.31   GameInfo::ResetInfo - SyncLevel set to 0 on reset
21:00:51.31   GameInfo::ResetInfo - SyncLevel set to 0 on reset
21:00:51.31   GameInfo::ResetInfo - SyncLevel set to 0 on reset
21:00:51.31   GameInfo::ResetInfo - SyncLevel set to 0 on reset
21:00:51.31   GameInfo::ResetInfo - SyncLevel set to 0 on reset
21:00:51.31   GameInfo::ResetInfo - SyncLevel set to 0 on reset
21:00:51.31   GameInfo::ResetInfo - SyncLevel set to 0 on reset
21:00:51.31   GameInfo::ResetInfo - SyncLevel set to 0 on reset
21:00:51.31   GameInfo::ResetInfo - SyncLevel set to 0 on reset
21:00:51.31   GameInfo::ResetInfo - SyncLevel set to 0 on reset
21:00:51.31   GameInfo::ResetInfo - SyncLevel set to 0 on reset
21:00:51.31   GameInfo::ResetInfo - SyncLevel set to 0 on reset
21:00:51.31   GameInfo::ResetInfo - SyncLevel set to 0 on reset
21:00:51.31   GameInfo::ResetInfo - SyncLevel set to 0 on reset
21:00:51.31   GameInfo::ResetInfo - SyncLevel set to 0 on reset
21:00:51.31   GameInfo::ResetInfo - SyncLevel set to 0 on reset
21:00:51.31   GameInfo::ResetInfo - SyncLevel set to 0 on reset
21:00:51.31   GameInfo::ResetInfo - SyncLevel set to 0 on reset
21:00:51.31   GameInfo::ResetInfo - SyncLevel set to 0 on reset
21:00:51.31   GameInfo::ResetInfo - SyncLevel set to 0 on reset
21:00:51.31   GameInfo::ResetInfo - SyncLevel set to 0 on reset
21:00:51.31   GameInfo::ResetInfo - SyncLevel set to 0 on reset
21:00:51.31   GameInfo::ResetInfo - SyncLevel set to 0 on reset
21:00:51.31   GameInfo::ResetInfo - SyncLevel set to 0 on reset
21:00:51.32   GameInfo::ResetInfo - SyncLevel set to 0 on reset
21:00:51.32   GameInfo::ResetInfo - SyncLevel set to 0 on reset
21:00:51.32   GameInfo::ResetInfo - SyncLevel set to 0 on reset
21:00:51.32   GameInfo::ResetInfo - SyncLevel set to 0 on reset
21:00:51.32   GameInfo::ResetInfo - SyncLevel set to 0 on reset
21:00:51.32   GameInfo::ResetInfo - SyncLevel set to 0 on reset
21:00:51.32   GameInfo::ResetInfo - SyncLevel set to 0 on reset
21:00:51.32   GameInfo::ResetInfo - SyncLevel set to 0 on reset
21:00:51.32   GameInfo::ResetInfo - SyncLevel set to 0 on reset
21:00:51.32   GameInfo::ResetInfo - SyncLevel set to 0 on reset
21:00:51.32   GameInfo::ResetInfo - SyncLevel set to 0 on reset
21:00:51.32   GameInfo::ResetInfo - SyncLevel set to 0 on reset
21:00:51.32   GameInfo::ResetInfo - SyncLevel set to 0 on reset
21:00:51.32   GameInfo::ResetInfo - SyncLevel set to 0 on reset
21:00:51.32   GameInfo::ResetInfo - SyncLevel set to 0 on reset
21:00:51.32   GameInfo::ResetInfo - SyncLevel set to 0 on reset
21:00:51.32   GameInfo::ResetInfo - SyncLevel set to 0 on reset
21:00:51.32   GameInfo::ResetInfo - SyncLevel set to 0 on reset
21:00:51.32   GameInfo::ResetInfo - SyncLevel set to 0 on reset
21:00:51.32   GameInfo::ResetInfo - SyncLevel set to 0 on reset
21:00:51.32   GameInfo::ResetInfo - SyncLevel set to 0 on reset
21:00:51.32   GameInfo::ResetInfo - SyncLevel set to 0 on reset
21:00:51.32   GameInfo::ResetInfo - SyncLevel set to 0 on reset
21:00:51.32   GameInfo::ResetInfo - SyncLevel set to 0 on reset
21:00:51.33   GameInfo::ResetInfo - SyncLevel set to 0 on reset
21:00:51.33   GameInfo::ResetInfo - SyncLevel set to 0 on reset
21:00:51.33   GameInfo::ResetInfo - SyncLevel set to 0 on reset
21:00:51.33   GameInfo::ResetInfo - SyncLevel set to 0 on reset
21:00:51.33   GameInfo::ResetInfo - SyncLevel set to 0 on reset
21:00:51.33   GameInfo::ResetInfo - SyncLevel set to 0 on reset
21:00:51.33   GameInfo::ResetInfo - SyncLevel set to 0 on reset
21:00:51.33   GameInfo::ResetInfo - SyncLevel set to 0 on reset
21:00:51.33   GAME -- Error reading header for recorded game PLAYBACK:4p_wolfheze20090305210256__[GameReplays.org].rec
21:00:51.33   GameInfo::ResetInfo - SyncLevel set to 0 on reset
21:00:51.33   GameInfo::ResetInfo - SyncLevel set to 0 on reset
21:00:51.33   GameInfo::ResetInfo - SyncLevel set to 0 on reset
21:00:51.33   GameInfo::ResetInfo - SyncLevel set to 0 on reset
21:00:51.33   GameInfo::ResetInfo - SyncLevel set to 0 on reset
21:00:51.33   GameInfo::ResetInfo - SyncLevel set to 0 on reset
21:00:51.33   GameInfo::ResetInfo - SyncLevel set to 0 on reset
21:00:51.33   GameInfo::ResetInfo - SyncLevel set to 0 on reset
21:00:51.33   GameInfo::ResetInfo - SyncLevel set to 0 on reset
21:00:51.33   GameInfo::ResetInfo - SyncLevel set to 0 on reset
21:00:51.33   GameInfo::ResetInfo - SyncLevel set to 0 on reset
21:00:51.33   GameInfo::ResetInfo - SyncLevel set to 0 on reset
21:00:51.33   GameInfo::ResetInfo - SyncLevel set to 0 on reset
21:00:51.33   GameInfo::ResetInfo - SyncLevel set to 0 on reset
21:00:51.33   GameInfo::ResetInfo - SyncLevel set to 0 on reset
21:00:51.33   GameInfo::ResetInfo - SyncLevel set to 0 on reset
21:00:51.33   GameInfo::ResetInfo - SyncLevel set to 0 on reset
21:00:51.33   GameInfo::ResetInfo - SyncLevel set to 0 on reset
21:00:51.33   GameInfo::ResetInfo - SyncLevel set to 0 on reset
21:00:51.33   GameInfo::ResetInfo - SyncLevel set to 0 on reset
21:00:51.33   GameInfo::ResetInfo - SyncLevel set to 0 on reset
21:00:51.34   GameInfo::ResetInfo - SyncLevel set to 0 on reset
21:00:51.34   GameInfo::ResetInfo - SyncLevel set to 0 on reset
21:00:51.34   GameInfo::ResetInfo - SyncLevel set to 0 on reset
21:00:51.34   GameInfo::ResetInfo - SyncLevel set to 0 on reset
21:00:51.34   GameInfo::ResetInfo - SyncLevel set to 0 on reset
21:00:51.34   GameInfo::ResetInfo - SyncLevel set to 0 on reset
21:00:51.34   GameInfo::ResetInfo - SyncLevel set to 0 on reset
21:00:51.34   GameInfo::ResetInfo - SyncLevel set to 0 on reset
21:00:51.34   GameInfo::ResetInfo - SyncLevel set to 0 on reset
21:00:51.34   GameInfo::ResetInfo - SyncLevel set to 0 on reset
21:00:51.34   GameInfo::ResetInfo - SyncLevel set to 0 on reset
21:00:51.34   GameInfo::ResetInfo - SyncLevel set to 0 on reset
21:00:51.34   GameInfo::ResetInfo - SyncLevel set to 0 on reset
21:00:51.34   GameInfo::ResetInfo - SyncLevel set to 0 on reset
21:00:51.34   GameInfo::ResetInfo - SyncLevel set to 0 on reset
21:00:51.34   GameInfo::ResetInfo - SyncLevel set to 0 on reset
21:00:51.34   GameInfo::ResetInfo - SyncLevel set to 0 on reset
21:00:51.34   GameInfo::ResetInfo - SyncLevel set to 0 on reset
21:00:51.34   GameInfo::ResetInfo - SyncLevel set to 0 on reset
21:00:51.34   GameInfo::ResetInfo - SyncLevel set to 0 on reset
21:00:51.34   GameInfo::ResetInfo - SyncLevel set to 0 on reset
21:00:51.34   GameInfo::ResetInfo - SyncLevel set to 0 on reset
21:00:51.34   GameInfo::ResetInfo - SyncLevel set to 0 on reset
21:00:51.34   GameInfo::ResetInfo - SyncLevel set to 0 on reset
21:00:51.34   GameInfo::ResetInfo - SyncLevel set to 0 on reset
21:00:51.34   GameInfo::ResetInfo - SyncLevel set to 0 on reset
21:00:51.34   GameInfo::ResetInfo - SyncLevel set to 0 on reset
21:00:51.34   GameInfo::ResetInfo - SyncLevel set to 0 on reset
21:00:51.34   GameInfo::ResetInfo - SyncLevel set to 0 on reset
21:00:51.34   GameInfo::ResetInfo - SyncLevel set to 0 on reset
21:00:51.34   GameInfo::ResetInfo - SyncLevel set to 0 on reset
21:00:51.34   GameInfo::ResetInfo - SyncLevel set to 0 on reset
21:00:51.34   GameInfo::ResetInfo - SyncLevel set to 0 on reset
21:00:51.34   GameInfo::ResetInfo - SyncLevel set to 0 on reset
21:00:51.34   GameInfo::ResetInfo - SyncLevel set to 0 on reset
21:00:51.34   GameInfo::ResetInfo - SyncLevel set to 0 on reset
21:00:51.34   GameInfo::ResetInfo - SyncLevel set to 0 on reset
21:00:51.34   GameInfo::ResetInfo - SyncLevel set to 0 on reset
21:00:51.34   GameInfo::ResetInfo - SyncLevel set to 0 on reset
21:00:51.35   GameInfo::ResetInfo - SyncLevel set to 0 on reset
21:00:51.35   GameInfo::ResetInfo - SyncLevel set to 0 on reset
21:00:51.35   GameInfo::ResetInfo - SyncLevel set to 0 on reset
21:00:51.35   GameInfo::ResetInfo - SyncLevel set to 0 on reset
21:00:51.35   GameInfo::ResetInfo - SyncLevel set to 0 on reset
21:00:51.35   GameInfo::ResetInfo - SyncLevel set to 0 on reset
21:00:51.35   GameInfo::ResetInfo - SyncLevel set to 0 on reset
21:00:51.35   GameInfo::ResetInfo - SyncLevel set to 0 on reset
21:00:51.35   GameInfo::ResetInfo - SyncLevel set to 0 on reset
21:00:51.35   GameInfo::ResetInfo - SyncLevel set to 0 on reset
21:00:51.35   GameInfo::ResetInfo - SyncLevel set to 0 on reset
21:00:51.35   GameInfo::ResetInfo - SyncLevel set to 0 on reset
21:00:51.35   GameInfo::ResetInfo - SyncLevel set to 0 on reset
21:00:51.35   GameInfo::ResetInfo - SyncLevel set to 0 on reset
21:00:51.35   GameInfo::ResetInfo - SyncLevel set to 0 on reset
21:00:51.35   GameInfo::ResetInfo - SyncLevel set to 0 on reset
21:00:51.35   GameInfo::ResetInfo - SyncLevel set to 0 on reset
21:00:51.35   GameInfo::ResetInfo - SyncLevel set to 0 on reset
21:00:51.35   GameInfo::ResetInfo - SyncLevel set to 0 on reset
21:00:51.35   GameInfo::ResetInfo - SyncLevel set to 0 on reset
21:00:51.35   GameInfo::ResetInfo - SyncLevel set to 0 on reset
21:00:51.35   GameInfo::ResetInfo - SyncLevel set to 0 on reset
21:00:51.35   GameInfo::ResetInfo - SyncLevel set to 0 on reset
21:00:51.35   GameInfo::ResetInfo - SyncLevel set to 0 on reset
21:00:51.36   GameInfo::ResetInfo - SyncLevel set to 0 on reset
21:00:51.36   GameInfo::ResetInfo - SyncLevel set to 0 on reset
21:00:51.36   GameInfo::ResetInfo - SyncLevel set to 0 on reset
21:00:51.36   GameInfo::ResetInfo - SyncLevel set to 0 on reset
21:00:51.36   GameInfo::ResetInfo - SyncLevel set to 0 on reset
21:00:51.36   GameInfo::ResetInfo - SyncLevel set to 0 on reset
21:00:51.36   GameInfo::ResetInfo - SyncLevel set to 0 on reset
21:00:51.36   GameInfo::ResetInfo - SyncLevel set to 0 on reset
21:00:51.36   GameInfo::ResetInfo - SyncLevel set to 0 on reset
21:00:51.36   GameInfo::ResetInfo - SyncLevel set to 0 on reset
21:00:51.36   GameInfo::ResetInfo - SyncLevel set to 0 on reset
21:00:51.36   GameInfo::ResetInfo - SyncLevel set to 0 on reset
21:00:51.36   GameInfo::ResetInfo - SyncLevel set to 0 on reset
21:00:51.36   GameInfo::ResetInfo - SyncLevel set to 0 on reset
21:00:51.36   GameInfo::ResetInfo - SyncLevel set to 0 on reset
21:00:51.36   GameInfo::ResetInfo - SyncLevel set to 0 on reset
21:00:51.36   GameInfo::ResetInfo - SyncLevel set to 0 on reset
21:00:51.36   GameInfo::ResetInfo - SyncLevel set to 0 on reset
21:00:51.36   GameInfo::ResetInfo - SyncLevel set to 0 on reset
21:00:51.36   GameInfo::ResetInfo - SyncLevel set to 0 on reset
21:00:51.36   GameInfo::ResetInfo - SyncLevel set to 0 on reset
21:00:51.37   GameInfo::ResetInfo - SyncLevel set to 0 on reset
21:00:51.37   GameInfo::ResetInfo - SyncLevel set to 0 on reset
21:00:51.37   GameInfo::ResetInfo - SyncLevel set to 0 on reset
21:00:51.37   GameInfo::ResetInfo - SyncLevel set to 0 on reset
21:00:51.37   GameInfo::ResetInfo - SyncLevel set to 0 on reset
21:00:51.37   GameInfo::ResetInfo - SyncLevel set to 0 on reset
21:00:51.37   GameInfo::ResetInfo - SyncLevel set to 0 on reset
21:00:51.37   GameInfo::ResetInfo - SyncLevel set to 0 on reset
21:00:51.37   GameInfo::ResetInfo - SyncLevel set to 0 on reset
21:00:51.37   GameInfo::ResetInfo - SyncLevel set to 0 on reset
21:00:51.37   GameInfo::ResetInfo - SyncLevel set to 0 on reset
21:00:51.37   GameInfo::ResetInfo - SyncLevel set to 0 on reset
21:00:51.37   GameInfo::ResetInfo - SyncLevel set to 0 on reset
21:00:51.37   GameInfo::ResetInfo - SyncLevel set to 0 on reset
21:00:51.37   GameInfo::ResetInfo - SyncLevel set to 0 on reset
21:00:51.37   GameInfo::ResetInfo - SyncLevel set to 0 on reset
21:00:51.37   GameInfo::ResetInfo - SyncLevel set to 0 on reset
21:00:51.37   GameInfo::ResetInfo - SyncLevel set to 0 on reset
21:00:51.37   GameInfo::ResetInfo - SyncLevel set to 0 on reset
21:00:51.37   GameInfo::ResetInfo - SyncLevel set to 0 on reset
21:00:51.37   GameInfo::ResetInfo - SyncLevel set to 0 on reset
21:00:51.37   GameInfo::ResetInfo - SyncLevel set to 0 on reset
21:00:51.37   GameInfo::ResetInfo - SyncLevel set to 0 on reset
21:00:51.37   GameInfo::ResetInfo - SyncLevel set to 0 on reset
21:00:51.37   GameInfo::ResetInfo - SyncLevel set to 0 on reset
21:00:51.37   GameInfo::ResetInfo - SyncLevel set to 0 on reset
21:00:51.37   GameInfo::ResetInfo - SyncLevel set to 0 on reset
21:00:51.37   GameInfo::ResetInfo - SyncLevel set to 0 on reset
21:00:51.37   GameInfo::ResetInfo - SyncLevel set to 0 on reset
21:00:51.37   GameInfo::ResetInfo - SyncLevel set to 0 on reset
21:00:51.38   GameInfo::ResetInfo - SyncLevel set to 0 on reset
21:00:51.38   GameInfo::ResetInfo - SyncLevel set to 0 on reset
21:00:51.38   GameInfo::ResetInfo - SyncLevel set to 0 on reset
21:00:51.38   GameInfo::ResetInfo - SyncLevel set to 0 on reset
21:00:51.38   GameInfo::ResetInfo - SyncLevel set to 0 on reset
21:00:51.38   GameInfo::ResetInfo - SyncLevel set to 0 on reset
21:00:51.38   GameInfo::ResetInfo - SyncLevel set to 0 on reset
21:00:51.38   GameInfo::ResetInfo - SyncLevel set to 0 on reset
21:00:51.38   GameInfo::ResetInfo - SyncLevel set to 0 on reset
21:00:51.38   GameInfo::ResetInfo - SyncLevel set to 0 on reset
21:00:51.38   GameInfo::ResetInfo - SyncLevel set to 0 on reset
21:00:51.38   GameInfo::ResetInfo - SyncLevel set to 0 on reset
21:00:51.38   GameInfo::ResetInfo - SyncLevel set to 0 on reset
21:00:51.38   GameInfo::ResetInfo - SyncLevel set to 0 on reset
21:00:51.38   GameInfo::ResetInfo - SyncLevel set to 0 on reset
21:00:51.38   GameInfo::ResetInfo - SyncLevel set to 0 on reset
21:00:51.38   GameInfo::ResetInfo - SyncLevel set to 0 on reset
21:00:51.38   GameInfo::ResetInfo - SyncLevel set to 0 on reset
21:00:51.39   GameInfo::ResetInfo - SyncLevel set to 0 on reset
21:00:51.39   GameInfo::ResetInfo - SyncLevel set to 0 on reset
21:00:51.39   GameInfo::ResetInfo - SyncLevel set to 0 on reset
21:00:51.39   GameInfo::ResetInfo - SyncLevel set to 0 on reset
21:00:51.39   GameInfo::ResetInfo - SyncLevel set to 0 on reset
21:00:51.39   GameInfo::ResetInfo - SyncLevel set to 0 on reset
21:00:51.39   GameInfo::ResetInfo - SyncLevel set to 0 on reset
21:00:51.39   GameInfo::ResetInfo - SyncLevel set to 0 on reset
21:00:51.39   GameInfo::ResetInfo - SyncLevel set to 0 on reset
21:00:51.39   GameInfo::ResetInfo - SyncLevel set to 0 on reset
21:00:51.39   GameInfo::ResetInfo - SyncLevel set to 0 on reset
21:00:51.39   GameInfo::ResetInfo - SyncLevel set to 0 on reset
21:00:51.39   GameInfo::ResetInfo - SyncLevel set to 0 on reset
21:00:51.39   GameInfo::ResetInfo - SyncLevel set to 0 on reset
21:00:51.39   GameInfo::ResetInfo - SyncLevel set to 0 on reset
21:00:51.39   GameInfo::ResetInfo - SyncLevel set to 0 on reset
21:00:51.39   GameInfo::ResetInfo - SyncLevel set to 0 on reset
21:00:51.39   GameInfo::ResetInfo - SyncLevel set to 0 on reset
21:00:51.39   GameInfo::ResetInfo - SyncLevel set to 0 on reset
21:00:51.39   GameInfo::ResetInfo - SyncLevel set to 0 on reset
21:00:51.39   GameInfo::ResetInfo - SyncLevel set to 0 on reset
21:00:51.39   GameInfo::ResetInfo - SyncLevel set to 0 on reset
21:00:51.39   GameInfo::ResetInfo - SyncLevel set to 0 on reset
21:00:51.39   GameInfo::ResetInfo - SyncLevel set to 0 on reset
21:00:51.39   GameInfo::ResetInfo - SyncLevel set to 0 on reset
21:00:51.39   GameInfo::ResetInfo - SyncLevel set to 0 on reset
21:00:51.39   GAME -- Error reading header for recorded game PLAYBACK:6p_close_river_combat.2018-01-28.00-37-43.rec
21:00:51.39   GameInfo::ResetInfo - SyncLevel set to 0 on reset
21:00:51.39   GameInfo::ResetInfo - SyncLevel set to 0 on reset
21:00:51.39   GAME -- Error reading header for recorded game PLAYBACK:6p_close_river_combat.2018-01-31.23-35-59.rec
21:00:51.39   GameInfo::ResetInfo - SyncLevel set to 0 on reset
21:00:51.39   GameInfo::ResetInfo - SyncLevel set to 0 on reset
21:00:51.39   GameInfo::ResetInfo - SyncLevel set to 0 on reset
21:00:51.39   GameInfo::ResetInfo - SyncLevel set to 0 on reset
21:00:51.40   GameInfo::ResetInfo - SyncLevel set to 0 on reset
21:00:51.40   GameInfo::ResetInfo - SyncLevel set to 0 on reset
21:00:51.40   GameInfo::ResetInfo - SyncLevel set to 0 on reset
21:00:51.40   GameInfo::ResetInfo - SyncLevel set to 0 on reset
21:00:51.40   GameInfo::ResetInfo - SyncLevel set to 0 on reset
21:00:51.40   GameInfo::ResetInfo - SyncLevel set to 0 on reset
21:00:51.40   GameInfo::ResetInfo - SyncLevel set to 0 on reset
21:00:51.40   GameInfo::ResetInfo - SyncLevel set to 0 on reset
21:00:51.40   GameInfo::ResetInfo - SyncLevel set to 0 on reset
21:00:51.40   GameInfo::ResetInfo - SyncLevel set to 0 on reset
21:00:51.40   GameInfo::ResetInfo - SyncLevel set to 0 on reset
21:00:51.40   GameInfo::ResetInfo - SyncLevel set to 0 on reset
21:00:51.40   GameInfo::ResetInfo - SyncLevel set to 0 on reset
21:00:51.40   GameInfo::ResetInfo - SyncLevel set to 0 on reset
21:00:51.40   GameInfo::ResetInfo - SyncLevel set to 0 on reset
21:00:51.40   GameInfo::ResetInfo - SyncLevel set to 0 on reset
21:00:51.40   GameInfo::ResetInfo - SyncLevel set to 0 on reset
21:00:51.40   GameInfo::ResetInfo - SyncLevel set to 0 on reset
21:00:51.40   GameInfo::ResetInfo - SyncLevel set to 0 on reset
21:00:51.40   GameInfo::ResetInfo - SyncLevel set to 0 on reset
21:00:51.40   GameInfo::ResetInfo - SyncLevel set to 0 on reset
21:00:51.40   GameInfo::ResetInfo - SyncLevel set to 0 on reset
21:00:51.40   GameInfo::ResetInfo - SyncLevel set to 0 on reset
21:00:51.41   GameInfo::ResetInfo - SyncLevel set to 0 on reset
21:00:51.41   GameInfo::ResetInfo - SyncLevel set to 0 on reset
21:00:51.41   GameInfo::ResetInfo - SyncLevel set to 0 on reset
21:00:51.41   GameInfo::ResetInfo - SyncLevel set to 0 on reset
21:00:51.41   GameInfo::ResetInfo - SyncLevel set to 0 on reset
21:00:51.41   GameInfo::ResetInfo - SyncLevel set to 0 on reset
21:00:51.41   GameInfo::ResetInfo - SyncLevel set to 0 on reset
21:00:51.41   GameInfo::ResetInfo - SyncLevel set to 0 on reset
21:00:51.41   GameInfo::ResetInfo - SyncLevel set to 0 on reset
21:00:51.41   GameInfo::ResetInfo - SyncLevel set to 0 on reset
21:00:51.41   GameInfo::ResetInfo - SyncLevel set to 0 on reset
21:00:51.41   GameInfo::ResetInfo - SyncLevel set to 0 on reset
21:00:51.41   GameInfo::ResetInfo - SyncLevel set to 0 on reset
21:00:51.41   GameInfo::ResetInfo - SyncLevel set to 0 on reset
21:00:51.41   GameInfo::ResetInfo - SyncLevel set to 0 on reset
21:00:51.41   GameInfo::ResetInfo - SyncLevel set to 0 on reset
21:00:51.41   GameInfo::ResetInfo - SyncLevel set to 0 on reset
21:00:51.41   GameInfo::ResetInfo - SyncLevel set to 0 on reset
21:00:51.41   GameInfo::ResetInfo - SyncLevel set to 0 on reset
21:00:51.41   GameInfo::ResetInfo - SyncLevel set to 0 on reset
21:00:51.41   GameInfo::ResetInfo - SyncLevel set to 0 on reset
21:00:51.41   GameInfo::ResetInfo - SyncLevel set to 0 on reset
21:00:51.41   GameInfo::ResetInfo - SyncLevel set to 0 on reset
21:00:51.41   GameInfo::ResetInfo - SyncLevel set to 0 on reset
21:00:51.41   GameInfo::ResetInfo - SyncLevel set to 0 on reset
21:00:51.41   GameInfo::ResetInfo - SyncLevel set to 0 on reset
21:00:51.42   GameInfo::ResetInfo - SyncLevel set to 0 on reset
21:00:51.42   GameInfo::ResetInfo - SyncLevel set to 0 on reset
21:00:51.42   GameInfo::ResetInfo - SyncLevel set to 0 on reset
21:00:51.42   GameInfo::ResetInfo - SyncLevel set to 0 on reset
21:00:51.42   GameInfo::ResetInfo - SyncLevel set to 0 on reset
21:00:51.42   GameInfo::ResetInfo - SyncLevel set to 0 on reset
21:00:51.42   GameInfo::ResetInfo - SyncLevel set to 0 on reset
21:00:51.42   GameInfo::ResetInfo - SyncLevel set to 0 on reset
21:00:51.42   GameInfo::ResetInfo - SyncLevel set to 0 on reset
21:00:51.42   GameInfo::ResetInfo - SyncLevel set to 0 on reset
21:00:51.42   GameInfo::ResetInfo - SyncLevel set to 0 on reset
21:00:51.42   GameInfo::ResetInfo - SyncLevel set to 0 on reset
21:00:51.42   GameInfo::ResetInfo - SyncLevel set to 0 on reset
21:00:51.42   GameInfo::ResetInfo - SyncLevel set to 0 on reset
21:00:51.42   GameInfo::ResetInfo - SyncLevel set to 0 on reset
21:00:51.42   GameInfo::ResetInfo - SyncLevel set to 0 on reset
21:00:51.42   GameInfo::ResetInfo - SyncLevel set to 0 on reset
21:00:51.42   GameInfo::ResetInfo - SyncLevel set to 0 on reset
21:00:51.42   GameInfo::ResetInfo - SyncLevel set to 0 on reset
21:00:51.42   GameInfo::ResetInfo - SyncLevel set to 0 on reset
21:00:51.42   GameInfo::ResetInfo - SyncLevel set to 0 on reset
21:00:51.42   GameInfo::ResetInfo - SyncLevel set to 0 on reset
21:00:51.42   GameInfo::ResetInfo - SyncLevel set to 0 on reset
21:00:51.42   GameInfo::ResetInfo - SyncLevel set to 0 on reset
21:00:51.42   GameInfo::ResetInfo - SyncLevel set to 0 on reset
21:00:51.42   GameInfo::ResetInfo - SyncLevel set to 0 on reset
21:00:51.42   GameInfo::ResetInfo - SyncLevel set to 0 on reset
21:00:51.42   GameInfo::ResetInfo - SyncLevel set to 0 on reset
21:00:51.43   GameInfo::ResetInfo - SyncLevel set to 0 on reset
21:00:51.43   GameInfo::ResetInfo - SyncLevel set to 0 on reset
21:00:51.43   GameInfo::ResetInfo - SyncLevel set to 0 on reset
21:00:51.43   GameInfo::ResetInfo - SyncLevel set to 0 on reset
21:00:51.43   GameInfo::ResetInfo - SyncLevel set to 0 on reset
21:00:51.43   GameInfo::ResetInfo - SyncLevel set to 0 on reset
21:00:51.43   GameInfo::ResetInfo - SyncLevel set to 0 on reset
21:00:51.43   GameInfo::ResetInfo - SyncLevel set to 0 on reset
21:00:51.43   GameInfo::ResetInfo - SyncLevel set to 0 on reset
21:00:51.43   GameInfo::ResetInfo - SyncLevel set to 0 on reset
21:00:51.43   GameInfo::ResetInfo - SyncLevel set to 0 on reset
21:00:51.43   GameInfo::ResetInfo - SyncLevel set to 0 on reset
21:00:51.43   GameInfo::ResetInfo - SyncLevel set to 0 on reset
21:00:51.43   GameInfo::ResetInfo - SyncLevel set to 0 on reset
21:00:51.43   GameInfo::ResetInfo - SyncLevel set to 0 on reset
21:00:51.43   GameInfo::ResetInfo - SyncLevel set to 0 on reset
21:00:51.43   GameInfo::ResetInfo - SyncLevel set to 0 on reset
21:00:51.43   GameInfo::ResetInfo - SyncLevel set to 0 on reset
21:00:51.43   GameInfo::ResetInfo - SyncLevel set to 0 on reset
21:00:51.43   GameInfo::ResetInfo - SyncLevel set to 0 on reset
21:00:51.43   GameInfo::ResetInfo - SyncLevel set to 0 on reset
21:00:51.43   GameInfo::ResetInfo - SyncLevel set to 0 on reset
21:00:51.43   GameInfo::ResetInfo - SyncLevel set to 0 on reset
21:00:51.43   GameInfo::ResetInfo - SyncLevel set to 0 on reset
21:00:51.43   GameInfo::ResetInfo - SyncLevel set to 0 on reset
21:00:51.43   GameInfo::ResetInfo - SyncLevel set to 0 on reset
21:00:51.43   GameInfo::ResetInfo - SyncLevel set to 0 on reset
21:00:51.44   GameInfo::ResetInfo - SyncLevel set to 0 on reset
21:00:51.44   GameInfo::ResetInfo - SyncLevel set to 0 on reset
21:00:51.44   GameInfo::ResetInfo - SyncLevel set to 0 on reset
21:00:51.44   GameInfo::ResetInfo - SyncLevel set to 0 on reset
21:00:51.44   GameInfo::ResetInfo - SyncLevel set to 0 on reset
21:00:51.44   GameInfo::ResetInfo - SyncLevel set to 0 on reset
21:00:51.44   GameInfo::ResetInfo - SyncLevel set to 0 on reset
21:00:51.44   GameInfo::ResetInfo - SyncLevel set to 0 on reset
21:00:51.44   GameInfo::ResetInfo - SyncLevel set to 0 on reset
21:00:51.44   GameInfo::ResetInfo - SyncLevel set to 0 on reset
21:00:51.44   GameInfo::ResetInfo - SyncLevel set to 0 on reset
21:00:51.44   GameInfo::ResetInfo - SyncLevel set to 0 on reset
21:00:51.44   GameInfo::ResetInfo - SyncLevel set to 0 on reset
21:00:51.44   GameInfo::ResetInfo - SyncLevel set to 0 on reset
21:00:51.44   GameInfo::ResetInfo - SyncLevel set to 0 on reset
21:00:51.44   GameInfo::ResetInfo - SyncLevel set to 0 on reset
21:00:51.44   GameInfo::ResetInfo - SyncLevel set to 0 on reset
21:00:51.44   GameInfo::ResetInfo - SyncLevel set to 0 on reset
21:00:51.44   GameInfo::ResetInfo - SyncLevel set to 0 on reset
21:00:51.44   GameInfo::ResetInfo - SyncLevel set to 0 on reset
21:00:51.44   GameInfo::ResetInfo - SyncLevel set to 0 on reset
21:00:51.45   GameInfo::ResetInfo - SyncLevel set to 0 on reset
21:00:51.45   GameInfo::ResetInfo - SyncLevel set to 0 on reset
21:00:51.45   GameInfo::ResetInfo - SyncLevel set to 0 on reset
21:00:51.45   GameInfo::ResetInfo - SyncLevel set to 0 on reset
21:00:51.45   GameInfo::ResetInfo - SyncLevel set to 0 on reset
21:00:51.45   GameInfo::ResetInfo - SyncLevel set to 0 on reset
21:00:51.45   GameInfo::ResetInfo - SyncLevel set to 0 on reset
21:00:51.45   GameInfo::ResetInfo - SyncLevel set to 0 on reset
21:00:51.45   GameInfo::ResetInfo - SyncLevel set to 0 on reset
21:00:51.45   GameInfo::ResetInfo - SyncLevel set to 0 on reset
21:00:51.45   GameInfo::ResetInfo - SyncLevel set to 0 on reset
21:00:51.45   GameInfo::ResetInfo - SyncLevel set to 0 on reset
21:00:51.45   GameInfo::ResetInfo - SyncLevel set to 0 on reset
21:00:51.45   GameInfo::ResetInfo - SyncLevel set to 0 on reset
21:00:51.45   GameInfo::ResetInfo - SyncLevel set to 0 on reset
21:00:51.45   GameInfo::ResetInfo - SyncLevel set to 0 on reset
21:00:51.45   GameInfo::ResetInfo - SyncLevel set to 0 on reset
21:00:51.45   GameInfo::ResetInfo - SyncLevel set to 0 on reset
21:00:51.45   GameInfo::ResetInfo - SyncLevel set to 0 on reset
21:00:51.45   GameInfo::ResetInfo - SyncLevel set to 0 on reset
21:00:51.45   GameInfo::ResetInfo - SyncLevel set to 0 on reset
21:00:51.45   GameInfo::ResetInfo - SyncLevel set to 0 on reset
21:00:51.45   GameInfo::ResetInfo - SyncLevel set to 0 on reset
21:00:51.45   GameInfo::ResetInfo - SyncLevel set to 0 on reset
21:00:51.46   GameInfo::ResetInfo - SyncLevel set to 0 on reset
21:00:51.46   GameInfo::ResetInfo - SyncLevel set to 0 on reset
21:00:51.46   GameInfo::ResetInfo - SyncLevel set to 0 on reset
21:00:51.46   GameInfo::ResetInfo - SyncLevel set to 0 on reset
21:00:51.46   GameInfo::ResetInfo - SyncLevel set to 0 on reset
21:00:51.46   GameInfo::ResetInfo - SyncLevel set to 0 on reset
21:00:51.46   GameInfo::ResetInfo - SyncLevel set to 0 on reset
21:00:51.46   GameInfo::ResetInfo - SyncLevel set to 0 on reset
21:00:51.46   GameInfo::ResetInfo - SyncLevel set to 0 on reset
21:00:51.46   GameInfo::ResetInfo - SyncLevel set to 0 on reset
21:00:51.46   GameInfo::ResetInfo - SyncLevel set to 0 on reset
21:00:51.46   GameInfo::ResetInfo - SyncLevel set to 0 on reset
21:00:51.46   GameInfo::ResetInfo - SyncLevel set to 0 on reset
21:00:51.46   GameInfo::ResetInfo - SyncLevel set to 0 on reset
21:00:51.46   GameInfo::ResetInfo - SyncLevel set to 0 on reset
21:00:51.46   GameInfo::ResetInfo - SyncLevel set to 0 on reset
21:00:51.46   GameInfo::ResetInfo - SyncLevel set to 0 on reset
21:00:51.46   GameInfo::ResetInfo - SyncLevel set to 0 on reset
21:00:51.46   GameInfo::ResetInfo - SyncLevel set to 0 on reset
21:00:51.46   GameInfo::ResetInfo - SyncLevel set to 0 on reset
21:00:51.46   GameInfo::ResetInfo - SyncLevel set to 0 on reset
21:00:51.46   GameInfo::ResetInfo - SyncLevel set to 0 on reset
21:00:51.46   GameInfo::ResetInfo - SyncLevel set to 0 on reset
21:00:51.46   GameInfo::ResetInfo - SyncLevel set to 0 on reset
21:00:51.47   GameInfo::ResetInfo - SyncLevel set to 0 on reset
21:00:51.47   GameInfo::ResetInfo - SyncLevel set to 0 on reset
21:00:51.47   GameInfo::ResetInfo - SyncLevel set to 0 on reset
21:00:51.47   GameInfo::ResetInfo - SyncLevel set to 0 on reset
21:00:51.47   GameInfo::ResetInfo - SyncLevel set to 0 on reset
21:00:51.47   GameInfo::ResetInfo - SyncLevel set to 0 on reset
21:00:51.47   GameInfo::ResetInfo - SyncLevel set to 0 on reset
21:00:51.47   GameInfo::ResetInfo - SyncLevel set to 0 on reset
21:00:51.47   GameInfo::ResetInfo - SyncLevel set to 0 on reset
21:00:51.47   GameInfo::ResetInfo - SyncLevel set to 0 on reset
21:00:51.47   GameInfo::ResetInfo - SyncLevel set to 0 on reset
21:00:51.47   GameInfo::ResetInfo - SyncLevel set to 0 on reset
21:00:51.47   GameInfo::ResetInfo - SyncLevel set to 0 on reset
21:00:51.47   GameInfo::ResetInfo - SyncLevel set to 0 on reset
21:00:51.47   GameInfo::ResetInfo - SyncLevel set to 0 on reset
21:00:51.47   GameInfo::ResetInfo - SyncLevel set to 0 on reset
21:00:51.47   GameInfo::ResetInfo - SyncLevel set to 0 on reset
21:00:51.47   GameInfo::ResetInfo - SyncLevel set to 0 on reset
21:00:51.47   GameInfo::ResetInfo - SyncLevel set to 0 on reset
21:00:51.47   GameInfo::ResetInfo - SyncLevel set to 0 on reset
21:00:51.47   GameInfo::ResetInfo - SyncLevel set to 0 on reset
21:00:51.47   GameInfo::ResetInfo - SyncLevel set to 0 on reset
21:00:51.47   GameInfo::ResetInfo - SyncLevel set to 0 on reset
21:00:51.47   GameInfo::ResetInfo - SyncLevel set to 0 on reset
21:00:51.48   GameInfo::ResetInfo - SyncLevel set to 0 on reset
21:00:51.48   GameInfo::ResetInfo - SyncLevel set to 0 on reset
21:00:51.48   GameInfo::ResetInfo - SyncLevel set to 0 on reset
21:00:51.48   GameInfo::ResetInfo - SyncLevel set to 0 on reset
21:00:51.48   GameInfo::ResetInfo - SyncLevel set to 0 on reset
21:00:51.48   GameInfo::ResetInfo - SyncLevel set to 0 on reset
21:00:51.48   GameInfo::ResetInfo - SyncLevel set to 0 on reset
21:00:51.48   GameInfo::ResetInfo - SyncLevel set to 0 on reset
21:00:51.48   GameInfo::ResetInfo - SyncLevel set to 0 on reset
21:00:51.48   GameInfo::ResetInfo - SyncLevel set to 0 on reset
21:00:51.48   GameInfo::ResetInfo - SyncLevel set to 0 on reset
21:00:51.48   GameInfo::ResetInfo - SyncLevel set to 0 on reset
21:00:51.48   GameInfo::ResetInfo - SyncLevel set to 0 on reset
21:00:51.48   GameInfo::ResetInfo - SyncLevel set to 0 on reset
21:00:51.48   GameInfo::ResetInfo - SyncLevel set to 0 on reset
21:00:51.48   GameInfo::ResetInfo - SyncLevel set to 0 on reset
21:00:51.48   GameInfo::ResetInfo - SyncLevel set to 0 on reset
21:00:51.48   GameInfo::ResetInfo - SyncLevel set to 0 on reset
21:00:51.48   GameInfo::ResetInfo - SyncLevel set to 0 on reset
21:00:51.48   GameInfo::ResetInfo - SyncLevel set to 0 on reset
21:00:51.48   GameInfo::ResetInfo - SyncLevel set to 0 on reset
21:00:51.48   GameInfo::ResetInfo - SyncLevel set to 0 on reset
21:00:51.48   GameInfo::ResetInfo - SyncLevel set to 0 on reset
21:00:51.48   GameInfo::ResetInfo - SyncLevel set to 0 on reset
21:00:51.48   GameInfo::ResetInfo - SyncLevel set to 0 on reset
21:00:51.48   GameInfo::ResetInfo - SyncLevel set to 0 on reset
21:00:51.48   GameInfo::ResetInfo - SyncLevel set to 0 on reset
21:00:51.49   GameInfo::ResetInfo - SyncLevel set to 0 on reset
21:00:51.49   GameInfo::ResetInfo - SyncLevel set to 0 on reset
21:00:51.49   GameInfo::ResetInfo - SyncLevel set to 0 on reset
21:00:51.49   GameInfo::ResetInfo - SyncLevel set to 0 on reset
21:00:51.49   GameInfo::ResetInfo - SyncLevel set to 0 on reset
21:00:51.49   GameInfo::ResetInfo - SyncLevel set to 0 on reset
21:00:51.49   GameInfo::ResetInfo - SyncLevel set to 0 on reset
21:00:51.49   GameInfo::ResetInfo - SyncLevel set to 0 on reset
21:00:51.49   GameInfo::ResetInfo - SyncLevel set to 0 on reset
21:00:51.49   GameInfo::ResetInfo - SyncLevel set to 0 on reset
21:00:51.49   GameInfo::ResetInfo - SyncLevel set to 0 on reset
21:00:51.49   GameInfo::ResetInfo - SyncLevel set to 0 on reset
21:00:51.49   GameInfo::ResetInfo - SyncLevel set to 0 on reset
21:00:51.49   GameInfo::ResetInfo - SyncLevel set to 0 on reset
21:00:51.49   GameInfo::ResetInfo - SyncLevel set to 0 on reset
21:00:51.49   GameInfo::ResetInfo - SyncLevel set to 0 on reset
21:00:51.49   GameInfo::ResetInfo - SyncLevel set to 0 on reset
21:00:51.49   GameInfo::ResetInfo - SyncLevel set to 0 on reset
21:00:51.49   GameInfo::ResetInfo - SyncLevel set to 0 on reset
21:00:51.49   GameInfo::ResetInfo - SyncLevel set to 0 on reset
21:00:51.49   GameInfo::ResetInfo - SyncLevel set to 0 on reset
21:00:51.49   GameInfo::ResetInfo - SyncLevel set to 0 on reset
21:00:51.49   GameInfo::ResetInfo - SyncLevel set to 0 on reset
21:00:51.49   GameInfo::ResetInfo - SyncLevel set to 0 on reset
21:00:51.49   GameInfo::ResetInfo - SyncLevel set to 0 on reset
21:00:51.49   GameInfo::ResetInfo - SyncLevel set to 0 on reset
21:00:51.49   GameInfo::ResetInfo - SyncLevel set to 0 on reset
21:00:51.50   GameInfo::ResetInfo - SyncLevel set to 0 on reset
21:00:51.50   GameInfo::ResetInfo - SyncLevel set to 0 on reset
21:00:51.50   GameInfo::ResetInfo - SyncLevel set to 0 on reset
21:00:51.50   GameInfo::ResetInfo - SyncLevel set to 0 on reset
21:00:51.50   GameInfo::ResetInfo - SyncLevel set to 0 on reset
21:00:51.50   GameInfo::ResetInfo - SyncLevel set to 0 on reset
21:00:51.50   GameInfo::ResetInfo - SyncLevel set to 0 on reset
21:00:51.50   GameInfo::ResetInfo - SyncLevel set to 0 on reset
21:00:51.50   GameInfo::ResetInfo - SyncLevel set to 0 on reset
21:00:51.50   GameInfo::ResetInfo - SyncLevel set to 0 on reset
21:00:51.50   GameInfo::ResetInfo - SyncLevel set to 0 on reset
21:00:51.50   GameInfo::ResetInfo - SyncLevel set to 0 on reset
21:00:51.50   GameInfo::ResetInfo - SyncLevel set to 0 on reset
21:00:51.50   GameInfo::ResetInfo - SyncLevel set to 0 on reset
21:00:51.50   GameInfo::ResetInfo - SyncLevel set to 0 on reset
21:00:51.50   GAME -- Error reading header for recorded game PLAYBACK:8P SEMOIS REMASTERED 07.2021-03-27.02-50-45.rec
21:00:51.50   GameInfo::ResetInfo - SyncLevel set to 0 on reset
21:00:51.50   GameInfo::ResetInfo - SyncLevel set to 0 on reset
21:00:51.50   GameInfo::ResetInfo - SyncLevel set to 0 on reset
21:00:51.50   GAME -- Error reading header for recorded game PLAYBACK:8P SEMOIS REMASTERED 07.2021-03-27.03-39-59.rec
21:00:51.50   GameInfo::ResetInfo - SyncLevel set to 0 on reset
21:00:51.50   GameInfo::ResetInfo - SyncLevel set to 0 on reset
21:00:51.50   GameInfo::ResetInfo - SyncLevel set to 0 on reset
21:00:51.50   GAME -- Error reading header for recorded game PLAYBACK:8P SEMOIS REMASTERED 07.2021-03-31.03-23-44.rec
21:00:51.50   GameInfo::ResetInfo - SyncLevel set to 0 on reset
21:00:51.50   GameInfo::ResetInfo - SyncLevel set to 0 on reset
21:00:51.50   GameInfo::ResetInfo - SyncLevel set to 0 on reset
21:00:51.50   GAME -- Error reading header for recorded game PLAYBACK:8P SEMOIS REMASTERED 07.2021-04-28.02-52-08.rec
21:00:51.50   GameInfo::ResetInfo - SyncLevel set to 0 on reset
21:00:51.50   GameInfo::ResetInfo - SyncLevel set to 0 on reset
21:00:51.50   GameInfo::ResetInfo - SyncLevel set to 0 on reset
21:00:51.50   GAME -- Error reading header for recorded game PLAYBACK:8P_CLOSE_RIVER_COMBAT.2018-01-08.20-06-29.rec
21:00:51.50   GameInfo::ResetInfo - SyncLevel set to 0 on reset
21:00:51.50   GameInfo::ResetInfo - SyncLevel set to 0 on reset
21:00:51.50   GameInfo::ResetInfo - SyncLevel set to 0 on reset
21:00:51.50   GameInfo::ResetInfo - SyncLevel set to 0 on reset
21:00:51.51   GameInfo::ResetInfo - SyncLevel set to 0 on reset
21:00:51.51   GameInfo::ResetInfo - SyncLevel set to 0 on reset
21:00:51.51   GameInfo::ResetInfo - SyncLevel set to 0 on reset
21:00:51.51   GameInfo::ResetInfo - SyncLevel set to 0 on reset
21:00:51.51   GameInfo::ResetInfo - SyncLevel set to 0 on reset
21:00:51.51   GameInfo::ResetInfo - SyncLevel set to 0 on reset
21:00:51.51   GameInfo::ResetInfo - SyncLevel set to 0 on reset
21:00:51.51   GameInfo::ResetInfo - SyncLevel set to 0 on reset
21:00:51.51   GameInfo::ResetInfo - SyncLevel set to 0 on reset
21:00:51.51   GameInfo::ResetInfo - SyncLevel set to 0 on reset
21:00:51.51   GameInfo::ResetInfo - SyncLevel set to 0 on reset
21:00:51.51   GameInfo::ResetInfo - SyncLevel set to 0 on reset
21:00:51.51   GameInfo::ResetInfo - SyncLevel set to 0 on reset
21:00:51.51   GameInfo::ResetInfo - SyncLevel set to 0 on reset
21:00:51.51   GameInfo::ResetInfo - SyncLevel set to 0 on reset
21:00:51.51   GameInfo::ResetInfo - SyncLevel set to 0 on reset
21:00:51.51   GameInfo::ResetInfo - SyncLevel set to 0 on reset
21:00:51.52   GameInfo::ResetInfo - SyncLevel set to 0 on reset
21:00:51.52   GameInfo::ResetInfo - SyncLevel set to 0 on reset
21:00:51.52   GameInfo::ResetInfo - SyncLevel set to 0 on reset
21:00:51.52   GameInfo::ResetInfo - SyncLevel set to 0 on reset
21:00:51.52   GameInfo::ResetInfo - SyncLevel set to 0 on reset
21:00:51.52   GameInfo::ResetInfo - SyncLevel set to 0 on reset
21:00:51.52   GameInfo::ResetInfo - SyncLevel set to 0 on reset
21:00:51.52   GameInfo::ResetInfo - SyncLevel set to 0 on reset
21:00:51.52   GameInfo::ResetInfo - SyncLevel set to 0 on reset
21:00:51.52   GameInfo::ResetInfo - SyncLevel set to 0 on reset
21:00:51.52   GameInfo::ResetInfo - SyncLevel set to 0 on reset
21:00:51.52   GameInfo::ResetInfo - SyncLevel set to 0 on reset
21:00:51.52   GameInfo::ResetInfo - SyncLevel set to 0 on reset
21:00:51.52   GameInfo::ResetInfo - SyncLevel set to 0 on reset
21:00:51.52   GameInfo::ResetInfo - SyncLevel set to 0 on reset
21:00:51.52   GameInfo::ResetInfo - SyncLevel set to 0 on reset
21:00:51.52   GameInfo::ResetInfo - SyncLevel set to 0 on reset
21:00:51.52   GameInfo::ResetInfo - SyncLevel set to 0 on reset
21:00:51.52   GameInfo::ResetInfo - SyncLevel set to 0 on reset
21:00:51.52   GameInfo::ResetInfo - SyncLevel set to 0 on reset
21:00:51.52   GameInfo::ResetInfo - SyncLevel set to 0 on reset
21:00:51.52   GameInfo::ResetInfo - SyncLevel set to 0 on reset
21:00:51.52   GameInfo::ResetInfo - SyncLevel set to 0 on reset
21:00:51.52   GameInfo::ResetInfo - SyncLevel set to 0 on reset
21:00:51.53   GameInfo::ResetInfo - SyncLevel set to 0 on reset
21:00:51.53   GameInfo::ResetInfo - SyncLevel set to 0 on reset
21:00:51.53   GameInfo::ResetInfo - SyncLevel set to 0 on reset
21:00:51.53   GameInfo::ResetInfo - SyncLevel set to 0 on reset
21:00:51.53   GameInfo::ResetInfo - SyncLevel set to 0 on reset
21:00:51.53   GameInfo::ResetInfo - SyncLevel set to 0 on reset
21:00:51.53   GameInfo::ResetInfo - SyncLevel set to 0 on reset
21:00:51.53   GameInfo::ResetInfo - SyncLevel set to 0 on reset
21:00:51.53   GameInfo::ResetInfo - SyncLevel set to 0 on reset
21:00:51.53   GameInfo::ResetInfo - SyncLevel set to 0 on reset
21:00:51.53   GameInfo::ResetInfo - SyncLevel set to 0 on reset
21:00:51.53   GameInfo::ResetInfo - SyncLevel set to 0 on reset
21:00:51.53   GameInfo::ResetInfo - SyncLevel set to 0 on reset
21:00:51.53   GameInfo::ResetInfo - SyncLevel set to 0 on reset
21:00:51.53   GameInfo::ResetInfo - SyncLevel set to 0 on reset
21:00:51.53   GameInfo::ResetInfo - SyncLevel set to 0 on reset
21:00:51.53   GameInfo::ResetInfo - SyncLevel set to 0 on reset
21:00:51.53   GameInfo::ResetInfo - SyncLevel set to 0 on reset
21:00:51.53   GameInfo::ResetInfo - SyncLevel set to 0 on reset
21:00:51.53   GameInfo::ResetInfo - SyncLevel set to 0 on reset
21:00:51.53   GameInfo::ResetInfo - SyncLevel set to 0 on reset
21:00:51.54   GameInfo::ResetInfo - SyncLevel set to 0 on reset
21:00:51.54   GameInfo::ResetInfo - SyncLevel set to 0 on reset
21:00:51.54   GameInfo::ResetInfo - SyncLevel set to 0 on reset
21:00:51.54   GameInfo::ResetInfo - SyncLevel set to 0 on reset
21:00:51.54   GameInfo::ResetInfo - SyncLevel set to 0 on reset
21:00:51.54   GameInfo::ResetInfo - SyncLevel set to 0 on reset
21:00:51.54   GameInfo::ResetInfo - SyncLevel set to 0 on reset
21:00:51.54   GameInfo::ResetInfo - SyncLevel set to 0 on reset
21:00:51.54   GameInfo::ResetInfo - SyncLevel set to 0 on reset
21:00:51.54   GameInfo::ResetInfo - SyncLevel set to 0 on reset
21:00:51.54   GameInfo::ResetInfo - SyncLevel set to 0 on reset
21:00:51.54   GameInfo::ResetInfo - SyncLevel set to 0 on reset
21:00:51.54   GameInfo::ResetInfo - SyncLevel set to 0 on reset
21:00:51.54   GameInfo::ResetInfo - SyncLevel set to 0 on reset
21:00:51.54   GameInfo::ResetInfo - SyncLevel set to 0 on reset
21:00:51.54   GameInfo::ResetInfo - SyncLevel set to 0 on reset
21:00:51.54   GameInfo::ResetInfo - SyncLevel set to 0 on reset
21:00:51.54   GameInfo::ResetInfo - SyncLevel set to 0 on reset
21:00:51.55   GameInfo::ResetInfo - SyncLevel set to 0 on reset
21:00:51.55   GameInfo::ResetInfo - SyncLevel set to 0 on reset
21:00:51.55   GameInfo::ResetInfo - SyncLevel set to 0 on reset
21:00:51.55   GameInfo::ResetInfo - SyncLevel set to 0 on reset
21:00:51.55   GameInfo::ResetInfo - SyncLevel set to 0 on reset
21:00:51.55   GameInfo::ResetInfo - SyncLevel set to 0 on reset
21:00:51.55   GameInfo::ResetInfo - SyncLevel set to 0 on reset
21:00:51.55   GameInfo::ResetInfo - SyncLevel set to 0 on reset
21:00:51.55   GameInfo::ResetInfo - SyncLevel set to 0 on reset
21:00:51.55   GameInfo::ResetInfo - SyncLevel set to 0 on reset
21:00:51.55   GameInfo::ResetInfo - SyncLevel set to 0 on reset
21:00:51.55   GameInfo::ResetInfo - SyncLevel set to 0 on reset
21:00:51.55   GameInfo::ResetInfo - SyncLevel set to 0 on reset
21:00:51.55   GameInfo::ResetInfo - SyncLevel set to 0 on reset
21:00:51.55   GameInfo::ResetInfo - SyncLevel set to 0 on reset
21:00:51.55   GameInfo::ResetInfo - SyncLevel set to 0 on reset
21:00:51.55   GameInfo::ResetInfo - SyncLevel set to 0 on reset
21:00:51.55   GameInfo::ResetInfo - SyncLevel set to 0 on reset
21:00:51.55   GameInfo::ResetInfo - SyncLevel set to 0 on reset
21:00:51.55   GameInfo::ResetInfo - SyncLevel set to 0 on reset
21:00:51.55   GameInfo::ResetInfo - SyncLevel set to 0 on reset
21:00:51.55   GameInfo::ResetInfo - SyncLevel set to 0 on reset
21:00:51.55   GameInfo::ResetInfo - SyncLevel set to 0 on reset
21:00:51.55   GameInfo::ResetInfo - SyncLevel set to 0 on reset
21:00:51.55   GameInfo::ResetInfo - SyncLevel set to 0 on reset
21:00:51.55   GameInfo::ResetInfo - SyncLevel set to 0 on reset
21:00:51.55   GameInfo::ResetInfo - SyncLevel set to 0 on reset
21:00:51.56   GameInfo::ResetInfo - SyncLevel set to 0 on reset
21:00:51.56   GameInfo::ResetInfo - SyncLevel set to 0 on reset
21:00:51.56   GameInfo::ResetInfo - SyncLevel set to 0 on reset
21:00:51.56   GameInfo::ResetInfo - SyncLevel set to 0 on reset
21:00:51.56   GameInfo::ResetInfo - SyncLevel set to 0 on reset
21:00:51.56   GameInfo::ResetInfo - SyncLevel set to 0 on reset
21:00:51.56   GameInfo::ResetInfo - SyncLevel set to 0 on reset
21:00:51.56   GameInfo::ResetInfo - SyncLevel set to 0 on reset
21:00:51.56   GameInfo::ResetInfo - SyncLevel set to 0 on reset
21:00:51.56   GameInfo::ResetInfo - SyncLevel set to 0 on reset
21:00:51.56   GameInfo::ResetInfo - SyncLevel set to 0 on reset
21:00:51.56   GameInfo::ResetInfo - SyncLevel set to 0 on reset
21:00:51.56   GameInfo::ResetInfo - SyncLevel set to 0 on reset
21:00:51.56   GameInfo::ResetInfo - SyncLevel set to 0 on reset
21:00:51.56   GameInfo::ResetInfo - SyncLevel set to 0 on reset
21:00:51.56   GameInfo::ResetInfo - SyncLevel set to 0 on reset
21:00:51.56   GameInfo::ResetInfo - SyncLevel set to 0 on reset
21:00:51.56   GameInfo::ResetInfo - SyncLevel set to 0 on reset
21:00:51.56   GameInfo::ResetInfo - SyncLevel set to 0 on reset
21:00:51.56   GameInfo::ResetInfo - SyncLevel set to 0 on reset
21:00:51.56   GameInfo::ResetInfo - SyncLevel set to 0 on reset
21:00:51.56   GameInfo::ResetInfo - SyncLevel set to 0 on reset
21:00:51.56   GameInfo::ResetInfo - SyncLevel set to 0 on reset
21:00:51.56   GameInfo::ResetInfo - SyncLevel set to 0 on reset
21:00:51.56   GameInfo::ResetInfo - SyncLevel set to 0 on reset
21:00:51.56   GameInfo::ResetInfo - SyncLevel set to 0 on reset
21:00:51.56   GameInfo::ResetInfo - SyncLevel set to 0 on reset
21:00:51.57   GameInfo::ResetInfo - SyncLevel set to 0 on reset
21:00:51.57   GameInfo::ResetInfo - SyncLevel set to 0 on reset
21:00:51.57   GameInfo::ResetInfo - SyncLevel set to 0 on reset
21:00:51.57   GameInfo::ResetInfo - SyncLevel set to 0 on reset
21:00:51.57   GameInfo::ResetInfo - SyncLevel set to 0 on reset
21:00:51.57   GameInfo::ResetInfo - SyncLevel set to 0 on reset
21:00:51.57   GameInfo::ResetInfo - SyncLevel set to 0 on reset
21:00:51.57   GameInfo::ResetInfo - SyncLevel set to 0 on reset
21:00:51.57   GameInfo::ResetInfo - SyncLevel set to 0 on reset
21:00:51.57   GameInfo::ResetInfo - SyncLevel set to 0 on reset
21:00:51.57   GameInfo::ResetInfo - SyncLevel set to 0 on reset
21:00:51.57   GameInfo::ResetInfo - SyncLevel set to 0 on reset
21:00:51.57   GameInfo::ResetInfo - SyncLevel set to 0 on reset
21:00:51.57   GameInfo::ResetInfo - SyncLevel set to 0 on reset
21:00:51.57   GameInfo::ResetInfo - SyncLevel set to 0 on reset
21:00:51.57   GameInfo::ResetInfo - SyncLevel set to 0 on reset
21:00:51.57   GameInfo::ResetInfo - SyncLevel set to 0 on reset
21:00:51.57   GameInfo::ResetInfo - SyncLevel set to 0 on reset
21:00:51.57   GameInfo::ResetInfo - SyncLevel set to 0 on reset
21:00:51.57   GameInfo::ResetInfo - SyncLevel set to 0 on reset
21:00:51.57   GameInfo::ResetInfo - SyncLevel set to 0 on reset
21:00:51.58   GameInfo::ResetInfo - SyncLevel set to 0 on reset
21:00:51.58   GameInfo::ResetInfo - SyncLevel set to 0 on reset
21:00:51.58   GameInfo::ResetInfo - SyncLevel set to 0 on reset
21:00:51.58   GameInfo::ResetInfo - SyncLevel set to 0 on reset
21:00:51.58   GameInfo::ResetInfo - SyncLevel set to 0 on reset
21:00:51.58   GameInfo::ResetInfo - SyncLevel set to 0 on reset
21:00:51.58   GameInfo::ResetInfo - SyncLevel set to 0 on reset
21:00:51.58   GameInfo::ResetInfo - SyncLevel set to 0 on reset
21:00:51.58   GameInfo::ResetInfo - SyncLevel set to 0 on reset
21:00:51.58   GameInfo::ResetInfo - SyncLevel set to 0 on reset
21:00:51.58   GameInfo::ResetInfo - SyncLevel set to 0 on reset
21:00:51.58   GameInfo::ResetInfo - SyncLevel set to 0 on reset
21:00:51.58   GameInfo::ResetInfo - SyncLevel set to 0 on reset
21:00:51.58   GameInfo::ResetInfo - SyncLevel set to 0 on reset
21:00:51.58   GameInfo::ResetInfo - SyncLevel set to 0 on reset
21:00:51.58   GameInfo::ResetInfo - SyncLevel set to 0 on reset
21:00:51.58   GameInfo::ResetInfo - SyncLevel set to 0 on reset
21:00:51.58   GameInfo::ResetInfo - SyncLevel set to 0 on reset
21:00:51.58   GameInfo::ResetInfo - SyncLevel set to 0 on reset
21:00:51.58   GameInfo::ResetInfo - SyncLevel set to 0 on reset
21:00:51.58   GameInfo::ResetInfo - SyncLevel set to 0 on reset
21:00:51.58   GameInfo::ResetInfo - SyncLevel set to 0 on reset
21:00:51.58   GameInfo::ResetInfo - SyncLevel set to 0 on reset
21:00:51.58   GameInfo::ResetInfo - SyncLevel set to 0 on reset
21:00:51.59   GameInfo::ResetInfo - SyncLevel set to 0 on reset
21:00:51.59   GameInfo::ResetInfo - SyncLevel set to 0 on reset
21:00:51.59   GameInfo::ResetInfo - SyncLevel set to 0 on reset
21:00:51.59   GameInfo::ResetInfo - SyncLevel set to 0 on reset
21:00:51.59   GameInfo::ResetInfo - SyncLevel set to 0 on reset
21:00:51.59   GameInfo::ResetInfo - SyncLevel set to 0 on reset
21:00:51.59   GameInfo::ResetInfo - SyncLevel set to 0 on reset
21:00:51.59   GameInfo::ResetInfo - SyncLevel set to 0 on reset
21:00:51.59   GameInfo::ResetInfo - SyncLevel set to 0 on reset
21:00:51.59   GameInfo::ResetInfo - SyncLevel set to 0 on reset
21:00:51.59   GameInfo::ResetInfo - SyncLevel set to 0 on reset
21:00:51.59   GameInfo::ResetInfo - SyncLevel set to 0 on reset
21:00:51.59   GameInfo::ResetInfo - SyncLevel set to 0 on reset
21:00:51.59   GameInfo::ResetInfo - SyncLevel set to 0 on reset
21:00:51.59   GameInfo::ResetInfo - SyncLevel set to 0 on reset
21:00:51.59   GameInfo::ResetInfo - SyncLevel set to 0 on reset
21:00:51.59   GameInfo::ResetInfo - SyncLevel set to 0 on reset
21:00:51.59   GameInfo::ResetInfo - SyncLevel set to 0 on reset
21:00:51.59   GameInfo::ResetInfo - SyncLevel set to 0 on reset
21:00:51.59   GameInfo::ResetInfo - SyncLevel set to 0 on reset
21:00:51.59   GameInfo::ResetInfo - SyncLevel set to 0 on reset
21:00:51.59   GameInfo::ResetInfo - SyncLevel set to 0 on reset
21:00:51.59   GameInfo::ResetInfo - SyncLevel set to 0 on reset
21:00:51.59   GameInfo::ResetInfo - SyncLevel set to 0 on reset
21:00:51.59   GameInfo::ResetInfo - SyncLevel set to 0 on reset
21:00:51.59   GameInfo::ResetInfo - SyncLevel set to 0 on reset
21:00:51.59   GameInfo::ResetInfo - SyncLevel set to 0 on reset
21:00:51.60   GameInfo::ResetInfo - SyncLevel set to 0 on reset
21:00:51.60   GameInfo::ResetInfo - SyncLevel set to 0 on reset
21:00:51.60   GameInfo::ResetInfo - SyncLevel set to 0 on reset
21:00:51.60   GameInfo::ResetInfo - SyncLevel set to 0 on reset
21:00:51.60   GameInfo::ResetInfo - SyncLevel set to 0 on reset
21:00:51.60   GameInfo::ResetInfo - SyncLevel set to 0 on reset
21:00:51.60   GameInfo::ResetInfo - SyncLevel set to 0 on reset
21:00:51.60   GameInfo::ResetInfo - SyncLevel set to 0 on reset
21:00:51.60   GameInfo::ResetInfo - SyncLevel set to 0 on reset
21:00:51.60   GameInfo::ResetInfo - SyncLevel set to 0 on reset
21:00:51.60   GameInfo::ResetInfo - SyncLevel set to 0 on reset
21:00:51.60   GameInfo::ResetInfo - SyncLevel set to 0 on reset
21:00:51.60   GameInfo::ResetInfo - SyncLevel set to 0 on reset
21:00:51.60   GameInfo::ResetInfo - SyncLevel set to 0 on reset
21:00:51.60   GameInfo::ResetInfo - SyncLevel set to 0 on reset
21:00:51.60   GameInfo::ResetInfo - SyncLevel set to 0 on reset
21:00:51.60   GameInfo::ResetInfo - SyncLevel set to 0 on reset
21:00:51.60   GameInfo::ResetInfo - SyncLevel set to 0 on reset
21:00:51.60   GameInfo::ResetInfo - SyncLevel set to 0 on reset
21:00:51.60   GameInfo::ResetInfo - SyncLevel set to 0 on reset
21:00:51.60   GameInfo::ResetInfo - SyncLevel set to 0 on reset
21:00:51.61   GameInfo::ResetInfo - SyncLevel set to 0 on reset
21:00:51.61   GameInfo::ResetInfo - SyncLevel set to 0 on reset
21:00:51.61   GameInfo::ResetInfo - SyncLevel set to 0 on reset
21:00:51.61   GameInfo::ResetInfo - SyncLevel set to 0 on reset
21:00:51.61   GameInfo::ResetInfo - SyncLevel set to 0 on reset
21:00:51.61   GameInfo::ResetInfo - SyncLevel set to 0 on reset
21:00:51.61   GameInfo::ResetInfo - SyncLevel set to 0 on reset
21:00:51.61   GameInfo::ResetInfo - SyncLevel set to 0 on reset
21:00:51.61   GameInfo::ResetInfo - SyncLevel set to 0 on reset
21:00:51.61   GameInfo::ResetInfo - SyncLevel set to 0 on reset
21:00:51.61   GameInfo::ResetInfo - SyncLevel set to 0 on reset
21:00:51.61   GameInfo::ResetInfo - SyncLevel set to 0 on reset
21:00:51.61   GameInfo::ResetInfo - SyncLevel set to 0 on reset
21:00:51.61   GameInfo::ResetInfo - SyncLevel set to 0 on reset
21:00:51.61   GameInfo::ResetInfo - SyncLevel set to 0 on reset
21:00:51.61   GameInfo::ResetInfo - SyncLevel set to 0 on reset
21:00:51.61   GameInfo::ResetInfo - SyncLevel set to 0 on reset
21:00:51.61   GameInfo::ResetInfo - SyncLevel set to 0 on reset
21:00:51.61   GameInfo::ResetInfo - SyncLevel set to 0 on reset
21:00:51.61   GameInfo::ResetInfo - SyncLevel set to 0 on reset
21:00:51.61   GameInfo::ResetInfo - SyncLevel set to 0 on reset
21:00:51.61   GameInfo::ResetInfo - SyncLevel set to 0 on reset
21:00:51.61   GameInfo::ResetInfo - SyncLevel set to 0 on reset
21:00:51.61   GameInfo::ResetInfo - SyncLevel set to 0 on reset
21:00:51.61   GameInfo::ResetInfo - SyncLevel set to 0 on reset
21:00:51.61   GameInfo::ResetInfo - SyncLevel set to 0 on reset
21:00:51.61   GameInfo::ResetInfo - SyncLevel set to 0 on reset
21:00:51.62   GameInfo::ResetInfo - SyncLevel set to 0 on reset
21:00:51.62   GameInfo::ResetInfo - SyncLevel set to 0 on reset
21:00:51.62   GameInfo::ResetInfo - SyncLevel set to 0 on reset
21:00:51.62   GameInfo::ResetInfo - SyncLevel set to 0 on reset
21:00:51.62   GameInfo::ResetInfo - SyncLevel set to 0 on reset
21:00:51.62   GameInfo::ResetInfo - SyncLevel set to 0 on reset
21:00:51.62   GameInfo::ResetInfo - SyncLevel set to 0 on reset
21:00:51.62   GameInfo::ResetInfo - SyncLevel set to 0 on reset
21:00:51.62   GameInfo::ResetInfo - SyncLevel set to 0 on reset
21:00:51.62   GameInfo::ResetInfo - SyncLevel set to 0 on reset
21:00:51.62   GameInfo::ResetInfo - SyncLevel set to 0 on reset
21:00:51.62   GameInfo::ResetInfo - SyncLevel set to 0 on reset
21:00:51.62   GameInfo::ResetInfo - SyncLevel set to 0 on reset
21:00:51.62   GameInfo::ResetInfo - SyncLevel set to 0 on reset
21:00:51.62   GameInfo::ResetInfo - SyncLevel set to 0 on reset
21:00:51.62   GameInfo::ResetInfo - SyncLevel set to 0 on reset
21:00:51.62   GameInfo::ResetInfo - SyncLevel set to 0 on reset
21:00:51.62   GameInfo::ResetInfo - SyncLevel set to 0 on reset
21:00:51.62   GameInfo::ResetInfo - SyncLevel set to 0 on reset
21:00:51.62   GameInfo::ResetInfo - SyncLevel set to 0 on reset
21:00:51.62   GameInfo::ResetInfo - SyncLevel set to 0 on reset
21:00:51.63   GameInfo::ResetInfo - SyncLevel set to 0 on reset
21:00:51.63   GameInfo::ResetInfo - SyncLevel set to 0 on reset
21:00:51.63   GameInfo::ResetInfo - SyncLevel set to 0 on reset
21:00:51.63   GameInfo::ResetInfo - SyncLevel set to 0 on reset
21:00:51.63   GameInfo::ResetInfo - SyncLevel set to 0 on reset
21:00:51.63   GameInfo::ResetInfo - SyncLevel set to 0 on reset
21:00:51.63   GameInfo::ResetInfo - SyncLevel set to 0 on reset
21:00:51.63   GameInfo::ResetInfo - SyncLevel set to 0 on reset
21:00:51.63   GameInfo::ResetInfo - SyncLevel set to 0 on reset
21:00:51.63   GameInfo::ResetInfo - SyncLevel set to 0 on reset
21:00:51.63   GameInfo::ResetInfo - SyncLevel set to 0 on reset
21:00:51.63   GameInfo::ResetInfo - SyncLevel set to 0 on reset
21:00:51.63   GameInfo::ResetInfo - SyncLevel set to 0 on reset
21:00:51.63   GameInfo::ResetInfo - SyncLevel set to 0 on reset
21:00:51.63   GameInfo::ResetInfo - SyncLevel set to 0 on reset
21:00:51.63   GameInfo::ResetInfo - SyncLevel set to 0 on reset
21:00:51.63   GameInfo::ResetInfo - SyncLevel set to 0 on reset
21:00:51.63   GameInfo::ResetInfo - SyncLevel set to 0 on reset
21:00:51.63   GameInfo::ResetInfo - SyncLevel set to 0 on reset
21:00:51.63   GameInfo::ResetInfo - SyncLevel set to 0 on reset
21:00:51.63   GameInfo::ResetInfo - SyncLevel set to 0 on reset
21:00:51.63   GameInfo::ResetInfo - SyncLevel set to 0 on reset
21:00:51.63   GameInfo::ResetInfo - SyncLevel set to 0 on reset
21:00:51.63   GameInfo::ResetInfo - SyncLevel set to 0 on reset
21:00:51.63   GameInfo::ResetInfo - SyncLevel set to 0 on reset
21:00:51.63   GameInfo::ResetInfo - SyncLevel set to 0 on reset
21:00:51.64   GameInfo::ResetInfo - SyncLevel set to 0 on reset
21:00:51.64   GameInfo::ResetInfo - SyncLevel set to 0 on reset
21:00:51.64   GameInfo::ResetInfo - SyncLevel set to 0 on reset
21:00:51.64   GameInfo::ResetInfo - SyncLevel set to 0 on reset
21:00:51.64   GameInfo::ResetInfo - SyncLevel set to 0 on reset
21:00:51.64   GameInfo::ResetInfo - SyncLevel set to 0 on reset
21:00:51.64   GameInfo::ResetInfo - SyncLevel set to 0 on reset
21:00:51.64   GameInfo::ResetInfo - SyncLevel set to 0 on reset
21:00:51.64   GameInfo::ResetInfo - SyncLevel set to 0 on reset
21:00:51.64   GameInfo::ResetInfo - SyncLevel set to 0 on reset
21:00:51.64   GameInfo::ResetInfo - SyncLevel set to 0 on reset
21:00:51.64   GameInfo::ResetInfo - SyncLevel set to 0 on reset
21:00:51.64   GameInfo::ResetInfo - SyncLevel set to 0 on reset
21:00:51.64   GameInfo::ResetInfo - SyncLevel set to 0 on reset
21:00:51.64   GameInfo::ResetInfo - SyncLevel set to 0 on reset
21:00:51.64   GameInfo::ResetInfo - SyncLevel set to 0 on reset
21:00:51.64   GameInfo::ResetInfo - SyncLevel set to 0 on reset
21:00:51.64   GameInfo::ResetInfo - SyncLevel set to 0 on reset
21:00:51.64   GameInfo::ResetInfo - SyncLevel set to 0 on reset
21:00:51.64   GameInfo::ResetInfo - SyncLevel set to 0 on reset
21:00:51.64   GameInfo::ResetInfo - SyncLevel set to 0 on reset
21:00:51.64   GameInfo::ResetInfo - SyncLevel set to 0 on reset
21:00:51.64   GameInfo::ResetInfo - SyncLevel set to 0 on reset
21:00:51.64   GameInfo::ResetInfo - SyncLevel set to 0 on reset
21:00:51.65   GameInfo::ResetInfo - SyncLevel set to 0 on reset
21:00:51.65   GameInfo::ResetInfo - SyncLevel set to 0 on reset
21:00:51.65   GameInfo::ResetInfo - SyncLevel set to 0 on reset
21:00:51.65   GameInfo::ResetInfo - SyncLevel set to 0 on reset
21:00:51.65   GameInfo::ResetInfo - SyncLevel set to 0 on reset
21:00:51.65   GameInfo::ResetInfo - SyncLevel set to 0 on reset
21:00:51.65   GameInfo::ResetInfo - SyncLevel set to 0 on reset
21:00:51.65   GameInfo::ResetInfo - SyncLevel set to 0 on reset
21:00:51.65   GameInfo::ResetInfo - SyncLevel set to 0 on reset
21:00:51.65   GameInfo::ResetInfo - SyncLevel set to 0 on reset
21:00:51.65   GameInfo::ResetInfo - SyncLevel set to 0 on reset
21:00:51.65   GameInfo::ResetInfo - SyncLevel set to 0 on reset
21:00:51.65   GameInfo::ResetInfo - SyncLevel set to 0 on reset
21:00:51.65   GameInfo::ResetInfo - SyncLevel set to 0 on reset
21:00:51.65   GameInfo::ResetInfo - SyncLevel set to 0 on reset
21:00:51.65   GameInfo::ResetInfo - SyncLevel set to 0 on reset
21:00:51.65   GameInfo::ResetInfo - SyncLevel set to 0 on reset
21:00:51.65   GameInfo::ResetInfo - SyncLevel set to 0 on reset
21:00:51.66   GameInfo::ResetInfo - SyncLevel set to 0 on reset
21:00:51.66   GameInfo::ResetInfo - SyncLevel set to 0 on reset
21:00:51.66   GameInfo::ResetInfo - SyncLevel set to 0 on reset
21:00:51.66   GameInfo::ResetInfo - SyncLevel set to 0 on reset
21:00:51.66   GameInfo::ResetInfo - SyncLevel set to 0 on reset
21:00:51.66   GameInfo::ResetInfo - SyncLevel set to 0 on reset
21:00:51.66   GameInfo::ResetInfo - SyncLevel set to 0 on reset
21:00:51.66   GameInfo::ResetInfo - SyncLevel set to 0 on reset
21:00:51.66   GameInfo::ResetInfo - SyncLevel set to 0 on reset
21:00:51.66   GameInfo::ResetInfo - SyncLevel set to 0 on reset
21:00:51.66   GameInfo::ResetInfo - SyncLevel set to 0 on reset
21:00:51.66   GameInfo::ResetInfo - SyncLevel set to 0 on reset
21:00:51.66   GameInfo::ResetInfo - SyncLevel set to 0 on reset
21:00:51.66   GameInfo::ResetInfo - SyncLevel set to 0 on reset
21:00:51.66   GameInfo::ResetInfo - SyncLevel set to 0 on reset
21:00:51.66   GameInfo::ResetInfo - SyncLevel set to 0 on reset
21:00:51.66   GameInfo::ResetInfo - SyncLevel set to 0 on reset
21:00:51.66   GameInfo::ResetInfo - SyncLevel set to 0 on reset
21:00:51.66   GameInfo::ResetInfo - SyncLevel set to 0 on reset
21:00:51.66   GameInfo::ResetInfo - SyncLevel set to 0 on reset
21:00:51.66   GameInfo::ResetInfo - SyncLevel set to 0 on reset
21:00:51.66   GameInfo::ResetInfo - SyncLevel set to 0 on reset
21:00:51.66   GameInfo::ResetInfo - SyncLevel set to 0 on reset
21:00:51.66   GameInfo::ResetInfo - SyncLevel set to 0 on reset
21:00:51.66   GameInfo::ResetInfo - SyncLevel set to 0 on reset
21:00:51.66   GameInfo::ResetInfo - SyncLevel set to 0 on reset
21:00:51.66   GameInfo::ResetInfo - SyncLevel set to 0 on reset
21:00:51.66   GameInfo::ResetInfo - SyncLevel set to 0 on reset
21:00:51.67   GameInfo::ResetInfo - SyncLevel set to 0 on reset
21:00:51.67   GameInfo::ResetInfo - SyncLevel set to 0 on reset
21:00:51.67   GameInfo::ResetInfo - SyncLevel set to 0 on reset
21:00:51.67   GameInfo::ResetInfo - SyncLevel set to 0 on reset
21:00:51.67   GameInfo::ResetInfo - SyncLevel set to 0 on reset
21:00:51.67   GameInfo::ResetInfo - SyncLevel set to 0 on reset
21:00:51.67   GameInfo::ResetInfo - SyncLevel set to 0 on reset
21:00:51.67   GameInfo::ResetInfo - SyncLevel set to 0 on reset
21:00:51.67   GameInfo::ResetInfo - SyncLevel set to 0 on reset
21:00:51.67   GameInfo::ResetInfo - SyncLevel set to 0 on reset
21:00:51.67   GameInfo::ResetInfo - SyncLevel set to 0 on reset
21:00:51.67   GameInfo::ResetInfo - SyncLevel set to 0 on reset
21:00:51.67   GameInfo::ResetInfo - SyncLevel set to 0 on reset
21:00:51.67   GameInfo::ResetInfo - SyncLevel set to 0 on reset
21:00:51.67   GameInfo::ResetInfo - SyncLevel set to 0 on reset
21:00:51.67   GameInfo::ResetInfo - SyncLevel set to 0 on reset
21:00:51.67   GameInfo::ResetInfo - SyncLevel set to 0 on reset
21:00:51.67   GameInfo::ResetInfo - SyncLevel set to 0 on reset
21:00:51.67   GameInfo::ResetInfo - SyncLevel set to 0 on reset
21:00:51.67   GameInfo::ResetInfo - SyncLevel set to 0 on reset
21:00:51.67   GameInfo::ResetInfo - SyncLevel set to 0 on reset
21:00:51.67   GameInfo::ResetInfo - SyncLevel set to 0 on reset
21:00:51.67   GameInfo::ResetInfo - SyncLevel set to 0 on reset
21:00:51.67   GameInfo::ResetInfo - SyncLevel set to 0 on reset
21:00:51.68   GameInfo::ResetInfo - SyncLevel set to 0 on reset
21:00:51.68   GameInfo::ResetInfo - SyncLevel set to 0 on reset
21:00:51.68   GameInfo::ResetInfo - SyncLevel set to 0 on reset
21:00:51.68   GameInfo::ResetInfo - SyncLevel set to 0 on reset
21:00:51.68   GameInfo::ResetInfo - SyncLevel set to 0 on reset
21:00:51.68   GameInfo::ResetInfo - SyncLevel set to 0 on reset
21:00:51.68   GameInfo::ResetInfo - SyncLevel set to 0 on reset
21:00:51.68   GameInfo::ResetInfo - SyncLevel set to 0 on reset
21:00:51.68   GameInfo::ResetInfo - SyncLevel set to 0 on reset
21:00:51.68   GameInfo::ResetInfo - SyncLevel set to 0 on reset
21:00:51.68   GameInfo::ResetInfo - SyncLevel set to 0 on reset
21:00:51.68   GameInfo::ResetInfo - SyncLevel set to 0 on reset
21:00:51.68   GameInfo::ResetInfo - SyncLevel set to 0 on reset
21:00:51.68   GameInfo::ResetInfo - SyncLevel set to 0 on reset
21:00:51.68   GameInfo::ResetInfo - SyncLevel set to 0 on reset
21:00:51.68   GameInfo::ResetInfo - SyncLevel set to 0 on reset
21:00:51.68   GameInfo::ResetInfo - SyncLevel set to 0 on reset
21:00:51.68   GameInfo::ResetInfo - SyncLevel set to 0 on reset
21:00:51.69   GameInfo::ResetInfo - SyncLevel set to 0 on reset
21:00:51.69   GameInfo::ResetInfo - SyncLevel set to 0 on reset
21:00:51.69   GameInfo::ResetInfo - SyncLevel set to 0 on reset
21:00:51.69   GameInfo::ResetInfo - SyncLevel set to 0 on reset
21:00:51.69   GameInfo::ResetInfo - SyncLevel set to 0 on reset
21:00:51.69   GameInfo::ResetInfo - SyncLevel set to 0 on reset
21:00:51.69   GameInfo::ResetInfo - SyncLevel set to 0 on reset
21:00:51.69   GameInfo::ResetInfo - SyncLevel set to 0 on reset
21:00:51.69   GameInfo::ResetInfo - SyncLevel set to 0 on reset
21:00:51.69   GameInfo::ResetInfo - SyncLevel set to 0 on reset
21:00:51.69   GameInfo::ResetInfo - SyncLevel set to 0 on reset
21:00:51.69   GameInfo::ResetInfo - SyncLevel set to 0 on reset
21:00:51.69   GameInfo::ResetInfo - SyncLevel set to 0 on reset
21:00:51.69   GameInfo::ResetInfo - SyncLevel set to 0 on reset
21:00:51.69   GameInfo::ResetInfo - SyncLevel set to 0 on reset
21:00:51.69   GameInfo::ResetInfo - SyncLevel set to 0 on reset
21:00:51.69   GameInfo::ResetInfo - SyncLevel set to 0 on reset
21:00:51.69   GameInfo::ResetInfo - SyncLevel set to 0 on reset
21:00:51.69   GameInfo::ResetInfo - SyncLevel set to 0 on reset
21:00:51.69   GameInfo::ResetInfo - SyncLevel set to 0 on reset
21:00:51.69   GameInfo::ResetInfo - SyncLevel set to 0 on reset
21:00:51.69   GameInfo::ResetInfo - SyncLevel set to 0 on reset
21:00:51.69   GameInfo::ResetInfo - SyncLevel set to 0 on reset
21:00:51.69   GameInfo::ResetInfo - SyncLevel set to 0 on reset
21:00:51.70   GameInfo::ResetInfo - SyncLevel set to 0 on reset
21:00:51.70   GameInfo::ResetInfo - SyncLevel set to 0 on reset
21:00:51.70   GameInfo::ResetInfo - SyncLevel set to 0 on reset
21:00:51.70   GameInfo::ResetInfo - SyncLevel set to 0 on reset
21:00:51.70   GameInfo::ResetInfo - SyncLevel set to 0 on reset
21:00:51.70   GameInfo::ResetInfo - SyncLevel set to 0 on reset
21:00:51.70   GameInfo::ResetInfo - SyncLevel set to 0 on reset
21:00:51.70   GameInfo::ResetInfo - SyncLevel set to 0 on reset
21:00:51.70   GameInfo::ResetInfo - SyncLevel set to 0 on reset
21:00:51.70   GameInfo::ResetInfo - SyncLevel set to 0 on reset
21:00:51.70   GameInfo::ResetInfo - SyncLevel set to 0 on reset
21:00:51.70   GameInfo::ResetInfo - SyncLevel set to 0 on reset
21:00:51.70   GameInfo::ResetInfo - SyncLevel set to 0 on reset
21:00:51.70   GameInfo::ResetInfo - SyncLevel set to 0 on reset
21:00:51.70   GameInfo::ResetInfo - SyncLevel set to 0 on reset
21:00:51.70   GameInfo::ResetInfo - SyncLevel set to 0 on reset
21:00:51.70   GameInfo::ResetInfo - SyncLevel set to 0 on reset
21:00:51.71   GameInfo::ResetInfo - SyncLevel set to 0 on reset
21:00:51.71   GameInfo::ResetInfo - SyncLevel set to 0 on reset
21:00:51.71   GameInfo::ResetInfo - SyncLevel set to 0 on reset
21:00:51.71   GameInfo::ResetInfo - SyncLevel set to 0 on reset
21:00:51.71   GameInfo::ResetInfo - SyncLevel set to 0 on reset
21:00:51.71   GameInfo::ResetInfo - SyncLevel set to 0 on reset
21:00:51.71   GameInfo::ResetInfo - SyncLevel set to 0 on reset
21:00:51.71   GameInfo::ResetInfo - SyncLevel set to 0 on reset
21:00:51.71   GameInfo::ResetInfo - SyncLevel set to 0 on reset
21:00:51.71   GameInfo::ResetInfo - SyncLevel set to 0 on reset
21:00:51.71   GameInfo::ResetInfo - SyncLevel set to 0 on reset
21:00:51.71   GameInfo::ResetInfo - SyncLevel set to 0 on reset
21:00:51.71   GameInfo::ResetInfo - SyncLevel set to 0 on reset
21:00:51.71   GameInfo::ResetInfo - SyncLevel set to 0 on reset
21:00:51.71   GameInfo::ResetInfo - SyncLevel set to 0 on reset
21:00:51.71   GameInfo::ResetInfo - SyncLevel set to 0 on reset
21:00:51.71   GameInfo::ResetInfo - SyncLevel set to 0 on reset
21:00:51.71   GameInfo::ResetInfo - SyncLevel set to 0 on reset
21:00:51.71   GameInfo::ResetInfo - SyncLevel set to 0 on reset
21:00:51.72   GameInfo::ResetInfo - SyncLevel set to 0 on reset
21:00:51.72   GameInfo::ResetInfo - SyncLevel set to 0 on reset
21:00:51.72   GameInfo::ResetInfo - SyncLevel set to 0 on reset
21:00:51.72   GameInfo::ResetInfo - SyncLevel set to 0 on reset
21:00:51.72   GameInfo::ResetInfo - SyncLevel set to 0 on reset
21:00:51.72   GameInfo::ResetInfo - SyncLevel set to 0 on reset
21:00:51.72   GameInfo::ResetInfo - SyncLevel set to 0 on reset
21:00:51.72   GameInfo::ResetInfo - SyncLevel set to 0 on reset
21:00:51.72   GameInfo::ResetInfo - SyncLevel set to 0 on reset
21:00:51.72   GameInfo::ResetInfo - SyncLevel set to 0 on reset
21:00:51.72   GameInfo::ResetInfo - SyncLevel set to 0 on reset
21:00:51.72   GameInfo::ResetInfo - SyncLevel set to 0 on reset
21:00:51.72   GameInfo::ResetInfo - SyncLevel set to 0 on reset
21:00:51.72   GameInfo::ResetInfo - SyncLevel set to 0 on reset
21:00:51.72   GameInfo::ResetInfo - SyncLevel set to 0 on reset
21:00:51.72   GameInfo::ResetInfo - SyncLevel set to 0 on reset
21:00:51.72   GameInfo::ResetInfo - SyncLevel set to 0 on reset
21:00:51.72   GameInfo::ResetInfo - SyncLevel set to 0 on reset
21:00:51.72   GameInfo::ResetInfo - SyncLevel set to 0 on reset
21:00:51.72   GameInfo::ResetInfo - SyncLevel set to 0 on reset
21:00:51.72   GameInfo::ResetInfo - SyncLevel set to 0 on reset
21:00:51.73   GameInfo::ResetInfo - SyncLevel set to 0 on reset
21:00:51.73   GameInfo::ResetInfo - SyncLevel set to 0 on reset
21:00:51.73   GameInfo::ResetInfo - SyncLevel set to 0 on reset
21:00:51.73   GameInfo::ResetInfo - SyncLevel set to 0 on reset
21:00:51.73   GameInfo::ResetInfo - SyncLevel set to 0 on reset
21:00:51.73   GameInfo::ResetInfo - SyncLevel set to 0 on reset
21:00:51.73   GameInfo::ResetInfo - SyncLevel set to 0 on reset
21:00:51.73   GameInfo::ResetInfo - SyncLevel set to 0 on reset
21:00:51.73   GameInfo::ResetInfo - SyncLevel set to 0 on reset
21:00:51.73   GameInfo::ResetInfo - SyncLevel set to 0 on reset
21:00:51.73   GameInfo::ResetInfo - SyncLevel set to 0 on reset
21:00:51.73   GameInfo::ResetInfo - SyncLevel set to 0 on reset
21:00:51.73   GameInfo::ResetInfo - SyncLevel set to 0 on reset
21:00:51.73   GameInfo::ResetInfo - SyncLevel set to 0 on reset
21:00:51.73   GameInfo::ResetInfo - SyncLevel set to 0 on reset
21:00:51.73   GameInfo::ResetInfo - SyncLevel set to 0 on reset
21:00:51.73   GameInfo::ResetInfo - SyncLevel set to 0 on reset
21:00:51.73   GameInfo::ResetInfo - SyncLevel set to 0 on reset
21:00:51.74   GameInfo::ResetInfo - SyncLevel set to 0 on reset
21:00:51.74   GameInfo::ResetInfo - SyncLevel set to 0 on reset
21:00:51.74   GameInfo::ResetInfo - SyncLevel set to 0 on reset
21:00:51.74   GameInfo::ResetInfo - SyncLevel set to 0 on reset
21:00:51.74   GameInfo::ResetInfo - SyncLevel set to 0 on reset
21:00:51.74   GameInfo::ResetInfo - SyncLevel set to 0 on reset
21:00:51.74   GameInfo::ResetInfo - SyncLevel set to 0 on reset
21:00:51.74   GameInfo::ResetInfo - SyncLevel set to 0 on reset
21:00:51.74   GameInfo::ResetInfo - SyncLevel set to 0 on reset
21:00:51.74   GameInfo::ResetInfo - SyncLevel set to 0 on reset
21:00:51.74   GameInfo::ResetInfo - SyncLevel set to 0 on reset
21:00:51.74   GameInfo::ResetInfo - SyncLevel set to 0 on reset
21:00:51.74   GameInfo::ResetInfo - SyncLevel set to 0 on reset
21:00:51.74   GameInfo::ResetInfo - SyncLevel set to 0 on reset
21:00:51.74   GameInfo::ResetInfo - SyncLevel set to 0 on reset
21:00:51.74   GameInfo::ResetInfo - SyncLevel set to 0 on reset
21:00:51.74   GameInfo::ResetInfo - SyncLevel set to 0 on reset
21:00:51.74   GameInfo::ResetInfo - SyncLevel set to 0 on reset
21:00:51.74   GameInfo::ResetInfo - SyncLevel set to 0 on reset
21:00:51.74   GameInfo::ResetInfo - SyncLevel set to 0 on reset
21:00:51.74   GameInfo::ResetInfo - SyncLevel set to 0 on reset
21:00:51.74   GameInfo::ResetInfo - SyncLevel set to 0 on reset
21:00:51.74   GameInfo::ResetInfo - SyncLevel set to 0 on reset
21:00:51.74   GameInfo::ResetInfo - SyncLevel set to 0 on reset
21:00:51.75   GameInfo::ResetInfo - SyncLevel set to 0 on reset
21:00:51.75   GameInfo::ResetInfo - SyncLevel set to 0 on reset
21:00:51.75   GameInfo::ResetInfo - SyncLevel set to 0 on reset
21:00:51.75   GameInfo::ResetInfo - SyncLevel set to 0 on reset
21:00:51.75   GameInfo::ResetInfo - SyncLevel set to 0 on reset
21:00:51.75   GameInfo::ResetInfo - SyncLevel set to 0 on reset
21:00:51.75   GameInfo::ResetInfo - SyncLevel set to 0 on reset
21:00:51.75   GameInfo::ResetInfo - SyncLevel set to 0 on reset
21:00:51.75   GameInfo::ResetInfo - SyncLevel set to 0 on reset
21:00:51.75   GameInfo::ResetInfo - SyncLevel set to 0 on reset
21:00:51.75   GameInfo::ResetInfo - SyncLevel set to 0 on reset
21:00:51.75   GameInfo::ResetInfo - SyncLevel set to 0 on reset
21:00:51.75   GameInfo::ResetInfo - SyncLevel set to 0 on reset
21:00:51.75   GameInfo::ResetInfo - SyncLevel set to 0 on reset
21:00:51.75   GameInfo::ResetInfo - SyncLevel set to 0 on reset
21:00:51.75   GameInfo::ResetInfo - SyncLevel set to 0 on reset
21:00:51.75   GameInfo::ResetInfo - SyncLevel set to 0 on reset
21:00:51.75   GameInfo::ResetInfo - SyncLevel set to 0 on reset
21:00:51.75   GameInfo::ResetInfo - SyncLevel set to 0 on reset
21:00:51.75   GameInfo::ResetInfo - SyncLevel set to 0 on reset
21:00:51.76   GameInfo::ResetInfo - SyncLevel set to 0 on reset
21:00:51.76   GameInfo::ResetInfo - SyncLevel set to 0 on reset
21:00:51.76   GameInfo::ResetInfo - SyncLevel set to 0 on reset
21:00:51.76   GameInfo::ResetInfo - SyncLevel set to 0 on reset
21:00:51.76   GameInfo::ResetInfo - SyncLevel set to 0 on reset
21:00:51.76   GameInfo::ResetInfo - SyncLevel set to 0 on reset
21:00:51.76   GameInfo::ResetInfo - SyncLevel set to 0 on reset
21:00:51.76   GameInfo::ResetInfo - SyncLevel set to 0 on reset
21:00:51.76   GameInfo::ResetInfo - SyncLevel set to 0 on reset
21:00:51.76   GameInfo::ResetInfo - SyncLevel set to 0 on reset
21:00:51.76   GameInfo::ResetInfo - SyncLevel set to 0 on reset
21:00:51.76   GameInfo::ResetInfo - SyncLevel set to 0 on reset
21:00:51.76   GameInfo::ResetInfo - SyncLevel set to 0 on reset
21:00:51.76   GameInfo::ResetInfo - SyncLevel set to 0 on reset
21:00:51.76   GameInfo::ResetInfo - SyncLevel set to 0 on reset
21:00:51.76   GameInfo::ResetInfo - SyncLevel set to 0 on reset
21:00:51.76   GameInfo::ResetInfo - SyncLevel set to 0 on reset
21:00:51.76   GameInfo::ResetInfo - SyncLevel set to 0 on reset
21:00:51.76   GameInfo::ResetInfo - SyncLevel set to 0 on reset
21:00:51.77   GameInfo::ResetInfo - SyncLevel set to 0 on reset
21:00:51.77   GameInfo::ResetInfo - SyncLevel set to 0 on reset
21:00:51.77   GameInfo::ResetInfo - SyncLevel set to 0 on reset
21:00:51.77   GameInfo::ResetInfo - SyncLevel set to 0 on reset
21:00:51.77   GameInfo::ResetInfo - SyncLevel set to 0 on reset
21:00:51.77   GameInfo::ResetInfo - SyncLevel set to 0 on reset
21:00:51.77   GameInfo::ResetInfo - SyncLevel set to 0 on reset
21:00:51.77   GameInfo::ResetInfo - SyncLevel set to 0 on reset
21:00:51.77   GameInfo::ResetInfo - SyncLevel set to 0 on reset
21:00:51.77   GameInfo::ResetInfo - SyncLevel set to 0 on reset
21:00:51.77   GameInfo::ResetInfo - SyncLevel set to 0 on reset
21:00:51.77   GameInfo::ResetInfo - SyncLevel set to 0 on reset
21:00:51.77   GameInfo::ResetInfo - SyncLevel set to 0 on reset
21:00:51.77   GameInfo::ResetInfo - SyncLevel set to 0 on reset
21:00:51.77   GameInfo::ResetInfo - SyncLevel set to 0 on reset
21:00:51.77   GameInfo::ResetInfo - SyncLevel set to 0 on reset
21:00:51.77   GameInfo::ResetInfo - SyncLevel set to 0 on reset
21:00:51.77   GameInfo::ResetInfo - SyncLevel set to 0 on reset
21:00:51.77   GameInfo::ResetInfo - SyncLevel set to 0 on reset
21:00:51.77   GameInfo::ResetInfo - SyncLevel set to 0 on reset
21:00:51.77   GameInfo::ResetInfo - SyncLevel set to 0 on reset
21:00:51.77   GameInfo::ResetInfo - SyncLevel set to 0 on reset
21:00:51.77   GameInfo::ResetInfo - SyncLevel set to 0 on reset
21:00:51.77   GameInfo::ResetInfo - SyncLevel set to 0 on reset
21:00:51.78   GameInfo::ResetInfo - SyncLevel set to 0 on reset
21:00:51.78   GameInfo::ResetInfo - SyncLevel set to 0 on reset
21:00:51.78   GameInfo::ResetInfo - SyncLevel set to 0 on reset
21:00:51.78   GameInfo::ResetInfo - SyncLevel set to 0 on reset
21:00:51.78   GameInfo::ResetInfo - SyncLevel set to 0 on reset
21:00:51.78   GameInfo::ResetInfo - SyncLevel set to 0 on reset
21:00:51.78   GameInfo::ResetInfo - SyncLevel set to 0 on reset
21:00:51.78   GameInfo::ResetInfo - SyncLevel set to 0 on reset
21:00:51.78   GameInfo::ResetInfo - SyncLevel set to 0 on reset
21:00:51.78   GameInfo::ResetInfo - SyncLevel set to 0 on reset
21:00:51.78   GameInfo::ResetInfo - SyncLevel set to 0 on reset
21:00:51.78   GameInfo::ResetInfo - SyncLevel set to 0 on reset
21:00:51.78   GameInfo::ResetInfo - SyncLevel set to 0 on reset
21:00:51.78   GameInfo::ResetInfo - SyncLevel set to 0 on reset
21:00:51.78   GameInfo::ResetInfo - SyncLevel set to 0 on reset
21:00:51.78   GameInfo::ResetInfo - SyncLevel set to 0 on reset
21:00:51.78   GameInfo::ResetInfo - SyncLevel set to 0 on reset
21:00:51.78   GameInfo::ResetInfo - SyncLevel set to 0 on reset
21:00:51.78   GameInfo::ResetInfo - SyncLevel set to 0 on reset
21:00:51.78   GameInfo::ResetInfo - SyncLevel set to 0 on reset
21:00:51.78   GameInfo::ResetInfo - SyncLevel set to 0 on reset
21:00:51.78   GameInfo::ResetInfo - SyncLevel set to 0 on reset
21:00:51.78   GameInfo::ResetInfo - SyncLevel set to 0 on reset
21:00:51.79   GameInfo::ResetInfo - SyncLevel set to 0 on reset
21:00:51.79   GameInfo::ResetInfo - SyncLevel set to 0 on reset
21:00:51.79   GameInfo::ResetInfo - SyncLevel set to 0 on reset
21:00:51.79   GameInfo::ResetInfo - SyncLevel set to 0 on reset
21:00:51.79   GameInfo::ResetInfo - SyncLevel set to 0 on reset
21:00:51.79   GameInfo::ResetInfo - SyncLevel set to 0 on reset
21:00:51.79   GameInfo::ResetInfo - SyncLevel set to 0 on reset
21:00:51.79   GameInfo::ResetInfo - SyncLevel set to 0 on reset
21:00:51.79   GameInfo::ResetInfo - SyncLevel set to 0 on reset
21:00:51.79   GameInfo::ResetInfo - SyncLevel set to 0 on reset
21:00:51.79   GameInfo::ResetInfo - SyncLevel set to 0 on reset
21:00:51.79   GameInfo::ResetInfo - SyncLevel set to 0 on reset
21:00:51.79   GameInfo::ResetInfo - SyncLevel set to 0 on reset
21:00:51.79   GameInfo::ResetInfo - SyncLevel set to 0 on reset
21:00:51.79   GameInfo::ResetInfo - SyncLevel set to 0 on reset
21:00:51.79   GameInfo::ResetInfo - SyncLevel set to 0 on reset
21:00:51.79   GameInfo::ResetInfo - SyncLevel set to 0 on reset
21:00:51.79   GameInfo::ResetInfo - SyncLevel set to 0 on reset
21:00:51.79   GameInfo::ResetInfo - SyncLevel set to 0 on reset
21:00:51.80   GameInfo::ResetInfo - SyncLevel set to 0 on reset
21:00:51.80   GameInfo::ResetInfo - SyncLevel set to 0 on reset
21:00:51.80   GameInfo::ResetInfo - SyncLevel set to 0 on reset
21:00:51.80   GameInfo::ResetInfo - SyncLevel set to 0 on reset
21:00:51.80   GameInfo::ResetInfo - SyncLevel set to 0 on reset
21:00:51.80   GameInfo::ResetInfo - SyncLevel set to 0 on reset
21:00:51.80   GameInfo::ResetInfo - SyncLevel set to 0 on reset
21:00:51.80   GameInfo::ResetInfo - SyncLevel set to 0 on reset
21:00:51.80   GameInfo::ResetInfo - SyncLevel set to 0 on reset
21:00:51.80   GameInfo::ResetInfo - SyncLevel set to 0 on reset
21:00:51.80   GameInfo::ResetInfo - SyncLevel set to 0 on reset
21:00:51.80   GameInfo::ResetInfo - SyncLevel set to 0 on reset
21:00:51.80   GameInfo::ResetInfo - SyncLevel set to 0 on reset
21:00:51.80   GameInfo::ResetInfo - SyncLevel set to 0 on reset
21:00:51.80   GameInfo::ResetInfo - SyncLevel set to 0 on reset
21:00:51.80   GameInfo::ResetInfo - SyncLevel set to 0 on reset
21:00:51.80   GameInfo::ResetInfo - SyncLevel set to 0 on reset
21:00:51.81   GameInfo::ResetInfo - SyncLevel set to 0 on reset
21:00:51.81   GameInfo::ResetInfo - SyncLevel set to 0 on reset
21:00:51.81   GameInfo::ResetInfo - SyncLevel set to 0 on reset
21:00:51.81   GameInfo::ResetInfo - SyncLevel set to 0 on reset
21:00:51.81   GameInfo::ResetInfo - SyncLevel set to 0 on reset
21:00:51.81   GameInfo::ResetInfo - SyncLevel set to 0 on reset
21:00:51.81   GameInfo::ResetInfo - SyncLevel set to 0 on reset
21:00:51.81   GameInfo::ResetInfo - SyncLevel set to 0 on reset
21:00:51.81   GameInfo::ResetInfo - SyncLevel set to 0 on reset
21:00:51.81   GameInfo::ResetInfo - SyncLevel set to 0 on reset
21:00:51.81   GAME -- Error reading header for recorded game PLAYBACK:8P_MONTARGIS_REGION_POINTS_UP.2019-01-28.01-38-28.rec
21:00:51.81   GameInfo::ResetInfo - SyncLevel set to 0 on reset
21:00:51.81   GameInfo::ResetInfo - SyncLevel set to 0 on reset
21:00:51.81   GameInfo::ResetInfo - SyncLevel set to 0 on reset
21:00:51.81   GAME -- Error reading header for recorded game PLAYBACK:8P_MONTARGIS_REGION_POINTS_UP.2019-08-27.22-25-49.rec
21:00:51.81   GameInfo::ResetInfo - SyncLevel set to 0 on reset
21:00:51.81   GameInfo::ResetInfo - SyncLevel set to 0 on reset
21:00:51.81   GameInfo::ResetInfo - SyncLevel set to 0 on reset
21:00:51.81   GameInfo::ResetInfo - SyncLevel set to 0 on reset
21:00:51.81   GameInfo::ResetInfo - SyncLevel set to 0 on reset
21:00:51.81   GameInfo::ResetInfo - SyncLevel set to 0 on reset
21:00:51.82   GameInfo::ResetInfo - SyncLevel set to 0 on reset
21:00:51.82   GameInfo::ResetInfo - SyncLevel set to 0 on reset
21:00:51.82   GameInfo::ResetInfo - SyncLevel set to 0 on reset
21:00:51.82   GameInfo::ResetInfo - SyncLevel set to 0 on reset
21:00:51.82   GameInfo::ResetInfo - SyncLevel set to 0 on reset
21:00:51.82   GameInfo::ResetInfo - SyncLevel set to 0 on reset
21:00:51.82   GameInfo::ResetInfo - SyncLevel set to 0 on reset
21:00:51.82   GameInfo::ResetInfo - SyncLevel set to 0 on reset
21:00:51.82   GameInfo::ResetInfo - SyncLevel set to 0 on reset
21:00:51.82   GameInfo::ResetInfo - SyncLevel set to 0 on reset
21:00:51.82   GameInfo::ResetInfo - SyncLevel set to 0 on reset
21:00:51.82   GameInfo::ResetInfo - SyncLevel set to 0 on reset
21:00:51.82   GameInfo::ResetInfo - SyncLevel set to 0 on reset
21:00:51.82   GameInfo::ResetInfo - SyncLevel set to 0 on reset
21:00:51.82   GameInfo::ResetInfo - SyncLevel set to 0 on reset
21:00:51.83   GameInfo::ResetInfo - SyncLevel set to 0 on reset
21:00:51.83   GameInfo::ResetInfo - SyncLevel set to 0 on reset
21:00:51.83   GameInfo::ResetInfo - SyncLevel set to 0 on reset
21:00:51.83   GameInfo::ResetInfo - SyncLevel set to 0 on reset
21:00:51.83   GameInfo::ResetInfo - SyncLevel set to 0 on reset
21:00:51.83   GameInfo::ResetInfo - SyncLevel set to 0 on reset
21:00:51.83   GameInfo::ResetInfo - SyncLevel set to 0 on reset
21:00:51.83   GameInfo::ResetInfo - SyncLevel set to 0 on reset
21:00:51.83   GameInfo::ResetInfo - SyncLevel set to 0 on reset
21:00:51.83   GameInfo::ResetInfo - SyncLevel set to 0 on reset
21:00:51.83   GameInfo::ResetInfo - SyncLevel set to 0 on reset
21:00:51.83   GameInfo::ResetInfo - SyncLevel set to 0 on reset
21:00:51.83   GameInfo::ResetInfo - SyncLevel set to 0 on reset
21:00:51.83   GameInfo::ResetInfo - SyncLevel set to 0 on reset
21:00:51.83   GameInfo::ResetInfo - SyncLevel set to 0 on reset
21:00:51.84   GameInfo::ResetInfo - SyncLevel set to 0 on reset
21:00:51.84   GameInfo::ResetInfo - SyncLevel set to 0 on reset
21:00:51.84   GameInfo::ResetInfo - SyncLevel set to 0 on reset
21:00:51.84   GameInfo::ResetInfo - SyncLevel set to 0 on reset
21:00:51.84   GameInfo::ResetInfo - SyncLevel set to 0 on reset
21:00:51.84   GameInfo::ResetInfo - SyncLevel set to 0 on reset
21:00:51.84   GameInfo::ResetInfo - SyncLevel set to 0 on reset
21:00:51.84   GameInfo::ResetInfo - SyncLevel set to 0 on reset
21:00:51.84   GameInfo::ResetInfo - SyncLevel set to 0 on reset
21:00:51.84   GameInfo::ResetInfo - SyncLevel set to 0 on reset
21:00:51.84   GameInfo::ResetInfo - SyncLevel set to 0 on reset
21:00:51.84   GameInfo::ResetInfo - SyncLevel set to 0 on reset
21:00:51.84   GameInfo::ResetInfo - SyncLevel set to 0 on reset
21:00:51.84   GameInfo::ResetInfo - SyncLevel set to 0 on reset
21:00:51.84   GameInfo::ResetInfo - SyncLevel set to 0 on reset
21:00:51.84   GameInfo::ResetInfo - SyncLevel set to 0 on reset
21:00:51.84   GameInfo::ResetInfo - SyncLevel set to 0 on reset
21:00:51.84   GameInfo::ResetInfo - SyncLevel set to 0 on reset
21:00:51.84   GameInfo::ResetInfo - SyncLevel set to 0 on reset
21:00:51.84   GameInfo::ResetInfo - SyncLevel set to 0 on reset
21:00:51.84   GameInfo::ResetInfo - SyncLevel set to 0 on reset
21:00:51.84   GameInfo::ResetInfo - SyncLevel set to 0 on reset
21:00:51.84   GameInfo::ResetInfo - SyncLevel set to 0 on reset
21:00:51.84   GameInfo::ResetInfo - SyncLevel set to 0 on reset
21:00:51.84   GameInfo::ResetInfo - SyncLevel set to 0 on reset
21:00:51.84   GameInfo::ResetInfo - SyncLevel set to 0 on reset
21:00:51.84   GameInfo::ResetInfo - SyncLevel set to 0 on reset
21:00:51.84   GameInfo::ResetInfo - SyncLevel set to 0 on reset
21:00:51.84   GameInfo::ResetInfo - SyncLevel set to 0 on reset
21:00:51.84   GameInfo::ResetInfo - SyncLevel set to 0 on reset
21:00:51.85   GameInfo::ResetInfo - SyncLevel set to 0 on reset
21:00:51.85   GameInfo::ResetInfo - SyncLevel set to 0 on reset
21:00:51.85   GameInfo::ResetInfo - SyncLevel set to 0 on reset
21:00:51.85   GameInfo::ResetInfo - SyncLevel set to 0 on reset
21:00:51.85   GameInfo::ResetInfo - SyncLevel set to 0 on reset
21:00:51.85   GameInfo::ResetInfo - SyncLevel set to 0 on reset
21:00:51.85   GameInfo::ResetInfo - SyncLevel set to 0 on reset
21:00:51.85   GameInfo::ResetInfo - SyncLevel set to 0 on reset
21:00:51.85   GameInfo::ResetInfo - SyncLevel set to 0 on reset
21:00:51.85   GameInfo::ResetInfo - SyncLevel set to 0 on reset
21:00:51.85   GameInfo::ResetInfo - SyncLevel set to 0 on reset
21:00:51.85   GameInfo::ResetInfo - SyncLevel set to 0 on reset
21:00:51.85   GameInfo::ResetInfo - SyncLevel set to 0 on reset
21:00:51.85   GameInfo::ResetInfo - SyncLevel set to 0 on reset
21:00:51.85   GameInfo::ResetInfo - SyncLevel set to 0 on reset
21:00:51.85   GameInfo::ResetInfo - SyncLevel set to 0 on reset
21:00:51.85   GameInfo::ResetInfo - SyncLevel set to 0 on reset
21:00:51.85   GameInfo::ResetInfo - SyncLevel set to 0 on reset
21:00:51.85   GameInfo::ResetInfo - SyncLevel set to 0 on reset
21:00:51.85   GameInfo::ResetInfo - SyncLevel set to 0 on reset
21:00:51.85   GameInfo::ResetInfo - SyncLevel set to 0 on reset
21:00:51.86   GameInfo::ResetInfo - SyncLevel set to 0 on reset
21:00:51.86   GameInfo::ResetInfo - SyncLevel set to 0 on reset
21:00:51.86   GameInfo::ResetInfo - SyncLevel set to 0 on reset
21:00:51.86   GameInfo::ResetInfo - SyncLevel set to 0 on reset
21:00:51.86   GameInfo::ResetInfo - SyncLevel set to 0 on reset
21:00:51.86   GameInfo::ResetInfo - SyncLevel set to 0 on reset
21:00:51.86   GAME -- Error reading header for recorded game PLAYBACK:fun_high_res_monti.rec
21:00:51.86   GameInfo::ResetInfo - SyncLevel set to 0 on reset
21:00:51.86   GameInfo::ResetInfo - SyncLevel set to 0 on reset
21:00:51.86   GameInfo::ResetInfo - SyncLevel set to 0 on reset
21:00:51.86   GameInfo::ResetInfo - SyncLevel set to 0 on reset
21:00:51.86   GameInfo::ResetInfo - SyncLevel set to 0 on reset
21:00:51.86   GameInfo::ResetInfo - SyncLevel set to 0 on reset
21:00:51.86   GameInfo::ResetInfo - SyncLevel set to 0 on reset
21:00:51.86   GameInfo::ResetInfo - SyncLevel set to 0 on reset
21:00:51.86   GameInfo::ResetInfo - SyncLevel set to 0 on reset
21:00:51.86   GameInfo::ResetInfo - SyncLevel set to 0 on reset
21:00:51.86   GameInfo::ResetInfo - SyncLevel set to 0 on reset
21:00:51.86   GameInfo::ResetInfo - SyncLevel set to 0 on reset
21:00:51.86   GameInfo::ResetInfo - SyncLevel set to 0 on reset
21:00:51.86   GameInfo::ResetInfo - SyncLevel set to 0 on reset
21:00:51.86   GameInfo::ResetInfo - SyncLevel set to 0 on reset
21:00:51.86   GameInfo::ResetInfo - SyncLevel set to 0 on reset
21:00:51.86   GameInfo::ResetInfo - SyncLevel set to 0 on reset
21:00:51.86   GameInfo::ResetInfo - SyncLevel set to 0 on reset
21:00:51.87   GameInfo::ResetInfo - SyncLevel set to 0 on reset
21:00:51.87   GameInfo::ResetInfo - SyncLevel set to 0 on reset
21:00:51.87   GameInfo::ResetInfo - SyncLevel set to 0 on reset
21:00:51.87   GAME -- Error reading header for recorded game PLAYBACK:gdfg.rec
21:00:51.87   GameInfo::ResetInfo - SyncLevel set to 0 on reset
21:00:51.87   GameInfo::ResetInfo - SyncLevel set to 0 on reset
21:00:51.87   GameInfo::ResetInfo - SyncLevel set to 0 on reset
21:00:51.87   GameInfo::ResetInfo - SyncLevel set to 0 on reset
21:00:51.87   GameInfo::ResetInfo - SyncLevel set to 0 on reset
21:00:51.87   GameInfo::ResetInfo - SyncLevel set to 0 on reset
21:00:51.87   GameInfo::ResetInfo - SyncLevel set to 0 on reset
21:00:51.87   GameInfo::ResetInfo - SyncLevel set to 0 on reset
21:00:51.87   GameInfo::ResetInfo - SyncLevel set to 0 on reset
21:00:51.87   GameInfo::ResetInfo - SyncLevel set to 0 on reset
21:00:51.87   GameInfo::ResetInfo - SyncLevel set to 0 on reset
21:00:51.87   GameInfo::ResetInfo - SyncLevel set to 0 on reset
21:00:51.87   GameInfo::ResetInfo - SyncLevel set to 0 on reset
21:00:51.87   GameInfo::ResetInfo - SyncLevel set to 0 on reset
21:00:51.87   GameInfo::ResetInfo - SyncLevel set to 0 on reset
21:00:51.87   GameInfo::ResetInfo - SyncLevel set to 0 on reset
21:00:51.87   GameInfo::ResetInfo - SyncLevel set to 0 on reset
21:00:51.87   GameInfo::ResetInfo - SyncLevel set to 0 on reset
21:00:51.87   GameInfo::ResetInfo - SyncLevel set to 0 on reset
21:00:51.87   GameInfo::ResetInfo - SyncLevel set to 0 on reset
21:00:51.87   GameInfo::ResetInfo - SyncLevel set to 0 on reset
21:00:51.87   GameInfo::ResetInfo - SyncLevel set to 0 on reset
21:00:51.87   GameInfo::ResetInfo - SyncLevel set to 0 on reset
21:00:51.87   GameInfo::ResetInfo - SyncLevel set to 0 on reset
21:00:51.88   GameInfo::ResetInfo - SyncLevel set to 0 on reset
21:00:51.88   GameInfo::ResetInfo - SyncLevel set to 0 on reset
21:00:51.88   GameInfo::ResetInfo - SyncLevel set to 0 on reset
21:00:51.88   GameInfo::ResetInfo - SyncLevel set to 0 on reset
21:00:51.88   GameInfo::ResetInfo - SyncLevel set to 0 on reset
21:00:51.88   GameInfo::ResetInfo - SyncLevel set to 0 on reset
21:00:51.88   GameInfo::ResetInfo - SyncLevel set to 0 on reset
21:00:51.88   GameInfo::ResetInfo - SyncLevel set to 0 on reset
21:00:51.88   GameInfo::ResetInfo - SyncLevel set to 0 on reset
21:00:51.88   GameInfo::ResetInfo - SyncLevel set to 0 on reset
21:00:51.88   GameInfo::ResetInfo - SyncLevel set to 0 on reset
21:00:51.88   GameInfo::ResetInfo - SyncLevel set to 0 on reset
21:00:51.88   GameInfo::ResetInfo - SyncLevel set to 0 on reset
21:00:51.88   GameInfo::ResetInfo - SyncLevel set to 0 on reset
21:00:51.88   GameInfo::ResetInfo - SyncLevel set to 0 on reset
21:00:51.88   GameInfo::ResetInfo - SyncLevel set to 0 on reset
21:00:51.88   GameInfo::ResetInfo - SyncLevel set to 0 on reset
21:00:51.88   GameInfo::ResetInfo - SyncLevel set to 0 on reset
21:00:51.88   GameInfo::ResetInfo - SyncLevel set to 0 on reset
21:00:51.88   GameInfo::ResetInfo - SyncLevel set to 0 on reset
21:00:51.88   GameInfo::ResetInfo - SyncLevel set to 0 on reset
21:00:51.88   GameInfo::ResetInfo - SyncLevel set to 0 on reset
21:00:51.88   GameInfo::ResetInfo - SyncLevel set to 0 on reset
21:00:51.88   GameInfo::ResetInfo - SyncLevel set to 0 on reset
21:00:51.89   GameInfo::ResetInfo - SyncLevel set to 0 on reset
21:00:51.89   GameInfo::ResetInfo - SyncLevel set to 0 on reset
21:00:51.89   GameInfo::ResetInfo - SyncLevel set to 0 on reset
21:00:51.89   GameInfo::ResetInfo - SyncLevel set to 0 on reset
21:00:51.89   GameInfo::ResetInfo - SyncLevel set to 0 on reset
21:00:51.89   GameInfo::ResetInfo - SyncLevel set to 0 on reset
21:00:51.89   GameInfo::ResetInfo - SyncLevel set to 0 on reset
21:00:51.89   GameInfo::ResetInfo - SyncLevel set to 0 on reset
21:00:51.89   GameInfo::ResetInfo - SyncLevel set to 0 on reset
21:00:51.89   GameInfo::ResetInfo - SyncLevel set to 0 on reset
21:00:51.89   GameInfo::ResetInfo - SyncLevel set to 0 on reset
21:00:51.89   GameInfo::ResetInfo - SyncLevel set to 0 on reset
21:00:51.89   GameInfo::ResetInfo - SyncLevel set to 0 on reset
21:00:51.89   GameInfo::ResetInfo - SyncLevel set to 0 on reset
21:00:51.89   GameInfo::ResetInfo - SyncLevel set to 0 on reset
21:00:51.89   GameInfo::ResetInfo - SyncLevel set to 0 on reset
21:00:51.89   GameInfo::ResetInfo - SyncLevel set to 0 on reset
21:00:51.89   GameInfo::ResetInfo - SyncLevel set to 0 on reset
21:00:51.89   GameInfo::ResetInfo - SyncLevel set to 0 on reset
21:00:51.89   GameInfo::ResetInfo - SyncLevel set to 0 on reset
21:00:51.89   GameInfo::ResetInfo - SyncLevel set to 0 on reset
21:00:51.89   GameInfo::ResetInfo - SyncLevel set to 0 on reset
21:00:51.89   GameInfo::ResetInfo - SyncLevel set to 0 on reset
21:00:51.89   GameInfo::ResetInfo - SyncLevel set to 0 on reset
21:00:51.89   GameInfo::ResetInfo - SyncLevel set to 0 on reset
21:00:51.89   GameInfo::ResetInfo - SyncLevel set to 0 on reset
21:00:51.90   GameInfo::ResetInfo - SyncLevel set to 0 on reset
21:00:51.90   GameInfo::ResetInfo - SyncLevel set to 0 on reset
21:00:51.90   GameInfo::ResetInfo - SyncLevel set to 0 on reset
21:00:51.90   GameInfo::ResetInfo - SyncLevel set to 0 on reset
21:00:51.90   GameInfo::ResetInfo - SyncLevel set to 0 on reset
21:00:51.90   GameInfo::ResetInfo - SyncLevel set to 0 on reset
21:00:51.90   GAME -- Error reading header for recorded game PLAYBACK:ischutz_mad.rec
21:00:51.90   GameInfo::ResetInfo - SyncLevel set to 0 on reset
21:00:51.90   GameInfo::ResetInfo - SyncLevel set to 0 on reset
21:00:51.90   GameInfo::ResetInfo - SyncLevel set to 0 on reset
21:00:51.90   GameInfo::ResetInfo - SyncLevel set to 0 on reset
21:00:51.90   GameInfo::ResetInfo - SyncLevel set to 0 on reset
21:00:51.90   GameInfo::ResetInfo - SyncLevel set to 0 on reset
21:00:51.90   GameInfo::ResetInfo - SyncLevel set to 0 on reset
21:00:51.90   GameInfo::ResetInfo - SyncLevel set to 0 on reset
21:00:51.90   GameInfo::ResetInfo - SyncLevel set to 0 on reset
21:00:51.91   GameInfo::ResetInfo - SyncLevel set to 0 on reset
21:00:51.91   GameInfo::ResetInfo - SyncLevel set to 0 on reset
21:00:51.91   GameInfo::ResetInfo - SyncLevel set to 0 on reset
21:00:51.91   GameInfo::ResetInfo - SyncLevel set to 0 on reset
21:00:51.91   GameInfo::ResetInfo - SyncLevel set to 0 on reset
21:00:51.91   GameInfo::ResetInfo - SyncLevel set to 0 on reset
21:00:51.91   GameInfo::ResetInfo - SyncLevel set to 0 on reset
21:00:51.91   GameInfo::ResetInfo - SyncLevel set to 0 on reset
21:00:51.91   GameInfo::ResetInfo - SyncLevel set to 0 on reset
21:00:51.91   GameInfo::ResetInfo - SyncLevel set to 0 on reset
21:00:51.91   GameInfo::ResetInfo - SyncLevel set to 0 on reset
21:00:51.91   GameInfo::ResetInfo - SyncLevel set to 0 on reset
21:00:51.91   GameInfo::ResetInfo - SyncLevel set to 0 on reset
21:00:51.91   GameInfo::ResetInfo - SyncLevel set to 0 on reset
21:00:51.91   GameInfo::ResetInfo - SyncLevel set to 0 on reset
21:00:51.91   GameInfo::ResetInfo - SyncLevel set to 0 on reset
21:00:51.91   GameInfo::ResetInfo - SyncLevel set to 0 on reset
21:00:51.91   GameInfo::ResetInfo - SyncLevel set to 0 on reset
21:00:51.91   GameInfo::ResetInfo - SyncLevel set to 0 on reset
21:00:51.91   GameInfo::ResetInfo - SyncLevel set to 0 on reset
21:00:51.91   GameInfo::ResetInfo - SyncLevel set to 0 on reset
21:00:51.91   GameInfo::ResetInfo - SyncLevel set to 0 on reset
21:00:51.91   GameInfo::ResetInfo - SyncLevel set to 0 on reset
21:00:51.91   GameInfo::ResetInfo - SyncLevel set to 0 on reset
21:00:51.91   GameInfo::ResetInfo - SyncLevel set to 0 on reset
21:00:51.91   GameInfo::ResetInfo - SyncLevel set to 0 on reset
21:00:51.92   GameInfo::ResetInfo - SyncLevel set to 0 on reset
21:00:51.92   GameInfo::ResetInfo - SyncLevel set to 0 on reset
21:00:51.92   GameInfo::ResetInfo - SyncLevel set to 0 on reset
21:00:51.92   GameInfo::ResetInfo - SyncLevel set to 0 on reset
21:00:51.92   GAME -- Error reading header for recorded game PLAYBACK:MONTARGIS REGION REVISED.2019-06-01.00-22-47.rec
21:00:51.92   GameInfo::ResetInfo - SyncLevel set to 0 on reset
21:00:51.92   GameInfo::ResetInfo - SyncLevel set to 0 on reset
21:00:51.92   GameInfo::ResetInfo - SyncLevel set to 0 on reset
21:00:51.92   GameInfo::ResetInfo - SyncLevel set to 0 on reset
21:00:51.92   GameInfo::ResetInfo - SyncLevel set to 0 on reset
21:00:51.92   GameInfo::ResetInfo - SyncLevel set to 0 on reset
21:00:51.92   GameInfo::ResetInfo - SyncLevel set to 0 on reset
21:00:51.92   GameInfo::ResetInfo - SyncLevel set to 0 on reset
21:00:51.92   GameInfo::ResetInfo - SyncLevel set to 0 on reset
21:00:51.92   GameInfo::ResetInfo - SyncLevel set to 0 on reset
21:00:51.92   GameInfo::ResetInfo - SyncLevel set to 0 on reset
21:00:51.92   GameInfo::ResetInfo - SyncLevel set to 0 on reset
21:00:51.92   GameInfo::ResetInfo - SyncLevel set to 0 on reset
21:00:51.92   GameInfo::ResetInfo - SyncLevel set to 0 on reset
21:00:51.92   GameInfo::ResetInfo - SyncLevel set to 0 on reset
21:00:51.92   GameInfo::ResetInfo - SyncLevel set to 0 on reset
21:00:51.92   GameInfo::ResetInfo - SyncLevel set to 0 on reset
21:00:51.92   GameInfo::ResetInfo - SyncLevel set to 0 on reset
21:00:51.92   GameInfo::ResetInfo - SyncLevel set to 0 on reset
21:00:51.92   GameInfo::ResetInfo - SyncLevel set to 0 on reset
21:00:51.92   GameInfo::ResetInfo - SyncLevel set to 0 on reset
21:00:51.92   GameInfo::ResetInfo - SyncLevel set to 0 on reset
21:00:51.92   GameInfo::ResetInfo - SyncLevel set to 0 on reset
21:00:51.92   GAME -- Error reading header for recorded game PLAYBACK:PE_Baserush_Counter__[GameReplays.org].rec
21:00:51.92   GameInfo::ResetInfo - SyncLevel set to 0 on reset
21:00:51.92   GameInfo::ResetInfo - SyncLevel set to 0 on reset
21:00:51.92   GameInfo::ResetInfo - SyncLevel set to 0 on reset
21:00:51.93   GameInfo::ResetInfo - SyncLevel set to 0 on reset
21:00:51.93   GameInfo::ResetInfo - SyncLevel set to 0 on reset
21:00:51.93   GameInfo::ResetInfo - SyncLevel set to 0 on reset
21:00:51.93   GameInfo::ResetInfo - SyncLevel set to 0 on reset
21:00:51.93   GameInfo::ResetInfo - SyncLevel set to 0 on reset
21:00:51.93   GameInfo::ResetInfo - SyncLevel set to 0 on reset
21:00:51.93   GameInfo::ResetInfo - SyncLevel set to 0 on reset
21:00:51.93   GameInfo::ResetInfo - SyncLevel set to 0 on reset
21:00:51.93   GameInfo::ResetInfo - SyncLevel set to 0 on reset
21:00:51.93   GameInfo::ResetInfo - SyncLevel set to 0 on reset
21:00:51.93   GameInfo::ResetInfo - SyncLevel set to 0 on reset
21:00:51.93   GameInfo::ResetInfo - SyncLevel set to 0 on reset
21:00:51.93   GameInfo::ResetInfo - SyncLevel set to 0 on reset
21:00:51.93   GameInfo::ResetInfo - SyncLevel set to 0 on reset
21:00:51.93   GameInfo::ResetInfo - SyncLevel set to 0 on reset
21:00:51.93   GameInfo::ResetInfo - SyncLevel set to 0 on reset
21:00:51.93   GameInfo::ResetInfo - SyncLevel set to 0 on reset
21:00:51.93   GameInfo::ResetInfo - SyncLevel set to 0 on reset
21:00:51.94   GameInfo::ResetInfo - SyncLevel set to 0 on reset
21:00:51.94   GameInfo::ResetInfo - SyncLevel set to 0 on reset
21:00:51.94   GameInfo::ResetInfo - SyncLevel set to 0 on reset
21:00:51.94   GAME -- Error reading header for recorded game PLAYBACK:Scheldt shit.rec
21:00:51.94   GameInfo::ResetInfo - SyncLevel set to 0 on reset
21:00:51.94   GameInfo::ResetInfo - SyncLevel set to 0 on reset
21:00:51.94   GameInfo::ResetInfo - SyncLevel set to 0 on reset
21:00:51.94   GameInfo::ResetInfo - SyncLevel set to 0 on reset
21:00:51.94   GameInfo::ResetInfo - SyncLevel set to 0 on reset
21:00:51.94   GameInfo::ResetInfo - SyncLevel set to 0 on reset
21:00:51.94   GameInfo::ResetInfo - SyncLevel set to 0 on reset
21:00:51.94   GameInfo::ResetInfo - SyncLevel set to 0 on reset
21:00:51.94   GameInfo::ResetInfo - SyncLevel set to 0 on reset
21:00:51.94   GameInfo::ResetInfo - SyncLevel set to 0 on reset
21:00:51.94   GameInfo::ResetInfo - SyncLevel set to 0 on reset
21:00:51.94   GameInfo::ResetInfo - SyncLevel set to 0 on reset
21:00:51.94   GameInfo::ResetInfo - SyncLevel set to 0 on reset
21:00:51.94   GameInfo::ResetInfo - SyncLevel set to 0 on reset
21:00:51.94   GameInfo::ResetInfo - SyncLevel set to 0 on reset
21:00:51.94   GameInfo::ResetInfo - SyncLevel set to 0 on reset
21:00:51.94   GameInfo::ResetInfo - SyncLevel set to 0 on reset
21:00:51.94   GameInfo::ResetInfo - SyncLevel set to 0 on reset
21:00:51.94   GameInfo::ResetInfo - SyncLevel set to 0 on reset
21:00:51.94   GameInfo::ResetInfo - SyncLevel set to 0 on reset
21:00:51.94   GameInfo::ResetInfo - SyncLevel set to 0 on reset
21:00:51.94   GameInfo::ResetInfo - SyncLevel set to 0 on reset
21:00:51.94   GameInfo::ResetInfo - SyncLevel set to 0 on reset
21:00:51.94   GameInfo::ResetInfo - SyncLevel set to 0 on reset
21:00:51.95   GameInfo::ResetInfo - SyncLevel set to 0 on reset
21:00:51.95   GameInfo::ResetInfo - SyncLevel set to 0 on reset
21:00:51.95   GameInfo::ResetInfo - SyncLevel set to 0 on reset
21:00:51.95   GameInfo::ResetInfo - SyncLevel set to 0 on reset
21:00:51.95   GameInfo::ResetInfo - SyncLevel set to 0 on reset
21:00:51.95   GameInfo::ResetInfo - SyncLevel set to 0 on reset
21:00:51.95   GameInfo::ResetInfo - SyncLevel set to 0 on reset
21:00:51.95   GameInfo::ResetInfo - SyncLevel set to 0 on reset
21:00:51.95   GameInfo::ResetInfo - SyncLevel set to 0 on reset
21:00:51.95   GameInfo::ResetInfo - SyncLevel set to 0 on reset
21:00:51.95   GameInfo::ResetInfo - SyncLevel set to 0 on reset
21:00:51.95   GameInfo::ResetInfo - SyncLevel set to 0 on reset
21:00:51.95   GameInfo::ResetInfo - SyncLevel set to 0 on reset
21:00:51.95   GameInfo::ResetInfo - SyncLevel set to 0 on reset
21:00:51.95   GameInfo::ResetInfo - SyncLevel set to 0 on reset
21:00:51.95   GameInfo::ResetInfo - SyncLevel set to 0 on reset
21:00:51.95   GameInfo::ResetInfo - SyncLevel set to 0 on reset
21:00:51.95   GameInfo::ResetInfo - SyncLevel set to 0 on reset
21:00:51.95   GameInfo::ResetInfo - SyncLevel set to 0 on reset
21:00:51.95   GameInfo::ResetInfo - SyncLevel set to 0 on reset
21:00:51.95   GameInfo::ResetInfo - SyncLevel set to 0 on reset
21:00:51.95   GameInfo::ResetInfo - SyncLevel set to 0 on reset
21:00:51.95   GameInfo::ResetInfo - SyncLevel set to 0 on reset
21:00:51.95   GameInfo::ResetInfo - SyncLevel set to 0 on reset
21:00:51.96   GameInfo::ResetInfo - SyncLevel set to 0 on reset
21:00:51.96   GameInfo::ResetInfo - SyncLevel set to 0 on reset
21:00:51.96   GameInfo::ResetInfo - SyncLevel set to 0 on reset
21:00:51.96   GameInfo::ResetInfo - SyncLevel set to 0 on reset
21:00:51.96   GameInfo::ResetInfo - SyncLevel set to 0 on reset
21:00:51.96   GameInfo::ResetInfo - SyncLevel set to 0 on reset
21:00:51.96   GameInfo::ResetInfo - SyncLevel set to 0 on reset
21:00:51.96   GameInfo::ResetInfo - SyncLevel set to 0 on reset
21:00:51.96   GameInfo::ResetInfo - SyncLevel set to 0 on reset
21:00:51.96   GameInfo::ResetInfo - SyncLevel set to 0 on reset
21:00:51.96   GameInfo::ResetInfo - SyncLevel set to 0 on reset
21:00:51.96   GameInfo::ResetInfo - SyncLevel set to 0 on reset
21:00:51.96   GameInfo::ResetInfo - SyncLevel set to 0 on reset
21:00:51.96   GameInfo::ResetInfo - SyncLevel set to 0 on reset
21:00:51.96   GameInfo::ResetInfo - SyncLevel set to 0 on reset
21:00:51.96   GameInfo::ResetInfo - SyncLevel set to 0 on reset
21:00:51.96   GameInfo::ResetInfo - SyncLevel set to 0 on reset
21:00:51.96   GameInfo::ResetInfo - SyncLevel set to 0 on reset
21:00:51.97   GameInfo::ResetInfo - SyncLevel set to 0 on reset
21:00:51.97   GameInfo::ResetInfo - SyncLevel set to 0 on reset
21:00:51.97   GameInfo::ResetInfo - SyncLevel set to 0 on reset
21:00:51.97   GameInfo::ResetInfo - SyncLevel set to 0 on reset
21:00:51.97   GameInfo::ResetInfo - SyncLevel set to 0 on reset
21:00:51.97   GameInfo::ResetInfo - SyncLevel set to 0 on reset
21:00:51.97   GameInfo::ResetInfo - SyncLevel set to 0 on reset
21:00:51.97   GameInfo::ResetInfo - SyncLevel set to 0 on reset
21:00:51.97   GameInfo::ResetInfo - SyncLevel set to 0 on reset
21:00:51.97   GameInfo::ResetInfo - SyncLevel set to 0 on reset
21:00:51.97   GameInfo::ResetInfo - SyncLevel set to 0 on reset
21:00:51.97   GameInfo::ResetInfo - SyncLevel set to 0 on reset
21:00:51.97   GameInfo::ResetInfo - SyncLevel set to 0 on reset
21:00:51.97   GameInfo::ResetInfo - SyncLevel set to 0 on reset
21:00:51.97   GameInfo::ResetInfo - SyncLevel set to 0 on reset
21:00:51.97   GameInfo::ResetInfo - SyncLevel set to 0 on reset
21:00:51.97   GameInfo::ResetInfo - SyncLevel set to 0 on reset
21:00:51.97   GameInfo::ResetInfo - SyncLevel set to 0 on reset
21:00:51.97   GameInfo::ResetInfo - SyncLevel set to 0 on reset
21:00:51.97   GameInfo::ResetInfo - SyncLevel set to 0 on reset
21:00:51.97   GameInfo::ResetInfo - SyncLevel set to 0 on reset
21:00:51.97   GameInfo::ResetInfo - SyncLevel set to 0 on reset
21:00:51.97   GameInfo::ResetInfo - SyncLevel set to 0 on reset
21:00:51.97   GameInfo::ResetInfo - SyncLevel set to 0 on reset
21:00:51.97   GameInfo::ResetInfo - SyncLevel set to 0 on reset
21:00:51.97   GameInfo::ResetInfo - SyncLevel set to 0 on reset
21:00:51.97   GameInfo::ResetInfo - SyncLevel set to 0 on reset
21:00:51.97   GameInfo::ResetInfo - SyncLevel set to 0 on reset
21:00:51.97   GameInfo::ResetInfo - SyncLevel set to 0 on reset
21:00:51.97   GameInfo::ResetInfo - SyncLevel set to 0 on reset
21:00:51.98   GameInfo::ResetInfo - SyncLevel set to 0 on reset
21:00:51.98   GameInfo::ResetInfo - SyncLevel set to 0 on reset
21:00:51.98   GameInfo::ResetInfo - SyncLevel set to 0 on reset
21:00:51.98   GameInfo::ResetInfo - SyncLevel set to 0 on reset
21:00:51.98   GameInfo::ResetInfo - SyncLevel set to 0 on reset
21:00:51.98   GameInfo::ResetInfo - SyncLevel set to 0 on reset
21:00:51.98   GameInfo::ResetInfo - SyncLevel set to 0 on reset
21:00:51.98   GameInfo::ResetInfo - SyncLevel set to 0 on reset
21:00:51.98   GameInfo::ResetInfo - SyncLevel set to 0 on reset
21:00:51.98   GameInfo::ResetInfo - SyncLevel set to 0 on reset
21:00:51.98   GameInfo::ResetInfo - SyncLevel set to 0 on reset
21:00:51.98   GameInfo::ResetInfo - SyncLevel set to 0 on reset
21:00:53.45   Activating screen: OnlineSelectGame
21:00:53.45   Activating screen: RelicOnlineTabs
21:00:53.51   GameInfo::ResetInfo - SyncLevel set to 0 on reset
21:00:53.51   GameInfo::ResetInfo - SyncLevel set to 0 on reset
21:00:53.51   GameInfo::ResetInfo - SyncLevel set to 0 on reset
21:00:53.51   GameInfo::ResetInfo - SyncLevel set to 0 on reset
21:00:53.51   GameInfo::ResetInfo - SyncLevel set to 0 on reset
21:00:53.51   GameInfo::ResetInfo - SyncLevel set to 0 on reset
21:00:53.51   GameInfo::ResetInfo - SyncLevel set to 0 on reset
21:00:53.51   GameInfo::ResetInfo - SyncLevel set to 0 on reset
21:00:53.51   GameInfo::ResetInfo - SyncLevel set to 0 on reset
21:00:53.51   GameInfo::ResetInfo - SyncLevel set to 0 on reset
21:00:53.51   GameInfo::ResetInfo - SyncLevel set to 0 on reset
21:00:53.51   GameInfo::ResetInfo - SyncLevel set to 0 on reset
21:00:53.51   GameInfo::ResetInfo - SyncLevel set to 0 on reset
21:00:53.51   GameInfo::ResetInfo - SyncLevel set to 0 on reset
21:00:53.51   GameInfo::ResetInfo - SyncLevel set to 0 on reset
21:00:53.51   GameInfo::ResetInfo - SyncLevel set to 0 on reset
21:00:53.51   GameInfo::ResetInfo - SyncLevel set to 0 on reset
21:00:53.51   GameInfo::ResetInfo - SyncLevel set to 0 on reset
21:00:53.51   GameInfo::ResetInfo - SyncLevel set to 0 on reset
21:00:53.51   GameInfo::ResetInfo - SyncLevel set to 0 on reset
21:00:53.51   GameInfo::ResetInfo - SyncLevel set to 0 on reset
21:00:53.52   GameInfo::ResetInfo - SyncLevel set to 0 on reset
21:00:53.52   GameInfo::ResetInfo - SyncLevel set to 0 on reset
21:00:53.52   GameInfo::ResetInfo - SyncLevel set to 0 on reset
21:00:53.52   GameInfo::ResetInfo - SyncLevel set to 0 on reset
21:00:53.52   GameInfo::ResetInfo - SyncLevel set to 0 on reset
21:00:53.52   GameInfo::ResetInfo - SyncLevel set to 0 on reset
21:00:53.52   GameInfo::ResetInfo - SyncLevel set to 0 on reset
21:00:53.52   GameInfo::ResetInfo - SyncLevel set to 0 on reset
21:00:53.52   GameInfo::ResetInfo - SyncLevel set to 0 on reset
21:00:53.52   GameInfo::ResetInfo - SyncLevel set to 0 on reset
21:00:53.52   GameInfo::ResetInfo - SyncLevel set to 0 on reset
21:00:53.52   GameInfo::ResetInfo - SyncLevel set to 0 on reset
21:00:53.52   GameInfo::ResetInfo - SyncLevel set to 0 on reset
21:00:53.52   GameInfo::ResetInfo - SyncLevel set to 0 on reset
21:00:53.52   GameInfo::ResetInfo - SyncLevel set to 0 on reset
21:00:53.52   GameInfo::ResetInfo - SyncLevel set to 0 on reset
21:00:53.52   GameInfo::ResetInfo - SyncLevel set to 0 on reset
21:00:53.52   GameInfo::ResetInfo - SyncLevel set to 0 on reset
21:00:53.52   GameInfo::ResetInfo - SyncLevel set to 0 on reset
21:00:53.52   GameInfo::ResetInfo - SyncLevel set to 0 on reset
21:00:53.52   GameInfo::ResetInfo - SyncLevel set to 0 on reset
21:00:53.52   GameInfo::ResetInfo - SyncLevel set to 0 on reset
21:00:53.52   GameInfo::ResetInfo - SyncLevel set to 0 on reset
21:00:53.52   GameInfo::ResetInfo - SyncLevel set to 0 on reset
21:00:53.52   GameInfo::ResetInfo - SyncLevel set to 0 on reset
21:00:53.52   GameInfo::ResetInfo - SyncLevel set to 0 on reset
21:00:53.52   GameInfo::ResetInfo - SyncLevel set to 0 on reset
21:00:53.53   GameInfo::ResetInfo - SyncLevel set to 0 on reset
21:00:53.53   GameInfo::ResetInfo - SyncLevel set to 0 on reset
21:00:53.53   GameInfo::ResetInfo - SyncLevel set to 0 on reset
21:00:53.53   GameInfo::ResetInfo - SyncLevel set to 0 on reset
21:00:53.53   GameInfo::ResetInfo - SyncLevel set to 0 on reset
21:00:53.53   GameInfo::ResetInfo - SyncLevel set to 0 on reset
21:00:53.53   GameInfo::ResetInfo - SyncLevel set to 0 on reset
21:00:53.53   GameInfo::ResetInfo - SyncLevel set to 0 on reset
21:00:53.53   GameInfo::ResetInfo - SyncLevel set to 0 on reset
21:00:53.53   GameInfo::ResetInfo - SyncLevel set to 0 on reset
21:00:53.53   GameInfo::ResetInfo - SyncLevel set to 0 on reset
21:00:53.53   GameInfo::ResetInfo - SyncLevel set to 0 on reset
21:00:53.53   GameInfo::ResetInfo - SyncLevel set to 0 on reset
21:00:53.53   GameInfo::ResetInfo - SyncLevel set to 0 on reset
21:00:53.53   GameInfo::ResetInfo - SyncLevel set to 0 on reset
21:00:53.53   GameInfo::ResetInfo - SyncLevel set to 0 on reset
21:00:53.53   GameInfo::ResetInfo - SyncLevel set to 0 on reset
21:00:53.53   GameInfo::ResetInfo - SyncLevel set to 0 on reset
21:00:53.53   GameInfo::ResetInfo - SyncLevel set to 0 on reset
21:00:53.53   GameInfo::ResetInfo - SyncLevel set to 0 on reset
21:00:53.53   GameInfo::ResetInfo - SyncLevel set to 0 on reset
21:00:53.54   GameInfo::ResetInfo - SyncLevel set to 0 on reset
21:00:53.54   GameInfo::ResetInfo - SyncLevel set to 0 on reset
21:00:53.54   GameInfo::ResetInfo - SyncLevel set to 0 on reset
21:00:53.54   GameInfo::ResetInfo - SyncLevel set to 0 on reset
21:00:53.54   GameInfo::ResetInfo - SyncLevel set to 0 on reset
21:00:53.54   GameInfo::ResetInfo - SyncLevel set to 0 on reset
21:00:53.54   GameInfo::ResetInfo - SyncLevel set to 0 on reset
21:00:53.54   GameInfo::ResetInfo - SyncLevel set to 0 on reset
21:00:53.54   GameInfo::ResetInfo - SyncLevel set to 0 on reset
21:00:53.54   GameInfo::ResetInfo - SyncLevel set to 0 on reset
21:00:53.54   GameInfo::ResetInfo - SyncLevel set to 0 on reset
21:00:53.54   GameInfo::ResetInfo - SyncLevel set to 0 on reset
21:00:53.54   GameInfo::ResetInfo - SyncLevel set to 0 on reset
21:00:53.54   GameInfo::ResetInfo - SyncLevel set to 0 on reset
21:00:53.54   GameInfo::ResetInfo - SyncLevel set to 0 on reset
21:00:53.54   GameInfo::ResetInfo - SyncLevel set to 0 on reset
21:00:53.54   GameInfo::ResetInfo - SyncLevel set to 0 on reset
21:00:53.54   GameInfo::ResetInfo - SyncLevel set to 0 on reset
21:00:53.54   GameInfo::ResetInfo - SyncLevel set to 0 on reset
21:00:53.54   GameInfo::ResetInfo - SyncLevel set to 0 on reset
21:00:53.54   GameInfo::ResetInfo - SyncLevel set to 0 on reset
21:00:53.54   GameInfo::ResetInfo - SyncLevel set to 0 on reset
21:00:53.54   GameInfo::ResetInfo - SyncLevel set to 0 on reset
21:00:53.54   GameInfo::ResetInfo - SyncLevel set to 0 on reset
21:00:53.55   GameInfo::ResetInfo - SyncLevel set to 0 on reset
21:00:53.55   GameInfo::ResetInfo - SyncLevel set to 0 on reset
21:00:53.55   GameInfo::ResetInfo - SyncLevel set to 0 on reset
21:00:53.55   GameInfo::ResetInfo - SyncLevel set to 0 on reset
21:00:53.55   GameInfo::ResetInfo - SyncLevel set to 0 on reset
21:00:53.55   GameInfo::ResetInfo - SyncLevel set to 0 on reset
21:00:53.55   GameInfo::ResetInfo - SyncLevel set to 0 on reset
21:00:53.55   GameInfo::ResetInfo - SyncLevel set to 0 on reset
21:00:53.55   GameInfo::ResetInfo - SyncLevel set to 0 on reset
21:00:53.55   GameInfo::ResetInfo - SyncLevel set to 0 on reset
21:00:53.55   GameInfo::ResetInfo - SyncLevel set to 0 on reset
21:00:53.55   GameInfo::ResetInfo - SyncLevel set to 0 on reset
21:00:53.55   GameInfo::ResetInfo - SyncLevel set to 0 on reset
21:00:53.55   GameInfo::ResetInfo - SyncLevel set to 0 on reset
21:00:53.55   GameInfo::ResetInfo - SyncLevel set to 0 on reset
21:00:53.55   GameInfo::ResetInfo - SyncLevel set to 0 on reset
21:00:53.55   GameInfo::ResetInfo - SyncLevel set to 0 on reset
21:00:53.55   GameInfo::ResetInfo - SyncLevel set to 0 on reset
21:00:53.55   GameInfo::ResetInfo - SyncLevel set to 0 on reset
21:00:53.55   GameInfo::ResetInfo - SyncLevel set to 0 on reset
21:00:53.55   GameInfo::ResetInfo - SyncLevel set to 0 on reset
21:00:53.55   GameInfo::ResetInfo - SyncLevel set to 0 on reset
21:00:53.55   GameInfo::ResetInfo - SyncLevel set to 0 on reset
21:00:53.55   GameInfo::ResetInfo - SyncLevel set to 0 on reset
21:00:53.55   GameInfo::ResetInfo - SyncLevel set to 0 on reset
21:00:53.55   GameInfo::ResetInfo - SyncLevel set to 0 on reset
21:00:53.55   GameInfo::ResetInfo - SyncLevel set to 0 on reset
21:00:53.55   GameInfo::ResetInfo - SyncLevel set to 0 on reset
21:00:53.55   GameInfo::ResetInfo - SyncLevel set to 0 on reset
21:00:53.55   GameInfo::ResetInfo - SyncLevel set to 0 on reset
21:00:53.55   GameInfo::ResetInfo - SyncLevel set to 0 on reset
21:00:53.55   GameInfo::ResetInfo - SyncLevel set to 0 on reset
21:00:53.55   GameInfo::ResetInfo - SyncLevel set to 0 on reset
21:00:53.56   GameInfo::ResetInfo - SyncLevel set to 0 on reset
21:00:53.56   GameInfo::ResetInfo - SyncLevel set to 0 on reset
21:00:53.56   GameInfo::ResetInfo - SyncLevel set to 0 on reset
21:00:53.56   GameInfo::ResetInfo - SyncLevel set to 0 on reset
21:00:53.56   GameInfo::ResetInfo - SyncLevel set to 0 on reset
21:00:53.56   GameInfo::ResetInfo - SyncLevel set to 0 on reset
21:00:53.56   GameInfo::ResetInfo - SyncLevel set to 0 on reset
21:00:53.56   GameInfo::ResetInfo - SyncLevel set to 0 on reset
21:00:53.56   GameInfo::ResetInfo - SyncLevel set to 0 on reset
21:00:53.56   GameInfo::ResetInfo - SyncLevel set to 0 on reset
21:00:53.56   GameInfo::ResetInfo - SyncLevel set to 0 on reset
21:00:53.56   GameInfo::ResetInfo - SyncLevel set to 0 on reset
21:00:53.56   GameInfo::ResetInfo - SyncLevel set to 0 on reset
21:00:53.56   GameInfo::ResetInfo - SyncLevel set to 0 on reset
21:00:53.56   GameInfo::ResetInfo - SyncLevel set to 0 on reset
21:00:53.56   GameInfo::ResetInfo - SyncLevel set to 0 on reset
21:00:53.56   GameInfo::ResetInfo - SyncLevel set to 0 on reset
21:00:53.56   GameInfo::ResetInfo - SyncLevel set to 0 on reset
21:00:53.56   GameInfo::ResetInfo - SyncLevel set to 0 on reset
21:00:53.56   GameInfo::ResetInfo - SyncLevel set to 0 on reset
21:00:53.56   GameInfo::ResetInfo - SyncLevel set to 0 on reset
21:00:53.56   GameInfo::ResetInfo - SyncLevel set to 0 on reset
21:00:53.56   GameInfo::ResetInfo - SyncLevel set to 0 on reset
21:00:53.56   GameInfo::ResetInfo - SyncLevel set to 0 on reset
21:00:53.56   GameInfo::ResetInfo - SyncLevel set to 0 on reset
21:00:53.56   GameInfo::ResetInfo - SyncLevel set to 0 on reset
21:00:53.56   GameInfo::ResetInfo - SyncLevel set to 0 on reset
21:00:53.56   GameInfo::ResetInfo - SyncLevel set to 0 on reset
21:00:53.56   GameInfo::ResetInfo - SyncLevel set to 0 on reset
21:00:53.56   GameInfo::ResetInfo - SyncLevel set to 0 on reset
21:00:53.56   GameInfo::ResetInfo - SyncLevel set to 0 on reset
21:00:53.56   GameInfo::ResetInfo - SyncLevel set to 0 on reset
21:00:53.56   GameInfo::ResetInfo - SyncLevel set to 0 on reset
21:00:53.56   GameInfo::ResetInfo - SyncLevel set to 0 on reset
21:00:53.56   GameInfo::ResetInfo - SyncLevel set to 0 on reset
21:00:53.56   GameInfo::ResetInfo - SyncLevel set to 0 on reset
21:00:53.56   GameInfo::ResetInfo - SyncLevel set to 0 on reset
21:00:53.56   GameInfo::ResetInfo - SyncLevel set to 0 on reset
21:00:53.56   GameInfo::ResetInfo - SyncLevel set to 0 on reset
21:00:53.57   GameInfo::ResetInfo - SyncLevel set to 0 on reset
21:00:53.57   GameInfo::ResetInfo - SyncLevel set to 0 on reset
21:00:53.57   GameInfo::ResetInfo - SyncLevel set to 0 on reset
21:00:53.57   GameInfo::ResetInfo - SyncLevel set to 0 on reset
21:00:53.57   GameInfo::ResetInfo - SyncLevel set to 0 on reset
21:00:53.57   GameInfo::ResetInfo - SyncLevel set to 0 on reset
21:00:53.57   GameInfo::ResetInfo - SyncLevel set to 0 on reset
21:00:53.57   GameInfo::ResetInfo - SyncLevel set to 0 on reset
21:00:53.57   GameInfo::ResetInfo - SyncLevel set to 0 on reset
21:00:53.57   GameInfo::ResetInfo - SyncLevel set to 0 on reset
21:00:53.57   GameInfo::ResetInfo - SyncLevel set to 0 on reset
21:00:53.57   GameInfo::ResetInfo - SyncLevel set to 0 on reset
21:00:53.57   GameInfo::ResetInfo - SyncLevel set to 0 on reset
21:00:53.57   GameInfo::ResetInfo - SyncLevel set to 0 on reset
21:00:53.57   GameInfo::ResetInfo - SyncLevel set to 0 on reset
21:00:53.57   GameInfo::ResetInfo - SyncLevel set to 0 on reset
21:00:53.57   GameInfo::ResetInfo - SyncLevel set to 0 on reset
21:00:53.57   GameInfo::ResetInfo - SyncLevel set to 0 on reset
21:00:53.57   GameInfo::ResetInfo - SyncLevel set to 0 on reset
21:00:53.57   GameInfo::ResetInfo - SyncLevel set to 0 on reset
21:00:53.57   GameInfo::ResetInfo - SyncLevel set to 0 on reset
21:00:53.58   GameInfo::ResetInfo - SyncLevel set to 0 on reset
21:00:53.58   GameInfo::ResetInfo - SyncLevel set to 0 on reset
21:00:53.58   GameInfo::ResetInfo - SyncLevel set to 0 on reset
21:00:53.58   GameInfo::ResetInfo - SyncLevel set to 0 on reset
21:00:53.58   GameInfo::ResetInfo - SyncLevel set to 0 on reset
21:00:53.58   GameInfo::ResetInfo - SyncLevel set to 0 on reset
21:00:53.58   GameInfo::ResetInfo - SyncLevel set to 0 on reset
21:00:53.58   GameInfo::ResetInfo - SyncLevel set to 0 on reset
21:00:53.58   GameInfo::ResetInfo - SyncLevel set to 0 on reset
21:00:53.58   GameInfo::ResetInfo - SyncLevel set to 0 on reset
21:00:53.58   GameInfo::ResetInfo - SyncLevel set to 0 on reset
21:00:53.58   GameInfo::ResetInfo - SyncLevel set to 0 on reset
21:00:53.58   GameInfo::ResetInfo - SyncLevel set to 0 on reset
21:00:53.58   GameInfo::ResetInfo - SyncLevel set to 0 on reset
21:00:53.58   GameInfo::ResetInfo - SyncLevel set to 0 on reset
21:00:53.58   GameInfo::ResetInfo - SyncLevel set to 0 on reset
21:00:53.58   GameInfo::ResetInfo - SyncLevel set to 0 on reset
21:00:53.58   GameInfo::ResetInfo - SyncLevel set to 0 on reset
21:00:53.58   GameInfo::ResetInfo - SyncLevel set to 0 on reset
21:00:53.58   GameInfo::ResetInfo - SyncLevel set to 0 on reset
21:00:53.58   GameInfo::ResetInfo - SyncLevel set to 0 on reset
21:00:53.58   GameInfo::ResetInfo - SyncLevel set to 0 on reset
21:00:53.58   GameInfo::ResetInfo - SyncLevel set to 0 on reset
21:00:53.58   GameInfo::ResetInfo - SyncLevel set to 0 on reset
21:00:53.58   GameInfo::ResetInfo - SyncLevel set to 0 on reset
21:00:53.58   GameInfo::ResetInfo - SyncLevel set to 0 on reset
21:00:53.58   GameInfo::ResetInfo - SyncLevel set to 0 on reset
21:00:53.58   GameInfo::ResetInfo - SyncLevel set to 0 on reset
21:00:53.58   GameInfo::ResetInfo - SyncLevel set to 0 on reset
21:00:53.58   GameInfo::ResetInfo - SyncLevel set to 0 on reset
21:00:53.58   GameInfo::ResetInfo - SyncLevel set to 0 on reset
21:00:53.58   GameInfo::ResetInfo - SyncLevel set to 0 on reset
21:00:53.58   GameInfo::ResetInfo - SyncLevel set to 0 on reset
21:00:53.59   GameInfo::ResetInfo - SyncLevel set to 0 on reset
21:00:53.59   GameInfo::ResetInfo - SyncLevel set to 0 on reset
21:00:53.59   GameInfo::ResetInfo - SyncLevel set to 0 on reset
21:00:53.59   GameInfo::ResetInfo - SyncLevel set to 0 on reset
21:00:53.59   GameInfo::ResetInfo - SyncLevel set to 0 on reset
21:00:53.59   GameInfo::ResetInfo - SyncLevel set to 0 on reset
21:00:53.59   GameInfo::ResetInfo - SyncLevel set to 0 on reset
21:00:53.59   GameInfo::ResetInfo - SyncLevel set to 0 on reset
21:00:53.59   GameInfo::ResetInfo - SyncLevel set to 0 on reset
21:00:53.59   GameInfo::ResetInfo - SyncLevel set to 0 on reset
21:00:53.59   GameInfo::ResetInfo - SyncLevel set to 0 on reset
21:00:53.59   GameInfo::ResetInfo - SyncLevel set to 0 on reset
21:00:53.59   GameInfo::ResetInfo - SyncLevel set to 0 on reset
21:00:53.59   GameInfo::ResetInfo - SyncLevel set to 0 on reset
21:00:53.59   GameInfo::ResetInfo - SyncLevel set to 0 on reset
21:00:53.59   GameInfo::ResetInfo - SyncLevel set to 0 on reset
21:00:53.59   GameInfo::ResetInfo - SyncLevel set to 0 on reset
21:00:53.59   GameInfo::ResetInfo - SyncLevel set to 0 on reset
21:00:53.59   GameInfo::ResetInfo - SyncLevel set to 0 on reset
21:00:53.59   GameInfo::ResetInfo - SyncLevel set to 0 on reset
21:00:53.59   GameInfo::ResetInfo - SyncLevel set to 0 on reset
21:00:53.59   GameInfo::ResetInfo - SyncLevel set to 0 on reset
21:00:53.59   GameInfo::ResetInfo - SyncLevel set to 0 on reset
21:00:53.59   GameInfo::ResetInfo - SyncLevel set to 0 on reset
21:00:53.59   GameInfo::ResetInfo - SyncLevel set to 0 on reset
21:00:53.59   GameInfo::ResetInfo - SyncLevel set to 0 on reset
21:00:53.59   GameInfo::ResetInfo - SyncLevel set to 0 on reset
21:00:53.59   GameInfo::ResetInfo - SyncLevel set to 0 on reset
21:00:53.59   GameInfo::ResetInfo - SyncLevel set to 0 on reset
21:00:53.60   GameInfo::ResetInfo - SyncLevel set to 0 on reset
21:00:53.60   GameInfo::ResetInfo - SyncLevel set to 0 on reset
21:00:53.60   GameInfo::ResetInfo - SyncLevel set to 0 on reset
21:00:53.60   GameInfo::ResetInfo - SyncLevel set to 0 on reset
21:00:53.60   GameInfo::ResetInfo - SyncLevel set to 0 on reset
21:00:53.60   GameInfo::ResetInfo - SyncLevel set to 0 on reset
21:00:53.60   GameInfo::ResetInfo - SyncLevel set to 0 on reset
21:00:53.60   GameInfo::ResetInfo - SyncLevel set to 0 on reset
21:00:53.60   GameInfo::ResetInfo - SyncLevel set to 0 on reset
21:00:53.60   GameInfo::ResetInfo - SyncLevel set to 0 on reset
21:00:53.60   GameInfo::ResetInfo - SyncLevel set to 0 on reset
21:00:53.60   GameInfo::ResetInfo - SyncLevel set to 0 on reset
21:00:53.60   GameInfo::ResetInfo - SyncLevel set to 0 on reset
21:00:53.60   GameInfo::ResetInfo - SyncLevel set to 0 on reset
21:00:53.60   GameInfo::ResetInfo - SyncLevel set to 0 on reset
21:00:53.60   GameInfo::ResetInfo - SyncLevel set to 0 on reset
21:00:53.61   GameInfo::ResetInfo - SyncLevel set to 0 on reset
21:00:53.61   GameInfo::ResetInfo - SyncLevel set to 0 on reset
21:00:53.61   GameInfo::ResetInfo - SyncLevel set to 0 on reset
21:00:53.61   GameInfo::ResetInfo - SyncLevel set to 0 on reset
21:00:53.61   GameInfo::ResetInfo - SyncLevel set to 0 on reset
21:00:53.61   GameInfo::ResetInfo - SyncLevel set to 0 on reset
21:00:53.61   GameInfo::ResetInfo - SyncLevel set to 0 on reset
21:00:53.61   GameInfo::ResetInfo - SyncLevel set to 0 on reset
21:00:53.61   GameInfo::ResetInfo - SyncLevel set to 0 on reset
21:00:53.61   GameInfo::ResetInfo - SyncLevel set to 0 on reset
21:00:53.61   GameInfo::ResetInfo - SyncLevel set to 0 on reset
21:00:53.61   GameInfo::ResetInfo - SyncLevel set to 0 on reset
21:00:53.61   GameInfo::ResetInfo - SyncLevel set to 0 on reset
21:00:53.61   GameInfo::ResetInfo - SyncLevel set to 0 on reset
21:00:53.61   GameInfo::ResetInfo - SyncLevel set to 0 on reset
21:00:53.61   GameInfo::ResetInfo - SyncLevel set to 0 on reset
21:00:53.61   GameInfo::ResetInfo - SyncLevel set to 0 on reset
21:00:53.61   GameInfo::ResetInfo - SyncLevel set to 0 on reset
21:00:53.61   GameInfo::ResetInfo - SyncLevel set to 0 on reset
21:00:53.61   GameInfo::ResetInfo - SyncLevel set to 0 on reset
21:00:53.61   GameInfo::ResetInfo - SyncLevel set to 0 on reset
21:00:53.61   GameInfo::ResetInfo - SyncLevel set to 0 on reset
21:00:53.61   GameInfo::ResetInfo - SyncLevel set to 0 on reset
21:00:53.61   GameInfo::ResetInfo - SyncLevel set to 0 on reset
21:00:53.62   GameInfo::ResetInfo - SyncLevel set to 0 on reset
21:00:53.62   GameInfo::ResetInfo - SyncLevel set to 0 on reset
21:00:53.62   GameInfo::ResetInfo - SyncLevel set to 0 on reset
21:00:53.62   GameInfo::ResetInfo - SyncLevel set to 0 on reset
21:00:53.62   GameInfo::ResetInfo - SyncLevel set to 0 on reset
21:00:53.62   GameInfo::ResetInfo - SyncLevel set to 0 on reset
21:00:53.62   GameInfo::ResetInfo - SyncLevel set to 0 on reset
21:00:53.62   GameInfo::ResetInfo - SyncLevel set to 0 on reset
21:00:53.62   GameInfo::ResetInfo - SyncLevel set to 0 on reset
21:00:53.62   GameInfo::ResetInfo - SyncLevel set to 0 on reset
21:00:53.62   GameInfo::ResetInfo - SyncLevel set to 0 on reset
21:00:53.62   GameInfo::ResetInfo - SyncLevel set to 0 on reset
21:00:53.62   GameInfo::ResetInfo - SyncLevel set to 0 on reset
21:00:53.62   GameInfo::ResetInfo - SyncLevel set to 0 on reset
21:00:53.62   GameInfo::ResetInfo - SyncLevel set to 0 on reset
21:00:53.62   GameInfo::ResetInfo - SyncLevel set to 0 on reset
21:00:53.62   GameInfo::ResetInfo - SyncLevel set to 0 on reset
21:00:53.62   GameInfo::ResetInfo - SyncLevel set to 0 on reset
21:00:53.62   GameInfo::ResetInfo - SyncLevel set to 0 on reset
21:00:53.62   GameInfo::ResetInfo - SyncLevel set to 0 on reset
21:00:53.62   GameInfo::ResetInfo - SyncLevel set to 0 on reset
21:00:53.62   GameInfo::ResetInfo - SyncLevel set to 0 on reset
21:00:53.62   GameInfo::ResetInfo - SyncLevel set to 0 on reset
21:00:53.62   GameInfo::ResetInfo - SyncLevel set to 0 on reset
21:00:53.62   GameInfo::ResetInfo - SyncLevel set to 0 on reset
21:00:53.62   GameInfo::ResetInfo - SyncLevel set to 0 on reset
21:00:53.62   GameInfo::ResetInfo - SyncLevel set to 0 on reset
21:00:53.62   GameInfo::ResetInfo - SyncLevel set to 0 on reset
21:00:53.62   GameInfo::ResetInfo - SyncLevel set to 0 on reset
21:00:53.62   GameInfo::ResetInfo - SyncLevel set to 0 on reset
21:00:53.62   GameInfo::ResetInfo - SyncLevel set to 0 on reset
21:00:53.62   GameInfo::ResetInfo - SyncLevel set to 0 on reset
21:00:53.62   GameInfo::ResetInfo - SyncLevel set to 0 on reset
21:00:53.63   GameInfo::ResetInfo - SyncLevel set to 0 on reset
21:00:53.63   GameInfo::ResetInfo - SyncLevel set to 0 on reset
21:00:53.63   GameInfo::ResetInfo - SyncLevel set to 0 on reset
21:00:53.63   GameInfo::ResetInfo - SyncLevel set to 0 on reset
21:00:53.63   GameInfo::ResetInfo - SyncLevel set to 0 on reset
21:00:53.63   GameInfo::ResetInfo - SyncLevel set to 0 on reset
21:00:53.63   GameInfo::ResetInfo - SyncLevel set to 0 on reset
21:00:53.63   GameInfo::ResetInfo - SyncLevel set to 0 on reset
21:00:53.63   GameInfo::ResetInfo - SyncLevel set to 0 on reset
21:00:53.63   GameInfo::ResetInfo - SyncLevel set to 0 on reset
21:00:53.63   GameInfo::ResetInfo - SyncLevel set to 0 on reset
21:00:53.63   GameInfo::ResetInfo - SyncLevel set to 0 on reset
21:00:53.63   GameInfo::ResetInfo - SyncLevel set to 0 on reset
21:00:53.63   GameInfo::ResetInfo - SyncLevel set to 0 on reset
21:00:53.63   GameInfo::ResetInfo - SyncLevel set to 0 on reset
21:00:53.63   GameInfo::ResetInfo - SyncLevel set to 0 on reset
21:00:53.63   GameInfo::ResetInfo - SyncLevel set to 0 on reset
21:00:53.63   GameInfo::ResetInfo - SyncLevel set to 0 on reset
21:00:53.63   GameInfo::ResetInfo - SyncLevel set to 0 on reset
21:00:53.63   GameInfo::ResetInfo - SyncLevel set to 0 on reset
21:00:53.63   GameInfo::ResetInfo - SyncLevel set to 0 on reset
21:00:53.64   GameInfo::ResetInfo - SyncLevel set to 0 on reset
21:00:53.64   GameInfo::ResetInfo - SyncLevel set to 0 on reset
21:00:53.64   GameInfo::ResetInfo - SyncLevel set to 0 on reset
21:00:53.64   GameInfo::ResetInfo - SyncLevel set to 0 on reset
21:00:53.64   GameInfo::ResetInfo - SyncLevel set to 0 on reset
21:00:53.64   GameInfo::ResetInfo - SyncLevel set to 0 on reset
21:00:53.64   GameInfo::ResetInfo - SyncLevel set to 0 on reset
21:00:53.64   GameInfo::ResetInfo - SyncLevel set to 0 on reset
21:00:53.64   GameInfo::ResetInfo - SyncLevel set to 0 on reset
21:00:53.64   GameInfo::ResetInfo - SyncLevel set to 0 on reset
21:00:53.64   GameInfo::ResetInfo - SyncLevel set to 0 on reset
21:00:53.64   GameInfo::ResetInfo - SyncLevel set to 0 on reset
21:00:53.64   GameInfo::ResetInfo - SyncLevel set to 0 on reset
21:00:53.64   GameInfo::ResetInfo - SyncLevel set to 0 on reset
21:00:53.64   GameInfo::ResetInfo - SyncLevel set to 0 on reset
21:00:53.64   GameInfo::ResetInfo - SyncLevel set to 0 on reset
21:00:53.64   GameInfo::ResetInfo - SyncLevel set to 0 on reset
21:00:53.64   GameInfo::ResetInfo - SyncLevel set to 0 on reset
21:00:53.64   GameInfo::ResetInfo - SyncLevel set to 0 on reset
21:00:53.64   GameInfo::ResetInfo - SyncLevel set to 0 on reset
21:00:53.64   GameInfo::ResetInfo - SyncLevel set to 0 on reset
21:00:53.64   GameInfo::ResetInfo - SyncLevel set to 0 on reset
21:00:53.64   GameInfo::ResetInfo - SyncLevel set to 0 on reset
21:00:53.64   GameInfo::ResetInfo - SyncLevel set to 0 on reset
21:00:53.64   GameInfo::ResetInfo - SyncLevel set to 0 on reset
21:00:53.64   GameInfo::ResetInfo - SyncLevel set to 0 on reset
21:00:53.64   GameInfo::ResetInfo - SyncLevel set to 0 on reset
21:00:53.64   GameInfo::ResetInfo - SyncLevel set to 0 on reset
21:00:53.64   GameInfo::ResetInfo - SyncLevel set to 0 on reset
21:00:53.64   GameInfo::ResetInfo - SyncLevel set to 0 on reset
21:00:53.64   GameInfo::ResetInfo - SyncLevel set to 0 on reset
21:00:53.64   GameInfo::ResetInfo - SyncLevel set to 0 on reset
21:00:53.65   GameInfo::ResetInfo - SyncLevel set to 0 on reset
21:00:53.65   GameInfo::ResetInfo - SyncLevel set to 0 on reset
21:00:53.65   GameInfo::ResetInfo - SyncLevel set to 0 on reset
21:00:53.65   GAME -- Error reading header for recorded game PLAYBACK:4p_rails_and_metal20110731195813__[GameReplays.org].rec
21:00:53.65   GameInfo::ResetInfo - SyncLevel set to 0 on reset
21:00:53.65   GameInfo::ResetInfo - SyncLevel set to 0 on reset
21:00:53.65   GAME -- Error reading header for recorded game PLAYBACK:4p_rails_and_metal20110801000124__[GameReplays.org].rec
21:00:53.65   GameInfo::ResetInfo - SyncLevel set to 0 on reset
21:00:53.65   GameInfo::ResetInfo - SyncLevel set to 0 on reset
21:00:53.65   GAME -- Error reading header for recorded game PLAYBACK:4p_rails_and_metal20120827200108__[GameReplays.org].rec
21:00:53.65   GameInfo::ResetInfo - SyncLevel set to 0 on reset
21:00:53.65   GameInfo::ResetInfo - SyncLevel set to 0 on reset
21:00:53.65   GameInfo::ResetInfo - SyncLevel set to 0 on reset
21:00:53.65   GameInfo::ResetInfo - SyncLevel set to 0 on reset
21:00:53.65   GameInfo::ResetInfo - SyncLevel set to 0 on reset
21:00:53.65   GameInfo::ResetInfo - SyncLevel set to 0 on reset
21:00:53.65   GameInfo::ResetInfo - SyncLevel set to 0 on reset
21:00:53.65   GameInfo::ResetInfo - SyncLevel set to 0 on reset
21:00:53.65   GameInfo::ResetInfo - SyncLevel set to 0 on reset
21:00:53.65   GameInfo::ResetInfo - SyncLevel set to 0 on reset
21:00:53.65   GameInfo::ResetInfo - SyncLevel set to 0 on reset
21:00:53.65   GameInfo::ResetInfo - SyncLevel set to 0 on reset
21:00:53.65   GameInfo::ResetInfo - SyncLevel set to 0 on reset
21:00:53.65   GameInfo::ResetInfo - SyncLevel set to 0 on reset
21:00:53.65   GameInfo::ResetInfo - SyncLevel set to 0 on reset
21:00:53.65   GameInfo::ResetInfo - SyncLevel set to 0 on reset
21:00:53.65   GameInfo::ResetInfo - SyncLevel set to 0 on reset
21:00:53.65   GameInfo::ResetInfo - SyncLevel set to 0 on reset
21:00:53.65   GameInfo::ResetInfo - SyncLevel set to 0 on reset
21:00:53.65   GameInfo::ResetInfo - SyncLevel set to 0 on reset
21:00:53.65   GameInfo::ResetInfo - SyncLevel set to 0 on reset
21:00:53.65   GameInfo::ResetInfo - SyncLevel set to 0 on reset
21:00:53.65   GameInfo::ResetInfo - SyncLevel set to 0 on reset
21:00:53.65   GameInfo::ResetInfo - SyncLevel set to 0 on reset
21:00:53.65   GameInfo::ResetInfo - SyncLevel set to 0 on reset
21:00:53.65   GameInfo::ResetInfo - SyncLevel set to 0 on reset
21:00:53.65   GameInfo::ResetInfo - SyncLevel set to 0 on reset
21:00:53.65   GameInfo::ResetInfo - SyncLevel set to 0 on reset
21:00:53.65   GameInfo::ResetInfo - SyncLevel set to 0 on reset
21:00:53.65   GameInfo::ResetInfo - SyncLevel set to 0 on reset
21:00:53.66   GameInfo::ResetInfo - SyncLevel set to 0 on reset
21:00:53.66   GameInfo::ResetInfo - SyncLevel set to 0 on reset
21:00:53.66   GameInfo::ResetInfo - SyncLevel set to 0 on reset
21:00:53.66   GameInfo::ResetInfo - SyncLevel set to 0 on reset
21:00:53.66   GameInfo::ResetInfo - SyncLevel set to 0 on reset
21:00:53.66   GameInfo::ResetInfo - SyncLevel set to 0 on reset
21:00:53.66   GameInfo::ResetInfo - SyncLevel set to 0 on reset
21:00:53.66   GameInfo::ResetInfo - SyncLevel set to 0 on reset
21:00:53.66   GameInfo::ResetInfo - SyncLevel set to 0 on reset
21:00:53.66   GameInfo::ResetInfo - SyncLevel set to 0 on reset
21:00:53.66   GameInfo::ResetInfo - SyncLevel set to 0 on reset
21:00:53.66   GameInfo::ResetInfo - SyncLevel set to 0 on reset
21:00:53.66   GameInfo::ResetInfo - SyncLevel set to 0 on reset
21:00:53.66   GameInfo::ResetInfo - SyncLevel set to 0 on reset
21:00:53.66   GameInfo::ResetInfo - SyncLevel set to 0 on reset
21:00:53.66   GameInfo::ResetInfo - SyncLevel set to 0 on reset
21:00:53.66   GameInfo::ResetInfo - SyncLevel set to 0 on reset
21:00:53.66   GameInfo::ResetInfo - SyncLevel set to 0 on reset
21:00:53.66   GameInfo::ResetInfo - SyncLevel set to 0 on reset
21:00:53.66   GameInfo::ResetInfo - SyncLevel set to 0 on reset
21:00:53.66   GameInfo::ResetInfo - SyncLevel set to 0 on reset
21:00:53.66   GameInfo::ResetInfo - SyncLevel set to 0 on reset
21:00:53.66   GameInfo::ResetInfo - SyncLevel set to 0 on reset
21:00:53.66   GameInfo::ResetInfo - SyncLevel set to 0 on reset
21:00:53.66   GameInfo::ResetInfo - SyncLevel set to 0 on reset
21:00:53.66   GameInfo::ResetInfo - SyncLevel set to 0 on reset
21:00:53.66   GameInfo::ResetInfo - SyncLevel set to 0 on reset
21:00:53.66   GameInfo::ResetInfo - SyncLevel set to 0 on reset
21:00:53.66   GameInfo::ResetInfo - SyncLevel set to 0 on reset
21:00:53.67   GameInfo::ResetInfo - SyncLevel set to 0 on reset
21:00:53.67   GameInfo::ResetInfo - SyncLevel set to 0 on reset
21:00:53.67   GameInfo::ResetInfo - SyncLevel set to 0 on reset
21:00:53.67   GameInfo::ResetInfo - SyncLevel set to 0 on reset
21:00:53.67   GameInfo::ResetInfo - SyncLevel set to 0 on reset
21:00:53.67   GameInfo::ResetInfo - SyncLevel set to 0 on reset
21:00:53.67   GameInfo::ResetInfo - SyncLevel set to 0 on reset
21:00:53.67   GameInfo::ResetInfo - SyncLevel set to 0 on reset
21:00:53.67   GameInfo::ResetInfo - SyncLevel set to 0 on reset
21:00:53.67   GameInfo::ResetInfo - SyncLevel set to 0 on reset
21:00:53.67   GameInfo::ResetInfo - SyncLevel set to 0 on reset
21:00:53.67   GameInfo::ResetInfo - SyncLevel set to 0 on reset
21:00:53.67   GameInfo::ResetInfo - SyncLevel set to 0 on reset
21:00:53.67   GameInfo::ResetInfo - SyncLevel set to 0 on reset
21:00:53.67   GameInfo::ResetInfo - SyncLevel set to 0 on reset
21:00:53.67   GameInfo::ResetInfo - SyncLevel set to 0 on reset
21:00:53.67   GameInfo::ResetInfo - SyncLevel set to 0 on reset
21:00:53.67   GameInfo::ResetInfo - SyncLevel set to 0 on reset
21:00:53.67   GameInfo::ResetInfo - SyncLevel set to 0 on reset
21:00:53.67   GameInfo::ResetInfo - SyncLevel set to 0 on reset
21:00:53.67   GameInfo::ResetInfo - SyncLevel set to 0 on reset
21:00:53.67   GameInfo::ResetInfo - SyncLevel set to 0 on reset
21:00:53.67   GameInfo::ResetInfo - SyncLevel set to 0 on reset
21:00:53.67   GameInfo::ResetInfo - SyncLevel set to 0 on reset
21:00:53.67   GameInfo::ResetInfo - SyncLevel set to 0 on reset
21:00:53.67   GameInfo::ResetInfo - SyncLevel set to 0 on reset
21:00:53.67   GameInfo::ResetInfo - SyncLevel set to 0 on reset
21:00:53.67   GameInfo::ResetInfo - SyncLevel set to 0 on reset
21:00:53.67   GameInfo::ResetInfo - SyncLevel set to 0 on reset
21:00:53.67   GameInfo::ResetInfo - SyncLevel set to 0 on reset
21:00:53.67   GameInfo::ResetInfo - SyncLevel set to 0 on reset
21:00:53.67   GameInfo::ResetInfo - SyncLevel set to 0 on reset
21:00:53.67   GameInfo::ResetInfo - SyncLevel set to 0 on reset
21:00:53.67   GameInfo::ResetInfo - SyncLevel set to 0 on reset
21:00:53.67   GameInfo::ResetInfo - SyncLevel set to 0 on reset
21:00:53.67   GameInfo::ResetInfo - SyncLevel set to 0 on reset
21:00:53.67   GameInfo::ResetInfo - SyncLevel set to 0 on reset
21:00:53.67   GameInfo::ResetInfo - SyncLevel set to 0 on reset
21:00:53.67   GameInfo::ResetInfo - SyncLevel set to 0 on reset
21:00:53.68   GameInfo::ResetInfo - SyncLevel set to 0 on reset
21:00:53.68   GameInfo::ResetInfo - SyncLevel set to 0 on reset
21:00:53.68   GameInfo::ResetInfo - SyncLevel set to 0 on reset
21:00:53.68   GameInfo::ResetInfo - SyncLevel set to 0 on reset
21:00:53.68   GameInfo::ResetInfo - SyncLevel set to 0 on reset
21:00:53.68   GameInfo::ResetInfo - SyncLevel set to 0 on reset
21:00:53.68   GameInfo::ResetInfo - SyncLevel set to 0 on reset
21:00:53.68   GameInfo::ResetInfo - SyncLevel set to 0 on reset
21:00:53.68   GameInfo::ResetInfo - SyncLevel set to 0 on reset
21:00:53.68   GameInfo::ResetInfo - SyncLevel set to 0 on reset
21:00:53.68   GameInfo::ResetInfo - SyncLevel set to 0 on reset
21:00:53.68   GameInfo::ResetInfo - SyncLevel set to 0 on reset
21:00:53.68   GameInfo::ResetInfo - SyncLevel set to 0 on reset
21:00:53.68   GameInfo::ResetInfo - SyncLevel set to 0 on reset
21:00:53.68   GameInfo::ResetInfo - SyncLevel set to 0 on reset
21:00:53.68   GameInfo::ResetInfo - SyncLevel set to 0 on reset
21:00:53.68   GameInfo::ResetInfo - SyncLevel set to 0 on reset
21:00:53.68   GameInfo::ResetInfo - SyncLevel set to 0 on reset
21:00:53.68   GameInfo::ResetInfo - SyncLevel set to 0 on reset
21:00:53.69   GameInfo::ResetInfo - SyncLevel set to 0 on reset
21:00:53.69   GameInfo::ResetInfo - SyncLevel set to 0 on reset
21:00:53.69   GameInfo::ResetInfo - SyncLevel set to 0 on reset
21:00:53.69   GameInfo::ResetInfo - SyncLevel set to 0 on reset
21:00:53.69   GameInfo::ResetInfo - SyncLevel set to 0 on reset
21:00:53.69   GameInfo::ResetInfo - SyncLevel set to 0 on reset
21:00:53.69   GameInfo::ResetInfo - SyncLevel set to 0 on reset
21:00:53.69   GameInfo::ResetInfo - SyncLevel set to 0 on reset
21:00:53.69   GameInfo::ResetInfo - SyncLevel set to 0 on reset
21:00:53.69   GameInfo::ResetInfo - SyncLevel set to 0 on reset
21:00:53.69   GameInfo::ResetInfo - SyncLevel set to 0 on reset
21:00:53.69   GAME -- Error reading header for recorded game PLAYBACK:4p_wolfheze20090305210256__[GameReplays.org].rec
21:00:53.69   GameInfo::ResetInfo - SyncLevel set to 0 on reset
21:00:53.69   GameInfo::ResetInfo - SyncLevel set to 0 on reset
21:00:53.69   GameInfo::ResetInfo - SyncLevel set to 0 on reset
21:00:53.69   GameInfo::ResetInfo - SyncLevel set to 0 on reset
21:00:53.69   GameInfo::ResetInfo - SyncLevel set to 0 on reset
21:00:53.69   GameInfo::ResetInfo - SyncLevel set to 0 on reset
21:00:53.69   GameInfo::ResetInfo - SyncLevel set to 0 on reset
21:00:53.69   GameInfo::ResetInfo - SyncLevel set to 0 on reset
21:00:53.69   GameInfo::ResetInfo - SyncLevel set to 0 on reset
21:00:53.69   GameInfo::ResetInfo - SyncLevel set to 0 on reset
21:00:53.69   GameInfo::ResetInfo - SyncLevel set to 0 on reset
21:00:53.69   GameInfo::ResetInfo - SyncLevel set to 0 on reset
21:00:53.69   GameInfo::ResetInfo - SyncLevel set to 0 on reset
21:00:53.69   GameInfo::ResetInfo - SyncLevel set to 0 on reset
21:00:53.69   GameInfo::ResetInfo - SyncLevel set to 0 on reset
21:00:53.69   GameInfo::ResetInfo - SyncLevel set to 0 on reset
21:00:53.69   GameInfo::ResetInfo - SyncLevel set to 0 on reset
21:00:53.69   GameInfo::ResetInfo - SyncLevel set to 0 on reset
21:00:53.69   GameInfo::ResetInfo - SyncLevel set to 0 on reset
21:00:53.69   GameInfo::ResetInfo - SyncLevel set to 0 on reset
21:00:53.69   GameInfo::ResetInfo - SyncLevel set to 0 on reset
21:00:53.69   GameInfo::ResetInfo - SyncLevel set to 0 on reset
21:00:53.69   GameInfo::ResetInfo - SyncLevel set to 0 on reset
21:00:53.69   GameInfo::ResetInfo - SyncLevel set to 0 on reset
21:00:53.70   GameInfo::ResetInfo - SyncLevel set to 0 on reset
21:00:53.70   GameInfo::ResetInfo - SyncLevel set to 0 on reset
21:00:53.70   GameInfo::ResetInfo - SyncLevel set to 0 on reset
21:00:53.70   GameInfo::ResetInfo - SyncLevel set to 0 on reset
21:00:53.70   GameInfo::ResetInfo - SyncLevel set to 0 on reset
21:00:53.70   GameInfo::ResetInfo - SyncLevel set to 0 on reset
21:00:53.70   GameInfo::ResetInfo - SyncLevel set to 0 on reset
21:00:53.70   GameInfo::ResetInfo - SyncLevel set to 0 on reset
21:00:53.70   GameInfo::ResetInfo - SyncLevel set to 0 on reset
21:00:53.70   GameInfo::ResetInfo - SyncLevel set to 0 on reset
21:00:53.70   GameInfo::ResetInfo - SyncLevel set to 0 on reset
21:00:53.70   GameInfo::ResetInfo - SyncLevel set to 0 on reset
21:00:53.70   GameInfo::ResetInfo - SyncLevel set to 0 on reset
21:00:53.70   GameInfo::ResetInfo - SyncLevel set to 0 on reset
21:00:53.70   GameInfo::ResetInfo - SyncLevel set to 0 on reset
21:00:53.70   GameInfo::ResetInfo - SyncLevel set to 0 on reset
21:00:53.70   GameInfo::ResetInfo - SyncLevel set to 0 on reset
21:00:53.70   GameInfo::ResetInfo - SyncLevel set to 0 on reset
21:00:53.70   GameInfo::ResetInfo - SyncLevel set to 0 on reset
21:00:53.70   GameInfo::ResetInfo - SyncLevel set to 0 on reset
21:00:53.70   GameInfo::ResetInfo - SyncLevel set to 0 on reset
21:00:53.71   GameInfo::ResetInfo - SyncLevel set to 0 on reset
21:00:53.71   GameInfo::ResetInfo - SyncLevel set to 0 on reset
21:00:53.71   GameInfo::ResetInfo - SyncLevel set to 0 on reset
21:00:53.71   GameInfo::ResetInfo - SyncLevel set to 0 on reset
21:00:53.71   GameInfo::ResetInfo - SyncLevel set to 0 on reset
21:00:53.71   GameInfo::ResetInfo - SyncLevel set to 0 on reset
21:00:53.71   GameInfo::ResetInfo - SyncLevel set to 0 on reset
21:00:53.71   GameInfo::ResetInfo - SyncLevel set to 0 on reset
21:00:53.71   GameInfo::ResetInfo - SyncLevel set to 0 on reset
21:00:53.71   GameInfo::ResetInfo - SyncLevel set to 0 on reset
21:00:53.71   GameInfo::ResetInfo - SyncLevel set to 0 on reset
21:00:53.71   GameInfo::ResetInfo - SyncLevel set to 0 on reset
21:00:53.71   GameInfo::ResetInfo - SyncLevel set to 0 on reset
21:00:53.71   GameInfo::ResetInfo - SyncLevel set to 0 on reset
21:00:53.71   GameInfo::ResetInfo - SyncLevel set to 0 on reset
21:00:53.71   GameInfo::ResetInfo - SyncLevel set to 0 on reset
21:00:53.71   GameInfo::ResetInfo - SyncLevel set to 0 on reset
21:00:53.71   GameInfo::ResetInfo - SyncLevel set to 0 on reset
21:00:53.71   GameInfo::ResetInfo - SyncLevel set to 0 on reset
21:00:53.71   GameInfo::ResetInfo - SyncLevel set to 0 on reset
21:00:53.71   GameInfo::ResetInfo - SyncLevel set to 0 on reset
21:00:53.71   GameInfo::ResetInfo - SyncLevel set to 0 on reset
21:00:53.71   GameInfo::ResetInfo - SyncLevel set to 0 on reset
21:00:53.71   GameInfo::ResetInfo - SyncLevel set to 0 on reset
21:00:53.71   GameInfo::ResetInfo - SyncLevel set to 0 on reset
21:00:53.71   GameInfo::ResetInfo - SyncLevel set to 0 on reset
21:00:53.71   GameInfo::ResetInfo - SyncLevel set to 0 on reset
21:00:53.71   GameInfo::ResetInfo - SyncLevel set to 0 on reset
21:00:53.71   GameInfo::ResetInfo - SyncLevel set to 0 on reset
21:00:53.71   GameInfo::ResetInfo - SyncLevel set to 0 on reset
21:00:53.72   GameInfo::ResetInfo - SyncLevel set to 0 on reset
21:00:53.72   GameInfo::ResetInfo - SyncLevel set to 0 on reset
21:00:53.72   GameInfo::ResetInfo - SyncLevel set to 0 on reset
21:00:53.72   GameInfo::ResetInfo - SyncLevel set to 0 on reset
21:00:53.72   GameInfo::ResetInfo - SyncLevel set to 0 on reset
21:00:53.72   GameInfo::ResetInfo - SyncLevel set to 0 on reset
21:00:53.72   GameInfo::ResetInfo - SyncLevel set to 0 on reset
21:00:53.72   GameInfo::ResetInfo - SyncLevel set to 0 on reset
21:00:53.72   GameInfo::ResetInfo - SyncLevel set to 0 on reset
21:00:53.72   GameInfo::ResetInfo - SyncLevel set to 0 on reset
21:00:53.72   GameInfo::ResetInfo - SyncLevel set to 0 on reset
21:00:53.72   GameInfo::ResetInfo - SyncLevel set to 0 on reset
21:00:53.72   GameInfo::ResetInfo - SyncLevel set to 0 on reset
21:00:53.72   GameInfo::ResetInfo - SyncLevel set to 0 on reset
21:00:53.72   GameInfo::ResetInfo - SyncLevel set to 0 on reset
21:00:53.72   GameInfo::ResetInfo - SyncLevel set to 0 on reset
21:00:53.72   GameInfo::ResetInfo - SyncLevel set to 0 on reset
21:00:53.72   GameInfo::ResetInfo - SyncLevel set to 0 on reset
21:00:53.72   GameInfo::ResetInfo - SyncLevel set to 0 on reset
21:00:53.72   GameInfo::ResetInfo - SyncLevel set to 0 on reset
21:00:53.72   GameInfo::ResetInfo - SyncLevel set to 0 on reset
21:00:53.72   GameInfo::ResetInfo - SyncLevel set to 0 on reset
21:00:53.72   GameInfo::ResetInfo - SyncLevel set to 0 on reset
21:00:53.72   GameInfo::ResetInfo - SyncLevel set to 0 on reset
21:00:53.73   GameInfo::ResetInfo - SyncLevel set to 0 on reset
21:00:53.73   GameInfo::ResetInfo - SyncLevel set to 0 on reset
21:00:53.73   GameInfo::ResetInfo - SyncLevel set to 0 on reset
21:00:53.73   GameInfo::ResetInfo - SyncLevel set to 0 on reset
21:00:53.73   GameInfo::ResetInfo - SyncLevel set to 0 on reset
21:00:53.73   GameInfo::ResetInfo - SyncLevel set to 0 on reset
21:00:53.73   GameInfo::ResetInfo - SyncLevel set to 0 on reset
21:00:53.73   GameInfo::ResetInfo - SyncLevel set to 0 on reset
21:00:53.73   GameInfo::ResetInfo - SyncLevel set to 0 on reset
21:00:53.73   GameInfo::ResetInfo - SyncLevel set to 0 on reset
21:00:53.73   GameInfo::ResetInfo - SyncLevel set to 0 on reset
21:00:53.73   GameInfo::ResetInfo - SyncLevel set to 0 on reset
21:00:53.73   GameInfo::ResetInfo - SyncLevel set to 0 on reset
21:00:53.73   GameInfo::ResetInfo - SyncLevel set to 0 on reset
21:00:53.73   GameInfo::ResetInfo - SyncLevel set to 0 on reset
21:00:53.74   GameInfo::ResetInfo - SyncLevel set to 0 on reset
21:00:53.74   GameInfo::ResetInfo - SyncLevel set to 0 on reset
21:00:53.74   GameInfo::ResetInfo - SyncLevel set to 0 on reset
21:00:53.74   GameInfo::ResetInfo - SyncLevel set to 0 on reset
21:00:53.74   GameInfo::ResetInfo - SyncLevel set to 0 on reset
21:00:53.74   GameInfo::ResetInfo - SyncLevel set to 0 on reset
21:00:53.74   GameInfo::ResetInfo - SyncLevel set to 0 on reset
21:00:53.74   GameInfo::ResetInfo - SyncLevel set to 0 on reset
21:00:53.74   GameInfo::ResetInfo - SyncLevel set to 0 on reset
21:00:53.74   GameInfo::ResetInfo - SyncLevel set to 0 on reset
21:00:53.74   GameInfo::ResetInfo - SyncLevel set to 0 on reset
21:00:53.74   GameInfo::ResetInfo - SyncLevel set to 0 on reset
21:00:53.74   GameInfo::ResetInfo - SyncLevel set to 0 on reset
21:00:53.74   GameInfo::ResetInfo - SyncLevel set to 0 on reset
21:00:53.74   GameInfo::ResetInfo - SyncLevel set to 0 on reset
21:00:53.74   GameInfo::ResetInfo - SyncLevel set to 0 on reset
21:00:53.74   GameInfo::ResetInfo - SyncLevel set to 0 on reset
21:00:53.74   GameInfo::ResetInfo - SyncLevel set to 0 on reset
21:00:53.74   GameInfo::ResetInfo - SyncLevel set to 0 on reset
21:00:53.74   GameInfo::ResetInfo - SyncLevel set to 0 on reset
21:00:53.74   GameInfo::ResetInfo - SyncLevel set to 0 on reset
21:00:53.74   GameInfo::ResetInfo - SyncLevel set to 0 on reset
21:00:53.74   GameInfo::ResetInfo - SyncLevel set to 0 on reset
21:00:53.74   GameInfo::ResetInfo - SyncLevel set to 0 on reset
21:00:53.75   GameInfo::ResetInfo - SyncLevel set to 0 on reset
21:00:53.75   GameInfo::ResetInfo - SyncLevel set to 0 on reset
21:00:53.75   GameInfo::ResetInfo - SyncLevel set to 0 on reset
21:00:53.75   GameInfo::ResetInfo - SyncLevel set to 0 on reset
21:00:53.75   GameInfo::ResetInfo - SyncLevel set to 0 on reset
21:00:53.75   GameInfo::ResetInfo - SyncLevel set to 0 on reset
21:00:53.75   GameInfo::ResetInfo - SyncLevel set to 0 on reset
21:00:53.75   GameInfo::ResetInfo - SyncLevel set to 0 on reset
21:00:53.75   GameInfo::ResetInfo - SyncLevel set to 0 on reset
21:00:53.75   GameInfo::ResetInfo - SyncLevel set to 0 on reset
21:00:53.75   GameInfo::ResetInfo - SyncLevel set to 0 on reset
21:00:53.75   GameInfo::ResetInfo - SyncLevel set to 0 on reset
21:00:53.75   GameInfo::ResetInfo - SyncLevel set to 0 on reset
21:00:53.75   GameInfo::ResetInfo - SyncLevel set to 0 on reset
21:00:53.75   GameInfo::ResetInfo - SyncLevel set to 0 on reset
21:00:53.75   GameInfo::ResetInfo - SyncLevel set to 0 on reset
21:00:53.75   GameInfo::ResetInfo - SyncLevel set to 0 on reset
21:00:53.75   GameInfo::ResetInfo - SyncLevel set to 0 on reset
21:00:53.75   GameInfo::ResetInfo - SyncLevel set to 0 on reset
21:00:53.75   GameInfo::ResetInfo - SyncLevel set to 0 on reset
21:00:53.75   GameInfo::ResetInfo - SyncLevel set to 0 on reset
21:00:53.75   GameInfo::ResetInfo - SyncLevel set to 0 on reset
21:00:53.75   GameInfo::ResetInfo - SyncLevel set to 0 on reset
21:00:53.75   GameInfo::ResetInfo - SyncLevel set to 0 on reset
21:00:53.76   GameInfo::ResetInfo - SyncLevel set to 0 on reset
21:00:53.76   GameInfo::ResetInfo - SyncLevel set to 0 on reset
21:00:53.76   GameInfo::ResetInfo - SyncLevel set to 0 on reset
21:00:53.76   GameInfo::ResetInfo - SyncLevel set to 0 on reset
21:00:53.76   GameInfo::ResetInfo - SyncLevel set to 0 on reset
21:00:53.76   GameInfo::ResetInfo - SyncLevel set to 0 on reset
21:00:53.76   GameInfo::ResetInfo - SyncLevel set to 0 on reset
21:00:53.76   GameInfo::ResetInfo - SyncLevel set to 0 on reset
21:00:53.76   GameInfo::ResetInfo - SyncLevel set to 0 on reset
21:00:53.76   GameInfo::ResetInfo - SyncLevel set to 0 on reset
21:00:53.76   GameInfo::ResetInfo - SyncLevel set to 0 on reset
21:00:53.76   GameInfo::ResetInfo - SyncLevel set to 0 on reset
21:00:53.76   GameInfo::ResetInfo - SyncLevel set to 0 on reset
21:00:53.76   GameInfo::ResetInfo - SyncLevel set to 0 on reset
21:00:53.76   GameInfo::ResetInfo - SyncLevel set to 0 on reset
21:00:53.76   GameInfo::ResetInfo - SyncLevel set to 0 on reset
21:00:53.76   GameInfo::ResetInfo - SyncLevel set to 0 on reset
21:00:53.76   GAME -- Error reading header for recorded game PLAYBACK:6p_close_river_combat.2018-01-28.00-37-43.rec
21:00:53.76   GameInfo::ResetInfo - SyncLevel set to 0 on reset
21:00:53.76   GameInfo::ResetInfo - SyncLevel set to 0 on reset
21:00:53.76   GAME -- Error reading header for recorded game PLAYBACK:6p_close_river_combat.2018-01-31.23-35-59.rec
21:00:53.76   GameInfo::ResetInfo - SyncLevel set to 0 on reset
21:00:53.76   GameInfo::ResetInfo - SyncLevel set to 0 on reset
21:00:53.76   GameInfo::ResetInfo - SyncLevel set to 0 on reset
21:00:53.76   GameInfo::ResetInfo - SyncLevel set to 0 on reset
21:00:53.76   GameInfo::ResetInfo - SyncLevel set to 0 on reset
21:00:53.76   GameInfo::ResetInfo - SyncLevel set to 0 on reset
21:00:53.76   GameInfo::ResetInfo - SyncLevel set to 0 on reset
21:00:53.76   GameInfo::ResetInfo - SyncLevel set to 0 on reset
21:00:53.76   GameInfo::ResetInfo - SyncLevel set to 0 on reset
21:00:53.77   GameInfo::ResetInfo - SyncLevel set to 0 on reset
21:00:53.77   GameInfo::ResetInfo - SyncLevel set to 0 on reset
21:00:53.77   GameInfo::ResetInfo - SyncLevel set to 0 on reset
21:00:53.77   GameInfo::ResetInfo - SyncLevel set to 0 on reset
21:00:53.77   GameInfo::ResetInfo - SyncLevel set to 0 on reset
21:00:53.77   GameInfo::ResetInfo - SyncLevel set to 0 on reset
21:00:53.77   GameInfo::ResetInfo - SyncLevel set to 0 on reset
21:00:53.77   GameInfo::ResetInfo - SyncLevel set to 0 on reset
21:00:53.77   GameInfo::ResetInfo - SyncLevel set to 0 on reset
21:00:53.77   GameInfo::ResetInfo - SyncLevel set to 0 on reset
21:00:53.77   GameInfo::ResetInfo - SyncLevel set to 0 on reset
21:00:53.77   GameInfo::ResetInfo - SyncLevel set to 0 on reset
21:00:53.77   GameInfo::ResetInfo - SyncLevel set to 0 on reset
21:00:53.77   GameInfo::ResetInfo - SyncLevel set to 0 on reset
21:00:53.77   GameInfo::ResetInfo - SyncLevel set to 0 on reset
21:00:53.77   GameInfo::ResetInfo - SyncLevel set to 0 on reset
21:00:53.77   GameInfo::ResetInfo - SyncLevel set to 0 on reset
21:00:53.77   GameInfo::ResetInfo - SyncLevel set to 0 on reset
21:00:53.77   GameInfo::ResetInfo - SyncLevel set to 0 on reset
21:00:53.77   GameInfo::ResetInfo - SyncLevel set to 0 on reset
21:00:53.77   GameInfo::ResetInfo - SyncLevel set to 0 on reset
21:00:53.77   GameInfo::ResetInfo - SyncLevel set to 0 on reset
21:00:53.77   GameInfo::ResetInfo - SyncLevel set to 0 on reset
21:00:53.77   GameInfo::ResetInfo - SyncLevel set to 0 on reset
21:00:53.77   GameInfo::ResetInfo - SyncLevel set to 0 on reset
21:00:53.77   GameInfo::ResetInfo - SyncLevel set to 0 on reset
21:00:53.77   GameInfo::ResetInfo - SyncLevel set to 0 on reset
21:00:53.77   GameInfo::ResetInfo - SyncLevel set to 0 on reset
21:00:53.77   GameInfo::ResetInfo - SyncLevel set to 0 on reset
21:00:53.77   GameInfo::ResetInfo - SyncLevel set to 0 on reset
21:00:53.77   GameInfo::ResetInfo - SyncLevel set to 0 on reset
21:00:53.77   GameInfo::ResetInfo - SyncLevel set to 0 on reset
21:00:53.78   GameInfo::ResetInfo - SyncLevel set to 0 on reset
21:00:53.78   GameInfo::ResetInfo - SyncLevel set to 0 on reset
21:00:53.78   GameInfo::ResetInfo - SyncLevel set to 0 on reset
21:00:53.78   GameInfo::ResetInfo - SyncLevel set to 0 on reset
21:00:53.78   GameInfo::ResetInfo - SyncLevel set to 0 on reset
21:00:53.78   GameInfo::ResetInfo - SyncLevel set to 0 on reset
21:00:53.78   GameInfo::ResetInfo - SyncLevel set to 0 on reset
21:00:53.78   GameInfo::ResetInfo - SyncLevel set to 0 on reset
21:00:53.78   GameInfo::ResetInfo - SyncLevel set to 0 on reset
21:00:53.78   GameInfo::ResetInfo - SyncLevel set to 0 on reset
21:00:53.78   GameInfo::ResetInfo - SyncLevel set to 0 on reset
21:00:53.78   GameInfo::ResetInfo - SyncLevel set to 0 on reset
21:00:53.78   GameInfo::ResetInfo - SyncLevel set to 0 on reset
21:00:53.78   GameInfo::ResetInfo - SyncLevel set to 0 on reset
21:00:53.78   GameInfo::ResetInfo - SyncLevel set to 0 on reset
21:00:53.78   GameInfo::ResetInfo - SyncLevel set to 0 on reset
21:00:53.78   GameInfo::ResetInfo - SyncLevel set to 0 on reset
21:00:53.78   GameInfo::ResetInfo - SyncLevel set to 0 on reset
21:00:53.78   GameInfo::ResetInfo - SyncLevel set to 0 on reset
21:00:53.78   GameInfo::ResetInfo - SyncLevel set to 0 on reset
21:00:53.78   GameInfo::ResetInfo - SyncLevel set to 0 on reset
21:00:53.78   GameInfo::ResetInfo - SyncLevel set to 0 on reset
21:00:53.79   GameInfo::ResetInfo - SyncLevel set to 0 on reset
21:00:53.79   GameInfo::ResetInfo - SyncLevel set to 0 on reset
21:00:53.79   GameInfo::ResetInfo - SyncLevel set to 0 on reset
21:00:53.79   GameInfo::ResetInfo - SyncLevel set to 0 on reset
21:00:53.79   GameInfo::ResetInfo - SyncLevel set to 0 on reset
21:00:53.79   GameInfo::ResetInfo - SyncLevel set to 0 on reset
21:00:53.79   GameInfo::ResetInfo - SyncLevel set to 0 on reset
21:00:53.79   GameInfo::ResetInfo - SyncLevel set to 0 on reset
21:00:53.79   GameInfo::ResetInfo - SyncLevel set to 0 on reset
21:00:53.79   GameInfo::ResetInfo - SyncLevel set to 0 on reset
21:00:53.79   GameInfo::ResetInfo - SyncLevel set to 0 on reset
21:00:53.79   GameInfo::ResetInfo - SyncLevel set to 0 on reset
21:00:53.79   GameInfo::ResetInfo - SyncLevel set to 0 on reset
21:00:53.79   GameInfo::ResetInfo - SyncLevel set to 0 on reset
21:00:53.79   GameInfo::ResetInfo - SyncLevel set to 0 on reset
21:00:53.79   GameInfo::ResetInfo - SyncLevel set to 0 on reset
21:00:53.79   GameInfo::ResetInfo - SyncLevel set to 0 on reset
21:00:53.79   GameInfo::ResetInfo - SyncLevel set to 0 on reset
21:00:53.79   GameInfo::ResetInfo - SyncLevel set to 0 on reset
21:00:53.79   GameInfo::ResetInfo - SyncLevel set to 0 on reset
21:00:53.79   GameInfo::ResetInfo - SyncLevel set to 0 on reset
21:00:53.79   GameInfo::ResetInfo - SyncLevel set to 0 on reset
21:00:53.79   GameInfo::ResetInfo - SyncLevel set to 0 on reset
21:00:53.79   GameInfo::ResetInfo - SyncLevel set to 0 on reset
21:00:53.79   GameInfo::ResetInfo - SyncLevel set to 0 on reset
21:00:53.79   GameInfo::ResetInfo - SyncLevel set to 0 on reset
21:00:53.79   GameInfo::ResetInfo - SyncLevel set to 0 on reset
21:00:53.79   GameInfo::ResetInfo - SyncLevel set to 0 on reset
21:00:53.79   GameInfo::ResetInfo - SyncLevel set to 0 on reset
21:00:53.79   GameInfo::ResetInfo - SyncLevel set to 0 on reset
21:00:53.80   GameInfo::ResetInfo - SyncLevel set to 0 on reset
21:00:53.80   GameInfo::ResetInfo - SyncLevel set to 0 on reset
21:00:53.80   GameInfo::ResetInfo - SyncLevel set to 0 on reset
21:00:53.80   GameInfo::ResetInfo - SyncLevel set to 0 on reset
21:00:53.80   GameInfo::ResetInfo - SyncLevel set to 0 on reset
21:00:53.80   GameInfo::ResetInfo - SyncLevel set to 0 on reset
21:00:53.80   GameInfo::ResetInfo - SyncLevel set to 0 on reset
21:00:53.80   GameInfo::ResetInfo - SyncLevel set to 0 on reset
21:00:53.80   GameInfo::ResetInfo - SyncLevel set to 0 on reset
21:00:53.80   GameInfo::ResetInfo - SyncLevel set to 0 on reset
21:00:53.80   GameInfo::ResetInfo - SyncLevel set to 0 on reset
21:00:53.80   GameInfo::ResetInfo - SyncLevel set to 0 on reset
21:00:53.80   GameInfo::ResetInfo - SyncLevel set to 0 on reset
21:00:53.80   GameInfo::ResetInfo - SyncLevel set to 0 on reset
21:00:53.80   GameInfo::ResetInfo - SyncLevel set to 0 on reset
21:00:53.80   GameInfo::ResetInfo - SyncLevel set to 0 on reset
21:00:53.80   GameInfo::ResetInfo - SyncLevel set to 0 on reset
21:00:53.80   GameInfo::ResetInfo - SyncLevel set to 0 on reset
21:00:53.80   GameInfo::ResetInfo - SyncLevel set to 0 on reset
21:00:53.80   GameInfo::ResetInfo - SyncLevel set to 0 on reset
21:00:53.80   GameInfo::ResetInfo - SyncLevel set to 0 on reset
21:00:53.81   GameInfo::ResetInfo - SyncLevel set to 0 on reset
21:00:53.81   GameInfo::ResetInfo - SyncLevel set to 0 on reset
21:00:53.81   GameInfo::ResetInfo - SyncLevel set to 0 on reset
21:00:53.81   GameInfo::ResetInfo - SyncLevel set to 0 on reset
21:00:53.81   GameInfo::ResetInfo - SyncLevel set to 0 on reset
21:00:53.81   GameInfo::ResetInfo - SyncLevel set to 0 on reset
21:00:53.81   GameInfo::ResetInfo - SyncLevel set to 0 on reset
21:00:53.81   GameInfo::ResetInfo - SyncLevel set to 0 on reset
21:00:53.81   GameInfo::ResetInfo - SyncLevel set to 0 on reset
21:00:53.81   GameInfo::ResetInfo - SyncLevel set to 0 on reset
21:00:53.81   GameInfo::ResetInfo - SyncLevel set to 0 on reset
21:00:53.81   GameInfo::ResetInfo - SyncLevel set to 0 on reset
21:00:53.81   GameInfo::ResetInfo - SyncLevel set to 0 on reset
21:00:53.81   GameInfo::ResetInfo - SyncLevel set to 0 on reset
21:00:53.81   GameInfo::ResetInfo - SyncLevel set to 0 on reset
21:00:53.81   GameInfo::ResetInfo - SyncLevel set to 0 on reset
21:00:53.81   GameInfo::ResetInfo - SyncLevel set to 0 on reset
21:00:53.81   GameInfo::ResetInfo - SyncLevel set to 0 on reset
21:00:53.81   GameInfo::ResetInfo - SyncLevel set to 0 on reset
21:00:53.81   GameInfo::ResetInfo - SyncLevel set to 0 on reset
21:00:53.81   GameInfo::ResetInfo - SyncLevel set to 0 on reset
21:00:53.81   GameInfo::ResetInfo - SyncLevel set to 0 on reset
21:00:53.81   GameInfo::ResetInfo - SyncLevel set to 0 on reset
21:00:53.81   GameInfo::ResetInfo - SyncLevel set to 0 on reset
21:00:53.82   GameInfo::ResetInfo - SyncLevel set to 0 on reset
21:00:53.82   GameInfo::ResetInfo - SyncLevel set to 0 on reset
21:00:53.82   GameInfo::ResetInfo - SyncLevel set to 0 on reset
21:00:53.82   GameInfo::ResetInfo - SyncLevel set to 0 on reset
21:00:53.82   GameInfo::ResetInfo - SyncLevel set to 0 on reset
21:00:53.82   GameInfo::ResetInfo - SyncLevel set to 0 on reset
21:00:53.82   GameInfo::ResetInfo - SyncLevel set to 0 on reset
21:00:53.82   GameInfo::ResetInfo - SyncLevel set to 0 on reset
21:00:53.82   GameInfo::ResetInfo - SyncLevel set to 0 on reset
21:00:53.82   GameInfo::ResetInfo - SyncLevel set to 0 on reset
21:00:53.82   GameInfo::ResetInfo - SyncLevel set to 0 on reset
21:00:53.82   GameInfo::ResetInfo - SyncLevel set to 0 on reset
21:00:53.82   GameInfo::ResetInfo - SyncLevel set to 0 on reset
21:00:53.82   GameInfo::ResetInfo - SyncLevel set to 0 on reset
21:00:53.82   GameInfo::ResetInfo - SyncLevel set to 0 on reset
21:00:53.82   GameInfo::ResetInfo - SyncLevel set to 0 on reset
21:00:53.82   GameInfo::ResetInfo - SyncLevel set to 0 on reset
21:00:53.82   GameInfo::ResetInfo - SyncLevel set to 0 on reset
21:00:53.82   GameInfo::ResetInfo - SyncLevel set to 0 on reset
21:00:53.82   GameInfo::ResetInfo - SyncLevel set to 0 on reset
21:00:53.82   GameInfo::ResetInfo - SyncLevel set to 0 on reset
21:00:53.82   GameInfo::ResetInfo - SyncLevel set to 0 on reset
21:00:53.82   GameInfo::ResetInfo - SyncLevel set to 0 on reset
21:00:53.82   GameInfo::ResetInfo - SyncLevel set to 0 on reset
21:00:53.82   GameInfo::ResetInfo - SyncLevel set to 0 on reset
21:00:53.82   GameInfo::ResetInfo - SyncLevel set to 0 on reset
21:00:53.82   GameInfo::ResetInfo - SyncLevel set to 0 on reset
21:00:53.82   GameInfo::ResetInfo - SyncLevel set to 0 on reset
21:00:53.82   GameInfo::ResetInfo - SyncLevel set to 0 on reset
21:00:53.82   GameInfo::ResetInfo - SyncLevel set to 0 on reset
21:00:53.82   GameInfo::ResetInfo - SyncLevel set to 0 on reset
21:00:53.82   GameInfo::ResetInfo - SyncLevel set to 0 on reset
21:00:53.82   GameInfo::ResetInfo - SyncLevel set to 0 on reset
21:00:53.83   GameInfo::ResetInfo - SyncLevel set to 0 on reset
21:00:53.83   GameInfo::ResetInfo - SyncLevel set to 0 on reset
21:00:53.83   GameInfo::ResetInfo - SyncLevel set to 0 on reset
21:00:53.83   GameInfo::ResetInfo - SyncLevel set to 0 on reset
21:00:53.83   GameInfo::ResetInfo - SyncLevel set to 0 on reset
21:00:53.83   GameInfo::ResetInfo - SyncLevel set to 0 on reset
21:00:53.83   GameInfo::ResetInfo - SyncLevel set to 0 on reset
21:00:53.83   GameInfo::ResetInfo - SyncLevel set to 0 on reset
21:00:53.83   GameInfo::ResetInfo - SyncLevel set to 0 on reset
21:00:53.83   GameInfo::ResetInfo - SyncLevel set to 0 on reset
21:00:53.83   GameInfo::ResetInfo - SyncLevel set to 0 on reset
21:00:53.83   GameInfo::ResetInfo - SyncLevel set to 0 on reset
21:00:53.83   GameInfo::ResetInfo - SyncLevel set to 0 on reset
21:00:53.83   GameInfo::ResetInfo - SyncLevel set to 0 on reset
21:00:53.83   GameInfo::ResetInfo - SyncLevel set to 0 on reset
21:00:53.83   GameInfo::ResetInfo - SyncLevel set to 0 on reset
21:00:53.83   GameInfo::ResetInfo - SyncLevel set to 0 on reset
21:00:53.83   GameInfo::ResetInfo - SyncLevel set to 0 on reset
21:00:53.83   GameInfo::ResetInfo - SyncLevel set to 0 on reset
21:00:53.83   GameInfo::ResetInfo - SyncLevel set to 0 on reset
21:00:53.84   GameInfo::ResetInfo - SyncLevel set to 0 on reset
21:00:53.84   GameInfo::ResetInfo - SyncLevel set to 0 on reset
21:00:53.84   GameInfo::ResetInfo - SyncLevel set to 0 on reset
21:00:53.84   GameInfo::ResetInfo - SyncLevel set to 0 on reset
21:00:53.84   GameInfo::ResetInfo - SyncLevel set to 0 on reset
21:00:53.84   GameInfo::ResetInfo - SyncLevel set to 0 on reset
21:00:53.84   GameInfo::ResetInfo - SyncLevel set to 0 on reset
21:00:53.84   GameInfo::ResetInfo - SyncLevel set to 0 on reset
21:00:53.84   GameInfo::ResetInfo - SyncLevel set to 0 on reset
21:00:53.84   GameInfo::ResetInfo - SyncLevel set to 0 on reset
21:00:53.84   GameInfo::ResetInfo - SyncLevel set to 0 on reset
21:00:53.84   GameInfo::ResetInfo - SyncLevel set to 0 on reset
21:00:53.84   GameInfo::ResetInfo - SyncLevel set to 0 on reset
21:00:53.84   GameInfo::ResetInfo - SyncLevel set to 0 on reset
21:00:53.84   GameInfo::ResetInfo - SyncLevel set to 0 on reset
21:00:53.84   GameInfo::ResetInfo - SyncLevel set to 0 on reset
21:00:53.84   GameInfo::ResetInfo - SyncLevel set to 0 on reset
21:00:53.84   GameInfo::ResetInfo - SyncLevel set to 0 on reset
21:00:53.84   GameInfo::ResetInfo - SyncLevel set to 0 on reset
21:00:53.84   GameInfo::ResetInfo - SyncLevel set to 0 on reset
21:00:53.84   GameInfo::ResetInfo - SyncLevel set to 0 on reset
21:00:53.84   GameInfo::ResetInfo - SyncLevel set to 0 on reset
21:00:53.84   GameInfo::ResetInfo - SyncLevel set to 0 on reset
21:00:53.84   GameInfo::ResetInfo - SyncLevel set to 0 on reset
21:00:53.84   GameInfo::ResetInfo - SyncLevel set to 0 on reset
21:00:53.84   GameInfo::ResetInfo - SyncLevel set to 0 on reset
21:00:53.84   GameInfo::ResetInfo - SyncLevel set to 0 on reset
21:00:53.84   GameInfo::ResetInfo - SyncLevel set to 0 on reset
21:00:53.85   GameInfo::ResetInfo - SyncLevel set to 0 on reset
21:00:53.85   GameInfo::ResetInfo - SyncLevel set to 0 on reset
21:00:53.85   GameInfo::ResetInfo - SyncLevel set to 0 on reset
21:00:53.85   GameInfo::ResetInfo - SyncLevel set to 0 on reset
21:00:53.85   GameInfo::ResetInfo - SyncLevel set to 0 on reset
21:00:53.85   GameInfo::ResetInfo - SyncLevel set to 0 on reset
21:00:53.85   GameInfo::ResetInfo - SyncLevel set to 0 on reset
21:00:53.85   GameInfo::ResetInfo - SyncLevel set to 0 on reset
21:00:53.85   GameInfo::ResetInfo - SyncLevel set to 0 on reset
21:00:53.85   GameInfo::ResetInfo - SyncLevel set to 0 on reset
21:00:53.85   GameInfo::ResetInfo - SyncLevel set to 0 on reset
21:00:53.85   GameInfo::ResetInfo - SyncLevel set to 0 on reset
21:00:53.85   GameInfo::ResetInfo - SyncLevel set to 0 on reset
21:00:53.85   GameInfo::ResetInfo - SyncLevel set to 0 on reset
21:00:53.85   GameInfo::ResetInfo - SyncLevel set to 0 on reset
21:00:53.85   GameInfo::ResetInfo - SyncLevel set to 0 on reset
21:00:53.85   GameInfo::ResetInfo - SyncLevel set to 0 on reset
21:00:53.85   GameInfo::ResetInfo - SyncLevel set to 0 on reset
21:00:53.85   GameInfo::ResetInfo - SyncLevel set to 0 on reset
21:00:53.85   GameInfo::ResetInfo - SyncLevel set to 0 on reset
21:00:53.86   GameInfo::ResetInfo - SyncLevel set to 0 on reset
21:00:53.86   GameInfo::ResetInfo - SyncLevel set to 0 on reset
21:00:53.86   GameInfo::ResetInfo - SyncLevel set to 0 on reset
21:00:53.86   GameInfo::ResetInfo - SyncLevel set to 0 on reset
21:00:53.86   GameInfo::ResetInfo - SyncLevel set to 0 on reset
21:00:53.86   GameInfo::ResetInfo - SyncLevel set to 0 on reset
21:00:53.86   GameInfo::ResetInfo - SyncLevel set to 0 on reset
21:00:53.86   GameInfo::ResetInfo - SyncLevel set to 0 on reset
21:00:53.86   GameInfo::ResetInfo - SyncLevel set to 0 on reset
21:00:53.86   GameInfo::ResetInfo - SyncLevel set to 0 on reset
21:00:53.86   GameInfo::ResetInfo - SyncLevel set to 0 on reset
21:00:53.86   GameInfo::ResetInfo - SyncLevel set to 0 on reset
21:00:53.86   GameInfo::ResetInfo - SyncLevel set to 0 on reset
21:00:53.86   GameInfo::ResetInfo - SyncLevel set to 0 on reset
21:00:53.86   GameInfo::ResetInfo - SyncLevel set to 0 on reset
21:00:53.86   GameInfo::ResetInfo - SyncLevel set to 0 on reset
21:00:53.86   GameInfo::ResetInfo - SyncLevel set to 0 on reset
21:00:53.86   GameInfo::ResetInfo - SyncLevel set to 0 on reset
21:00:53.86   GameInfo::ResetInfo - SyncLevel set to 0 on reset
21:00:53.86   GameInfo::ResetInfo - SyncLevel set to 0 on reset
21:00:53.86   GameInfo::ResetInfo - SyncLevel set to 0 on reset
21:00:53.86   GameInfo::ResetInfo - SyncLevel set to 0 on reset
21:00:53.86   GameInfo::ResetInfo - SyncLevel set to 0 on reset
21:00:53.86   GameInfo::ResetInfo - SyncLevel set to 0 on reset
21:00:53.86   GameInfo::ResetInfo - SyncLevel set to 0 on reset
21:00:53.86   GameInfo::ResetInfo - SyncLevel set to 0 on reset
21:00:53.86   GameInfo::ResetInfo - SyncLevel set to 0 on reset
21:00:53.86   GameInfo::ResetInfo - SyncLevel set to 0 on reset
21:00:53.87   GameInfo::ResetInfo - SyncLevel set to 0 on reset
21:00:53.87   GameInfo::ResetInfo - SyncLevel set to 0 on reset
21:00:53.87   GameInfo::ResetInfo - SyncLevel set to 0 on reset
21:00:53.87   GAME -- Error reading header for recorded game PLAYBACK:8P SEMOIS REMASTERED 07.2021-03-27.02-50-45.rec
21:00:53.87   GameInfo::ResetInfo - SyncLevel set to 0 on reset
21:00:53.87   GameInfo::ResetInfo - SyncLevel set to 0 on reset
21:00:53.87   GameInfo::ResetInfo - SyncLevel set to 0 on reset
21:00:53.87   GAME -- Error reading header for recorded game PLAYBACK:8P SEMOIS REMASTERED 07.2021-03-27.03-39-59.rec
21:00:53.87   GameInfo::ResetInfo - SyncLevel set to 0 on reset
21:00:53.87   GameInfo::ResetInfo - SyncLevel set to 0 on reset
21:00:53.87   GameInfo::ResetInfo - SyncLevel set to 0 on reset
21:00:53.87   GAME -- Error reading header for recorded game PLAYBACK:8P SEMOIS REMASTERED 07.2021-03-31.03-23-44.rec
21:00:53.87   GameInfo::ResetInfo - SyncLevel set to 0 on reset
21:00:53.87   GameInfo::ResetInfo - SyncLevel set to 0 on reset
21:00:53.87   GameInfo::ResetInfo - SyncLevel set to 0 on reset
21:00:53.87   GAME -- Error reading header for recorded game PLAYBACK:8P SEMOIS REMASTERED 07.2021-04-28.02-52-08.rec
21:00:53.87   GameInfo::ResetInfo - SyncLevel set to 0 on reset
21:00:53.87   GameInfo::ResetInfo - SyncLevel set to 0 on reset
21:00:53.87   GameInfo::ResetInfo - SyncLevel set to 0 on reset
21:00:53.87   GAME -- Error reading header for recorded game PLAYBACK:8P_CLOSE_RIVER_COMBAT.2018-01-08.20-06-29.rec
21:00:53.87   GameInfo::ResetInfo - SyncLevel set to 0 on reset
21:00:53.87   GameInfo::ResetInfo - SyncLevel set to 0 on reset
21:00:53.87   GameInfo::ResetInfo - SyncLevel set to 0 on reset
21:00:53.87   GameInfo::ResetInfo - SyncLevel set to 0 on reset
21:00:53.87   GameInfo::ResetInfo - SyncLevel set to 0 on reset
21:00:53.87   GameInfo::ResetInfo - SyncLevel set to 0 on reset
21:00:53.87   GameInfo::ResetInfo - SyncLevel set to 0 on reset
21:00:53.87   GameInfo::ResetInfo - SyncLevel set to 0 on reset
21:00:53.87   GameInfo::ResetInfo - SyncLevel set to 0 on reset
21:00:53.87   GameInfo::ResetInfo - SyncLevel set to 0 on reset
21:00:53.87   GameInfo::ResetInfo - SyncLevel set to 0 on reset
21:00:53.87   GameInfo::ResetInfo - SyncLevel set to 0 on reset
21:00:53.88   GameInfo::ResetInfo - SyncLevel set to 0 on reset
21:00:53.88   GameInfo::ResetInfo - SyncLevel set to 0 on reset
21:00:53.88   GameInfo::ResetInfo - SyncLevel set to 0 on reset
21:00:53.88   GameInfo::ResetInfo - SyncLevel set to 0 on reset
21:00:53.88   GameInfo::ResetInfo - SyncLevel set to 0 on reset
21:00:53.88   GameInfo::ResetInfo - SyncLevel set to 0 on reset
21:00:53.88   GameInfo::ResetInfo - SyncLevel set to 0 on reset
21:00:53.88   GameInfo::ResetInfo - SyncLevel set to 0 on reset
21:00:53.88   GameInfo::ResetInfo - SyncLevel set to 0 on reset
21:00:53.88   GameInfo::ResetInfo - SyncLevel set to 0 on reset
21:00:53.88   GameInfo::ResetInfo - SyncLevel set to 0 on reset
21:00:53.88   GameInfo::ResetInfo - SyncLevel set to 0 on reset
21:00:53.88   GameInfo::ResetInfo - SyncLevel set to 0 on reset
21:00:53.88   GameInfo::ResetInfo - SyncLevel set to 0 on reset
21:00:53.88   GameInfo::ResetInfo - SyncLevel set to 0 on reset
21:00:53.88   GameInfo::ResetInfo - SyncLevel set to 0 on reset
21:00:53.88   GameInfo::ResetInfo - SyncLevel set to 0 on reset
21:00:53.88   GameInfo::ResetInfo - SyncLevel set to 0 on reset
21:00:53.88   GameInfo::ResetInfo - SyncLevel set to 0 on reset
21:00:53.88   GameInfo::ResetInfo - SyncLevel set to 0 on reset
21:00:53.88   GameInfo::ResetInfo - SyncLevel set to 0 on reset
21:00:53.89   GameInfo::ResetInfo - SyncLevel set to 0 on reset
21:00:53.89   GameInfo::ResetInfo - SyncLevel set to 0 on reset
21:00:53.89   GameInfo::ResetInfo - SyncLevel set to 0 on reset
21:00:53.89   GameInfo::ResetInfo - SyncLevel set to 0 on reset
21:00:53.89   GameInfo::ResetInfo - SyncLevel set to 0 on reset
21:00:53.89   GameInfo::ResetInfo - SyncLevel set to 0 on reset
21:00:53.89   GameInfo::ResetInfo - SyncLevel set to 0 on reset
21:00:53.89   GameInfo::ResetInfo - SyncLevel set to 0 on reset
21:00:53.89   GameInfo::ResetInfo - SyncLevel set to 0 on reset
21:00:53.89   GameInfo::ResetInfo - SyncLevel set to 0 on reset
21:00:53.89   GameInfo::ResetInfo - SyncLevel set to 0 on reset
21:00:53.89   GameInfo::ResetInfo - SyncLevel set to 0 on reset
21:00:53.89   GameInfo::ResetInfo - SyncLevel set to 0 on reset
21:00:53.89   GameInfo::ResetInfo - SyncLevel set to 0 on reset
21:00:53.89   GameInfo::ResetInfo - SyncLevel set to 0 on reset
21:00:53.89   GameInfo::ResetInfo - SyncLevel set to 0 on reset
21:00:53.89   GameInfo::ResetInfo - SyncLevel set to 0 on reset
21:00:53.89   GameInfo::ResetInfo - SyncLevel set to 0 on reset
21:00:53.89   GameInfo::ResetInfo - SyncLevel set to 0 on reset
21:00:53.89   GameInfo::ResetInfo - SyncLevel set to 0 on reset
21:00:53.89   GameInfo::ResetInfo - SyncLevel set to 0 on reset
21:00:53.90   GameInfo::ResetInfo - SyncLevel set to 0 on reset
21:00:53.90   GameInfo::ResetInfo - SyncLevel set to 0 on reset
21:00:53.90   GameInfo::ResetInfo - SyncLevel set to 0 on reset
21:00:53.90   GameInfo::ResetInfo - SyncLevel set to 0 on reset
21:00:53.90   GameInfo::ResetInfo - SyncLevel set to 0 on reset
21:00:53.90   GameInfo::ResetInfo - SyncLevel set to 0 on reset
21:00:53.90   GameInfo::ResetInfo - SyncLevel set to 0 on reset
21:00:53.90   GameInfo::ResetInfo - SyncLevel set to 0 on reset
21:00:53.90   GameInfo::ResetInfo - SyncLevel set to 0 on reset
21:00:53.90   GameInfo::ResetInfo - SyncLevel set to 0 on reset
21:00:53.90   GameInfo::ResetInfo - SyncLevel set to 0 on reset
21:00:53.90   GameInfo::ResetInfo - SyncLevel set to 0 on reset
21:00:53.90   GameInfo::ResetInfo - SyncLevel set to 0 on reset
21:00:53.90   GameInfo::ResetInfo - SyncLevel set to 0 on reset
21:00:53.90   GameInfo::ResetInfo - SyncLevel set to 0 on reset
21:00:53.90   GameInfo::ResetInfo - SyncLevel set to 0 on reset
21:00:53.90   GameInfo::ResetInfo - SyncLevel set to 0 on reset
21:00:53.90   GameInfo::ResetInfo - SyncLevel set to 0 on reset
21:00:53.90   GameInfo::ResetInfo - SyncLevel set to 0 on reset
21:00:53.90   GameInfo::ResetInfo - SyncLevel set to 0 on reset
21:00:53.90   GameInfo::ResetInfo - SyncLevel set to 0 on reset
21:00:53.90   GameInfo::ResetInfo - SyncLevel set to 0 on reset
21:00:53.90   GameInfo::ResetInfo - SyncLevel set to 0 on reset
21:00:53.90   GameInfo::ResetInfo - SyncLevel set to 0 on reset
21:00:53.90   GameInfo::ResetInfo - SyncLevel set to 0 on reset
21:00:53.90   GameInfo::ResetInfo - SyncLevel set to 0 on reset
21:00:53.90   GameInfo::ResetInfo - SyncLevel set to 0 on reset
21:00:53.90   GameInfo::ResetInfo - SyncLevel set to 0 on reset
21:00:53.90   GameInfo::ResetInfo - SyncLevel set to 0 on reset
21:00:53.90   GameInfo::ResetInfo - SyncLevel set to 0 on reset
21:00:53.91   GameInfo::ResetInfo - SyncLevel set to 0 on reset
21:00:53.91   GameInfo::ResetInfo - SyncLevel set to 0 on reset
21:00:53.91   GameInfo::ResetInfo - SyncLevel set to 0 on reset
21:00:53.91   GameInfo::ResetInfo - SyncLevel set to 0 on reset
21:00:53.91   GameInfo::ResetInfo - SyncLevel set to 0 on reset
21:00:53.91   GameInfo::ResetInfo - SyncLevel set to 0 on reset
21:00:53.91   GameInfo::ResetInfo - SyncLevel set to 0 on reset
21:00:53.91   GameInfo::ResetInfo - SyncLevel set to 0 on reset
21:00:53.91   GameInfo::ResetInfo - SyncLevel set to 0 on reset
21:00:53.91   GameInfo::ResetInfo - SyncLevel set to 0 on reset
21:00:53.91   GameInfo::ResetInfo - SyncLevel set to 0 on reset
21:00:53.91   GameInfo::ResetInfo - SyncLevel set to 0 on reset
21:00:53.91   GameInfo::ResetInfo - SyncLevel set to 0 on reset
21:00:53.91   GameInfo::ResetInfo - SyncLevel set to 0 on reset
21:00:53.91   GameInfo::ResetInfo - SyncLevel set to 0 on reset
21:00:53.91   GameInfo::ResetInfo - SyncLevel set to 0 on reset
21:00:53.91   GameInfo::ResetInfo - SyncLevel set to 0 on reset
21:00:53.91   GameInfo::ResetInfo - SyncLevel set to 0 on reset
21:00:53.91   GameInfo::ResetInfo - SyncLevel set to 0 on reset
21:00:53.91   GameInfo::ResetInfo - SyncLevel set to 0 on reset
21:00:53.91   GameInfo::ResetInfo - SyncLevel set to 0 on reset
21:00:53.92   GameInfo::ResetInfo - SyncLevel set to 0 on reset
21:00:53.92   GameInfo::ResetInfo - SyncLevel set to 0 on reset
21:00:53.92   GameInfo::ResetInfo - SyncLevel set to 0 on reset
21:00:53.92   GameInfo::ResetInfo - SyncLevel set to 0 on reset
21:00:53.92   GameInfo::ResetInfo - SyncLevel set to 0 on reset
21:00:53.92   GameInfo::ResetInfo - SyncLevel set to 0 on reset
21:00:53.92   GameInfo::ResetInfo - SyncLevel set to 0 on reset
21:00:53.92   GameInfo::ResetInfo - SyncLevel set to 0 on reset
21:00:53.92   GameInfo::ResetInfo - SyncLevel set to 0 on reset
21:00:53.92   GameInfo::ResetInfo - SyncLevel set to 0 on reset
21:00:53.92   GameInfo::ResetInfo - SyncLevel set to 0 on reset
21:00:53.92   GameInfo::ResetInfo - SyncLevel set to 0 on reset
21:00:53.92   GameInfo::ResetInfo - SyncLevel set to 0 on reset
21:00:53.92   GameInfo::ResetInfo - SyncLevel set to 0 on reset
21:00:53.92   GameInfo::ResetInfo - SyncLevel set to 0 on reset
21:00:53.92   GameInfo::ResetInfo - SyncLevel set to 0 on reset
21:00:53.92   GameInfo::ResetInfo - SyncLevel set to 0 on reset
21:00:53.92   GameInfo::ResetInfo - SyncLevel set to 0 on reset
21:00:53.92   GameInfo::ResetInfo - SyncLevel set to 0 on reset
21:00:53.92   GameInfo::ResetInfo - SyncLevel set to 0 on reset
21:00:53.92   GameInfo::ResetInfo - SyncLevel set to 0 on reset
21:00:53.92   GameInfo::ResetInfo - SyncLevel set to 0 on reset
21:00:53.92   GameInfo::ResetInfo - SyncLevel set to 0 on reset
21:00:53.92   GameInfo::ResetInfo - SyncLevel set to 0 on reset
21:00:53.92   GameInfo::ResetInfo - SyncLevel set to 0 on reset
21:00:53.92   GameInfo::ResetInfo - SyncLevel set to 0 on reset
21:00:53.92   GameInfo::ResetInfo - SyncLevel set to 0 on reset
21:00:53.93   GameInfo::ResetInfo - SyncLevel set to 0 on reset
21:00:53.93   GameInfo::ResetInfo - SyncLevel set to 0 on reset
21:00:53.93   GameInfo::ResetInfo - SyncLevel set to 0 on reset
21:00:53.93   GameInfo::ResetInfo - SyncLevel set to 0 on reset
21:00:53.93   GameInfo::ResetInfo - SyncLevel set to 0 on reset
21:00:53.93   GameInfo::ResetInfo - SyncLevel set to 0 on reset
21:00:53.93   GameInfo::ResetInfo - SyncLevel set to 0 on reset
21:00:53.93   GameInfo::ResetInfo - SyncLevel set to 0 on reset
21:00:53.93   GameInfo::ResetInfo - SyncLevel set to 0 on reset
21:00:53.93   GameInfo::ResetInfo - SyncLevel set to 0 on reset
21:00:53.93   GameInfo::ResetInfo - SyncLevel set to 0 on reset
21:00:53.93   GameInfo::ResetInfo - SyncLevel set to 0 on reset
21:00:53.93   GameInfo::ResetInfo - SyncLevel set to 0 on reset
21:00:53.93   GameInfo::ResetInfo - SyncLevel set to 0 on reset
21:00:53.93   GameInfo::ResetInfo - SyncLevel set to 0 on reset
21:00:53.93   GameInfo::ResetInfo - SyncLevel set to 0 on reset
21:00:53.93   GameInfo::ResetInfo - SyncLevel set to 0 on reset
21:00:53.93   GameInfo::ResetInfo - SyncLevel set to 0 on reset
21:00:53.93   GameInfo::ResetInfo - SyncLevel set to 0 on reset
21:00:53.93   GameInfo::ResetInfo - SyncLevel set to 0 on reset
21:00:53.93   GameInfo::ResetInfo - SyncLevel set to 0 on reset
21:00:53.94   GameInfo::ResetInfo - SyncLevel set to 0 on reset
21:00:53.94   GameInfo::ResetInfo - SyncLevel set to 0 on reset
21:00:53.94   GameInfo::ResetInfo - SyncLevel set to 0 on reset
21:00:53.94   GameInfo::ResetInfo - SyncLevel set to 0 on reset
21:00:53.94   GameInfo::ResetInfo - SyncLevel set to 0 on reset
21:00:53.94   GameInfo::ResetInfo - SyncLevel set to 0 on reset
21:00:53.94   GameInfo::ResetInfo - SyncLevel set to 0 on reset
21:00:53.94   GameInfo::ResetInfo - SyncLevel set to 0 on reset
21:00:53.94   GameInfo::ResetInfo - SyncLevel set to 0 on reset
21:00:53.94   GameInfo::ResetInfo - SyncLevel set to 0 on reset
21:00:53.94   GameInfo::ResetInfo - SyncLevel set to 0 on reset
21:00:53.94   GameInfo::ResetInfo - SyncLevel set to 0 on reset
21:00:53.94   GameInfo::ResetInfo - SyncLevel set to 0 on reset
21:00:53.94   GameInfo::ResetInfo - SyncLevel set to 0 on reset
21:00:53.94   GameInfo::ResetInfo - SyncLevel set to 0 on reset
21:00:53.94   GameInfo::ResetInfo - SyncLevel set to 0 on reset
21:00:53.94   GameInfo::ResetInfo - SyncLevel set to 0 on reset
21:00:53.94   GameInfo::ResetInfo - SyncLevel set to 0 on reset
21:00:53.94   GameInfo::ResetInfo - SyncLevel set to 0 on reset
21:00:53.94   GameInfo::ResetInfo - SyncLevel set to 0 on reset
21:00:53.94   GameInfo::ResetInfo - SyncLevel set to 0 on reset
21:00:53.94   GameInfo::ResetInfo - SyncLevel set to 0 on reset
21:00:53.94   GameInfo::ResetInfo - SyncLevel set to 0 on reset
21:00:53.94   GameInfo::ResetInfo - SyncLevel set to 0 on reset
21:00:53.94   GameInfo::ResetInfo - SyncLevel set to 0 on reset
21:00:53.94   GameInfo::ResetInfo - SyncLevel set to 0 on reset
21:00:53.94   GameInfo::ResetInfo - SyncLevel set to 0 on reset
21:00:53.95   GameInfo::ResetInfo - SyncLevel set to 0 on reset
21:00:53.95   GameInfo::ResetInfo - SyncLevel set to 0 on reset
21:00:53.95   GameInfo::ResetInfo - SyncLevel set to 0 on reset
21:00:53.95   GameInfo::ResetInfo - SyncLevel set to 0 on reset
21:00:53.95   GameInfo::ResetInfo - SyncLevel set to 0 on reset
21:00:53.95   GameInfo::ResetInfo - SyncLevel set to 0 on reset
21:00:53.95   GameInfo::ResetInfo - SyncLevel set to 0 on reset
21:00:53.95   GameInfo::ResetInfo - SyncLevel set to 0 on reset
21:00:53.95   GameInfo::ResetInfo - SyncLevel set to 0 on reset
21:00:53.95   GameInfo::ResetInfo - SyncLevel set to 0 on reset
21:00:53.95   GameInfo::ResetInfo - SyncLevel set to 0 on reset
21:00:53.95   GameInfo::ResetInfo - SyncLevel set to 0 on reset
21:00:53.95   GameInfo::ResetInfo - SyncLevel set to 0 on reset
21:00:53.95   GameInfo::ResetInfo - SyncLevel set to 0 on reset
21:00:53.95   GameInfo::ResetInfo - SyncLevel set to 0 on reset
21:00:53.95   GameInfo::ResetInfo - SyncLevel set to 0 on reset
21:00:53.95   GameInfo::ResetInfo - SyncLevel set to 0 on reset
21:00:53.95   GameInfo::ResetInfo - SyncLevel set to 0 on reset
21:00:53.96   GameInfo::ResetInfo - SyncLevel set to 0 on reset
21:00:53.96   GameInfo::ResetInfo - SyncLevel set to 0 on reset
21:00:53.96   GameInfo::ResetInfo - SyncLevel set to 0 on reset
21:00:53.96   GameInfo::ResetInfo - SyncLevel set to 0 on reset
21:00:53.96   GameInfo::ResetInfo - SyncLevel set to 0 on reset
21:00:53.96   GameInfo::ResetInfo - SyncLevel set to 0 on reset
21:00:53.96   GameInfo::ResetInfo - SyncLevel set to 0 on reset
21:00:53.96   GameInfo::ResetInfo - SyncLevel set to 0 on reset
21:00:53.96   GameInfo::ResetInfo - SyncLevel set to 0 on reset
21:00:53.96   GameInfo::ResetInfo - SyncLevel set to 0 on reset
21:00:53.96   GameInfo::ResetInfo - SyncLevel set to 0 on reset
21:00:53.96   GameInfo::ResetInfo - SyncLevel set to 0 on reset
21:00:53.96   GameInfo::ResetInfo - SyncLevel set to 0 on reset
21:00:53.96   GameInfo::ResetInfo - SyncLevel set to 0 on reset
21:00:53.96   GameInfo::ResetInfo - SyncLevel set to 0 on reset
21:00:53.96   GameInfo::ResetInfo - SyncLevel set to 0 on reset
21:00:53.96   GameInfo::ResetInfo - SyncLevel set to 0 on reset
21:00:53.96   GameInfo::ResetInfo - SyncLevel set to 0 on reset
21:00:53.96   GameInfo::ResetInfo - SyncLevel set to 0 on reset
21:00:53.96   GameInfo::ResetInfo - SyncLevel set to 0 on reset
21:00:53.96   GameInfo::ResetInfo - SyncLevel set to 0 on reset
21:00:53.96   GameInfo::ResetInfo - SyncLevel set to 0 on reset
21:00:53.96   GameInfo::ResetInfo - SyncLevel set to 0 on reset
21:00:53.96   GameInfo::ResetInfo - SyncLevel set to 0 on reset
21:00:53.96   GameInfo::ResetInfo - SyncLevel set to 0 on reset
21:00:53.96   GameInfo::ResetInfo - SyncLevel set to 0 on reset
21:00:53.96   GameInfo::ResetInfo - SyncLevel set to 0 on reset
21:00:53.97   GameInfo::ResetInfo - SyncLevel set to 0 on reset
21:00:53.97   GameInfo::ResetInfo - SyncLevel set to 0 on reset
21:00:53.97   GameInfo::ResetInfo - SyncLevel set to 0 on reset
21:00:53.97   GameInfo::ResetInfo - SyncLevel set to 0 on reset
21:00:53.97   GameInfo::ResetInfo - SyncLevel set to 0 on reset
21:00:53.97   GameInfo::ResetInfo - SyncLevel set to 0 on reset
21:00:53.97   GameInfo::ResetInfo - SyncLevel set to 0 on reset
21:00:53.97   GameInfo::ResetInfo - SyncLevel set to 0 on reset
21:00:53.97   GameInfo::ResetInfo - SyncLevel set to 0 on reset
21:00:53.97   GameInfo::ResetInfo - SyncLevel set to 0 on reset
21:00:53.97   GameInfo::ResetInfo - SyncLevel set to 0 on reset
21:00:53.97   GameInfo::ResetInfo - SyncLevel set to 0 on reset
21:00:53.97   GameInfo::ResetInfo - SyncLevel set to 0 on reset
21:00:53.97   GameInfo::ResetInfo - SyncLevel set to 0 on reset
21:00:53.97   GameInfo::ResetInfo - SyncLevel set to 0 on reset
21:00:53.97   GameInfo::ResetInfo - SyncLevel set to 0 on reset
21:00:53.97   GameInfo::ResetInfo - SyncLevel set to 0 on reset
21:00:53.97   GameInfo::ResetInfo - SyncLevel set to 0 on reset
21:00:53.97   GameInfo::ResetInfo - SyncLevel set to 0 on reset
21:00:53.97   GameInfo::ResetInfo - SyncLevel set to 0 on reset
21:00:53.97   GameInfo::ResetInfo - SyncLevel set to 0 on reset
21:00:53.97   GameInfo::ResetInfo - SyncLevel set to 0 on reset
21:00:53.97   GameInfo::ResetInfo - SyncLevel set to 0 on reset
21:00:53.97   GameInfo::ResetInfo - SyncLevel set to 0 on reset
21:00:53.97   GameInfo::ResetInfo - SyncLevel set to 0 on reset
21:00:53.97   GameInfo::ResetInfo - SyncLevel set to 0 on reset
21:00:53.97   GameInfo::ResetInfo - SyncLevel set to 0 on reset
21:00:53.97   GameInfo::ResetInfo - SyncLevel set to 0 on reset
21:00:53.98   GameInfo::ResetInfo - SyncLevel set to 0 on reset
21:00:53.98   GameInfo::ResetInfo - SyncLevel set to 0 on reset
21:00:53.98   GameInfo::ResetInfo - SyncLevel set to 0 on reset
21:00:53.98   GameInfo::ResetInfo - SyncLevel set to 0 on reset
21:00:53.98   GameInfo::ResetInfo - SyncLevel set to 0 on reset
21:00:53.98   GameInfo::ResetInfo - SyncLevel set to 0 on reset
21:00:53.98   GameInfo::ResetInfo - SyncLevel set to 0 on reset
21:00:53.98   GameInfo::ResetInfo - SyncLevel set to 0 on reset
21:00:53.98   GameInfo::ResetInfo - SyncLevel set to 0 on reset
21:00:53.98   GameInfo::ResetInfo - SyncLevel set to 0 on reset
21:00:53.98   GameInfo::ResetInfo - SyncLevel set to 0 on reset
21:00:53.98   GameInfo::ResetInfo - SyncLevel set to 0 on reset
21:00:53.98   GameInfo::ResetInfo - SyncLevel set to 0 on reset
21:00:53.98   GameInfo::ResetInfo - SyncLevel set to 0 on reset
21:00:53.98   GameInfo::ResetInfo - SyncLevel set to 0 on reset
21:00:53.98   GameInfo::ResetInfo - SyncLevel set to 0 on reset
21:00:53.98   GameInfo::ResetInfo - SyncLevel set to 0 on reset
21:00:53.98   GameInfo::ResetInfo - SyncLevel set to 0 on reset
21:00:53.98   GameInfo::ResetInfo - SyncLevel set to 0 on reset
21:00:53.98   GameInfo::ResetInfo - SyncLevel set to 0 on reset
21:00:53.98   GameInfo::ResetInfo - SyncLevel set to 0 on reset
21:00:53.98   GameInfo::ResetInfo - SyncLevel set to 0 on reset
21:00:53.98   GameInfo::ResetInfo - SyncLevel set to 0 on reset
21:00:53.99   GameInfo::ResetInfo - SyncLevel set to 0 on reset
21:00:53.99   GameInfo::ResetInfo - SyncLevel set to 0 on reset
21:00:53.99   GameInfo::ResetInfo - SyncLevel set to 0 on reset
21:00:53.99   GameInfo::ResetInfo - SyncLevel set to 0 on reset
21:00:53.99   GameInfo::ResetInfo - SyncLevel set to 0 on reset
21:00:53.99   GameInfo::ResetInfo - SyncLevel set to 0 on reset
21:00:53.99   GameInfo::ResetInfo - SyncLevel set to 0 on reset
21:00:53.99   GameInfo::ResetInfo - SyncLevel set to 0 on reset
21:00:53.99   GameInfo::ResetInfo - SyncLevel set to 0 on reset
21:00:53.99   GameInfo::ResetInfo - SyncLevel set to 0 on reset
21:00:53.99   GameInfo::ResetInfo - SyncLevel set to 0 on reset
21:00:53.99   GameInfo::ResetInfo - SyncLevel set to 0 on reset
21:00:53.99   GameInfo::ResetInfo - SyncLevel set to 0 on reset
21:00:53.99   GameInfo::ResetInfo - SyncLevel set to 0 on reset
21:00:53.99   GameInfo::ResetInfo - SyncLevel set to 0 on reset
21:00:53.99   GameInfo::ResetInfo - SyncLevel set to 0 on reset
21:00:53.99   GameInfo::ResetInfo - SyncLevel set to 0 on reset
21:00:53.99   GameInfo::ResetInfo - SyncLevel set to 0 on reset
21:00:53.99   GameInfo::ResetInfo - SyncLevel set to 0 on reset
21:00:53.99   GameInfo::ResetInfo - SyncLevel set to 0 on reset
21:00:53.99   GameInfo::ResetInfo - SyncLevel set to 0 on reset
21:00:53.99   GameInfo::ResetInfo - SyncLevel set to 0 on reset
21:00:53.99   GameInfo::ResetInfo - SyncLevel set to 0 on reset
21:00:53.99   GameInfo::ResetInfo - SyncLevel set to 0 on reset
21:00:53.99   GameInfo::ResetInfo - SyncLevel set to 0 on reset
21:00:53.99   GameInfo::ResetInfo - SyncLevel set to 0 on reset
21:00:53.99   GameInfo::ResetInfo - SyncLevel set to 0 on reset
21:00:54.00   GameInfo::ResetInfo - SyncLevel set to 0 on reset
21:00:54.00   GameInfo::ResetInfo - SyncLevel set to 0 on reset
21:00:54.00   GameInfo::ResetInfo - SyncLevel set to 0 on reset
21:00:54.00   GameInfo::ResetInfo - SyncLevel set to 0 on reset
21:00:54.00   GameInfo::ResetInfo - SyncLevel set to 0 on reset
21:00:54.00   GameInfo::ResetInfo - SyncLevel set to 0 on reset
21:00:54.00   GameInfo::ResetInfo - SyncLevel set to 0 on reset
21:00:54.00   GameInfo::ResetInfo - SyncLevel set to 0 on reset
21:00:54.00   GameInfo::ResetInfo - SyncLevel set to 0 on reset
21:00:54.00   GameInfo::ResetInfo - SyncLevel set to 0 on reset
21:00:54.00   GameInfo::ResetInfo - SyncLevel set to 0 on reset
21:00:54.00   GameInfo::ResetInfo - SyncLevel set to 0 on reset
21:00:54.00   GameInfo::ResetInfo - SyncLevel set to 0 on reset
21:00:54.00   GameInfo::ResetInfo - SyncLevel set to 0 on reset
21:00:54.00   GameInfo::ResetInfo - SyncLevel set to 0 on reset
21:00:54.00   GameInfo::ResetInfo - SyncLevel set to 0 on reset
21:00:54.00   GameInfo::ResetInfo - SyncLevel set to 0 on reset
21:00:54.00   GameInfo::ResetInfo - SyncLevel set to 0 on reset
21:00:54.00   GameInfo::ResetInfo - SyncLevel set to 0 on reset
21:00:54.00   GameInfo::ResetInfo - SyncLevel set to 0 on reset
21:00:54.00   GameInfo::ResetInfo - SyncLevel set to 0 on reset
21:00:54.00   GameInfo::ResetInfo - SyncLevel set to 0 on reset
21:00:54.00   GameInfo::ResetInfo - SyncLevel set to 0 on reset
21:00:54.00   GameInfo::ResetInfo - SyncLevel set to 0 on reset
21:00:54.00   GameInfo::ResetInfo - SyncLevel set to 0 on reset
21:00:54.00   GameInfo::ResetInfo - SyncLevel set to 0 on reset
21:00:54.00   GameInfo::ResetInfo - SyncLevel set to 0 on reset
21:00:54.00   GameInfo::ResetInfo - SyncLevel set to 0 on reset
21:00:54.00   GameInfo::ResetInfo - SyncLevel set to 0 on reset
21:00:54.01   GameInfo::ResetInfo - SyncLevel set to 0 on reset
21:00:54.01   GameInfo::ResetInfo - SyncLevel set to 0 on reset
21:00:54.01   GameInfo::ResetInfo - SyncLevel set to 0 on reset
21:00:54.01   GameInfo::ResetInfo - SyncLevel set to 0 on reset
21:00:54.01   GameInfo::ResetInfo - SyncLevel set to 0 on reset
21:00:54.01   GameInfo::ResetInfo - SyncLevel set to 0 on reset
21:00:54.01   GameInfo::ResetInfo - SyncLevel set to 0 on reset
21:00:54.01   GameInfo::ResetInfo - SyncLevel set to 0 on reset
21:00:54.01   GameInfo::ResetInfo - SyncLevel set to 0 on reset
21:00:54.01   GameInfo::ResetInfo - SyncLevel set to 0 on reset
21:00:54.01   GameInfo::ResetInfo - SyncLevel set to 0 on reset
21:00:54.01   GameInfo::ResetInfo - SyncLevel set to 0 on reset
21:00:54.01   GameInfo::ResetInfo - SyncLevel set to 0 on reset
21:00:54.01   GameInfo::ResetInfo - SyncLevel set to 0 on reset
21:00:54.01   GameInfo::ResetInfo - SyncLevel set to 0 on reset
21:00:54.01   GameInfo::ResetInfo - SyncLevel set to 0 on reset
21:00:54.01   GameInfo::ResetInfo - SyncLevel set to 0 on reset
21:00:54.01   GameInfo::ResetInfo - SyncLevel set to 0 on reset
21:00:54.02   GameInfo::ResetInfo - SyncLevel set to 0 on reset
21:00:54.02   GameInfo::ResetInfo - SyncLevel set to 0 on reset
21:00:54.02   GameInfo::ResetInfo - SyncLevel set to 0 on reset
21:00:54.02   GameInfo::ResetInfo - SyncLevel set to 0 on reset
21:00:54.02   GameInfo::ResetInfo - SyncLevel set to 0 on reset
21:00:54.02   GameInfo::ResetInfo - SyncLevel set to 0 on reset
21:00:54.02   GameInfo::ResetInfo - SyncLevel set to 0 on reset
21:00:54.02   GameInfo::ResetInfo - SyncLevel set to 0 on reset
21:00:54.02   GameInfo::ResetInfo - SyncLevel set to 0 on reset
21:00:54.02   GameInfo::ResetInfo - SyncLevel set to 0 on reset
21:00:54.02   GameInfo::ResetInfo - SyncLevel set to 0 on reset
21:00:54.02   GameInfo::ResetInfo - SyncLevel set to 0 on reset
21:00:54.02   GameInfo::ResetInfo - SyncLevel set to 0 on reset
21:00:54.02   GameInfo::ResetInfo - SyncLevel set to 0 on reset
21:00:54.02   GameInfo::ResetInfo - SyncLevel set to 0 on reset
21:00:54.02   GameInfo::ResetInfo - SyncLevel set to 0 on reset
21:00:54.02   GameInfo::ResetInfo - SyncLevel set to 0 on reset
21:00:54.02   GameInfo::ResetInfo - SyncLevel set to 0 on reset
21:00:54.02   GameInfo::ResetInfo - SyncLevel set to 0 on reset
21:00:54.02   GameInfo::ResetInfo - SyncLevel set to 0 on reset
21:00:54.02   GameInfo::ResetInfo - SyncLevel set to 0 on reset
21:00:54.02   GameInfo::ResetInfo - SyncLevel set to 0 on reset
21:00:54.02   GameInfo::ResetInfo - SyncLevel set to 0 on reset
21:00:54.02   GameInfo::ResetInfo - SyncLevel set to 0 on reset
21:00:54.02   GameInfo::ResetInfo - SyncLevel set to 0 on reset
21:00:54.03   GameInfo::ResetInfo - SyncLevel set to 0 on reset
21:00:54.03   GameInfo::ResetInfo - SyncLevel set to 0 on reset
21:00:54.03   GameInfo::ResetInfo - SyncLevel set to 0 on reset
21:00:54.03   GameInfo::ResetInfo - SyncLevel set to 0 on reset
21:00:54.03   GameInfo::ResetInfo - SyncLevel set to 0 on reset
21:00:54.03   GameInfo::ResetInfo - SyncLevel set to 0 on reset
21:00:54.03   GameInfo::ResetInfo - SyncLevel set to 0 on reset
21:00:54.03   GameInfo::ResetInfo - SyncLevel set to 0 on reset
21:00:54.03   GameInfo::ResetInfo - SyncLevel set to 0 on reset
21:00:54.03   GameInfo::ResetInfo - SyncLevel set to 0 on reset
21:00:54.03   GameInfo::ResetInfo - SyncLevel set to 0 on reset
21:00:54.03   GameInfo::ResetInfo - SyncLevel set to 0 on reset
21:00:54.03   GameInfo::ResetInfo - SyncLevel set to 0 on reset
21:00:54.03   GameInfo::ResetInfo - SyncLevel set to 0 on reset
21:00:54.03   GameInfo::ResetInfo - SyncLevel set to 0 on reset
21:00:54.03   GameInfo::ResetInfo - SyncLevel set to 0 on reset
21:00:54.03   GameInfo::ResetInfo - SyncLevel set to 0 on reset
21:00:54.03   GameInfo::ResetInfo - SyncLevel set to 0 on reset
21:00:54.03   GameInfo::ResetInfo - SyncLevel set to 0 on reset
21:00:54.03   GameInfo::ResetInfo - SyncLevel set to 0 on reset
21:00:54.03   GameInfo::ResetInfo - SyncLevel set to 0 on reset
21:00:54.04   GameInfo::ResetInfo - SyncLevel set to 0 on reset
21:00:54.04   GameInfo::ResetInfo - SyncLevel set to 0 on reset
21:00:54.04   GameInfo::ResetInfo - SyncLevel set to 0 on reset
21:00:54.04   GameInfo::ResetInfo - SyncLevel set to 0 on reset
21:00:54.04   GameInfo::ResetInfo - SyncLevel set to 0 on reset
21:00:54.04   GameInfo::ResetInfo - SyncLevel set to 0 on reset
21:00:54.04   GameInfo::ResetInfo - SyncLevel set to 0 on reset
21:00:54.04   GameInfo::ResetInfo - SyncLevel set to 0 on reset
21:00:54.04   GameInfo::ResetInfo - SyncLevel set to 0 on reset
21:00:54.04   GameInfo::ResetInfo - SyncLevel set to 0 on reset
21:00:54.04   GameInfo::ResetInfo - SyncLevel set to 0 on reset
21:00:54.04   GameInfo::ResetInfo - SyncLevel set to 0 on reset
21:00:54.04   GameInfo::ResetInfo - SyncLevel set to 0 on reset
21:00:54.04   GameInfo::ResetInfo - SyncLevel set to 0 on reset
21:00:54.04   GameInfo::ResetInfo - SyncLevel set to 0 on reset
21:00:54.04   GameInfo::ResetInfo - SyncLevel set to 0 on reset
21:00:54.04   GameInfo::ResetInfo - SyncLevel set to 0 on reset
21:00:54.04   GameInfo::ResetInfo - SyncLevel set to 0 on reset
21:00:54.04   GameInfo::ResetInfo - SyncLevel set to 0 on reset
21:00:54.04   GameInfo::ResetInfo - SyncLevel set to 0 on reset
21:00:54.05   GameInfo::ResetInfo - SyncLevel set to 0 on reset
21:00:54.05   GameInfo::ResetInfo - SyncLevel set to 0 on reset
21:00:54.05   GameInfo::ResetInfo - SyncLevel set to 0 on reset
21:00:54.05   GameInfo::ResetInfo - SyncLevel set to 0 on reset
21:00:54.05   GameInfo::ResetInfo - SyncLevel set to 0 on reset
21:00:54.05   GameInfo::ResetInfo - SyncLevel set to 0 on reset
21:00:54.05   GameInfo::ResetInfo - SyncLevel set to 0 on reset
21:00:54.05   GameInfo::ResetInfo - SyncLevel set to 0 on reset
21:00:54.05   GameInfo::ResetInfo - SyncLevel set to 0 on reset
21:00:54.05   GameInfo::ResetInfo - SyncLevel set to 0 on reset
21:00:54.05   GameInfo::ResetInfo - SyncLevel set to 0 on reset
21:00:54.05   GameInfo::ResetInfo - SyncLevel set to 0 on reset
21:00:54.05   GameInfo::ResetInfo - SyncLevel set to 0 on reset
21:00:54.05   GameInfo::ResetInfo - SyncLevel set to 0 on reset
21:00:54.05   GameInfo::ResetInfo - SyncLevel set to 0 on reset
21:00:54.05   GameInfo::ResetInfo - SyncLevel set to 0 on reset
21:00:54.05   GameInfo::ResetInfo - SyncLevel set to 0 on reset
21:00:54.05   GameInfo::ResetInfo - SyncLevel set to 0 on reset
21:00:54.05   GameInfo::ResetInfo - SyncLevel set to 0 on reset
21:00:54.05   GameInfo::ResetInfo - SyncLevel set to 0 on reset
21:00:54.05   GameInfo::ResetInfo - SyncLevel set to 0 on reset
21:00:54.05   GameInfo::ResetInfo - SyncLevel set to 0 on reset
21:00:54.06   GameInfo::ResetInfo - SyncLevel set to 0 on reset
21:00:54.06   GameInfo::ResetInfo - SyncLevel set to 0 on reset
21:00:54.06   GameInfo::ResetInfo - SyncLevel set to 0 on reset
21:00:54.06   GameInfo::ResetInfo - SyncLevel set to 0 on reset
21:00:54.06   GameInfo::ResetInfo - SyncLevel set to 0 on reset
21:00:54.06   GameInfo::ResetInfo - SyncLevel set to 0 on reset
21:00:54.06   GameInfo::ResetInfo - SyncLevel set to 0 on reset
21:00:54.06   GameInfo::ResetInfo - SyncLevel set to 0 on reset
21:00:54.06   GameInfo::ResetInfo - SyncLevel set to 0 on reset
21:00:54.06   GameInfo::ResetInfo - SyncLevel set to 0 on reset
21:00:54.06   GameInfo::ResetInfo - SyncLevel set to 0 on reset
21:00:54.06   GameInfo::ResetInfo - SyncLevel set to 0 on reset
21:00:54.06   GameInfo::ResetInfo - SyncLevel set to 0 on reset
21:00:54.06   GameInfo::ResetInfo - SyncLevel set to 0 on reset
21:00:54.06   GameInfo::ResetInfo - SyncLevel set to 0 on reset
21:00:54.06   GameInfo::ResetInfo - SyncLevel set to 0 on reset
21:00:54.06   GameInfo::ResetInfo - SyncLevel set to 0 on reset
21:00:54.06   GameInfo::ResetInfo - SyncLevel set to 0 on reset
21:00:54.06   GameInfo::ResetInfo - SyncLevel set to 0 on reset
21:00:54.06   GameInfo::ResetInfo - SyncLevel set to 0 on reset
21:00:54.06   GameInfo::ResetInfo - SyncLevel set to 0 on reset
21:00:54.06   GameInfo::ResetInfo - SyncLevel set to 0 on reset
21:00:54.06   GameInfo::ResetInfo - SyncLevel set to 0 on reset
21:00:54.06   GameInfo::ResetInfo - SyncLevel set to 0 on reset
21:00:54.06   GameInfo::ResetInfo - SyncLevel set to 0 on reset
21:00:54.06   GameInfo::ResetInfo - SyncLevel set to 0 on reset
21:00:54.06   GameInfo::ResetInfo - SyncLevel set to 0 on reset
21:00:54.07   GameInfo::ResetInfo - SyncLevel set to 0 on reset
21:00:54.07   GameInfo::ResetInfo - SyncLevel set to 0 on reset
21:00:54.07   GameInfo::ResetInfo - SyncLevel set to 0 on reset
21:00:54.07   GameInfo::ResetInfo - SyncLevel set to 0 on reset
21:00:54.07   GameInfo::ResetInfo - SyncLevel set to 0 on reset
21:00:54.07   GameInfo::ResetInfo - SyncLevel set to 0 on reset
21:00:54.07   GameInfo::ResetInfo - SyncLevel set to 0 on reset
21:00:54.07   GameInfo::ResetInfo - SyncLevel set to 0 on reset
21:00:54.07   GameInfo::ResetInfo - SyncLevel set to 0 on reset
21:00:54.07   GameInfo::ResetInfo - SyncLevel set to 0 on reset
21:00:54.07   GameInfo::ResetInfo - SyncLevel set to 0 on reset
21:00:54.07   GameInfo::ResetInfo - SyncLevel set to 0 on reset
21:00:54.07   GameInfo::ResetInfo - SyncLevel set to 0 on reset
21:00:54.07   GameInfo::ResetInfo - SyncLevel set to 0 on reset
21:00:54.07   GameInfo::ResetInfo - SyncLevel set to 0 on reset
21:00:54.08   GameInfo::ResetInfo - SyncLevel set to 0 on reset
21:00:54.08   GameInfo::ResetInfo - SyncLevel set to 0 on reset
21:00:54.08   GameInfo::ResetInfo - SyncLevel set to 0 on reset
21:00:54.08   GameInfo::ResetInfo - SyncLevel set to 0 on reset
21:00:54.08   GameInfo::ResetInfo - SyncLevel set to 0 on reset
21:00:54.08   GameInfo::ResetInfo - SyncLevel set to 0 on reset
21:00:54.08   GameInfo::ResetInfo - SyncLevel set to 0 on reset
21:00:54.08   GameInfo::ResetInfo - SyncLevel set to 0 on reset
21:00:54.08   GameInfo::ResetInfo - SyncLevel set to 0 on reset
21:00:54.08   GameInfo::ResetInfo - SyncLevel set to 0 on reset
21:00:54.08   GameInfo::ResetInfo - SyncLevel set to 0 on reset
21:00:54.08   GameInfo::ResetInfo - SyncLevel set to 0 on reset
21:00:54.08   GameInfo::ResetInfo - SyncLevel set to 0 on reset
21:00:54.08   GameInfo::ResetInfo - SyncLevel set to 0 on reset
21:00:54.08   GameInfo::ResetInfo - SyncLevel set to 0 on reset
21:00:54.08   GameInfo::ResetInfo - SyncLevel set to 0 on reset
21:00:54.08   GameInfo::ResetInfo - SyncLevel set to 0 on reset
21:00:54.08   GameInfo::ResetInfo - SyncLevel set to 0 on reset
21:00:54.08   GameInfo::ResetInfo - SyncLevel set to 0 on reset
21:00:54.08   GameInfo::ResetInfo - SyncLevel set to 0 on reset
21:00:54.08   GameInfo::ResetInfo - SyncLevel set to 0 on reset
21:00:54.09   GameInfo::ResetInfo - SyncLevel set to 0 on reset
21:00:54.09   GameInfo::ResetInfo - SyncLevel set to 0 on reset
21:00:54.09   GameInfo::ResetInfo - SyncLevel set to 0 on reset
21:00:54.09   GameInfo::ResetInfo - SyncLevel set to 0 on reset
21:00:54.09   GameInfo::ResetInfo - SyncLevel set to 0 on reset
21:00:54.09   GameInfo::ResetInfo - SyncLevel set to 0 on reset
21:00:54.09   GameInfo::ResetInfo - SyncLevel set to 0 on reset
21:00:54.09   GameInfo::ResetInfo - SyncLevel set to 0 on reset
21:00:54.09   GameInfo::ResetInfo - SyncLevel set to 0 on reset
21:00:54.09   GameInfo::ResetInfo - SyncLevel set to 0 on reset
21:00:54.09   GameInfo::ResetInfo - SyncLevel set to 0 on reset
21:00:54.09   GameInfo::ResetInfo - SyncLevel set to 0 on reset
21:00:54.09   GameInfo::ResetInfo - SyncLevel set to 0 on reset
21:00:54.09   GameInfo::ResetInfo - SyncLevel set to 0 on reset
21:00:54.09   GameInfo::ResetInfo - SyncLevel set to 0 on reset
21:00:54.09   GameInfo::ResetInfo - SyncLevel set to 0 on reset
21:00:54.09   GameInfo::ResetInfo - SyncLevel set to 0 on reset
21:00:54.09   GameInfo::ResetInfo - SyncLevel set to 0 on reset
21:00:54.09   GameInfo::ResetInfo - SyncLevel set to 0 on reset
21:00:54.09   GameInfo::ResetInfo - SyncLevel set to 0 on reset
21:00:54.09   GameInfo::ResetInfo - SyncLevel set to 0 on reset
21:00:54.09   GameInfo::ResetInfo - SyncLevel set to 0 on reset
21:00:54.09   GameInfo::ResetInfo - SyncLevel set to 0 on reset
21:00:54.09   GameInfo::ResetInfo - SyncLevel set to 0 on reset
21:00:54.09   GameInfo::ResetInfo - SyncLevel set to 0 on reset
21:00:54.09   GameInfo::ResetInfo - SyncLevel set to 0 on reset
21:00:54.09   GameInfo::ResetInfo - SyncLevel set to 0 on reset
21:00:54.09   GameInfo::ResetInfo - SyncLevel set to 0 on reset
21:00:54.09   GameInfo::ResetInfo - SyncLevel set to 0 on reset
21:00:54.09   GameInfo::ResetInfo - SyncLevel set to 0 on reset
21:00:54.10   GameInfo::ResetInfo - SyncLevel set to 0 on reset
21:00:54.10   GameInfo::ResetInfo - SyncLevel set to 0 on reset
21:00:54.10   GameInfo::ResetInfo - SyncLevel set to 0 on reset
21:00:54.10   GameInfo::ResetInfo - SyncLevel set to 0 on reset
21:00:54.10   GameInfo::ResetInfo - SyncLevel set to 0 on reset
21:00:54.10   GameInfo::ResetInfo - SyncLevel set to 0 on reset
21:00:54.10   GameInfo::ResetInfo - SyncLevel set to 0 on reset
21:00:54.10   GameInfo::ResetInfo - SyncLevel set to 0 on reset
21:00:54.10   GameInfo::ResetInfo - SyncLevel set to 0 on reset
21:00:54.10   GameInfo::ResetInfo - SyncLevel set to 0 on reset
21:00:54.10   GameInfo::ResetInfo - SyncLevel set to 0 on reset
21:00:54.10   GameInfo::ResetInfo - SyncLevel set to 0 on reset
21:00:54.10   GameInfo::ResetInfo - SyncLevel set to 0 on reset
21:00:54.10   GameInfo::ResetInfo - SyncLevel set to 0 on reset
21:00:54.10   GameInfo::ResetInfo - SyncLevel set to 0 on reset
21:00:54.10   GameInfo::ResetInfo - SyncLevel set to 0 on reset
21:00:54.10   GameInfo::ResetInfo - SyncLevel set to 0 on reset
21:00:54.11   GameInfo::ResetInfo - SyncLevel set to 0 on reset
21:00:54.11   GameInfo::ResetInfo - SyncLevel set to 0 on reset
21:00:54.11   GameInfo::ResetInfo - SyncLevel set to 0 on reset
21:00:54.11   GameInfo::ResetInfo - SyncLevel set to 0 on reset
21:00:54.11   GameInfo::ResetInfo - SyncLevel set to 0 on reset
21:00:54.11   GameInfo::ResetInfo - SyncLevel set to 0 on reset
21:00:54.11   GameInfo::ResetInfo - SyncLevel set to 0 on reset
21:00:54.11   GameInfo::ResetInfo - SyncLevel set to 0 on reset
21:00:54.11   GameInfo::ResetInfo - SyncLevel set to 0 on reset
21:00:54.11   GameInfo::ResetInfo - SyncLevel set to 0 on reset
21:00:54.11   GameInfo::ResetInfo - SyncLevel set to 0 on reset
21:00:54.11   GameInfo::ResetInfo - SyncLevel set to 0 on reset
21:00:54.11   GameInfo::ResetInfo - SyncLevel set to 0 on reset
21:00:54.11   GameInfo::ResetInfo - SyncLevel set to 0 on reset
21:00:54.11   GameInfo::ResetInfo - SyncLevel set to 0 on reset
21:00:54.11   GameInfo::ResetInfo - SyncLevel set to 0 on reset
21:00:54.11   GameInfo::ResetInfo - SyncLevel set to 0 on reset
21:00:54.11   GameInfo::ResetInfo - SyncLevel set to 0 on reset
21:00:54.11   GameInfo::ResetInfo - SyncLevel set to 0 on reset
21:00:54.12   GameInfo::ResetInfo - SyncLevel set to 0 on reset
21:00:54.12   GameInfo::ResetInfo - SyncLevel set to 0 on reset
21:00:54.12   GameInfo::ResetInfo - SyncLevel set to 0 on reset
21:00:54.12   GameInfo::ResetInfo - SyncLevel set to 0 on reset
21:00:54.12   GameInfo::ResetInfo - SyncLevel set to 0 on reset
21:00:54.12   GameInfo::ResetInfo - SyncLevel set to 0 on reset
21:00:54.12   GameInfo::ResetInfo - SyncLevel set to 0 on reset
21:00:54.12   GameInfo::ResetInfo - SyncLevel set to 0 on reset
21:00:54.12   GameInfo::ResetInfo - SyncLevel set to 0 on reset
21:00:54.12   GameInfo::ResetInfo - SyncLevel set to 0 on reset
21:00:54.12   GameInfo::ResetInfo - SyncLevel set to 0 on reset
21:00:54.12   GameInfo::ResetInfo - SyncLevel set to 0 on reset
21:00:54.12   GameInfo::ResetInfo - SyncLevel set to 0 on reset
21:00:54.12   GameInfo::ResetInfo - SyncLevel set to 0 on reset
21:00:54.12   GameInfo::ResetInfo - SyncLevel set to 0 on reset
21:00:54.12   GameInfo::ResetInfo - SyncLevel set to 0 on reset
21:00:54.12   GameInfo::ResetInfo - SyncLevel set to 0 on reset
21:00:54.12   GameInfo::ResetInfo - SyncLevel set to 0 on reset
21:00:54.12   GameInfo::ResetInfo - SyncLevel set to 0 on reset
21:00:54.12   GameInfo::ResetInfo - SyncLevel set to 0 on reset
21:00:54.12   GameInfo::ResetInfo - SyncLevel set to 0 on reset
21:00:54.13   GameInfo::ResetInfo - SyncLevel set to 0 on reset
21:00:54.13   GameInfo::ResetInfo - SyncLevel set to 0 on reset
21:00:54.13   GameInfo::ResetInfo - SyncLevel set to 0 on reset
21:00:54.13   GameInfo::ResetInfo - SyncLevel set to 0 on reset
21:00:54.13   GameInfo::ResetInfo - SyncLevel set to 0 on reset
21:00:54.13   GameInfo::ResetInfo - SyncLevel set to 0 on reset
21:00:54.13   GameInfo::ResetInfo - SyncLevel set to 0 on reset
21:00:54.13   GameInfo::ResetInfo - SyncLevel set to 0 on reset
21:00:54.13   GameInfo::ResetInfo - SyncLevel set to 0 on reset
21:00:54.13   GameInfo::ResetInfo - SyncLevel set to 0 on reset
21:00:54.13   GameInfo::ResetInfo - SyncLevel set to 0 on reset
21:00:54.13   GameInfo::ResetInfo - SyncLevel set to 0 on reset
21:00:54.13   GameInfo::ResetInfo - SyncLevel set to 0 on reset
21:00:54.13   GameInfo::ResetInfo - SyncLevel set to 0 on reset
21:00:54.13   GameInfo::ResetInfo - SyncLevel set to 0 on reset
21:00:54.13   GameInfo::ResetInfo - SyncLevel set to 0 on reset
21:00:54.13   GameInfo::ResetInfo - SyncLevel set to 0 on reset
21:00:54.13   GameInfo::ResetInfo - SyncLevel set to 0 on reset
21:00:54.14   GameInfo::ResetInfo - SyncLevel set to 0 on reset
21:00:54.14   GameInfo::ResetInfo - SyncLevel set to 0 on reset
21:00:54.14   GameInfo::ResetInfo - SyncLevel set to 0 on reset
21:00:54.14   GameInfo::ResetInfo - SyncLevel set to 0 on reset
21:00:54.14   GameInfo::ResetInfo - SyncLevel set to 0 on reset
21:00:54.14   GameInfo::ResetInfo - SyncLevel set to 0 on reset
21:00:54.14   GameInfo::ResetInfo - SyncLevel set to 0 on reset
21:00:54.14   GameInfo::ResetInfo - SyncLevel set to 0 on reset
21:00:54.14   GameInfo::ResetInfo - SyncLevel set to 0 on reset
21:00:54.14   GameInfo::ResetInfo - SyncLevel set to 0 on reset
21:00:54.14   GameInfo::ResetInfo - SyncLevel set to 0 on reset
21:00:54.14   GameInfo::ResetInfo - SyncLevel set to 0 on reset
21:00:54.14   GameInfo::ResetInfo - SyncLevel set to 0 on reset
21:00:54.14   GameInfo::ResetInfo - SyncLevel set to 0 on reset
21:00:54.14   GameInfo::ResetInfo - SyncLevel set to 0 on reset
21:00:54.14   GameInfo::ResetInfo - SyncLevel set to 0 on reset
21:00:54.14   GameInfo::ResetInfo - SyncLevel set to 0 on reset
21:00:54.14   GameInfo::ResetInfo - SyncLevel set to 0 on reset
21:00:54.15   GameInfo::ResetInfo - SyncLevel set to 0 on reset
21:00:54.15   GameInfo::ResetInfo - SyncLevel set to 0 on reset
21:00:54.15   GameInfo::ResetInfo - SyncLevel set to 0 on reset
21:00:54.15   GameInfo::ResetInfo - SyncLevel set to 0 on reset
21:00:54.15   GameInfo::ResetInfo - SyncLevel set to 0 on reset
21:00:54.15   GameInfo::ResetInfo - SyncLevel set to 0 on reset
21:00:54.15   GameInfo::ResetInfo - SyncLevel set to 0 on reset
21:00:54.15   GameInfo::ResetInfo - SyncLevel set to 0 on reset
21:00:54.15   GameInfo::ResetInfo - SyncLevel set to 0 on reset
21:00:54.15   GameInfo::ResetInfo - SyncLevel set to 0 on reset
21:00:54.15   GameInfo::ResetInfo - SyncLevel set to 0 on reset
21:00:54.15   GameInfo::ResetInfo - SyncLevel set to 0 on reset
21:00:54.15   GameInfo::ResetInfo - SyncLevel set to 0 on reset
21:00:54.15   GameInfo::ResetInfo - SyncLevel set to 0 on reset
21:00:54.15   GameInfo::ResetInfo - SyncLevel set to 0 on reset
21:00:54.15   GameInfo::ResetInfo - SyncLevel set to 0 on reset
21:00:54.15   GameInfo::ResetInfo - SyncLevel set to 0 on reset
21:00:54.15   GameInfo::ResetInfo - SyncLevel set to 0 on reset
21:00:54.15   GameInfo::ResetInfo - SyncLevel set to 0 on reset
21:00:54.15   GameInfo::ResetInfo - SyncLevel set to 0 on reset
21:00:54.15   GameInfo::ResetInfo - SyncLevel set to 0 on reset
21:00:54.15   GameInfo::ResetInfo - SyncLevel set to 0 on reset
21:00:54.15   GameInfo::ResetInfo - SyncLevel set to 0 on reset
21:00:54.15   GameInfo::ResetInfo - SyncLevel set to 0 on reset
21:00:54.15   GameInfo::ResetInfo - SyncLevel set to 0 on reset
21:00:54.15   GameInfo::ResetInfo - SyncLevel set to 0 on reset
21:00:54.15   GameInfo::ResetInfo - SyncLevel set to 0 on reset
21:00:54.15   GameInfo::ResetInfo - SyncLevel set to 0 on reset
21:00:54.15   GameInfo::ResetInfo - SyncLevel set to 0 on reset
21:00:54.15   GameInfo::ResetInfo - SyncLevel set to 0 on reset
21:00:54.16   GameInfo::ResetInfo - SyncLevel set to 0 on reset
21:00:54.16   GameInfo::ResetInfo - SyncLevel set to 0 on reset
21:00:54.16   GameInfo::ResetInfo - SyncLevel set to 0 on reset
21:00:54.16   GameInfo::ResetInfo - SyncLevel set to 0 on reset
21:00:54.16   GameInfo::ResetInfo - SyncLevel set to 0 on reset
21:00:54.16   GameInfo::ResetInfo - SyncLevel set to 0 on reset
21:00:54.16   GameInfo::ResetInfo - SyncLevel set to 0 on reset
21:00:54.16   GameInfo::ResetInfo - SyncLevel set to 0 on reset
21:00:54.16   GameInfo::ResetInfo - SyncLevel set to 0 on reset
21:00:54.16   GameInfo::ResetInfo - SyncLevel set to 0 on reset
21:00:54.16   GameInfo::ResetInfo - SyncLevel set to 0 on reset
21:00:54.16   GameInfo::ResetInfo - SyncLevel set to 0 on reset
21:00:54.16   GameInfo::ResetInfo - SyncLevel set to 0 on reset
21:00:54.16   GameInfo::ResetInfo - SyncLevel set to 0 on reset
21:00:54.16   GameInfo::ResetInfo - SyncLevel set to 0 on reset
21:00:54.16   GameInfo::ResetInfo - SyncLevel set to 0 on reset
21:00:54.16   GameInfo::ResetInfo - SyncLevel set to 0 on reset
21:00:54.16   GameInfo::ResetInfo - SyncLevel set to 0 on reset
21:00:54.16   GAME -- Error reading header for recorded game PLAYBACK:8P_MONTARGIS_REGION_POINTS_UP.2019-01-28.01-38-28.rec
21:00:54.16   GameInfo::ResetInfo - SyncLevel set to 0 on reset
21:00:54.16   GameInfo::ResetInfo - SyncLevel set to 0 on reset
21:00:54.16   GameInfo::ResetInfo - SyncLevel set to 0 on reset
21:00:54.17   GAME -- Error reading header for recorded game PLAYBACK:8P_MONTARGIS_REGION_POINTS_UP.2019-08-27.22-25-49.rec
21:00:54.17   GameInfo::ResetInfo - SyncLevel set to 0 on reset
21:00:54.17   GameInfo::ResetInfo - SyncLevel set to 0 on reset
21:00:54.17   GameInfo::ResetInfo - SyncLevel set to 0 on reset
21:00:54.17   GameInfo::ResetInfo - SyncLevel set to 0 on reset
21:00:54.17   GameInfo::ResetInfo - SyncLevel set to 0 on reset
21:00:54.17   GameInfo::ResetInfo - SyncLevel set to 0 on reset
21:00:54.17   GameInfo::ResetInfo - SyncLevel set to 0 on reset
21:00:54.17   GameInfo::ResetInfo - SyncLevel set to 0 on reset
21:00:54.17   GameInfo::ResetInfo - SyncLevel set to 0 on reset
21:00:54.17   GameInfo::ResetInfo - SyncLevel set to 0 on reset
21:00:54.17   GameInfo::ResetInfo - SyncLevel set to 0 on reset
21:00:54.17   GameInfo::ResetInfo - SyncLevel set to 0 on reset
21:00:54.17   GameInfo::ResetInfo - SyncLevel set to 0 on reset
21:00:54.17   GameInfo::ResetInfo - SyncLevel set to 0 on reset
21:00:54.17   GameInfo::ResetInfo - SyncLevel set to 0 on reset
21:00:54.17   GameInfo::ResetInfo - SyncLevel set to 0 on reset
21:00:54.17   GameInfo::ResetInfo - SyncLevel set to 0 on reset
21:00:54.17   GameInfo::ResetInfo - SyncLevel set to 0 on reset
21:00:54.17   GameInfo::ResetInfo - SyncLevel set to 0 on reset
21:00:54.18   GameInfo::ResetInfo - SyncLevel set to 0 on reset
21:00:54.18   GameInfo::ResetInfo - SyncLevel set to 0 on reset
21:00:54.18   GameInfo::ResetInfo - SyncLevel set to 0 on reset
21:00:54.18   GameInfo::ResetInfo - SyncLevel set to 0 on reset
21:00:54.18   GameInfo::ResetInfo - SyncLevel set to 0 on reset
21:00:54.18   GameInfo::ResetInfo - SyncLevel set to 0 on reset
21:00:54.18   GameInfo::ResetInfo - SyncLevel set to 0 on reset
21:00:54.18   GameInfo::ResetInfo - SyncLevel set to 0 on reset
21:00:54.18   GameInfo::ResetInfo - SyncLevel set to 0 on reset
21:00:54.18   GameInfo::ResetInfo - SyncLevel set to 0 on reset
21:00:54.18   GameInfo::ResetInfo - SyncLevel set to 0 on reset
21:00:54.18   GameInfo::ResetInfo - SyncLevel set to 0 on reset
21:00:54.18   GameInfo::ResetInfo - SyncLevel set to 0 on reset
21:00:54.18   GameInfo::ResetInfo - SyncLevel set to 0 on reset
21:00:54.18   GameInfo::ResetInfo - SyncLevel set to 0 on reset
21:00:54.18   GameInfo::ResetInfo - SyncLevel set to 0 on reset
21:00:54.18   GameInfo::ResetInfo - SyncLevel set to 0 on reset
21:00:54.18   GameInfo::ResetInfo - SyncLevel set to 0 on reset
21:00:54.18   GameInfo::ResetInfo - SyncLevel set to 0 on reset
21:00:54.18   GameInfo::ResetInfo - SyncLevel set to 0 on reset
21:00:54.18   GameInfo::ResetInfo - SyncLevel set to 0 on reset
21:00:54.18   GameInfo::ResetInfo - SyncLevel set to 0 on reset
21:00:54.18   GameInfo::ResetInfo - SyncLevel set to 0 on reset
21:00:54.18   GameInfo::ResetInfo - SyncLevel set to 0 on reset
21:00:54.18   GameInfo::ResetInfo - SyncLevel set to 0 on reset
21:00:54.19   GameInfo::ResetInfo - SyncLevel set to 0 on reset
21:00:54.19   GameInfo::ResetInfo - SyncLevel set to 0 on reset
21:00:54.19   GameInfo::ResetInfo - SyncLevel set to 0 on reset
21:00:54.19   GameInfo::ResetInfo - SyncLevel set to 0 on reset
21:00:54.19   GameInfo::ResetInfo - SyncLevel set to 0 on reset
21:00:54.19   GameInfo::ResetInfo - SyncLevel set to 0 on reset
21:00:54.19   GameInfo::ResetInfo - SyncLevel set to 0 on reset
21:00:54.19   GameInfo::ResetInfo - SyncLevel set to 0 on reset
21:00:54.19   GameInfo::ResetInfo - SyncLevel set to 0 on reset
21:00:54.19   GameInfo::ResetInfo - SyncLevel set to 0 on reset
21:00:54.19   GameInfo::ResetInfo - SyncLevel set to 0 on reset
21:00:54.19   GameInfo::ResetInfo - SyncLevel set to 0 on reset
21:00:54.19   GameInfo::ResetInfo - SyncLevel set to 0 on reset
21:00:54.19   GameInfo::ResetInfo - SyncLevel set to 0 on reset
21:00:54.19   GameInfo::ResetInfo - SyncLevel set to 0 on reset
21:00:54.19   GameInfo::ResetInfo - SyncLevel set to 0 on reset
21:00:54.19   GameInfo::ResetInfo - SyncLevel set to 0 on reset
21:00:54.19   GameInfo::ResetInfo - SyncLevel set to 0 on reset
21:00:54.19   GameInfo::ResetInfo - SyncLevel set to 0 on reset
21:00:54.19   GameInfo::ResetInfo - SyncLevel set to 0 on reset
21:00:54.19   GameInfo::ResetInfo - SyncLevel set to 0 on reset
21:00:54.19   GameInfo::ResetInfo - SyncLevel set to 0 on reset
21:00:54.20   GameInfo::ResetInfo - SyncLevel set to 0 on reset
21:00:54.20   GameInfo::ResetInfo - SyncLevel set to 0 on reset
21:00:54.20   GameInfo::ResetInfo - SyncLevel set to 0 on reset
21:00:54.20   GameInfo::ResetInfo - SyncLevel set to 0 on reset
21:00:54.20   GameInfo::ResetInfo - SyncLevel set to 0 on reset
21:00:54.20   GameInfo::ResetInfo - SyncLevel set to 0 on reset
21:00:54.20   GameInfo::ResetInfo - SyncLevel set to 0 on reset
21:00:54.20   GameInfo::ResetInfo - SyncLevel set to 0 on reset
21:00:54.20   GameInfo::ResetInfo - SyncLevel set to 0 on reset
21:00:54.20   GameInfo::ResetInfo - SyncLevel set to 0 on reset
21:00:54.20   GameInfo::ResetInfo - SyncLevel set to 0 on reset
21:00:54.20   GameInfo::ResetInfo - SyncLevel set to 0 on reset
21:00:54.20   GameInfo::ResetInfo - SyncLevel set to 0 on reset
21:00:54.20   GameInfo::ResetInfo - SyncLevel set to 0 on reset
21:00:54.20   GameInfo::ResetInfo - SyncLevel set to 0 on reset
21:00:54.20   GameInfo::ResetInfo - SyncLevel set to 0 on reset
21:00:54.20   GameInfo::ResetInfo - SyncLevel set to 0 on reset
21:00:54.20   GameInfo::ResetInfo - SyncLevel set to 0 on reset
21:00:54.20   GameInfo::ResetInfo - SyncLevel set to 0 on reset
21:00:54.20   GameInfo::ResetInfo - SyncLevel set to 0 on reset
21:00:54.21   GameInfo::ResetInfo - SyncLevel set to 0 on reset
21:00:54.21   GameInfo::ResetInfo - SyncLevel set to 0 on reset
21:00:54.21   GameInfo::ResetInfo - SyncLevel set to 0 on reset
21:00:54.21   GameInfo::ResetInfo - SyncLevel set to 0 on reset
21:00:54.21   GameInfo::ResetInfo - SyncLevel set to 0 on reset
21:00:54.21   GameInfo::ResetInfo - SyncLevel set to 0 on reset
21:00:54.21   GameInfo::ResetInfo - SyncLevel set to 0 on reset
21:00:54.21   GAME -- Error reading header for recorded game PLAYBACK:fun_high_res_monti.rec
21:00:54.21   GameInfo::ResetInfo - SyncLevel set to 0 on reset
21:00:54.21   GameInfo::ResetInfo - SyncLevel set to 0 on reset
21:00:54.21   GameInfo::ResetInfo - SyncLevel set to 0 on reset
21:00:54.21   GameInfo::ResetInfo - SyncLevel set to 0 on reset
21:00:54.21   GameInfo::ResetInfo - SyncLevel set to 0 on reset
21:00:54.21   GameInfo::ResetInfo - SyncLevel set to 0 on reset
21:00:54.21   GameInfo::ResetInfo - SyncLevel set to 0 on reset
21:00:54.21   GameInfo::ResetInfo - SyncLevel set to 0 on reset
21:00:54.21   GameInfo::ResetInfo - SyncLevel set to 0 on reset
21:00:54.21   GameInfo::ResetInfo - SyncLevel set to 0 on reset
21:00:54.21   GameInfo::ResetInfo - SyncLevel set to 0 on reset
21:00:54.21   GameInfo::ResetInfo - SyncLevel set to 0 on reset
21:00:54.21   GameInfo::ResetInfo - SyncLevel set to 0 on reset
21:00:54.21   GameInfo::ResetInfo - SyncLevel set to 0 on reset
21:00:54.21   GameInfo::ResetInfo - SyncLevel set to 0 on reset
21:00:54.21   GameInfo::ResetInfo - SyncLevel set to 0 on reset
21:00:54.21   GameInfo::ResetInfo - SyncLevel set to 0 on reset
21:00:54.21   GameInfo::ResetInfo - SyncLevel set to 0 on reset
21:00:54.22   GameInfo::ResetInfo - SyncLevel set to 0 on reset
21:00:54.22   GameInfo::ResetInfo - SyncLevel set to 0 on reset
21:00:54.22   GameInfo::ResetInfo - SyncLevel set to 0 on reset
21:00:54.22   GAME -- Error reading header for recorded game PLAYBACK:gdfg.rec
21:00:54.22   GameInfo::ResetInfo - SyncLevel set to 0 on reset
21:00:54.22   GameInfo::ResetInfo - SyncLevel set to 0 on reset
21:00:54.22   GameInfo::ResetInfo - SyncLevel set to 0 on reset
21:00:54.22   GameInfo::ResetInfo - SyncLevel set to 0 on reset
21:00:54.22   GameInfo::ResetInfo - SyncLevel set to 0 on reset
21:00:54.22   GameInfo::ResetInfo - SyncLevel set to 0 on reset
21:00:54.22   GameInfo::ResetInfo - SyncLevel set to 0 on reset
21:00:54.22   GameInfo::ResetInfo - SyncLevel set to 0 on reset
21:00:54.22   GameInfo::ResetInfo - SyncLevel set to 0 on reset
21:00:54.22   GameInfo::ResetInfo - SyncLevel set to 0 on reset
21:00:54.22   GameInfo::ResetInfo - SyncLevel set to 0 on reset
21:00:54.22   GameInfo::ResetInfo - SyncLevel set to 0 on reset
21:00:54.22   GameInfo::ResetInfo - SyncLevel set to 0 on reset
21:00:54.22   GameInfo::ResetInfo - SyncLevel set to 0 on reset
21:00:54.22   GameInfo::ResetInfo - SyncLevel set to 0 on reset
21:00:54.22   GameInfo::ResetInfo - SyncLevel set to 0 on reset
21:00:54.22   GameInfo::ResetInfo - SyncLevel set to 0 on reset
21:00:54.22   GameInfo::ResetInfo - SyncLevel set to 0 on reset
21:00:54.22   GameInfo::ResetInfo - SyncLevel set to 0 on reset
21:00:54.22   GameInfo::ResetInfo - SyncLevel set to 0 on reset
21:00:54.22   GameInfo::ResetInfo - SyncLevel set to 0 on reset
21:00:54.22   GameInfo::ResetInfo - SyncLevel set to 0 on reset
21:00:54.22   GameInfo::ResetInfo - SyncLevel set to 0 on reset
21:00:54.22   GameInfo::ResetInfo - SyncLevel set to 0 on reset
21:00:54.22   GameInfo::ResetInfo - SyncLevel set to 0 on reset
21:00:54.22   GameInfo::ResetInfo - SyncLevel set to 0 on reset
21:00:54.22   GameInfo::ResetInfo - SyncLevel set to 0 on reset
21:00:54.23   GameInfo::ResetInfo - SyncLevel set to 0 on reset
21:00:54.23   GameInfo::ResetInfo - SyncLevel set to 0 on reset
21:00:54.23   GameInfo::ResetInfo - SyncLevel set to 0 on reset
21:00:54.23   GameInfo::ResetInfo - SyncLevel set to 0 on reset
21:00:54.23   GameInfo::ResetInfo - SyncLevel set to 0 on reset
21:00:54.23   GameInfo::ResetInfo - SyncLevel set to 0 on reset
21:00:54.23   GameInfo::ResetInfo - SyncLevel set to 0 on reset
21:00:54.23   GameInfo::ResetInfo - SyncLevel set to 0 on reset
21:00:54.23   GameInfo::ResetInfo - SyncLevel set to 0 on reset
21:00:54.23   GameInfo::ResetInfo - SyncLevel set to 0 on reset
21:00:54.23   GameInfo::ResetInfo - SyncLevel set to 0 on reset
21:00:54.23   GameInfo::ResetInfo - SyncLevel set to 0 on reset
21:00:54.23   GameInfo::ResetInfo - SyncLevel set to 0 on reset
21:00:54.23   GameInfo::ResetInfo - SyncLevel set to 0 on reset
21:00:54.23   GameInfo::ResetInfo - SyncLevel set to 0 on reset
21:00:54.24   GameInfo::ResetInfo - SyncLevel set to 0 on reset
21:00:54.24   GameInfo::ResetInfo - SyncLevel set to 0 on reset
21:00:54.24   GameInfo::ResetInfo - SyncLevel set to 0 on reset
21:00:54.24   GameInfo::ResetInfo - SyncLevel set to 0 on reset
21:00:54.24   GameInfo::ResetInfo - SyncLevel set to 0 on reset
21:00:54.24   GameInfo::ResetInfo - SyncLevel set to 0 on reset
21:00:54.24   GameInfo::ResetInfo - SyncLevel set to 0 on reset
21:00:54.24   GameInfo::ResetInfo - SyncLevel set to 0 on reset
21:00:54.24   GameInfo::ResetInfo - SyncLevel set to 0 on reset
21:00:54.24   GameInfo::ResetInfo - SyncLevel set to 0 on reset
21:00:54.24   GameInfo::ResetInfo - SyncLevel set to 0 on reset
21:00:54.24   GameInfo::ResetInfo - SyncLevel set to 0 on reset
21:00:54.24   GameInfo::ResetInfo - SyncLevel set to 0 on reset
21:00:54.24   GameInfo::ResetInfo - SyncLevel set to 0 on reset
21:00:54.24   GameInfo::ResetInfo - SyncLevel set to 0 on reset
21:00:54.24   GameInfo::ResetInfo - SyncLevel set to 0 on reset
21:00:54.24   GameInfo::ResetInfo - SyncLevel set to 0 on reset
21:00:54.24   GameInfo::ResetInfo - SyncLevel set to 0 on reset
21:00:54.24   GameInfo::ResetInfo - SyncLevel set to 0 on reset
21:00:54.24   GameInfo::ResetInfo - SyncLevel set to 0 on reset
21:00:54.24   GameInfo::ResetInfo - SyncLevel set to 0 on reset
21:00:54.24   GameInfo::ResetInfo - SyncLevel set to 0 on reset
21:00:54.24   GameInfo::ResetInfo - SyncLevel set to 0 on reset
21:00:54.24   GameInfo::ResetInfo - SyncLevel set to 0 on reset
21:00:54.24   GameInfo::ResetInfo - SyncLevel set to 0 on reset
21:00:54.24   GameInfo::ResetInfo - SyncLevel set to 0 on reset
21:00:54.24   GameInfo::ResetInfo - SyncLevel set to 0 on reset
21:00:54.25   GameInfo::ResetInfo - SyncLevel set to 0 on reset
21:00:54.25   GameInfo::ResetInfo - SyncLevel set to 0 on reset
21:00:54.25   GameInfo::ResetInfo - SyncLevel set to 0 on reset
21:00:54.25   GameInfo::ResetInfo - SyncLevel set to 0 on reset
21:00:54.25   GameInfo::ResetInfo - SyncLevel set to 0 on reset
21:00:54.25   GameInfo::ResetInfo - SyncLevel set to 0 on reset
21:00:54.25   GameInfo::ResetInfo - SyncLevel set to 0 on reset
21:00:54.25   GameInfo::ResetInfo - SyncLevel set to 0 on reset
21:00:54.25   GameInfo::ResetInfo - SyncLevel set to 0 on reset
21:00:54.25   GameInfo::ResetInfo - SyncLevel set to 0 on reset
21:00:54.25   GameInfo::ResetInfo - SyncLevel set to 0 on reset
21:00:54.25   GAME -- Error reading header for recorded game PLAYBACK:ischutz_mad.rec
21:00:54.25   GameInfo::ResetInfo - SyncLevel set to 0 on reset
21:00:54.25   GameInfo::ResetInfo - SyncLevel set to 0 on reset
21:00:54.25   GameInfo::ResetInfo - SyncLevel set to 0 on reset
21:00:54.25   GameInfo::ResetInfo - SyncLevel set to 0 on reset
21:00:54.25   GameInfo::ResetInfo - SyncLevel set to 0 on reset
21:00:54.25   GameInfo::ResetInfo - SyncLevel set to 0 on reset
21:00:54.25   GameInfo::ResetInfo - SyncLevel set to 0 on reset
21:00:54.25   GameInfo::ResetInfo - SyncLevel set to 0 on reset
21:00:54.25   GameInfo::ResetInfo - SyncLevel set to 0 on reset
21:00:54.25   GameInfo::ResetInfo - SyncLevel set to 0 on reset
21:00:54.25   GameInfo::ResetInfo - SyncLevel set to 0 on reset
21:00:54.25   GameInfo::ResetInfo - SyncLevel set to 0 on reset
21:00:54.25   GameInfo::ResetInfo - SyncLevel set to 0 on reset
21:00:54.25   GameInfo::ResetInfo - SyncLevel set to 0 on reset
21:00:54.25   GameInfo::ResetInfo - SyncLevel set to 0 on reset
21:00:54.25   GameInfo::ResetInfo - SyncLevel set to 0 on reset
21:00:54.25   GameInfo::ResetInfo - SyncLevel set to 0 on reset
21:00:54.26   GameInfo::ResetInfo - SyncLevel set to 0 on reset
21:00:54.26   GameInfo::ResetInfo - SyncLevel set to 0 on reset
21:00:54.26   GameInfo::ResetInfo - SyncLevel set to 0 on reset
21:00:54.26   GameInfo::ResetInfo - SyncLevel set to 0 on reset
21:00:54.26   GameInfo::ResetInfo - SyncLevel set to 0 on reset
21:00:54.26   GameInfo::ResetInfo - SyncLevel set to 0 on reset
21:00:54.26   GameInfo::ResetInfo - SyncLevel set to 0 on reset
21:00:54.26   GameInfo::ResetInfo - SyncLevel set to 0 on reset
21:00:54.26   GameInfo::ResetInfo - SyncLevel set to 0 on reset
21:00:54.26   GameInfo::ResetInfo - SyncLevel set to 0 on reset
21:00:54.26   GameInfo::ResetInfo - SyncLevel set to 0 on reset
21:00:54.26   GameInfo::ResetInfo - SyncLevel set to 0 on reset
21:00:54.26   GameInfo::ResetInfo - SyncLevel set to 0 on reset
21:00:54.26   GameInfo::ResetInfo - SyncLevel set to 0 on reset
21:00:54.26   GameInfo::ResetInfo - SyncLevel set to 0 on reset
21:00:54.26   GameInfo::ResetInfo - SyncLevel set to 0 on reset
21:00:54.27   GameInfo::ResetInfo - SyncLevel set to 0 on reset
21:00:54.27   GameInfo::ResetInfo - SyncLevel set to 0 on reset
21:00:54.27   GameInfo::ResetInfo - SyncLevel set to 0 on reset
21:00:54.27   GameInfo::ResetInfo - SyncLevel set to 0 on reset
21:00:54.27   GameInfo::ResetInfo - SyncLevel set to 0 on reset
21:00:54.27   GameInfo::ResetInfo - SyncLevel set to 0 on reset
21:00:54.27   GAME -- Error reading header for recorded game PLAYBACK:MONTARGIS REGION REVISED.2019-06-01.00-22-47.rec
21:00:54.27   GameInfo::ResetInfo - SyncLevel set to 0 on reset
21:00:54.27   GameInfo::ResetInfo - SyncLevel set to 0 on reset
21:00:54.27   GameInfo::ResetInfo - SyncLevel set to 0 on reset
21:00:54.27   GameInfo::ResetInfo - SyncLevel set to 0 on reset
21:00:54.27   GameInfo::ResetInfo - SyncLevel set to 0 on reset
21:00:54.27   GameInfo::ResetInfo - SyncLevel set to 0 on reset
21:00:54.27   GameInfo::ResetInfo - SyncLevel set to 0 on reset
21:00:54.27   GameInfo::ResetInfo - SyncLevel set to 0 on reset
21:00:54.27   GameInfo::ResetInfo - SyncLevel set to 0 on reset
21:00:54.27   GameInfo::ResetInfo - SyncLevel set to 0 on reset
21:00:54.27   GameInfo::ResetInfo - SyncLevel set to 0 on reset
21:00:54.27   GameInfo::ResetInfo - SyncLevel set to 0 on reset
21:00:54.27   GameInfo::ResetInfo - SyncLevel set to 0 on reset
21:00:54.27   GameInfo::ResetInfo - SyncLevel set to 0 on reset
21:00:54.27   GameInfo::ResetInfo - SyncLevel set to 0 on reset
21:00:54.27   GameInfo::ResetInfo - SyncLevel set to 0 on reset
21:00:54.27   GameInfo::ResetInfo - SyncLevel set to 0 on reset
21:00:54.27   GameInfo::ResetInfo - SyncLevel set to 0 on reset
21:00:54.28   GameInfo::ResetInfo - SyncLevel set to 0 on reset
21:00:54.28   GameInfo::ResetInfo - SyncLevel set to 0 on reset
21:00:54.28   GameInfo::ResetInfo - SyncLevel set to 0 on reset
21:00:54.28   GameInfo::ResetInfo - SyncLevel set to 0 on reset
21:00:54.28   GameInfo::ResetInfo - SyncLevel set to 0 on reset
21:00:54.28   GAME -- Error reading header for recorded game PLAYBACK:PE_Baserush_Counter__[GameReplays.org].rec
21:00:54.28   GameInfo::ResetInfo - SyncLevel set to 0 on reset
21:00:54.28   GameInfo::ResetInfo - SyncLevel set to 0 on reset
21:00:54.28   GameInfo::ResetInfo - SyncLevel set to 0 on reset
21:00:54.28   GameInfo::ResetInfo - SyncLevel set to 0 on reset
21:00:54.28   GameInfo::ResetInfo - SyncLevel set to 0 on reset
21:00:54.28   GameInfo::ResetInfo - SyncLevel set to 0 on reset
21:00:54.28   GameInfo::ResetInfo - SyncLevel set to 0 on reset
21:00:54.28   GameInfo::ResetInfo - SyncLevel set to 0 on reset
21:00:54.28   GameInfo::ResetInfo - SyncLevel set to 0 on reset
21:00:54.28   GameInfo::ResetInfo - SyncLevel set to 0 on reset
21:00:54.28   GameInfo::ResetInfo - SyncLevel set to 0 on reset
21:00:54.28   GameInfo::ResetInfo - SyncLevel set to 0 on reset
21:00:54.28   GameInfo::ResetInfo - SyncLevel set to 0 on reset
21:00:54.28   GameInfo::ResetInfo - SyncLevel set to 0 on reset
21:00:54.28   GameInfo::ResetInfo - SyncLevel set to 0 on reset
21:00:54.28   GameInfo::ResetInfo - SyncLevel set to 0 on reset
21:00:54.28   GameInfo::ResetInfo - SyncLevel set to 0 on reset
21:00:54.28   GameInfo::ResetInfo - SyncLevel set to 0 on reset
21:00:54.28   GameInfo::ResetInfo - SyncLevel set to 0 on reset
21:00:54.28   GameInfo::ResetInfo - SyncLevel set to 0 on reset
21:00:54.28   GameInfo::ResetInfo - SyncLevel set to 0 on reset
21:00:54.28   GameInfo::ResetInfo - SyncLevel set to 0 on reset
21:00:54.28   GameInfo::ResetInfo - SyncLevel set to 0 on reset
21:00:54.28   GameInfo::ResetInfo - SyncLevel set to 0 on reset
21:00:54.29   GAME -- Error reading header for recorded game PLAYBACK:Scheldt shit.rec
21:00:54.29   GameInfo::ResetInfo - SyncLevel set to 0 on reset
21:00:54.29   GameInfo::ResetInfo - SyncLevel set to 0 on reset
21:00:54.29   GameInfo::ResetInfo - SyncLevel set to 0 on reset
21:00:54.29   GameInfo::ResetInfo - SyncLevel set to 0 on reset
21:00:54.29   GameInfo::ResetInfo - SyncLevel set to 0 on reset
21:00:54.29   GameInfo::ResetInfo - SyncLevel set to 0 on reset
21:00:54.29   GameInfo::ResetInfo - SyncLevel set to 0 on reset
21:00:54.29   GameInfo::ResetInfo - SyncLevel set to 0 on reset
21:00:54.29   GameInfo::ResetInfo - SyncLevel set to 0 on reset
21:00:54.29   GameInfo::ResetInfo - SyncLevel set to 0 on reset
21:00:54.29   GameInfo::ResetInfo - SyncLevel set to 0 on reset
21:00:54.29   GameInfo::ResetInfo - SyncLevel set to 0 on reset
21:00:54.29   GameInfo::ResetInfo - SyncLevel set to 0 on reset
21:00:54.29   GameInfo::ResetInfo - SyncLevel set to 0 on reset
21:00:54.29   GameInfo::ResetInfo - SyncLevel set to 0 on reset
21:00:54.29   GameInfo::ResetInfo - SyncLevel set to 0 on reset
21:00:54.29   GameInfo::ResetInfo - SyncLevel set to 0 on reset
21:00:54.29   GameInfo::ResetInfo - SyncLevel set to 0 on reset
21:00:54.30   GameInfo::ResetInfo - SyncLevel set to 0 on reset
21:00:54.30   GameInfo::ResetInfo - SyncLevel set to 0 on reset
21:00:54.30   GameInfo::ResetInfo - SyncLevel set to 0 on reset
21:00:54.30   GameInfo::ResetInfo - SyncLevel set to 0 on reset
21:00:54.30   GameInfo::ResetInfo - SyncLevel set to 0 on reset
21:00:54.30   GameInfo::ResetInfo - SyncLevel set to 0 on reset
21:00:54.30   GameInfo::ResetInfo - SyncLevel set to 0 on reset
21:00:54.30   GameInfo::ResetInfo - SyncLevel set to 0 on reset
21:00:54.30   GameInfo::ResetInfo - SyncLevel set to 0 on reset
21:00:54.30   GameInfo::ResetInfo - SyncLevel set to 0 on reset
21:00:54.30   GameInfo::ResetInfo - SyncLevel set to 0 on reset
21:00:54.30   GameInfo::ResetInfo - SyncLevel set to 0 on reset
21:00:54.30   GameInfo::ResetInfo - SyncLevel set to 0 on reset
21:00:54.30   GameInfo::ResetInfo - SyncLevel set to 0 on reset
21:00:54.30   GameInfo::ResetInfo - SyncLevel set to 0 on reset
21:00:54.30   GameInfo::ResetInfo - SyncLevel set to 0 on reset
21:00:54.30   GameInfo::ResetInfo - SyncLevel set to 0 on reset
21:00:54.31   GameInfo::ResetInfo - SyncLevel set to 0 on reset
21:00:54.31   GameInfo::ResetInfo - SyncLevel set to 0 on reset
21:00:54.31   GameInfo::ResetInfo - SyncLevel set to 0 on reset
21:00:54.31   GameInfo::ResetInfo - SyncLevel set to 0 on reset
21:00:54.31   GameInfo::ResetInfo - SyncLevel set to 0 on reset
21:00:54.31   GameInfo::ResetInfo - SyncLevel set to 0 on reset
21:00:54.31   GameInfo::ResetInfo - SyncLevel set to 0 on reset
21:00:54.31   GameInfo::ResetInfo - SyncLevel set to 0 on reset
21:00:54.31   GameInfo::ResetInfo - SyncLevel set to 0 on reset
21:00:54.31   GameInfo::ResetInfo - SyncLevel set to 0 on reset
21:00:54.31   GameInfo::ResetInfo - SyncLevel set to 0 on reset
21:00:54.31   GameInfo::ResetInfo - SyncLevel set to 0 on reset
21:00:54.31   GameInfo::ResetInfo - SyncLevel set to 0 on reset
21:00:54.31   GameInfo::ResetInfo - SyncLevel set to 0 on reset
21:00:54.31   GameInfo::ResetInfo - SyncLevel set to 0 on reset
21:00:54.31   GameInfo::ResetInfo - SyncLevel set to 0 on reset
21:00:54.31   GameInfo::ResetInfo - SyncLevel set to 0 on reset
21:00:54.31   GameInfo::ResetInfo - SyncLevel set to 0 on reset
21:00:54.31   GameInfo::ResetInfo - SyncLevel set to 0 on reset
21:00:54.31   GameInfo::ResetInfo - SyncLevel set to 0 on reset
21:00:54.31   GameInfo::ResetInfo - SyncLevel set to 0 on reset
21:00:54.31   GameInfo::ResetInfo - SyncLevel set to 0 on reset
21:00:54.31   GameInfo::ResetInfo - SyncLevel set to 0 on reset
21:00:54.31   GameInfo::ResetInfo - SyncLevel set to 0 on reset
21:00:54.31   GameInfo::ResetInfo - SyncLevel set to 0 on reset
21:00:54.32   GameInfo::ResetInfo - SyncLevel set to 0 on reset
21:00:54.32   GameInfo::ResetInfo - SyncLevel set to 0 on reset
21:00:54.32   GameInfo::ResetInfo - SyncLevel set to 0 on reset
21:00:54.32   GameInfo::ResetInfo - SyncLevel set to 0 on reset
21:00:54.32   GameInfo::ResetInfo - SyncLevel set to 0 on reset
21:00:54.32   GameInfo::ResetInfo - SyncLevel set to 0 on reset
21:00:54.32   GameInfo::ResetInfo - SyncLevel set to 0 on reset
21:00:54.32   GameInfo::ResetInfo - SyncLevel set to 0 on reset
21:00:54.32   GameInfo::ResetInfo - SyncLevel set to 0 on reset
21:00:54.32   GameInfo::ResetInfo - SyncLevel set to 0 on reset
21:00:54.32   GameInfo::ResetInfo - SyncLevel set to 0 on reset
21:00:54.32   GameInfo::ResetInfo - SyncLevel set to 0 on reset
21:00:54.32   GameInfo::ResetInfo - SyncLevel set to 0 on reset
21:00:54.32   GameInfo::ResetInfo - SyncLevel set to 0 on reset
21:00:54.32   GameInfo::ResetInfo - SyncLevel set to 0 on reset
21:00:54.32   GameInfo::ResetInfo - SyncLevel set to 0 on reset
21:00:54.32   GameInfo::ResetInfo - SyncLevel set to 0 on reset
21:00:54.32   GameInfo::ResetInfo - SyncLevel set to 0 on reset
21:00:54.32   GameInfo::ResetInfo - SyncLevel set to 0 on reset
21:00:54.32   GameInfo::ResetInfo - SyncLevel set to 0 on reset
21:00:54.32   GameInfo::ResetInfo - SyncLevel set to 0 on reset
21:00:54.33   GameInfo::ResetInfo - SyncLevel set to 0 on reset
21:00:54.33   GameInfo::ResetInfo - SyncLevel set to 0 on reset
21:00:54.33   GameInfo::ResetInfo - SyncLevel set to 0 on reset
21:00:54.33   GameInfo::ResetInfo - SyncLevel set to 0 on reset
21:00:54.33   GameInfo::ResetInfo - SyncLevel set to 0 on reset
21:00:54.33   GameInfo::ResetInfo - SyncLevel set to 0 on reset
21:00:54.33   GameInfo::ResetInfo - SyncLevel set to 0 on reset
21:00:54.33   GameInfo::ResetInfo - SyncLevel set to 0 on reset
21:00:54.33   GameInfo::ResetInfo - SyncLevel set to 0 on reset
21:00:54.33   GameInfo::ResetInfo - SyncLevel set to 0 on reset
21:00:54.33   GameInfo::ResetInfo - SyncLevel set to 0 on reset
21:00:54.33   GameInfo::ResetInfo - SyncLevel set to 0 on reset
21:00:54.33   GameInfo::ResetInfo - SyncLevel set to 0 on reset
21:00:54.33   GameInfo::ResetInfo - SyncLevel set to 0 on reset
21:00:54.33   GameInfo::ResetInfo - SyncLevel set to 0 on reset
21:00:54.33   GameInfo::ResetInfo - SyncLevel set to 0 on reset
21:00:54.33   GameInfo::ResetInfo - SyncLevel set to 0 on reset
21:00:54.33   GameInfo::ResetInfo - SyncLevel set to 0 on reset
21:00:54.33   GameInfo::ResetInfo - SyncLevel set to 0 on reset
21:00:54.33   GameInfo::ResetInfo - SyncLevel set to 0 on reset
21:00:54.33   GameInfo::ResetInfo - SyncLevel set to 0 on reset
21:00:54.33   GameInfo::ResetInfo - SyncLevel set to 0 on reset
21:00:54.33   GameInfo::ResetInfo - SyncLevel set to 0 on reset
21:00:54.33   GameInfo::ResetInfo - SyncLevel set to 0 on reset
21:00:54.33   GameInfo::ResetInfo - SyncLevel set to 0 on reset
21:00:54.33   GameInfo::ResetInfo - SyncLevel set to 0 on reset
21:00:54.33   GameInfo::ResetInfo - SyncLevel set to 0 on reset
21:00:55.83   RLINK -- NetworkManager::DispatchEvents() - Warning - Time between calls was 4806 ms
21:01:14.96   Activating screen: MessageBoxPopup
21:01:14.96   RLINK -- JoinAsync: Starting AsyncJob...
21:01:15.13   RLINK -- BT! - SockInit: SOCK_FD_SET_SIZE = 64
21:01:15.13   RLINK -- DBG - SockConnect: 3/s->stHandle=5948
21:01:15.13   RLINK -- DBG - SockConnect: 3/5948 connect deferred (in progress)
21:01:15.22   RLINK -- DBG - SockAnimateAll: socket 3/5948 connection complete.
21:01:15.32   RLINK -- battleserverrelay - Connected: 
Connection [ 1/ 1] - local=192.168.50.236:58471, remote=3.210.115.18:27025, type=CONNECT, timeTookToConnectMS=197, silentTimeMS=0, lastSockError=0
21:01:15.34   RLINK -- OnlineJoinAsync success
21:01:15.34   RLINK -- Session::Initialize - info, initializing session object, using threads.
21:01:15.34   RLINK -- SessionManager::RegisterSession - Registering RL_NEW session 8771b140
21:01:15.34   RLINK -- Created Matchinfo for sessionID 112390096
21:01:15.34   RLINK -- OnJoinAdvertisementSuccess - joined online match, server leave notification required
21:01:15.35   RLINK -- Transport::OpenInternal request to WINaddr:255.255.255.255:6112;
21:01:15.35   RLINK -- Transport::OpenInternal request to WINaddr:255.255.255.255:6112;
21:01:15.35   RLINK -- Allocated route ID=0 for PeerID 0 at WINaddr:192.168.50.236:6112;
21:01:15.35   RLINK -- Transport::OpenInternal request to WINaddr:192.168.50.236:6112;
21:01:15.35   RLINK -- Session::Connect sid = 6B2EFD0, hostURL = , local addresses = WINaddr:192.168.50.236:6112;
21:01:15.83   RLINK -- Sending PeerID 1 no longer exist, sessionID=6B2EFD0
21:01:15.83   RLINK -- Session::PollTransportEvents AddPeerMessage from peer 0 recv'd for existing pending peer 0, the local peer
21:01:15.83   RLINK -- Session - highest peerID now : 8
21:01:15.83   RLINK -- Session::PollTransportEvents AddPeerMessage from peer 0 recv'd for existing pending peer 0, the host
21:01:15.83   RLINK -- Session::PollTransportEvents AddPeerMessage from peer 1 recv'd for unknown peer at address list WINaddr:192.168.1.146:6112;
21:01:15.83   RLINK -- Transport::OpenInternal request to WINaddr:255.255.255.255:6112;
21:01:15.83   RLINK -- Session::CheckAddress - initiating address check for WINaddr:192.168.1.146:6112;
21:01:15.83   RLINK -- Session::PollTransportEvents AddPeerMessage from peer 1 recv'd for unknown peer at address list WINaddr:192.168.1.107:6112;
21:01:15.83   RLINK -- Transport::OpenInternal request to WINaddr:255.255.255.255:6112;
21:01:15.83   RLINK -- Session::CheckAddress - initiating address check for WINaddr:192.168.1.107:6112;
21:01:15.83   RLINK -- Session::PollTransportEvents AddPeerMessage from peer 1 recv'd for unknown peer at address list WINaddr:192.168.1.42:6112;
21:01:15.83   RLINK -- Transport::OpenInternal request to WINaddr:255.255.255.255:6112;
21:01:15.83   RLINK -- Session::CheckAddress - initiating address check for WINaddr:192.168.1.42:6112;
21:01:15.83   RLINK -- Session::PollTransportEvents AddPeerMessage from peer 1 recv'd for unknown peer at address list WINaddr:192.168.1.33:6112;
21:01:15.83   RLINK -- Transport::OpenInternal request to WINaddr:255.255.255.255:6112;
21:01:15.83   RLINK -- Session::CheckAddress - initiating address check for WINaddr:192.168.1.33:6112;
21:01:15.83   RLINK -- Session::PollTransportEvents AddPeerMessage from peer 1 recv'd for unknown peer at address list WINaddr:192.168.1.106:6112;
21:01:15.83   RLINK -- Transport::OpenInternal request to WINaddr:255.255.255.255:6112;
21:01:15.83   RLINK -- Session::CheckAddress - initiating address check for WINaddr:192.168.1.106:6112;
21:01:15.83   RLINK -- ValidateCustomData: called with 899 bytes of custom data
21:01:15.83   RLINK -- Client accepted Peer 8 into the match at address list = WINaddr:192.168.50.236:6112;, routes = WINaddr:192.168.50.236:6112;
21:01:15.83   RLINK -- Session::GetEvent - probing service provided NAT'd routes
21:01:15.83   RLINK -- WorldwideAdvertisementService::Process - EVENT_NEWPEER
21:01:15.83   RLINK -- Session::GetState - info, session [112390096]'s state changed to [2:STATE_CONNECTING].
21:01:15.83   RLINK -- ValidateCustomData: called with 1181 bytes of custom data
21:01:15.83   RLINK -- Client accepted Peer 1 into the match at address list = WINaddr:192.168.10.3:6112;, routes =
21:01:15.83   RLINK -- WorldwideAdvertisementService::Process - EVENT_NEWPEER
21:01:15.83   RLINK -- ValidateCustomData: called with 1623 bytes of custom data
21:01:15.83   RLINK -- Client accepted Peer 2 into the match at address list = WINaddr:192.168.1.146:6112;, routes =
21:01:15.83   RLINK -- WorldwideAdvertisementService::Process - EVENT_NEWPEER
21:01:15.83   RLINK -- ValidateCustomData: called with 655 bytes of custom data
21:01:15.83   RLINK -- Client accepted Peer 3 into the match at address list = WINaddr:192.168.1.107:6112;, routes =
21:01:15.83   RLINK -- WorldwideAdvertisementService::Process - EVENT_NEWPEER
21:01:15.83   RLINK -- ValidateCustomData: called with 1173 bytes of custom data
21:01:15.83   RLINK -- Client accepted Peer 4 into the match at address list = WINaddr:192.168.1.42:6112;, routes =
21:01:15.83   RLINK -- WorldwideAdvertisementService::Process - EVENT_NEWPEER
21:01:15.83   RLINK -- ValidateCustomData: called with 1275 bytes of custom data
21:01:15.83   RLINK -- Client accepted Peer 6 into the match at address list = WINaddr:192.168.1.33:6112;, routes =
21:01:15.83   RLINK -- WorldwideAdvertisementService::Process - EVENT_NEWPEER
21:01:15.83   RLINK -- ValidateCustomData: called with 1637 bytes of custom data
21:01:15.83   RLINK -- Client accepted Peer 7 into the match at address list = WINaddr:192.168.1.106:6112;, routes =
21:01:15.83   RLINK -- WorldwideAdvertisementService::Process - EVENT_NEWPEER
21:01:15.86   RLINK -- Session Connection Event - ReasonID: 0 ReasonDebug: SessionOperationInfo::SUCCESS
21:01:15.86   RLINK -- JoinAsync - got operation info 0:SessionOperationInfo::SUCCESS
21:01:15.87   RLINK -- Session::GetState - info, session [112390096]'s state changed to [3:STATE_CONNECTED].
21:01:15.89   RLINK -- local      PeerID 8 LOCL ack=  0 (  0ms~0) unack=  0, retry=  0, highwaterOOS=0 (ip=WINaddr:192.168.50.236:6112;), pending=0, dead=0, RS#=0/0
21:01:15.89   RLINK --       host PeerID 1 RELY ack=  1 (235ms~0) unack=  0, retry=  0, highwaterOOS=0 (ip=WINaddr:192.168.10.3:6112;), pending=0, dead=0, RS#=0/0
21:01:15.89   RLINK --            PeerID 2 RELY ack=  0 (  0ms~0) unack=  0, retry=  0, highwaterOOS=0 (ip=WINaddr:192.168.1.146:6112;), pending=0, dead=0, RS#=0/0
21:01:15.89   RLINK --            PeerID 3 RELY ack=  0 (  0ms~0) unack=  0, retry=  0, highwaterOOS=0 (ip=WINaddr:192.168.1.107:6112;), pending=0, dead=0, RS#=0/0
21:01:15.89   RLINK --            PeerID 4 RELY ack=  0 (  0ms~0) unack=  0, retry=  0, highwaterOOS=0 (ip=WINaddr:192.168.1.42:6112;), pending=0, dead=0, RS#=0/0
21:01:15.89   RLINK --            PeerID 6 RELY ack=  0 (  0ms~0) unack=  0, retry=  0, highwaterOOS=0 (ip=WINaddr:192.168.1.33:6112;), pending=0, dead=0, RS#=0/0
21:01:15.89   RLINK --            PeerID 7 RELY ack=  0 (  0ms~0) unack=  0, retry=  0, highwaterOOS=0 (ip=WINaddr:192.168.1.106:6112;), pending=0, dead=0, RS#=0/0
21:01:15.89   RLINK -- MessageCounts: inval=0/0, seek=0/0, join=1/1, ichk=0/0, sk_r=0/0, deny=0/0, Padd=0/14, Pdel=0/0, drop=0/0, data=0/0, mdat=0/0, voip=0/0, rchk=6/0, nudg=0/0, Thdr=0/0, Peer=1/15, PPrx=0/1, ping=0/0, Pfrg=0/0, rely=1/7, lb_p=0/0, lb_c=0/0, cast=0/0, cdat=0/0, sorq1=0/0, sorp=0/0, acto=0/0, spob=0/0, sorq2=0/0
21:01:15.98   RLINK -- [P#8] SrcP# 1 buffer out of seq: 9 expect: 8
21:01:16.01   RLINK -- Session::ProcessCheckAddressList - sending address check to WINaddr:192.168.1.146:6112;
21:01:16.01   RLINK -- Session::ProcessCheckAddressList - sending address check to WINaddr:192.168.1.107:6112;
21:01:16.01   RLINK -- Session::ProcessCheckAddressList - sending address check to WINaddr:192.168.1.42:6112;
21:01:16.01   RLINK -- Session::ProcessCheckAddressList - sending address check to WINaddr:192.168.1.33:6112;
21:01:16.01   RLINK -- Session::ProcessCheckAddressList - sending address check to WINaddr:192.168.1.106:6112;
21:01:16.35   RLINK -- [P#8] SrcP# 1 ignoring old retry: 1 expect: 8
21:01:16.35   RLINK -- [P#8] SrcP# 1 ignoring old retry: 2 expect: 8
21:01:16.35   RLINK -- [P#8] SrcP# 1 ignoring old retry: 3 expect: 8
21:01:16.38   RLINK -- [P#8] SrcP# 1 buffer out of seq: 10 expect: 8
21:01:16.50   RLINK -- [P#8] SrcP# 1 buffer out of seq: 11 expect: 8
21:01:16.83   RLINK -- [P#8] SrcP# 1 ignoring old retry: 1 expect: 8
21:01:16.83   RLINK -- [P#8] SrcP# 1 ignoring old retry: 2 expect: 8
21:01:16.83   RLINK -- [P#8] SrcP# 1 ignoring old retry: 3 expect: 8
21:01:17.01   RLINK -- Session::ProcessCheckAddressList - sending address check to WINaddr:192.168.1.146:6112;
21:01:17.01   RLINK -- Session::ProcessCheckAddressList - sending address check to WINaddr:192.168.1.107:6112;
21:01:17.01   RLINK -- Session::ProcessCheckAddressList - sending address check to WINaddr:192.168.1.42:6112;
21:01:17.01   RLINK -- Session::ProcessCheckAddressList - sending address check to WINaddr:192.168.1.33:6112;
21:01:17.01   RLINK -- Session::ProcessCheckAddressList - sending address check to WINaddr:192.168.1.106:6112;
21:01:17.34   RLINK -- [P#8] SrcP# 1 ignoring old retry: 1 expect: 8
21:01:17.34   RLINK -- [P#8] SrcP# 1 ignoring old retry: 2 expect: 8
21:01:17.34   RLINK -- [P#8] SrcP# 1 ignoring old retry: 3 expect: 8
21:01:17.83   RLINK -- [P#8] SrcP# 1 ignoring old retry: 1 expect: 8
21:01:17.83   RLINK -- [P#8] SrcP# 1 ignoring old retry: 2 expect: 8
21:01:17.83   RLINK -- [P#8] SrcP# 1 ignoring old retry: 3 expect: 8
21:01:18.01   RLINK -- Session::ProcessCheckAddressList - sending address check to WINaddr:192.168.1.146:6112;
21:01:18.01   RLINK -- Session::ProcessCheckAddressList - sending address check to WINaddr:192.168.1.107:6112;
21:01:18.01   RLINK -- Session::ProcessCheckAddressList - sending address check to WINaddr:192.168.1.42:6112;
21:01:18.01   RLINK -- Session::ProcessCheckAddressList - sending address check to WINaddr:192.168.1.33:6112;
21:01:18.01   RLINK -- Session::ProcessCheckAddressList - sending address check to WINaddr:192.168.1.106:6112;
21:01:18.34   RLINK -- [P#8] SrcP# 1 ignoring old retry: 1 expect: 8
21:01:18.34   RLINK -- [P#8] SrcP# 1 ignoring old retry: 2 expect: 8
21:01:18.34   RLINK -- [P#8] SrcP# 1 ignoring old retry: 3 expect: 8
21:01:18.49   RLINK -- [P#8] SrcP# 1 buffer out of seq: 12 expect: 8
21:01:19.01   RLINK -- Session::ProcessCheckAddressList - sending address check to WINaddr:192.168.1.146:6112;
21:01:19.01   RLINK -- Session::ProcessCheckAddressList - sending address check to WINaddr:192.168.1.107:6112;
21:01:19.01   RLINK -- Session::ProcessCheckAddressList - sending address check to WINaddr:192.168.1.42:6112;
21:01:19.01   RLINK -- Session::ProcessCheckAddressList - sending address check to WINaddr:192.168.1.33:6112;
21:01:19.01   RLINK -- Session::ProcessCheckAddressList - sending address check to WINaddr:192.168.1.106:6112;
21:01:19.50   RLINK -- SrcP# 1 deliver out of seq: 9 expect: 9
21:01:19.50   RLINK -- SrcP# 1 erase out of seq: 9 expect: 9
21:01:19.50   RLINK -- SrcP# 1 deliver out of seq: 10 expect: 10
21:01:19.50   RLINK -- SrcP# 1 erase out of seq: 10 expect: 10
21:01:19.50   RLINK -- SrcP# 1 deliver out of seq: 11 expect: 11
21:01:19.50   RLINK -- SrcP# 1 erase out of seq: 11 expect: 11
21:01:19.50   RLINK -- SrcP# 1 deliver out of seq: 12 expect: 12
21:01:19.50   RLINK -- SrcP# 1 erase out of seq: 12 expect: 12
21:01:19.51   RLINK -- Accepted matchInfo updated 110 from host
21:01:19.51   RLINK -- Accepted matchInfo updated 111 from host
21:01:19.51   RLINK -- Accepted matchInfo updated 114 from host
21:01:19.51   RLINK -- Accepted matchInfo updated 115 from host
21:01:19.51   RLINK -- Accepted matchInfo updated 118 from host
21:01:19.52   RLINK -- JoinAsync - completed with JoinResult = 0
21:01:19.52   RLINK -- JoinAsync - completed with JoinResult = 0:AdvertisementJoinEvent::R_Success
21:01:19.52   Activating screen: OnlineGameSetup
21:01:19.52   Activating screen: RelicOnlineTabs
21:01:19.52   RLINK -- WorldwideAutomatchService::OnJoinComplete - automatcher is no longer active - ignoring
21:01:19.52   RLINK -- JoinAsync: AsyncJob Complete...
21:01:19.52   Map 8p_montargis region does not have a valid operation type
21:01:19.62   RLINK -- [P#8] SrcP# 1 ignoring old retry: 9 expect: 13
21:01:19.63   GetMaxFrameTimeFromProfile: players=8 expected FPS=57.450951, bars=5, max avg=0.015, sd=0.003, 5 samples =  0.01 0.01 0.01 0.02 0.02
21:01:19.76   RLINK -- Accepted matchInfo updated 119 from host
21:01:20.02   RLINK -- Session::ProcessCheckAddressList - sending address check to WINaddr:192.168.1.146:6112;
21:01:20.02   RLINK -- Session::ProcessCheckAddressList - sending address check to WINaddr:192.168.1.107:6112;
21:01:20.02   RLINK -- Session::ProcessCheckAddressList - sending address check to WINaddr:192.168.1.42:6112;
21:01:20.02   RLINK -- Session::ProcessCheckAddressList - sending address check to WINaddr:192.168.1.33:6112;
21:01:20.02   RLINK -- Session::ProcessCheckAddressList - sending address check to WINaddr:192.168.1.106:6112;
21:01:20.13   RLINK -- Accepted matchInfo updated 122 from host
21:01:20.60   Activating screen: DynamicPopupMenu
21:01:20.76   RLINK -- Accepted matchInfo updated 123 from host
21:01:20.77   GetMaxFrameTimeFromProfile: players=8 expected FPS=57.450951, bars=5, max avg=0.015, sd=0.003, 5 samples =  0.01 0.01 0.01 0.02 0.02
21:01:20.88   RLINK -- Accepted matchInfo updated 124 from host
21:01:21.00   RLINK -- Session::ProcessCheckAddressList - sending address check to WINaddr:192.168.1.146:6112;
21:01:21.00   RLINK -- Session::ProcessCheckAddressList - sending address check to WINaddr:192.168.1.107:6112;
21:01:21.00   RLINK -- Session::ProcessCheckAddressList - sending address check to WINaddr:192.168.1.42:6112;
21:01:21.00   RLINK -- Session::ProcessCheckAddressList - sending address check to WINaddr:192.168.1.33:6112;
21:01:21.00   RLINK -- Session::ProcessCheckAddressList - sending address check to WINaddr:192.168.1.106:6112;
21:01:21.25   RLINK -- Accepted matchInfo updated 129 from host
21:01:21.37   RLINK -- Accepted matchInfo updated 130 from host
21:01:22.00   RLINK -- Session::ProcessCheckAddressList - sending address check to WINaddr:192.168.1.146:6112;
21:01:22.00   RLINK -- Session::ProcessCheckAddressList - sending address check to WINaddr:192.168.1.107:6112;
21:01:22.00   RLINK -- Session::ProcessCheckAddressList - sending address check to WINaddr:192.168.1.42:6112;
21:01:22.00   RLINK -- Session::ProcessCheckAddressList - sending address check to WINaddr:192.168.1.33:6112;
21:01:22.00   RLINK -- Session::ProcessCheckAddressList - sending address check to WINaddr:192.168.1.106:6112;
21:01:22.60   RLINK -- SENDING FORCED ACK from Peer 8 to Peer 1 - timeSinceLastAckMS       1233, transmitAckLastTimeMS    3909751 | Peer ---E- M#00000000 Sack00000019 NSack00000000 (C0.0% S:0.0) [  ]
21:01:22.60   RLINK -- Session::PollTransportEvents AddPeerMessage from peer 1 recv'd for unknown peer at address list WINaddr:192.168.1.43:6112;
21:01:22.60   RLINK -- Transport::OpenInternal request to WINaddr:255.255.255.255:6112;
21:01:22.60   RLINK -- Session::CheckAddress - initiating address check for WINaddr:192.168.1.43:6112;
21:01:22.60   RLINK -- Session - highest peerID now : 9
21:01:22.61   RLINK -- ValidateCustomData: called with 1129 bytes of custom data
21:01:22.61   RLINK -- Client accepted Peer 9 into the match at address list = WINaddr:192.168.1.43:6112;, routes =
21:01:22.61   RLINK -- WorldwideAdvertisementService::Process - EVENT_NEWPEER
21:01:22.64   RLINK -- Accepted matchInfo updated 131 from host
21:01:22.66   GetMaxFrameTimeFromProfile: players=8 expected FPS=57.450951, bars=5, max avg=0.015, sd=0.003, 5 samples =  0.01 0.01 0.01 0.02 0.02
21:01:22.76   RLINK -- Accepted matchInfo updated 132 from host
21:01:23.00   RLINK -- Session::ProcessCheckAddressList - sending address check to WINaddr:192.168.1.146:6112;
21:01:23.00   RLINK -- Session::ProcessCheckAddressList - sending address check to WINaddr:192.168.1.107:6112;
21:01:23.00   RLINK -- Session::ProcessCheckAddressList - sending address check to WINaddr:192.168.1.42:6112;
21:01:23.00   RLINK -- Session::ProcessCheckAddressList - sending address check to WINaddr:192.168.1.33:6112;
21:01:23.00   RLINK -- Session::ProcessCheckAddressList - sending address check to WINaddr:192.168.1.106:6112;
21:01:23.00   RLINK -- Session::ProcessCheckAddressList - sending address check to WINaddr:192.168.1.43:6112;
21:01:23.12   RLINK -- Accepted matchInfo updated 134 from host
21:01:23.24   RLINK -- Accepted matchInfo updated 138 from host
21:01:23.78   RLINK -- SENDING FORCED ACK from Peer 8 to Peer 6 - timeSinceLastAckMS       7943, transmitAckLastTimeMS    3910929 | Peer ---E- M#00000000 Sack00000001 NSack00000000 (C0.0% S:0.0) [  ]
21:01:24.02   RLINK -- Session::ProcessCheckAddressList - sending address check to WINaddr:192.168.1.146:6112;
21:01:24.02   RLINK -- Session::ProcessCheckAddressList - sending address check to WINaddr:192.168.1.107:6112;
21:01:24.02   RLINK -- Session::ProcessCheckAddressList - sending address check to WINaddr:192.168.1.42:6112;
21:01:24.02   RLINK -- Session::ProcessCheckAddressList - sending address check to WINaddr:192.168.1.33:6112;
21:01:24.02   RLINK -- Session::ProcessCheckAddressList - sending address check to WINaddr:192.168.1.106:6112;
21:01:24.02   RLINK -- Session::ProcessCheckAddressList - sending address check to WINaddr:192.168.1.43:6112;
21:01:24.06   Activating screen: DynamicPopupMenu
21:01:24.47   Activating screen: DynamicPopupMenu
21:01:25.02   RLINK -- Session::ProcessCheckAddressList - sending address check to WINaddr:192.168.1.146:6112;
21:01:25.02   RLINK -- Session::ProcessCheckAddressList - sending address check to WINaddr:192.168.1.107:6112;
21:01:25.02   RLINK -- Session::ProcessCheckAddressList - sending address check to WINaddr:192.168.1.42:6112;
21:01:25.02   RLINK -- Session::ProcessCheckAddressList - sending address check to WINaddr:192.168.1.33:6112;
21:01:25.02   RLINK -- Session::ProcessCheckAddressList - sending address check to WINaddr:192.168.1.106:6112;
21:01:25.02   RLINK -- Session::ProcessCheckAddressList - sending address check to WINaddr:192.168.1.43:6112;
21:01:26.00   RLINK -- Session::ProcessCheckAddressList - sending address check to WINaddr:192.168.1.146:6112;
21:01:26.00   RLINK -- Session::ProcessCheckAddressList - address WINaddr:192.168.1.146:6112; timed out
21:01:26.00   RLINK -- Session::ProcessCheckAddressList - sending address check to WINaddr:192.168.1.107:6112;
21:01:26.00   RLINK -- Session::ProcessCheckAddressList - address WINaddr:192.168.1.107:6112; timed out
21:01:26.00   RLINK -- Session::ProcessCheckAddressList - sending address check to WINaddr:192.168.1.42:6112;
21:01:26.00   RLINK -- Session::ProcessCheckAddressList - address WINaddr:192.168.1.42:6112; timed out
21:01:26.00   RLINK -- Session::ProcessCheckAddressList - sending address check to WINaddr:192.168.1.33:6112;
21:01:26.00   RLINK -- Session::ProcessCheckAddressList - address WINaddr:192.168.1.33:6112; timed out
21:01:26.00   RLINK -- Session::ProcessCheckAddressList - sending address check to WINaddr:192.168.1.106:6112;
21:01:26.00   RLINK -- Session::ProcessCheckAddressList - address WINaddr:192.168.1.106:6112; timed out
21:01:26.00   RLINK -- Session::ProcessCheckAddressList - sending address check to WINaddr:192.168.1.43:6112;
21:01:26.25   RLINK -- Accepted matchInfo updated 139 from host
21:01:27.00   RLINK -- Session::ProcessCheckAddressList - sending address check to WINaddr:192.168.1.43:6112;
21:01:27.38   RLINK -- Accepted matchInfo updated 142 from host
21:01:27.62   RLINK -- OnMMT_PlayerSwapSlotReply_To_Player: got reply of 1 to request 6
21:01:27.62   RLINK -- Accepted matchInfo updated 143 from host
21:01:27.63   GetMaxFrameTimeFromProfile: players=8 expected FPS=57.450951, bars=5, max avg=0.015, sd=0.003, 5 samples =  0.01 0.01 0.01 0.02 0.02
21:01:27.76   RLINK -- Accepted matchInfo updated 144 from host
21:01:28.00   RLINK -- Session::ProcessCheckAddressList - sending address check to WINaddr:192.168.1.43:6112;
21:01:28.13   RLINK -- Accepted matchInfo updated 149 from host
21:01:28.25   RLINK -- Accepted matchInfo updated 151 from host
21:01:29.01   RLINK -- Session::ProcessCheckAddressList - sending address check to WINaddr:192.168.1.43:6112;
21:01:30.02   RLINK -- Session::ProcessCheckAddressList - sending address check to WINaddr:192.168.1.43:6112;
21:01:31.00   RLINK -- Session::ProcessCheckAddressList - sending address check to WINaddr:192.168.1.43:6112;
21:01:32.01   RLINK -- Session::ProcessCheckAddressList - sending address check to WINaddr:192.168.1.43:6112;
21:01:32.04   RLINK -- SENDING FORCED ACK from Peer 8 to Peer 6 - timeSinceLastAckMS       4877, transmitAckLastTimeMS    3919191 | Peer ---E- M#00000000 Sack00000002 NSack00000000 (C0.0% S:0.0) [  ]
21:01:33.02   RLINK -- Session::ProcessCheckAddressList - sending address check to WINaddr:192.168.1.43:6112;
21:01:33.02   RLINK -- Session::ProcessCheckAddressList - address WINaddr:192.168.1.43:6112; timed out
21:01:34.00   RLINK -- Transport - median kBPS [hi/cur] sent = 0.2/0.0, recvd = 0.0/0.0, #p/sec[s/r] = 1.1/0.0, max unsent 0, version err 0, merge 0
21:01:34.50   RLINK -- Accepted matchInfo updated 152 from host
21:01:34.52   GetMaxFrameTimeFromProfile: players=8 expected FPS=57.450951, bars=5, max avg=0.015, sd=0.003, 5 samples =  0.01 0.01 0.01 0.02 0.02
21:01:34.62   RLINK -- Accepted matchInfo updated 153 from host
21:01:35.01   RLINK -- Accepted matchInfo updated 157 from host
21:01:35.14   RLINK -- Accepted matchInfo updated 160 from host
21:01:35.28   RLINK -- SENDING FORCED ACK from Peer 8 to Peer 6 - timeSinceLastAckMS       3239, transmitAckLastTimeMS    3922430 | Peer ---E- M#00000000 Sack00000003 NSack00000000 (C0.0% S:0.0) [  ]
21:01:36.39   RLINK -- Received swap slot request from /steam/76561198330314774
21:01:36.39   Activating screen: MessageBoxPopup
21:01:36.40   RLINK -- SENDING FORCED ACK from Peer 8 to Peer 1 - timeSinceLastAckMS       1262, transmitAckLastTimeMS    3923554 | Peer ---E- M#00000000 Sack00000036 NSack00000000 (C0.0% S:0.0) [  ]
21:01:38.17   RLINK -- SENDING FORCED ACK from Peer 8 to Peer 2 - timeSinceLastAckMS      11009, transmitAckLastTimeMS    3925323 | Peer ---E- M#00000000 Sack00000001 NSack00000000 (C0.0% S:0.0) [  ]
21:01:38.51   RLINK -- Accepted matchInfo updated 161 from host
21:01:38.54   GetMaxFrameTimeFromProfile: players=8 expected FPS=57.450951, bars=5, max avg=0.015, sd=0.003, 5 samples =  0.01 0.01 0.01 0.02 0.02
21:01:38.64   RLINK -- Accepted matchInfo updated 162 from host
21:01:39.00   RLINK -- Accepted matchInfo updated 165 from host
21:01:39.12   RLINK -- Accepted matchInfo updated 169 from host
21:01:40.53   RLINK -- SENDING FORCED ACK from Peer 8 to Peer 2 - timeSinceLastAckMS       2354, transmitAckLastTimeMS    3927677 | Peer ---E- M#00000000 Sack00000002 NSack00000000 (C0.0% S:0.0) [  ]
21:01:41.28   RLINK -- Accepted matchInfo updated 170 from host
21:01:41.29   GetMaxFrameTimeFromProfile: players=8 expected FPS=57.450951, bars=5, max avg=0.015, sd=0.003, 5 samples =  0.01 0.01 0.01 0.02 0.02
21:01:41.39   RLINK -- Accepted matchInfo updated 171 from host
21:01:41.66   RLINK -- SENDING FORCED ACK from Peer 8 to Peer 2 - timeSinceLastAckMS        315, transmitAckLastTimeMS    3928808 | Peer ---E- M#00000000 Sack00000003 NSack00000000 (C0.0% S:0.0) [  ]
21:01:41.76   RLINK -- Accepted matchInfo updated 175 from host
21:01:42.01   RLINK -- Accepted matchInfo updated 178 from host
21:01:43.67   RLINK -- SENDING FORCED ACK from Peer 8 to Peer 2 - timeSinceLastAckMS       2017, transmitAckLastTimeMS    3930825 | Peer ---E- M#00000000 Sack00000004 NSack00000000 (C0.0% S:0.0) [  ]
21:01:45.78   RLINK -- SENDING FORCED ACK from Peer 8 to Peer 6 - timeSinceLastAckMS       4434, transmitAckLastTimeMS    3932927 | Peer ---E- M#00000000 Sack00000004 NSack00000000 (C0.0% S:0.0) [  ]
21:01:47.55   RLINK -- SENDING FORCED ACK from Peer 8 to Peer 6 - timeSinceLastAckMS       1771, transmitAckLastTimeMS    3934698 | Peer ---E- M#00000000 Sack00000005 NSack00000000 (C0.0% S:0.0) [  ]
21:01:51.04   RLINK -- SENDING FORCED ACK from Peer 8 to Peer 6 - timeSinceLastAckMS       3491, transmitAckLastTimeMS    3938189 | Peer ---E- M#00000000 Sack00000006 NSack00000000 (C0.0% S:0.0) [  ]
21:01:53.17   RLINK -- SENDING FORCED ACK from Peer 8 to Peer 2 - timeSinceLastAckMS       9495, transmitAckLastTimeMS    3940320 | Peer ---E- M#00000000 Sack00000005 NSack00000000 (C0.0% S:0.0) [  ]
21:01:54.05   RLINK -- SENDING FORCED ACK from Peer 8 to Peer 7 - timeSinceLastAckMS        338, transmitAckLastTimeMS    3941204 | Peer ---E- M#00000000 Sack00000001 NSack00000000 (C0.0% S:0.0) [  ]
21:01:54.51   RLINK -- [P#8] SrcP# 7 ignoring old retry: 1 expect: 2
21:01:55.04   RLINK -- SENDING FORCED ACK from Peer 8 to Peer 6 - timeSinceLastAckMS       1320, transmitAckLastTimeMS    3942186 | Peer ---E- M#00000000 Sack00000007 NSack00000000 (C0.0% S:0.0) [  ]
21:01:55.32   Re-winding a compressed stream for file 'data:sound\wav\music\frontend\opening_ambience_tg\opening_ambience_with_birds.smf'.  Expensive operation
21:01:57.41   RLINK -- SENDING FORCED ACK from Peer 8 to Peer 7 - timeSinceLastAckMS       1386, transmitAckLastTimeMS    3944565 | Peer ---E- M#00000000 Sack00000002 NSack00000000 (C0.0% S:0.0) [  ]
21:01:59.55   RLINK -- SENDING FORCED ACK from Peer 8 to Peer 1 - timeSinceLastAckMS        515, transmitAckLastTimeMS    3946698 | Peer ---E- M#00000000 Sack00000045 NSack00000000 (C0.0% S:0.0) [  ]
21:02:00.41   RLINK -- Accepted matchInfo updated 179 from host
21:02:00.79   RLINK -- SENDING FORCED ACK from Peer 8 to Peer 6 - timeSinceLastAckMS       4763, transmitAckLastTimeMS    3947942 | Peer ---E- M#00000000 Sack00000008 NSack00000000 (C0.0% S:0.0) [  ]
21:02:00.90   RLINK -- Accepted matchInfo updated 180 from host
21:02:05.18   RLINK -- SENDING FORCED ACK from Peer 8 to Peer 6 - timeSinceLastAckMS       3720, transmitAckLastTimeMS    3952332 | Peer ---E- M#00000000 Sack00000009 NSack00000000 (C0.0% S:0.0) [  ]
21:02:07.29   Activating screen: DynamicPopupMenu
21:02:07.37   Activating screen: RelicOnlineStatsPopup
21:02:09.01   RLINK -- Accepted matchInfo updated 181 from host
21:02:09.71   DataDeactivate - no more things to deactivate. bailing.
21:02:13.54   RLINK -- Accepted matchInfo updated 182 from host
21:02:14.90   RLINK -- Accepted matchInfo updated 183 from host
21:02:16.00   RLINK -- local      PeerID 8 LOCL ack=  0 (  0ms~0) unack=  0, retry=  0, highwaterOOS=0 (ip=WINaddr:192.168.50.236:6112;), pending=0, dead=0, RS#=0/0
21:02:16.00   RLINK --       host PeerID 1 RELY ack= 68 (510ms~13) unack=  0, retry=  0, highwaterOOS=4 (ip=WINaddr:192.168.10.3:6112;), pending=0, dead=0, RS#=67/67
21:02:16.00   RLINK --            PeerID 2 RELY ack=  5 (477ms~40) unack=  0, retry=  0, highwaterOOS=0 (ip=WINaddr:192.168.1.146:6112;), pending=0, dead=0, RS#=5/5
21:02:16.00   RLINK --            PeerID 3 RELY ack=  5 (469ms~27) unack=  0, retry=  0, highwaterOOS=0 (ip=WINaddr:192.168.1.107:6112;), pending=0, dead=0, RS#=5/5
21:02:16.00   RLINK --            PeerID 4 RELY ack=  5 (769ms~144) unack=  0, retry=  0, highwaterOOS=0 (ip=WINaddr:192.168.1.42:6112;), pending=0, dead=0, RS#=5/5
21:02:16.00   RLINK --            PeerID 6 RELY ack=  5 (469ms~27) unack=  0, retry=  0, highwaterOOS=0 (ip=WINaddr:192.168.1.33:6112;), pending=0, dead=0, RS#=5/5
21:02:16.00   RLINK --            PeerID 7 RELY ack=  5 (485ms~51) unack=  0, retry=  0, highwaterOOS=0 (ip=WINaddr:192.168.1.106:6112;), pending=0, dead=0, RS#=5/5
21:02:16.00   RLINK --            PeerID 9 RELY ack=  5 (469ms~27) unack=  0, retry=  0, highwaterOOS=0 (ip=WINaddr:192.168.1.43:6112;), pending=0, dead=0, RS#=5/5
21:02:16.00   RLINK -- MessageCounts: inval=0/0, seek=0/0, join=0/2, ichk=0/0, sk_r=0/0, deny=0/2, Padd=0/17, Pdel=0/0, drop=0/0, data=97/58, mdat=0/0, voip=0/0, rchk=67/0, nudg=10/20, Thdr=66/0, Peer=204/176, PPrx=86/240, ping=0/0, Pfrg=0/0, rely=10/26, lb_p=2/2, lb_c=0/0, cast=0/0, cdat=0/0, sorq1=0/0, sorp=0/0, acto=0/0, spob=0/0, sorq2=0/0
21:02:19.40   RLINK -- Accepted matchInfo updated 184 from host
21:02:22.67   RLINK -- Accepted matchInfo updated 185 from host
21:02:23.15   SMT_UpdateCountDown_To_Everyone
21:02:23.18   RLINK -- SENDING FORCED ACK from Peer 8 to Peer 1 - timeSinceLastAckMS        512, transmitAckLastTimeMS    3970332 | Peer ---E- M#00000000 Sack00000053 NSack00000000 (C0.0% S:0.0) [  ]
21:02:23.40   Activating screen: FriendsListPopup
21:02:24.17   SMT_UpdateCountDown_To_Everyone
21:02:24.18   RLINK -- SENDING FORCED ACK from Peer 8 to Peer 1 - timeSinceLastAckMS       1002, transmitAckLastTimeMS    3971334 | Peer ---E- M#00000000 Sack00000054 NSack00000000 (C0.0% S:0.0) [  ]
21:02:25.15   SMT_UpdateCountDown_To_Everyone
21:02:25.18   RLINK -- SENDING FORCED ACK from Peer 8 to Peer 1 - timeSinceLastAckMS        999, transmitAckLastTimeMS    3972333 | Peer ---E- M#00000000 Sack00000055 NSack00000000 (C0.0% S:0.0) [  ]
21:02:25.30   RLINK -- SENDING FORCED ACK from Peer 8 to Peer 6 - timeSinceLastAckMS      20123, transmitAckLastTimeMS    3972455 | Peer ---E- M#00000000 Sack00000010 NSack00000000 (C0.0% S:0.0) [  ]
21:02:26.16   SMT_UpdateCountDown_To_Everyone
21:02:26.19   RLINK -- SENDING FORCED ACK from Peer 8 to Peer 1 - timeSinceLastAckMS        519, transmitAckLastTimeMS    3973341 | Peer ---E- M#00000000 Sack00000056 NSack00000000 (C0.0% S:0.0) [  ]
21:02:27.19   SMT_UpdateCountDown_To_Everyone
21:02:27.20   RLINK -- SENDING FORCED ACK from Peer 8 to Peer 1 - timeSinceLastAckMS       1009, transmitAckLastTimeMS    3974350 | Peer ---E- M#00000000 Sack00000057 NSack00000000 (C0.0% S:0.0) [  ]
21:02:27.90   SMT_UpdateCountDown_To_Everyone
21:02:27.90   RLINK -- Accepted matchInfo updated 186 from host
21:02:29.67   RLINK -- SENDING FORCED ACK from Peer 8 to Peer 6 - timeSinceLastAckMS       4363, transmitAckLastTimeMS    3976818 | Peer ---E- M#00000000 Sack00000011 NSack00000000 (C0.0% S:0.0) [  ]
21:02:30.43   RLINK -- SENDING FORCED ACK from Peer 8 to Peer 6 - timeSinceLastAckMS        763, transmitAckLastTimeMS    3977581 | Peer ---E- M#00000000 Sack00000012 NSack00000000 (C0.0% S:0.0) [  ]
21:02:31.53   RLINK -- Accepted matchInfo updated 187 from host
21:02:32.14   SMT_UpdateCountDown_To_Everyone
21:02:32.16   RLINK -- SENDING FORCED ACK from Peer 8 to Peer 1 - timeSinceLastAckMS        631, transmitAckLastTimeMS    3979316 | Peer ---E- M#00000000 Sack00000061 NSack00000000 (C0.0% S:0.0) [  ]
21:02:33.15   SMT_UpdateCountDown_To_Everyone
21:02:33.18   RLINK -- SENDING FORCED ACK from Peer 8 to Peer 1 - timeSinceLastAckMS       1011, transmitAckLastTimeMS    3980327 | Peer ---E- M#00000000 Sack00000062 NSack00000000 (C0.0% S:0.0) [  ]
21:02:34.16   SMT_UpdateCountDown_To_Everyone
21:02:34.19   RLINK -- SENDING FORCED ACK from Peer 8 to Peer 1 - timeSinceLastAckMS       1010, transmitAckLastTimeMS    3981337 | Peer ---E- M#00000000 Sack00000063 NSack00000000 (C0.0% S:0.0) [  ]
21:02:35.01   RLINK -- Transport - median kBPS [hi/cur] sent = 0.2/0.0, recvd = 0.0/0.0, #p/sec[s/r] = 0.0/0.0, max unsent 0, version err 0, merge 0
21:02:35.16   SMT_UpdateCountDown_To_Everyone
21:02:35.19   RLINK -- SENDING FORCED ACK from Peer 8 to Peer 1 - timeSinceLastAckMS        634, transmitAckLastTimeMS    3982338 | Peer ---E- M#00000000 Sack00000064 NSack00000000 (C0.0% S:0.0) [  ]
21:02:36.17   SMT_UpdateCountDown_To_Everyone
21:02:36.19   RLINK -- SENDING FORCED ACK from Peer 8 to Peer 1 - timeSinceLastAckMS       1004, transmitAckLastTimeMS    3983342 | Peer ---E- M#00000000 Sack00000065 NSack00000000 (C0.0% S:0.0) [  ]
21:02:37.17   SMT_UpdateCountDown_To_Everyone
21:02:37.19   RLINK -- SENDING FORCED ACK from Peer 8 to Peer 1 - timeSinceLastAckMS       1004, transmitAckLastTimeMS    3984346 | Peer ---E- M#00000000 Sack00000066 NSack00000000 (C0.0% S:0.0) [  ]
21:02:38.15   SMT_UpdateCountDown_To_Everyone
21:02:38.17   RLINK -- SENDING FORCED ACK from Peer 8 to Peer 1 - timeSinceLastAckMS        609, transmitAckLastTimeMS    3985318 | Peer ---E- M#00000000 Sack00000067 NSack00000000 (C0.0% S:0.0) [  ]
21:02:39.15   SMT_UpdateCountDown_To_Everyone
21:02:39.17   RLINK -- SENDING FORCED ACK from Peer 8 to Peer 1 - timeSinceLastAckMS       1007, transmitAckLastTimeMS    3986325 | Peer ---E- M#00000000 Sack00000068 NSack00000000 (C0.0% S:0.0) [  ]
21:02:40.15   SMT_UpdateCountDown_To_Everyone
21:02:40.18   RLINK -- SENDING FORCED ACK from Peer 8 to Peer 1 - timeSinceLastAckMS       1005, transmitAckLastTimeMS    3987330 | Peer ---E- M#00000000 Sack00000069 NSack00000000 (C0.0% S:0.0) [  ]
21:02:40.81   RLINK -- Accepted matchInfo updated 188 from host
21:02:40.81   SMT_UpdateCountDown_To_Everyone
21:02:40.83   GetMaxFrameTimeFromProfile: players=8 expected FPS=57.450951, bars=5, max avg=0.015, sd=0.003, 5 samples =  0.01 0.01 0.01 0.02 0.02
21:02:40.92   RLINK -- Accepted matchInfo updated 190 from host
21:02:41.29   RLINK -- Accepted matchInfo updated 195 from host
21:02:41.31   GetMaxFrameTimeFromProfile: players=8 expected FPS=57.450951, bars=5, max avg=0.015, sd=0.003, 5 samples =  0.01 0.01 0.01 0.02 0.02
21:02:41.42   RLINK -- Accepted matchInfo updated 197 from host
21:02:41.44   GetMaxFrameTimeFromProfile: players=8 expected FPS=57.450951, bars=5, max avg=0.015, sd=0.003, 5 samples =  0.01 0.01 0.01 0.02 0.02
21:02:41.53   RLINK -- Accepted matchInfo updated 198 from host
21:02:41.77   RLINK -- Accepted matchInfo updated 204 from host
21:02:41.91   RLINK -- Accepted matchInfo updated 210 from host
21:02:42.29   RLINK -- Accepted matchInfo updated 211 from host
21:02:42.32   GetMaxFrameTimeFromProfile: players=8 expected FPS=57.450951, bars=5, max avg=0.015, sd=0.003, 5 samples =  0.01 0.01 0.01 0.02 0.02
21:02:42.42   RLINK -- Accepted matchInfo updated 212 from host
21:02:42.78   RLINK -- Accepted matchInfo updated 218 from host
21:02:42.90   RLINK -- Accepted matchInfo updated 219 from host
21:02:43.06   Activating screen: DynamicPopupMenu
21:02:43.15   RLINK -- Accepted matchInfo updated 220 from host
21:02:43.66   RLINK -- Accepted matchInfo updated 221 from host
21:02:44.16   SMT_UpdateCountDown_To_Everyone
21:02:44.16   RLINK -- Accepted matchInfo updated 222 from host
21:02:44.55   RLINK -- Accepted matchInfo updated 223 from host
21:02:45.15   SMT_UpdateCountDown_To_Everyone
21:02:45.19   RLINK -- SENDING FORCED ACK from Peer 8 to Peer 1 - timeSinceLastAckMS        639, transmitAckLastTimeMS    3992338 | Peer ---E- M#00000000 Sack00000087 NSack00000000 (C0.0% S:0.0) [  ]
21:02:45.90   RLINK -- Accepted matchInfo updated 224 from host
21:02:45.90   SMT_UpdateCountDown_To_Everyone
21:02:45.93   GetMaxFrameTimeFromProfile: players=8 expected FPS=57.450951, bars=5, max avg=0.015, sd=0.003, 5 samples =  0.01 0.01 0.01 0.02 0.02
21:02:46.05   RLINK -- Accepted matchInfo updated 226 from host
21:02:46.29   RLINK -- Accepted matchInfo updated 227 from host
21:02:46.43   RLINK -- Accepted matchInfo updated 231 from host
21:02:46.45   GetMaxFrameTimeFromProfile: players=8 expected FPS=57.450951, bars=5, max avg=0.015, sd=0.003, 5 samples =  0.01 0.01 0.01 0.02 0.02
21:02:46.54   RLINK -- Accepted matchInfo updated 235 from host
21:02:46.56   GetMaxFrameTimeFromProfile: players=8 expected FPS=57.450951, bars=5, max avg=0.015, sd=0.003, 5 samples =  0.01 0.01 0.01 0.02 0.02
21:02:46.66   RLINK -- Accepted matchInfo updated 236 from host
21:02:46.90   RLINK -- Accepted matchInfo updated 242 from host
21:02:47.03   RLINK -- Accepted matchInfo updated 248 from host
21:02:47.16   RLINK -- Accepted matchInfo updated 250 from host
21:02:47.54   RLINK -- Accepted matchInfo updated 251 from host
21:02:48.40   RLINK -- Accepted matchInfo updated 252 from host
21:02:48.55   RLINK -- Accepted matchInfo updated 253 from host
21:02:48.57   GetMaxFrameTimeFromProfile: players=8 expected FPS=57.450951, bars=5, max avg=0.015, sd=0.003, 5 samples =  0.01 0.01 0.01 0.02 0.02
21:02:48.67   RLINK -- Accepted matchInfo updated 254 from host
21:02:49.05   RLINK -- Accepted matchInfo updated 260 from host
21:02:49.07   GetMaxFrameTimeFromProfile: players=8 expected FPS=57.450951, bars=5, max avg=0.015, sd=0.003, 5 samples =  0.01 0.01 0.01 0.02 0.02
21:02:49.16   RLINK -- Accepted matchInfo updated 262 from host
21:02:49.53   RLINK -- Accepted matchInfo updated 265 from host
21:02:49.66   RLINK -- Accepted matchInfo updated 270 from host
21:02:50.04   RLINK -- Accepted matchInfo updated 271 from host
21:02:50.90   RLINK -- Accepted matchInfo updated 272 from host
21:02:51.18   SMT_UpdateCountDown_To_Everyone
21:02:51.20   RLINK -- SENDING FORCED ACK from Peer 8 to Peer 1 - timeSinceLastAckMS        304, transmitAckLastTimeMS    3998356 | Peer ---E- M#00000000 Sack00000108 NSack00000000 (C0.0% S:0.0) [  ]
21:02:51.79   RLINK -- Accepted matchInfo updated 273 from host
21:02:52.17   SMT_UpdateCountDown_To_Everyone
21:02:52.18   RLINK -- SENDING FORCED ACK from Peer 8 to Peer 1 - timeSinceLastAckMS        396, transmitAckLastTimeMS    3999334 | Peer ---E- M#00000000 Sack00000110 NSack00000000 (C0.0% S:0.0) [  ]
21:02:53.17   SMT_UpdateCountDown_To_Everyone
21:02:53.28   RLINK -- SENDING FORCED ACK from Peer 8 to Peer 1 - timeSinceLastAckMS        253, transmitAckLastTimeMS    4000434 | Peer ---E- M#00000000 Sack00000111 NSack00000000 (C0.0% S:0.0) [  ]
21:02:53.53   RLINK -- Accepted matchInfo updated 274 from host
21:02:54.18   SMT_UpdateCountDown_To_Everyone
21:02:54.20   RLINK -- SENDING FORCED ACK from Peer 8 to Peer 1 - timeSinceLastAckMS        668, transmitAckLastTimeMS    4001353 | Peer ---E- M#00000000 Sack00000113 NSack00000000 (C0.0% S:0.0) [  ]
21:02:54.80   RLINK -- Accepted matchInfo updated 275 from host
21:02:55.16   SMT_UpdateCountDown_To_Everyone
21:02:55.18   RLINK -- SENDING FORCED ACK from Peer 8 to Peer 1 - timeSinceLastAckMS        388, transmitAckLastTimeMS    4002334 | Peer ---E- M#00000000 Sack00000115 NSack00000000 (C0.0% S:0.0) [  ]
21:02:56.16   SMT_UpdateCountDown_To_Everyone
21:02:56.19   RLINK -- SENDING FORCED ACK from Peer 8 to Peer 1 - timeSinceLastAckMS       1002, transmitAckLastTimeMS    4003336 | Peer ---E- M#00000000 Sack00000116 NSack00000000 (C0.0% S:0.0) [  ]
21:02:57.16   SMT_UpdateCountDown_To_Everyone
21:02:57.19   RLINK -- SENDING FORCED ACK from Peer 8 to Peer 1 - timeSinceLastAckMS       1008, transmitAckLastTimeMS    4004344 | Peer ---E- M#00000000 Sack00000117 NSack00000000 (C0.0% S:0.0) [  ]
21:02:58.17   SMT_UpdateCountDown_To_Everyone
21:02:58.20   RLINK -- SENDING FORCED ACK from Peer 8 to Peer 1 - timeSinceLastAckMS        396, transmitAckLastTimeMS    4005353 | Peer ---E- M#00000000 Sack00000118 NSack00000000 (C0.0% S:0.0) [  ]
21:02:58.91   RLINK -- Accepted matchInfo updated 276 from host
21:02:59.16   SMT_UpdateCountDown_To_Everyone
21:02:59.19   RLINK -- SENDING FORCED ACK from Peer 8 to Peer 1 - timeSinceLastAckMS        276, transmitAckLastTimeMS    4006336 | Peer ---E- M#00000000 Sack00000120 NSack00000000 (C0.0% S:0.0) [  ]
21:03:00.12   Re-winding a compressed stream for file 'data:sound\wav\music\frontend\opening_ambience_tg\opening_ambience_with_birds.smf'.  Expensive operation
21:03:00.17   SMT_UpdateCountDown_To_Everyone
21:03:00.20   RLINK -- SENDING FORCED ACK from Peer 8 to Peer 1 - timeSinceLastAckMS       1010, transmitAckLastTimeMS    4007346 | Peer ---E- M#00000000 Sack00000121 NSack00000000 (C0.0% S:0.0) [  ]
21:03:01.04   RLINK -- Accepted matchInfo updated 277 from host
21:03:01.15   SMT_StartGame_To_Everyone - received
21:03:01.15   SMT_StartGame_To_Everyone - Starting game with synclevel 0 from start message
21:03:01.15   GameSetupForm - Starting game
21:03:01.15   GameInfo::ResetInfo - SyncLevel set to 0 on reset
21:03:01.15   PopulateGameInfoInternal - Setting Option #0 - [Id 1397509955, Value 1]
21:03:01.15   PopulateGameInfoInternal - Setting Option #1 - [Id 1381192532, Value 1]
21:03:01.15   PopulateGameInfoInternal - Setting Option #2 - [Id 1448105035, Value 1]
21:03:01.15   PopulateGameInfoInternal - Player #0 - [Id 1243386, Type 2, Team 0, Race 2]
21:03:01.15   PopulateGameInfoInternal - Player #4 - [Id 68108, Type 2, Team 1, Race 1]
21:03:01.15   PopulateGameInfoInternal - Player #1 - [Id 48622, Type 2, Team 0, Race 0]
21:03:01.15   PopulateGameInfoInternal - Player #5 - [Id 1370787, Type 2, Team 1, Race 3]
21:03:01.15   PopulateGameInfoInternal - Player #2 - [Id 1135310, Type 2, Team 0, Race 0]
21:03:01.15   PopulateGameInfoInternal - Player #6 - [Id 1799484, Type 2, Team 1, Race 3]
21:03:01.15   PopulateGameInfoInternal - Player #3 - [Id 140455, Type 2, Team 0, Race 0]
21:03:01.15   PopulateGameInfoInternal - Player #7 - [Id 1850731, Type 0, Team 1, Race 1]
21:03:01.15   PopulateGameInfoInternal - Team #0 Player Count: 4
21:03:01.15   PopulateGameInfoInternal - Team #1 Player Count: 4
21:03:01.15   PopulateGameInfo - random seed:[1665428526], guid:[{b1f36799-837f-439a-bfbd-e3174bb4122a}], sync level:[0]
21:03:01.16   Error loading [DATA:levelingCurve.lua]
21:03:01.16   Error loading [DATA:levelingCurve.lua]
21:03:01.16   Error loading [DATA:levelingCurve.lua]
21:03:01.16   Error loading [DATA:levelingCurve.lua]
21:03:01.16   Error loading [DATA:levelingCurve.lua]
21:03:01.16   Error loading [DATA:levelingCurve.lua]
21:03:01.16   Error loading [DATA:levelingCurve.lua]
21:03:01.16   Error loading [DATA:levelingCurve.lua]
21:03:01.16   MOD - Setting player (0) race to: allies_commonwealth
21:03:01.16   MOD - Setting player (0) race to: 0
21:03:01.16   ModDllSetup::PlayerSetRewardUnits - playerIndex 0...
21:03:01.16   MOD - Setting player (1) race to: allies
21:03:01.16   MOD - Setting player (1) race to: 1
21:03:01.16   ModDllSetup::PlayerSetRewardUnits - playerIndex 1...
21:03:01.16       adding reward 'upgrade\upgrade_axis_schwimmwagen'
21:03:01.16       adding reward 'upgrade\upgrade_axis_geschutzwagen'
21:03:01.16   MOD - Setting player (2) race to: allies
21:03:01.16   MOD - Setting player (2) race to: 1
21:03:01.16   ModDllSetup::PlayerSetRewardUnits - playerIndex 2...
21:03:01.16       adding reward 'upgrade\upgrade_axis_schwimmwagen'
21:03:01.16   MOD - Setting player (3) race to: allies
21:03:01.16   MOD - Setting player (3) race to: 1
21:03:01.16   ModDllSetup::PlayerSetRewardUnits - playerIndex 3...
21:03:01.16   MOD - Setting player (4) race to: axis
21:03:01.16   MOD - Setting player (4) race to: 2
21:03:01.16   ModDllSetup::PlayerSetRewardUnits - playerIndex 4...
21:03:01.16       adding reward 'upgrade\upgrade_panzer_elite_hotchkiss'
21:03:01.16       adding reward 'upgrade\upgrade_voss_tiger'
21:03:01.16       adding reward 'upgrade\upgrade_axis_schwimmwagen'
21:03:01.16   MOD - Setting player (5) race to: axis_panzer_elite
21:03:01.16   MOD - Setting player (5) race to: 3
21:03:01.16   ModDllSetup::PlayerSetRewardUnits - playerIndex 5...
21:03:01.16       adding reward 'upgrade\upgrade_axis_geschutzwagen'
21:03:01.16       adding reward 'upgrade\upgrade_allied_hellcat'
21:03:01.16   MOD - Setting player (6) race to: axis_panzer_elite
21:03:01.16   MOD - Setting player (6) race to: 3
21:03:01.17   ModDllSetup::PlayerSetRewardUnits - playerIndex 6...
21:03:01.17       adding reward 'upgrade\upgrade_axis_geschutzwagen'
21:03:01.17       adding reward 'upgrade\upgrade_british_kangaroo'
21:03:01.17       adding reward 'upgrade\upgrade_axis_schwimmwagen'
21:03:01.17       adding reward 'upgrade\upgrade_british_staghound'
21:03:01.17       adding reward 'upgrade\upgrade_voss_tiger'
21:03:01.17       adding reward 'upgrade\upgrade_panzer_elite_hotchkiss'
21:03:01.17   MOD - Setting player (7) race to: axis
21:03:01.17   MOD - Setting player (7) race to: 2
21:03:01.17   ModDllSetup::PlayerSetRewardUnits - playerIndex 7...
21:03:01.17       adding reward 'upgrade\upgrade_axis_schwimmwagen'
21:03:01.17       adding reward 'upgrade\upgrade_allied_hellcat'
21:03:01.17       adding reward 'upgrade\upgrade_british_staghound'
21:03:01.18   APP -- Game Start
21:03:01.21   GameInfo::ResetInfo - SyncLevel set to 0 on reset
21:03:01.21   GameInfo::ResetInfo - SyncLevel set to 0 on reset
21:03:01.21   GameInfo::ResetInfo - SyncLevel set to 0 on reset
21:03:01.21   GameInfo::ResetInfo - SyncLevel set to 0 on reset
21:03:01.21   GameInfo::ResetInfo - SyncLevel set to 0 on reset
21:03:01.21   GameInfo::ResetInfo - SyncLevel set to 0 on reset
21:03:01.21   GameInfo::ResetInfo - SyncLevel set to 0 on reset
21:03:01.21   GameInfo::ResetInfo - SyncLevel set to 0 on reset
21:03:01.21   GameInfo::ResetInfo - SyncLevel set to 0 on reset
21:03:01.22   GameInfo::ResetInfo - SyncLevel set to 0 on reset
21:03:01.22   GameInfo::ResetInfo - SyncLevel set to 0 on reset
21:03:01.22   GameInfo::ResetInfo - SyncLevel set to 0 on reset
21:03:01.22   GameInfo::ResetInfo - SyncLevel set to 0 on reset
21:03:01.22   GameInfo::ResetInfo - SyncLevel set to 0 on reset
21:03:01.22   GameInfo::ResetInfo - SyncLevel set to 0 on reset
21:03:01.22   GameInfo::ResetInfo - SyncLevel set to 0 on reset
21:03:01.22   GameInfo::ResetInfo - SyncLevel set to 0 on reset
21:03:01.22   GameInfo::ResetInfo - SyncLevel set to 0 on reset
21:03:01.22   GameInfo::ResetInfo - SyncLevel set to 0 on reset
21:03:01.22   GameInfo::ResetInfo - SyncLevel set to 0 on reset
21:03:01.22   GameInfo::ResetInfo - SyncLevel set to 0 on reset
21:03:01.22   GameInfo::ResetInfo - SyncLevel set to 0 on reset
21:03:01.22   GameInfo::ResetInfo - SyncLevel set to 0 on reset
21:03:01.22   GameInfo::ResetInfo - SyncLevel set to 0 on reset
21:03:01.22   GameInfo::ResetInfo - SyncLevel set to 0 on reset
21:03:01.22   GameInfo::ResetInfo - SyncLevel set to 0 on reset
21:03:01.22   GameInfo::ResetInfo - SyncLevel set to 0 on reset
21:03:01.22   GameInfo::ResetInfo - SyncLevel set to 0 on reset
21:03:01.22   GameInfo::ResetInfo - SyncLevel set to 0 on reset
21:03:01.22   GameInfo::ResetInfo - SyncLevel set to 0 on reset
21:03:01.23   GameInfo::ResetInfo - SyncLevel set to 0 on reset
21:03:01.23   GameInfo::ResetInfo - SyncLevel set to 0 on reset
21:03:01.23   GameInfo::ResetInfo - SyncLevel set to 0 on reset
21:03:01.23   GameInfo::ResetInfo - SyncLevel set to 0 on reset
21:03:01.23   GameInfo::ResetInfo - SyncLevel set to 0 on reset
21:03:01.23   GameInfo::ResetInfo - SyncLevel set to 0 on reset
21:03:01.23   GameInfo::ResetInfo - SyncLevel set to 0 on reset
21:03:01.23   GameInfo::ResetInfo - SyncLevel set to 0 on reset
21:03:01.23   GameInfo::ResetInfo - SyncLevel set to 0 on reset
21:03:01.23   GameInfo::ResetInfo - SyncLevel set to 0 on reset
21:03:01.23   GameInfo::ResetInfo - SyncLevel set to 0 on reset
21:03:01.23   GameInfo::ResetInfo - SyncLevel set to 0 on reset
21:03:01.23   GameInfo::ResetInfo - SyncLevel set to 0 on reset
21:03:01.23   GameInfo::ResetInfo - SyncLevel set to 0 on reset
21:03:01.23   GameInfo::ResetInfo - SyncLevel set to 0 on reset
21:03:01.23   GameInfo::ResetInfo - SyncLevel set to 0 on reset
21:03:01.23   GameInfo::ResetInfo - SyncLevel set to 0 on reset
21:03:01.23   GameInfo::ResetInfo - SyncLevel set to 0 on reset
21:03:01.23   GameInfo::ResetInfo - SyncLevel set to 0 on reset
21:03:01.23   GameInfo::ResetInfo - SyncLevel set to 0 on reset
21:03:01.23   GameInfo::ResetInfo - SyncLevel set to 0 on reset
21:03:01.23   GameInfo::ResetInfo - SyncLevel set to 0 on reset
21:03:01.23   GameInfo::ResetInfo - SyncLevel set to 0 on reset
21:03:01.23   GameInfo::ResetInfo - SyncLevel set to 0 on reset
21:03:01.23   GameInfo::ResetInfo - SyncLevel set to 0 on reset
21:03:01.23   GameInfo::ResetInfo - SyncLevel set to 0 on reset
21:03:01.23   GameInfo::ResetInfo - SyncLevel set to 0 on reset
21:03:01.24   GameInfo::ResetInfo - SyncLevel set to 0 on reset
21:03:01.24   GameInfo::ResetInfo - SyncLevel set to 0 on reset
21:03:01.24   GameInfo::ResetInfo - SyncLevel set to 0 on reset
21:03:01.24   GameInfo::ResetInfo - SyncLevel set to 0 on reset
21:03:01.24   GameInfo::ResetInfo - SyncLevel set to 0 on reset
21:03:01.24   GameInfo::ResetInfo - SyncLevel set to 0 on reset
21:03:01.24   GameInfo::ResetInfo - SyncLevel set to 0 on reset
21:03:01.24   GameInfo::ResetInfo - SyncLevel set to 0 on reset
21:03:01.24   GameInfo::ResetInfo - SyncLevel set to 0 on reset
21:03:01.24   GameInfo::ResetInfo - SyncLevel set to 0 on reset
21:03:01.24   GameInfo::ResetInfo - SyncLevel set to 0 on reset
21:03:01.24   GameInfo::ResetInfo - SyncLevel set to 0 on reset
21:03:01.24   GameInfo::ResetInfo - SyncLevel set to 0 on reset
21:03:01.24   GameInfo::ResetInfo - SyncLevel set to 0 on reset
21:03:01.24   GameInfo::ResetInfo - SyncLevel set to 0 on reset
21:03:01.24   GameInfo::ResetInfo - SyncLevel set to 0 on reset
21:03:01.24   GameInfo::ResetInfo - SyncLevel set to 0 on reset
21:03:01.24   GameInfo::ResetInfo - SyncLevel set to 0 on reset
21:03:01.24   GameInfo::ResetInfo - SyncLevel set to 0 on reset
21:03:01.24   GameInfo::ResetInfo - SyncLevel set to 0 on reset
21:03:01.24   GameInfo::ResetInfo - SyncLevel set to 0 on reset
21:03:01.25   GameInfo::ResetInfo - SyncLevel set to 0 on reset
21:03:01.25   GameInfo::ResetInfo - SyncLevel set to 0 on reset
21:03:01.25   GameInfo::ResetInfo - SyncLevel set to 0 on reset
21:03:01.25   GameInfo::ResetInfo - SyncLevel set to 0 on reset
21:03:01.25   GameInfo::ResetInfo - SyncLevel set to 0 on reset
21:03:01.25   GameInfo::ResetInfo - SyncLevel set to 0 on reset
21:03:01.25   GameInfo::ResetInfo - SyncLevel set to 0 on reset
21:03:01.25   GameInfo::ResetInfo - SyncLevel set to 0 on reset
21:03:01.25   GameInfo::ResetInfo - SyncLevel set to 0 on reset
21:03:01.25   GameInfo::ResetInfo - SyncLevel set to 0 on reset
21:03:01.25   GameInfo::ResetInfo - SyncLevel set to 0 on reset
21:03:01.25   GameInfo::ResetInfo - SyncLevel set to 0 on reset
21:03:01.25   GameInfo::ResetInfo - SyncLevel set to 0 on reset
21:03:01.25   GameInfo::ResetInfo - SyncLevel set to 0 on reset
21:03:01.25   GameInfo::ResetInfo - SyncLevel set to 0 on reset
21:03:01.25   GameInfo::ResetInfo - SyncLevel set to 0 on reset
21:03:01.25   GameInfo::ResetInfo - SyncLevel set to 0 on reset
21:03:01.25   GameInfo::ResetInfo - SyncLevel set to 0 on reset
21:03:01.25   GameInfo::ResetInfo - SyncLevel set to 0 on reset
21:03:01.25   GameInfo::ResetInfo - SyncLevel set to 0 on reset
21:03:01.25   GameInfo::ResetInfo - SyncLevel set to 0 on reset
21:03:01.25   GameInfo::ResetInfo - SyncLevel set to 0 on reset
21:03:01.25   GameInfo::ResetInfo - SyncLevel set to 0 on reset
21:03:01.25   GameInfo::ResetInfo - SyncLevel set to 0 on reset
21:03:01.25   GameInfo::ResetInfo - SyncLevel set to 0 on reset
21:03:01.25   GameInfo::ResetInfo - SyncLevel set to 0 on reset
21:03:01.25   GameInfo::ResetInfo - SyncLevel set to 0 on reset
21:03:01.25   GameInfo::ResetInfo - SyncLevel set to 0 on reset
21:03:01.25   GameInfo::ResetInfo - SyncLevel set to 0 on reset
21:03:01.25   GameInfo::ResetInfo - SyncLevel set to 0 on reset
21:03:01.26   GameInfo::ResetInfo - SyncLevel set to 0 on reset
21:03:01.26   GameInfo::ResetInfo - SyncLevel set to 0 on reset
21:03:01.26   GameInfo::ResetInfo - SyncLevel set to 0 on reset
21:03:01.26   GameInfo::ResetInfo - SyncLevel set to 0 on reset
21:03:01.26   GameInfo::ResetInfo - SyncLevel set to 0 on reset
21:03:01.26   GameInfo::ResetInfo - SyncLevel set to 0 on reset
21:03:01.26   GameInfo::ResetInfo - SyncLevel set to 0 on reset
21:03:01.26   GameInfo::ResetInfo - SyncLevel set to 0 on reset
21:03:01.26   GameInfo::ResetInfo - SyncLevel set to 0 on reset
21:03:01.26   GameInfo::ResetInfo - SyncLevel set to 0 on reset
21:03:01.26   GameInfo::ResetInfo - SyncLevel set to 0 on reset
21:03:01.26   GameInfo::ResetInfo - SyncLevel set to 0 on reset
21:03:01.26   GameInfo::ResetInfo - SyncLevel set to 0 on reset
21:03:01.26   GameInfo::ResetInfo - SyncLevel set to 0 on reset
21:03:01.26   GameInfo::ResetInfo - SyncLevel set to 0 on reset
21:03:01.26   GameInfo::ResetInfo - SyncLevel set to 0 on reset
21:03:01.26   GameInfo::ResetInfo - SyncLevel set to 0 on reset
21:03:01.26   GameInfo::ResetInfo - SyncLevel set to 0 on reset
21:03:01.26   GameInfo::ResetInfo - SyncLevel set to 0 on reset
21:03:01.26   GameInfo::ResetInfo - SyncLevel set to 0 on reset
21:03:01.26   GameInfo::ResetInfo - SyncLevel set to 0 on reset
21:03:01.26   GameInfo::ResetInfo - SyncLevel set to 0 on reset
21:03:01.26   GameInfo::ResetInfo - SyncLevel set to 0 on reset
21:03:01.26   GameInfo::ResetInfo - SyncLevel set to 0 on reset
21:03:01.26   GameInfo::ResetInfo - SyncLevel set to 0 on reset
21:03:01.26   GameInfo::ResetInfo - SyncLevel set to 0 on reset
21:03:01.26   GameInfo::ResetInfo - SyncLevel set to 0 on reset
21:03:01.26   GameInfo::ResetInfo - SyncLevel set to 0 on reset
21:03:01.26   GameInfo::ResetInfo - SyncLevel set to 0 on reset
21:03:01.26   GameInfo::ResetInfo - SyncLevel set to 0 on reset
21:03:01.26   GameInfo::ResetInfo - SyncLevel set to 0 on reset
21:03:01.26   GameInfo::ResetInfo - SyncLevel set to 0 on reset
21:03:01.26   GameInfo::ResetInfo - SyncLevel set to 0 on reset
21:03:01.26   GameInfo::ResetInfo - SyncLevel set to 0 on reset
21:03:01.26   GameInfo::ResetInfo - SyncLevel set to 0 on reset
21:03:01.26   GameInfo::ResetInfo - SyncLevel set to 0 on reset
21:03:01.27   GameInfo::ResetInfo - SyncLevel set to 0 on reset
21:03:01.27   GameInfo::ResetInfo - SyncLevel set to 0 on reset
21:03:01.27   GameInfo::ResetInfo - SyncLevel set to 0 on reset
21:03:01.27   GameInfo::ResetInfo - SyncLevel set to 0 on reset
21:03:01.27   GameInfo::ResetInfo - SyncLevel set to 0 on reset
21:03:01.27   GameInfo::ResetInfo - SyncLevel set to 0 on reset
21:03:01.27   GameInfo::ResetInfo - SyncLevel set to 0 on reset
21:03:01.27   GameInfo::ResetInfo - SyncLevel set to 0 on reset
21:03:01.27   GameInfo::ResetInfo - SyncLevel set to 0 on reset
21:03:01.27   GameInfo::ResetInfo - SyncLevel set to 0 on reset
21:03:01.27   GameInfo::ResetInfo - SyncLevel set to 0 on reset
21:03:01.27   GameInfo::ResetInfo - SyncLevel set to 0 on reset
21:03:01.27   GameInfo::ResetInfo - SyncLevel set to 0 on reset
21:03:01.27   GameInfo::ResetInfo - SyncLevel set to 0 on reset
21:03:01.27   GameInfo::ResetInfo - SyncLevel set to 0 on reset
21:03:01.27   GameInfo::ResetInfo - SyncLevel set to 0 on reset
21:03:01.27   GameInfo::ResetInfo - SyncLevel set to 0 on reset
21:03:01.27   GameInfo::ResetInfo - SyncLevel set to 0 on reset
21:03:01.28   GameInfo::ResetInfo - SyncLevel set to 0 on reset
21:03:01.28   GameInfo::ResetInfo - SyncLevel set to 0 on reset
21:03:01.28   GameInfo::ResetInfo - SyncLevel set to 0 on reset
21:03:01.28   GameInfo::ResetInfo - SyncLevel set to 0 on reset
21:03:01.28   GameInfo::ResetInfo - SyncLevel set to 0 on reset
21:03:01.28   GameInfo::ResetInfo - SyncLevel set to 0 on reset
21:03:01.28   GameInfo::ResetInfo - SyncLevel set to 0 on reset
21:03:01.28   GameInfo::ResetInfo - SyncLevel set to 0 on reset
21:03:01.28   GameInfo::ResetInfo - SyncLevel set to 0 on reset
21:03:01.28   GameInfo::ResetInfo - SyncLevel set to 0 on reset
21:03:01.28   GameInfo::ResetInfo - SyncLevel set to 0 on reset
21:03:01.28   GameInfo::ResetInfo - SyncLevel set to 0 on reset
21:03:01.28   GameInfo::ResetInfo - SyncLevel set to 0 on reset
21:03:01.28   GameInfo::ResetInfo - SyncLevel set to 0 on reset
21:03:01.28   GameInfo::ResetInfo - SyncLevel set to 0 on reset
21:03:01.28   GameInfo::ResetInfo - SyncLevel set to 0 on reset
21:03:01.28   GameInfo::ResetInfo - SyncLevel set to 0 on reset
21:03:01.28   GameInfo::ResetInfo - SyncLevel set to 0 on reset
21:03:01.28   GameInfo::ResetInfo - SyncLevel set to 0 on reset
21:03:01.28   GameInfo::ResetInfo - SyncLevel set to 0 on reset
21:03:01.28   GameInfo::ResetInfo - SyncLevel set to 0 on reset
21:03:01.28   GameInfo::ResetInfo - SyncLevel set to 0 on reset
21:03:01.28   GameInfo::ResetInfo - SyncLevel set to 0 on reset
21:03:01.28   GameInfo::ResetInfo - SyncLevel set to 0 on reset
21:03:01.28   GameInfo::ResetInfo - SyncLevel set to 0 on reset
21:03:01.28   GameInfo::ResetInfo - SyncLevel set to 0 on reset
21:03:01.28   GameInfo::ResetInfo - SyncLevel set to 0 on reset
21:03:01.28   GameInfo::ResetInfo - SyncLevel set to 0 on reset
21:03:01.28   GameInfo::ResetInfo - SyncLevel set to 0 on reset
21:03:01.29   GameInfo::ResetInfo - SyncLevel set to 0 on reset
21:03:01.29   GameInfo::ResetInfo - SyncLevel set to 0 on reset
21:03:01.29   GameInfo::ResetInfo - SyncLevel set to 0 on reset
21:03:01.29   GameInfo::ResetInfo - SyncLevel set to 0 on reset
21:03:01.29   GameInfo::ResetInfo - SyncLevel set to 0 on reset
21:03:01.29   GameInfo::ResetInfo - SyncLevel set to 0 on reset
21:03:01.29   GameInfo::ResetInfo - SyncLevel set to 0 on reset
21:03:01.29   GameInfo::ResetInfo - SyncLevel set to 0 on reset
21:03:01.29   GameInfo::ResetInfo - SyncLevel set to 0 on reset
21:03:01.29   GameInfo::ResetInfo - SyncLevel set to 0 on reset
21:03:01.29   GameInfo::ResetInfo - SyncLevel set to 0 on reset
21:03:01.29   GameInfo::ResetInfo - SyncLevel set to 0 on reset
21:03:01.29   GameInfo::ResetInfo - SyncLevel set to 0 on reset
21:03:01.29   GameInfo::ResetInfo - SyncLevel set to 0 on reset
21:03:01.29   GameInfo::ResetInfo - SyncLevel set to 0 on reset
21:03:01.29   GameInfo::ResetInfo - SyncLevel set to 0 on reset
21:03:01.29   GameInfo::ResetInfo - SyncLevel set to 0 on reset
21:03:01.29   GameInfo::ResetInfo - SyncLevel set to 0 on reset
21:03:01.29   GameInfo::ResetInfo - SyncLevel set to 0 on reset
21:03:01.29   GameInfo::ResetInfo - SyncLevel set to 0 on reset
21:03:01.29   GameInfo::ResetInfo - SyncLevel set to 0 on reset
21:03:01.29   GameInfo::ResetInfo - SyncLevel set to 0 on reset
21:03:01.29   GameInfo::ResetInfo - SyncLevel set to 0 on reset
21:03:01.29   GameInfo::ResetInfo - SyncLevel set to 0 on reset
21:03:01.29   GameInfo::ResetInfo - SyncLevel set to 0 on reset
21:03:01.29   GameInfo::ResetInfo - SyncLevel set to 0 on reset
21:03:01.29   GameInfo::ResetInfo - SyncLevel set to 0 on reset
21:03:01.29   GameInfo::ResetInfo - SyncLevel set to 0 on reset
21:03:01.29   GameInfo::ResetInfo - SyncLevel set to 0 on reset
21:03:01.29   GameInfo::ResetInfo - SyncLevel set to 0 on reset
21:03:01.29   GameInfo::ResetInfo - SyncLevel set to 0 on reset
21:03:01.29   GameInfo::ResetInfo - SyncLevel set to 0 on reset
21:03:01.29   GameInfo::ResetInfo - SyncLevel set to 0 on reset
21:03:01.29   GameInfo::ResetInfo - SyncLevel set to 0 on reset
21:03:01.29   GameInfo::ResetInfo - SyncLevel set to 0 on reset
21:03:01.29   GameInfo::ResetInfo - SyncLevel set to 0 on reset
21:03:01.29   GameInfo::ResetInfo - SyncLevel set to 0 on reset
21:03:01.30   GameInfo::ResetInfo - SyncLevel set to 0 on reset
21:03:01.30   GameInfo::ResetInfo - SyncLevel set to 0 on reset
21:03:01.30   GameInfo::ResetInfo - SyncLevel set to 0 on reset
21:03:01.30   GameInfo::ResetInfo - SyncLevel set to 0 on reset
21:03:01.30   GameInfo::ResetInfo - SyncLevel set to 0 on reset
21:03:01.30   GameInfo::ResetInfo - SyncLevel set to 0 on reset
21:03:01.30   GameInfo::ResetInfo - SyncLevel set to 0 on reset
21:03:01.30   GameInfo::ResetInfo - SyncLevel set to 0 on reset
21:03:01.30   GameInfo::ResetInfo - SyncLevel set to 0 on reset
21:03:01.30   GameInfo::ResetInfo - SyncLevel set to 0 on reset
21:03:01.30   GameInfo::ResetInfo - SyncLevel set to 0 on reset
21:03:01.30   GameInfo::ResetInfo - SyncLevel set to 0 on reset
21:03:01.30   GameInfo::ResetInfo - SyncLevel set to 0 on reset
21:03:01.30   GameInfo::ResetInfo - SyncLevel set to 0 on reset
21:03:01.30   GameInfo::ResetInfo - SyncLevel set to 0 on reset
21:03:01.30   GameInfo::ResetInfo - SyncLevel set to 0 on reset
21:03:01.30   GameInfo::ResetInfo - SyncLevel set to 0 on reset
21:03:01.30   GameInfo::ResetInfo - SyncLevel set to 0 on reset
21:03:01.30   GameInfo::ResetInfo - SyncLevel set to 0 on reset
21:03:01.30   RLINK -- SENDING FORCED ACK from Peer 8 to Peer 1 - timeSinceLastAckMS        266, transmitAckLastTimeMS    4008454 | Peer ---E- M#00000000 Sack00000123 NSack00000000 (C0.0% S:0.0) [  ]
21:03:01.30   GameInfo::ResetInfo - SyncLevel set to 0 on reset
21:03:01.30   GameInfo::ResetInfo - SyncLevel set to 0 on reset
21:03:01.31   GameInfo::ResetInfo - SyncLevel set to 0 on reset
21:03:01.31   GameInfo::ResetInfo - SyncLevel set to 0 on reset
21:03:01.31   GameInfo::ResetInfo - SyncLevel set to 0 on reset
21:03:01.31   GameInfo::ResetInfo - SyncLevel set to 0 on reset
21:03:01.31   GameInfo::ResetInfo - SyncLevel set to 0 on reset
21:03:01.31   GameInfo::ResetInfo - SyncLevel set to 0 on reset
21:03:01.31   GameInfo::ResetInfo - SyncLevel set to 0 on reset
21:03:01.31   GameInfo::ResetInfo - SyncLevel set to 0 on reset
21:03:01.31   GameInfo::ResetInfo - SyncLevel set to 0 on reset
21:03:01.31   GameInfo::ResetInfo - SyncLevel set to 0 on reset
21:03:01.31   GameInfo::ResetInfo - SyncLevel set to 0 on reset
21:03:01.31   GameInfo::ResetInfo - SyncLevel set to 0 on reset
21:03:01.31   GameInfo::ResetInfo - SyncLevel set to 0 on reset
21:03:01.31   GameInfo::ResetInfo - SyncLevel set to 0 on reset
21:03:01.31   GameInfo::ResetInfo - SyncLevel set to 0 on reset
21:03:01.31   GameInfo::ResetInfo - SyncLevel set to 0 on reset
21:03:01.31   GameInfo::ResetInfo - SyncLevel set to 0 on reset
21:03:01.31   GameInfo::ResetInfo - SyncLevel set to 0 on reset
21:03:01.31   GameInfo::ResetInfo - SyncLevel set to 0 on reset
21:03:01.31   GameInfo::ResetInfo - SyncLevel set to 0 on reset
21:03:01.31   GameInfo::ResetInfo - SyncLevel set to 0 on reset
21:03:01.31   GameInfo::ResetInfo - SyncLevel set to 0 on reset
21:03:01.31   GameInfo::ResetInfo - SyncLevel set to 0 on reset
21:03:01.31   GameInfo::ResetInfo - SyncLevel set to 0 on reset
21:03:01.31   GameInfo::ResetInfo - SyncLevel set to 0 on reset
21:03:01.31   GameInfo::ResetInfo - SyncLevel set to 0 on reset
21:03:01.31   GameInfo::ResetInfo - SyncLevel set to 0 on reset
21:03:01.32   GameInfo::ResetInfo - SyncLevel set to 0 on reset
21:03:01.32   GameInfo::ResetInfo - SyncLevel set to 0 on reset
21:03:01.32   GameInfo::ResetInfo - SyncLevel set to 0 on reset
21:03:01.32   GameInfo::ResetInfo - SyncLevel set to 0 on reset
21:03:01.32   GameInfo::ResetInfo - SyncLevel set to 0 on reset
21:03:01.32   GameInfo::ResetInfo - SyncLevel set to 0 on reset
21:03:01.32   GameInfo::ResetInfo - SyncLevel set to 0 on reset
21:03:01.32   GameInfo::ResetInfo - SyncLevel set to 0 on reset
21:03:01.32   GameInfo::ResetInfo - SyncLevel set to 0 on reset
21:03:01.32   GameInfo::ResetInfo - SyncLevel set to 0 on reset
21:03:01.32   GameInfo::ResetInfo - SyncLevel set to 0 on reset
21:03:01.32   GameInfo::ResetInfo - SyncLevel set to 0 on reset
21:03:01.32   GameInfo::ResetInfo - SyncLevel set to 0 on reset
21:03:01.32   GameInfo::ResetInfo - SyncLevel set to 0 on reset
21:03:01.32   GameInfo::ResetInfo - SyncLevel set to 0 on reset
21:03:01.32   GameInfo::ResetInfo - SyncLevel set to 0 on reset
21:03:01.32   GameInfo::ResetInfo - SyncLevel set to 0 on reset
21:03:01.32   GameInfo::ResetInfo - SyncLevel set to 0 on reset
21:03:01.32   GameInfo::ResetInfo - SyncLevel set to 0 on reset
21:03:01.32   GameInfo::ResetInfo - SyncLevel set to 0 on reset
21:03:01.32   GameInfo::ResetInfo - SyncLevel set to 0 on reset
21:03:01.32   GameInfo::ResetInfo - SyncLevel set to 0 on reset
21:03:01.32   GameInfo::ResetInfo - SyncLevel set to 0 on reset
21:03:01.32   GameInfo::ResetInfo - SyncLevel set to 0 on reset
21:03:01.32   GameInfo::ResetInfo - SyncLevel set to 0 on reset
21:03:01.32   GameInfo::ResetInfo - SyncLevel set to 0 on reset
21:03:01.32   GameInfo::ResetInfo - SyncLevel set to 0 on reset
21:03:01.32   GameInfo::ResetInfo - SyncLevel set to 0 on reset
21:03:01.32   GameInfo::ResetInfo - SyncLevel set to 0 on reset
21:03:01.32   GameInfo::ResetInfo - SyncLevel set to 0 on reset
21:03:01.32   GameInfo::ResetInfo - SyncLevel set to 0 on reset
21:03:01.32   GameInfo::ResetInfo - SyncLevel set to 0 on reset
21:03:01.32   GameInfo::ResetInfo - SyncLevel set to 0 on reset
21:03:01.32   GameInfo::ResetInfo - SyncLevel set to 0 on reset
21:03:01.33   GameInfo::ResetInfo - SyncLevel set to 0 on reset
21:03:01.33   GameInfo::ResetInfo - SyncLevel set to 0 on reset
21:03:01.33   GameInfo::ResetInfo - SyncLevel set to 0 on reset
21:03:01.33   GameInfo::ResetInfo - SyncLevel set to 0 on reset
21:03:01.33   GameInfo::ResetInfo - SyncLevel set to 0 on reset
21:03:01.33   GameInfo::ResetInfo - SyncLevel set to 0 on reset
21:03:01.33   GameInfo::ResetInfo - SyncLevel set to 0 on reset
21:03:01.33   GameInfo::ResetInfo - SyncLevel set to 0 on reset
21:03:01.33   GameInfo::ResetInfo - SyncLevel set to 0 on reset
21:03:01.33   GameInfo::ResetInfo - SyncLevel set to 0 on reset
21:03:01.33   GameInfo::ResetInfo - SyncLevel set to 0 on reset
21:03:01.33   GameInfo::ResetInfo - SyncLevel set to 0 on reset
21:03:01.33   GameInfo::ResetInfo - SyncLevel set to 0 on reset
21:03:01.33   GameInfo::ResetInfo - SyncLevel set to 0 on reset
21:03:01.33   GameInfo::ResetInfo - SyncLevel set to 0 on reset
21:03:01.33   GameInfo::ResetInfo - SyncLevel set to 0 on reset
21:03:01.33   GameInfo::ResetInfo - SyncLevel set to 0 on reset
21:03:01.33   GameInfo::ResetInfo - SyncLevel set to 0 on reset
21:03:01.33   GameInfo::ResetInfo - SyncLevel set to 0 on reset
21:03:01.33   GameInfo::ResetInfo - SyncLevel set to 0 on reset
21:03:01.33   GameInfo::ResetInfo - SyncLevel set to 0 on reset
21:03:01.33   GameInfo::ResetInfo - SyncLevel set to 0 on reset
21:03:01.33   GameInfo::ResetInfo - SyncLevel set to 0 on reset
21:03:01.33   GameInfo::ResetInfo - SyncLevel set to 0 on reset
21:03:01.33   GameInfo::ResetInfo - SyncLevel set to 0 on reset
21:03:01.33   GameInfo::ResetInfo - SyncLevel set to 0 on reset
21:03:01.33   GameInfo::ResetInfo - SyncLevel set to 0 on reset
21:03:01.33   GameInfo::ResetInfo - SyncLevel set to 0 on reset
21:03:01.34   GameInfo::ResetInfo - SyncLevel set to 0 on reset
21:03:01.34   GameInfo::ResetInfo - SyncLevel set to 0 on reset
21:03:01.34   GameInfo::ResetInfo - SyncLevel set to 0 on reset
21:03:01.34   GameInfo::ResetInfo - SyncLevel set to 0 on reset
21:03:01.34   GameInfo::ResetInfo - SyncLevel set to 0 on reset
21:03:01.34   GameInfo::ResetInfo - SyncLevel set to 0 on reset
21:03:01.34   GameInfo::ResetInfo - SyncLevel set to 0 on reset
21:03:01.34   GameInfo::ResetInfo - SyncLevel set to 0 on reset
21:03:01.34   GameInfo::ResetInfo - SyncLevel set to 0 on reset
21:03:01.34   GameInfo::ResetInfo - SyncLevel set to 0 on reset
21:03:01.34   GameInfo::ResetInfo - SyncLevel set to 0 on reset
21:03:01.34   GameInfo::ResetInfo - SyncLevel set to 0 on reset
21:03:01.34   GameInfo::ResetInfo - SyncLevel set to 0 on reset
21:03:01.34   GameInfo::ResetInfo - SyncLevel set to 0 on reset
21:03:01.34   GameInfo::ResetInfo - SyncLevel set to 0 on reset
21:03:01.34   GameInfo::ResetInfo - SyncLevel set to 0 on reset
21:03:01.34   GameInfo::ResetInfo - SyncLevel set to 0 on reset
21:03:01.34   GameInfo::ResetInfo - SyncLevel set to 0 on reset
21:03:01.34   GameInfo::ResetInfo - SyncLevel set to 0 on reset
21:03:01.34   GameInfo::ResetInfo - SyncLevel set to 0 on reset
21:03:01.34   GameInfo::ResetInfo - SyncLevel set to 0 on reset
21:03:01.34   GameInfo::ResetInfo - SyncLevel set to 0 on reset
21:03:01.34   GameInfo::ResetInfo - SyncLevel set to 0 on reset
21:03:01.34   GameInfo::ResetInfo - SyncLevel set to 0 on reset
21:03:01.34   GameInfo::ResetInfo - SyncLevel set to 0 on reset
21:03:01.34   GameInfo::ResetInfo - SyncLevel set to 0 on reset
21:03:01.34   GameInfo::ResetInfo - SyncLevel set to 0 on reset
21:03:01.34   GameInfo::ResetInfo - SyncLevel set to 0 on reset
21:03:01.34   GameInfo::ResetInfo - SyncLevel set to 0 on reset
21:03:01.34   GameInfo::ResetInfo - SyncLevel set to 0 on reset
21:03:01.34   GameInfo::ResetInfo - SyncLevel set to 0 on reset
21:03:01.35   GameInfo::ResetInfo - SyncLevel set to 0 on reset
21:03:01.35   GameInfo::ResetInfo - SyncLevel set to 0 on reset
21:03:01.35   GameInfo::ResetInfo - SyncLevel set to 0 on reset
21:03:01.35   GameInfo::ResetInfo - SyncLevel set to 0 on reset
21:03:01.35   GameInfo::ResetInfo - SyncLevel set to 0 on reset
21:03:01.35   GameInfo::ResetInfo - SyncLevel set to 0 on reset
21:03:01.35   GameInfo::ResetInfo - SyncLevel set to 0 on reset
21:03:01.35   GameInfo::ResetInfo - SyncLevel set to 0 on reset
21:03:01.35   GAME -- Error reading header for recorded game PLAYBACK:4p_rails_and_metal20110731195813__[GameReplays.org].rec
21:03:01.35   GameInfo::ResetInfo - SyncLevel set to 0 on reset
21:03:01.35   GameInfo::ResetInfo - SyncLevel set to 0 on reset
21:03:01.35   GAME -- Error reading header for recorded game PLAYBACK:4p_rails_and_metal20110801000124__[GameReplays.org].rec
21:03:01.35   GameInfo::ResetInfo - SyncLevel set to 0 on reset
21:03:01.35   GameInfo::ResetInfo - SyncLevel set to 0 on reset
21:03:01.35   GAME -- Error reading header for recorded game PLAYBACK:4p_rails_and_metal20120827200108__[GameReplays.org].rec
21:03:01.35   GameInfo::ResetInfo - SyncLevel set to 0 on reset
21:03:01.35   GameInfo::ResetInfo - SyncLevel set to 0 on reset
21:03:01.35   GameInfo::ResetInfo - SyncLevel set to 0 on reset
21:03:01.35   GameInfo::ResetInfo - SyncLevel set to 0 on reset
21:03:01.35   GameInfo::ResetInfo - SyncLevel set to 0 on reset
21:03:01.35   GameInfo::ResetInfo - SyncLevel set to 0 on reset
21:03:01.35   GameInfo::ResetInfo - SyncLevel set to 0 on reset
21:03:01.35   GameInfo::ResetInfo - SyncLevel set to 0 on reset
21:03:01.35   GameInfo::ResetInfo - SyncLevel set to 0 on reset
21:03:01.35   GameInfo::ResetInfo - SyncLevel set to 0 on reset
21:03:01.35   GameInfo::ResetInfo - SyncLevel set to 0 on reset
21:03:01.35   GameInfo::ResetInfo - SyncLevel set to 0 on reset
21:03:01.35   GameInfo::ResetInfo - SyncLevel set to 0 on reset
21:03:01.35   GameInfo::ResetInfo - SyncLevel set to 0 on reset
21:03:01.35   GameInfo::ResetInfo - SyncLevel set to 0 on reset
21:03:01.35   GameInfo::ResetInfo - SyncLevel set to 0 on reset
21:03:01.35   GameInfo::ResetInfo - SyncLevel set to 0 on reset
21:03:01.35   GameInfo::ResetInfo - SyncLevel set to 0 on reset
21:03:01.35   GameInfo::ResetInfo - SyncLevel set to 0 on reset
21:03:01.35   GameInfo::ResetInfo - SyncLevel set to 0 on reset
21:03:01.35   GameInfo::ResetInfo - SyncLevel set to 0 on reset
21:03:01.35   GameInfo::ResetInfo - SyncLevel set to 0 on reset
21:03:01.35   GameInfo::ResetInfo - SyncLevel set to 0 on reset
21:03:01.36   GameInfo::ResetInfo - SyncLevel set to 0 on reset
21:03:01.36   GameInfo::ResetInfo - SyncLevel set to 0 on reset
21:03:01.36   GameInfo::ResetInfo - SyncLevel set to 0 on reset
21:03:01.36   GameInfo::ResetInfo - SyncLevel set to 0 on reset
21:03:01.36   GameInfo::ResetInfo - SyncLevel set to 0 on reset
21:03:01.36   GameInfo::ResetInfo - SyncLevel set to 0 on reset
21:03:01.36   GameInfo::ResetInfo - SyncLevel set to 0 on reset
21:03:01.36   GameInfo::ResetInfo - SyncLevel set to 0 on reset
21:03:01.36   GameInfo::ResetInfo - SyncLevel set to 0 on reset
21:03:01.36   GameInfo::ResetInfo - SyncLevel set to 0 on reset
21:03:01.36   GameInfo::ResetInfo - SyncLevel set to 0 on reset
21:03:01.36   GameInfo::ResetInfo - SyncLevel set to 0 on reset
21:03:01.36   GameInfo::ResetInfo - SyncLevel set to 0 on reset
21:03:01.36   GameInfo::ResetInfo - SyncLevel set to 0 on reset
21:03:01.36   GameInfo::ResetInfo - SyncLevel set to 0 on reset
21:03:01.36   GameInfo::ResetInfo - SyncLevel set to 0 on reset
21:03:01.36   GameInfo::ResetInfo - SyncLevel set to 0 on reset
21:03:01.36   GameInfo::ResetInfo - SyncLevel set to 0 on reset
21:03:01.36   GameInfo::ResetInfo - SyncLevel set to 0 on reset
21:03:01.36   GameInfo::ResetInfo - SyncLevel set to 0 on reset
21:03:01.36   GameInfo::ResetInfo - SyncLevel set to 0 on reset
21:03:01.36   GameInfo::ResetInfo - SyncLevel set to 0 on reset
21:03:01.36   GameInfo::ResetInfo - SyncLevel set to 0 on reset
21:03:01.36   GameInfo::ResetInfo - SyncLevel set to 0 on reset
21:03:01.36   GameInfo::ResetInfo - SyncLevel set to 0 on reset
21:03:01.36   GameInfo::ResetInfo - SyncLevel set to 0 on reset
21:03:01.36   GameInfo::ResetInfo - SyncLevel set to 0 on reset
21:03:01.36   GameInfo::ResetInfo - SyncLevel set to 0 on reset
21:03:01.37   GameInfo::ResetInfo - SyncLevel set to 0 on reset
21:03:01.37   GameInfo::ResetInfo - SyncLevel set to 0 on reset
21:03:01.37   GameInfo::ResetInfo - SyncLevel set to 0 on reset
21:03:01.37   GameInfo::ResetInfo - SyncLevel set to 0 on reset
21:03:01.37   GameInfo::ResetInfo - SyncLevel set to 0 on reset
21:03:01.37   GameInfo::ResetInfo - SyncLevel set to 0 on reset
21:03:01.37   GameInfo::ResetInfo - SyncLevel set to 0 on reset
21:03:01.37   GameInfo::ResetInfo - SyncLevel set to 0 on reset
21:03:01.37   GameInfo::ResetInfo - SyncLevel set to 0 on reset
21:03:01.37   GameInfo::ResetInfo - SyncLevel set to 0 on reset
21:03:01.37   GameInfo::ResetInfo - SyncLevel set to 0 on reset
21:03:01.37   GameInfo::ResetInfo - SyncLevel set to 0 on reset
21:03:01.37   GameInfo::ResetInfo - SyncLevel set to 0 on reset
21:03:01.37   GameInfo::ResetInfo - SyncLevel set to 0 on reset
21:03:01.37   GameInfo::ResetInfo - SyncLevel set to 0 on reset
21:03:01.37   GameInfo::ResetInfo - SyncLevel set to 0 on reset
21:03:01.37   GameInfo::ResetInfo - SyncLevel set to 0 on reset
21:03:01.37   GameInfo::ResetInfo - SyncLevel set to 0 on reset
21:03:01.37   GameInfo::ResetInfo - SyncLevel set to 0 on reset
21:03:01.37   GameInfo::ResetInfo - SyncLevel set to 0 on reset
21:03:01.37   GameInfo::ResetInfo - SyncLevel set to 0 on reset
21:03:01.37   GameInfo::ResetInfo - SyncLevel set to 0 on reset
21:03:01.37   GameInfo::ResetInfo - SyncLevel set to 0 on reset
21:03:01.37   GameInfo::ResetInfo - SyncLevel set to 0 on reset
21:03:01.37   GameInfo::ResetInfo - SyncLevel set to 0 on reset
21:03:01.37   GameInfo::ResetInfo - SyncLevel set to 0 on reset
21:03:01.37   GameInfo::ResetInfo - SyncLevel set to 0 on reset
21:03:01.37   GameInfo::ResetInfo - SyncLevel set to 0 on reset
21:03:01.37   GameInfo::ResetInfo - SyncLevel set to 0 on reset
21:03:01.37   GameInfo::ResetInfo - SyncLevel set to 0 on reset
21:03:01.37   GameInfo::ResetInfo - SyncLevel set to 0 on reset
21:03:01.37   GameInfo::ResetInfo - SyncLevel set to 0 on reset
21:03:01.37   GameInfo::ResetInfo - SyncLevel set to 0 on reset
21:03:01.37   GameInfo::ResetInfo - SyncLevel set to 0 on reset
21:03:01.37   GameInfo::ResetInfo - SyncLevel set to 0 on reset
21:03:01.37   GameInfo::ResetInfo - SyncLevel set to 0 on reset
21:03:01.37   GameInfo::ResetInfo - SyncLevel set to 0 on reset
21:03:01.37   GameInfo::ResetInfo - SyncLevel set to 0 on reset
21:03:01.37   GameInfo::ResetInfo - SyncLevel set to 0 on reset
21:03:01.38   GameInfo::ResetInfo - SyncLevel set to 0 on reset
21:03:01.38   GameInfo::ResetInfo - SyncLevel set to 0 on reset
21:03:01.38   GameInfo::ResetInfo - SyncLevel set to 0 on reset
21:03:01.38   GameInfo::ResetInfo - SyncLevel set to 0 on reset
21:03:01.38   GameInfo::ResetInfo - SyncLevel set to 0 on reset
21:03:01.38   GameInfo::ResetInfo - SyncLevel set to 0 on reset
21:03:01.38   GameInfo::ResetInfo - SyncLevel set to 0 on reset
21:03:01.38   GameInfo::ResetInfo - SyncLevel set to 0 on reset
21:03:01.38   GameInfo::ResetInfo - SyncLevel set to 0 on reset
21:03:01.38   GameInfo::ResetInfo - SyncLevel set to 0 on reset
21:03:01.38   GameInfo::ResetInfo - SyncLevel set to 0 on reset
21:03:01.38   GameInfo::ResetInfo - SyncLevel set to 0 on reset
21:03:01.38   GameInfo::ResetInfo - SyncLevel set to 0 on reset
21:03:01.38   GameInfo::ResetInfo - SyncLevel set to 0 on reset
21:03:01.38   GameInfo::ResetInfo - SyncLevel set to 0 on reset
21:03:01.38   GameInfo::ResetInfo - SyncLevel set to 0 on reset
21:03:01.38   GameInfo::ResetInfo - SyncLevel set to 0 on reset
21:03:01.38   GameInfo::ResetInfo - SyncLevel set to 0 on reset
21:03:01.38   GameInfo::ResetInfo - SyncLevel set to 0 on reset
21:03:01.38   GameInfo::ResetInfo - SyncLevel set to 0 on reset
21:03:01.38   GameInfo::ResetInfo - SyncLevel set to 0 on reset
21:03:01.38   GameInfo::ResetInfo - SyncLevel set to 0 on reset
21:03:01.38   GameInfo::ResetInfo - SyncLevel set to 0 on reset
21:03:01.38   GameInfo::ResetInfo - SyncLevel set to 0 on reset
21:03:01.38   GameInfo::ResetInfo - SyncLevel set to 0 on reset
21:03:01.38   GameInfo::ResetInfo - SyncLevel set to 0 on reset
21:03:01.38   GameInfo::ResetInfo - SyncLevel set to 0 on reset
21:03:01.39   GameInfo::ResetInfo - SyncLevel set to 0 on reset
21:03:01.39   GameInfo::ResetInfo - SyncLevel set to 0 on reset
21:03:01.39   GameInfo::ResetInfo - SyncLevel set to 0 on reset
21:03:01.39   GameInfo::ResetInfo - SyncLevel set to 0 on reset
21:03:01.39   GameInfo::ResetInfo - SyncLevel set to 0 on reset
21:03:01.39   GameInfo::ResetInfo - SyncLevel set to 0 on reset
21:03:01.39   GameInfo::ResetInfo - SyncLevel set to 0 on reset
21:03:01.39   GameInfo::ResetInfo - SyncLevel set to 0 on reset
21:03:01.39   GameInfo::ResetInfo - SyncLevel set to 0 on reset
21:03:01.39   GameInfo::ResetInfo - SyncLevel set to 0 on reset
21:03:01.39   GameInfo::ResetInfo - SyncLevel set to 0 on reset
21:03:01.39   GAME -- Error reading header for recorded game PLAYBACK:4p_wolfheze20090305210256__[GameReplays.org].rec
21:03:01.39   GameInfo::ResetInfo - SyncLevel set to 0 on reset
21:03:01.39   GameInfo::ResetInfo - SyncLevel set to 0 on reset
21:03:01.39   GameInfo::ResetInfo - SyncLevel set to 0 on reset
21:03:01.39   GameInfo::ResetInfo - SyncLevel set to 0 on reset
21:03:01.39   GameInfo::ResetInfo - SyncLevel set to 0 on reset
21:03:01.39   GameInfo::ResetInfo - SyncLevel set to 0 on reset
21:03:01.39   GameInfo::ResetInfo - SyncLevel set to 0 on reset
21:03:01.39   GameInfo::ResetInfo - SyncLevel set to 0 on reset
21:03:01.39   GameInfo::ResetInfo - SyncLevel set to 0 on reset
21:03:01.39   GameInfo::ResetInfo - SyncLevel set to 0 on reset
21:03:01.39   GameInfo::ResetInfo - SyncLevel set to 0 on reset
21:03:01.39   GameInfo::ResetInfo - SyncLevel set to 0 on reset
21:03:01.39   GameInfo::ResetInfo - SyncLevel set to 0 on reset
21:03:01.39   GameInfo::ResetInfo - SyncLevel set to 0 on reset
21:03:01.39   GameInfo::ResetInfo - SyncLevel set to 0 on reset
21:03:01.39   GameInfo::ResetInfo - SyncLevel set to 0 on reset
21:03:01.39   GameInfo::ResetInfo - SyncLevel set to 0 on reset
21:03:01.39   GameInfo::ResetInfo - SyncLevel set to 0 on reset
21:03:01.39   GameInfo::ResetInfo - SyncLevel set to 0 on reset
21:03:01.39   GameInfo::ResetInfo - SyncLevel set to 0 on reset
21:03:01.39   GameInfo::ResetInfo - SyncLevel set to 0 on reset
21:03:01.40   GameInfo::ResetInfo - SyncLevel set to 0 on reset
21:03:01.40   GameInfo::ResetInfo - SyncLevel set to 0 on reset
21:03:01.40   GameInfo::ResetInfo - SyncLevel set to 0 on reset
21:03:01.40   GameInfo::ResetInfo - SyncLevel set to 0 on reset
21:03:01.40   GameInfo::ResetInfo - SyncLevel set to 0 on reset
21:03:01.40   GameInfo::ResetInfo - SyncLevel set to 0 on reset
21:03:01.40   GameInfo::ResetInfo - SyncLevel set to 0 on reset
21:03:01.40   GameInfo::ResetInfo - SyncLevel set to 0 on reset
21:03:01.40   GameInfo::ResetInfo - SyncLevel set to 0 on reset
21:03:01.40   GameInfo::ResetInfo - SyncLevel set to 0 on reset
21:03:01.40   GameInfo::ResetInfo - SyncLevel set to 0 on reset
21:03:01.40   GameInfo::ResetInfo - SyncLevel set to 0 on reset
21:03:01.40   GameInfo::ResetInfo - SyncLevel set to 0 on reset
21:03:01.40   GameInfo::ResetInfo - SyncLevel set to 0 on reset
21:03:01.40   GameInfo::ResetInfo - SyncLevel set to 0 on reset
21:03:01.40   GameInfo::ResetInfo - SyncLevel set to 0 on reset
21:03:01.40   GameInfo::ResetInfo - SyncLevel set to 0 on reset
21:03:01.40   GameInfo::ResetInfo - SyncLevel set to 0 on reset
21:03:01.40   GameInfo::ResetInfo - SyncLevel set to 0 on reset
21:03:01.40   GameInfo::ResetInfo - SyncLevel set to 0 on reset
21:03:01.40   GameInfo::ResetInfo - SyncLevel set to 0 on reset
21:03:01.40   GameInfo::ResetInfo - SyncLevel set to 0 on reset
21:03:01.40   GameInfo::ResetInfo - SyncLevel set to 0 on reset
21:03:01.40   GameInfo::ResetInfo - SyncLevel set to 0 on reset
21:03:01.40   GameInfo::ResetInfo - SyncLevel set to 0 on reset
21:03:01.40   GameInfo::ResetInfo - SyncLevel set to 0 on reset
21:03:01.40   GameInfo::ResetInfo - SyncLevel set to 0 on reset
21:03:01.40   GameInfo::ResetInfo - SyncLevel set to 0 on reset
21:03:01.40   GameInfo::ResetInfo - SyncLevel set to 0 on reset
21:03:01.40   GameInfo::ResetInfo - SyncLevel set to 0 on reset
21:03:01.41   GameInfo::ResetInfo - SyncLevel set to 0 on reset
21:03:01.41   GameInfo::ResetInfo - SyncLevel set to 0 on reset
21:03:01.41   GameInfo::ResetInfo - SyncLevel set to 0 on reset
21:03:01.41   GameInfo::ResetInfo - SyncLevel set to 0 on reset
21:03:01.41   GameInfo::ResetInfo - SyncLevel set to 0 on reset
21:03:01.41   GameInfo::ResetInfo - SyncLevel set to 0 on reset
21:03:01.41   GameInfo::ResetInfo - SyncLevel set to 0 on reset
21:03:01.41   GameInfo::ResetInfo - SyncLevel set to 0 on reset
21:03:01.41   GameInfo::ResetInfo - SyncLevel set to 0 on reset
21:03:01.41   GameInfo::ResetInfo - SyncLevel set to 0 on reset
21:03:01.41   GameInfo::ResetInfo - SyncLevel set to 0 on reset
21:03:01.41   GameInfo::ResetInfo - SyncLevel set to 0 on reset
21:03:01.41   GameInfo::ResetInfo - SyncLevel set to 0 on reset
21:03:01.41   GameInfo::ResetInfo - SyncLevel set to 0 on reset
21:03:01.41   GameInfo::ResetInfo - SyncLevel set to 0 on reset
21:03:01.41   GameInfo::ResetInfo - SyncLevel set to 0 on reset
21:03:01.41   GameInfo::ResetInfo - SyncLevel set to 0 on reset
21:03:01.41   GameInfo::ResetInfo - SyncLevel set to 0 on reset
21:03:01.41   GameInfo::ResetInfo - SyncLevel set to 0 on reset
21:03:01.41   GameInfo::ResetInfo - SyncLevel set to 0 on reset
21:03:01.41   GameInfo::ResetInfo - SyncLevel set to 0 on reset
21:03:01.42   GameInfo::ResetInfo - SyncLevel set to 0 on reset
21:03:01.42   GameInfo::ResetInfo - SyncLevel set to 0 on reset
21:03:01.42   GameInfo::ResetInfo - SyncLevel set to 0 on reset
21:03:01.42   GameInfo::ResetInfo - SyncLevel set to 0 on reset
21:03:01.42   GameInfo::ResetInfo - SyncLevel set to 0 on reset
21:03:01.42   GameInfo::ResetInfo - SyncLevel set to 0 on reset
21:03:01.42   GameInfo::ResetInfo - SyncLevel set to 0 on reset
21:03:01.42   GameInfo::ResetInfo - SyncLevel set to 0 on reset
21:03:01.42   GameInfo::ResetInfo - SyncLevel set to 0 on reset
21:03:01.42   GameInfo::ResetInfo - SyncLevel set to 0 on reset
21:03:01.42   GameInfo::ResetInfo - SyncLevel set to 0 on reset
21:03:01.42   GameInfo::ResetInfo - SyncLevel set to 0 on reset
21:03:01.42   GameInfo::ResetInfo - SyncLevel set to 0 on reset
21:03:01.42   GameInfo::ResetInfo - SyncLevel set to 0 on reset
21:03:01.42   GameInfo::ResetInfo - SyncLevel set to 0 on reset
21:03:01.42   GameInfo::ResetInfo - SyncLevel set to 0 on reset
21:03:01.42   GameInfo::ResetInfo - SyncLevel set to 0 on reset
21:03:01.42   GameInfo::ResetInfo - SyncLevel set to 0 on reset
21:03:01.42   GameInfo::ResetInfo - SyncLevel set to 0 on reset
21:03:01.42   GameInfo::ResetInfo - SyncLevel set to 0 on reset
21:03:01.43   GameInfo::ResetInfo - SyncLevel set to 0 on reset
21:03:01.43   GameInfo::ResetInfo - SyncLevel set to 0 on reset
21:03:01.43   GameInfo::ResetInfo - SyncLevel set to 0 on reset
21:03:01.43   GameInfo::ResetInfo - SyncLevel set to 0 on reset
21:03:01.43   GameInfo::ResetInfo - SyncLevel set to 0 on reset
21:03:01.43   GameInfo::ResetInfo - SyncLevel set to 0 on reset
21:03:01.43   GameInfo::ResetInfo - SyncLevel set to 0 on reset
21:03:01.43   GameInfo::ResetInfo - SyncLevel set to 0 on reset
21:03:01.43   GameInfo::ResetInfo - SyncLevel set to 0 on reset
21:03:01.43   GameInfo::ResetInfo - SyncLevel set to 0 on reset
21:03:01.43   GameInfo::ResetInfo - SyncLevel set to 0 on reset
21:03:01.43   GameInfo::ResetInfo - SyncLevel set to 0 on reset
21:03:01.43   GameInfo::ResetInfo - SyncLevel set to 0 on reset
21:03:01.43   GameInfo::ResetInfo - SyncLevel set to 0 on reset
21:03:01.43   GameInfo::ResetInfo - SyncLevel set to 0 on reset
21:03:01.43   GameInfo::ResetInfo - SyncLevel set to 0 on reset
21:03:01.43   GameInfo::ResetInfo - SyncLevel set to 0 on reset
21:03:01.43   GameInfo::ResetInfo - SyncLevel set to 0 on reset
21:03:01.43   GameInfo::ResetInfo - SyncLevel set to 0 on reset
21:03:01.43   GameInfo::ResetInfo - SyncLevel set to 0 on reset
21:03:01.43   GameInfo::ResetInfo - SyncLevel set to 0 on reset
21:03:01.43   GameInfo::ResetInfo - SyncLevel set to 0 on reset
21:03:01.44   GameInfo::ResetInfo - SyncLevel set to 0 on reset
21:03:01.44   GameInfo::ResetInfo - SyncLevel set to 0 on reset
21:03:01.44   GameInfo::ResetInfo - SyncLevel set to 0 on reset
21:03:01.44   GameInfo::ResetInfo - SyncLevel set to 0 on reset
21:03:01.44   GameInfo::ResetInfo - SyncLevel set to 0 on reset
21:03:01.44   GameInfo::ResetInfo - SyncLevel set to 0 on reset
21:03:01.44   GameInfo::ResetInfo - SyncLevel set to 0 on reset
21:03:01.44   GameInfo::ResetInfo - SyncLevel set to 0 on reset
21:03:01.44   GameInfo::ResetInfo - SyncLevel set to 0 on reset
21:03:01.44   GameInfo::ResetInfo - SyncLevel set to 0 on reset
21:03:01.44   GameInfo::ResetInfo - SyncLevel set to 0 on reset
21:03:01.44   GameInfo::ResetInfo - SyncLevel set to 0 on reset
21:03:01.44   GameInfo::ResetInfo - SyncLevel set to 0 on reset
21:03:01.44   GameInfo::ResetInfo - SyncLevel set to 0 on reset
21:03:01.44   GameInfo::ResetInfo - SyncLevel set to 0 on reset
21:03:01.44   GameInfo::ResetInfo - SyncLevel set to 0 on reset
21:03:01.44   GameInfo::ResetInfo - SyncLevel set to 0 on reset
21:03:01.44   GameInfo::ResetInfo - SyncLevel set to 0 on reset
21:03:01.44   GameInfo::ResetInfo - SyncLevel set to 0 on reset
21:03:01.44   GameInfo::ResetInfo - SyncLevel set to 0 on reset
21:03:01.44   GameInfo::ResetInfo - SyncLevel set to 0 on reset
21:03:01.45   GameInfo::ResetInfo - SyncLevel set to 0 on reset
21:03:01.45   GameInfo::ResetInfo - SyncLevel set to 0 on reset
21:03:01.45   GameInfo::ResetInfo - SyncLevel set to 0 on reset
21:03:01.45   GameInfo::ResetInfo - SyncLevel set to 0 on reset
21:03:01.45   GameInfo::ResetInfo - SyncLevel set to 0 on reset
21:03:01.45   GameInfo::ResetInfo - SyncLevel set to 0 on reset
21:03:01.45   GameInfo::ResetInfo - SyncLevel set to 0 on reset
21:03:01.45   GameInfo::ResetInfo - SyncLevel set to 0 on reset
21:03:01.45   GameInfo::ResetInfo - SyncLevel set to 0 on reset
21:03:01.45   GameInfo::ResetInfo - SyncLevel set to 0 on reset
21:03:01.45   GameInfo::ResetInfo - SyncLevel set to 0 on reset
21:03:01.45   GameInfo::ResetInfo - SyncLevel set to 0 on reset
21:03:01.45   GameInfo::ResetInfo - SyncLevel set to 0 on reset
21:03:01.45   GameInfo::ResetInfo - SyncLevel set to 0 on reset
21:03:01.45   GameInfo::ResetInfo - SyncLevel set to 0 on reset
21:03:01.45   GameInfo::ResetInfo - SyncLevel set to 0 on reset
21:03:01.45   GameInfo::ResetInfo - SyncLevel set to 0 on reset
21:03:01.45   GameInfo::ResetInfo - SyncLevel set to 0 on reset
21:03:01.45   GameInfo::ResetInfo - SyncLevel set to 0 on reset
21:03:01.45   GameInfo::ResetInfo - SyncLevel set to 0 on reset
21:03:01.45   GameInfo::ResetInfo - SyncLevel set to 0 on reset
21:03:01.46   GameInfo::ResetInfo - SyncLevel set to 0 on reset
21:03:01.46   GameInfo::ResetInfo - SyncLevel set to 0 on reset
21:03:01.46   GameInfo::ResetInfo - SyncLevel set to 0 on reset
21:03:01.46   GameInfo::ResetInfo - SyncLevel set to 0 on reset
21:03:01.46   GameInfo::ResetInfo - SyncLevel set to 0 on reset
21:03:01.46   GameInfo::ResetInfo - SyncLevel set to 0 on reset
21:03:01.46   GameInfo::ResetInfo - SyncLevel set to 0 on reset
21:03:01.46   GameInfo::ResetInfo - SyncLevel set to 0 on reset
21:03:01.46   GameInfo::ResetInfo - SyncLevel set to 0 on reset
21:03:01.46   GameInfo::ResetInfo - SyncLevel set to 0 on reset
21:03:01.46   GameInfo::ResetInfo - SyncLevel set to 0 on reset
21:03:01.46   GameInfo::ResetInfo - SyncLevel set to 0 on reset
21:03:01.46   GameInfo::ResetInfo - SyncLevel set to 0 on reset
21:03:01.46   GameInfo::ResetInfo - SyncLevel set to 0 on reset
21:03:01.46   GameInfo::ResetInfo - SyncLevel set to 0 on reset
21:03:01.46   GameInfo::ResetInfo - SyncLevel set to 0 on reset
21:03:01.46   GameInfo::ResetInfo - SyncLevel set to 0 on reset
21:03:01.46   GameInfo::ResetInfo - SyncLevel set to 0 on reset
21:03:01.46   GameInfo::ResetInfo - SyncLevel set to 0 on reset
21:03:01.46   GameInfo::ResetInfo - SyncLevel set to 0 on reset
21:03:01.46   GameInfo::ResetInfo - SyncLevel set to 0 on reset
21:03:01.46   GameInfo::ResetInfo - SyncLevel set to 0 on reset
21:03:01.46   GameInfo::ResetInfo - SyncLevel set to 0 on reset
21:03:01.46   GAME -- Error reading header for recorded game PLAYBACK:6p_close_river_combat.2018-01-28.00-37-43.rec
21:03:01.46   GameInfo::ResetInfo - SyncLevel set to 0 on reset
21:03:01.46   GameInfo::ResetInfo - SyncLevel set to 0 on reset
21:03:01.46   GAME -- Error reading header for recorded game PLAYBACK:6p_close_river_combat.2018-01-31.23-35-59.rec
21:03:01.46   GameInfo::ResetInfo - SyncLevel set to 0 on reset
21:03:01.46   GameInfo::ResetInfo - SyncLevel set to 0 on reset
21:03:01.46   GameInfo::ResetInfo - SyncLevel set to 0 on reset
21:03:01.46   GameInfo::ResetInfo - SyncLevel set to 0 on reset
21:03:01.46   GameInfo::ResetInfo - SyncLevel set to 0 on reset
21:03:01.46   GameInfo::ResetInfo - SyncLevel set to 0 on reset
21:03:01.46   GameInfo::ResetInfo - SyncLevel set to 0 on reset
21:03:01.46   GameInfo::ResetInfo - SyncLevel set to 0 on reset
21:03:01.46   GameInfo::ResetInfo - SyncLevel set to 0 on reset
21:03:01.47   GameInfo::ResetInfo - SyncLevel set to 0 on reset
21:03:01.47   GameInfo::ResetInfo - SyncLevel set to 0 on reset
21:03:01.47   GameInfo::ResetInfo - SyncLevel set to 0 on reset
21:03:01.47   GameInfo::ResetInfo - SyncLevel set to 0 on reset
21:03:01.47   GameInfo::ResetInfo - SyncLevel set to 0 on reset
21:03:01.47   GameInfo::ResetInfo - SyncLevel set to 0 on reset
21:03:01.47   GameInfo::ResetInfo - SyncLevel set to 0 on reset
21:03:01.47   GameInfo::ResetInfo - SyncLevel set to 0 on reset
21:03:01.47   GameInfo::ResetInfo - SyncLevel set to 0 on reset
21:03:01.47   GameInfo::ResetInfo - SyncLevel set to 0 on reset
21:03:01.47   GameInfo::ResetInfo - SyncLevel set to 0 on reset
21:03:01.47   GameInfo::ResetInfo - SyncLevel set to 0 on reset
21:03:01.47   GameInfo::ResetInfo - SyncLevel set to 0 on reset
21:03:01.47   GameInfo::ResetInfo - SyncLevel set to 0 on reset
21:03:01.47   GameInfo::ResetInfo - SyncLevel set to 0 on reset
21:03:01.47   GameInfo::ResetInfo - SyncLevel set to 0 on reset
21:03:01.47   GameInfo::ResetInfo - SyncLevel set to 0 on reset
21:03:01.47   GameInfo::ResetInfo - SyncLevel set to 0 on reset
21:03:01.47   GameInfo::ResetInfo - SyncLevel set to 0 on reset
21:03:01.47   GameInfo::ResetInfo - SyncLevel set to 0 on reset
21:03:01.47   GameInfo::ResetInfo - SyncLevel set to 0 on reset
21:03:01.47   GameInfo::ResetInfo - SyncLevel set to 0 on reset
21:03:01.47   GameInfo::ResetInfo - SyncLevel set to 0 on reset
21:03:01.47   GameInfo::ResetInfo - SyncLevel set to 0 on reset
21:03:01.47   GameInfo::ResetInfo - SyncLevel set to 0 on reset
21:03:01.47   GameInfo::ResetInfo - SyncLevel set to 0 on reset
21:03:01.48   GameInfo::ResetInfo - SyncLevel set to 0 on reset
21:03:01.48   GameInfo::ResetInfo - SyncLevel set to 0 on reset
21:03:01.48   GameInfo::ResetInfo - SyncLevel set to 0 on reset
21:03:01.48   GameInfo::ResetInfo - SyncLevel set to 0 on reset
21:03:01.48   GameInfo::ResetInfo - SyncLevel set to 0 on reset
21:03:01.48   GameInfo::ResetInfo - SyncLevel set to 0 on reset
21:03:01.48   GameInfo::ResetInfo - SyncLevel set to 0 on reset
21:03:01.48   GameInfo::ResetInfo - SyncLevel set to 0 on reset
21:03:01.48   GameInfo::ResetInfo - SyncLevel set to 0 on reset
21:03:01.48   GameInfo::ResetInfo - SyncLevel set to 0 on reset
21:03:01.48   GameInfo::ResetInfo - SyncLevel set to 0 on reset
21:03:01.48   GameInfo::ResetInfo - SyncLevel set to 0 on reset
21:03:01.48   GameInfo::ResetInfo - SyncLevel set to 0 on reset
21:03:01.48   GameInfo::ResetInfo - SyncLevel set to 0 on reset
21:03:01.48   GameInfo::ResetInfo - SyncLevel set to 0 on reset
21:03:01.48   GameInfo::ResetInfo - SyncLevel set to 0 on reset
21:03:01.48   GameInfo::ResetInfo - SyncLevel set to 0 on reset
21:03:01.48   GameInfo::ResetInfo - SyncLevel set to 0 on reset
21:03:01.48   GameInfo::ResetInfo - SyncLevel set to 0 on reset
21:03:01.48   GameInfo::ResetInfo - SyncLevel set to 0 on reset
21:03:01.48   GameInfo::ResetInfo - SyncLevel set to 0 on reset
21:03:01.49   GameInfo::ResetInfo - SyncLevel set to 0 on reset
21:03:01.49   GameInfo::ResetInfo - SyncLevel set to 0 on reset
21:03:01.49   GameInfo::ResetInfo - SyncLevel set to 0 on reset
21:03:01.49   GameInfo::ResetInfo - SyncLevel set to 0 on reset
21:03:01.49   GameInfo::ResetInfo - SyncLevel set to 0 on reset
21:03:01.49   GameInfo::ResetInfo - SyncLevel set to 0 on reset
21:03:01.49   GameInfo::ResetInfo - SyncLevel set to 0 on reset
21:03:01.49   GameInfo::ResetInfo - SyncLevel set to 0 on reset
21:03:01.49   GameInfo::ResetInfo - SyncLevel set to 0 on reset
21:03:01.49   GameInfo::ResetInfo - SyncLevel set to 0 on reset
21:03:01.49   GameInfo::ResetInfo - SyncLevel set to 0 on reset
21:03:01.49   GameInfo::ResetInfo - SyncLevel set to 0 on reset
21:03:01.49   GameInfo::ResetInfo - SyncLevel set to 0 on reset
21:03:01.49   GameInfo::ResetInfo - SyncLevel set to 0 on reset
21:03:01.49   GameInfo::ResetInfo - SyncLevel set to 0 on reset
21:03:01.49   GameInfo::ResetInfo - SyncLevel set to 0 on reset
21:03:01.49   GameInfo::ResetInfo - SyncLevel set to 0 on reset
21:03:01.49   GameInfo::ResetInfo - SyncLevel set to 0 on reset
21:03:01.49   GameInfo::ResetInfo - SyncLevel set to 0 on reset
21:03:01.49   GameInfo::ResetInfo - SyncLevel set to 0 on reset
21:03:01.49   GameInfo::ResetInfo - SyncLevel set to 0 on reset
21:03:01.49   GameInfo::ResetInfo - SyncLevel set to 0 on reset
21:03:01.49   GameInfo::ResetInfo - SyncLevel set to 0 on reset
21:03:01.49   GameInfo::ResetInfo - SyncLevel set to 0 on reset
21:03:01.49   GameInfo::ResetInfo - SyncLevel set to 0 on reset
21:03:01.49   GameInfo::ResetInfo - SyncLevel set to 0 on reset
21:03:01.49   GameInfo::ResetInfo - SyncLevel set to 0 on reset
21:03:01.49   GameInfo::ResetInfo - SyncLevel set to 0 on reset
21:03:01.49   GameInfo::ResetInfo - SyncLevel set to 0 on reset
21:03:01.49   GameInfo::ResetInfo - SyncLevel set to 0 on reset
21:03:01.49   GameInfo::ResetInfo - SyncLevel set to 0 on reset
21:03:01.49   GameInfo::ResetInfo - SyncLevel set to 0 on reset
21:03:01.49   GameInfo::ResetInfo - SyncLevel set to 0 on reset
21:03:01.49   GameInfo::ResetInfo - SyncLevel set to 0 on reset
21:03:01.50   GameInfo::ResetInfo - SyncLevel set to 0 on reset
21:03:01.50   GameInfo::ResetInfo - SyncLevel set to 0 on reset
21:03:01.50   GameInfo::ResetInfo - SyncLevel set to 0 on reset
21:03:01.50   GameInfo::ResetInfo - SyncLevel set to 0 on reset
21:03:01.50   GameInfo::ResetInfo - SyncLevel set to 0 on reset
21:03:01.50   GameInfo::ResetInfo - SyncLevel set to 0 on reset
21:03:01.50   GameInfo::ResetInfo - SyncLevel set to 0 on reset
21:03:01.50   GameInfo::ResetInfo - SyncLevel set to 0 on reset
21:03:01.50   GameInfo::ResetInfo - SyncLevel set to 0 on reset
21:03:01.50   GameInfo::ResetInfo - SyncLevel set to 0 on reset
21:03:01.50   GameInfo::ResetInfo - SyncLevel set to 0 on reset
21:03:01.50   GameInfo::ResetInfo - SyncLevel set to 0 on reset
21:03:01.50   GameInfo::ResetInfo - SyncLevel set to 0 on reset
21:03:01.50   GameInfo::ResetInfo - SyncLevel set to 0 on reset
21:03:01.50   GameInfo::ResetInfo - SyncLevel set to 0 on reset
21:03:01.50   GameInfo::ResetInfo - SyncLevel set to 0 on reset
21:03:01.50   GameInfo::ResetInfo - SyncLevel set to 0 on reset
21:03:01.50   GameInfo::ResetInfo - SyncLevel set to 0 on reset
21:03:01.50   GameInfo::ResetInfo - SyncLevel set to 0 on reset
21:03:01.50   GameInfo::ResetInfo - SyncLevel set to 0 on reset
21:03:01.50   GameInfo::ResetInfo - SyncLevel set to 0 on reset
21:03:01.50   GameInfo::ResetInfo - SyncLevel set to 0 on reset
21:03:01.50   GameInfo::ResetInfo - SyncLevel set to 0 on reset
21:03:01.50   GameInfo::ResetInfo - SyncLevel set to 0 on reset
21:03:01.50   GameInfo::ResetInfo - SyncLevel set to 0 on reset
21:03:01.50   GameInfo::ResetInfo - SyncLevel set to 0 on reset
21:03:01.50   GameInfo::ResetInfo - SyncLevel set to 0 on reset
21:03:01.51   GameInfo::ResetInfo - SyncLevel set to 0 on reset
21:03:01.51   GameInfo::ResetInfo - SyncLevel set to 0 on reset
21:03:01.51   GameInfo::ResetInfo - SyncLevel set to 0 on reset
21:03:01.51   GameInfo::ResetInfo - SyncLevel set to 0 on reset
21:03:01.51   GameInfo::ResetInfo - SyncLevel set to 0 on reset
21:03:01.51   GameInfo::ResetInfo - SyncLevel set to 0 on reset
21:03:01.51   GameInfo::ResetInfo - SyncLevel set to 0 on reset
21:03:01.51   GameInfo::ResetInfo - SyncLevel set to 0 on reset
21:03:01.51   GameInfo::ResetInfo - SyncLevel set to 0 on reset
21:03:01.51   GameInfo::ResetInfo - SyncLevel set to 0 on reset
21:03:01.51   GameInfo::ResetInfo - SyncLevel set to 0 on reset
21:03:01.51   GameInfo::ResetInfo - SyncLevel set to 0 on reset
21:03:01.51   GameInfo::ResetInfo - SyncLevel set to 0 on reset
21:03:01.51   GameInfo::ResetInfo - SyncLevel set to 0 on reset
21:03:01.51   GameInfo::ResetInfo - SyncLevel set to 0 on reset
21:03:01.51   GameInfo::ResetInfo - SyncLevel set to 0 on reset
21:03:01.51   GameInfo::ResetInfo - SyncLevel set to 0 on reset
21:03:01.51   GameInfo::ResetInfo - SyncLevel set to 0 on reset
21:03:01.51   GameInfo::ResetInfo - SyncLevel set to 0 on reset
21:03:01.51   GameInfo::ResetInfo - SyncLevel set to 0 on reset
21:03:01.51   GameInfo::ResetInfo - SyncLevel set to 0 on reset
21:03:01.51   GameInfo::ResetInfo - SyncLevel set to 0 on reset
21:03:01.51   GameInfo::ResetInfo - SyncLevel set to 0 on reset
21:03:01.51   GameInfo::ResetInfo - SyncLevel set to 0 on reset
21:03:01.52   GameInfo::ResetInfo - SyncLevel set to 0 on reset
21:03:01.52   GameInfo::ResetInfo - SyncLevel set to 0 on reset
21:03:01.52   GameInfo::ResetInfo - SyncLevel set to 0 on reset
21:03:01.52   GameInfo::ResetInfo - SyncLevel set to 0 on reset
21:03:01.52   GameInfo::ResetInfo - SyncLevel set to 0 on reset
21:03:01.52   GameInfo::ResetInfo - SyncLevel set to 0 on reset
21:03:01.52   GameInfo::ResetInfo - SyncLevel set to 0 on reset
21:03:01.52   GameInfo::ResetInfo - SyncLevel set to 0 on reset
21:03:01.52   GameInfo::ResetInfo - SyncLevel set to 0 on reset
21:03:01.52   GameInfo::ResetInfo - SyncLevel set to 0 on reset
21:03:01.52   GameInfo::ResetInfo - SyncLevel set to 0 on reset
21:03:01.52   GameInfo::ResetInfo - SyncLevel set to 0 on reset
21:03:01.52   GameInfo::ResetInfo - SyncLevel set to 0 on reset
21:03:01.52   GameInfo::ResetInfo - SyncLevel set to 0 on reset
21:03:01.52   GameInfo::ResetInfo - SyncLevel set to 0 on reset
21:03:01.52   GameInfo::ResetInfo - SyncLevel set to 0 on reset
21:03:01.52   GameInfo::ResetInfo - SyncLevel set to 0 on reset
21:03:01.52   GameInfo::ResetInfo - SyncLevel set to 0 on reset
21:03:01.52   GameInfo::ResetInfo - SyncLevel set to 0 on reset
21:03:01.52   GameInfo::ResetInfo - SyncLevel set to 0 on reset
21:03:01.52   GameInfo::ResetInfo - SyncLevel set to 0 on reset
21:03:01.52   GameInfo::ResetInfo - SyncLevel set to 0 on reset
21:03:01.52   GameInfo::ResetInfo - SyncLevel set to 0 on reset
21:03:01.52   GameInfo::ResetInfo - SyncLevel set to 0 on reset
21:03:01.52   GameInfo::ResetInfo - SyncLevel set to 0 on reset
21:03:01.52   GameInfo::ResetInfo - SyncLevel set to 0 on reset
21:03:01.52   GameInfo::ResetInfo - SyncLevel set to 0 on reset
21:03:01.53   GameInfo::ResetInfo - SyncLevel set to 0 on reset
21:03:01.53   GameInfo::ResetInfo - SyncLevel set to 0 on reset
21:03:01.53   GameInfo::ResetInfo - SyncLevel set to 0 on reset
21:03:01.53   GameInfo::ResetInfo - SyncLevel set to 0 on reset
21:03:01.53   GameInfo::ResetInfo - SyncLevel set to 0 on reset
21:03:01.53   GameInfo::ResetInfo - SyncLevel set to 0 on reset
21:03:01.53   GameInfo::ResetInfo - SyncLevel set to 0 on reset
21:03:01.53   GameInfo::ResetInfo - SyncLevel set to 0 on reset
21:03:01.53   GameInfo::ResetInfo - SyncLevel set to 0 on reset
21:03:01.53   GameInfo::ResetInfo - SyncLevel set to 0 on reset
21:03:01.53   GameInfo::ResetInfo - SyncLevel set to 0 on reset
21:03:01.53   GameInfo::ResetInfo - SyncLevel set to 0 on reset
21:03:01.53   GameInfo::ResetInfo - SyncLevel set to 0 on reset
21:03:01.53   GameInfo::ResetInfo - SyncLevel set to 0 on reset
21:03:01.53   GameInfo::ResetInfo - SyncLevel set to 0 on reset
21:03:01.53   GameInfo::ResetInfo - SyncLevel set to 0 on reset
21:03:01.53   GameInfo::ResetInfo - SyncLevel set to 0 on reset
21:03:01.53   GameInfo::ResetInfo - SyncLevel set to 0 on reset
21:03:01.53   GameInfo::ResetInfo - SyncLevel set to 0 on reset
21:03:01.53   GameInfo::ResetInfo - SyncLevel set to 0 on reset
21:03:01.53   GameInfo::ResetInfo - SyncLevel set to 0 on reset
21:03:01.53   GameInfo::ResetInfo - SyncLevel set to 0 on reset
21:03:01.53   GameInfo::ResetInfo - SyncLevel set to 0 on reset
21:03:01.53   GameInfo::ResetInfo - SyncLevel set to 0 on reset
21:03:01.54   GameInfo::ResetInfo - SyncLevel set to 0 on reset
21:03:01.54   GameInfo::ResetInfo - SyncLevel set to 0 on reset
21:03:01.54   GameInfo::ResetInfo - SyncLevel set to 0 on reset
21:03:01.54   GameInfo::ResetInfo - SyncLevel set to 0 on reset
21:03:01.54   GameInfo::ResetInfo - SyncLevel set to 0 on reset
21:03:01.54   GameInfo::ResetInfo - SyncLevel set to 0 on reset
21:03:01.54   GameInfo::ResetInfo - SyncLevel set to 0 on reset
21:03:01.54   GameInfo::ResetInfo - SyncLevel set to 0 on reset
21:03:01.54   GameInfo::ResetInfo - SyncLevel set to 0 on reset
21:03:01.54   GameInfo::ResetInfo - SyncLevel set to 0 on reset
21:03:01.54   GameInfo::ResetInfo - SyncLevel set to 0 on reset
21:03:01.54   GameInfo::ResetInfo - SyncLevel set to 0 on reset
21:03:01.54   GameInfo::ResetInfo - SyncLevel set to 0 on reset
21:03:01.54   GameInfo::ResetInfo - SyncLevel set to 0 on reset
21:03:01.54   GameInfo::ResetInfo - SyncLevel set to 0 on reset
21:03:01.54   GameInfo::ResetInfo - SyncLevel set to 0 on reset
21:03:01.54   GameInfo::ResetInfo - SyncLevel set to 0 on reset
21:03:01.55   GameInfo::ResetInfo - SyncLevel set to 0 on reset
21:03:01.55   GameInfo::ResetInfo - SyncLevel set to 0 on reset
21:03:01.55   GameInfo::ResetInfo - SyncLevel set to 0 on reset
21:03:01.55   GameInfo::ResetInfo - SyncLevel set to 0 on reset
21:03:01.55   GameInfo::ResetInfo - SyncLevel set to 0 on reset
21:03:01.55   GameInfo::ResetInfo - SyncLevel set to 0 on reset
21:03:01.55   GameInfo::ResetInfo - SyncLevel set to 0 on reset
21:03:01.55   GameInfo::ResetInfo - SyncLevel set to 0 on reset
21:03:01.55   GameInfo::ResetInfo - SyncLevel set to 0 on reset
21:03:01.55   GameInfo::ResetInfo - SyncLevel set to 0 on reset
21:03:01.55   GameInfo::ResetInfo - SyncLevel set to 0 on reset
21:03:01.55   GameInfo::ResetInfo - SyncLevel set to 0 on reset
21:03:01.55   GameInfo::ResetInfo - SyncLevel set to 0 on reset
21:03:01.55   GameInfo::ResetInfo - SyncLevel set to 0 on reset
21:03:01.55   GameInfo::ResetInfo - SyncLevel set to 0 on reset
21:03:01.55   GameInfo::ResetInfo - SyncLevel set to 0 on reset
21:03:01.55   GameInfo::ResetInfo - SyncLevel set to 0 on reset
21:03:01.55   GameInfo::ResetInfo - SyncLevel set to 0 on reset
21:03:01.55   GameInfo::ResetInfo - SyncLevel set to 0 on reset
21:03:01.55   GameInfo::ResetInfo - SyncLevel set to 0 on reset
21:03:01.55   GameInfo::ResetInfo - SyncLevel set to 0 on reset
21:03:01.55   GameInfo::ResetInfo - SyncLevel set to 0 on reset
21:03:01.55   GameInfo::ResetInfo - SyncLevel set to 0 on reset
21:03:01.55   GameInfo::ResetInfo - SyncLevel set to 0 on reset
21:03:01.55   GameInfo::ResetInfo - SyncLevel set to 0 on reset
21:03:01.55   GameInfo::ResetInfo - SyncLevel set to 0 on reset
21:03:01.55   GameInfo::ResetInfo - SyncLevel set to 0 on reset
21:03:01.55   GameInfo::ResetInfo - SyncLevel set to 0 on reset
21:03:01.56   GameInfo::ResetInfo - SyncLevel set to 0 on reset
21:03:01.56   GameInfo::ResetInfo - SyncLevel set to 0 on reset
21:03:01.56   GameInfo::ResetInfo - SyncLevel set to 0 on reset
21:03:01.56   GameInfo::ResetInfo - SyncLevel set to 0 on reset
21:03:01.56   GameInfo::ResetInfo - SyncLevel set to 0 on reset
21:03:01.56   GameInfo::ResetInfo - SyncLevel set to 0 on reset
21:03:01.56   GameInfo::ResetInfo - SyncLevel set to 0 on reset
21:03:01.56   GameInfo::ResetInfo - SyncLevel set to 0 on reset
21:03:01.56   GameInfo::ResetInfo - SyncLevel set to 0 on reset
21:03:01.56   GameInfo::ResetInfo - SyncLevel set to 0 on reset
21:03:01.56   GameInfo::ResetInfo - SyncLevel set to 0 on reset
21:03:01.56   GameInfo::ResetInfo - SyncLevel set to 0 on reset
21:03:01.56   GameInfo::ResetInfo - SyncLevel set to 0 on reset
21:03:01.56   GameInfo::ResetInfo - SyncLevel set to 0 on reset
21:03:01.56   GameInfo::ResetInfo - SyncLevel set to 0 on reset
21:03:01.56   GameInfo::ResetInfo - SyncLevel set to 0 on reset
21:03:01.56   GameInfo::ResetInfo - SyncLevel set to 0 on reset
21:03:01.56   GameInfo::ResetInfo - SyncLevel set to 0 on reset
21:03:01.56   GameInfo::ResetInfo - SyncLevel set to 0 on reset
21:03:01.56   GameInfo::ResetInfo - SyncLevel set to 0 on reset
21:03:01.56   GameInfo::ResetInfo - SyncLevel set to 0 on reset
21:03:01.56   GameInfo::ResetInfo - SyncLevel set to 0 on reset
21:03:01.56   GameInfo::ResetInfo - SyncLevel set to 0 on reset
21:03:01.56   GameInfo::ResetInfo - SyncLevel set to 0 on reset
21:03:01.57   GameInfo::ResetInfo - SyncLevel set to 0 on reset
21:03:01.57   GameInfo::ResetInfo - SyncLevel set to 0 on reset
21:03:01.57   GameInfo::ResetInfo - SyncLevel set to 0 on reset
21:03:01.57   GameInfo::ResetInfo - SyncLevel set to 0 on reset
21:03:01.57   GameInfo::ResetInfo - SyncLevel set to 0 on reset
21:03:01.57   GameInfo::ResetInfo - SyncLevel set to 0 on reset
21:03:01.57   GameInfo::ResetInfo - SyncLevel set to 0 on reset
21:03:01.57   GameInfo::ResetInfo - SyncLevel set to 0 on reset
21:03:01.57   GameInfo::ResetInfo - SyncLevel set to 0 on reset
21:03:01.57   GAME -- Error reading header for recorded game PLAYBACK:8P SEMOIS REMASTERED 07.2021-03-27.02-50-45.rec
21:03:01.57   GameInfo::ResetInfo - SyncLevel set to 0 on reset
21:03:01.57   GameInfo::ResetInfo - SyncLevel set to 0 on reset
21:03:01.57   GameInfo::ResetInfo - SyncLevel set to 0 on reset
21:03:01.57   GAME -- Error reading header for recorded game PLAYBACK:8P SEMOIS REMASTERED 07.2021-03-27.03-39-59.rec
21:03:01.57   GameInfo::ResetInfo - SyncLevel set to 0 on reset
21:03:01.57   GameInfo::ResetInfo - SyncLevel set to 0 on reset
21:03:01.57   GameInfo::ResetInfo - SyncLevel set to 0 on reset
21:03:01.57   GAME -- Error reading header for recorded game PLAYBACK:8P SEMOIS REMASTERED 07.2021-03-31.03-23-44.rec
21:03:01.57   GameInfo::ResetInfo - SyncLevel set to 0 on reset
21:03:01.57   GameInfo::ResetInfo - SyncLevel set to 0 on reset
21:03:01.57   GameInfo::ResetInfo - SyncLevel set to 0 on reset
21:03:01.57   GAME -- Error reading header for recorded game PLAYBACK:8P SEMOIS REMASTERED 07.2021-04-28.02-52-08.rec
21:03:01.57   GameInfo::ResetInfo - SyncLevel set to 0 on reset
21:03:01.57   GameInfo::ResetInfo - SyncLevel set to 0 on reset
21:03:01.57   GameInfo::ResetInfo - SyncLevel set to 0 on reset
21:03:01.57   GAME -- Error reading header for recorded game PLAYBACK:8P_CLOSE_RIVER_COMBAT.2018-01-08.20-06-29.rec
21:03:01.57   GameInfo::ResetInfo - SyncLevel set to 0 on reset
21:03:01.57   GameInfo::ResetInfo - SyncLevel set to 0 on reset
21:03:01.57   GameInfo::ResetInfo - SyncLevel set to 0 on reset
21:03:01.58   GameInfo::ResetInfo - SyncLevel set to 0 on reset
21:03:01.58   GameInfo::ResetInfo - SyncLevel set to 0 on reset
21:03:01.58   GameInfo::ResetInfo - SyncLevel set to 0 on reset
21:03:01.58   GameInfo::ResetInfo - SyncLevel set to 0 on reset
21:03:01.58   GameInfo::ResetInfo - SyncLevel set to 0 on reset
21:03:01.58   GameInfo::ResetInfo - SyncLevel set to 0 on reset
21:03:01.58   GameInfo::ResetInfo - SyncLevel set to 0 on reset
21:03:01.58   GameInfo::ResetInfo - SyncLevel set to 0 on reset
21:03:01.58   GameInfo::ResetInfo - SyncLevel set to 0 on reset
21:03:01.58   GameInfo::ResetInfo - SyncLevel set to 0 on reset
21:03:01.58   GameInfo::ResetInfo - SyncLevel set to 0 on reset
21:03:01.58   GameInfo::ResetInfo - SyncLevel set to 0 on reset
21:03:01.58   GameInfo::ResetInfo - SyncLevel set to 0 on reset
21:03:01.58   GameInfo::ResetInfo - SyncLevel set to 0 on reset
21:03:01.58   GameInfo::ResetInfo - SyncLevel set to 0 on reset
21:03:01.58   GameInfo::ResetInfo - SyncLevel set to 0 on reset
21:03:01.58   GameInfo::ResetInfo - SyncLevel set to 0 on reset
21:03:01.58   GameInfo::ResetInfo - SyncLevel set to 0 on reset
21:03:01.58   GameInfo::ResetInfo - SyncLevel set to 0 on reset
21:03:01.58   GameInfo::ResetInfo - SyncLevel set to 0 on reset
21:03:01.58   GameInfo::ResetInfo - SyncLevel set to 0 on reset
21:03:01.59   GameInfo::ResetInfo - SyncLevel set to 0 on reset
21:03:01.59   GameInfo::ResetInfo - SyncLevel set to 0 on reset
21:03:01.59   GameInfo::ResetInfo - SyncLevel set to 0 on reset
21:03:01.59   GameInfo::ResetInfo - SyncLevel set to 0 on reset
21:03:01.59   GameInfo::ResetInfo - SyncLevel set to 0 on reset
21:03:01.59   GameInfo::ResetInfo - SyncLevel set to 0 on reset
21:03:01.59   GameInfo::ResetInfo - SyncLevel set to 0 on reset
21:03:01.59   GameInfo::ResetInfo - SyncLevel set to 0 on reset
21:03:01.59   GameInfo::ResetInfo - SyncLevel set to 0 on reset
21:03:01.59   GameInfo::ResetInfo - SyncLevel set to 0 on reset
21:03:01.59   GameInfo::ResetInfo - SyncLevel set to 0 on reset
21:03:01.59   GameInfo::ResetInfo - SyncLevel set to 0 on reset
21:03:01.59   GameInfo::ResetInfo - SyncLevel set to 0 on reset
21:03:01.59   GameInfo::ResetInfo - SyncLevel set to 0 on reset
21:03:01.59   GameInfo::ResetInfo - SyncLevel set to 0 on reset
21:03:01.59   GameInfo::ResetInfo - SyncLevel set to 0 on reset
21:03:01.59   GameInfo::ResetInfo - SyncLevel set to 0 on reset
21:03:01.60   GameInfo::ResetInfo - SyncLevel set to 0 on reset
21:03:01.60   GameInfo::ResetInfo - SyncLevel set to 0 on reset
21:03:01.60   GameInfo::ResetInfo - SyncLevel set to 0 on reset
21:03:01.60   GameInfo::ResetInfo - SyncLevel set to 0 on reset
21:03:01.60   GameInfo::ResetInfo - SyncLevel set to 0 on reset
21:03:01.60   GameInfo::ResetInfo - SyncLevel set to 0 on reset
21:03:01.60   GameInfo::ResetInfo - SyncLevel set to 0 on reset
21:03:01.60   GameInfo::ResetInfo - SyncLevel set to 0 on reset
21:03:01.60   GameInfo::ResetInfo - SyncLevel set to 0 on reset
21:03:01.60   GameInfo::ResetInfo - SyncLevel set to 0 on reset
21:03:01.60   GameInfo::ResetInfo - SyncLevel set to 0 on reset
21:03:01.60   GameInfo::ResetInfo - SyncLevel set to 0 on reset
21:03:01.60   GameInfo::ResetInfo - SyncLevel set to 0 on reset
21:03:01.60   GameInfo::ResetInfo - SyncLevel set to 0 on reset
21:03:01.60   GameInfo::ResetInfo - SyncLevel set to 0 on reset
21:03:01.60   GameInfo::ResetInfo - SyncLevel set to 0 on reset
21:03:01.60   GameInfo::ResetInfo - SyncLevel set to 0 on reset
21:03:01.60   GameInfo::ResetInfo - SyncLevel set to 0 on reset
21:03:01.60   GameInfo::ResetInfo - SyncLevel set to 0 on reset
21:03:01.61   GameInfo::ResetInfo - SyncLevel set to 0 on reset
21:03:01.61   GameInfo::ResetInfo - SyncLevel set to 0 on reset
21:03:01.61   GameInfo::ResetInfo - SyncLevel set to 0 on reset
21:03:01.61   GameInfo::ResetInfo - SyncLevel set to 0 on reset
21:03:01.61   GameInfo::ResetInfo - SyncLevel set to 0 on reset
21:03:01.61   GameInfo::ResetInfo - SyncLevel set to 0 on reset
21:03:01.61   GameInfo::ResetInfo - SyncLevel set to 0 on reset
21:03:01.61   GameInfo::ResetInfo - SyncLevel set to 0 on reset
21:03:01.61   GameInfo::ResetInfo - SyncLevel set to 0 on reset
21:03:01.61   GameInfo::ResetInfo - SyncLevel set to 0 on reset
21:03:01.61   GameInfo::ResetInfo - SyncLevel set to 0 on reset
21:03:01.61   GameInfo::ResetInfo - SyncLevel set to 0 on reset
21:03:01.61   GameInfo::ResetInfo - SyncLevel set to 0 on reset
21:03:01.61   GameInfo::ResetInfo - SyncLevel set to 0 on reset
21:03:01.61   GameInfo::ResetInfo - SyncLevel set to 0 on reset
21:03:01.61   GameInfo::ResetInfo - SyncLevel set to 0 on reset
21:03:01.61   GameInfo::ResetInfo - SyncLevel set to 0 on reset
21:03:01.61   GameInfo::ResetInfo - SyncLevel set to 0 on reset
21:03:01.61   GameInfo::ResetInfo - SyncLevel set to 0 on reset
21:03:01.61   GameInfo::ResetInfo - SyncLevel set to 0 on reset
21:03:01.62   GameInfo::ResetInfo - SyncLevel set to 0 on reset
21:03:01.62   GameInfo::ResetInfo - SyncLevel set to 0 on reset
21:03:01.62   GameInfo::ResetInfo - SyncLevel set to 0 on reset
21:03:01.62   GameInfo::ResetInfo - SyncLevel set to 0 on reset
21:03:01.62   GameInfo::ResetInfo - SyncLevel set to 0 on reset
21:03:01.62   GameInfo::ResetInfo - SyncLevel set to 0 on reset
21:03:01.62   GameInfo::ResetInfo - SyncLevel set to 0 on reset
21:03:01.62   GameInfo::ResetInfo - SyncLevel set to 0 on reset
21:03:01.62   GameInfo::ResetInfo - SyncLevel set to 0 on reset
21:03:01.62   GameInfo::ResetInfo - SyncLevel set to 0 on reset
21:03:01.62   GameInfo::ResetInfo - SyncLevel set to 0 on reset
21:03:01.62   GameInfo::ResetInfo - SyncLevel set to 0 on reset
21:03:01.62   GameInfo::ResetInfo - SyncLevel set to 0 on reset
21:03:01.62   GameInfo::ResetInfo - SyncLevel set to 0 on reset
21:03:01.62   GameInfo::ResetInfo - SyncLevel set to 0 on reset
21:03:01.62   GameInfo::ResetInfo - SyncLevel set to 0 on reset
21:03:01.63   GameInfo::ResetInfo - SyncLevel set to 0 on reset
21:03:01.63   GameInfo::ResetInfo - SyncLevel set to 0 on reset
21:03:01.63   GameInfo::ResetInfo - SyncLevel set to 0 on reset
21:03:01.63   GameInfo::ResetInfo - SyncLevel set to 0 on reset
21:03:01.63   GameInfo::ResetInfo - SyncLevel set to 0 on reset
21:03:01.63   GameInfo::ResetInfo - SyncLevel set to 0 on reset
21:03:01.63   GameInfo::ResetInfo - SyncLevel set to 0 on reset
21:03:01.63   GameInfo::ResetInfo - SyncLevel set to 0 on reset
21:03:01.63   GameInfo::ResetInfo - SyncLevel set to 0 on reset
21:03:01.63   GameInfo::ResetInfo - SyncLevel set to 0 on reset
21:03:01.63   GameInfo::ResetInfo - SyncLevel set to 0 on reset
21:03:01.63   GameInfo::ResetInfo - SyncLevel set to 0 on reset
21:03:01.63   GameInfo::ResetInfo - SyncLevel set to 0 on reset
21:03:01.63   GameInfo::ResetInfo - SyncLevel set to 0 on reset
21:03:01.63   GameInfo::ResetInfo - SyncLevel set to 0 on reset
21:03:01.63   GameInfo::ResetInfo - SyncLevel set to 0 on reset
21:03:01.63   GameInfo::ResetInfo - SyncLevel set to 0 on reset
21:03:01.63   GameInfo::ResetInfo - SyncLevel set to 0 on reset
21:03:01.63   GameInfo::ResetInfo - SyncLevel set to 0 on reset
21:03:01.63   GameInfo::ResetInfo - SyncLevel set to 0 on reset
21:03:01.63   GameInfo::ResetInfo - SyncLevel set to 0 on reset
21:03:01.64   GameInfo::ResetInfo - SyncLevel set to 0 on reset
21:03:01.64   GameInfo::ResetInfo - SyncLevel set to 0 on reset
21:03:01.64   GameInfo::ResetInfo - SyncLevel set to 0 on reset
21:03:01.64   GameInfo::ResetInfo - SyncLevel set to 0 on reset
21:03:01.64   GameInfo::ResetInfo - SyncLevel set to 0 on reset
21:03:01.64   GameInfo::ResetInfo - SyncLevel set to 0 on reset
21:03:01.64   GameInfo::ResetInfo - SyncLevel set to 0 on reset
21:03:01.64   GameInfo::ResetInfo - SyncLevel set to 0 on reset
21:03:01.64   GameInfo::ResetInfo - SyncLevel set to 0 on reset
21:03:01.64   GameInfo::ResetInfo - SyncLevel set to 0 on reset
21:03:01.64   GameInfo::ResetInfo - SyncLevel set to 0 on reset
21:03:01.64   GameInfo::ResetInfo - SyncLevel set to 0 on reset
21:03:01.64   GameInfo::ResetInfo - SyncLevel set to 0 on reset
21:03:01.64   GameInfo::ResetInfo - SyncLevel set to 0 on reset
21:03:01.64   GameInfo::ResetInfo - SyncLevel set to 0 on reset
21:03:01.64   GameInfo::ResetInfo - SyncLevel set to 0 on reset
21:03:01.64   GameInfo::ResetInfo - SyncLevel set to 0 on reset
21:03:01.64   GameInfo::ResetInfo - SyncLevel set to 0 on reset
21:03:01.64   GameInfo::ResetInfo - SyncLevel set to 0 on reset
21:03:01.64   GameInfo::ResetInfo - SyncLevel set to 0 on reset
21:03:01.64   GameInfo::ResetInfo - SyncLevel set to 0 on reset
21:03:01.64   GameInfo::ResetInfo - SyncLevel set to 0 on reset
21:03:01.64   GameInfo::ResetInfo - SyncLevel set to 0 on reset
21:03:01.64   GameInfo::ResetInfo - SyncLevel set to 0 on reset
21:03:01.64   GameInfo::ResetInfo - SyncLevel set to 0 on reset
21:03:01.64   GameInfo::ResetInfo - SyncLevel set to 0 on reset
21:03:01.64   GameInfo::ResetInfo - SyncLevel set to 0 on reset
21:03:01.65   GameInfo::ResetInfo - SyncLevel set to 0 on reset
21:03:01.65   GameInfo::ResetInfo - SyncLevel set to 0 on reset
21:03:01.65   GameInfo::ResetInfo - SyncLevel set to 0 on reset
21:03:01.65   GameInfo::ResetInfo - SyncLevel set to 0 on reset
21:03:01.65   GameInfo::ResetInfo - SyncLevel set to 0 on reset
21:03:01.65   GameInfo::ResetInfo - SyncLevel set to 0 on reset
21:03:01.65   GameInfo::ResetInfo - SyncLevel set to 0 on reset
21:03:01.65   GameInfo::ResetInfo - SyncLevel set to 0 on reset
21:03:01.65   GameInfo::ResetInfo - SyncLevel set to 0 on reset
21:03:01.65   GameInfo::ResetInfo - SyncLevel set to 0 on reset
21:03:01.65   GameInfo::ResetInfo - SyncLevel set to 0 on reset
21:03:01.65   GameInfo::ResetInfo - SyncLevel set to 0 on reset
21:03:01.65   GameInfo::ResetInfo - SyncLevel set to 0 on reset
21:03:01.65   GameInfo::ResetInfo - SyncLevel set to 0 on reset
21:03:01.65   GameInfo::ResetInfo - SyncLevel set to 0 on reset
21:03:01.66   GameInfo::ResetInfo - SyncLevel set to 0 on reset
21:03:01.66   GameInfo::ResetInfo - SyncLevel set to 0 on reset
21:03:01.66   GameInfo::ResetInfo - SyncLevel set to 0 on reset
21:03:01.66   GameInfo::ResetInfo - SyncLevel set to 0 on reset
21:03:01.66   GameInfo::ResetInfo - SyncLevel set to 0 on reset
21:03:01.66   GameInfo::ResetInfo - SyncLevel set to 0 on reset
21:03:01.66   GameInfo::ResetInfo - SyncLevel set to 0 on reset
21:03:01.66   GameInfo::ResetInfo - SyncLevel set to 0 on reset
21:03:01.66   GameInfo::ResetInfo - SyncLevel set to 0 on reset
21:03:01.66   GameInfo::ResetInfo - SyncLevel set to 0 on reset
21:03:01.66   GameInfo::ResetInfo - SyncLevel set to 0 on reset
21:03:01.66   GameInfo::ResetInfo - SyncLevel set to 0 on reset
21:03:01.66   GameInfo::ResetInfo - SyncLevel set to 0 on reset
21:03:01.66   GameInfo::ResetInfo - SyncLevel set to 0 on reset
21:03:01.66   GameInfo::ResetInfo - SyncLevel set to 0 on reset
21:03:01.66   GameInfo::ResetInfo - SyncLevel set to 0 on reset
21:03:01.66   GameInfo::ResetInfo - SyncLevel set to 0 on reset
21:03:01.66   GameInfo::ResetInfo - SyncLevel set to 0 on reset
21:03:01.66   GameInfo::ResetInfo - SyncLevel set to 0 on reset
21:03:01.66   GameInfo::ResetInfo - SyncLevel set to 0 on reset
21:03:01.67   GameInfo::ResetInfo - SyncLevel set to 0 on reset
21:03:01.67   GameInfo::ResetInfo - SyncLevel set to 0 on reset
21:03:01.67   GameInfo::ResetInfo - SyncLevel set to 0 on reset
21:03:01.67   GameInfo::ResetInfo - SyncLevel set to 0 on reset
21:03:01.67   GameInfo::ResetInfo - SyncLevel set to 0 on reset
21:03:01.67   GameInfo::ResetInfo - SyncLevel set to 0 on reset
21:03:01.67   GameInfo::ResetInfo - SyncLevel set to 0 on reset
21:03:01.67   GameInfo::ResetInfo - SyncLevel set to 0 on reset
21:03:01.67   GameInfo::ResetInfo - SyncLevel set to 0 on reset
21:03:01.67   GameInfo::ResetInfo - SyncLevel set to 0 on reset
21:03:01.67   GameInfo::ResetInfo - SyncLevel set to 0 on reset
21:03:01.67   GameInfo::ResetInfo - SyncLevel set to 0 on reset
21:03:01.67   GameInfo::ResetInfo - SyncLevel set to 0 on reset
21:03:01.67   GameInfo::ResetInfo - SyncLevel set to 0 on reset
21:03:01.67   GameInfo::ResetInfo - SyncLevel set to 0 on reset
21:03:01.67   GameInfo::ResetInfo - SyncLevel set to 0 on reset
21:03:01.67   GameInfo::ResetInfo - SyncLevel set to 0 on reset
21:03:01.67   GameInfo::ResetInfo - SyncLevel set to 0 on reset
21:03:01.67   GameInfo::ResetInfo - SyncLevel set to 0 on reset
21:03:01.67   GameInfo::ResetInfo - SyncLevel set to 0 on reset
21:03:01.67   GameInfo::ResetInfo - SyncLevel set to 0 on reset
21:03:01.67   GameInfo::ResetInfo - SyncLevel set to 0 on reset
21:03:01.68   GameInfo::ResetInfo - SyncLevel set to 0 on reset
21:03:01.68   GameInfo::ResetInfo - SyncLevel set to 0 on reset
21:03:01.68   GameInfo::ResetInfo - SyncLevel set to 0 on reset
21:03:01.68   GameInfo::ResetInfo - SyncLevel set to 0 on reset
21:03:01.68   GameInfo::ResetInfo - SyncLevel set to 0 on reset
21:03:01.68   GameInfo::ResetInfo - SyncLevel set to 0 on reset
21:03:01.68   GameInfo::ResetInfo - SyncLevel set to 0 on reset
21:03:01.68   GameInfo::ResetInfo - SyncLevel set to 0 on reset
21:03:01.68   GameInfo::ResetInfo - SyncLevel set to 0 on reset
21:03:01.68   GameInfo::ResetInfo - SyncLevel set to 0 on reset
21:03:01.68   GameInfo::ResetInfo - SyncLevel set to 0 on reset
21:03:01.68   GameInfo::ResetInfo - SyncLevel set to 0 on reset
21:03:01.68   GameInfo::ResetInfo - SyncLevel set to 0 on reset
21:03:01.68   GameInfo::ResetInfo - SyncLevel set to 0 on reset
21:03:01.68   GameInfo::ResetInfo - SyncLevel set to 0 on reset
21:03:01.68   GameInfo::ResetInfo - SyncLevel set to 0 on reset
21:03:01.68   GameInfo::ResetInfo - SyncLevel set to 0 on reset
21:03:01.69   GameInfo::ResetInfo - SyncLevel set to 0 on reset
21:03:01.69   GameInfo::ResetInfo - SyncLevel set to 0 on reset
21:03:01.69   GameInfo::ResetInfo - SyncLevel set to 0 on reset
21:03:01.69   GameInfo::ResetInfo - SyncLevel set to 0 on reset
21:03:01.69   GameInfo::ResetInfo - SyncLevel set to 0 on reset
21:03:01.69   GameInfo::ResetInfo - SyncLevel set to 0 on reset
21:03:01.69   GameInfo::ResetInfo - SyncLevel set to 0 on reset
21:03:01.69   GameInfo::ResetInfo - SyncLevel set to 0 on reset
21:03:01.69   GameInfo::ResetInfo - SyncLevel set to 0 on reset
21:03:01.69   GameInfo::ResetInfo - SyncLevel set to 0 on reset
21:03:01.69   GameInfo::ResetInfo - SyncLevel set to 0 on reset
21:03:01.69   GameInfo::ResetInfo - SyncLevel set to 0 on reset
21:03:01.69   GameInfo::ResetInfo - SyncLevel set to 0 on reset
21:03:01.69   GameInfo::ResetInfo - SyncLevel set to 0 on reset
21:03:01.69   GameInfo::ResetInfo - SyncLevel set to 0 on reset
21:03:01.69   GameInfo::ResetInfo - SyncLevel set to 0 on reset
21:03:01.69   GameInfo::ResetInfo - SyncLevel set to 0 on reset
21:03:01.69   GameInfo::ResetInfo - SyncLevel set to 0 on reset
21:03:01.69   GameInfo::ResetInfo - SyncLevel set to 0 on reset
21:03:01.69   GameInfo::ResetInfo - SyncLevel set to 0 on reset
21:03:01.69   GameInfo::ResetInfo - SyncLevel set to 0 on reset
21:03:01.69   GameInfo::ResetInfo - SyncLevel set to 0 on reset
21:03:01.70   GameInfo::ResetInfo - SyncLevel set to 0 on reset
21:03:01.70   GameInfo::ResetInfo - SyncLevel set to 0 on reset
21:03:01.70   GameInfo::ResetInfo - SyncLevel set to 0 on reset
21:03:01.70   GameInfo::ResetInfo - SyncLevel set to 0 on reset
21:03:01.70   GameInfo::ResetInfo - SyncLevel set to 0 on reset
21:03:01.70   GameInfo::ResetInfo - SyncLevel set to 0 on reset
21:03:01.70   GameInfo::ResetInfo - SyncLevel set to 0 on reset
21:03:01.70   GameInfo::ResetInfo - SyncLevel set to 0 on reset
21:03:01.70   GameInfo::ResetInfo - SyncLevel set to 0 on reset
21:03:01.70   GameInfo::ResetInfo - SyncLevel set to 0 on reset
21:03:01.70   GameInfo::ResetInfo - SyncLevel set to 0 on reset
21:03:01.70   GameInfo::ResetInfo - SyncLevel set to 0 on reset
21:03:01.70   GameInfo::ResetInfo - SyncLevel set to 0 on reset
21:03:01.70   GameInfo::ResetInfo - SyncLevel set to 0 on reset
21:03:01.70   GameInfo::ResetInfo - SyncLevel set to 0 on reset
21:03:01.70   RLINK -- SENDING FORCED ACK from Peer 8 to Peer 1 - timeSinceLastAckMS        397, transmitAckLastTimeMS    4008851 | Peer ---E- M#00000000 Sack00000125 NSack00000000 (C0.0% S:0.0) [  ]
21:03:01.70   RLINK -- SENDING FORCED ACK from Peer 8 to Peer 7 - timeSinceLastAckMS      60239, transmitAckLastTimeMS    4008851 | Peer ---E- M#00000000 Sack00000003 NSack00000000 (C0.0% S:0.0) [  ]
21:03:01.70   GameInfo::ResetInfo - SyncLevel set to 0 on reset
21:03:01.70   GameInfo::ResetInfo - SyncLevel set to 0 on reset
21:03:01.70   GameInfo::ResetInfo - SyncLevel set to 0 on reset
21:03:01.70   GameInfo::ResetInfo - SyncLevel set to 0 on reset
21:03:01.70   GameInfo::ResetInfo - SyncLevel set to 0 on reset
21:03:01.70   GameInfo::ResetInfo - SyncLevel set to 0 on reset
21:03:01.70   GameInfo::ResetInfo - SyncLevel set to 0 on reset
21:03:01.70   GameInfo::ResetInfo - SyncLevel set to 0 on reset
21:03:01.70   GameInfo::ResetInfo - SyncLevel set to 0 on reset
21:03:01.70   GameInfo::ResetInfo - SyncLevel set to 0 on reset
21:03:01.70   GameInfo::ResetInfo - SyncLevel set to 0 on reset
21:03:01.70   GameInfo::ResetInfo - SyncLevel set to 0 on reset
21:03:01.71   GameInfo::ResetInfo - SyncLevel set to 0 on reset
21:03:01.71   GameInfo::ResetInfo - SyncLevel set to 0 on reset
21:03:01.71   GameInfo::ResetInfo - SyncLevel set to 0 on reset
21:03:01.71   GameInfo::ResetInfo - SyncLevel set to 0 on reset
21:03:01.71   GameInfo::ResetInfo - SyncLevel set to 0 on reset
21:03:01.71   GameInfo::ResetInfo - SyncLevel set to 0 on reset
21:03:01.71   GameInfo::ResetInfo - SyncLevel set to 0 on reset
21:03:01.71   GameInfo::ResetInfo - SyncLevel set to 0 on reset
21:03:01.71   GameInfo::ResetInfo - SyncLevel set to 0 on reset
21:03:01.71   GameInfo::ResetInfo - SyncLevel set to 0 on reset
21:03:01.71   GameInfo::ResetInfo - SyncLevel set to 0 on reset
21:03:01.71   GameInfo::ResetInfo - SyncLevel set to 0 on reset
21:03:01.71   GameInfo::ResetInfo - SyncLevel set to 0 on reset
21:03:01.71   GameInfo::ResetInfo - SyncLevel set to 0 on reset
21:03:01.71   GameInfo::ResetInfo - SyncLevel set to 0 on reset
21:03:01.72   GameInfo::ResetInfo - SyncLevel set to 0 on reset
21:03:01.72   GameInfo::ResetInfo - SyncLevel set to 0 on reset
21:03:01.72   GameInfo::ResetInfo - SyncLevel set to 0 on reset
21:03:01.72   GameInfo::ResetInfo - SyncLevel set to 0 on reset
21:03:01.72   GameInfo::ResetInfo - SyncLevel set to 0 on reset
21:03:01.72   GameInfo::ResetInfo - SyncLevel set to 0 on reset
21:03:01.72   GameInfo::ResetInfo - SyncLevel set to 0 on reset
21:03:01.72   GameInfo::ResetInfo - SyncLevel set to 0 on reset
21:03:01.72   GameInfo::ResetInfo - SyncLevel set to 0 on reset
21:03:01.72   GameInfo::ResetInfo - SyncLevel set to 0 on reset
21:03:01.72   GameInfo::ResetInfo - SyncLevel set to 0 on reset
21:03:01.72   GameInfo::ResetInfo - SyncLevel set to 0 on reset
21:03:01.72   GameInfo::ResetInfo - SyncLevel set to 0 on reset
21:03:01.72   GameInfo::ResetInfo - SyncLevel set to 0 on reset
21:03:01.72   GameInfo::ResetInfo - SyncLevel set to 0 on reset
21:03:01.72   GameInfo::ResetInfo - SyncLevel set to 0 on reset
21:03:01.72   GameInfo::ResetInfo - SyncLevel set to 0 on reset
21:03:01.72   GameInfo::ResetInfo - SyncLevel set to 0 on reset
21:03:01.72   GameInfo::ResetInfo - SyncLevel set to 0 on reset
21:03:01.72   GameInfo::ResetInfo - SyncLevel set to 0 on reset
21:03:01.72   GameInfo::ResetInfo - SyncLevel set to 0 on reset
21:03:01.72   GameInfo::ResetInfo - SyncLevel set to 0 on reset
21:03:01.72   GameInfo::ResetInfo - SyncLevel set to 0 on reset
21:03:01.72   GameInfo::ResetInfo - SyncLevel set to 0 on reset
21:03:01.72   GameInfo::ResetInfo - SyncLevel set to 0 on reset
21:03:01.72   GameInfo::ResetInfo - SyncLevel set to 0 on reset
21:03:01.73   GameInfo::ResetInfo - SyncLevel set to 0 on reset
21:03:01.73   GameInfo::ResetInfo - SyncLevel set to 0 on reset
21:03:01.73   GameInfo::ResetInfo - SyncLevel set to 0 on reset
21:03:01.73   GameInfo::ResetInfo - SyncLevel set to 0 on reset
21:03:01.73   GameInfo::ResetInfo - SyncLevel set to 0 on reset
21:03:01.73   GameInfo::ResetInfo - SyncLevel set to 0 on reset
21:03:01.73   GameInfo::ResetInfo - SyncLevel set to 0 on reset
21:03:01.73   GameInfo::ResetInfo - SyncLevel set to 0 on reset
21:03:01.73   GameInfo::ResetInfo - SyncLevel set to 0 on reset
21:03:01.73   GameInfo::ResetInfo - SyncLevel set to 0 on reset
21:03:01.73   GameInfo::ResetInfo - SyncLevel set to 0 on reset
21:03:01.73   GameInfo::ResetInfo - SyncLevel set to 0 on reset
21:03:01.73   GameInfo::ResetInfo - SyncLevel set to 0 on reset
21:03:01.73   GameInfo::ResetInfo - SyncLevel set to 0 on reset
21:03:01.73   GameInfo::ResetInfo - SyncLevel set to 0 on reset
21:03:01.73   GameInfo::ResetInfo - SyncLevel set to 0 on reset
21:03:01.73   GameInfo::ResetInfo - SyncLevel set to 0 on reset
21:03:01.73   GameInfo::ResetInfo - SyncLevel set to 0 on reset
21:03:01.73   GameInfo::ResetInfo - SyncLevel set to 0 on reset
21:03:01.74   GameInfo::ResetInfo - SyncLevel set to 0 on reset
21:03:01.74   GameInfo::ResetInfo - SyncLevel set to 0 on reset
21:03:01.74   GameInfo::ResetInfo - SyncLevel set to 0 on reset
21:03:01.74   GameInfo::ResetInfo - SyncLevel set to 0 on reset
21:03:01.74   GameInfo::ResetInfo - SyncLevel set to 0 on reset
21:03:01.74   GameInfo::ResetInfo - SyncLevel set to 0 on reset
21:03:01.74   GameInfo::ResetInfo - SyncLevel set to 0 on reset
21:03:01.74   GameInfo::ResetInfo - SyncLevel set to 0 on reset
21:03:01.74   GameInfo::ResetInfo - SyncLevel set to 0 on reset
21:03:01.74   GameInfo::ResetInfo - SyncLevel set to 0 on reset
21:03:01.74   GameInfo::ResetInfo - SyncLevel set to 0 on reset
21:03:01.74   GameInfo::ResetInfo - SyncLevel set to 0 on reset
21:03:01.74   GameInfo::ResetInfo - SyncLevel set to 0 on reset
21:03:01.74   GameInfo::ResetInfo - SyncLevel set to 0 on reset
21:03:01.74   GameInfo::ResetInfo - SyncLevel set to 0 on reset
21:03:01.74   GameInfo::ResetInfo - SyncLevel set to 0 on reset
21:03:01.74   GameInfo::ResetInfo - SyncLevel set to 0 on reset
21:03:01.74   GameInfo::ResetInfo - SyncLevel set to 0 on reset
21:03:01.74   GameInfo::ResetInfo - SyncLevel set to 0 on reset
21:03:01.74   GameInfo::ResetInfo - SyncLevel set to 0 on reset
21:03:01.74   GameInfo::ResetInfo - SyncLevel set to 0 on reset
21:03:01.74   GameInfo::ResetInfo - SyncLevel set to 0 on reset
21:03:01.74   GameInfo::ResetInfo - SyncLevel set to 0 on reset
21:03:01.75   GameInfo::ResetInfo - SyncLevel set to 0 on reset
21:03:01.75   GameInfo::ResetInfo - SyncLevel set to 0 on reset
21:03:01.75   GameInfo::ResetInfo - SyncLevel set to 0 on reset
21:03:01.75   GameInfo::ResetInfo - SyncLevel set to 0 on reset
21:03:01.75   GameInfo::ResetInfo - SyncLevel set to 0 on reset
21:03:01.75   GameInfo::ResetInfo - SyncLevel set to 0 on reset
21:03:01.75   GameInfo::ResetInfo - SyncLevel set to 0 on reset
21:03:01.75   GameInfo::ResetInfo - SyncLevel set to 0 on reset
21:03:01.75   GameInfo::ResetInfo - SyncLevel set to 0 on reset
21:03:01.75   GameInfo::ResetInfo - SyncLevel set to 0 on reset
21:03:01.75   GameInfo::ResetInfo - SyncLevel set to 0 on reset
21:03:01.75   GameInfo::ResetInfo - SyncLevel set to 0 on reset
21:03:01.75   GameInfo::ResetInfo - SyncLevel set to 0 on reset
21:03:01.75   GameInfo::ResetInfo - SyncLevel set to 0 on reset
21:03:01.75   GameInfo::ResetInfo - SyncLevel set to 0 on reset
21:03:01.75   GameInfo::ResetInfo - SyncLevel set to 0 on reset
21:03:01.75   GameInfo::ResetInfo - SyncLevel set to 0 on reset
21:03:01.75   GameInfo::ResetInfo - SyncLevel set to 0 on reset
21:03:01.75   GameInfo::ResetInfo - SyncLevel set to 0 on reset
21:03:01.75   GameInfo::ResetInfo - SyncLevel set to 0 on reset
21:03:01.75   GameInfo::ResetInfo - SyncLevel set to 0 on reset
21:03:01.75   GameInfo::ResetInfo - SyncLevel set to 0 on reset
21:03:01.75   GameInfo::ResetInfo - SyncLevel set to 0 on reset
21:03:01.75   GameInfo::ResetInfo - SyncLevel set to 0 on reset
21:03:01.75   GameInfo::ResetInfo - SyncLevel set to 0 on reset
21:03:01.76   GameInfo::ResetInfo - SyncLevel set to 0 on reset
21:03:01.76   GameInfo::ResetInfo - SyncLevel set to 0 on reset
21:03:01.76   GameInfo::ResetInfo - SyncLevel set to 0 on reset
21:03:01.76   GameInfo::ResetInfo - SyncLevel set to 0 on reset
21:03:01.76   GameInfo::ResetInfo - SyncLevel set to 0 on reset
21:03:01.76   GameInfo::ResetInfo - SyncLevel set to 0 on reset
21:03:01.76   GameInfo::ResetInfo - SyncLevel set to 0 on reset
21:03:01.76   GameInfo::ResetInfo - SyncLevel set to 0 on reset
21:03:01.76   GameInfo::ResetInfo - SyncLevel set to 0 on reset
21:03:01.76   GameInfo::ResetInfo - SyncLevel set to 0 on reset
21:03:01.76   GameInfo::ResetInfo - SyncLevel set to 0 on reset
21:03:01.76   GameInfo::ResetInfo - SyncLevel set to 0 on reset
21:03:01.76   GameInfo::ResetInfo - SyncLevel set to 0 on reset
21:03:01.76   GameInfo::ResetInfo - SyncLevel set to 0 on reset
21:03:01.76   GameInfo::ResetInfo - SyncLevel set to 0 on reset
21:03:01.76   GameInfo::ResetInfo - SyncLevel set to 0 on reset
21:03:01.76   GameInfo::ResetInfo - SyncLevel set to 0 on reset
21:03:01.76   GameInfo::ResetInfo - SyncLevel set to 0 on reset
21:03:01.77   GameInfo::ResetInfo - SyncLevel set to 0 on reset
21:03:01.77   GameInfo::ResetInfo - SyncLevel set to 0 on reset
21:03:01.77   GameInfo::ResetInfo - SyncLevel set to 0 on reset
21:03:01.77   GameInfo::ResetInfo - SyncLevel set to 0 on reset
21:03:01.77   GameInfo::ResetInfo - SyncLevel set to 0 on reset
21:03:01.77   GameInfo::ResetInfo - SyncLevel set to 0 on reset
21:03:01.77   GameInfo::ResetInfo - SyncLevel set to 0 on reset
21:03:01.77   GameInfo::ResetInfo - SyncLevel set to 0 on reset
21:03:01.77   GameInfo::ResetInfo - SyncLevel set to 0 on reset
21:03:01.77   GameInfo::ResetInfo - SyncLevel set to 0 on reset
21:03:01.77   GameInfo::ResetInfo - SyncLevel set to 0 on reset
21:03:01.77   GameInfo::ResetInfo - SyncLevel set to 0 on reset
21:03:01.77   GameInfo::ResetInfo - SyncLevel set to 0 on reset
21:03:01.77   GameInfo::ResetInfo - SyncLevel set to 0 on reset
21:03:01.77   GameInfo::ResetInfo - SyncLevel set to 0 on reset
21:03:01.77   GameInfo::ResetInfo - SyncLevel set to 0 on reset
21:03:01.77   GameInfo::ResetInfo - SyncLevel set to 0 on reset
21:03:01.77   GameInfo::ResetInfo - SyncLevel set to 0 on reset
21:03:01.77   GameInfo::ResetInfo - SyncLevel set to 0 on reset
21:03:01.77   GameInfo::ResetInfo - SyncLevel set to 0 on reset
21:03:01.77   GameInfo::ResetInfo - SyncLevel set to 0 on reset
21:03:01.77   GameInfo::ResetInfo - SyncLevel set to 0 on reset
21:03:01.77   GameInfo::ResetInfo - SyncLevel set to 0 on reset
21:03:01.78   GameInfo::ResetInfo - SyncLevel set to 0 on reset
21:03:01.78   GameInfo::ResetInfo - SyncLevel set to 0 on reset
21:03:01.78   GameInfo::ResetInfo - SyncLevel set to 0 on reset
21:03:01.78   GameInfo::ResetInfo - SyncLevel set to 0 on reset
21:03:01.78   GameInfo::ResetInfo - SyncLevel set to 0 on reset
21:03:01.78   GameInfo::ResetInfo - SyncLevel set to 0 on reset
21:03:01.78   GameInfo::ResetInfo - SyncLevel set to 0 on reset
21:03:01.78   GameInfo::ResetInfo - SyncLevel set to 0 on reset
21:03:01.78   GameInfo::ResetInfo - SyncLevel set to 0 on reset
21:03:01.78   GameInfo::ResetInfo - SyncLevel set to 0 on reset
21:03:01.78   GameInfo::ResetInfo - SyncLevel set to 0 on reset
21:03:01.78   GameInfo::ResetInfo - SyncLevel set to 0 on reset
21:03:01.78   GameInfo::ResetInfo - SyncLevel set to 0 on reset
21:03:01.78   GameInfo::ResetInfo - SyncLevel set to 0 on reset
21:03:01.78   GameInfo::ResetInfo - SyncLevel set to 0 on reset
21:03:01.78   GameInfo::ResetInfo - SyncLevel set to 0 on reset
21:03:01.78   GameInfo::ResetInfo - SyncLevel set to 0 on reset
21:03:01.78   GameInfo::ResetInfo - SyncLevel set to 0 on reset
21:03:01.78   GameInfo::ResetInfo - SyncLevel set to 0 on reset
21:03:01.78   GameInfo::ResetInfo - SyncLevel set to 0 on reset
21:03:01.78   GameInfo::ResetInfo - SyncLevel set to 0 on reset
21:03:01.78   GameInfo::ResetInfo - SyncLevel set to 0 on reset
21:03:01.78   GameInfo::ResetInfo - SyncLevel set to 0 on reset
21:03:01.78   GameInfo::ResetInfo - SyncLevel set to 0 on reset
21:03:01.79   GameInfo::ResetInfo - SyncLevel set to 0 on reset
21:03:01.79   GameInfo::ResetInfo - SyncLevel set to 0 on reset
21:03:01.79   GameInfo::ResetInfo - SyncLevel set to 0 on reset
21:03:01.79   GameInfo::ResetInfo - SyncLevel set to 0 on reset
21:03:01.79   GameInfo::ResetInfo - SyncLevel set to 0 on reset
21:03:01.79   GameInfo::ResetInfo - SyncLevel set to 0 on reset
21:03:01.79   GameInfo::ResetInfo - SyncLevel set to 0 on reset
21:03:01.79   GameInfo::ResetInfo - SyncLevel set to 0 on reset
21:03:01.79   GameInfo::ResetInfo - SyncLevel set to 0 on reset
21:03:01.79   GameInfo::ResetInfo - SyncLevel set to 0 on reset
21:03:01.79   GameInfo::ResetInfo - SyncLevel set to 0 on reset
21:03:01.79   GameInfo::ResetInfo - SyncLevel set to 0 on reset
21:03:01.79   GameInfo::ResetInfo - SyncLevel set to 0 on reset
21:03:01.79   GameInfo::ResetInfo - SyncLevel set to 0 on reset
21:03:01.79   GameInfo::ResetInfo - SyncLevel set to 0 on reset
21:03:01.79   GameInfo::ResetInfo - SyncLevel set to 0 on reset
21:03:01.80   GameInfo::ResetInfo - SyncLevel set to 0 on reset
21:03:01.80   GameInfo::ResetInfo - SyncLevel set to 0 on reset
21:03:01.80   GameInfo::ResetInfo - SyncLevel set to 0 on reset
21:03:01.80   GameInfo::ResetInfo - SyncLevel set to 0 on reset
21:03:01.80   GameInfo::ResetInfo - SyncLevel set to 0 on reset
21:03:01.80   GameInfo::ResetInfo - SyncLevel set to 0 on reset
21:03:01.80   GameInfo::ResetInfo - SyncLevel set to 0 on reset
21:03:01.80   GameInfo::ResetInfo - SyncLevel set to 0 on reset
21:03:01.80   GameInfo::ResetInfo - SyncLevel set to 0 on reset
21:03:01.80   GameInfo::ResetInfo - SyncLevel set to 0 on reset
21:03:01.80   GameInfo::ResetInfo - SyncLevel set to 0 on reset
21:03:01.80   GameInfo::ResetInfo - SyncLevel set to 0 on reset
21:03:01.80   GameInfo::ResetInfo - SyncLevel set to 0 on reset
21:03:01.80   GameInfo::ResetInfo - SyncLevel set to 0 on reset
21:03:01.80   GameInfo::ResetInfo - SyncLevel set to 0 on reset
21:03:01.80   GameInfo::ResetInfo - SyncLevel set to 0 on reset
21:03:01.80   GameInfo::ResetInfo - SyncLevel set to 0 on reset
21:03:01.80   GameInfo::ResetInfo - SyncLevel set to 0 on reset
21:03:01.80   GameInfo::ResetInfo - SyncLevel set to 0 on reset
21:03:01.80   GameInfo::ResetInfo - SyncLevel set to 0 on reset
21:03:01.80   GameInfo::ResetInfo - SyncLevel set to 0 on reset
21:03:01.80   GameInfo::ResetInfo - SyncLevel set to 0 on reset
21:03:01.80   GameInfo::ResetInfo - SyncLevel set to 0 on reset
21:03:01.80   GameInfo::ResetInfo - SyncLevel set to 0 on reset
21:03:01.81   GameInfo::ResetInfo - SyncLevel set to 0 on reset
21:03:01.81   GameInfo::ResetInfo - SyncLevel set to 0 on reset
21:03:01.81   GameInfo::ResetInfo - SyncLevel set to 0 on reset
21:03:01.81   GameInfo::ResetInfo - SyncLevel set to 0 on reset
21:03:01.81   GameInfo::ResetInfo - SyncLevel set to 0 on reset
21:03:01.81   GameInfo::ResetInfo - SyncLevel set to 0 on reset
21:03:01.81   GameInfo::ResetInfo - SyncLevel set to 0 on reset
21:03:01.81   GameInfo::ResetInfo - SyncLevel set to 0 on reset
21:03:01.81   GameInfo::ResetInfo - SyncLevel set to 0 on reset
21:03:01.81   GameInfo::ResetInfo - SyncLevel set to 0 on reset
21:03:01.81   GameInfo::ResetInfo - SyncLevel set to 0 on reset
21:03:01.81   GameInfo::ResetInfo - SyncLevel set to 0 on reset
21:03:01.81   GameInfo::ResetInfo - SyncLevel set to 0 on reset
21:03:01.81   GameInfo::ResetInfo - SyncLevel set to 0 on reset
21:03:01.81   GameInfo::ResetInfo - SyncLevel set to 0 on reset
21:03:01.81   GameInfo::ResetInfo - SyncLevel set to 0 on reset
21:03:01.81   GameInfo::ResetInfo - SyncLevel set to 0 on reset
21:03:01.81   GameInfo::ResetInfo - SyncLevel set to 0 on reset
21:03:01.82   GameInfo::ResetInfo - SyncLevel set to 0 on reset
21:03:01.82   GameInfo::ResetInfo - SyncLevel set to 0 on reset
21:03:01.82   GameInfo::ResetInfo - SyncLevel set to 0 on reset
21:03:01.82   GameInfo::ResetInfo - SyncLevel set to 0 on reset
21:03:01.82   GameInfo::ResetInfo - SyncLevel set to 0 on reset
21:03:01.82   GameInfo::ResetInfo - SyncLevel set to 0 on reset
21:03:01.82   GameInfo::ResetInfo - SyncLevel set to 0 on reset
21:03:01.82   GameInfo::ResetInfo - SyncLevel set to 0 on reset
21:03:01.82   GameInfo::ResetInfo - SyncLevel set to 0 on reset
21:03:01.82   GameInfo::ResetInfo - SyncLevel set to 0 on reset
21:03:01.82   GameInfo::ResetInfo - SyncLevel set to 0 on reset
21:03:01.82   GameInfo::ResetInfo - SyncLevel set to 0 on reset
21:03:01.82   RLINK -- SENDING FORCED ACK from Peer 8 to Peer 6 - timeSinceLastAckMS      31392, transmitAckLastTimeMS    4008973 | Peer ---E- M#00000000 Sack00000013 NSack00000000 (C0.0% S:0.0) [  ]
21:03:01.82   GameInfo::ResetInfo - SyncLevel set to 0 on reset
21:03:01.82   GameInfo::ResetInfo - SyncLevel set to 0 on reset
21:03:01.82   GameInfo::ResetInfo - SyncLevel set to 0 on reset
21:03:01.82   GameInfo::ResetInfo - SyncLevel set to 0 on reset
21:03:01.82   GameInfo::ResetInfo - SyncLevel set to 0 on reset
21:03:01.82   GameInfo::ResetInfo - SyncLevel set to 0 on reset
21:03:01.83   GameInfo::ResetInfo - SyncLevel set to 0 on reset
21:03:01.83   GameInfo::ResetInfo - SyncLevel set to 0 on reset
21:03:01.83   GameInfo::ResetInfo - SyncLevel set to 0 on reset
21:03:01.83   GameInfo::ResetInfo - SyncLevel set to 0 on reset
21:03:01.83   GameInfo::ResetInfo - SyncLevel set to 0 on reset
21:03:01.83   GameInfo::ResetInfo - SyncLevel set to 0 on reset
21:03:01.83   GameInfo::ResetInfo - SyncLevel set to 0 on reset
21:03:01.83   GameInfo::ResetInfo - SyncLevel set to 0 on reset
21:03:01.83   GameInfo::ResetInfo - SyncLevel set to 0 on reset
21:03:01.83   GameInfo::ResetInfo - SyncLevel set to 0 on reset
21:03:01.83   GameInfo::ResetInfo - SyncLevel set to 0 on reset
21:03:01.83   GameInfo::ResetInfo - SyncLevel set to 0 on reset
21:03:01.83   GameInfo::ResetInfo - SyncLevel set to 0 on reset
21:03:01.83   GameInfo::ResetInfo - SyncLevel set to 0 on reset
21:03:01.83   GameInfo::ResetInfo - SyncLevel set to 0 on reset
21:03:01.83   GameInfo::ResetInfo - SyncLevel set to 0 on reset
21:03:01.83   GameInfo::ResetInfo - SyncLevel set to 0 on reset
21:03:01.83   GameInfo::ResetInfo - SyncLevel set to 0 on reset
21:03:01.83   GameInfo::ResetInfo - SyncLevel set to 0 on reset
21:03:01.83   GameInfo::ResetInfo - SyncLevel set to 0 on reset
21:03:01.83   GameInfo::ResetInfo - SyncLevel set to 0 on reset
21:03:01.83   GameInfo::ResetInfo - SyncLevel set to 0 on reset
21:03:01.83   GameInfo::ResetInfo - SyncLevel set to 0 on reset
21:03:01.83   GameInfo::ResetInfo - SyncLevel set to 0 on reset
21:03:01.83   GameInfo::ResetInfo - SyncLevel set to 0 on reset
21:03:01.83   GameInfo::ResetInfo - SyncLevel set to 0 on reset
21:03:01.83   GameInfo::ResetInfo - SyncLevel set to 0 on reset
21:03:01.84   GameInfo::ResetInfo - SyncLevel set to 0 on reset
21:03:01.84   GameInfo::ResetInfo - SyncLevel set to 0 on reset
21:03:01.84   GameInfo::ResetInfo - SyncLevel set to 0 on reset
21:03:01.84   GameInfo::ResetInfo - SyncLevel set to 0 on reset
21:03:01.84   GameInfo::ResetInfo - SyncLevel set to 0 on reset
21:03:01.84   GameInfo::ResetInfo - SyncLevel set to 0 on reset
21:03:01.84   GameInfo::ResetInfo - SyncLevel set to 0 on reset
21:03:01.84   GameInfo::ResetInfo - SyncLevel set to 0 on reset
21:03:01.84   GameInfo::ResetInfo - SyncLevel set to 0 on reset
21:03:01.84   GameInfo::ResetInfo - SyncLevel set to 0 on reset
21:03:01.84   GameInfo::ResetInfo - SyncLevel set to 0 on reset
21:03:01.84   GameInfo::ResetInfo - SyncLevel set to 0 on reset
21:03:01.84   GameInfo::ResetInfo - SyncLevel set to 0 on reset
21:03:01.84   GameInfo::ResetInfo - SyncLevel set to 0 on reset
21:03:01.84   GameInfo::ResetInfo - SyncLevel set to 0 on reset
21:03:01.84   GameInfo::ResetInfo - SyncLevel set to 0 on reset
21:03:01.84   GameInfo::ResetInfo - SyncLevel set to 0 on reset
21:03:01.84   GameInfo::ResetInfo - SyncLevel set to 0 on reset
21:03:01.84   GameInfo::ResetInfo - SyncLevel set to 0 on reset
21:03:01.84   GameInfo::ResetInfo - SyncLevel set to 0 on reset
21:03:01.84   GameInfo::ResetInfo - SyncLevel set to 0 on reset
21:03:01.84   GameInfo::ResetInfo - SyncLevel set to 0 on reset
21:03:01.84   GameInfo::ResetInfo - SyncLevel set to 0 on reset
21:03:01.84   GameInfo::ResetInfo - SyncLevel set to 0 on reset
21:03:01.84   GameInfo::ResetInfo - SyncLevel set to 0 on reset
21:03:01.84   GameInfo::ResetInfo - SyncLevel set to 0 on reset
21:03:01.84   GameInfo::ResetInfo - SyncLevel set to 0 on reset
21:03:01.85   GameInfo::ResetInfo - SyncLevel set to 0 on reset
21:03:01.85   GameInfo::ResetInfo - SyncLevel set to 0 on reset
21:03:01.85   GameInfo::ResetInfo - SyncLevel set to 0 on reset
21:03:01.85   GameInfo::ResetInfo - SyncLevel set to 0 on reset
21:03:01.85   GameInfo::ResetInfo - SyncLevel set to 0 on reset
21:03:01.85   GameInfo::ResetInfo - SyncLevel set to 0 on reset
21:03:01.85   GameInfo::ResetInfo - SyncLevel set to 0 on reset
21:03:01.85   GameInfo::ResetInfo - SyncLevel set to 0 on reset
21:03:01.85   GameInfo::ResetInfo - SyncLevel set to 0 on reset
21:03:01.85   GameInfo::ResetInfo - SyncLevel set to 0 on reset
21:03:01.85   GameInfo::ResetInfo - SyncLevel set to 0 on reset
21:03:01.85   GameInfo::ResetInfo - SyncLevel set to 0 on reset
21:03:01.85   GameInfo::ResetInfo - SyncLevel set to 0 on reset
21:03:01.85   GameInfo::ResetInfo - SyncLevel set to 0 on reset
21:03:01.85   GameInfo::ResetInfo - SyncLevel set to 0 on reset
21:03:01.85   GameInfo::ResetInfo - SyncLevel set to 0 on reset
21:03:01.85   GameInfo::ResetInfo - SyncLevel set to 0 on reset
21:03:01.85   GameInfo::ResetInfo - SyncLevel set to 0 on reset
21:03:01.86   GameInfo::ResetInfo - SyncLevel set to 0 on reset
21:03:01.86   GameInfo::ResetInfo - SyncLevel set to 0 on reset
21:03:01.86   GameInfo::ResetInfo - SyncLevel set to 0 on reset
21:03:01.86   GameInfo::ResetInfo - SyncLevel set to 0 on reset
21:03:01.86   GameInfo::ResetInfo - SyncLevel set to 0 on reset
21:03:01.86   GameInfo::ResetInfo - SyncLevel set to 0 on reset
21:03:01.86   GameInfo::ResetInfo - SyncLevel set to 0 on reset
21:03:01.86   GameInfo::ResetInfo - SyncLevel set to 0 on reset
21:03:01.86   GameInfo::ResetInfo - SyncLevel set to 0 on reset
21:03:01.86   GameInfo::ResetInfo - SyncLevel set to 0 on reset
21:03:01.86   GameInfo::ResetInfo - SyncLevel set to 0 on reset
21:03:01.86   GameInfo::ResetInfo - SyncLevel set to 0 on reset
21:03:01.86   GameInfo::ResetInfo - SyncLevel set to 0 on reset
21:03:01.86   GameInfo::ResetInfo - SyncLevel set to 0 on reset
21:03:01.86   GameInfo::ResetInfo - SyncLevel set to 0 on reset
21:03:01.86   GameInfo::ResetInfo - SyncLevel set to 0 on reset
21:03:01.86   GameInfo::ResetInfo - SyncLevel set to 0 on reset
21:03:01.86   GameInfo::ResetInfo - SyncLevel set to 0 on reset
21:03:01.86   GameInfo::ResetInfo - SyncLevel set to 0 on reset
21:03:01.86   GameInfo::ResetInfo - SyncLevel set to 0 on reset
21:03:01.86   GameInfo::ResetInfo - SyncLevel set to 0 on reset
21:03:01.86   GameInfo::ResetInfo - SyncLevel set to 0 on reset
21:03:01.86   GameInfo::ResetInfo - SyncLevel set to 0 on reset
21:03:01.86   GameInfo::ResetInfo - SyncLevel set to 0 on reset
21:03:01.87   GameInfo::ResetInfo - SyncLevel set to 0 on reset
21:03:01.87   GameInfo::ResetInfo - SyncLevel set to 0 on reset
21:03:01.87   GameInfo::ResetInfo - SyncLevel set to 0 on reset
21:03:01.87   GameInfo::ResetInfo - SyncLevel set to 0 on reset
21:03:01.87   GameInfo::ResetInfo - SyncLevel set to 0 on reset
21:03:01.87   GameInfo::ResetInfo - SyncLevel set to 0 on reset
21:03:01.87   GameInfo::ResetInfo - SyncLevel set to 0 on reset
21:03:01.87   GameInfo::ResetInfo - SyncLevel set to 0 on reset
21:03:01.87   GameInfo::ResetInfo - SyncLevel set to 0 on reset
21:03:01.87   GameInfo::ResetInfo - SyncLevel set to 0 on reset
21:03:01.87   GameInfo::ResetInfo - SyncLevel set to 0 on reset
21:03:01.87   GameInfo::ResetInfo - SyncLevel set to 0 on reset
21:03:01.87   GameInfo::ResetInfo - SyncLevel set to 0 on reset
21:03:01.87   GameInfo::ResetInfo - SyncLevel set to 0 on reset
21:03:01.87   GameInfo::ResetInfo - SyncLevel set to 0 on reset
21:03:01.87   GameInfo::ResetInfo - SyncLevel set to 0 on reset
21:03:01.87   GameInfo::ResetInfo - SyncLevel set to 0 on reset
21:03:01.87   GameInfo::ResetInfo - SyncLevel set to 0 on reset
21:03:01.87   GameInfo::ResetInfo - SyncLevel set to 0 on reset
21:03:01.87   GameInfo::ResetInfo - SyncLevel set to 0 on reset
21:03:01.87   GameInfo::ResetInfo - SyncLevel set to 0 on reset
21:03:01.87   GameInfo::ResetInfo - SyncLevel set to 0 on reset
21:03:01.87   GameInfo::ResetInfo - SyncLevel set to 0 on reset
21:03:01.87   GameInfo::ResetInfo - SyncLevel set to 0 on reset
21:03:01.88   GameInfo::ResetInfo - SyncLevel set to 0 on reset
21:03:01.88   GameInfo::ResetInfo - SyncLevel set to 0 on reset
21:03:01.88   GameInfo::ResetInfo - SyncLevel set to 0 on reset
21:03:01.88   GameInfo::ResetInfo - SyncLevel set to 0 on reset
21:03:01.88   GameInfo::ResetInfo - SyncLevel set to 0 on reset
21:03:01.88   GameInfo::ResetInfo - SyncLevel set to 0 on reset
21:03:01.88   GameInfo::ResetInfo - SyncLevel set to 0 on reset
21:03:01.88   GameInfo::ResetInfo - SyncLevel set to 0 on reset
21:03:01.88   GameInfo::ResetInfo - SyncLevel set to 0 on reset
21:03:01.88   GameInfo::ResetInfo - SyncLevel set to 0 on reset
21:03:01.88   GameInfo::ResetInfo - SyncLevel set to 0 on reset
21:03:01.88   GameInfo::ResetInfo - SyncLevel set to 0 on reset
21:03:01.88   GameInfo::ResetInfo - SyncLevel set to 0 on reset
21:03:01.88   GameInfo::ResetInfo - SyncLevel set to 0 on reset
21:03:01.88   GameInfo::ResetInfo - SyncLevel set to 0 on reset
21:03:01.88   GameInfo::ResetInfo - SyncLevel set to 0 on reset
21:03:01.88   GameInfo::ResetInfo - SyncLevel set to 0 on reset
21:03:01.88   GameInfo::ResetInfo - SyncLevel set to 0 on reset
21:03:01.89   GameInfo::ResetInfo - SyncLevel set to 0 on reset
21:03:01.89   GameInfo::ResetInfo - SyncLevel set to 0 on reset
21:03:01.89   GameInfo::ResetInfo - SyncLevel set to 0 on reset
21:03:01.89   GameInfo::ResetInfo - SyncLevel set to 0 on reset
21:03:01.89   GameInfo::ResetInfo - SyncLevel set to 0 on reset
21:03:01.89   GameInfo::ResetInfo - SyncLevel set to 0 on reset
21:03:01.89   GameInfo::ResetInfo - SyncLevel set to 0 on reset
21:03:01.89   GameInfo::ResetInfo - SyncLevel set to 0 on reset
21:03:01.89   GameInfo::ResetInfo - SyncLevel set to 0 on reset
21:03:01.89   GameInfo::ResetInfo - SyncLevel set to 0 on reset
21:03:01.89   GameInfo::ResetInfo - SyncLevel set to 0 on reset
21:03:01.89   GameInfo::ResetInfo - SyncLevel set to 0 on reset
21:03:01.89   GameInfo::ResetInfo - SyncLevel set to 0 on reset
21:03:01.89   GameInfo::ResetInfo - SyncLevel set to 0 on reset
21:03:01.89   GameInfo::ResetInfo - SyncLevel set to 0 on reset
21:03:01.89   GameInfo::ResetInfo - SyncLevel set to 0 on reset
21:03:01.89   GameInfo::ResetInfo - SyncLevel set to 0 on reset
21:03:01.89   GameInfo::ResetInfo - SyncLevel set to 0 on reset
21:03:01.89   GAME -- Error reading header for recorded game PLAYBACK:8P_MONTARGIS_REGION_POINTS_UP.2019-01-28.01-38-28.rec
21:03:01.89   GameInfo::ResetInfo - SyncLevel set to 0 on reset
21:03:01.89   GameInfo::ResetInfo - SyncLevel set to 0 on reset
21:03:01.89   GameInfo::ResetInfo - SyncLevel set to 0 on reset
21:03:01.89   GAME -- Error reading header for recorded game PLAYBACK:8P_MONTARGIS_REGION_POINTS_UP.2019-08-27.22-25-49.rec
21:03:01.89   GameInfo::ResetInfo - SyncLevel set to 0 on reset
21:03:01.89   GameInfo::ResetInfo - SyncLevel set to 0 on reset
21:03:01.90   GameInfo::ResetInfo - SyncLevel set to 0 on reset
21:03:01.90   GameInfo::ResetInfo - SyncLevel set to 0 on reset
21:03:01.90   GameInfo::ResetInfo - SyncLevel set to 0 on reset
21:03:01.90   GameInfo::ResetInfo - SyncLevel set to 0 on reset
21:03:01.90   GameInfo::ResetInfo - SyncLevel set to 0 on reset
21:03:01.90   GameInfo::ResetInfo - SyncLevel set to 0 on reset
21:03:01.90   GameInfo::ResetInfo - SyncLevel set to 0 on reset
21:03:01.90   GameInfo::ResetInfo - SyncLevel set to 0 on reset
21:03:01.90   GameInfo::ResetInfo - SyncLevel set to 0 on reset
21:03:01.90   GameInfo::ResetInfo - SyncLevel set to 0 on reset
21:03:01.90   GameInfo::ResetInfo - SyncLevel set to 0 on reset
21:03:01.90   GameInfo::ResetInfo - SyncLevel set to 0 on reset
21:03:01.90   GameInfo::ResetInfo - SyncLevel set to 0 on reset
21:03:01.90   GameInfo::ResetInfo - SyncLevel set to 0 on reset
21:03:01.90   GameInfo::ResetInfo - SyncLevel set to 0 on reset
21:03:01.90   GameInfo::ResetInfo - SyncLevel set to 0 on reset
21:03:01.90   GameInfo::ResetInfo - SyncLevel set to 0 on reset
21:03:01.90   GameInfo::ResetInfo - SyncLevel set to 0 on reset
21:03:01.90   GameInfo::ResetInfo - SyncLevel set to 0 on reset
21:03:01.90   GameInfo::ResetInfo - SyncLevel set to 0 on reset
21:03:01.90   GameInfo::ResetInfo - SyncLevel set to 0 on reset
21:03:01.90   GameInfo::ResetInfo - SyncLevel set to 0 on reset
21:03:01.91   GameInfo::ResetInfo - SyncLevel set to 0 on reset
21:03:01.91   GameInfo::ResetInfo - SyncLevel set to 0 on reset
21:03:01.91   GameInfo::ResetInfo - SyncLevel set to 0 on reset
21:03:01.91   GameInfo::ResetInfo - SyncLevel set to 0 on reset
21:03:01.91   GameInfo::ResetInfo - SyncLevel set to 0 on reset
21:03:01.91   GameInfo::ResetInfo - SyncLevel set to 0 on reset
21:03:01.91   GameInfo::ResetInfo - SyncLevel set to 0 on reset
21:03:01.91   GameInfo::ResetInfo - SyncLevel set to 0 on reset
21:03:01.91   GameInfo::ResetInfo - SyncLevel set to 0 on reset
21:03:01.91   GameInfo::ResetInfo - SyncLevel set to 0 on reset
21:03:01.91   GameInfo::ResetInfo - SyncLevel set to 0 on reset
21:03:01.91   GameInfo::ResetInfo - SyncLevel set to 0 on reset
21:03:01.91   GameInfo::ResetInfo - SyncLevel set to 0 on reset
21:03:01.91   GameInfo::ResetInfo - SyncLevel set to 0 on reset
21:03:01.91   GameInfo::ResetInfo - SyncLevel set to 0 on reset
21:03:01.91   GameInfo::ResetInfo - SyncLevel set to 0 on reset
21:03:01.91   GameInfo::ResetInfo - SyncLevel set to 0 on reset
21:03:01.91   GameInfo::ResetInfo - SyncLevel set to 0 on reset
21:03:01.91   GameInfo::ResetInfo - SyncLevel set to 0 on reset
21:03:01.91   GameInfo::ResetInfo - SyncLevel set to 0 on reset
21:03:01.91   GameInfo::ResetInfo - SyncLevel set to 0 on reset
21:03:01.92   GameInfo::ResetInfo - SyncLevel set to 0 on reset
21:03:01.92   GameInfo::ResetInfo - SyncLevel set to 0 on reset
21:03:01.92   GameInfo::ResetInfo - SyncLevel set to 0 on reset
21:03:01.92   GameInfo::ResetInfo - SyncLevel set to 0 on reset
21:03:01.92   GameInfo::ResetInfo - SyncLevel set to 0 on reset
21:03:01.92   GameInfo::ResetInfo - SyncLevel set to 0 on reset
21:03:01.92   GameInfo::ResetInfo - SyncLevel set to 0 on reset
21:03:01.92   GameInfo::ResetInfo - SyncLevel set to 0 on reset
21:03:01.92   GameInfo::ResetInfo - SyncLevel set to 0 on reset
21:03:01.92   GameInfo::ResetInfo - SyncLevel set to 0 on reset
21:03:01.92   GameInfo::ResetInfo - SyncLevel set to 0 on reset
21:03:01.92   GameInfo::ResetInfo - SyncLevel set to 0 on reset
21:03:01.92   GameInfo::ResetInfo - SyncLevel set to 0 on reset
21:03:01.92   GameInfo::ResetInfo - SyncLevel set to 0 on reset
21:03:01.92   GameInfo::ResetInfo - SyncLevel set to 0 on reset
21:03:01.92   GameInfo::ResetInfo - SyncLevel set to 0 on reset
21:03:01.92   GameInfo::ResetInfo - SyncLevel set to 0 on reset
21:03:01.93   GameInfo::ResetInfo - SyncLevel set to 0 on reset
21:03:01.93   GameInfo::ResetInfo - SyncLevel set to 0 on reset
21:03:01.93   GameInfo::ResetInfo - SyncLevel set to 0 on reset
21:03:01.93   GameInfo::ResetInfo - SyncLevel set to 0 on reset
21:03:01.93   GameInfo::ResetInfo - SyncLevel set to 0 on reset
21:03:01.93   GameInfo::ResetInfo - SyncLevel set to 0 on reset
21:03:01.93   GameInfo::ResetInfo - SyncLevel set to 0 on reset
21:03:01.93   GameInfo::ResetInfo - SyncLevel set to 0 on reset
21:03:01.93   GameInfo::ResetInfo - SyncLevel set to 0 on reset
21:03:01.93   GameInfo::ResetInfo - SyncLevel set to 0 on reset
21:03:01.93   GameInfo::ResetInfo - SyncLevel set to 0 on reset
21:03:01.93   GameInfo::ResetInfo - SyncLevel set to 0 on reset
21:03:01.93   GameInfo::ResetInfo - SyncLevel set to 0 on reset
21:03:01.93   GameInfo::ResetInfo - SyncLevel set to 0 on reset
21:03:01.93   GameInfo::ResetInfo - SyncLevel set to 0 on reset
21:03:01.93   GameInfo::ResetInfo - SyncLevel set to 0 on reset
21:03:01.93   GameInfo::ResetInfo - SyncLevel set to 0 on reset
21:03:01.93   GameInfo::ResetInfo - SyncLevel set to 0 on reset
21:03:01.93   GameInfo::ResetInfo - SyncLevel set to 0 on reset
21:03:01.93   GameInfo::ResetInfo - SyncLevel set to 0 on reset
21:03:01.93   GameInfo::ResetInfo - SyncLevel set to 0 on reset
21:03:01.93   GameInfo::ResetInfo - SyncLevel set to 0 on reset
21:03:01.93   GameInfo::ResetInfo - SyncLevel set to 0 on reset
21:03:01.93   GameInfo::ResetInfo - SyncLevel set to 0 on reset
21:03:01.93   GameInfo::ResetInfo - SyncLevel set to 0 on reset
21:03:01.94   GameInfo::ResetInfo - SyncLevel set to 0 on reset
21:03:01.94   GameInfo::ResetInfo - SyncLevel set to 0 on reset
21:03:01.94   GameInfo::ResetInfo - SyncLevel set to 0 on reset
21:03:01.94   GameInfo::ResetInfo - SyncLevel set to 0 on reset
21:03:01.94   GameInfo::ResetInfo - SyncLevel set to 0 on reset
21:03:01.94   GameInfo::ResetInfo - SyncLevel set to 0 on reset
21:03:01.94   GAME -- Error reading header for recorded game PLAYBACK:fun_high_res_monti.rec
21:03:01.94   GameInfo::ResetInfo - SyncLevel set to 0 on reset
21:03:01.94   GameInfo::ResetInfo - SyncLevel set to 0 on reset
21:03:01.94   GameInfo::ResetInfo - SyncLevel set to 0 on reset
21:03:01.94   GameInfo::ResetInfo - SyncLevel set to 0 on reset
21:03:01.94   GameInfo::ResetInfo - SyncLevel set to 0 on reset
21:03:01.94   GameInfo::ResetInfo - SyncLevel set to 0 on reset
21:03:01.94   GameInfo::ResetInfo - SyncLevel set to 0 on reset
21:03:01.94   GameInfo::ResetInfo - SyncLevel set to 0 on reset
21:03:01.94   GameInfo::ResetInfo - SyncLevel set to 0 on reset
21:03:01.94   GameInfo::ResetInfo - SyncLevel set to 0 on reset
21:03:01.94   GameInfo::ResetInfo - SyncLevel set to 0 on reset
21:03:01.94   GameInfo::ResetInfo - SyncLevel set to 0 on reset
21:03:01.94   GameInfo::ResetInfo - SyncLevel set to 0 on reset
21:03:01.94   GameInfo::ResetInfo - SyncLevel set to 0 on reset
21:03:01.94   GameInfo::ResetInfo - SyncLevel set to 0 on reset
21:03:01.94   GameInfo::ResetInfo - SyncLevel set to 0 on reset
21:03:01.94   GameInfo::ResetInfo - SyncLevel set to 0 on reset
21:03:01.94   GameInfo::ResetInfo - SyncLevel set to 0 on reset
21:03:01.95   GameInfo::ResetInfo - SyncLevel set to 0 on reset
21:03:01.95   GameInfo::ResetInfo - SyncLevel set to 0 on reset
21:03:01.95   GameInfo::ResetInfo - SyncLevel set to 0 on reset
21:03:01.95   GAME -- Error reading header for recorded game PLAYBACK:gdfg.rec
21:03:01.95   GameInfo::ResetInfo - SyncLevel set to 0 on reset
21:03:01.95   GameInfo::ResetInfo - SyncLevel set to 0 on reset
21:03:01.95   GameInfo::ResetInfo - SyncLevel set to 0 on reset
21:03:01.95   GameInfo::ResetInfo - SyncLevel set to 0 on reset
21:03:01.95   GameInfo::ResetInfo - SyncLevel set to 0 on reset
21:03:01.95   GameInfo::ResetInfo - SyncLevel set to 0 on reset
21:03:01.95   GameInfo::ResetInfo - SyncLevel set to 0 on reset
21:03:01.95   GameInfo::ResetInfo - SyncLevel set to 0 on reset
21:03:01.95   GameInfo::ResetInfo - SyncLevel set to 0 on reset
21:03:01.95   GameInfo::ResetInfo - SyncLevel set to 0 on reset
21:03:01.95   GameInfo::ResetInfo - SyncLevel set to 0 on reset
21:03:01.95   GameInfo::ResetInfo - SyncLevel set to 0 on reset
21:03:01.95   GameInfo::ResetInfo - SyncLevel set to 0 on reset
21:03:01.95   GameInfo::ResetInfo - SyncLevel set to 0 on reset
21:03:01.95   GameInfo::ResetInfo - SyncLevel set to 0 on reset
21:03:01.95   GameInfo::ResetInfo - SyncLevel set to 0 on reset
21:03:01.95   GameInfo::ResetInfo - SyncLevel set to 0 on reset
21:03:01.95   GameInfo::ResetInfo - SyncLevel set to 0 on reset
21:03:01.95   GameInfo::ResetInfo - SyncLevel set to 0 on reset
21:03:01.95   GameInfo::ResetInfo - SyncLevel set to 0 on reset
21:03:01.95   GameInfo::ResetInfo - SyncLevel set to 0 on reset
21:03:01.96   GameInfo::ResetInfo - SyncLevel set to 0 on reset
21:03:01.96   GameInfo::ResetInfo - SyncLevel set to 0 on reset
21:03:01.96   GameInfo::ResetInfo - SyncLevel set to 0 on reset
21:03:01.96   GameInfo::ResetInfo - SyncLevel set to 0 on reset
21:03:01.96   GameInfo::ResetInfo - SyncLevel set to 0 on reset
21:03:01.96   GameInfo::ResetInfo - SyncLevel set to 0 on reset
21:03:01.96   GameInfo::ResetInfo - SyncLevel set to 0 on reset
21:03:01.96   GameInfo::ResetInfo - SyncLevel set to 0 on reset
21:03:01.96   GameInfo::ResetInfo - SyncLevel set to 0 on reset
21:03:01.96   GameInfo::ResetInfo - SyncLevel set to 0 on reset
21:03:01.96   GameInfo::ResetInfo - SyncLevel set to 0 on reset
21:03:01.96   GameInfo::ResetInfo - SyncLevel set to 0 on reset
21:03:01.96   GameInfo::ResetInfo - SyncLevel set to 0 on reset
21:03:01.96   GameInfo::ResetInfo - SyncLevel set to 0 on reset
21:03:01.96   GameInfo::ResetInfo - SyncLevel set to 0 on reset
21:03:01.96   GameInfo::ResetInfo - SyncLevel set to 0 on reset
21:03:01.96   GameInfo::ResetInfo - SyncLevel set to 0 on reset
21:03:01.96   GameInfo::ResetInfo - SyncLevel set to 0 on reset
21:03:01.96   GameInfo::ResetInfo - SyncLevel set to 0 on reset
21:03:01.96   GameInfo::ResetInfo - SyncLevel set to 0 on reset
21:03:01.96   GameInfo::ResetInfo - SyncLevel set to 0 on reset
21:03:01.96   GameInfo::ResetInfo - SyncLevel set to 0 on reset
21:03:01.96   GameInfo::ResetInfo - SyncLevel set to 0 on reset
21:03:01.96   GameInfo::ResetInfo - SyncLevel set to 0 on reset
21:03:01.96   GameInfo::ResetInfo - SyncLevel set to 0 on reset
21:03:01.96   GameInfo::ResetInfo - SyncLevel set to 0 on reset
21:03:01.97   GameInfo::ResetInfo - SyncLevel set to 0 on reset
21:03:01.97   GameInfo::ResetInfo - SyncLevel set to 0 on reset
21:03:01.97   GameInfo::ResetInfo - SyncLevel set to 0 on reset
21:03:01.97   GameInfo::ResetInfo - SyncLevel set to 0 on reset
21:03:01.97   GameInfo::ResetInfo - SyncLevel set to 0 on reset
21:03:01.97   GameInfo::ResetInfo - SyncLevel set to 0 on reset
21:03:01.97   GameInfo::ResetInfo - SyncLevel set to 0 on reset
21:03:01.97   GameInfo::ResetInfo - SyncLevel set to 0 on reset
21:03:01.97   GameInfo::ResetInfo - SyncLevel set to 0 on reset
21:03:01.97   GameInfo::ResetInfo - SyncLevel set to 0 on reset
21:03:01.97   GameInfo::ResetInfo - SyncLevel set to 0 on reset
21:03:01.97   GameInfo::ResetInfo - SyncLevel set to 0 on reset
21:03:01.97   GameInfo::ResetInfo - SyncLevel set to 0 on reset
21:03:01.97   GameInfo::ResetInfo - SyncLevel set to 0 on reset
21:03:01.97   GameInfo::ResetInfo - SyncLevel set to 0 on reset
21:03:01.97   GameInfo::ResetInfo - SyncLevel set to 0 on reset
21:03:01.97   GameInfo::ResetInfo - SyncLevel set to 0 on reset
21:03:01.97   GameInfo::ResetInfo - SyncLevel set to 0 on reset
21:03:01.97   GameInfo::ResetInfo - SyncLevel set to 0 on reset
21:03:01.97   GameInfo::ResetInfo - SyncLevel set to 0 on reset
21:03:01.97   GameInfo::ResetInfo - SyncLevel set to 0 on reset
21:03:01.97   GameInfo::ResetInfo - SyncLevel set to 0 on reset
21:03:01.97   GameInfo::ResetInfo - SyncLevel set to 0 on reset
21:03:01.97   RLINK -- SENDING FORCED ACK from Peer 8 to Peer 1 - timeSinceLastAckMS        274, transmitAckLastTimeMS    4009125 | Peer ---E- M#00000000 Sack00000126 NSack00000000 (C0.0% S:0.0) [  ]
21:03:01.97   GameInfo::ResetInfo - SyncLevel set to 0 on reset
21:03:01.97   RLINK -- SENDING FORCED ACK from Peer 8 to Peer 7 - timeSinceLastAckMS        274, transmitAckLastTimeMS    4009125 | Peer ---E- M#00000000 Sack00000004 NSack00000000 (C0.0% S:0.0) [  ]
21:03:01.97   GameInfo::ResetInfo - SyncLevel set to 0 on reset
21:03:01.98   GameInfo::ResetInfo - SyncLevel set to 0 on reset
21:03:01.98   GameInfo::ResetInfo - SyncLevel set to 0 on reset
21:03:01.98   GameInfo::ResetInfo - SyncLevel set to 0 on reset
21:03:01.98   GameInfo::ResetInfo - SyncLevel set to 0 on reset
21:03:01.98   GameInfo::ResetInfo - SyncLevel set to 0 on reset
21:03:01.98   GameInfo::ResetInfo - SyncLevel set to 0 on reset
21:03:01.98   GameInfo::ResetInfo - SyncLevel set to 0 on reset
21:03:01.98   GameInfo::ResetInfo - SyncLevel set to 0 on reset
21:03:01.98   GAME -- Error reading header for recorded game PLAYBACK:ischutz_mad.rec
21:03:01.98   GameInfo::ResetInfo - SyncLevel set to 0 on reset
21:03:01.98   GameInfo::ResetInfo - SyncLevel set to 0 on reset
21:03:01.98   GameInfo::ResetInfo - SyncLevel set to 0 on reset
21:03:01.98   GameInfo::ResetInfo - SyncLevel set to 0 on reset
21:03:01.98   GameInfo::ResetInfo - SyncLevel set to 0 on reset
21:03:01.98   GameInfo::ResetInfo - SyncLevel set to 0 on reset
21:03:01.98   GameInfo::ResetInfo - SyncLevel set to 0 on reset
21:03:01.98   GameInfo::ResetInfo - SyncLevel set to 0 on reset
21:03:01.98   GameInfo::ResetInfo - SyncLevel set to 0 on reset
21:03:01.98   GameInfo::ResetInfo - SyncLevel set to 0 on reset
21:03:01.98   GameInfo::ResetInfo - SyncLevel set to 0 on reset
21:03:01.98   GameInfo::ResetInfo - SyncLevel set to 0 on reset
21:03:01.98   GameInfo::ResetInfo - SyncLevel set to 0 on reset
21:03:01.98   GameInfo::ResetInfo - SyncLevel set to 0 on reset
21:03:01.98   GameInfo::ResetInfo - SyncLevel set to 0 on reset
21:03:01.98   GameInfo::ResetInfo - SyncLevel set to 0 on reset
21:03:01.98   GameInfo::ResetInfo - SyncLevel set to 0 on reset
21:03:01.98   GameInfo::ResetInfo - SyncLevel set to 0 on reset
21:03:01.99   GameInfo::ResetInfo - SyncLevel set to 0 on reset
21:03:01.99   GameInfo::ResetInfo - SyncLevel set to 0 on reset
21:03:01.99   GameInfo::ResetInfo - SyncLevel set to 0 on reset
21:03:01.99   GameInfo::ResetInfo - SyncLevel set to 0 on reset
21:03:01.99   GameInfo::ResetInfo - SyncLevel set to 0 on reset
21:03:01.99   GameInfo::ResetInfo - SyncLevel set to 0 on reset
21:03:01.99   GameInfo::ResetInfo - SyncLevel set to 0 on reset
21:03:01.99   GameInfo::ResetInfo - SyncLevel set to 0 on reset
21:03:01.99   GameInfo::ResetInfo - SyncLevel set to 0 on reset
21:03:01.99   GameInfo::ResetInfo - SyncLevel set to 0 on reset
21:03:01.99   GameInfo::ResetInfo - SyncLevel set to 0 on reset
21:03:01.99   GameInfo::ResetInfo - SyncLevel set to 0 on reset
21:03:01.99   GameInfo::ResetInfo - SyncLevel set to 0 on reset
21:03:01.99   GameInfo::ResetInfo - SyncLevel set to 0 on reset
21:03:01.99   GameInfo::ResetInfo - SyncLevel set to 0 on reset
21:03:01.99   GameInfo::ResetInfo - SyncLevel set to 0 on reset
21:03:01.99   GameInfo::ResetInfo - SyncLevel set to 0 on reset
21:03:01.99   GameInfo::ResetInfo - SyncLevel set to 0 on reset
21:03:01.99   GameInfo::ResetInfo - SyncLevel set to 0 on reset
21:03:01.99   GameInfo::ResetInfo - SyncLevel set to 0 on reset
21:03:01.99   GameInfo::ResetInfo - SyncLevel set to 0 on reset
21:03:01.99   GAME -- Error reading header for recorded game PLAYBACK:MONTARGIS REGION REVISED.2019-06-01.00-22-47.rec
21:03:01.99   GameInfo::ResetInfo - SyncLevel set to 0 on reset
21:03:01.99   GameInfo::ResetInfo - SyncLevel set to 0 on reset
21:03:02.00   GameInfo::ResetInfo - SyncLevel set to 0 on reset
21:03:02.00   GameInfo::ResetInfo - SyncLevel set to 0 on reset
21:03:02.00   GameInfo::ResetInfo - SyncLevel set to 0 on reset
21:03:02.00   GameInfo::ResetInfo - SyncLevel set to 0 on reset
21:03:02.00   GameInfo::ResetInfo - SyncLevel set to 0 on reset
21:03:02.00   GameInfo::ResetInfo - SyncLevel set to 0 on reset
21:03:02.00   GameInfo::ResetInfo - SyncLevel set to 0 on reset
21:03:02.00   GameInfo::ResetInfo - SyncLevel set to 0 on reset
21:03:02.00   GameInfo::ResetInfo - SyncLevel set to 0 on reset
21:03:02.00   GameInfo::ResetInfo - SyncLevel set to 0 on reset
21:03:02.00   GameInfo::ResetInfo - SyncLevel set to 0 on reset
21:03:02.00   GameInfo::ResetInfo - SyncLevel set to 0 on reset
21:03:02.00   GameInfo::ResetInfo - SyncLevel set to 0 on reset
21:03:02.00   GameInfo::ResetInfo - SyncLevel set to 0 on reset
21:03:02.00   GameInfo::ResetInfo - SyncLevel set to 0 on reset
21:03:02.00   GameInfo::ResetInfo - SyncLevel set to 0 on reset
21:03:02.00   GameInfo::ResetInfo - SyncLevel set to 0 on reset
21:03:02.00   GameInfo::ResetInfo - SyncLevel set to 0 on reset
21:03:02.00   GameInfo::ResetInfo - SyncLevel set to 0 on reset
21:03:02.00   GameInfo::ResetInfo - SyncLevel set to 0 on reset
21:03:02.00   GameInfo::ResetInfo - SyncLevel set to 0 on reset
21:03:02.00   GAME -- Error reading header for recorded game PLAYBACK:PE_Baserush_Counter__[GameReplays.org].rec
21:03:02.00   GameInfo::ResetInfo - SyncLevel set to 0 on reset
21:03:02.00   GameInfo::ResetInfo - SyncLevel set to 0 on reset
21:03:02.00   GameInfo::ResetInfo - SyncLevel set to 0 on reset
21:03:02.00   GameInfo::ResetInfo - SyncLevel set to 0 on reset
21:03:02.00   GameInfo::ResetInfo - SyncLevel set to 0 on reset
21:03:02.01   GameInfo::ResetInfo - SyncLevel set to 0 on reset
21:03:02.01   GameInfo::ResetInfo - SyncLevel set to 0 on reset
21:03:02.01   GameInfo::ResetInfo - SyncLevel set to 0 on reset
21:03:02.01   GameInfo::ResetInfo - SyncLevel set to 0 on reset
21:03:02.01   GameInfo::ResetInfo - SyncLevel set to 0 on reset
21:03:02.01   GameInfo::ResetInfo - SyncLevel set to 0 on reset
21:03:02.01   GameInfo::ResetInfo - SyncLevel set to 0 on reset
21:03:02.01   GameInfo::ResetInfo - SyncLevel set to 0 on reset
21:03:02.01   GameInfo::ResetInfo - SyncLevel set to 0 on reset
21:03:02.01   GameInfo::ResetInfo - SyncLevel set to 0 on reset
21:03:02.01   GameInfo::ResetInfo - SyncLevel set to 0 on reset
21:03:02.01   GameInfo::ResetInfo - SyncLevel set to 0 on reset
21:03:02.01   GameInfo::ResetInfo - SyncLevel set to 0 on reset
21:03:02.01   GameInfo::ResetInfo - SyncLevel set to 0 on reset
21:03:02.01   GameInfo::ResetInfo - SyncLevel set to 0 on reset
21:03:02.01   GameInfo::ResetInfo - SyncLevel set to 0 on reset
21:03:02.01   GameInfo::ResetInfo - SyncLevel set to 0 on reset
21:03:02.01   GameInfo::ResetInfo - SyncLevel set to 0 on reset
21:03:02.01   GameInfo::ResetInfo - SyncLevel set to 0 on reset
21:03:02.01   GAME -- Error reading header for recorded game PLAYBACK:Scheldt shit.rec
21:03:02.01   GameInfo::ResetInfo - SyncLevel set to 0 on reset
21:03:02.01   GameInfo::ResetInfo - SyncLevel set to 0 on reset
21:03:02.01   GameInfo::ResetInfo - SyncLevel set to 0 on reset
21:03:02.01   GameInfo::ResetInfo - SyncLevel set to 0 on reset
21:03:02.01   GameInfo::ResetInfo - SyncLevel set to 0 on reset
21:03:02.01   GameInfo::ResetInfo - SyncLevel set to 0 on reset
21:03:02.02   GameInfo::ResetInfo - SyncLevel set to 0 on reset
21:03:02.02   GameInfo::ResetInfo - SyncLevel set to 0 on reset
21:03:02.02   GameInfo::ResetInfo - SyncLevel set to 0 on reset
21:03:02.02   GameInfo::ResetInfo - SyncLevel set to 0 on reset
21:03:02.02   GameInfo::ResetInfo - SyncLevel set to 0 on reset
21:03:02.02   GameInfo::ResetInfo - SyncLevel set to 0 on reset
21:03:02.02   GameInfo::ResetInfo - SyncLevel set to 0 on reset
21:03:02.02   GameInfo::ResetInfo - SyncLevel set to 0 on reset
21:03:02.02   GameInfo::ResetInfo - SyncLevel set to 0 on reset
21:03:02.02   GameInfo::ResetInfo - SyncLevel set to 0 on reset
21:03:02.02   GameInfo::ResetInfo - SyncLevel set to 0 on reset
21:03:02.02   GameInfo::ResetInfo - SyncLevel set to 0 on reset
21:03:02.02   GameInfo::ResetInfo - SyncLevel set to 0 on reset
21:03:02.02   GameInfo::ResetInfo - SyncLevel set to 0 on reset
21:03:02.02   GameInfo::ResetInfo - SyncLevel set to 0 on reset
21:03:02.02   GameInfo::ResetInfo - SyncLevel set to 0 on reset
21:03:02.02   GameInfo::ResetInfo - SyncLevel set to 0 on reset
21:03:02.02   GameInfo::ResetInfo - SyncLevel set to 0 on reset
21:03:02.02   GameInfo::ResetInfo - SyncLevel set to 0 on reset
21:03:02.02   GameInfo::ResetInfo - SyncLevel set to 0 on reset
21:03:02.02   GameInfo::ResetInfo - SyncLevel set to 0 on reset
21:03:02.02   GameInfo::ResetInfo - SyncLevel set to 0 on reset
21:03:02.02   GameInfo::ResetInfo - SyncLevel set to 0 on reset
21:03:02.02   GameInfo::ResetInfo - SyncLevel set to 0 on reset
21:03:02.02   GameInfo::ResetInfo - SyncLevel set to 0 on reset
21:03:02.02   GameInfo::ResetInfo - SyncLevel set to 0 on reset
21:03:02.03   GameInfo::ResetInfo - SyncLevel set to 0 on reset
21:03:02.03   GameInfo::ResetInfo - SyncLevel set to 0 on reset
21:03:02.03   GameInfo::ResetInfo - SyncLevel set to 0 on reset
21:03:02.03   GameInfo::ResetInfo - SyncLevel set to 0 on reset
21:03:02.03   GameInfo::ResetInfo - SyncLevel set to 0 on reset
21:03:02.03   GameInfo::ResetInfo - SyncLevel set to 0 on reset
21:03:02.03   GameInfo::ResetInfo - SyncLevel set to 0 on reset
21:03:02.03   GameInfo::ResetInfo - SyncLevel set to 0 on reset
21:03:02.03   GameInfo::ResetInfo - SyncLevel set to 0 on reset
21:03:02.03   GameInfo::ResetInfo - SyncLevel set to 0 on reset
21:03:02.03   GameInfo::ResetInfo - SyncLevel set to 0 on reset
21:03:02.03   GameInfo::ResetInfo - SyncLevel set to 0 on reset
21:03:02.03   GameInfo::ResetInfo - SyncLevel set to 0 on reset
21:03:02.03   GameInfo::ResetInfo - SyncLevel set to 0 on reset
21:03:02.03   GameInfo::ResetInfo - SyncLevel set to 0 on reset
21:03:02.03   GameInfo::ResetInfo - SyncLevel set to 0 on reset
21:03:02.03   GameInfo::ResetInfo - SyncLevel set to 0 on reset
21:03:02.03   GameInfo::ResetInfo - SyncLevel set to 0 on reset
21:03:02.03   GameInfo::ResetInfo - SyncLevel set to 0 on reset
21:03:02.03   GameInfo::ResetInfo - SyncLevel set to 0 on reset
21:03:02.03   GameInfo::ResetInfo - SyncLevel set to 0 on reset
21:03:02.03   GameInfo::ResetInfo - SyncLevel set to 0 on reset
21:03:02.03   GameInfo::ResetInfo - SyncLevel set to 0 on reset
21:03:02.03   GameInfo::ResetInfo - SyncLevel set to 0 on reset
21:03:02.03   GameInfo::ResetInfo - SyncLevel set to 0 on reset
21:03:02.03   GameInfo::ResetInfo - SyncLevel set to 0 on reset
21:03:02.03   GameInfo::ResetInfo - SyncLevel set to 0 on reset
21:03:02.03   GameInfo::ResetInfo - SyncLevel set to 0 on reset
21:03:02.03   GameInfo::ResetInfo - SyncLevel set to 0 on reset
21:03:02.04   GameInfo::ResetInfo - SyncLevel set to 0 on reset
21:03:02.04   GameInfo::ResetInfo - SyncLevel set to 0 on reset
21:03:02.04   GameInfo::ResetInfo - SyncLevel set to 0 on reset
21:03:02.04   GameInfo::ResetInfo - SyncLevel set to 0 on reset
21:03:02.04   GameInfo::ResetInfo - SyncLevel set to 0 on reset
21:03:02.04   GameInfo::ResetInfo - SyncLevel set to 0 on reset
21:03:02.04   GameInfo::ResetInfo - SyncLevel set to 0 on reset
21:03:02.04   GameInfo::ResetInfo - SyncLevel set to 0 on reset
21:03:02.04   GameInfo::ResetInfo - SyncLevel set to 0 on reset
21:03:02.04   GameInfo::ResetInfo - SyncLevel set to 0 on reset
21:03:02.04   GameInfo::ResetInfo - SyncLevel set to 0 on reset
21:03:02.04   GameInfo::ResetInfo - SyncLevel set to 0 on reset
21:03:02.04   GameInfo::ResetInfo - SyncLevel set to 0 on reset
21:03:02.04   GameInfo::ResetInfo - SyncLevel set to 0 on reset
21:03:02.04   GameInfo::ResetInfo - SyncLevel set to 0 on reset
21:03:02.04   GameInfo::ResetInfo - SyncLevel set to 0 on reset
21:03:02.04   GameInfo::ResetInfo - SyncLevel set to 0 on reset
21:03:02.04   GameInfo::ResetInfo - SyncLevel set to 0 on reset
21:03:02.04   GameInfo::ResetInfo - SyncLevel set to 0 on reset
21:03:02.04   GameInfo::ResetInfo - SyncLevel set to 0 on reset
21:03:02.04   GameInfo::ResetInfo - SyncLevel set to 0 on reset
21:03:02.04   GameInfo::ResetInfo - SyncLevel set to 0 on reset
21:03:02.04   GameInfo::ResetInfo - SyncLevel set to 0 on reset
21:03:02.04   GameInfo::ResetInfo - SyncLevel set to 0 on reset
21:03:02.04   GameInfo::ResetInfo - SyncLevel set to 0 on reset
21:03:02.04   GameInfo::ResetInfo - SyncLevel set to 0 on reset
21:03:02.04   GameInfo::ResetInfo - SyncLevel set to 0 on reset
21:03:02.04   GameInfo::ResetInfo - SyncLevel set to 0 on reset
21:03:02.04   GameInfo::ResetInfo - SyncLevel set to 0 on reset
21:03:02.04   GameInfo::ResetInfo - SyncLevel set to 0 on reset
21:03:02.04   GameInfo::ResetInfo - SyncLevel set to 0 on reset
21:03:02.04   GameInfo::ResetInfo - SyncLevel set to 0 on reset
21:03:02.04   GameInfo::ResetInfo - SyncLevel set to 0 on reset
21:03:02.04   GameInfo::ResetInfo - SyncLevel set to 0 on reset
21:03:02.04   GameInfo::ResetInfo - SyncLevel set to 0 on reset
21:03:02.05   GameInfo::ResetInfo - SyncLevel set to 0 on reset
21:03:02.05   GameInfo::ResetInfo - SyncLevel set to 0 on reset
21:03:02.05   GameInfo::ResetInfo - SyncLevel set to 0 on reset
21:03:02.05   GameInfo::ResetInfo - SyncLevel set to 0 on reset
21:03:02.05   GameInfo::ResetInfo - SyncLevel set to 0 on reset
21:03:02.05   GameInfo::ResetInfo - SyncLevel set to 0 on reset
21:03:02.05   GameInfo::ResetInfo - SyncLevel set to 0 on reset
21:03:02.05   GameInfo::ResetInfo - SyncLevel set to 0 on reset
21:03:02.05   GameInfo::ResetInfo - SyncLevel set to 0 on reset
21:03:02.05   GameInfo::ResetInfo - SyncLevel set to 0 on reset
21:03:02.05   GameInfo::ResetInfo - SyncLevel set to 0 on reset
21:03:02.05   GameInfo::ResetInfo - SyncLevel set to 0 on reset
21:03:02.06   RLINK -- SENDING FORCED ACK from Peer 8 to Peer 4 - timeSinceLastAckMS      60603, transmitAckLastTimeMS    4009215 | Peer ---E- M#00000000 Sack00000001 NSack00000000 (C0.0% S:0.0) [  ]
21:03:02.19   RLINK -- SENDING FORCED ACK from Peer 8 to Peer 9 - timeSinceLastAckMS      60725, transmitAckLastTimeMS    4009337 | Peer ---E- M#00000000 Sack00000001 NSack00000000 (C0.0% S:0.0) [  ]
21:03:02.31   RLINK -- SENDING FORCED ACK from Peer 8 to Peer 7 - timeSinceLastAckMS        334, transmitAckLastTimeMS    4009459 | Peer ---E- M#00000000 Sack00000005 NSack00000000 (C0.0% S:0.0) [  ]
21:03:02.43   RLINK -- SENDING FORCED ACK from Peer 8 to Peer 1 - timeSinceLastAckMS        455, transmitAckLastTimeMS    4009580 | Peer ---E- M#00000000 Sack00000127 NSack00000000 (C0.0% S:0.0) [  ]
21:03:02.43   RLINK -- SENDING FORCED ACK from Peer 8 to Peer 4 - timeSinceLastAckMS        365, transmitAckLastTimeMS    4009580 | Peer ---E- M#00000000 Sack00000002 NSack00000000 (C0.0% S:0.0) [  ]
21:03:02.43   RLINK -- SENDING FORCED ACK from Peer 8 to Peer 6 - timeSinceLastAckMS        607, transmitAckLastTimeMS    4009580 | Peer ---E- M#00000000 Sack00000014 NSack00000000 (C0.0% S:0.0) [  ]
21:03:02.55   RLINK -- [P#8] SrcP# 4 ignoring old retry: 1 expect: 3
21:03:02.58   RLINK -- SENDING FORCED ACK from Peer 8 to Peer 3 - timeSinceLastAckMS      61121, transmitAckLastTimeMS    4009733 | Peer ---E- M#00000000 Sack00000001 NSack00000000 (C0.0% S:0.0) [  ]
21:03:02.58   RLINK -- SENDING FORCED ACK from Peer 8 to Peer 7 - timeSinceLastAckMS        274, transmitAckLastTimeMS    4009733 | Peer ---E- M#00000000 Sack00000006 NSack00000000 (C0.0% S:0.0) [  ]
21:03:02.58   RLINK -- SENDING FORCED ACK from Peer 8 to Peer 9 - timeSinceLastAckMS        396, transmitAckLastTimeMS    4009733 | Peer ---E- M#00000000 Sack00000002 NSack00000000 (C0.0% S:0.0) [  ]
21:03:02.67   RLINK -- [P#8] SrcP# 9 ignoring old retry: 1 expect: 3
21:03:02.83   RLINK -- SENDING FORCED ACK from Peer 8 to Peer 1 - timeSinceLastAckMS        398, transmitAckLastTimeMS    4009978 | Peer ---E- M#00000000 Sack00000128 NSack00000000 (C0.0% S:0.0) [  ]
21:03:02.83   RLINK -- SENDING FORCED ACK from Peer 8 to Peer 2 - timeSinceLastAckMS      61366, transmitAckLastTimeMS    4009978 | Peer ---E- M#00000000 Sack00000006 NSack00000000 (C0.0% S:0.0) [  ]
21:03:02.83   RLINK -- SENDING FORCED ACK from Peer 8 to Peer 6 - timeSinceLastAckMS        398, transmitAckLastTimeMS    4009978 | Peer ---E- M#00000000 Sack00000015 NSack00000000 (C0.0% S:0.0) [  ]
21:03:02.86   RLINK -- SENDING FORCED ACK from Peer 8 to Peer 9 - timeSinceLastAckMS        275, transmitAckLastTimeMS    4010008 | Peer ---E- M#00000000 Sack00000003 NSack00000000 (C0.0% S:0.0) [  ]
21:03:02.95   RLINK -- SENDING FORCED ACK from Peer 8 to Peer 4 - timeSinceLastAckMS        518, transmitAckLastTimeMS    4010098 | Peer ---E- M#00000000 Sack00000003 NSack00000000 (C0.0% S:0.0) [  ]
21:03:02.95   RLINK -- SENDING FORCED ACK from Peer 8 to Peer 7 - timeSinceLastAckMS        365, transmitAckLastTimeMS    4010098 | Peer ---E- M#00000000 Sack00000007 NSack00000000 (C0.0% S:0.0) [  ]
21:03:03.04   RLINK -- [P#8] SrcP# 4 ignoring old retry: 2 expect: 4
21:03:03.04   RLINK -- [P#8] SrcP# 9 ignoring old retry: 2 expect: 4
21:03:03.07   RLINK -- SENDING FORCED ACK from Peer 8 to Peer 3 - timeSinceLastAckMS        489, transmitAckLastTimeMS    4010222 | Peer ---E- M#00000000 Sack00000002 NSack00000000 (C0.0% S:0.0) [  ]
21:03:03.10   RLINK -- SENDING FORCED ACK from Peer 8 to Peer 6 - timeSinceLastAckMS        274, transmitAckLastTimeMS    4010252 | Peer ---E- M#00000000 Sack00000016 NSack00000000 (C0.0% S:0.0) [  ]
21:03:03.19   RLINK -- SENDING FORCED ACK from Peer 8 to Peer 1 - timeSinceLastAckMS        364, transmitAckLastTimeMS    4010342 | Peer ---E- M#00000000 Sack00000129 NSack00000000 (C0.0% S:0.0) [  ]
21:03:03.19   RLINK -- SENDING FORCED ACK from Peer 8 to Peer 9 - timeSinceLastAckMS        335, transmitAckLastTimeMS    4010343 | Peer ---E- M#00000000 Sack00000004 NSack00000000 (C0.0% S:0.0) [  ]
21:03:03.28   RLINK -- [P#8] SrcP# 9 ignoring old retry: 3 expect: 5
21:03:03.31   RLINK -- SENDING FORCED ACK from Peer 8 to Peer 4 - timeSinceLastAckMS        365, transmitAckLastTimeMS    4010463 | Peer ---E- M#00000000 Sack00000004 NSack00000000 (C0.0% S:0.0) [  ]
21:03:03.31   RLINK -- SENDING FORCED ACK from Peer 8 to Peer 7 - timeSinceLastAckMS        365, transmitAckLastTimeMS    4010463 | Peer ---E- M#00000000 Sack00000008 NSack00000000 (C0.0% S:0.0) [  ]
21:03:03.40   RLINK -- [P#8] SrcP# 4 ignoring old retry: 3 expect: 5
21:03:03.44   RLINK -- SENDING FORCED ACK from Peer 8 to Peer 6 - timeSinceLastAckMS        334, transmitAckLastTimeMS    4010586 | Peer ---E- M#00000000 Sack00000017 NSack00000000 (C0.0% S:0.0) [  ]
21:03:03.47   RLINK -- SENDING FORCED ACK from Peer 8 to Peer 1 - timeSinceLastAckMS        274, transmitAckLastTimeMS    4010616 | Peer ---E- M#00000000 Sack00000130 NSack00000000 (C0.0% S:0.0) [  ]
21:03:03.56   RLINK -- SENDING FORCED ACK from Peer 8 to Peer 2 - timeSinceLastAckMS        731, transmitAckLastTimeMS    4010709 | Peer ---E- M#00000000 Sack00000007 NSack00000000 (C0.0% S:0.0) [  ]
21:03:03.56   RLINK -- SENDING FORCED ACK from Peer 8 to Peer 3 - timeSinceLastAckMS        487, transmitAckLastTimeMS    4010709 | Peer ---E- M#00000000 Sack00000003 NSack00000000 (C0.0% S:0.0) [  ]
21:03:03.56   RLINK -- SENDING FORCED ACK from Peer 8 to Peer 9 - timeSinceLastAckMS        366, transmitAckLastTimeMS    4010709 | Peer ---E- M#00000000 Sack00000005 NSack00000000 (C0.0% S:0.0) [  ]
21:03:03.58   GAME -- Ending FE
21:03:03.58   UIFrontEnd - Unloading Front End
21:03:03.59   RLINK -- SENDING FORCED ACK from Peer 8 to Peer 4 - timeSinceLastAckMS        277, transmitAckLastTimeMS    4010740 | Peer ---E- M#00000000 Sack00000005 NSack00000000 (C0.0% S:0.0) [  ]
21:03:03.59   RLINK -- SENDING FORCED ACK from Peer 8 to Peer 7 - timeSinceLastAckMS        277, transmitAckLastTimeMS    4010740 | Peer ---E- M#00000000 Sack00000009 NSack00000000 (C0.0% S:0.0) [  ]
21:03:03.61   SOUND -- Shutting down ...
21:03:03.70   SOUND -- Shutdown completed!
21:03:03.71   P2PNetworkSynchronization::RegisterPeer - info, registered remote station [1].
21:03:03.71   P2PNetworkSynchronization::RegisterPeer - info, registered remote station [2].
21:03:03.71   P2PNetworkSynchronization::RegisterPeer - info, registered remote station [3].
21:03:03.71   P2PNetworkSynchronization::RegisterPeer - info, registered remote station [4].
21:03:03.71   P2PNetworkSynchronization::RegisterPeer - info, registered remote station [6].
21:03:03.71   RLINK -- SENDING FORCED ACK from Peer 8 to Peer 6 - timeSinceLastAckMS        276, transmitAckLastTimeMS    4010862 | Peer ---E- M#00000000 Sack00000018 NSack00000000 (C0.0% S:0.0) [  ]
21:03:03.71   P2PNetworkSynchronization::RegisterPeer - info, registered remote station [7].
21:03:03.71   P2PNetworkSynchronization::RegisterPeer - info, registered local station [8].
21:03:03.71   P2PNetworkSynchronization::RegisterPeer - info, registered remote station [9].
21:03:03.71
21:03:03.71   GAME -- *** Beginning mission 8p_montargis region (8 Humans, 0 Computers) ***
21:03:03.71
21:03:03.71   GameObj::StartGameObj - info, network session GUID set to [{b1f36799-837f-439a-bfbd-e3174bb4122a}].
21:03:03.80   RLINK -- [P#8] SrcP# 4 ignoring old retry: 4 expect: 6
21:03:03.80   RLINK -- [P#8] SrcP# 9 ignoring old retry: 4 expect: 6
21:03:03.83   GAME -- Recording game
21:03:03.83   RLINK -- SENDING FORCED ACK from Peer 8 to Peer 1 - timeSinceLastAckMS        368, transmitAckLastTimeMS    4010984 | Peer ---E- M#00000000 Sack00000131 NSack00000000 (C0.0% S:0.0) [  ]
21:03:03.83   RLINK -- SENDING FORCED ACK from Peer 8 to Peer 9 - timeSinceLastAckMS        275, transmitAckLastTimeMS    4010984 | Peer ---E- M#00000000 Sack00000006 NSack00000000 (C0.0% S:0.0) [  ]
21:03:03.85   Activating screen: GameLoadScreen
21:03:03.86   RLINK -- NetworkManager::DispatchEvents() - Warning - Time between calls was 2680 ms
21:03:03.86   RLINK -- Accepted matchInfo updated 278 from host
21:03:03.86   RLINK -- WorldwideAutomatchService::OnStartComplete - detected successful game start
21:03:03.86   RLINK -- Match Started - [00000000:0012f8fa /steam/76561198263392865], slot =  0, ranking =   -1
21:03:03.86   RLINK -- Match Started - [00000000:00010a0c /steam/76561198042361155], slot =  1, ranking =   -1
21:03:03.86   RLINK -- Match Started - [00000000:0000bdee /steam/76561197965703854], slot =  2, ranking =   -1
21:03:03.86   RLINK -- Match Started - [00000000:0014eaa3 /steam/76561198330314774], slot =  3, ranking =   -1
21:03:03.86   RLINK -- Match Started - [00000000:001152ce /steam/76561198347028849], slot =  4, ranking =   -1
21:03:03.86   RLINK -- Match Started - [00000000:001b753c /steam/76561199168301212], slot =  5, ranking =   -1
21:03:03.86   RLINK -- Match Started - [00000000:000224a7 /steam/76561197975452220], slot =  6, ranking =   -1
21:03:03.86   RLINK -- Match Started - [00000000:001c3d6b /steam/76561199210795903], slot =  7, ranking =   -1
21:03:03.99   GameObjController - OnMatchEvent: event type 4
21:03:04.03   THREAD: Hyper-Threading Technology Processors are not detected.
21:03:04.05   RLINK -- [P#8] SrcP# 4 ignoring old retry: 5 expect: 7
21:03:04.05   RLINK -- [P#8] SrcP# 9 ignoring old retry: 5 expect: 7
21:03:04.07   SOUND -- Initializing ...
21:03:04.11   RLINK -- SENDING FORCED ACK from Peer 8 to Peer 3 - timeSinceLastAckMS        251, transmitAckLastTimeMS    4011257 | Peer ---E- M#00000000 Sack00000004 NSack00000000 (C0.0% S:0.0) [  ]
21:03:04.11   RLINK -- SENDING FORCED ACK from Peer 8 to Peer 4 - timeSinceLastAckMS        251, transmitAckLastTimeMS    4011257 | Peer ---E- M#00000000 Sack00000006 NSack00000000 (C0.0% S:0.0) [  ]
21:03:04.11   RLINK -- SENDING FORCED ACK from Peer 8 to Peer 6 - timeSinceLastAckMS        251, transmitAckLastTimeMS    4011257 | Peer ---E- M#00000000 Sack00000019 NSack00000000 (C0.0% S:0.0) [  ]
21:03:04.11   RLINK -- SENDING FORCED ACK from Peer 8 to Peer 7 - timeSinceLastAckMS        251, transmitAckLastTimeMS    4011257 | Peer ---E- M#00000000 Sack00000010 NSack00000000 (C0.0% S:0.0) [  ]
21:03:04.12   SOUND -- Initialization completed!
21:03:04.14   PHYSICS: detected processor(s) capable of handling 12 threads.
21:03:04.14   MOD -- Locating MOD for scenario 'DATA:scenarios\mp\classic\8p_montargis region\8p_montargis region'
21:03:04.14   MOD -- Using Mod 'RelicCOH'
21:03:04.16   Unable to load/parse precache file [DATA:scenarios\mp\classic\8p_montargis region\8p_montargis region_precache.lua]
21:03:04.29   RLINK -- [P#8] SrcP# 9 ignoring old retry: 6 expect: 8
21:03:04.38   RLINK -- SENDING FORCED ACK from Peer 8 to Peer 2 - timeSinceLastAckMS        253, transmitAckLastTimeMS    4011530 | Peer ---E- M#00000000 Sack00000008 NSack00000000 (C0.0% S:0.0) [  ]
21:03:04.38   RLINK -- SENDING FORCED ACK from Peer 8 to Peer 3 - timeSinceLastAckMS        253, transmitAckLastTimeMS    4011530 | Peer ---E- M#00000000 Sack00000005 NSack00000000 (C0.0% S:0.0) [  ]
21:03:04.38   RLINK -- SENDING FORCED ACK from Peer 8 to Peer 4 - timeSinceLastAckMS        253, transmitAckLastTimeMS    4011530 | Peer ---E- M#00000000 Sack00000007 NSack00000000 (C0.0% S:0.0) [  ]
21:03:04.38   RLINK -- SENDING FORCED ACK from Peer 8 to Peer 6 - timeSinceLastAckMS        253, transmitAckLastTimeMS    4011530 | Peer ---E- M#00000000 Sack00000020 NSack00000000 (C0.0% S:0.0) [  ]
21:03:04.38   RLINK -- SENDING FORCED ACK from Peer 8 to Peer 7 - timeSinceLastAckMS        253, transmitAckLastTimeMS    4011530 | Peer ---E- M#00000000 Sack00000011 NSack00000000 (C0.0% S:0.0) [  ]
21:03:04.38   RLINK -- SENDING FORCED ACK from Peer 8 to Peer 9 - timeSinceLastAckMS        253, transmitAckLastTimeMS    4011530 | Peer ---E- M#00000000 Sack00000007 NSack00000000 (C0.0% S:0.0) [  ]
21:03:04.41   RLINK -- [P#8] SrcP# 4 ignoring old retry: 6 expect: 8
21:03:04.44   RLINK -- SENDING FORCED ACK from Peer 8 to Peer 1 - timeSinceLastAckMS        315, transmitAckLastTimeMS    4011592 | Peer ---E- M#00000000 Sack00000133 NSack00000000 (C0.0% S:0.0) [  ]
21:03:04.52   GameObjLoader - upgrading load_count from 0 to 541
21:03:04.66   RLINK -- [P#8] SrcP# 4 ignoring old retry: 7 expect: 9
21:03:04.66   RLINK -- [P#8] SrcP# 9 ignoring old retry: 7 expect: 9
21:03:04.67   GameObjLoader - upgrading load_count from 541 to 1412
21:03:04.78   RLINK -- SENDING FORCED ACK from Peer 8 to Peer 1 - timeSinceLastAckMS        263, transmitAckLastTimeMS    4011931 | Peer ---E- M#00000000 Sack00000134 NSack00000000 (C0.0% S:0.0) [  ]
21:03:04.78   RLINK -- SENDING FORCED ACK from Peer 8 to Peer 3 - timeSinceLastAckMS        263, transmitAckLastTimeMS    4011931 | Peer ---E- M#00000000 Sack00000006 NSack00000000 (C0.0% S:0.0) [  ]
21:03:04.78   RLINK -- SENDING FORCED ACK from Peer 8 to Peer 4 - timeSinceLastAckMS        263, transmitAckLastTimeMS    4011931 | Peer ---E- M#00000000 Sack00000008 NSack00000000 (C0.0% S:0.0) [  ]
21:03:04.78   RLINK -- SENDING FORCED ACK from Peer 8 to Peer 6 - timeSinceLastAckMS        263, transmitAckLastTimeMS    4011931 | Peer ---E- M#00000000 Sack00000021 NSack00000000 (C0.0% S:0.0) [  ]
21:03:04.90   RLINK -- [P#8] SrcP# 9 ignoring old retry: 8 expect: 10
21:03:05.03   RLINK -- [P#8] SrcP# 4 ignoring old retry: 8 expect: 10
21:03:05.09   RLINK -- SENDING FORCED ACK from Peer 8 to Peer 1 - timeSinceLastAckMS        258, transmitAckLastTimeMS    4012237 | Peer ---E- M#00000000 Sack00000135 NSack00000000 (C0.0% S:0.0) [  ]
21:03:05.09   RLINK -- SENDING FORCED ACK from Peer 8 to Peer 3 - timeSinceLastAckMS        258, transmitAckLastTimeMS    4012237 | Peer ---E- M#00000000 Sack00000007 NSack00000000 (C0.0% S:0.0) [  ]
21:03:05.09   RLINK -- SENDING FORCED ACK from Peer 8 to Peer 6 - timeSinceLastAckMS        258, transmitAckLastTimeMS    4012237 | Peer ---E- M#00000000 Sack00000022 NSack00000000 (C0.0% S:0.0) [  ]
21:03:05.09   RLINK -- SENDING FORCED ACK from Peer 8 to Peer 7 - timeSinceLastAckMS        258, transmitAckLastTimeMS    4012237 | Peer ---E- M#00000000 Sack00000014 NSack00000000 (C0.0% S:0.0) [  ]
21:03:05.30   RLINK -- [P#8] SrcP# 4 ignoring old retry: 9 expect: 11
21:03:05.30   RLINK -- [P#8] SrcP# 9 ignoring old retry: 9 expect: 11
21:03:05.42   RLINK -- SENDING FORCED ACK from Peer 8 to Peer 1 - timeSinceLastAckMS        281, transmitAckLastTimeMS    4012573 | Peer ---E- M#00000000 Sack00000136 NSack00000000 (C0.0% S:0.0) [  ]
21:03:05.42   RLINK -- SENDING FORCED ACK from Peer 8 to Peer 3 - timeSinceLastAckMS        281, transmitAckLastTimeMS    4012573 | Peer ---E- M#00000000 Sack00000008 NSack00000000 (C0.0% S:0.0) [  ]
21:03:05.42   RLINK -- SENDING FORCED ACK from Peer 8 to Peer 4 - timeSinceLastAckMS        281, transmitAckLastTimeMS    4012573 | Peer ---E- M#00000000 Sack00000010 NSack00000000 (C0.0% S:0.0) [  ]
21:03:05.42   RLINK -- SENDING FORCED ACK from Peer 8 to Peer 6 - timeSinceLastAckMS        281, transmitAckLastTimeMS    4012573 | Peer ---E- M#00000000 Sack00000023 NSack00000000 (C0.0% S:0.0) [  ]
21:03:05.42   RLINK -- SENDING FORCED ACK from Peer 8 to Peer 9 - timeSinceLastAckMS        281, transmitAckLastTimeMS    4012573 | Peer ---E- M#00000000 Sack00000010 NSack00000000 (C0.0% S:0.0) [  ]
21:03:05.45   RLINK -- SENDING FORCED ACK from Peer 8 to Peer 2 - timeSinceLastAckMS        312, transmitAckLastTimeMS    4012604 | Peer ---E- M#00000000 Sack00000009 NSack00000000 (C0.0% S:0.0) [  ]
21:03:05.45   RLINK -- SENDING FORCED ACK from Peer 8 to Peer 7 - timeSinceLastAckMS        312, transmitAckLastTimeMS    4012604 | Peer ---E- M#00000000 Sack00000015 NSack00000000 (C0.0% S:0.0) [  ]
21:03:05.64   GameObjLoader - upgrading load_count from 1412 to 1441
21:03:05.67   RLINK -- [P#8] SrcP# 4 ignoring old retry: 10 expect: 12
21:03:05.67   RLINK -- [P#8] SrcP# 9 ignoring old retry: 10 expect: 12
21:03:05.73   RLINK -- SENDING FORCED ACK from Peer 8 to Peer 1 - timeSinceLastAckMS        256, transmitAckLastTimeMS    4012878 | Peer ---E- M#00000000 Sack00000137 NSack00000000 (C0.0% S:0.0) [  ]
21:03:05.73   RLINK -- SENDING FORCED ACK from Peer 8 to Peer 3 - timeSinceLastAckMS        256, transmitAckLastTimeMS    4012878 | Peer ---E- M#00000000 Sack00000009 NSack00000000 (C0.0% S:0.0) [  ]
21:03:05.91   RLINK -- [P#8] SrcP# 9 ignoring old retry: 11 expect: 13
21:03:06.06   RLINK -- SENDING FORCED ACK from Peer 8 to Peer 1 - timeSinceLastAckMS        272, transmitAckLastTimeMS    4013215 | Peer ---E- M#00000000 Sack00000138 NSack00000000 (C0.0% S:0.0) [  ]
21:03:06.06   RLINK -- SENDING FORCED ACK from Peer 8 to Peer 4 - timeSinceLastAckMS        272, transmitAckLastTimeMS    4013215 | Peer ---E- M#00000000 Sack00000013 NSack00000000 (C0.0% S:0.0) [  ]
21:03:06.06   RLINK -- SENDING FORCED ACK from Peer 8 to Peer 7 - timeSinceLastAckMS        272, transmitAckLastTimeMS    4013215 | Peer ---E- M#00000000 Sack00000017 NSack00000000 (C0.0% S:0.0) [  ]
21:03:06.06   RLINK -- SENDING FORCED ACK from Peer 8 to Peer 9 - timeSinceLastAckMS        272, transmitAckLastTimeMS    4013215 | Peer ---E- M#00000000 Sack00000013 NSack00000000 (C0.0% S:0.0) [  ]
21:03:06.16   RLINK -- [P#8] SrcP# 9 ignoring old retry: 12 expect: 14
21:03:06.37   RLINK -- SENDING FORCED ACK from Peer 8 to Peer 1 - timeSinceLastAckMS        270, transmitAckLastTimeMS    4013521 | Peer ---E- M#00000000 Sack00000139 NSack00000000 (C0.0% S:0.0) [  ]
21:03:06.37   RLINK -- SENDING FORCED ACK from Peer 8 to Peer 2 - timeSinceLastAckMS        270, transmitAckLastTimeMS    4013521 | Peer ---E- M#00000000 Sack00000011 NSack00000000 (C0.0% S:0.0) [  ]
21:03:06.37   RLINK -- SENDING FORCED ACK from Peer 8 to Peer 3 - timeSinceLastAckMS        270, transmitAckLastTimeMS    4013521 | Peer ---E- M#00000000 Sack00000011 NSack00000000 (C0.0% S:0.0) [  ]
21:03:06.37   RLINK -- SENDING FORCED ACK from Peer 8 to Peer 7 - timeSinceLastAckMS        270, transmitAckLastTimeMS    4013521 | Peer ---E- M#00000000 Sack00000018 NSack00000000 (C0.0% S:0.0) [  ]
21:03:06.37   RLINK -- SENDING FORCED ACK from Peer 8 to Peer 9 - timeSinceLastAckMS        270, transmitAckLastTimeMS    4013521 | Peer ---E- M#00000000 Sack00000014 NSack00000000 (C0.0% S:0.0) [  ]
21:03:06.55   RLINK -- [P#8] SrcP# 9 ignoring old retry: 13 expect: 15
21:03:06.57   GameObjLoader - upgrading load_count from 1441 to 4315
21:03:06.67   RLINK -- SENDING FORCED ACK from Peer 8 to Peer 1 - timeSinceLastAckMS        265, transmitAckLastTimeMS    4013824 | Peer ---E- M#00000000 Sack00000140 NSack00000000 (C0.0% S:0.0) [  ]
21:03:06.70   RLINK -- SENDING FORCED ACK from Peer 8 to Peer 2 - timeSinceLastAckMS        295, transmitAckLastTimeMS    4013854 | Peer ---E- M#00000000 Sack00000013 NSack00000000 (C0.0% S:0.0) [  ]
21:03:06.70   RLINK -- SENDING FORCED ACK from Peer 8 to Peer 6 - timeSinceLastAckMS        295, transmitAckLastTimeMS    4013854 | Peer ---E- M#00000000 Sack00000024 NSack00000000 (C0.0% S:0.0) [  ]
21:03:06.70   RLINK -- SENDING FORCED ACK from Peer 8 to Peer 7 - timeSinceLastAckMS        295, transmitAckLastTimeMS    4013854 | Peer ---E- M#00000000 Sack00000019 NSack00000000 (C0.0% S:0.0) [  ]
21:03:06.79   RLINK -- [P#8] SrcP# 9 ignoring old retry: 14 expect: 15
21:03:07.00   RLINK -- SENDING FORCED ACK from Peer 8 to Peer 1 - timeSinceLastAckMS        275, transmitAckLastTimeMS    4014154 | Peer ---E- M#00000000 Sack00000141 NSack00000000 (C0.0% S:0.0) [  ]
21:03:07.00   RLINK -- SENDING FORCED ACK from Peer 8 to Peer 3 - timeSinceLastAckMS        275, transmitAckLastTimeMS    4014154 | Peer ---E- M#00000000 Sack00000013 NSack00000000 (C0.0% S:0.0) [  ]
21:03:07.00   RLINK -- SENDING FORCED ACK from Peer 8 to Peer 7 - timeSinceLastAckMS        275, transmitAckLastTimeMS    4014154 | Peer ---E- M#00000000 Sack00000020 NSack00000000 (C0.0% S:0.0) [  ]
21:03:07.31   RLINK -- SENDING FORCED ACK from Peer 8 to Peer 1 - timeSinceLastAckMS        265, transmitAckLastTimeMS    4014460 | Peer ---E- M#00000000 Sack00000142 NSack00000000 (C0.0% S:0.0) [  ]
21:03:07.31   RLINK -- SENDING FORCED ACK from Peer 8 to Peer 7 - timeSinceLastAckMS        265, transmitAckLastTimeMS    4014460 | Peer ---E- M#00000000 Sack00000021 NSack00000000 (C0.0% S:0.0) [  ]
21:03:07.62   RLINK -- SENDING FORCED ACK from Peer 8 to Peer 1 - timeSinceLastAckMS        266, transmitAckLastTimeMS    4014767 | Peer ---E- M#00000000 Sack00000143 NSack00000000 (C0.0% S:0.0) [  ]
21:03:07.62   RLINK -- SENDING FORCED ACK from Peer 8 to Peer 2 - timeSinceLastAckMS        266, transmitAckLastTimeMS    4014767 | Peer ---E- M#00000000 Sack00000015 NSack00000000 (C0.0% S:0.0) [  ]
21:03:07.62   RLINK -- SENDING FORCED ACK from Peer 8 to Peer 3 - timeSinceLastAckMS        266, transmitAckLastTimeMS    4014767 | Peer ---E- M#00000000 Sack00000015 NSack00000000 (C0.0% S:0.0) [  ]
21:03:07.62   RLINK -- SENDING FORCED ACK from Peer 8 to Peer 7 - timeSinceLastAckMS        266, transmitAckLastTimeMS    4014767 | Peer ---E- M#00000000 Sack00000022 NSack00000000 (C0.0% S:0.0) [  ]
21:03:07.92   RLINK -- SENDING FORCED ACK from Peer 8 to Peer 2 - timeSinceLastAckMS        256, transmitAckLastTimeMS    4015072 | Peer ---E- M#00000000 Sack00000016 NSack00000000 (C0.0% S:0.0) [  ]
21:03:07.92   RLINK -- SENDING FORCED ACK from Peer 8 to Peer 3 - timeSinceLastAckMS        256, transmitAckLastTimeMS    4015072 | Peer ---E- M#00000000 Sack00000016 NSack00000000 (C0.0% S:0.0) [  ]
21:03:07.92   RLINK -- SENDING FORCED ACK from Peer 8 to Peer 6 - timeSinceLastAckMS        256, transmitAckLastTimeMS    4015072 | Peer ---E- M#00000000 Sack00000025 NSack00000000 (C0.0% S:0.0) [  ]
21:03:07.92   RLINK -- SENDING FORCED ACK from Peer 8 to Peer 9 - timeSinceLastAckMS        256, transmitAckLastTimeMS    4015072 | Peer ---E- M#00000000 Sack00000015 NSack00000000 (C0.0% S:0.0) [  ]
21:03:07.95   RLINK -- SENDING FORCED ACK from Peer 8 to Peer 1 - timeSinceLastAckMS        286, transmitAckLastTimeMS    4015102 | Peer ---E- M#00000000 Sack00000144 NSack00000000 (C0.0% S:0.0) [  ]
21:03:07.95   RLINK -- SENDING FORCED ACK from Peer 8 to Peer 7 - timeSinceLastAckMS        286, transmitAckLastTimeMS    4015102 | Peer ---E- M#00000000 Sack00000023 NSack00000000 (C0.0% S:0.0) [  ]
21:03:07.97   GameObjLoader 16e79880 - resetting counters
21:03:07.97   GameObjLoader 16e79880 - LOAD_DONE
21:03:07.98   GAME - SessionSetup
21:03:08.00   CommandBPDatabase - Unable to register function [splat_attach] due to missing CommandBP.
21:03:08.00   TERRAINTEXTURE -- compositor added RenderTarget [0] of size 1024 x 1024
21:03:08.00   TERRAINTEXTURE -- compositor added RenderTarget [1] of size 1024 x 1024
21:03:08.22   RLINK -- SENDING FORCED ACK from Peer 8 to Peer 2 - timeSinceLastAckMS        252, transmitAckLastTimeMS    4015376 | Peer ---E- M#00000000 Sack00000017 NSack00000000 (C0.0% S:0.0) [  ]
21:03:08.22   RLINK -- SENDING FORCED ACK from Peer 8 to Peer 3 - timeSinceLastAckMS        252, transmitAckLastTimeMS    4015376 | Peer ---E- M#00000000 Sack00000017 NSack00000000 (C0.0% S:0.0) [  ]
21:03:08.22   RLINK -- SENDING FORCED ACK from Peer 8 to Peer 6 - timeSinceLastAckMS        252, transmitAckLastTimeMS    4015376 | Peer ---E- M#00000000 Sack00000026 NSack00000000 (C0.0% S:0.0) [  ]
21:03:08.22   RLINK -- SENDING FORCED ACK from Peer 8 to Peer 7 - timeSinceLastAckMS        252, transmitAckLastTimeMS    4015376 | Peer ---E- M#00000000 Sack00000024 NSack00000000 (C0.0% S:0.0) [  ]
21:03:08.29   RLINK -- [P#8] SrcP# 9 ignoring old retry: 15 expect: 16
21:03:08.32   RLINK -- SENDING FORCED ACK from Peer 8 to Peer 4 - timeSinceLastAckMS        345, transmitAckLastTimeMS    4015469 | Peer ---E- M#00000000 Sack00000015 NSack00000000 (C0.0% S:0.0) [  ]
21:03:08.50   RLINK -- SENDING FORCED ACK from Peer 8 to Peer 2 - timeSinceLastAckMS        276, transmitAckLastTimeMS    4015652 | Peer ---E- M#00000000 Sack00000018 NSack00000000 (C0.0% S:0.0) [  ]
21:03:08.50   RLINK -- SENDING FORCED ACK from Peer 8 to Peer 6 - timeSinceLastAckMS        276, transmitAckLastTimeMS    4015652 | Peer ---E- M#00000000 Sack00000027 NSack00000000 (C0.0% S:0.0) [  ]
21:03:08.56   RLINK -- SENDING FORCED ACK from Peer 8 to Peer 7 - timeSinceLastAckMS        336, transmitAckLastTimeMS    4015712 | Peer ---E- M#00000000 Sack00000025 NSack00000000 (C0.0% S:0.0) [  ]
21:03:08.78   RLINK -- SENDING FORCED ACK from Peer 8 to Peer 2 - timeSinceLastAckMS        276, transmitAckLastTimeMS    4015928 | Peer ---E- M#00000000 Sack00000019 NSack00000000 (C0.0% S:0.0) [  ]
21:03:08.81   RLINK -- SENDING FORCED ACK from Peer 8 to Peer 9 - timeSinceLastAckMS        835, transmitAckLastTimeMS    4015959 | Peer ---E- M#00000000 Sack00000016 NSack00000000 (C0.0% S:0.0) [  ]
21:03:08.84   RLINK -- SENDING FORCED ACK from Peer 8 to Peer 7 - timeSinceLastAckMS        278, transmitAckLastTimeMS    4015990 | Peer ---E- M#00000000 Sack00000026 NSack00000000 (C0.0% S:0.0) [  ]
21:03:09.05   RLINK -- SENDING FORCED ACK from Peer 8 to Peer 2 - timeSinceLastAckMS        275, transmitAckLastTimeMS    4016203 | Peer ---E- M#00000000 Sack00000020 NSack00000000 (C0.0% S:0.0) [  ]
21:03:09.06   GAME - CreateGEWorld in 1080 ms
21:03:09.08   RLINK -- SENDING FORCED ACK from Peer 8 to Peer 6 - timeSinceLastAckMS        581, transmitAckLastTimeMS    4016233 | Peer ---E- M#00000000 Sack00000028 NSack00000000 (C0.0% S:0.0) [  ]
21:03:09.10   GAME - SessionSetup finished in 1125 ms
21:03:09.10   RLINK -- Asked to remove user 00000000:00010a0c :/steam/76561198042361155 that doesn't exist
21:03:09.10   RLINK -- Asked to remove user 00000000:0012f8fa :/steam/76561198263392865 that doesn't exist
21:03:09.10   RLINK -- Asked to remove user 00000000:0014eaa3 :/steam/76561198330314774 that doesn't exist
21:03:09.10   RLINK -- Asked to remove user 00000000:0000bdee :/steam/76561197965703854 that doesn't exist
21:03:09.10   RLINK -- Asked to remove user 00000000:001152ce :/steam/76561198347028849 that doesn't exist
21:03:09.10   RLINK -- Asked to remove user 00000000:000224a7 :/steam/76561197975452220 that doesn't exist
21:03:09.11   GAME - WaterReflectionManagerSetup
21:03:09.11   GAME - WaterReflectionManagerSetup finished in 0 ms
21:03:09.15   Regenerating ImpassMap data...
21:03:09.15       Impass Data was already valid, but regenerating...
21:03:09.36   RLINK -- SENDING FORCED ACK from Peer 8 to Peer 2 - timeSinceLastAckMS        256, transmitAckLastTimeMS    4016508 | Peer ---E- M#00000000 Sack00000021 NSack00000000 (C0.0% S:0.0) [  ]
21:03:09.36   RLINK -- SENDING FORCED ACK from Peer 8 to Peer 6 - timeSinceLastAckMS        256, transmitAckLastTimeMS    4016508 | Peer ---E- M#00000000 Sack00000029 NSack00000000 (C0.0% S:0.0) [  ]
21:03:09.36   RLINK -- SENDING FORCED ACK from Peer 8 to Peer 9 - timeSinceLastAckMS        256, transmitAckLastTimeMS    4016508 | Peer ---E- M#00000000 Sack00000017 NSack00000000 (C0.0% S:0.0) [  ]
21:03:09.41   Generating CanBuild Map.  THIS SHOULD ONLY HAPPEN IN WORLDBUILDER!  IF YOU SEE THIS IN GAME, RE-SAVE THE MAP!
21:03:09.41   Regenerating CanBuildMap data...
21:03:09.41   Generating CanShoot Map.
21:03:09.41   Pathfinder::Regenerate()...
21:03:09.44   Generating PathSectorMap...
21:03:09.57   RLINK -- SENDING FORCED ACK from Peer 8 to Peer 3 - timeSinceLastAckMS        469, transmitAckLastTimeMS    4016721 | Peer ---E- M#00000000 Sack00000018 NSack00000000 (C0.0% S:0.0) [  ]
21:03:09.63   RLINK -- SENDING FORCED ACK from Peer 8 to Peer 9 - timeSinceLastAckMS        274, transmitAckLastTimeMS    4016782 | Peer ---E- M#00000000 Sack00000018 NSack00000000 (C0.0% S:0.0) [  ]
21:03:09.69   RLINK -- SENDING FORCED ACK from Peer 8 to Peer 2 - timeSinceLastAckMS        335, transmitAckLastTimeMS    4016843 | Peer ---E- M#00000000 Sack00000022 NSack00000000 (C0.0% S:0.0) [  ]
21:03:09.79   Pathfinder::Regenerate() Done.
21:03:09.82   ModWorld::LoadWinCondition: - [DATA:Scar/WinConditions/ZANNIHILATE.SCAR] succeeded.
21:03:09.94   RLINK -- SENDING FORCED ACK from Peer 8 to Peer 3 - timeSinceLastAckMS        368, transmitAckLastTimeMS    4017089 | Peer ---E- M#00000000 Sack00000019 NSack00000000 (C0.0% S:0.0) [  ]
21:03:09.97   RLINK -- SENDING FORCED ACK from Peer 8 to Peer 2 - timeSinceLastAckMS        277, transmitAckLastTimeMS    4017120 | Peer ---E- M#00000000 Sack00000023 NSack00000000 (C0.0% S:0.0) [  ]
21:03:10.06   RLINK -- SENDING FORCED ACK from Peer 8 to Peer 9 - timeSinceLastAckMS        429, transmitAckLastTimeMS    4017211 | Peer ---E- M#00000000 Sack00000020 NSack00000000 (C0.0% S:0.0) [  ]
21:03:10.34   RLINK -- SENDING FORCED ACK from Peer 8 to Peer 2 - timeSinceLastAckMS        367, transmitAckLastTimeMS    4017487 | Peer ---E- M#00000000 Sack00000024 NSack00000000 (C0.0% S:0.0) [  ]
21:03:10.34   RLINK -- SENDING FORCED ACK from Peer 8 to Peer 4 - timeSinceLastAckMS       1236, transmitAckLastTimeMS    4017488 | Peer ---E- M#00000000 Sack00000016 NSack00000000 (C0.0% S:0.0) [  ]
21:03:10.48   LoadArbitrator::UpdateLoadProgress - info, player "[0:6]" finished loading with checksum [2204872956].
21:03:10.48   LoadArbitrator::UpdateLoadProgress - info, player "[0:9]" finished loading with checksum [2204872956].
21:03:10.57   MOD UI - Invalid key combo (event_cue_cycle) found in data:game/keydefaults.lua.  Use format "CTRL+SHIFT+A"
21:03:10.65   Invalid hotkey (event_cue_cycle) in binding 'static_hotkey_bindings_child21'.
21:03:10.65   BindingsSystem -- Cannot create binding.  Unknown type 'repair_radius_circle'
21:03:10.65   BindingsSystem -- Cannot create binding.  Unknown type 'repair_radius_circle'
21:03:10.65   BindingsSystem -- Cannot create binding.  Unknown type 'repair_radius_circle'
21:03:10.65   BindingsSystem -- Cannot create binding.  Unknown type 'repair_radius_circle'
21:03:10.65   BindingsSystem -- Cannot create binding.  Unknown type 'repair_radius_circle'
21:03:10.70   SPEECHMANAGER -- Loaded in 0.042003 seconds
21:03:10.74   RLINK -- SENDING FORCED ACK from Peer 8 to Peer 2 - timeSinceLastAckMS        256, transmitAckLastTimeMS    4017887 | Peer ---E- M#00000000 Sack00000025 NSack00000000 (C0.0% S:0.0) [  ]
21:03:10.92   LoadArbitrator::UpdateLoadProgress - info, player "[0:6]" finished loading with checksum [2204872956].
21:03:11.12   GameObjLoader - upgrading load_count from 0 to 372
21:03:11.19   RLINK -- SENDING FORCED ACK from Peer 8 to Peer 2 - timeSinceLastAckMS        276, transmitAckLastTimeMS    4018342 | Peer ---E- M#00000000 Sack00000027 NSack00000000 (C0.0% S:0.0) [  ]
21:03:11.19   RLINK -- SENDING FORCED ACK from Peer 8 to Peer 4 - timeSinceLastAckMS        276, transmitAckLastTimeMS    4018342 | Peer ---E- M#00000000 Sack00000017 NSack00000000 (C0.0% S:0.0) [  ]
21:03:11.19   RLINK -- SENDING FORCED ACK from Peer 8 to Peer 6 - timeSinceLastAckMS        276, transmitAckLastTimeMS    4018342 | Peer ---E- M#00000000 Sack00000030 NSack00000000 (C0.0% S:0.0) [  ]
21:03:11.19   RLINK -- SENDING FORCED ACK from Peer 8 to Peer 9 - timeSinceLastAckMS        276, transmitAckLastTimeMS    4018342 | Peer ---E- M#00000000 Sack00000021 NSack00000000 (C0.0% S:0.0) [  ]
21:03:11.27   GameObjLoader 16e79600 - resetting counters
21:03:11.27   GameObjLoader 16e79600 - LOAD_DONE
21:03:11.27   LoadArbitrator::UpdateLoadProgress - info, player "[0:9]" finished loading with checksum [2204872956].
21:03:11.53   RLINK -- SENDING FORCED ACK from Peer 8 to Peer 4 - timeSinceLastAckMS        255, transmitAckLastTimeMS    4018678 | Peer ---E- M#00000000 Sack00000018 NSack00000000 (C0.0% S:0.0) [  ]
21:03:11.80   RLINK -- SENDING FORCED ACK from Peer 8 to Peer 3 - timeSinceLastAckMS        272, transmitAckLastTimeMS    4018953 | Peer ---E- M#00000000 Sack00000020 NSack00000000 (C0.0% S:0.0) [  ]
21:03:11.83   RLINK -- SENDING FORCED ACK from Peer 8 to Peer 2 - timeSinceLastAckMS        302, transmitAckLastTimeMS    4018983 | Peer ---E- M#00000000 Sack00000029 NSack00000000 (C0.0% S:0.0) [  ]
21:03:11.87   PreloadResources took 341ms.
21:03:11.89   GAME -- Loading completed (8 seconds)
21:03:11.89   SIM -- Setting SyncErrorChecking level to Low
21:03:11.93   LoadArbitrator::UpdateLoadProgress - info, player "[0:8]" finished loading with checksum [2204872956].
21:03:12.19   RLINK -- SENDING FORCED ACK from Peer 8 to Peer 2 - timeSinceLastAckMS        262, transmitAckLastTimeMS    4019345 | Peer ---E- M#00000000 Sack00000030 NSack00000000 (C0.0% S:0.0) [  ]
21:03:12.32   RLINK -- SENDING FORCED ACK from Peer 8 to Peer 3 - timeSinceLastAckMS        384, transmitAckLastTimeMS    4019467 | Peer ---E- M#00000000 Sack00000021 NSack00000000 (C0.0% S:0.0) [  ]
21:03:12.32   RLINK -- SENDING FORCED ACK from Peer 8 to Peer 4 - timeSinceLastAckMS        384, transmitAckLastTimeMS    4019467 | Peer ---E- M#00000000 Sack00000020 NSack00000000 (C0.0% S:0.0) [  ]
21:03:12.42   LoadArbitrator::UpdateLoadProgress - info, player "[0:4]" finished loading with checksum [2204872956].
21:03:12.44   RLINK -- SENDING FORCED ACK from Peer 8 to Peer 1 - timeSinceLastAckMS        508, transmitAckLastTimeMS    4019591 | Peer ---E- M#00000000 Sack00000145 NSack00000000 (C0.0% S:0.0) [  ]
21:03:12.59   RLINK -- SENDING FORCED ACK from Peer 8 to Peer 4 - timeSinceLastAckMS        276, transmitAckLastTimeMS    4019743 | Peer ---E- M#00000000 Sack00000021 NSack00000000 (C0.0% S:0.0) [  ]
21:03:12.69   RLINK -- SENDING FORCED ACK from Peer 8 to Peer 3 - timeSinceLastAckMS        369, transmitAckLastTimeMS    4019836 | Peer ---E- M#00000000 Sack00000022 NSack00000000 (C0.0% S:0.0) [  ]
21:03:12.94   LoadArbitrator::UpdateLoadProgress - info, player "[0:6]" finished loading with checksum [2204872956].
21:03:12.96   RLINK -- SENDING FORCED ACK from Peer 8 to Peer 6 - timeSinceLastAckMS       1028, transmitAckLastTimeMS    4020111 | Peer ---E- M#00000000 Sack00000031 NSack00000000 (C0.0% S:0.0) [  ]
21:03:13.00   LoadArbitrator::UpdateLoadProgress - info, player "[0:8]" finished loading with checksum [2204872956].
21:03:13.18   LoadArbitrator::UpdateLoadProgress - info, player "[0:9]" finished loading with checksum [2204872956].
21:03:13.26   RLINK -- SENDING FORCED ACK from Peer 8 to Peer 3 - timeSinceLastAckMS        260, transmitAckLastTimeMS    4020415 | Peer ---E- M#00000000 Sack00000023 NSack00000000 (C0.0% S:0.0) [  ]
21:03:13.26   RLINK -- SENDING FORCED ACK from Peer 8 to Peer 9 - timeSinceLastAckMS        260, transmitAckLastTimeMS    4020415 | Peer ---E- M#00000000 Sack00000022 NSack00000000 (C0.0% S:0.0) [  ]
21:03:13.54   RLINK -- SENDING FORCED ACK from Peer 8 to Peer 3 - timeSinceLastAckMS        272, transmitAckLastTimeMS    4020687 | Peer ---E- M#00000000 Sack00000024 NSack00000000 (C0.0% S:0.0) [  ]
21:03:13.81   RLINK -- SENDING FORCED ACK from Peer 8 to Peer 3 - timeSinceLastAckMS        273, transmitAckLastTimeMS    4020960 | Peer ---E- M#00000000 Sack00000025 NSack00000000 (C0.0% S:0.0) [  ]
21:03:13.94   LoadArbitrator::UpdateLoadProgress - info, player "[0:3]" finished loading with checksum [2204872956].
21:03:14.06   LoadArbitrator::UpdateLoadProgress - info, player "[0:4]" finished loading with checksum [2204872956].
21:03:14.08   RLINK -- SENDING FORCED ACK from Peer 8 to Peer 3 - timeSinceLastAckMS        271, transmitAckLastTimeMS    4021231 | Peer ---E- M#00000000 Sack00000026 NSack00000000 (C0.0% S:0.0) [  ]
21:03:14.08   RLINK -- SENDING FORCED ACK from Peer 8 to Peer 4 - timeSinceLastAckMS       1076, transmitAckLastTimeMS    4021231 | Peer ---E- M#00000000 Sack00000022 NSack00000000 (C0.0% S:0.0) [  ]
21:03:14.92   LoadArbitrator::UpdateLoadProgress - info, player "[0:6]" finished loading with checksum [2204872956].
21:03:14.94   RLINK -- SENDING FORCED ACK from Peer 8 to Peer 6 - timeSinceLastAckMS       1935, transmitAckLastTimeMS    4022090 | Peer ---E- M#00000000 Sack00000032 NSack00000000 (C0.0% S:0.0) [  ]
21:03:15.00   LoadArbitrator::UpdateLoadProgress - info, player "[0:8]" finished loading with checksum [2204872956].
21:03:15.19   LoadArbitrator::UpdateLoadProgress - info, player "[0:9]" finished loading with checksum [2204872956].
21:03:15.27   RLINK -- SENDING FORCED ACK from Peer 8 to Peer 7 - timeSinceLastAckMS        266, transmitAckLastTimeMS    4022421 | Peer ---E- M#00000000 Sack00000028 NSack00000000 (C0.0% S:0.0) [  ]
21:03:15.27   RLINK -- SENDING FORCED ACK from Peer 8 to Peer 9 - timeSinceLastAckMS        266, transmitAckLastTimeMS    4022421 | Peer ---E- M#00000000 Sack00000023 NSack00000000 (C0.0% S:0.0) [  ]
21:03:15.55   RLINK -- SENDING FORCED ACK from Peer 8 to Peer 7 - timeSinceLastAckMS        275, transmitAckLastTimeMS    4022696 | Peer ---E- M#00000000 Sack00000029 NSack00000000 (C0.0% S:0.0) [  ]
21:03:15.67   LoadArbitrator::UpdateLoadProgress - info, player "[0:3]" finished loading with checksum [2204872956].
21:03:15.70   RLINK -- SENDING FORCED ACK from Peer 8 to Peer 3 - timeSinceLastAckMS        692, transmitAckLastTimeMS    4022847 | Peer ---E- M#00000000 Sack00000027 NSack00000000 (C0.0% S:0.0) [  ]
21:03:15.82   RLINK -- SENDING FORCED ACK from Peer 8 to Peer 7 - timeSinceLastAckMS        272, transmitAckLastTimeMS    4022968 | Peer ---E- M#00000000 Sack00000030 NSack00000000 (C0.0% S:0.0) [  ]
21:03:16.04   LoadArbitrator::UpdateLoadProgress - info, player "[0:4]" finished loading with checksum [2204872956].
21:03:16.06   RLINK -- SENDING FORCED ACK from Peer 8 to Peer 4 - timeSinceLastAckMS       1055, transmitAckLastTimeMS    4023210 | Peer ---E- M#00000000 Sack00000023 NSack00000000 (C0.0% S:0.0) [  ]
21:03:16.21   RLINK -- SENDING FORCED ACK from Peer 8 to Peer 7 - timeSinceLastAckMS        394, transmitAckLastTimeMS    4023362 | Peer ---E- M#00000000 Sack00000031 NSack00000000 (C0.0% S:0.0) [  ]
21:03:16.92   LoadArbitrator::UpdateLoadProgress - info, player "[0:6]" finished loading with checksum [2204872956].
21:03:16.94   RLINK -- SENDING FORCED ACK from Peer 8 to Peer 6 - timeSinceLastAckMS       1941, transmitAckLastTimeMS    4024096 | Peer ---E- M#00000000 Sack00000033 NSack00000000 (C0.0% S:0.0) [  ]
21:03:17.01   LoadArbitrator::UpdateLoadProgress - info, player "[0:8]" finished loading with checksum [2204872956].
21:03:17.01   RLINK -- local      PeerID 8 LOCL ack=  0 (  0ms~0) unack=  0, retry=  0, highwaterOOS=0 (ip=WINaddr:192.168.50.236:6112;), pending=0, dead=0, RS#=0/0
21:03:17.01   RLINK --       host PeerID 1 RELY ack=164 (535ms~91) unack=  1, retry=  0, highwaterOOS=4 (ip=WINaddr:192.168.10.3:6112;), pending=0, dead=0, RS#=163/164
21:03:17.01   RLINK --            PeerID 2 RELY ack= 28 (559ms~92) unack=  1, retry=  0, highwaterOOS=0 (ip=WINaddr:192.168.1.146:6112;), pending=0, dead=0, RS#=28/29
21:03:17.01   RLINK --            PeerID 3 RELY ack= 28 (540ms~94) unack=  1, retry=  0, highwaterOOS=0 (ip=WINaddr:192.168.1.107:6112;), pending=0, dead=0, RS#=28/29
21:03:17.01   RLINK --            PeerID 4 RELY ack= 28 (531ms~103) unack=  1, retry=  0, highwaterOOS=0 (ip=WINaddr:192.168.1.42:6112;), pending=0, dead=0, RS#=28/29
21:03:17.01   RLINK --            PeerID 6 RELY ack= 28 (536ms~90) unack=  1, retry=  0, highwaterOOS=0 (ip=WINaddr:192.168.1.33:6112;), pending=0, dead=0, RS#=28/29
21:03:17.01   RLINK --            PeerID 7 RELY ack= 28 (622ms~154) unack=  1, retry=  0, highwaterOOS=0 (ip=WINaddr:192.168.1.106:6112;), pending=0, dead=0, RS#=28/29
21:03:17.01   RLINK --            PeerID 9 RELY ack= 28 (582ms~69) unack=  1, retry=  0, highwaterOOS=0 (ip=WINaddr:192.168.1.43:6112;), pending=0, dead=0, RS#=28/29
21:03:17.01   RLINK -- MessageCounts: inval=0/0, seek=0/0, join=0/0, ichk=0/0, sk_r=0/0, deny=0/0, Padd=0/0, Pdel=0/0, drop=0/0, data=241/246, mdat=0/0, voip=0/0, rchk=0/0, nudg=8/10, Thdr=0/0, Peer=439/441, PPrx=204/862, ping=0/0, Pfrg=0/0, rely=8/5, lb_p=2/2, lb_c=0/0, cast=0/0, cdat=0/0, sorq1=0/0, sorp=0/0, acto=0/0, spob=0/0, sorq2=0/0
21:03:17.17   LoadArbitrator::UpdateLoadProgress - info, player "[0:9]" finished loading with checksum [2204872956].
21:03:17.28   RLINK -- SENDING FORCED ACK from Peer 8 to Peer 7 - timeSinceLastAckMS        277, transmitAckLastTimeMS    4024434 | Peer ---E- M#00000000 Sack00000032 NSack00000000 (C0.0% S:0.0) [  ]
21:03:17.28   RLINK -- SENDING FORCED ACK from Peer 8 to Peer 9 - timeSinceLastAckMS        277, transmitAckLastTimeMS    4024434 | Peer ---E- M#00000000 Sack00000024 NSack00000000 (C0.0% S:0.0) [  ]
21:03:17.29   LoadArbitrator::UpdateLoadProgress - info, player "[0:7]" finished loading with checksum [2204872956].
21:03:17.56   RLINK -- SENDING FORCED ACK from Peer 8 to Peer 7 - timeSinceLastAckMS        274, transmitAckLastTimeMS    4024708 | Peer ---E- M#00000000 Sack00000033 NSack00000000 (C0.0% S:0.0) [  ]
21:03:17.69   LoadArbitrator::UpdateLoadProgress - info, player "[0:3]" finished loading with checksum [2204872956].
21:03:17.71   RLINK -- SENDING FORCED ACK from Peer 8 to Peer 3 - timeSinceLastAckMS        701, transmitAckLastTimeMS    4024858 | Peer ---E- M#00000000 Sack00000028 NSack00000000 (C0.0% S:0.0) [  ]
21:03:17.95   RLINK -- SENDING FORCED ACK from Peer 8 to Peer 1 - timeSinceLastAckMS        946, transmitAckLastTimeMS    4025103 | Peer ---E- M#00000000 Sack00000146 NSack00000000 (C0.0% S:0.0) [  ]
21:03:18.05   LoadArbitrator::UpdateLoadProgress - info, player "[0:4]" finished loading with checksum [2204872956].
21:03:18.07   RLINK -- SENDING FORCED ACK from Peer 8 to Peer 2 - timeSinceLastAckMS       1067, transmitAckLastTimeMS    4025224 | Peer ---E- M#00000000 Sack00000031 NSack00000000 (C0.0% S:0.0) [  ]
21:03:18.07   RLINK -- SENDING FORCED ACK from Peer 8 to Peer 4 - timeSinceLastAckMS       1067, transmitAckLastTimeMS    4025224 | Peer ---E- M#00000000 Sack00000024 NSack00000000 (C0.0% S:0.0) [  ]
21:03:18.29   LoadArbitrator::UpdateLoadProgress - info, player "[0:7]" finished loading with checksum [2204872956].
21:03:18.32   RLINK -- SENDING FORCED ACK from Peer 8 to Peer 7 - timeSinceLastAckMS        761, transmitAckLastTimeMS    4025469 | Peer ---E- M#00000000 Sack00000034 NSack00000000 (C0.0% S:0.0) [  ]
21:03:18.35   RLINK -- SENDING FORCED ACK from Peer 8 to Peer 2 - timeSinceLastAckMS        277, transmitAckLastTimeMS    4025501 | Peer ---E- M#00000000 Sack00000032 NSack00000000 (C0.0% S:0.0) [  ]
21:03:18.44   RLINK -- SENDING FORCED ACK from Peer 8 to Peer 1 - timeSinceLastAckMS        489, transmitAckLastTimeMS    4025592 | Peer ---E- M#00000000 Sack00000147 NSack00000000 (C0.0% S:0.0) [  ]
21:03:18.84   RLINK -- SENDING FORCED ACK from Peer 8 to Peer 1 - timeSinceLastAckMS        397, transmitAckLastTimeMS    4025989 | Peer ---E- M#00000000 Sack00000148 NSack00000000 (C0.0% S:0.0) [  ]
21:03:18.94   LoadArbitrator::UpdateLoadProgress - info, player "[0:6]" finished loading with checksum [2204872956].
21:03:18.96   RLINK -- SENDING FORCED ACK from Peer 8 to Peer 6 - timeSinceLastAckMS       1953, transmitAckLastTimeMS    4026110 | Peer ---E- M#00000000 Sack00000034 NSack00000000 (C0.0% S:0.0) [  ]
21:03:19.00   LoadArbitrator::UpdateLoadProgress - info, player "[0:8]" finished loading with checksum [2204872956].
21:03:19.18   LoadArbitrator::UpdateLoadProgress - info, player "[0:9]" finished loading with checksum [2204872956].
21:03:19.26   RLINK -- SENDING FORCED ACK from Peer 8 to Peer 9 - timeSinceLastAckMS        264, transmitAckLastTimeMS    4026412 | Peer ---E- M#00000000 Sack00000025 NSack00000000 (C0.0% S:0.0) [  ]
21:03:19.67   LoadArbitrator::UpdateLoadProgress - info, player "[0:3]" finished loading with checksum [2204872956].
21:03:19.69   RLINK -- SENDING FORCED ACK from Peer 8 to Peer 3 - timeSinceLastAckMS        693, transmitAckLastTimeMS    4026841 | Peer ---E- M#00000000 Sack00000029 NSack00000000 (C0.0% S:0.0) [  ]
21:03:20.07   LoadArbitrator::UpdateLoadProgress - info, player "[0:4]" finished loading with checksum [2204872956].
21:03:20.09   RLINK -- SENDING FORCED ACK from Peer 8 to Peer 4 - timeSinceLastAckMS       1091, transmitAckLastTimeMS    4027239 | Peer ---E- M#00000000 Sack00000025 NSack00000000 (C0.0% S:0.0) [  ]
21:03:20.21   RLINK -- SENDING FORCED ACK from Peer 8 to Peer 1 - timeSinceLastAckMS       1211, transmitAckLastTimeMS    4027359 | Peer ---E- M#00000000 Sack00000149 NSack00000000 (C0.0% S:0.0) [  ]
21:03:20.31   LoadArbitrator::UpdateLoadProgress - info, player "[0:1]" finished loading with checksum [2204872956].
21:03:20.31   LoadArbitrator::UpdateLoadProgress - info, player "[0:7]" finished loading with checksum [2204872956].
21:03:20.33   RLINK -- SENDING FORCED ACK from Peer 8 to Peer 7 - timeSinceLastAckMS       1333, transmitAckLastTimeMS    4027481 | Peer ---E- M#00000000 Sack00000035 NSack00000000 (C0.0% S:0.0) [  ]
21:03:20.48   RLINK -- SENDING FORCED ACK from Peer 8 to Peer 1 - timeSinceLastAckMS        272, transmitAckLastTimeMS    4027631 | Peer ---E- M#00000000 Sack00000150 NSack00000000 (C0.0% S:0.0) [  ]
21:03:20.91   LoadArbitrator::UpdateLoadProgress - info, player "[0:6]" finished loading with checksum [2204872956].
21:03:20.94   RLINK -- SENDING FORCED ACK from Peer 8 to Peer 6 - timeSinceLastAckMS       1939, transmitAckLastTimeMS    4028087 | Peer ---E- M#00000000 Sack00000035 NSack00000000 (C0.0% S:0.0) [  ]
21:03:21.00   LoadArbitrator::UpdateLoadProgress - info, player "[0:8]" finished loading with checksum [2204872956].
21:03:21.19   LoadArbitrator::UpdateLoadProgress - info, player "[0:9]" finished loading with checksum [2204872956].
21:03:21.28   RLINK -- SENDING FORCED ACK from Peer 8 to Peer 9 - timeSinceLastAckMS        280, transmitAckLastTimeMS    4028426 | Peer ---E- M#00000000 Sack00000026 NSack00000000 (C0.0% S:0.0) [  ]
21:03:21.68   LoadArbitrator::UpdateLoadProgress - info, player "[0:3]" finished loading with checksum [2204872956].
21:03:21.70   RLINK -- SENDING FORCED ACK from Peer 8 to Peer 3 - timeSinceLastAckMS        709, transmitAckLastTimeMS    4028855 | Peer ---E- M#00000000 Sack00000030 NSack00000000 (C0.0% S:0.0) [  ]
21:03:22.05   LoadArbitrator::UpdateLoadProgress - info, player "[0:4]" finished loading with checksum [2204872956].
21:03:22.07   RLINK -- SENDING FORCED ACK from Peer 8 to Peer 4 - timeSinceLastAckMS       1075, transmitAckLastTimeMS    4029221 | Peer ---E- M#00000000 Sack00000026 NSack00000000 (C0.0% S:0.0) [  ]
21:03:22.17   LoadArbitrator::UpdateLoadProgress - info, player "[0:1]" finished loading with checksum [2204872956].
21:03:22.19   RLINK -- SENDING FORCED ACK from Peer 8 to Peer 1 - timeSinceLastAckMS       1195, transmitAckLastTimeMS    4029341 | Peer ---E- M#00000000 Sack00000151 NSack00000000 (C0.0% S:0.0) [  ]
21:03:22.29   LoadArbitrator::UpdateLoadProgress - info, player "[0:7]" finished loading with checksum [2204872956].
21:03:22.31   RLINK -- SENDING FORCED ACK from Peer 8 to Peer 7 - timeSinceLastAckMS       1318, transmitAckLastTimeMS    4029464 | Peer ---E- M#00000000 Sack00000036 NSack00000000 (C0.0% S:0.0) [  ]
21:03:22.83   RLINK -- SENDING FORCED ACK from Peer 8 to Peer 2 - timeSinceLastAckMS       1831, transmitAckLastTimeMS    4029977 | Peer ---E- M#00000000 Sack00000033 NSack00000000 (C0.0% S:0.0) [  ]
21:03:22.92   LoadArbitrator::UpdateLoadProgress - info, player "[0:6]" finished loading with checksum [2204872956].
21:03:22.95   RLINK -- SENDING FORCED ACK from Peer 8 to Peer 6 - timeSinceLastAckMS       1952, transmitAckLastTimeMS    4030098 | Peer ---E- M#00000000 Sack00000036 NSack00000000 (C0.0% S:0.0) [  ]
21:03:23.00   LoadArbitrator::UpdateLoadProgress - info, player "[0:8]" finished loading with checksum [2204872956].
21:03:23.17   LoadArbitrator::UpdateLoadProgress - info, player "[0:9]" finished loading with checksum [2204872956].
21:03:23.25   RLINK -- SENDING FORCED ACK from Peer 8 to Peer 9 - timeSinceLastAckMS        257, transmitAckLastTimeMS    4030404 | Peer ---E- M#00000000 Sack00000027 NSack00000000 (C0.0% S:0.0) [  ]
21:03:23.47   RLINK -- SENDING FORCED ACK from Peer 8 to Peer 2 - timeSinceLastAckMS        471, transmitAckLastTimeMS    4030618 | Peer ---E- M#00000000 Sack00000034 NSack00000000 (C0.0% S:0.0) [  ]
21:03:23.68   LoadArbitrator::UpdateLoadProgress - info, player "[0:3]" finished loading with checksum [2204872956].
21:03:23.71   RLINK -- SENDING FORCED ACK from Peer 8 to Peer 3 - timeSinceLastAckMS        714, transmitAckLastTimeMS    4030861 | Peer ---E- M#00000000 Sack00000031 NSack00000000 (C0.0% S:0.0) [  ]
21:03:23.74   RLINK -- SENDING FORCED ACK from Peer 8 to Peer 2 - timeSinceLastAckMS        273, transmitAckLastTimeMS    4030891 | Peer ---E- M#00000000 Sack00000035 NSack00000000 (C0.0% S:0.0) [  ]
21:03:24.01   RLINK -- SENDING FORCED ACK from Peer 8 to Peer 2 - timeSinceLastAckMS        275, transmitAckLastTimeMS    4031166 | Peer ---E- M#00000000 Sack00000036 NSack00000000 (C0.0% S:0.0) [  ]
21:03:24.05   LoadArbitrator::UpdateLoadProgress - info, player "[0:4]" finished loading with checksum [2204872956].
21:03:24.08   RLINK -- SENDING FORCED ACK from Peer 8 to Peer 4 - timeSinceLastAckMS       1080, transmitAckLastTimeMS    4031227 | Peer ---E- M#00000000 Sack00000027 NSack00000000 (C0.0% S:0.0) [  ]
21:03:24.17   LoadArbitrator::UpdateLoadProgress - info, player "[0:1]" finished loading with checksum [2204872956].
21:03:24.20   RLINK -- SENDING FORCED ACK from Peer 8 to Peer 1 - timeSinceLastAckMS       1200, transmitAckLastTimeMS    4031347 | Peer ---E- M#00000000 Sack00000152 NSack00000000 (C0.0% S:0.0) [  ]
21:03:24.29   LoadArbitrator::UpdateLoadProgress - info, player "[0:7]" finished loading with checksum [2204872956].
21:03:24.32   RLINK -- SENDING FORCED ACK from Peer 8 to Peer 7 - timeSinceLastAckMS       1322, transmitAckLastTimeMS    4031469 | Peer ---E- M#00000000 Sack00000037 NSack00000000 (C0.0% S:0.0) [  ]
21:03:24.93   LoadArbitrator::UpdateLoadProgress - info, player "[0:6]" finished loading with checksum [2204872956].
21:03:24.96   RLINK -- SENDING FORCED ACK from Peer 8 to Peer 6 - timeSinceLastAckMS       1963, transmitAckLastTimeMS    4032110 | Peer ---E- M#00000000 Sack00000037 NSack00000000 (C0.0% S:0.0) [  ]
21:03:25.00   LoadArbitrator::UpdateLoadProgress - info, player "[0:8]" finished loading with checksum [2204872956].
21:03:25.18   LoadArbitrator::UpdateLoadProgress - info, player "[0:9]" finished loading with checksum [2204872956].
21:03:25.26   RLINK -- SENDING FORCED ACK from Peer 8 to Peer 9 - timeSinceLastAckMS        265, transmitAckLastTimeMS    4032413 | Peer ---E- M#00000000 Sack00000028 NSack00000000 (C0.0% S:0.0) [  ]
21:03:25.57   RLINK -- SENDING FORCED ACK from Peer 8 to Peer 2 - timeSinceLastAckMS        570, transmitAckLastTimeMS    4032718 | Peer ---E- M#00000000 Sack00000037 NSack00000000 (C0.0% S:0.0) [  ]
21:03:25.69   LoadArbitrator::UpdateLoadProgress - info, player "[0:2]" finished loading with checksum [2204872956].
21:03:25.69   LoadArbitrator::UpdateLoadProgress - info, player "[0:3]" finished loading with checksum [2204872956].
21:03:25.70   Activating screen: GameScreen
21:03:25.70   Activating screen: Decorators_widescreen
21:03:25.70   Activating screen: Taskbar_widescreen
21:03:25.70   Activating screen: SubtitleScreen
21:03:25.70   Activating screen: TextOverlayScreen
21:03:25.72   RLINK -- SENDING FORCED ACK from Peer 8 to Peer 3 - timeSinceLastAckMS        722, transmitAckLastTimeMS    4032870 | Peer ---E- M#00000000 Sack00000032 NSack00000000 (C0.0% S:0.0) [  ]
21:03:25.74   PerformanceRecorder::StartRecording for game size 8
21:03:25.74   GAME -- Starting mission...
21:03:25.84   RLINK -- SENDING FORCED ACK from Peer 8 to Peer 2 - timeSinceLastAckMS        273, transmitAckLastTimeMS    4032991 | Peer ---E- M#00000000 Sack00000038 NSack00000000 (C0.0% S:0.0) [  ]
21:03:27.25   Warning: binding repeat_3(Ability: abilities\reenable_capture_ability_engineers) -- ui index '0' out of bounds; range is [1, 12]
21:03:32.38   Warning: non auto-match upgrade not found in AE, tuning
21:03:34.45   RLINK -- SENDING FORCED ACK from Peer 8 to Peer 7 - timeSinceLastAckMS       9455, transmitAckLastTimeMS    4041603 | Peer ---E- M#00000000 Sack00000038 NSack00000000 (C0.0% S:0.0) [  ]
21:03:36.00   RLINK -- Transport - median kBPS [hi/cur] sent = 0.2/0.0, recvd = 0.0/0.0, #p/sec[s/r] = 0.0/0.0, max unsent 0, version err 0, merge 0
21:03:48.34   RLINK -- SENDING FORCED ACK from Peer 8 to Peer 3 - timeSinceLastAckMS       4080, transmitAckLastTimeMS    4055488 | Peer ---E- M#00000000 Sack00000033 NSack00000000 (C0.0% S:0.0) [  ]
21:04:05.01   RLINK -- SENDING FORCED ACK from Peer 8 to Peer 3 - timeSinceLastAckMS        262, transmitAckLastTimeMS    4072165 | Peer ---E- M#00000000 Sack00000034 NSack00000000 (C0.0% S:0.0) [  ]
21:04:07.50   Activating screen: TacticalMap_widescreen
21:04:07.50   Activating screen: TextOverlayScreen
21:04:09.54   Activating screen: GameScreen
21:04:09.54   Activating screen: Decorators_widescreen
21:04:09.54   Activating screen: Taskbar_widescreen
21:04:09.54   Activating screen: SubtitleScreen
21:04:09.54   Activating screen: TextOverlayScreen
21:04:10.86   Warning: binding selection bindings_child6() -- Binding selection bindings_child6: failed bind to widget 'build_max_background'
21:04:15.72   Activating screen: TacticalMap_widescreen
21:04:15.72   Activating screen: TextOverlayScreen
21:04:17.17   Activating screen: GameScreen
21:04:17.17   Activating screen: Decorators_widescreen
21:04:17.17   Activating screen: Taskbar_widescreen
21:04:17.17   Activating screen: SubtitleScreen
21:04:17.17   Activating screen: TextOverlayScreen
21:04:17.78   Activating screen: TacticalMap_widescreen
21:04:17.78   Activating screen: TextOverlayScreen
21:04:18.00   RLINK -- local      PeerID 8 LOCL ack=  0 (  0ms~0) unack=  0, retry=  0, highwaterOOS=0 (ip=WINaddr:192.168.50.236:6112;), pending=0, dead=0, RS#=0/0
21:04:18.00   RLINK --       host PeerID 1 RELY ack=175 (476ms~22) unack=  0, retry=  0, highwaterOOS=4 (ip=WINaddr:192.168.10.3:6112;), pending=0, dead=0, RS#=174/174
21:04:18.00   RLINK --            PeerID 2 RELY ack= 39 (476ms~22) unack=  0, retry=  0, highwaterOOS=0 (ip=WINaddr:192.168.1.146:6112;), pending=0, dead=0, RS#=39/39
21:04:18.00   RLINK --            PeerID 3 RELY ack= 39 (476ms~22) unack=  0, retry=  0, highwaterOOS=0 (ip=WINaddr:192.168.1.107:6112;), pending=0, dead=0, RS#=39/39
21:04:18.00   RLINK --            PeerID 4 RELY ack= 39 (476ms~22) unack=  0, retry=  0, highwaterOOS=0 (ip=WINaddr:192.168.1.42:6112;), pending=0, dead=0, RS#=39/39
21:04:18.00   RLINK --            PeerID 6 RELY ack= 39 (476ms~22) unack=  0, retry=  0, highwaterOOS=0 (ip=WINaddr:192.168.1.33:6112;), pending=0, dead=0, RS#=39/39
21:04:18.00   RLINK --            PeerID 7 RELY ack= 39 (476ms~22) unack=  0, retry=  0, highwaterOOS=0 (ip=WINaddr:192.168.1.106:6112;), pending=0, dead=0, RS#=39/39
21:04:18.00   RLINK --            PeerID 9 RELY ack= 39 (480ms~31) unack=  0, retry=  0, highwaterOOS=0 (ip=WINaddr:192.168.1.43:6112;), pending=0, dead=0, RS#=39/39
21:04:18.00   RLINK -- MessageCounts: inval=0/0, seek=0/0, join=0/0, ichk=0/0, sk_r=0/0, deny=0/0, Padd=0/0, Pdel=0/0, drop=0/0, data=502/42, mdat=0/407, voip=0/0, rchk=0/0, nudg=0/2, Thdr=0/0, Peer=118/120, PPrx=50/236, ping=0/0, Pfrg=0/0, rely=0/1, lb_p=2/2, lb_c=0/0, cast=0/0, cdat=399/0, sorq1=0/0, sorp=0/0, acto=0/0, spob=0/0, sorq2=0/0
21:04:21.06   Activating screen: GameScreen
21:04:21.06   Activating screen: Decorators_widescreen
21:04:21.06   Activating screen: Taskbar_widescreen
21:04:21.06   Activating screen: SubtitleScreen
21:04:21.06   Activating screen: TextOverlayScreen
21:04:21.59   RLINK -- SENDING FORCED ACK from Peer 8 to Peer 3 - timeSinceLastAckMS      16581, transmitAckLastTimeMS    4088746 | Peer ---E- M#00000000 Sack00000035 NSack00000000 (C0.0% S:0.0) [  ]
21:04:37.00   RLINK -- Transport - median kBPS [hi/cur] sent = 0.2/0.0, recvd = 0.0/0.0, #p/sec[s/r] = 0.0/0.0, max unsent 0, version err 0, merge 0
21:05:15.20   Activating screen: TacticalMap_widescreen
21:05:15.20   Activating screen: TextOverlayScreen
21:05:17.68   Activating screen: GameScreen
21:05:17.68   Activating screen: Decorators_widescreen
21:05:17.68   Activating screen: Taskbar_widescreen
21:05:17.68   Activating screen: SubtitleScreen
21:05:17.68   Activating screen: TextOverlayScreen
21:05:17.69   RLINK -- SENDING FORCED ACK from Peer 8 to Peer 2 - timeSinceLastAckMS      48522, transmitAckLastTimeMS    4144846 | Peer ---E- M#00000000 Sack00000039 NSack00000000 (C0.0% S:0.0) [  ]
21:05:19.00   RLINK -- local      PeerID 8 LOCL ack=  0 (  0ms~0) unack=  0, retry=  0, highwaterOOS=0 (ip=WINaddr:192.168.50.236:6112;), pending=0, dead=0, RS#=0/0
21:05:19.00   RLINK --       host PeerID 1 RELY ack=177 (481ms~64) unack=  0, retry=  0, highwaterOOS=4 (ip=WINaddr:192.168.10.3:6112;), pending=0, dead=0, RS#=176/176
21:05:19.00   RLINK --            PeerID 2 RELY ack= 41 (481ms~64) unack=  0, retry=  0, highwaterOOS=0 (ip=WINaddr:192.168.1.146:6112;), pending=0, dead=0, RS#=41/41
21:05:19.00   RLINK --            PeerID 3 RELY ack= 41 (481ms~64) unack=  0, retry=  0, highwaterOOS=0 (ip=WINaddr:192.168.1.107:6112;), pending=0, dead=0, RS#=41/41
21:05:19.00   RLINK --            PeerID 4 RELY ack= 41 (573ms~62) unack=  0, retry=  0, highwaterOOS=0 (ip=WINaddr:192.168.1.42:6112;), pending=0, dead=0, RS#=41/41
21:05:19.00   RLINK --            PeerID 6 RELY ack= 41 (481ms~64) unack=  0, retry=  0, highwaterOOS=0 (ip=WINaddr:192.168.1.33:6112;), pending=0, dead=0, RS#=41/41
21:05:19.00   RLINK --            PeerID 7 RELY ack= 41 (481ms~64) unack=  0, retry=  0, highwaterOOS=0 (ip=WINaddr:192.168.1.106:6112;), pending=0, dead=0, RS#=41/41
21:05:19.00   RLINK --            PeerID 9 RELY ack= 41 (544ms~51) unack=  0, retry=  0, highwaterOOS=0 (ip=WINaddr:192.168.1.43:6112;), pending=0, dead=0, RS#=41/41
21:05:19.00   RLINK -- MessageCounts: inval=0/0, seek=0/0, join=0/0, ichk=0/0, sk_r=0/0, deny=0/0, Padd=0/0, Pdel=0/0, drop=0/0, data=511/2, mdat=0/488, voip=0/0, rchk=0/0, nudg=0/0, Thdr=0/0, Peer=16/16, PPrx=4/32, ping=0/0, Pfrg=0/0, rely=0/0, lb_p=2/2, lb_c=0/0, cast=0/0, cdat=473/0, sorq1=0/0, sorp=0/0, acto=0/0, spob=0/0, sorq2=0/0
21:05:20.93   RLINK -- SENDING FORCED ACK from Peer 8 to Peer 1 - timeSinceLastAckMS        281, transmitAckLastTimeMS    4148085 | Peer ---E- M#00000000 Sack00000153 NSack00000000 (C0.0% S:0.0) [  ]
21:05:21.76   RLINK -- SENDING RETRY - Peer 8 to Peer 4 retryTimeMS       1073 oneMsg.lastTransmitTime    4147804, timeSinceLastTransmitMS       1103 | Peer RS--- M#00000042 Sack00000027 NSack00000000 (C0.0% S:0.0) [ PKT SIZE:49 data DestChannel:�{, Size:45  ]
21:05:21.82   RLINK -- SENDING FORCED ACK from Peer 8 to Peer 2 - timeSinceLastAckMS       1165, transmitAckLastTimeMS    4148969 | Peer ---E- M#00000000 Sack00000040 NSack00000000 (C0.0% S:0.0) [  ]
21:05:21.84   Activating screen: TacticalMap_widescreen
21:05:21.84   Activating screen: TextOverlayScreen
21:05:22.42   Activating screen: GameScreen
21:05:22.42   Activating screen: Decorators_widescreen
21:05:22.42   Activating screen: Taskbar_widescreen
21:05:22.42   Activating screen: SubtitleScreen
21:05:22.42   Activating screen: TextOverlayScreen
21:05:38.01   RLINK -- Transport - median kBPS [hi/cur] sent = 0.2/0.0, recvd = 0.0/0.0, #p/sec[s/r] = 0.0/0.0, max unsent 0, version err 0, merge 0
21:05:46.31   Activating screen: TacticalMap_widescreen
21:05:46.31   Activating screen: TextOverlayScreen
21:05:47.30   Activating screen: GameScreen
21:05:47.30   Activating screen: Decorators_widescreen
21:05:47.30   Activating screen: Taskbar_widescreen
21:05:47.30   Activating screen: SubtitleScreen
21:05:47.30   Activating screen: TextOverlayScreen
21:05:49.18   Activating screen: TacticalMap_widescreen
21:05:49.18   Activating screen: TextOverlayScreen
21:05:49.93   Activating screen: GameScreen
21:05:49.93   Activating screen: Decorators_widescreen
21:05:49.93   Activating screen: Taskbar_widescreen
21:05:49.93   Activating screen: SubtitleScreen
21:05:49.93   Activating screen: TextOverlayScreen
21:05:55.05   Warning: binding repeat_1(Ability: abilities\reenable_capture_ability) -- ui index '0' out of bounds; range is [1, 12]
21:06:00.21   Activating screen: TacticalMap_widescreen
21:06:00.21   Activating screen: TextOverlayScreen
21:06:02.13   Activating screen: GameScreen
21:06:02.13   Activating screen: Decorators_widescreen
21:06:02.13   Activating screen: Taskbar_widescreen
21:06:02.13   Activating screen: SubtitleScreen
21:06:02.13   Activating screen: TextOverlayScreen
21:06:02.97   Activating screen: TacticalMap_widescreen
21:06:02.97   Activating screen: TextOverlayScreen
21:06:04.19   RLINK -- SENDING FORCED ACK from Peer 8 to Peer 1 - timeSinceLastAckMS      43257, transmitAckLastTimeMS    4191342 | Peer ---E- M#00000000 Sack00000154 NSack00000000 (C0.0% S:0.0) [  ]
21:06:04.30   Activating screen: GameScreen
21:06:04.30   Activating screen: Decorators_widescreen
21:06:04.30   Activating screen: Taskbar_widescreen
21:06:04.30   Activating screen: SubtitleScreen
21:06:04.30   Activating screen: TextOverlayScreen
21:06:04.47   RLINK -- SENDING FORCED ACK from Peer 8 to Peer 1 - timeSinceLastAckMS        276, transmitAckLastTimeMS    4191618 | Peer ---E- M#00000000 Sack00000155 NSack00000000 (C0.0% S:0.0) [  ]
21:06:07.31   Activating screen: TacticalMap_widescreen
21:06:07.31   Activating screen: TextOverlayScreen
21:06:07.96   Activating screen: GameScreen
21:06:07.96   Activating screen: Decorators_widescreen
21:06:07.96   Activating screen: Taskbar_widescreen
21:06:07.96   Activating screen: SubtitleScreen
21:06:07.96   Activating screen: TextOverlayScreen
21:06:08.30   Activating screen: TacticalMap_widescreen
21:06:08.30   Activating screen: TextOverlayScreen
21:06:08.94   Activating screen: GameScreen
21:06:08.94   Activating screen: Decorators_widescreen
21:06:08.94   Activating screen: Taskbar_widescreen
21:06:08.94   Activating screen: SubtitleScreen
21:06:08.94   Activating screen: TextOverlayScreen
21:06:10.98   Activating screen: TacticalMap_widescreen
21:06:10.98   Activating screen: TextOverlayScreen
21:06:11.57   Activating screen: GameScreen
21:06:11.57   Activating screen: Decorators_widescreen
21:06:11.57   Activating screen: Taskbar_widescreen
21:06:11.57   Activating screen: SubtitleScreen
21:06:11.57   Activating screen: TextOverlayScreen
21:06:12.04   Activating screen: TacticalMap_widescreen
21:06:12.04   Activating screen: TextOverlayScreen
21:06:13.51   Activating screen: GameScreen
21:06:13.51   Activating screen: Decorators_widescreen
21:06:13.51   Activating screen: Taskbar_widescreen
21:06:13.51   Activating screen: SubtitleScreen
21:06:13.51   Activating screen: TextOverlayScreen
21:06:17.18   Activating screen: TacticalMap_widescreen
21:06:17.18   Activating screen: TextOverlayScreen
21:06:17.80   Activating screen: GameScreen
21:06:17.80   Activating screen: Decorators_widescreen
21:06:17.80   Activating screen: Taskbar_widescreen
21:06:17.80   Activating screen: SubtitleScreen
21:06:17.80   Activating screen: TextOverlayScreen
21:06:20.01   RLINK -- local      PeerID 8 LOCL ack=  0 (  0ms~0) unack=  0, retry=  0, highwaterOOS=0 (ip=WINaddr:192.168.50.236:6112;), pending=0, dead=0, RS#=0/0
21:06:20.01   RLINK --       host PeerID 1 RELY ack=178 (503ms~54) unack=  0, retry=  0, highwaterOOS=4 (ip=WINaddr:192.168.10.3:6112;), pending=0, dead=0, RS#=177/177
21:06:20.01   RLINK --            PeerID 2 RELY ack= 42 (503ms~54) unack=  0, retry=  0, highwaterOOS=0 (ip=WINaddr:192.168.1.146:6112;), pending=0, dead=0, RS#=42/42
21:06:20.01   RLINK --            PeerID 3 RELY ack= 42 (503ms~54) unack=  0, retry=  0, highwaterOOS=0 (ip=WINaddr:192.168.1.107:6112;), pending=0, dead=0, RS#=42/42
21:06:20.01   RLINK --            PeerID 4 RELY ack= 42 (573ms~62) unack=  0, retry=  1, highwaterOOS=0 (ip=WINaddr:192.168.1.42:6112;), pending=0, dead=0, RS#=42/42
21:06:20.01   RLINK --            PeerID 6 RELY ack= 42 (503ms~54) unack=  0, retry=  0, highwaterOOS=0 (ip=WINaddr:192.168.1.33:6112;), pending=0, dead=0, RS#=42/42
21:06:20.01   RLINK --            PeerID 7 RELY ack= 42 (503ms~54) unack=  0, retry=  0, highwaterOOS=0 (ip=WINaddr:192.168.1.106:6112;), pending=0, dead=0, RS#=42/42
21:06:20.01   RLINK --            PeerID 9 RELY ack= 42 (535ms~34) unack=  0, retry=  0, highwaterOOS=0 (ip=WINaddr:192.168.1.43:6112;), pending=0, dead=0, RS#=42/42
21:06:20.01   RLINK -- MessageCounts: inval=0/0, seek=0/0, join=0/0, ichk=0/0, sk_r=0/0, deny=0/0, Padd=0/0, Pdel=0/0, drop=0/0, data=511/6, mdat=0/487, voip=0/0, rchk=0/0, nudg=0/0, Thdr=0/0, Peer=11/11, PPrx=6/22, ping=0/0, Pfrg=0/0, rely=0/0, lb_p=2/2, lb_c=0/0, cast=0/0, cdat=475/0, sorq1=0/0, sorp=0/0, acto=0/0, spob=0/0, sorq2=0/0
21:06:21.34   RLINK -- SENDING FORCED ACK from Peer 8 to Peer 7 - timeSinceLastAckMS      60686, transmitAckLastTimeMS    4208490 | Peer ---E- M#00000000 Sack00000039 NSack00000000 (C0.0% S:0.0) [  ]
21:06:22.47   RLINK -- SENDING FORCED ACK from Peer 8 to Peer 7 - timeSinceLastAckMS       1132, transmitAckLastTimeMS    4209622 | Peer ---E- M#00000000 Sack00000040 NSack00000000 (C0.0% S:0.0) [  ]
21:06:24.81   Activating screen: TacticalMap_widescreen
21:06:24.81   Activating screen: TextOverlayScreen
21:06:25.92   Activating screen: GameScreen
21:06:25.92   Activating screen: Decorators_widescreen
21:06:25.92   Activating screen: Taskbar_widescreen
21:06:25.92   Activating screen: SubtitleScreen
21:06:25.92   Activating screen: TextOverlayScreen
21:06:27.56   Activating screen: TacticalMap_widescreen
21:06:27.56   Activating screen: TextOverlayScreen
21:06:28.20   Activating screen: GameScreen
21:06:28.20   Activating screen: Decorators_widescreen
21:06:28.20   Activating screen: Taskbar_widescreen
21:06:28.20   Activating screen: SubtitleScreen
21:06:28.20   Activating screen: TextOverlayScreen
21:06:32.29   Activating screen: TacticalMap_widescreen
21:06:32.29   Activating screen: TextOverlayScreen
21:06:33.05   Activating screen: GameScreen
21:06:33.05   Activating screen: Decorators_widescreen
21:06:33.05   Activating screen: Taskbar_widescreen
21:06:33.05   Activating screen: SubtitleScreen
21:06:33.05   Activating screen: TextOverlayScreen
21:06:34.33   Activating screen: TacticalMap_widescreen
21:06:34.33   Activating screen: TextOverlayScreen
21:06:35.09   Activating screen: GameScreen
21:06:35.09   Activating screen: Decorators_widescreen
21:06:35.09   Activating screen: Taskbar_widescreen
21:06:35.09   Activating screen: SubtitleScreen
21:06:35.09   Activating screen: TextOverlayScreen
21:06:36.41   Activating screen: TacticalMap_widescreen
21:06:36.41   Activating screen: TextOverlayScreen
21:06:37.21   Activating screen: GameScreen
21:06:37.21   Activating screen: Decorators_widescreen
21:06:37.21   Activating screen: Taskbar_widescreen
21:06:37.21   Activating screen: SubtitleScreen
21:06:37.21   Activating screen: TextOverlayScreen
21:06:39.00   RLINK -- Transport - median kBPS [hi/cur] sent = 0.2/0.0, recvd = 0.0/0.0, #p/sec[s/r] = 0.0/0.0, max unsent 0, version err 0, merge 0
21:06:39.53   Warning: binding repeat_2(Ability: abilities\reenable_capture_ability) -- ui index '0' out of bounds; range is [1, 12]
21:06:41.54   Activating screen: TacticalMap_widescreen
21:06:41.54   Activating screen: TextOverlayScreen
21:06:42.76   Activating screen: GameScreen
21:06:42.76   Activating screen: Decorators_widescreen
21:06:42.76   Activating screen: Taskbar_widescreen
21:06:42.76   Activating screen: SubtitleScreen
21:06:42.76   Activating screen: TextOverlayScreen
21:06:46.10   Activating screen: TacticalMap_widescreen
21:06:46.10   Activating screen: TextOverlayScreen
21:06:47.34   Activating screen: GameScreen
21:06:47.34   Activating screen: Decorators_widescreen
21:06:47.34   Activating screen: Taskbar_widescreen
21:06:47.34   Activating screen: SubtitleScreen
21:06:47.34   Activating screen: TextOverlayScreen
21:06:49.00   RLINK -- SENDING FORCED ACK from Peer 8 to Peer 1 - timeSinceLastAckMS       2991, transmitAckLastTimeMS    4236152 | Peer ---E- M#00000000 Sack00000156 NSack00000000 (C0.0% S:0.0) [  ]
21:07:01.00   Activating screen: TacticalMap_widescreen
21:07:01.00   Activating screen: TextOverlayScreen
21:07:03.31   Activating screen: GameScreen
21:07:03.31   Activating screen: Decorators_widescreen
21:07:03.31   Activating screen: Taskbar_widescreen
21:07:03.31   Activating screen: SubtitleScreen
21:07:03.31   Activating screen: TextOverlayScreen
21:07:05.10   Activating screen: TacticalMap_widescreen
21:07:05.10   Activating screen: TextOverlayScreen
21:07:08.28   Activating screen: GameScreen
21:07:08.28   Activating screen: Decorators_widescreen
21:07:08.28   Activating screen: Taskbar_widescreen
21:07:08.28   Activating screen: SubtitleScreen
21:07:08.28   Activating screen: TextOverlayScreen
21:07:10.68   Activating screen: TacticalMap_widescreen
21:07:10.68   Activating screen: TextOverlayScreen
21:07:11.32   Activating screen: GameScreen
21:07:11.32   Activating screen: Decorators_widescreen
21:07:11.32   Activating screen: Taskbar_widescreen
21:07:11.32   Activating screen: SubtitleScreen
21:07:11.32   Activating screen: TextOverlayScreen
21:07:13.53   Activating screen: TacticalMap_widescreen
21:07:13.53   Activating screen: TextOverlayScreen
21:07:14.45   Activating screen: GameScreen
21:07:14.45   Activating screen: Decorators_widescreen
21:07:14.45   Activating screen: Taskbar_widescreen
21:07:14.45   Activating screen: SubtitleScreen
21:07:14.45   Activating screen: TextOverlayScreen
21:07:21.00   RLINK -- local      PeerID 8 LOCL ack=  0 (  0ms~0) unack=  0, retry=  0, highwaterOOS=0 (ip=WINaddr:192.168.50.236:6112;), pending=0, dead=0, RS#=0/0
21:07:21.00   RLINK --       host PeerID 1 RELY ack=183 (494ms~35) unack=  0, retry=  0, highwaterOOS=4 (ip=WINaddr:192.168.10.3:6112;), pending=0, dead=0, RS#=182/182
21:07:21.00   RLINK --            PeerID 2 RELY ack= 47 (494ms~35) unack=  0, retry=  0, highwaterOOS=0 (ip=WINaddr:192.168.1.146:6112;), pending=0, dead=0, RS#=47/47
21:07:21.00   RLINK --            PeerID 3 RELY ack= 47 (494ms~35) unack=  0, retry=  0, highwaterOOS=0 (ip=WINaddr:192.168.1.107:6112;), pending=0, dead=0, RS#=47/47
21:07:21.00   RLINK --            PeerID 4 RELY ack= 47 (905ms~217) unack=  0, retry=  1, highwaterOOS=0 (ip=WINaddr:192.168.1.42:6112;), pending=0, dead=0, RS#=47/47
21:07:21.00   RLINK --            PeerID 6 RELY ack= 47 (494ms~35) unack=  0, retry=  0, highwaterOOS=0 (ip=WINaddr:192.168.1.33:6112;), pending=0, dead=0, RS#=47/47
21:07:21.00   RLINK --            PeerID 7 RELY ack= 47 (490ms~23) unack=  0, retry=  0, highwaterOOS=0 (ip=WINaddr:192.168.1.106:6112;), pending=0, dead=0, RS#=47/47
21:07:21.00   RLINK --            PeerID 9 RELY ack= 47 (491ms~24) unack=  0, retry=  0, highwaterOOS=0 (ip=WINaddr:192.168.1.43:6112;), pending=0, dead=0, RS#=47/47
21:07:21.00   RLINK -- MessageCounts: inval=0/0, seek=0/0, join=0/0, ichk=0/0, sk_r=0/0, deny=0/0, Padd=0/0, Pdel=0/0, drop=0/0, data=540/3, mdat=0/488, voip=0/0, rchk=0/0, nudg=0/0, Thdr=0/0, Peer=38/38, PPrx=8/76, ping=0/0, Pfrg=0/0, rely=0/0, lb_p=2/2, lb_c=0/0, cast=0/0, cdat=482/0, sorq1=0/0, sorp=0/0, acto=0/0, spob=0/0, sorq2=0/0
21:07:22.26   Activating screen: TacticalMap_widescreen
21:07:22.26   Activating screen: TextOverlayScreen
21:07:23.55   Activating screen: GameScreen
21:07:23.55   Activating screen: Decorators_widescreen
21:07:23.55   Activating screen: Taskbar_widescreen
21:07:23.55   Activating screen: SubtitleScreen
21:07:23.55   Activating screen: TextOverlayScreen
21:07:24.03   Activating screen: TacticalMap_widescreen
21:07:24.03   Activating screen: TextOverlayScreen
21:07:24.70   Activating screen: GameScreen
21:07:24.70   Activating screen: Decorators_widescreen
21:07:24.70   Activating screen: Taskbar_widescreen
21:07:24.70   Activating screen: SubtitleScreen
21:07:24.70   Activating screen: TextOverlayScreen
21:07:25.26   RLINK -- SENDING FORCED ACK from Peer 8 to Peer 3 - timeSinceLastAckMS       3212, transmitAckLastTimeMS    4272412 | Peer ---E- M#00000000 Sack00000036 NSack00000000 (C0.0% S:0.0) [  ]
21:07:27.06   Activating screen: TacticalMap_widescreen
21:07:27.06   Activating screen: TextOverlayScreen
21:07:28.15   Activating screen: GameScreen
21:07:28.15   Activating screen: Decorators_widescreen
21:07:28.15   Activating screen: Taskbar_widescreen
21:07:28.15   Activating screen: SubtitleScreen
21:07:28.15   Activating screen: TextOverlayScreen
21:07:40.01   RLINK -- Transport - median kBPS [hi/cur] sent = 0.2/0.0, recvd = 0.0/0.0, #p/sec[s/r] = 0.0/0.0, max unsent 0, version err 0, merge 0
21:07:43.86   Activating screen: TacticalMap_widescreen
21:07:43.86   Activating screen: TextOverlayScreen
21:07:44.42   Activating screen: GameScreen
21:07:44.42   Activating screen: Decorators_widescreen
21:07:44.42   Activating screen: Taskbar_widescreen
21:07:44.42   Activating screen: SubtitleScreen
21:07:44.42   Activating screen: TextOverlayScreen
21:07:46.24   Activating screen: TacticalMap_widescreen
21:07:46.24   Activating screen: TextOverlayScreen
21:07:46.55   Activating screen: GameScreen
21:07:46.55   Activating screen: Decorators_widescreen
21:07:46.55   Activating screen: Taskbar_widescreen
21:07:46.55   Activating screen: SubtitleScreen
21:07:46.55   Activating screen: TextOverlayScreen
21:07:49.25   Activating screen: TacticalMap_widescreen
21:07:49.25   Activating screen: TextOverlayScreen
21:07:51.11   Activating screen: GameScreen
21:07:51.11   Activating screen: Decorators_widescreen
21:07:51.11   Activating screen: Taskbar_widescreen
21:07:51.11   Activating screen: SubtitleScreen
21:07:51.11   Activating screen: TextOverlayScreen
21:07:55.90   RLINK -- SENDING FORCED ACK from Peer 8 to Peer 1 - timeSinceLastAckMS      33847, transmitAckLastTimeMS    4303047 | Peer ---E- M#00000000 Sack00000157 NSack00000000 (C0.0% S:0.0) [  ]
21:07:56.17   RLINK -- SENDING FORCED ACK from Peer 8 to Peer 1 - timeSinceLastAckMS        274, transmitAckLastTimeMS    4303321 | Peer ---E- M#00000000 Sack00000159 NSack00000000 (C0.0% S:0.0) [  ]
21:07:56.44   RLINK -- SENDING FORCED ACK from Peer 8 to Peer 1 - timeSinceLastAckMS        272, transmitAckLastTimeMS    4303593 | Peer ---E- M#00000000 Sack00000160 NSack00000000 (C0.0% S:0.0) [  ]
21:07:58.63   RLINK -- SENDING FORCED ACK from Peer 8 to Peer 1 - timeSinceLastAckMS       2185, transmitAckLastTimeMS    4305778 | Peer ---E- M#00000000 Sack00000161 NSack00000000 (C0.0% S:0.0) [  ]
21:08:01.14   Activating screen: TacticalMap_widescreen
21:08:01.14   Activating screen: TextOverlayScreen
21:08:02.01   Activating screen: GameScreen
21:08:02.01   Activating screen: Decorators_widescreen
21:08:02.01   Activating screen: Taskbar_widescreen
21:08:02.01   Activating screen: SubtitleScreen
21:08:02.01   Activating screen: TextOverlayScreen
21:08:02.77   Activating screen: TacticalMap_widescreen
21:08:02.77   Activating screen: TextOverlayScreen
21:08:03.41   Activating screen: GameScreen
21:08:03.41   Activating screen: Decorators_widescreen
21:08:03.41   Activating screen: Taskbar_widescreen
21:08:03.41   Activating screen: SubtitleScreen
21:08:03.41   Activating screen: TextOverlayScreen
21:08:05.87   Activating screen: TacticalMap_widescreen
21:08:05.87   Activating screen: TextOverlayScreen
21:08:06.15   Activating screen: GameScreen
21:08:06.15   Activating screen: Decorators_widescreen
21:08:06.15   Activating screen: Taskbar_widescreen
21:08:06.15   Activating screen: SubtitleScreen
21:08:06.15   Activating screen: TextOverlayScreen
21:08:06.98   Activating screen: TacticalMap_widescreen
21:08:06.98   Activating screen: TextOverlayScreen
21:08:09.50   Activating screen: GameScreen
21:08:09.50   Activating screen: Decorators_widescreen
21:08:09.50   Activating screen: Taskbar_widescreen
21:08:09.50   Activating screen: SubtitleScreen
21:08:09.50   Activating screen: TextOverlayScreen
21:08:11.73   Activating screen: TacticalMap_widescreen
21:08:11.73   Activating screen: TextOverlayScreen
21:08:12.34   Activating screen: GameScreen
21:08:12.34   Activating screen: Decorators_widescreen
21:08:12.34   Activating screen: Taskbar_widescreen
21:08:12.34   Activating screen: SubtitleScreen
21:08:12.34   Activating screen: TextOverlayScreen
21:08:13.51   RLINK -- SENDING FORCED ACK from Peer 8 to Peer 7 - timeSinceLastAckMS      51457, transmitAckLastTimeMS    4320657 | Peer ---E- M#00000000 Sack00000041 NSack00000000 (C0.0% S:0.0) [  ]
21:08:15.85   Activating screen: TacticalMap_widescreen
21:08:15.85   Activating screen: TextOverlayScreen
21:08:16.93   Activating screen: GameScreen
21:08:16.93   Activating screen: Decorators_widescreen
21:08:16.93   Activating screen: Taskbar_widescreen
21:08:16.93   Activating screen: SubtitleScreen
21:08:16.93   Activating screen: TextOverlayScreen
21:08:17.87   Activating screen: TacticalMap_widescreen
21:08:17.87   Activating screen: TextOverlayScreen
21:08:18.93   Activating screen: GameScreen
21:08:18.93   Activating screen: Decorators_widescreen
21:08:18.93   Activating screen: Taskbar_widescreen
21:08:18.93   Activating screen: SubtitleScreen
21:08:18.93   Activating screen: TextOverlayScreen
21:08:20.43   Activating screen: TacticalMap_widescreen
21:08:20.43   Activating screen: TextOverlayScreen
21:08:22.00   RLINK -- local      PeerID 8 LOCL ack=  0 (  0ms~0) unack=  0, retry=  0, highwaterOOS=0 (ip=WINaddr:192.168.50.236:6112;), pending=0, dead=0, RS#=0/0
21:08:22.00   RLINK --       host PeerID 1 RELY ack=184 (465ms~46) unack=  0, retry=  0, highwaterOOS=4 (ip=WINaddr:192.168.10.3:6112;), pending=0, dead=0, RS#=183/183
21:08:22.00   RLINK --            PeerID 2 RELY ack= 48 (465ms~46) unack=  0, retry=  0, highwaterOOS=0 (ip=WINaddr:192.168.1.146:6112;), pending=0, dead=0, RS#=48/48
21:08:22.00   RLINK --            PeerID 3 RELY ack= 48 (465ms~46) unack=  0, retry=  0, highwaterOOS=0 (ip=WINaddr:192.168.1.107:6112;), pending=0, dead=0, RS#=48/48
21:08:22.00   RLINK --            PeerID 4 RELY ack= 48 (730ms~282) unack=  0, retry=  1, highwaterOOS=0 (ip=WINaddr:192.168.1.42:6112;), pending=0, dead=0, RS#=48/48
21:08:22.00   RLINK --            PeerID 6 RELY ack= 48 (465ms~46) unack=  0, retry=  0, highwaterOOS=0 (ip=WINaddr:192.168.1.33:6112;), pending=0, dead=0, RS#=48/48
21:08:22.00   RLINK --            PeerID 7 RELY ack= 48 (463ms~38) unack=  0, retry=  0, highwaterOOS=0 (ip=WINaddr:192.168.1.106:6112;), pending=0, dead=0, RS#=48/48
21:08:22.00   RLINK --            PeerID 9 RELY ack= 48 (463ms~39) unack=  0, retry=  0, highwaterOOS=0 (ip=WINaddr:192.168.1.43:6112;), pending=0, dead=0, RS#=48/48
21:08:22.00   RLINK -- MessageCounts: inval=0/0, seek=0/0, join=0/0, ichk=0/0, sk_r=0/0, deny=0/0, Padd=0/0, Pdel=0/0, drop=0/0, data=541/7, mdat=0/488, voip=0/0, rchk=0/0, nudg=0/0, Thdr=0/0, Peer=14/14, PPrx=7/28, ping=0/0, Pfrg=0/0, rely=0/0, lb_p=2/2, lb_c=0/0, cast=0/0, cdat=481/0, sorq1=0/0, sorp=0/0, acto=0/0, spob=0/0, sorq2=0/0
21:08:22.38   Activating screen: GameScreen
21:08:22.38   Activating screen: Decorators_widescreen
21:08:22.38   Activating screen: Taskbar_widescreen
21:08:22.38   Activating screen: SubtitleScreen
21:08:22.38   Activating screen: TextOverlayScreen
21:08:24.79   Activating screen: TacticalMap_widescreen
21:08:24.79   Activating screen: TextOverlayScreen
21:08:25.44   Activating screen: GameScreen
21:08:25.44   Activating screen: Decorators_widescreen
21:08:25.44   Activating screen: Taskbar_widescreen
21:08:25.44   Activating screen: SubtitleScreen
21:08:25.44   Activating screen: TextOverlayScreen
21:08:31.42   RLINK -- SENDING FORCED ACK from Peer 8 to Peer 6 - timeSinceLastAckMS      69370, transmitAckLastTimeMS    4338570 | Peer ---E- M#00000000 Sack00000038 NSack00000000 (C0.0% S:0.0) [  ]
21:08:33.01   Activating screen: TacticalMap_widescreen
21:08:33.01   Activating screen: TextOverlayScreen
21:08:33.83   Activating screen: GameScreen
21:08:33.83   Activating screen: Decorators_widescreen
21:08:33.83   Activating screen: Taskbar_widescreen
21:08:33.83   Activating screen: SubtitleScreen
21:08:33.83   Activating screen: TextOverlayScreen
21:08:34.05   Activating screen: TacticalMap_widescreen
21:08:34.05   Activating screen: TextOverlayScreen
21:08:34.55   Activating screen: GameScreen
21:08:34.55   Activating screen: Decorators_widescreen
21:08:34.55   Activating screen: Taskbar_widescreen
21:08:34.55   Activating screen: SubtitleScreen
21:08:34.55   Activating screen: TextOverlayScreen
21:08:37.38   Activating screen: TacticalMap_widescreen
21:08:37.38   Activating screen: TextOverlayScreen
21:08:37.99   Activating screen: GameScreen
21:08:37.99   Activating screen: Decorators_widescreen
21:08:37.99   Activating screen: Taskbar_widescreen
21:08:37.99   Activating screen: SubtitleScreen
21:08:37.99   Activating screen: TextOverlayScreen
21:08:40.78   RLINK -- SENDING FORCED ACK from Peer 8 to Peer 6 - timeSinceLastAckMS       9363, transmitAckLastTimeMS    4347933 | Peer ---E- M#00000000 Sack00000039 NSack00000000 (C0.0% S:0.0) [  ]
21:08:41.01   RLINK -- Transport - median kBPS [hi/cur] sent = 0.2/0.0, recvd = 0.0/0.0, #p/sec[s/r] = 0.0/0.0, max unsent 0, version err 0, merge 0
21:08:41.63   Activating screen: TacticalMap_widescreen
21:08:41.63   Activating screen: TextOverlayScreen
21:08:42.28   Activating screen: GameScreen
21:08:42.28   Activating screen: Decorators_widescreen
21:08:42.28   Activating screen: Taskbar_widescreen
21:08:42.28   Activating screen: SubtitleScreen
21:08:42.28   Activating screen: TextOverlayScreen
21:08:42.79   Activating screen: TacticalMap_widescreen
21:08:42.79   Activating screen: TextOverlayScreen
21:08:43.54   RLINK -- SENDING FORCED ACK from Peer 8 to Peer 1 - timeSinceLastAckMS      44909, transmitAckLastTimeMS    4350687 | Peer ---E- M#00000000 Sack00000162 NSack00000000 (C0.0% S:0.0) [  ]
21:08:43.81   RLINK -- SENDING FORCED ACK from Peer 8 to Peer 1 - timeSinceLastAckMS        275, transmitAckLastTimeMS    4350962 | Peer ---E- M#00000000 Sack00000163 NSack00000000 (C0.0% S:0.0) [  ]
21:08:43.96   Activating screen: GameScreen
21:08:43.96   Activating screen: Decorators_widescreen
21:08:43.96   Activating screen: Taskbar_widescreen
21:08:43.96   Activating screen: SubtitleScreen
21:08:43.96   Activating screen: TextOverlayScreen
21:08:46.82   Activating screen: TacticalMap_widescreen
21:08:46.82   Activating screen: TextOverlayScreen
21:08:48.94   Activating screen: GameScreen
21:08:48.95   Activating screen: Decorators_widescreen
21:08:48.95   Activating screen: Taskbar_widescreen
21:08:48.95   Activating screen: SubtitleScreen
21:08:48.95   Activating screen: TextOverlayScreen
21:08:52.22   Activating screen: TacticalMap_widescreen
21:08:52.22   Activating screen: TextOverlayScreen
21:08:53.27   Activating screen: GameScreen
21:08:53.27   Activating screen: Decorators_widescreen
21:08:53.27   Activating screen: Taskbar_widescreen
21:08:53.27   Activating screen: SubtitleScreen
21:08:53.27   Activating screen: TextOverlayScreen
21:08:54.56   Activating screen: TacticalMap_widescreen
21:08:54.56   Activating screen: TextOverlayScreen
21:08:55.24   Activating screen: GameScreen
21:08:55.24   Activating screen: Decorators_widescreen
21:08:55.24   Activating screen: Taskbar_widescreen
21:08:55.24   Activating screen: SubtitleScreen
21:08:55.24   Activating screen: TextOverlayScreen
21:09:04.29   Activating screen: TacticalMap_widescreen
21:09:04.29   Activating screen: TextOverlayScreen
21:09:04.57   Activating screen: GameScreen
21:09:04.57   Activating screen: Decorators_widescreen
21:09:04.57   Activating screen: Taskbar_widescreen
21:09:04.57   Activating screen: SubtitleScreen
21:09:04.57   Activating screen: TextOverlayScreen
21:09:05.71   Activating screen: TacticalMap_widescreen
21:09:05.71   Activating screen: TextOverlayScreen
21:09:06.35   Activating screen: GameScreen
21:09:06.35   Activating screen: Decorators_widescreen
21:09:06.35   Activating screen: Taskbar_widescreen
21:09:06.35   Activating screen: SubtitleScreen
21:09:06.35   Activating screen: TextOverlayScreen
21:09:08.24   Activating screen: TacticalMap_widescreen
21:09:08.24   Activating screen: TextOverlayScreen
21:09:08.83   Activating screen: GameScreen
21:09:08.83   Activating screen: Decorators_widescreen
21:09:08.83   Activating screen: Taskbar_widescreen
21:09:08.83   Activating screen: SubtitleScreen
21:09:08.83   Activating screen: TextOverlayScreen
21:09:14.17   RLINK -- SENDING FORCED ACK from Peer 8 to Peer 7 - timeSinceLastAckMS      60666, transmitAckLastTimeMS    4381323 | Peer ---E- M#00000000 Sack00000042 NSack00000000 (C0.0% S:0.0) [  ]
21:09:14.93   RLINK -- SENDING FORCED ACK from Peer 8 to Peer 7 - timeSinceLastAckMS        761, transmitAckLastTimeMS    4382084 | Peer ---E- M#00000000 Sack00000043 NSack00000000 (C0.0% S:0.0) [  ]
21:09:15.53   Activating screen: TacticalMap_widescreen
21:09:15.53   Activating screen: TextOverlayScreen
21:09:16.61   Activating screen: GameScreen
21:09:16.61   Activating screen: Decorators_widescreen
21:09:16.61   Activating screen: Taskbar_widescreen
21:09:16.61   Activating screen: SubtitleScreen
21:09:16.61   Activating screen: TextOverlayScreen
21:09:19.65   Activating screen: TacticalMap_widescreen
21:09:19.65   Activating screen: TextOverlayScreen
21:09:20.41   Activating screen: GameScreen
21:09:20.41   Activating screen: Decorators_widescreen
21:09:20.41   Activating screen: Taskbar_widescreen
21:09:20.41   Activating screen: SubtitleScreen
21:09:20.41   Activating screen: TextOverlayScreen
21:09:23.01   RLINK -- local      PeerID 8 LOCL ack=  0 (  0ms~0) unack=  0, retry=  0, highwaterOOS=0 (ip=WINaddr:192.168.50.236:6112;), pending=0, dead=0, RS#=0/0
21:09:23.01   RLINK --       host PeerID 1 RELY ack=184 (465ms~46) unack=  0, retry=  0, highwaterOOS=4 (ip=WINaddr:192.168.10.3:6112;), pending=0, dead=0, RS#=183/183
21:09:23.01   RLINK --            PeerID 2 RELY ack= 48 (465ms~46) unack=  0, retry=  0, highwaterOOS=0 (ip=WINaddr:192.168.1.146:6112;), pending=0, dead=0, RS#=48/48
21:09:23.01   RLINK --            PeerID 3 RELY ack= 48 (465ms~46) unack=  0, retry=  0, highwaterOOS=0 (ip=WINaddr:192.168.1.107:6112;), pending=0, dead=0, RS#=48/48
21:09:23.01   RLINK --            PeerID 4 RELY ack= 48 (730ms~282) unack=  0, retry=  1, highwaterOOS=0 (ip=WINaddr:192.168.1.42:6112;), pending=0, dead=0, RS#=48/48
21:09:23.01   RLINK --            PeerID 6 RELY ack= 48 (465ms~46) unack=  0, retry=  0, highwaterOOS=0 (ip=WINaddr:192.168.1.33:6112;), pending=0, dead=0, RS#=48/48
21:09:23.01   RLINK --            PeerID 7 RELY ack= 48 (463ms~38) unack=  0, retry=  0, highwaterOOS=0 (ip=WINaddr:192.168.1.106:6112;), pending=0, dead=0, RS#=48/48
21:09:23.01   RLINK --            PeerID 9 RELY ack= 48 (463ms~39) unack=  0, retry=  0, highwaterOOS=0 (ip=WINaddr:192.168.1.43:6112;), pending=0, dead=0, RS#=48/48
21:09:23.01   RLINK -- MessageCounts: inval=0/0, seek=0/0, join=0/0, ichk=0/0, sk_r=0/0, deny=0/0, Padd=0/0, Pdel=0/0, drop=0/0, data=509/6, mdat=0/488, voip=0/0, rchk=0/0, nudg=0/0, Thdr=0/0, Peer=6/6, PPrx=6/12, ping=0/0, Pfrg=0/0, rely=0/0, lb_p=2/2, lb_c=0/0, cast=0/0, cdat=471/0, sorq1=0/0, sorp=0/0, acto=0/0, spob=0/0, sorq2=0/0
21:09:26.83   Activating screen: TacticalMap_widescreen
21:09:26.83   Activating screen: TextOverlayScreen
21:09:27.85   Activating screen: GameScreen
21:09:27.85   Activating screen: Decorators_widescreen
21:09:27.85   Activating screen: Taskbar_widescreen
21:09:27.85   Activating screen: SubtitleScreen
21:09:27.85   Activating screen: TextOverlayScreen
21:09:30.22   Activating screen: TacticalMap_widescreen
21:09:30.22   Activating screen: TextOverlayScreen
21:09:31.30   Activating screen: GameScreen
21:09:31.30   Activating screen: Decorators_widescreen
21:09:31.30   Activating screen: Taskbar_widescreen
21:09:31.30   Activating screen: SubtitleScreen
21:09:31.30   Activating screen: TextOverlayScreen
21:09:32.20   Activating screen: TacticalMap_widescreen
21:09:32.20   Activating screen: TextOverlayScreen
21:09:33.18   Activating screen: GameScreen
21:09:33.18   Activating screen: Decorators_widescreen
21:09:33.18   Activating screen: Taskbar_widescreen
21:09:33.18   Activating screen: SubtitleScreen
21:09:33.18   Activating screen: TextOverlayScreen
21:09:36.58   Activating screen: TacticalMap_widescreen
21:09:36.58   Activating screen: TextOverlayScreen
21:09:37.71   Activating screen: GameScreen
21:09:37.71   Activating screen: Decorators_widescreen
21:09:37.71   Activating screen: Taskbar_widescreen
21:09:37.71   Activating screen: SubtitleScreen
21:09:37.71   Activating screen: TextOverlayScreen
21:09:42.01   RLINK -- Transport - median kBPS [hi/cur] sent = 0.2/0.0, recvd = 0.0/0.0, #p/sec[s/r] = 0.0/0.0, max unsent 0, version err 0, merge 0
21:09:50.44   Activating screen: TacticalMap_widescreen
21:09:50.44   Activating screen: TextOverlayScreen
21:09:51.61   Activating screen: GameScreen
21:09:51.61   Activating screen: Decorators_widescreen
21:09:51.61   Activating screen: Taskbar_widescreen
21:09:51.61   Activating screen: SubtitleScreen
21:09:51.61   Activating screen: TextOverlayScreen
21:09:54.81   Activating screen: TacticalMap_widescreen
21:09:54.81   Activating screen: TextOverlayScreen
21:09:55.51   Activating screen: GameScreen
21:09:55.51   Activating screen: Decorators_widescreen
21:09:55.51   Activating screen: Taskbar_widescreen
21:09:55.51   Activating screen: SubtitleScreen
21:09:55.51   Activating screen: TextOverlayScreen
21:09:57.91   Activating screen: TacticalMap_widescreen
21:09:57.91   Activating screen: TextOverlayScreen
21:09:59.28   Activating screen: GameScreen
21:09:59.28   Activating screen: Decorators_widescreen
21:09:59.28   Activating screen: Taskbar_widescreen
21:09:59.28   Activating screen: SubtitleScreen
21:09:59.28   Activating screen: TextOverlayScreen
21:09:59.94   Activating screen: TacticalMap_widescreen
21:09:59.94   Activating screen: TextOverlayScreen
21:10:00.91   Activating screen: GameScreen
21:10:00.91   Activating screen: Decorators_widescreen
21:10:00.91   Activating screen: Taskbar_widescreen
21:10:00.91   Activating screen: SubtitleScreen
21:10:00.91   Activating screen: TextOverlayScreen
21:10:01.95   Activating screen: TacticalMap_widescreen
21:10:01.95   Activating screen: TextOverlayScreen
21:10:02.75   Activating screen: GameScreen
21:10:02.75   Activating screen: Decorators_widescreen
21:10:02.75   Activating screen: Taskbar_widescreen
21:10:02.75   Activating screen: SubtitleScreen
21:10:02.75   Activating screen: TextOverlayScreen
21:10:07.32   Activating screen: TacticalMap_widescreen
21:10:07.32   Activating screen: TextOverlayScreen
21:10:07.93   Activating screen: GameScreen
21:10:07.93   Activating screen: Decorators_widescreen
21:10:07.93   Activating screen: Taskbar_widescreen
21:10:07.93   Activating screen: SubtitleScreen
21:10:07.93   Activating screen: TextOverlayScreen
21:10:10.24   Activating screen: TacticalMap_widescreen
21:10:10.24   Activating screen: TextOverlayScreen
21:10:11.40   Activating screen: GameScreen
21:10:11.40   Activating screen: Decorators_widescreen
21:10:11.40   Activating screen: Taskbar_widescreen
21:10:11.40   Activating screen: SubtitleScreen
21:10:11.40   Activating screen: TextOverlayScreen
21:10:11.73   Activating screen: TacticalMap_widescreen
21:10:11.73   Activating screen: TextOverlayScreen
21:10:12.90   Activating screen: GameScreen
21:10:12.90   Activating screen: Decorators_widescreen
21:10:12.90   Activating screen: Taskbar_widescreen
21:10:12.90   Activating screen: SubtitleScreen
21:10:12.90   Activating screen: TextOverlayScreen
21:10:13.46   RLINK -- SENDING FORCED ACK from Peer 8 to Peer 1 - timeSinceLastAckMS      32346, transmitAckLastTimeMS    4440612 | Peer ---E- M#00000000 Sack00000164 NSack00000000 (C0.0% S:0.0) [  ]
21:10:13.74   RLINK -- SENDING FORCED ACK from Peer 8 to Peer 1 - timeSinceLastAckMS        275, transmitAckLastTimeMS    4440887 | Peer ---E- M#00000000 Sack00000166 NSack00000000 (C0.0% S:0.0) [  ]
21:10:14.01   RLINK -- SENDING FORCED ACK from Peer 8 to Peer 1 - timeSinceLastAckMS        276, transmitAckLastTimeMS    4441163 | Peer ---E- M#00000000 Sack00000167 NSack00000000 (C0.0% S:0.0) [  ]
21:10:15.95   RLINK -- SENDING FORCED ACK from Peer 8 to Peer 1 - timeSinceLastAckMS       1939, transmitAckLastTimeMS    4443102 | Peer ---E- M#00000000 Sack00000168 NSack00000000 (C0.0% S:0.0) [  ]
21:10:18.56   Activating screen: TacticalMap_widescreen
21:10:18.56   Activating screen: TextOverlayScreen
21:10:19.20   Activating screen: GameScreen
21:10:19.20   Activating screen: Decorators_widescreen
21:10:19.20   Activating screen: Taskbar_widescreen
21:10:19.20   Activating screen: SubtitleScreen
21:10:19.20   Activating screen: TextOverlayScreen
21:10:19.76   Activating screen: TacticalMap_widescreen
21:10:19.76   Activating screen: TextOverlayScreen
21:10:21.06   Activating screen: GameScreen
21:10:21.06   Activating screen: Decorators_widescreen
21:10:21.06   Activating screen: Taskbar_widescreen
21:10:21.06   Activating screen: SubtitleScreen
21:10:21.06   Activating screen: TextOverlayScreen
21:10:24.01   RLINK -- local      PeerID 8 LOCL ack=  0 (  0ms~0) unack=  0, retry=  0, highwaterOOS=0 (ip=WINaddr:192.168.50.236:6112;), pending=0, dead=0, RS#=0/0
21:10:24.01   RLINK --       host PeerID 1 RELY ack=187 (459ms~20) unack=  0, retry=  0, highwaterOOS=4 (ip=WINaddr:192.168.10.3:6112;), pending=0, dead=0, RS#=186/186
21:10:24.01   RLINK --            PeerID 2 RELY ack= 51 (459ms~20) unack=  0, retry=  0, highwaterOOS=0 (ip=WINaddr:192.168.1.146:6112;), pending=0, dead=0, RS#=51/51
21:10:24.01   RLINK --            PeerID 3 RELY ack= 51 (458ms~21) unack=  0, retry=  0, highwaterOOS=0 (ip=WINaddr:192.168.1.107:6112;), pending=0, dead=0, RS#=51/51
21:10:24.01   RLINK --            PeerID 4 RELY ack= 51 (492ms~128) unack=  0, retry=  1, highwaterOOS=0 (ip=WINaddr:192.168.1.42:6112;), pending=0, dead=0, RS#=51/51
21:10:24.01   RLINK --            PeerID 6 RELY ack= 51 (458ms~21) unack=  0, retry=  0, highwaterOOS=0 (ip=WINaddr:192.168.1.33:6112;), pending=0, dead=0, RS#=51/51
21:10:24.01   RLINK --            PeerID 7 RELY ack= 51 (458ms~19) unack=  0, retry=  0, highwaterOOS=0 (ip=WINaddr:192.168.1.106:6112;), pending=0, dead=0, RS#=51/51
21:10:24.01   RLINK --            PeerID 9 RELY ack= 51 (458ms~19) unack=  0, retry=  0, highwaterOOS=0 (ip=WINaddr:192.168.1.43:6112;), pending=0, dead=0, RS#=51/51
21:10:24.01   RLINK -- MessageCounts: inval=0/0, seek=0/0, join=0/0, ichk=0/0, sk_r=0/0, deny=0/0, Padd=0/0, Pdel=0/0, drop=0/0, data=540/5, mdat=0/487, voip=0/0, rchk=0/0, nudg=0/0, Thdr=0/0, Peer=26/26, PPrx=7/52, ping=0/0, Pfrg=0/0, rely=0/0, lb_p=2/2, lb_c=0/0, cast=0/0, cdat=483/0, sorq1=0/0, sorp=0/0, acto=0/0, spob=0/0, sorq2=0/0
21:10:29.56   Activating screen: TacticalMap_widescreen
21:10:29.56   Activating screen: TextOverlayScreen
21:10:30.58   Activating screen: GameScreen
21:10:30.58   Activating screen: Decorators_widescreen
21:10:30.58   Activating screen: Taskbar_widescreen
21:10:30.58   Activating screen: SubtitleScreen
21:10:30.58   Activating screen: TextOverlayScreen
21:10:30.84   Activating screen: TacticalMap_widescreen
21:10:30.84   Activating screen: TextOverlayScreen
21:10:32.08   Activating screen: GameScreen
21:10:32.09   Activating screen: Decorators_widescreen
21:10:32.09   Activating screen: Taskbar_widescreen
21:10:32.09   Activating screen: SubtitleScreen
21:10:32.09   Activating screen: TextOverlayScreen
21:10:41.51   Activating screen: TacticalMap_widescreen
21:10:41.51   Activating screen: TextOverlayScreen
21:10:42.25   Activating screen: GameScreen
21:10:42.25   Activating screen: Decorators_widescreen
21:10:42.25   Activating screen: Taskbar_widescreen
21:10:42.25   Activating screen: SubtitleScreen
21:10:42.25   Activating screen: TextOverlayScreen
21:10:43.00   RLINK -- Transport - median kBPS [hi/cur] sent = 0.2/0.0, recvd = 0.0/0.0, #p/sec[s/r] = 0.0/0.0, max unsent 0, version err 0, merge 0
21:10:44.10   RLINK -- SENDING FORCED ACK from Peer 8 to Peer 6 - timeSinceLastAckMS      62988, transmitAckLastTimeMS    4471254 | Peer ---E- M#00000000 Sack00000040 NSack00000000 (C0.0% S:0.0) [  ]
21:10:44.26   Activating screen: TacticalMap_widescreen
21:10:44.26   Activating screen: TextOverlayScreen
21:10:44.86   Activating screen: GameScreen
21:10:44.86   Activating screen: Decorators_widescreen
21:10:44.86   Activating screen: Taskbar_widescreen
21:10:44.86   Activating screen: SubtitleScreen
21:10:44.86   Activating screen: TextOverlayScreen
21:10:53.23   Activating screen: TacticalMap_widescreen
21:10:53.23   Activating screen: TextOverlayScreen
21:10:54.30   Activating screen: GameScreen
21:10:54.30   Activating screen: Decorators_widescreen
21:10:54.30   Activating screen: Taskbar_widescreen
21:10:54.30   Activating screen: SubtitleScreen
21:10:54.30   Activating screen: TextOverlayScreen
21:11:03.39   Activating screen: TacticalMap_widescreen
21:11:03.39   Activating screen: TextOverlayScreen
21:11:04.13   Activating screen: GameScreen
21:11:04.13   Activating screen: Decorators_widescreen
21:11:04.13   Activating screen: Taskbar_widescreen
21:11:04.13   Activating screen: SubtitleScreen
21:11:04.13   Activating screen: TextOverlayScreen
21:11:13.40   Activating screen: TacticalMap_widescreen
21:11:13.40   Activating screen: TextOverlayScreen
21:11:14.42   Activating screen: GameScreen
21:11:14.42   Activating screen: Decorators_widescreen
21:11:14.42   Activating screen: Taskbar_widescreen
21:11:14.42   Activating screen: SubtitleScreen
21:11:14.42   Activating screen: TextOverlayScreen
21:11:17.40   Activating screen: TacticalMap_widescreen
21:11:17.40   Activating screen: TextOverlayScreen
21:11:18.15   Activating screen: GameScreen
21:11:18.15   Activating screen: Decorators_widescreen
21:11:18.15   Activating screen: Taskbar_widescreen
21:11:18.15   Activating screen: SubtitleScreen
21:11:18.15   Activating screen: TextOverlayScreen
21:11:21.13   Activating screen: TacticalMap_widescreen
21:11:21.13   Activating screen: TextOverlayScreen
21:11:21.94   Activating screen: GameScreen
21:11:21.94   Activating screen: Decorators_widescreen
21:11:21.94   Activating screen: Taskbar_widescreen
21:11:21.94   Activating screen: SubtitleScreen
21:11:21.94   Activating screen: TextOverlayScreen
21:11:25.01   RLINK -- local      PeerID 8 LOCL ack=  0 (  0ms~0) unack=  0, retry=  0, highwaterOOS=0 (ip=WINaddr:192.168.50.236:6112;), pending=0, dead=0, RS#=0/0
21:11:25.01   RLINK --       host PeerID 1 RELY ack=190 (472ms~38) unack=  0, retry=  0, highwaterOOS=4 (ip=WINaddr:192.168.10.3:6112;), pending=0, dead=0, RS#=189/189
21:11:25.01   RLINK --            PeerID 2 RELY ack= 54 (472ms~38) unack=  0, retry=  0, highwaterOOS=0 (ip=WINaddr:192.168.1.146:6112;), pending=0, dead=0, RS#=54/54
21:11:25.01   RLINK --            PeerID 3 RELY ack= 54 (472ms~38) unack=  0, retry=  0, highwaterOOS=0 (ip=WINaddr:192.168.1.107:6112;), pending=0, dead=0, RS#=54/54
21:11:25.01   RLINK --            PeerID 4 RELY ack= 54 (476ms~47) unack=  0, retry=  1, highwaterOOS=0 (ip=WINaddr:192.168.1.42:6112;), pending=0, dead=0, RS#=54/54
21:11:25.01   RLINK --            PeerID 6 RELY ack= 54 (472ms~38) unack=  0, retry=  0, highwaterOOS=0 (ip=WINaddr:192.168.1.33:6112;), pending=0, dead=0, RS#=54/54
21:11:25.01   RLINK --            PeerID 7 RELY ack= 54 (464ms~22) unack=  0, retry=  0, highwaterOOS=0 (ip=WINaddr:192.168.1.106:6112;), pending=0, dead=0, RS#=54/54
21:11:25.01   RLINK --            PeerID 9 RELY ack= 54 (472ms~38) unack=  0, retry=  0, highwaterOOS=0 (ip=WINaddr:192.168.1.43:6112;), pending=0, dead=0, RS#=54/54
21:11:25.01   RLINK -- MessageCounts: inval=0/0, seek=0/0, join=0/0, ichk=0/0, sk_r=0/0, deny=0/0, Padd=0/0, Pdel=0/0, drop=0/0, data=524/1, mdat=0/488, voip=0/0, rchk=0/0, nudg=0/0, Thdr=0/0, Peer=22/22, PPrx=4/44, ping=0/0, Pfrg=0/0, rely=0/0, lb_p=2/2, lb_c=0/0, cast=0/0, cdat=479/0, sorq1=0/0, sorp=0/0, acto=0/0, spob=0/0, sorq2=0/0
21:11:30.36   Activating screen: TacticalMap_widescreen
21:11:30.36   Activating screen: TextOverlayScreen
21:11:30.96   Activating screen: GameScreen
21:11:30.96   Activating screen: Decorators_widescreen
21:11:30.96   Activating screen: Taskbar_widescreen
21:11:30.96   Activating screen: SubtitleScreen
21:11:30.96   Activating screen: TextOverlayScreen
21:11:30.99   RLINK -- SENDING FORCED ACK from Peer 8 to Peer 3 - timeSinceLastAckMS       2345, transmitAckLastTimeMS    4518145 | Peer ---E- M#00000000 Sack00000037 NSack00000000 (C0.0% S:0.0) [  ]
21:11:32.99   Activating screen: TacticalMap_widescreen
21:11:32.99   Activating screen: TextOverlayScreen
21:11:34.14   Activating screen: GameScreen
21:11:34.14   Activating screen: Decorators_widescreen
21:11:34.14   Activating screen: Taskbar_widescreen
21:11:34.14   Activating screen: SubtitleScreen
21:11:34.14   Activating screen: TextOverlayScreen
21:11:44.00   RLINK -- Transport - median kBPS [hi/cur] sent = 0.2/0.0, recvd = 0.0/0.0, #p/sec[s/r] = 0.0/0.0, max unsent 0, version err 0, merge 0
21:11:56.38   RLINK -- SENDING FORCED ACK from Peer 8 to Peer 7 - timeSinceLastAckMS      27729, transmitAckLastTimeMS    4543529 | Peer ---E- M#00000000 Sack00000044 NSack00000000 (C0.0% S:0.0) [  ]
21:11:58.14   RLINK -- SENDING FORCED ACK from Peer 8 to Peer 7 - timeSinceLastAckMS       1764, transmitAckLastTimeMS    4545293 | Peer ---E- M#00000000 Sack00000045 NSack00000000 (C0.0% S:0.0) [  ]
21:12:21.18   Activating screen: TacticalMap_widescreen
21:12:21.18   Activating screen: TextOverlayScreen
21:12:22.91   Activating screen: GameScreen
21:12:22.91   Activating screen: Decorators_widescreen
21:12:22.91   Activating screen: Taskbar_widescreen
21:12:22.91   Activating screen: SubtitleScreen
21:12:22.91   Activating screen: TextOverlayScreen
21:12:23.52   Activating screen: TacticalMap_widescreen
21:12:23.52   Activating screen: TextOverlayScreen
21:12:24.36   Activating screen: GameScreen
21:12:24.36   Activating screen: Decorators_widescreen
21:12:24.36   Activating screen: Taskbar_widescreen
21:12:24.36   Activating screen: SubtitleScreen
21:12:24.36   Activating screen: TextOverlayScreen
21:12:26.02   RLINK -- local      PeerID 8 LOCL ack=  0 (  0ms~0) unack=  0, retry=  0, highwaterOOS=0 (ip=WINaddr:192.168.50.236:6112;), pending=0, dead=0, RS#=0/0
21:12:26.02   RLINK --       host PeerID 1 RELY ack=192 (477ms~38) unack=  0, retry=  0, highwaterOOS=4 (ip=WINaddr:192.168.10.3:6112;), pending=0, dead=0, RS#=191/191
21:12:26.02   RLINK --            PeerID 2 RELY ack= 56 (477ms~38) unack=  0, retry=  0, highwaterOOS=0 (ip=WINaddr:192.168.1.146:6112;), pending=0, dead=0, RS#=56/56
21:12:26.02   RLINK --            PeerID 3 RELY ack= 56 (477ms~38) unack=  0, retry=  0, highwaterOOS=0 (ip=WINaddr:192.168.1.107:6112;), pending=0, dead=0, RS#=56/56
21:12:26.02   RLINK --            PeerID 4 RELY ack= 56 (478ms~40) unack=  0, retry=  1, highwaterOOS=0 (ip=WINaddr:192.168.1.42:6112;), pending=0, dead=0, RS#=56/56
21:12:26.02   RLINK --            PeerID 6 RELY ack= 56 (477ms~38) unack=  0, retry=  0, highwaterOOS=0 (ip=WINaddr:192.168.1.33:6112;), pending=0, dead=0, RS#=56/56
21:12:26.02   RLINK --            PeerID 7 RELY ack= 56 (475ms~34) unack=  0, retry=  0, highwaterOOS=0 (ip=WINaddr:192.168.1.106:6112;), pending=0, dead=0, RS#=56/56
21:12:26.02   RLINK --            PeerID 9 RELY ack= 56 (477ms~38) unack=  0, retry=  0, highwaterOOS=0 (ip=WINaddr:192.168.1.43:6112;), pending=0, dead=0, RS#=56/56
21:12:26.02   RLINK -- MessageCounts: inval=0/0, seek=0/0, join=0/0, ichk=0/0, sk_r=0/0, deny=0/0, Padd=0/0, Pdel=0/0, drop=0/0, data=533/3, mdat=0/488, voip=0/0, rchk=0/0, nudg=0/0, Thdr=0/0, Peer=17/17, PPrx=5/34, ping=0/0, Pfrg=0/0, rely=0/0, lb_p=2/2, lb_c=0/0, cast=0/0, cdat=481/0, sorq1=0/0, sorp=0/0, acto=0/0, spob=0/0, sorq2=0/0
21:12:37.17   RLINK -- SENDING FORCED ACK from Peer 8 to Peer 7 - timeSinceLastAckMS      39024, transmitAckLastTimeMS    4584317 | Peer ---E- M#00000000 Sack00000046 NSack00000000 (C0.0% S:0.0) [  ]
21:12:38.29   RLINK -- SENDING FORCED ACK from Peer 8 to Peer 7 - timeSinceLastAckMS       1123, transmitAckLastTimeMS    4585440 | Peer ---E- M#00000000 Sack00000047 NSack00000000 (C0.0% S:0.0) [  ]
21:12:39.29   RLINK -- SENDING FORCED ACK from Peer 8 to Peer 7 - timeSinceLastAckMS       1006, transmitAckLastTimeMS    4586446 | Peer ---E- M#00000000 Sack00000048 NSack00000000 (C0.0% S:0.0) [  ]
21:12:45.00   RLINK -- Transport - median kBPS [hi/cur] sent = 0.2/0.0, recvd = 0.0/0.0, #p/sec[s/r] = 0.0/0.0, max unsent 0, version err 0, merge 0
21:13:01.42   Activating screen: TacticalMap_widescreen
21:13:01.42   Activating screen: TextOverlayScreen
21:13:02.22   Activating screen: GameScreen
21:13:02.22   Activating screen: Decorators_widescreen
21:13:02.22   Activating screen: Taskbar_widescreen
21:13:02.22   Activating screen: SubtitleScreen
21:13:02.22   Activating screen: TextOverlayScreen
21:13:03.48   Activating screen: TacticalMap_widescreen
21:13:03.48   Activating screen: TextOverlayScreen
21:13:03.65   Activating screen: GameScreen
21:13:03.65   Activating screen: Decorators_widescreen
21:13:03.65   Activating screen: Taskbar_widescreen
21:13:03.65   Activating screen: SubtitleScreen
21:13:03.65   Activating screen: TextOverlayScreen
21:13:04.22   Activating screen: TacticalMap_widescreen
21:13:04.22   Activating screen: TextOverlayScreen
21:13:05.00   Activating screen: GameScreen
21:13:05.00   Activating screen: Decorators_widescreen
21:13:05.00   Activating screen: Taskbar_widescreen
21:13:05.00   Activating screen: SubtitleScreen
21:13:05.00   Activating screen: TextOverlayScreen
21:13:11.14   Activating screen: TacticalMap_widescreen
21:13:11.14   Activating screen: TextOverlayScreen
21:13:12.08   Activating screen: GameScreen
21:13:12.08   Activating screen: Decorators_widescreen
21:13:12.08   Activating screen: Taskbar_widescreen
21:13:12.08   Activating screen: SubtitleScreen
21:13:12.08   Activating screen: TextOverlayScreen
21:13:13.71   Activating screen: Command_Tree
21:13:14.05   Activating screen: Command_Branch
21:13:27.01   RLINK -- local      PeerID 8 LOCL ack=  0 (  0ms~0) unack=  0, retry=  0, highwaterOOS=0 (ip=WINaddr:192.168.50.236:6112;), pending=0, dead=0, RS#=0/0
21:13:27.01   RLINK --       host PeerID 1 RELY ack=193 (499ms~41) unack=  0, retry=  0, highwaterOOS=4 (ip=WINaddr:192.168.10.3:6112;), pending=0, dead=0, RS#=192/192
21:13:27.01   RLINK --            PeerID 2 RELY ack= 57 (499ms~41) unack=  0, retry=  0, highwaterOOS=0 (ip=WINaddr:192.168.1.146:6112;), pending=0, dead=0, RS#=57/57
21:13:27.01   RLINK --            PeerID 3 RELY ack= 57 (499ms~41) unack=  0, retry=  0, highwaterOOS=0 (ip=WINaddr:192.168.1.107:6112;), pending=0, dead=0, RS#=57/57
21:13:27.01   RLINK --            PeerID 4 RELY ack= 57 (500ms~42) unack=  0, retry=  1, highwaterOOS=0 (ip=WINaddr:192.168.1.42:6112;), pending=0, dead=0, RS#=57/57
21:13:27.01   RLINK --            PeerID 6 RELY ack= 57 (499ms~41) unack=  0, retry=  0, highwaterOOS=0 (ip=WINaddr:192.168.1.33:6112;), pending=0, dead=0, RS#=57/57
21:13:27.01   RLINK --            PeerID 7 RELY ack= 57 (498ms~40) unack=  0, retry=  0, highwaterOOS=0 (ip=WINaddr:192.168.1.106:6112;), pending=0, dead=0, RS#=57/57
21:13:27.01   RLINK --            PeerID 9 RELY ack= 57 (499ms~41) unack=  0, retry=  0, highwaterOOS=0 (ip=WINaddr:192.168.1.43:6112;), pending=0, dead=0, RS#=57/57
21:13:27.01   RLINK -- MessageCounts: inval=0/0, seek=0/0, join=0/0, ichk=0/0, sk_r=0/0, deny=0/0, Padd=0/0, Pdel=0/0, drop=0/0, data=511/3, mdat=0/488, voip=0/0, rchk=0/0, nudg=0/0, Thdr=0/0, Peer=10/10, PPrx=4/20, ping=0/0, Pfrg=0/0, rely=0/0, lb_p=2/2, lb_c=0/0, cast=0/0, cdat=487/0, sorq1=0/0, sorp=0/0, acto=0/0, spob=0/0, sorq2=0/0
21:13:33.55   RLINK -- SENDING FORCED ACK from Peer 8 to Peer 6 - timeSinceLastAckMS      35793, transmitAckLastTimeMS    4640705 | Peer ---E- M#00000000 Sack00000041 NSack00000000 (C0.0% S:0.0) [  ]
21:13:37.44   RLINK -- SENDING FORCED ACK from Peer 8 to Peer 9 - timeSinceLastAckMS      39680, transmitAckLastTimeMS    4644592 | Peer ---E- M#00000000 Sack00000029 NSack00000000 (C0.0% S:0.0) [  ]
21:13:42.02   Activating screen: TacticalMap_widescreen
21:13:42.02   Activating screen: TextOverlayScreen
21:13:42.67   Activating screen: GameScreen
21:13:42.67   Activating screen: Decorators_widescreen
21:13:42.67   Activating screen: Taskbar_widescreen
21:13:42.67   Activating screen: SubtitleScreen
21:13:42.67   Activating screen: TextOverlayScreen
21:13:46.00   RLINK -- Transport - median kBPS [hi/cur] sent = 0.2/0.0, recvd = 0.0/0.0, #p/sec[s/r] = 0.0/0.0, max unsent 0, version err 0, merge 0
21:13:48.45   RLINK -- SENDING FORCED ACK from Peer 8 to Peer 7 - timeSinceLastAckMS      50690, transmitAckLastTimeMS    4655602 | Peer ---E- M#00000000 Sack00000049 NSack00000000 (C0.0% S:0.0) [  ]
21:13:50.11   Activating screen: TacticalMap_widescreen
21:13:50.11   Activating screen: TextOverlayScreen
21:13:58.10   Activating screen: GameScreen
21:13:58.10   Activating screen: Decorators_widescreen
21:13:58.10   Activating screen: Taskbar_widescreen
21:13:58.10   Activating screen: SubtitleScreen
21:13:58.10   Activating screen: TextOverlayScreen
21:13:59.09   RLINK -- SENDING FORCED ACK from Peer 8 to Peer 6 - timeSinceLastAckMS      25532, transmitAckLastTimeMS    4666237 | Peer ---E- M#00000000 Sack00000042 NSack00000000 (C0.0% S:0.0) [  ]
21:14:04.58   RLINK -- SENDING FORCED ACK from Peer 8 to Peer 7 - timeSinceLastAckMS       1133, transmitAckLastTimeMS    4671736 | Peer ---E- M#00000000 Sack00000050 NSack00000000 (C0.0% S:0.0) [  ]
21:14:06.74   Activating screen: TacticalMap_widescreen
21:14:06.74   Activating screen: TextOverlayScreen
21:14:07.85   RLINK -- SENDING FORCED ACK from Peer 8 to Peer 6 - timeSinceLastAckMS       4393, transmitAckLastTimeMS    4674996 | Peer ---E- M#00000000 Sack00000043 NSack00000000 (C0.0% S:0.0) [  ]
21:14:08.65   Activating screen: GameScreen
21:14:08.65   Activating screen: Decorators_widescreen
21:14:08.65   Activating screen: Taskbar_widescreen
21:14:08.65   Activating screen: SubtitleScreen
21:14:08.65   Activating screen: TextOverlayScreen
21:14:09.97   RLINK -- SENDING FORCED ACK from Peer 8 to Peer 6 - timeSinceLastAckMS       2126, transmitAckLastTimeMS    4677122 | Peer ---E- M#00000000 Sack00000044 NSack00000000 (C0.0% S:0.0) [  ]
21:14:17.95   Activating screen: TacticalMap_widescreen
21:14:17.95   Activating screen: TextOverlayScreen
21:14:18.74   Activating screen: GameScreen
21:14:18.74   Activating screen: Decorators_widescreen
21:14:18.74   Activating screen: Taskbar_widescreen
21:14:18.74   Activating screen: SubtitleScreen
21:14:18.74   Activating screen: TextOverlayScreen
21:14:19.68   Activating screen: TacticalMap_widescreen
21:14:19.68   Activating screen: TextOverlayScreen
21:14:20.30   Activating screen: GameScreen
21:14:20.30   Activating screen: Decorators_widescreen
21:14:20.30   Activating screen: Taskbar_widescreen
21:14:20.30   Activating screen: SubtitleScreen
21:14:20.30   Activating screen: TextOverlayScreen
21:14:27.51   Activating screen: TacticalMap_widescreen
21:14:27.51   Activating screen: TextOverlayScreen
21:14:28.02   RLINK -- local      PeerID 8 LOCL ack=  0 (  0ms~0) unack=  0, retry=  0, highwaterOOS=0 (ip=WINaddr:192.168.50.236:6112;), pending=0, dead=0, RS#=0/0
21:14:28.02   RLINK --       host PeerID 1 RELY ack=194 (496ms~22) unack=  0, retry=  0, highwaterOOS=4 (ip=WINaddr:192.168.10.3:6112;), pending=0, dead=0, RS#=193/193
21:14:28.02   RLINK --            PeerID 2 RELY ack= 58 (496ms~22) unack=  0, retry=  0, highwaterOOS=0 (ip=WINaddr:192.168.1.146:6112;), pending=0, dead=0, RS#=58/58
21:14:28.02   RLINK --            PeerID 3 RELY ack= 58 (496ms~22) unack=  0, retry=  0, highwaterOOS=0 (ip=WINaddr:192.168.1.107:6112;), pending=0, dead=0, RS#=58/58
21:14:28.02   RLINK --            PeerID 4 RELY ack= 58 (557ms~78) unack=  0, retry=  1, highwaterOOS=0 (ip=WINaddr:192.168.1.42:6112;), pending=0, dead=0, RS#=58/58
21:14:28.02   RLINK --            PeerID 6 RELY ack= 58 (496ms~22) unack=  0, retry=  0, highwaterOOS=0 (ip=WINaddr:192.168.1.33:6112;), pending=0, dead=0, RS#=58/58
21:14:28.02   RLINK --            PeerID 7 RELY ack= 58 (496ms~21) unack=  0, retry=  0, highwaterOOS=0 (ip=WINaddr:192.168.1.106:6112;), pending=0, dead=0, RS#=58/58
21:14:28.02   RLINK --            PeerID 9 RELY ack= 58 (496ms~22) unack=  0, retry=  0, highwaterOOS=0 (ip=WINaddr:192.168.1.43:6112;), pending=0, dead=0, RS#=58/58
21:14:28.02   RLINK -- MessageCounts: inval=0/0, seek=0/0, join=0/0, ichk=0/0, sk_r=0/0, deny=0/0, Padd=0/0, Pdel=0/0, drop=0/0, data=523/7, mdat=0/488, voip=0/0, rchk=0/0, nudg=0/0, Thdr=0/0, Peer=14/14, PPrx=8/28, ping=0/0, Pfrg=0/0, rely=0/0, lb_p=2/2, lb_c=0/0, cast=0/0, cdat=483/0, sorq1=0/0, sorp=0/0, acto=0/0, spob=0/0, sorq2=0/0
21:14:28.14   Activating screen: GameScreen
21:14:28.14   Activating screen: Decorators_widescreen
21:14:28.14   Activating screen: Taskbar_widescreen
21:14:28.14   Activating screen: SubtitleScreen
21:14:28.14   Activating screen: TextOverlayScreen
21:14:32.11   Activating screen: TacticalMap_widescreen
21:14:32.11   Activating screen: TextOverlayScreen
21:14:33.10   Activating screen: GameScreen
21:14:33.10   Activating screen: Decorators_widescreen
21:14:33.10   Activating screen: Taskbar_widescreen
21:14:33.10   Activating screen: SubtitleScreen
21:14:33.10   Activating screen: TextOverlayScreen
21:14:36.23   Activating screen: TacticalMap_widescreen
21:14:36.23   Activating screen: TextOverlayScreen
21:14:37.38   Activating screen: GameScreen
21:14:37.38   Activating screen: Decorators_widescreen
21:14:37.38   Activating screen: Taskbar_widescreen
21:14:37.38   Activating screen: SubtitleScreen
21:14:37.38   Activating screen: TextOverlayScreen
21:14:46.14   Activating screen: TacticalMap_widescreen
21:14:46.14   Activating screen: TextOverlayScreen
21:14:47.00   RLINK -- Transport - median kBPS [hi/cur] sent = 0.2/0.0, recvd = 0.0/0.0, #p/sec[s/r] = 0.0/0.0, max unsent 0, version err 0, merge 0
21:14:47.23   Activating screen: GameScreen
21:14:47.23   Activating screen: Decorators_widescreen
21:14:47.23   Activating screen: Taskbar_widescreen
21:14:47.23   Activating screen: SubtitleScreen
21:14:47.23   Activating screen: TextOverlayScreen
21:14:48.19   Activating screen: TacticalMap_widescreen
21:14:48.19   Activating screen: TextOverlayScreen
21:14:48.94   Activating screen: GameScreen
21:14:48.94   Activating screen: Decorators_widescreen
21:14:48.94   Activating screen: Taskbar_widescreen
21:14:48.94   Activating screen: SubtitleScreen
21:14:48.94   Activating screen: TextOverlayScreen
21:14:58.08   Activating screen: TacticalMap_widescreen
21:14:58.08   Activating screen: TextOverlayScreen
21:14:58.76   Activating screen: GameScreen
21:14:58.76   Activating screen: Decorators_widescreen
21:14:58.76   Activating screen: Taskbar_widescreen
21:14:58.76   Activating screen: SubtitleScreen
21:14:58.76   Activating screen: TextOverlayScreen
21:15:02.74   Activating screen: TacticalMap_widescreen
21:15:02.74   Activating screen: TextOverlayScreen
21:15:04.17   Activating screen: GameScreen
21:15:04.17   Activating screen: Decorators_widescreen
21:15:04.17   Activating screen: Taskbar_widescreen
21:15:04.17   Activating screen: SubtitleScreen
21:15:04.17   Activating screen: TextOverlayScreen
21:15:08.12   Activating screen: TacticalMap_widescreen
21:15:08.12   Activating screen: TextOverlayScreen
21:15:08.75   Activating screen: GameScreen
21:15:08.75   Activating screen: Decorators_widescreen
21:15:08.75   Activating screen: Taskbar_widescreen
21:15:08.75   Activating screen: SubtitleScreen
21:15:08.75   Activating screen: TextOverlayScreen
21:15:11.36   Activating screen: TacticalMap_widescreen
21:15:11.36   Activating screen: TextOverlayScreen
21:15:12.00   Activating screen: GameScreen
21:15:12.00   Activating screen: Decorators_widescreen
21:15:12.00   Activating screen: Taskbar_widescreen
21:15:12.00   Activating screen: SubtitleScreen
21:15:12.00   Activating screen: TextOverlayScreen
21:15:14.43   Activating screen: TacticalMap_widescreen
21:15:14.43   Activating screen: TextOverlayScreen
21:15:16.71   Activating screen: GameScreen
21:15:16.71   Activating screen: Decorators_widescreen
21:15:16.71   Activating screen: Taskbar_widescreen
21:15:16.71   Activating screen: SubtitleScreen
21:15:16.71   Activating screen: TextOverlayScreen
21:15:17.67   Activating screen: TacticalMap_widescreen
21:15:17.67   Activating screen: TextOverlayScreen
21:15:18.28   Activating screen: GameScreen
21:15:18.28   Activating screen: Decorators_widescreen
21:15:18.28   Activating screen: Taskbar_widescreen
21:15:18.28   Activating screen: SubtitleScreen
21:15:18.28   Activating screen: TextOverlayScreen
21:15:21.52   Activating screen: TacticalMap_widescreen
21:15:21.52   Activating screen: TextOverlayScreen
21:15:22.21   Activating screen: GameScreen
21:15:22.21   Activating screen: Decorators_widescreen
21:15:22.21   Activating screen: Taskbar_widescreen
21:15:22.21   Activating screen: SubtitleScreen
21:15:22.21   Activating screen: TextOverlayScreen
21:15:27.26   Activating screen: TacticalMap_widescreen
21:15:27.26   Activating screen: TextOverlayScreen
21:15:28.09   Activating screen: GameScreen
21:15:28.09   Activating screen: Decorators_widescreen
21:15:28.09   Activating screen: Taskbar_widescreen
21:15:28.09   Activating screen: SubtitleScreen
21:15:28.09   Activating screen: TextOverlayScreen
21:15:29.00   RLINK -- local      PeerID 8 LOCL ack=  0 (  0ms~0) unack=  0, retry=  0, highwaterOOS=0 (ip=WINaddr:192.168.50.236:6112;), pending=0, dead=0, RS#=0/0
21:15:29.00   RLINK --       host PeerID 1 RELY ack=194 (496ms~22) unack=  0, retry=  0, highwaterOOS=4 (ip=WINaddr:192.168.10.3:6112;), pending=0, dead=0, RS#=193/193
21:15:29.00   RLINK --            PeerID 2 RELY ack= 58 (496ms~22) unack=  0, retry=  0, highwaterOOS=0 (ip=WINaddr:192.168.1.146:6112;), pending=0, dead=0, RS#=58/58
21:15:29.00   RLINK --            PeerID 3 RELY ack= 58 (496ms~22) unack=  0, retry=  0, highwaterOOS=0 (ip=WINaddr:192.168.1.107:6112;), pending=0, dead=0, RS#=58/58
21:15:29.00   RLINK --            PeerID 4 RELY ack= 58 (557ms~78) unack=  0, retry=  1, highwaterOOS=0 (ip=WINaddr:192.168.1.42:6112;), pending=0, dead=0, RS#=58/58
21:15:29.00   RLINK --            PeerID 6 RELY ack= 58 (496ms~22) unack=  0, retry=  0, highwaterOOS=0 (ip=WINaddr:192.168.1.33:6112;), pending=0, dead=0, RS#=58/58
21:15:29.00   RLINK --            PeerID 7 RELY ack= 58 (496ms~21) unack=  0, retry=  0, highwaterOOS=0 (ip=WINaddr:192.168.1.106:6112;), pending=0, dead=0, RS#=58/58
21:15:29.00   RLINK --            PeerID 9 RELY ack= 58 (496ms~22) unack=  0, retry=  0, highwaterOOS=0 (ip=WINaddr:192.168.1.43:6112;), pending=0, dead=0, RS#=58/58
21:15:29.00   RLINK -- MessageCounts: inval=0/0, seek=0/0, join=0/0, ichk=0/0, sk_r=0/0, deny=0/0, Padd=0/0, Pdel=0/0, drop=0/0, data=514/0, mdat=0/487, voip=0/0, rchk=0/0, nudg=0/0, Thdr=0/0, Peer=0/0, PPrx=0/0, ping=0/0, Pfrg=0/0, rely=0/0, lb_p=2/2, lb_c=0/0, cast=0/0, cdat=480/0, sorq1=0/0, sorp=0/0, acto=0/0, spob=0/0, sorq2=0/0
21:15:30.51   Activating screen: TacticalMap_widescreen
21:15:30.51   Activating screen: TextOverlayScreen
21:15:31.25   RLINK -- SENDING FORCED ACK from Peer 8 to Peer 6 - timeSinceLastAckMS      81276, transmitAckLastTimeMS    4758398 | Peer ---E- M#00000000 Sack00000045 NSack00000000 (C0.0% S:0.0) [  ]
21:15:31.83   Activating screen: GameScreen
21:15:31.83   Activating screen: Decorators_widescreen
21:15:31.83   Activating screen: Taskbar_widescreen
21:15:31.83   Activating screen: SubtitleScreen
21:15:31.83   Activating screen: TextOverlayScreen
21:15:35.37   RLINK -- SENDING FORCED ACK from Peer 8 to Peer 6 - timeSinceLastAckMS       4121, transmitAckLastTimeMS    4762519 | Peer ---E- M#00000000 Sack00000046 NSack00000000 (C0.0% S:0.0) [  ]
21:15:35.63   Activating screen: TacticalMap_widescreen
21:15:35.63   Activating screen: TextOverlayScreen
21:15:36.61   Activating screen: GameScreen
21:15:36.61   Activating screen: Decorators_widescreen
21:15:36.61   Activating screen: Taskbar_widescreen
21:15:36.61   Activating screen: SubtitleScreen
21:15:36.61   Activating screen: TextOverlayScreen
21:15:39.24   Activating screen: TacticalMap_widescreen
21:15:39.24   Activating screen: TextOverlayScreen
21:15:40.01   Activating screen: GameScreen
21:15:40.01   Activating screen: Decorators_widescreen
21:15:40.01   Activating screen: Taskbar_widescreen
21:15:40.01   Activating screen: SubtitleScreen
21:15:40.01   Activating screen: TextOverlayScreen
21:15:47.63   Activating screen: TacticalMap_widescreen
21:15:47.63   Activating screen: TextOverlayScreen
21:15:48.00   RLINK -- Transport - median kBPS [hi/cur] sent = 0.2/0.0, recvd = 0.0/0.0, #p/sec[s/r] = 0.0/0.0, max unsent 0, version err 0, merge 0
21:15:48.38   Activating screen: GameScreen
21:15:48.38   Activating screen: Decorators_widescreen
21:15:48.38   Activating screen: Taskbar_widescreen
21:15:48.38   Activating screen: SubtitleScreen
21:15:48.38   Activating screen: TextOverlayScreen
21:15:48.91   Activating screen: TacticalMap_widescreen
21:15:48.91   Activating screen: TextOverlayScreen
21:15:49.66   Activating screen: GameScreen
21:15:49.66   Activating screen: Decorators_widescreen
21:15:49.66   Activating screen: Taskbar_widescreen
21:15:49.66   Activating screen: SubtitleScreen
21:15:49.66   Activating screen: TextOverlayScreen
21:16:05.64   RLINK -- SENDING FORCED ACK from Peer 8 to Peer 1 - timeSinceLastAckMS     122186, transmitAckLastTimeMS    4792789 | Peer ---E- M#00000000 Sack00000169 NSack00000000 (C0.0% S:0.0) [  ]
21:16:05.91   RLINK -- SENDING FORCED ACK from Peer 8 to Peer 1 - timeSinceLastAckMS        273, transmitAckLastTimeMS    4793062 | Peer ---E- M#00000000 Sack00000171 NSack00000000 (C0.0% S:0.0) [  ]
21:16:06.18   RLINK -- SENDING FORCED ACK from Peer 8 to Peer 1 - timeSinceLastAckMS        273, transmitAckLastTimeMS    4793335 | Peer ---E- M#00000000 Sack00000173 NSack00000000 (C0.0% S:0.0) [  ]
21:16:12.04   Activating screen: TacticalMap_widescreen
21:16:12.04   Activating screen: TextOverlayScreen
21:16:13.39   Activating screen: GameScreen
21:16:13.39   Activating screen: Decorators_widescreen
21:16:13.39   Activating screen: Taskbar_widescreen
21:16:13.39   Activating screen: SubtitleScreen
21:16:13.39   Activating screen: TextOverlayScreen
21:16:13.68   Activating screen: TacticalMap_widescreen
21:16:13.68   Activating screen: TextOverlayScreen
21:16:14.23   Activating screen: GameScreen
21:16:14.23   Activating screen: Decorators_widescreen
21:16:14.23   Activating screen: Taskbar_widescreen
21:16:14.23   Activating screen: SubtitleScreen
21:16:14.23   Activating screen: TextOverlayScreen
21:16:22.16   RLINK -- SENDING FORCED ACK from Peer 8 to Peer 6 - timeSinceLastAckMS      46791, transmitAckLastTimeMS    4809310 | Peer ---E- M#00000000 Sack00000047 NSack00000000 (C0.0% S:0.0) [  ]
21:16:23.15   Activating screen: TacticalMap_widescreen
21:16:23.15   Activating screen: TextOverlayScreen
21:16:24.21   Activating screen: GameScreen
21:16:24.21   Activating screen: Decorators_widescreen
21:16:24.21   Activating screen: Taskbar_widescreen
21:16:24.21   Activating screen: SubtitleScreen
21:16:24.21   Activating screen: TextOverlayScreen
21:16:25.66   Activating screen: TacticalMap_widescreen
21:16:25.66   Activating screen: TextOverlayScreen
21:16:26.51   Activating screen: GameScreen
21:16:26.51   Activating screen: Decorators_widescreen
21:16:26.51   Activating screen: Taskbar_widescreen
21:16:26.51   Activating screen: SubtitleScreen
21:16:26.51   Activating screen: TextOverlayScreen
21:16:26.81   Activating screen: TacticalMap_widescreen
21:16:26.81   Activating screen: TextOverlayScreen
21:16:27.78   Activating screen: GameScreen
21:16:27.78   Activating screen: Decorators_widescreen
21:16:27.78   Activating screen: Taskbar_widescreen
21:16:27.78   Activating screen: SubtitleScreen
21:16:27.78   Activating screen: TextOverlayScreen
21:16:30.02   RLINK -- local      PeerID 8 LOCL ack=  0 (  0ms~0) unack=  0, retry=  0, highwaterOOS=0 (ip=WINaddr:192.168.50.236:6112;), pending=0, dead=0, RS#=0/0
21:16:30.02   RLINK --       host PeerID 1 RELY ack=194 (496ms~22) unack=  0, retry=  0, highwaterOOS=4 (ip=WINaddr:192.168.10.3:6112;), pending=0, dead=0, RS#=193/193
21:16:30.02   RLINK --            PeerID 2 RELY ack= 58 (496ms~22) unack=  0, retry=  0, highwaterOOS=0 (ip=WINaddr:192.168.1.146:6112;), pending=0, dead=0, RS#=58/58
21:16:30.02   RLINK --            PeerID 3 RELY ack= 58 (496ms~22) unack=  0, retry=  0, highwaterOOS=0 (ip=WINaddr:192.168.1.107:6112;), pending=0, dead=0, RS#=58/58
21:16:30.02   RLINK --            PeerID 4 RELY ack= 58 (557ms~78) unack=  0, retry=  1, highwaterOOS=0 (ip=WINaddr:192.168.1.42:6112;), pending=0, dead=0, RS#=58/58
21:16:30.02   RLINK --            PeerID 6 RELY ack= 58 (496ms~22) unack=  0, retry=  0, highwaterOOS=0 (ip=WINaddr:192.168.1.33:6112;), pending=0, dead=0, RS#=58/58
21:16:30.02   RLINK --            PeerID 7 RELY ack= 58 (496ms~21) unack=  0, retry=  0, highwaterOOS=0 (ip=WINaddr:192.168.1.106:6112;), pending=0, dead=0, RS#=58/58
21:16:30.02   RLINK --            PeerID 9 RELY ack= 58 (496ms~22) unack=  0, retry=  0, highwaterOOS=0 (ip=WINaddr:192.168.1.43:6112;), pending=0, dead=0, RS#=58/58
21:16:30.02   RLINK -- MessageCounts: inval=0/0, seek=0/0, join=0/0, ichk=0/0, sk_r=0/0, deny=0/0, Padd=0/0, Pdel=0/0, drop=0/0, data=526/8, mdat=0/488, voip=0/0, rchk=0/0, nudg=0/0, Thdr=0/0, Peer=8/8, PPrx=6/16, ping=0/0, Pfrg=0/0, rely=0/0, lb_p=2/2, lb_c=0/0, cast=0/0, cdat=481/0, sorq1=0/0, sorp=0/0, acto=0/0, spob=0/0, sorq2=0/0
21:16:37.47   Activating screen: TacticalMap_widescreen
21:16:37.47   Activating screen: TextOverlayScreen
21:16:38.30   Activating screen: GameScreen
21:16:38.30   Activating screen: Decorators_widescreen
21:16:38.30   Activating screen: Taskbar_widescreen
21:16:38.30   Activating screen: SubtitleScreen
21:16:38.30   Activating screen: TextOverlayScreen
21:16:39.81   Activating screen: TacticalMap_widescreen
21:16:39.81   Activating screen: TextOverlayScreen
21:16:40.42   Activating screen: GameScreen
21:16:40.42   Activating screen: Decorators_widescreen
21:16:40.42   Activating screen: Taskbar_widescreen
21:16:40.42   Activating screen: SubtitleScreen
21:16:40.42   Activating screen: TextOverlayScreen
21:16:41.33   Activating screen: TacticalMap_widescreen
21:16:41.33   Activating screen: TextOverlayScreen
21:16:42.09   Activating screen: GameScreen
21:16:42.09   Activating screen: Decorators_widescreen
21:16:42.09   Activating screen: Taskbar_widescreen
21:16:42.09   Activating screen: SubtitleScreen
21:16:42.09   Activating screen: TextOverlayScreen
21:16:42.28   RLINK -- SENDING FORCED ACK from Peer 8 to Peer 6 - timeSinceLastAckMS      20122, transmitAckLastTimeMS    4829432 | Peer ---E- M#00000000 Sack00000048 NSack00000000 (C0.0% S:0.0) [  ]
21:16:42.48   Activating screen: TacticalMap_widescreen
21:16:42.48   Activating screen: TextOverlayScreen
21:16:43.18   Activating screen: GameScreen
21:16:43.18   Activating screen: Decorators_widescreen
21:16:43.18   Activating screen: Taskbar_widescreen
21:16:43.18   Activating screen: SubtitleScreen
21:16:43.18   Activating screen: TextOverlayScreen
21:16:49.00   RLINK -- Transport - median kBPS [hi/cur] sent = 0.2/0.0, recvd = 0.0/0.0, #p/sec[s/r] = 0.0/0.0, max unsent 0, version err 0, merge 0
21:16:49.91   RLINK -- SENDING FORCED ACK from Peer 8 to Peer 6 - timeSinceLastAckMS       7626, transmitAckLastTimeMS    4837058 | Peer ---E- M#00000000 Sack00000049 NSack00000000 (C0.0% S:0.0) [  ]
21:17:04.43   RLINK -- SENDING FORCED ACK from Peer 8 to Peer 7 - timeSinceLastAckMS       3206, transmitAckLastTimeMS    4851583 | Peer ---E- M#00000000 Sack00000051 NSack00000000 (C0.0% S:0.0) [  ]
21:17:09.06   RLINK -- SENDING FORCED ACK from Peer 8 to Peer 7 - timeSinceLastAckMS       4628, transmitAckLastTimeMS    4856211 | Peer ---E- M#00000000 Sack00000052 NSack00000000 (C0.0% S:0.0) [  ]
21:17:09.42   RLINK -- SENDING FORCED ACK from Peer 8 to Peer 7 - timeSinceLastAckMS        364, transmitAckLastTimeMS    4856575 | Peer ---E- M#00000000 Sack00000053 NSack00000000 (C0.0% S:0.0) [  ]
21:17:19.01   Activating screen: TacticalMap_widescreen
21:17:19.01   Activating screen: TextOverlayScreen
21:17:19.55   RLINK -- SENDING FORCED ACK from Peer 8 to Peer 3 - timeSinceLastAckMS       1110, transmitAckLastTimeMS    4866701 | Peer ---E- M#00000000 Sack00000038 NSack00000000 (C0.0% S:0.0) [  ]
21:17:19.81   Activating screen: GameScreen
21:17:19.81   Activating screen: Decorators_widescreen
21:17:19.81   Activating screen: Taskbar_widescreen
21:17:19.81   Activating screen: SubtitleScreen
21:17:19.81   Activating screen: TextOverlayScreen
21:17:26.91   RLINK -- SENDING FORCED ACK from Peer 8 to Peer 7 - timeSinceLastAckMS       8471, transmitAckLastTimeMS    4874062 | Peer ---E- M#00000000 Sack00000054 NSack00000000 (C0.0% S:0.0) [  ]
21:17:31.02   RLINK -- local      PeerID 8 LOCL ack=  0 (  0ms~0) unack=  0, retry=  0, highwaterOOS=0 (ip=WINaddr:192.168.50.236:6112;), pending=0, dead=0, RS#=0/0
21:17:31.02   RLINK --       host PeerID 1 RELY ack=198 (473ms~11) unack=  0, retry=  0, highwaterOOS=4 (ip=WINaddr:192.168.10.3:6112;), pending=0, dead=0, RS#=197/197
21:17:31.02   RLINK --            PeerID 2 RELY ack= 62 (473ms~11) unack=  0, retry=  0, highwaterOOS=0 (ip=WINaddr:192.168.1.146:6112;), pending=0, dead=0, RS#=62/62
21:17:31.02   RLINK --            PeerID 3 RELY ack= 62 (473ms~11) unack=  0, retry=  0, highwaterOOS=0 (ip=WINaddr:192.168.1.107:6112;), pending=0, dead=0, RS#=62/62
21:17:31.02   RLINK --            PeerID 4 RELY ack= 62 (658ms~178) unack=  0, retry=  1, highwaterOOS=0 (ip=WINaddr:192.168.1.42:6112;), pending=0, dead=0, RS#=62/62
21:17:31.02   RLINK --            PeerID 6 RELY ack= 62 (473ms~11) unack=  0, retry=  0, highwaterOOS=0 (ip=WINaddr:192.168.1.33:6112;), pending=0, dead=0, RS#=62/62
21:17:31.02   RLINK --            PeerID 7 RELY ack= 62 (473ms~11) unack=  0, retry=  0, highwaterOOS=0 (ip=WINaddr:192.168.1.106:6112;), pending=0, dead=0, RS#=62/62
21:17:31.02   RLINK --            PeerID 9 RELY ack= 62 (473ms~11) unack=  0, retry=  0, highwaterOOS=0 (ip=WINaddr:192.168.1.43:6112;), pending=0, dead=0, RS#=62/62
21:17:31.02   RLINK -- MessageCounts: inval=0/0, seek=0/0, join=0/0, ichk=0/0, sk_r=0/0, deny=0/0, Padd=0/0, Pdel=0/0, drop=0/0, data=521/7, mdat=0/488, voip=0/0, rchk=0/0, nudg=0/0, Thdr=0/0, Peer=35/35, PPrx=11/70, ping=0/0, Pfrg=0/0, rely=0/0, lb_p=2/2, lb_c=0/0, cast=0/0, cdat=472/0, sorq1=0/0, sorp=0/0, acto=0/0, spob=0/0, sorq2=0/0
21:17:32.94   RLINK -- SENDING FORCED ACK from Peer 8 to Peer 4 - timeSinceLastAckMS       1774, transmitAckLastTimeMS    4880093 | Peer ---E- M#00000000 Sack00000028 NSack00000000 (C0.0% S:0.0) [  ]
21:17:37.07   RLINK -- SENDING FORCED ACK from Peer 8 to Peer 3 - timeSinceLastAckMS       2887, transmitAckLastTimeMS    4884217 | Peer ---E- M#00000000 Sack00000039 NSack00000000 (C0.0% S:0.0) [  ]
21:17:45.06   RLINK -- SENDING FORCED ACK from Peer 8 to Peer 7 - timeSinceLastAckMS      10882, transmitAckLastTimeMS    4892212 | Peer ---E- M#00000000 Sack00000055 NSack00000000 (C0.0% S:0.0) [  ]
21:17:45.43   RLINK -- SENDING FORCED ACK from Peer 8 to Peer 4 - timeSinceLastAckMS      11248, transmitAckLastTimeMS    4892578 | Peer ---E- M#00000000 Sack00000029 NSack00000000 (C0.0% S:0.0) [  ]
21:17:46.44   RLINK -- SENDING FORCED ACK from Peer 8 to Peer 7 - timeSinceLastAckMS       1377, transmitAckLastTimeMS    4893589 | Peer ---E- M#00000000 Sack00000056 NSack00000000 (C0.0% S:0.0) [  ]
21:17:47.75   RLINK -- SENDING RETRY - Peer 8 to Peer 4 retryTimeMS       1256 oneMsg.lastTransmitTime    4893635, timeSinceLastTransmitMS       1263 | Peer RS--- M#00000065 Sack00000029 NSack00000000 (C0.0% S:0.0) [ PKT SIZE:47 data DestChannel:�{, Size:43  ]
21:17:49.33   RLINK -- SENDING FORCED ACK from Peer 8 to Peer 6 - timeSinceLastAckMS       2843, transmitAckLastTimeMS    4896478 | Peer ---E- M#00000000 Sack00000050 NSack00000000 (C0.0% S:0.0) [  ]
21:17:49.94   RLINK -- SENDING FORCED ACK from Peer 8 to Peer 6 - timeSinceLastAckMS        302, transmitAckLastTimeMS    4897091 | Peer ---E- M#00000000 Sack00000051 NSack00000000 (C0.0% S:0.0) [  ]
21:17:50.00   RLINK -- Transport - median kBPS [hi/cur] sent = 0.2/0.0, recvd = 0.0/0.0, #p/sec[s/r] = 0.0/0.0, max unsent 0, version err 0, merge 0
21:17:51.42   RLINK -- SENDING FORCED ACK from Peer 8 to Peer 6 - timeSinceLastAckMS       1485, transmitAckLastTimeMS    4898576 | Peer ---E- M#00000000 Sack00000052 NSack00000000 (C0.0% S:0.0) [  ]
21:17:51.55   RLINK -- SENDING FORCED ACK from Peer 8 to Peer 4 - timeSinceLastAckMS       1911, transmitAckLastTimeMS    4898700 | Peer ---E- M#00000000 Sack00000030 NSack00000000 (C0.0% S:0.0) [  ]
21:17:52.67   RLINK -- [P#8] SrcP# 4 ignoring old retry: 30 expect: 31
21:18:03.43   Activating screen: TacticalMap_widescreen
21:18:03.43   Activating screen: TextOverlayScreen
21:18:04.17   Activating screen: GameScreen
21:18:04.17   Activating screen: Decorators_widescreen
21:18:04.17   Activating screen: Taskbar_widescreen
21:18:04.17   Activating screen: SubtitleScreen
21:18:04.17   Activating screen: TextOverlayScreen
21:18:05.96   Activating screen: TacticalMap_widescreen
21:18:05.96   Activating screen: TextOverlayScreen
21:18:07.50   Activating screen: GameScreen
21:18:07.50   Activating screen: Decorators_widescreen
21:18:07.50   Activating screen: Taskbar_widescreen
21:18:07.50   Activating screen: SubtitleScreen
21:18:07.50   Activating screen: TextOverlayScreen
21:18:11.11   Activating screen: TacticalMap_widescreen
21:18:11.11   Activating screen: TextOverlayScreen
21:18:11.91   Activating screen: GameScreen
21:18:11.91   Activating screen: Decorators_widescreen
21:18:11.91   Activating screen: Taskbar_widescreen
21:18:11.91   Activating screen: SubtitleScreen
21:18:11.91   Activating screen: TextOverlayScreen
21:18:13.53   Activating screen: TacticalMap_widescreen
21:18:13.53   Activating screen: TextOverlayScreen
21:18:14.29   Activating screen: GameScreen
21:18:14.29   Activating screen: Decorators_widescreen
21:18:14.29   Activating screen: Taskbar_widescreen
21:18:14.29   Activating screen: SubtitleScreen
21:18:14.29   Activating screen: TextOverlayScreen
21:18:18.44   RLINK -- SENDING FORCED ACK from Peer 8 to Peer 6 - timeSinceLastAckMS      27012, transmitAckLastTimeMS    4925588 | Peer ---E- M#00000000 Sack00000053 NSack00000000 (C0.0% S:0.0) [  ]
21:18:24.49   Activating screen: TacticalMap_widescreen
21:18:24.49   Activating screen: TextOverlayScreen
21:18:25.47   Activating screen: GameScreen
21:18:25.47   Activating screen: Decorators_widescreen
21:18:25.47   Activating screen: Taskbar_widescreen
21:18:25.47   Activating screen: SubtitleScreen
21:18:25.47   Activating screen: TextOverlayScreen
21:18:31.76   Activating screen: TacticalMap_widescreen
21:18:31.76   Activating screen: TextOverlayScreen
21:18:32.02   RLINK -- local      PeerID 8 LOCL ack=  0 (  0ms~0) unack=  0, retry=  0, highwaterOOS=0 (ip=WINaddr:192.168.50.236:6112;), pending=0, dead=0, RS#=0/0
21:18:32.02   RLINK --       host PeerID 1 RELY ack=202 (506ms~54) unack=  0, retry=  0, highwaterOOS=4 (ip=WINaddr:192.168.10.3:6112;), pending=0, dead=0, RS#=201/201
21:18:32.02   RLINK --            PeerID 2 RELY ack= 66 (506ms~54) unack=  0, retry=  0, highwaterOOS=0 (ip=WINaddr:192.168.1.146:6112;), pending=0, dead=0, RS#=66/66
21:18:32.02   RLINK --            PeerID 3 RELY ack= 66 (506ms~54) unack=  0, retry=  0, highwaterOOS=0 (ip=WINaddr:192.168.1.107:6112;), pending=0, dead=0, RS#=66/66
21:18:32.02   RLINK --            PeerID 4 RELY ack= 66 (832ms~228) unack=  0, retry=  2, highwaterOOS=0 (ip=WINaddr:192.168.1.42:6112;), pending=0, dead=0, RS#=66/66
21:18:32.02   RLINK --            PeerID 6 RELY ack= 66 (506ms~54) unack=  0, retry=  0, highwaterOOS=0 (ip=WINaddr:192.168.1.33:6112;), pending=0, dead=0, RS#=66/66
21:18:32.02   RLINK --            PeerID 7 RELY ack= 66 (519ms~69) unack=  0, retry=  0, highwaterOOS=0 (ip=WINaddr:192.168.1.106:6112;), pending=0, dead=0, RS#=66/66
21:18:32.02   RLINK --            PeerID 9 RELY ack= 66 (504ms~53) unack=  0, retry=  0, highwaterOOS=0 (ip=WINaddr:192.168.1.43:6112;), pending=0, dead=0, RS#=66/66
21:18:32.02   RLINK -- MessageCounts: inval=0/0, seek=0/0, join=0/0, ichk=0/0, sk_r=0/0, deny=0/0, Padd=0/0, Pdel=0/0, drop=0/0, data=530/12, mdat=0/488, voip=0/0, rchk=0/0, nudg=0/0, Thdr=0/0, Peer=39/39, PPrx=15/78, ping=0/0, Pfrg=0/0, rely=0/0, lb_p=2/2, lb_c=0/0, cast=0/0, cdat=479/0, sorq1=0/0, sorp=0/0, acto=0/0, spob=0/0, sorq2=0/0
21:18:32.99   Activating screen: GameScreen
21:18:32.99   Activating screen: Decorators_widescreen
21:18:32.99   Activating screen: Taskbar_widescreen
21:18:32.99   Activating screen: SubtitleScreen
21:18:32.99   Activating screen: TextOverlayScreen
21:18:49.26   Activating screen: TacticalMap_widescreen
21:18:49.26   Activating screen: TextOverlayScreen
21:18:50.20   Activating screen: GameScreen
21:18:50.20   Activating screen: Decorators_widescreen
21:18:50.20   Activating screen: Taskbar_widescreen
21:18:50.20   Activating screen: SubtitleScreen
21:18:50.20   Activating screen: TextOverlayScreen
21:18:51.00   RLINK -- Transport - median kBPS [hi/cur] sent = 0.2/0.0, recvd = 0.0/0.0, #p/sec[s/r] = 0.0/0.0, max unsent 0, version err 0, merge 0
21:19:19.09   Activating screen: TacticalMap_widescreen
21:19:19.09   Activating screen: TextOverlayScreen
21:19:20.43   Activating screen: GameScreen
21:19:20.43   Activating screen: Decorators_widescreen
21:19:20.43   Activating screen: Taskbar_widescreen
21:19:20.43   Activating screen: SubtitleScreen
21:19:20.43   Activating screen: TextOverlayScreen
21:19:20.83   Activating screen: TacticalMap_widescreen
21:19:20.83   Activating screen: TextOverlayScreen
21:19:21.78   Activating screen: GameScreen
21:19:21.78   Activating screen: Decorators_widescreen
21:19:21.78   Activating screen: Taskbar_widescreen
21:19:21.78   Activating screen: SubtitleScreen
21:19:21.78   Activating screen: TextOverlayScreen
21:19:26.32   Activating screen: TacticalMap_widescreen
21:19:26.32   Activating screen: TextOverlayScreen
21:19:28.84   Activating screen: GameScreen
21:19:28.84   Activating screen: Decorators_widescreen
21:19:28.84   Activating screen: Taskbar_widescreen
21:19:28.84   Activating screen: SubtitleScreen
21:19:28.84   Activating screen: TextOverlayScreen
21:19:33.02   RLINK -- local      PeerID 8 LOCL ack=  0 (  0ms~0) unack=  0, retry=  0, highwaterOOS=0 (ip=WINaddr:192.168.50.236:6112;), pending=0, dead=0, RS#=0/0
21:19:33.02   RLINK --       host PeerID 1 RELY ack=203 (497ms~36) unack=  0, retry=  0, highwaterOOS=4 (ip=WINaddr:192.168.10.3:6112;), pending=0, dead=0, RS#=202/202
21:19:33.02   RLINK --            PeerID 2 RELY ack= 67 (497ms~36) unack=  0, retry=  0, highwaterOOS=0 (ip=WINaddr:192.168.1.146:6112;), pending=0, dead=0, RS#=67/67
21:19:33.02   RLINK --            PeerID 3 RELY ack= 67 (497ms~36) unack=  0, retry=  0, highwaterOOS=0 (ip=WINaddr:192.168.1.107:6112;), pending=0, dead=0, RS#=67/67
21:19:33.02   RLINK --            PeerID 4 RELY ack= 67 (781ms~164) unack=  0, retry=  2, highwaterOOS=0 (ip=WINaddr:192.168.1.42:6112;), pending=0, dead=0, RS#=67/67
21:19:33.02   RLINK --            PeerID 6 RELY ack= 67 (497ms~36) unack=  0, retry=  0, highwaterOOS=0 (ip=WINaddr:192.168.1.33:6112;), pending=0, dead=0, RS#=67/67
21:19:33.03   RLINK --            PeerID 7 RELY ack= 67 (503ms~49) unack=  0, retry=  0, highwaterOOS=0 (ip=WINaddr:192.168.1.106:6112;), pending=0, dead=0, RS#=67/67
21:19:33.03   RLINK --            PeerID 9 RELY ack= 67 (496ms~34) unack=  0, retry=  0, highwaterOOS=0 (ip=WINaddr:192.168.1.43:6112;), pending=0, dead=0, RS#=67/67
21:19:33.03   RLINK -- MessageCounts: inval=0/0, seek=0/0, join=0/0, ichk=0/0, sk_r=0/0, deny=0/0, Padd=0/0, Pdel=0/0, drop=0/0, data=525/0, mdat=0/487, voip=0/0, rchk=0/0, nudg=0/0, Thdr=0/0, Peer=7/7, PPrx=1/14, ping=0/0, Pfrg=0/0, rely=0/0, lb_p=2/2, lb_c=0/0, cast=0/0, cdat=481/0, sorq1=0/0, sorp=0/0, acto=0/0, spob=0/0, sorq2=0/0
21:19:33.17   Activating screen: TacticalMap_widescreen
21:19:33.17   Activating screen: TextOverlayScreen
21:19:34.05   Activating screen: GameScreen
21:19:34.05   Activating screen: Decorators_widescreen
21:19:34.05   Activating screen: Taskbar_widescreen
21:19:34.05   Activating screen: SubtitleScreen
21:19:34.05   Activating screen: TextOverlayScreen
21:19:35.38   Activating screen: TacticalMap_widescreen
21:19:35.38   Activating screen: TextOverlayScreen
21:19:35.61   RLINK -- SENDING FORCED ACK from Peer 8 to Peer 6 - timeSinceLastAckMS      51116, transmitAckLastTimeMS    5002762 | Peer ---E- M#00000000 Sack00000054 NSack00000000 (C0.0% S:0.0) [  ]
21:19:37.98   Activating screen: GameScreen
21:19:37.98   Activating screen: Decorators_widescreen
21:19:37.98   Activating screen: Taskbar_widescreen
21:19:37.98   Activating screen: SubtitleScreen
21:19:37.98   Activating screen: TextOverlayScreen
21:19:37.99   RLINK -- SENDING FORCED ACK from Peer 8 to Peer 6 - timeSinceLastAckMS       2376, transmitAckLastTimeMS    5005138 | Peer ---E- M#00000000 Sack00000055 NSack00000000 (C0.0% S:0.0) [  ]
21:19:42.50   RLINK -- SENDING FORCED ACK from Peer 8 to Peer 1 - timeSinceLastAckMS      58008, transmitAckLastTimeMS    5009654 | Peer ---E- M#00000000 Sack00000174 NSack00000000 (C0.0% S:0.0) [  ]
21:19:43.71   Activating screen: TacticalMap_widescreen
21:19:43.71   Activating screen: TextOverlayScreen
21:19:44.32   Activating screen: GameScreen
21:19:44.32   Activating screen: Decorators_widescreen
21:19:44.32   Activating screen: Taskbar_widescreen
21:19:44.32   Activating screen: SubtitleScreen
21:19:44.32   Activating screen: TextOverlayScreen
21:19:48.55   Activating screen: TacticalMap_widescreen
21:19:48.55   Activating screen: TextOverlayScreen
21:19:49.30   Activating screen: GameScreen
21:19:49.30   Activating screen: Decorators_widescreen
21:19:49.30   Activating screen: Taskbar_widescreen
21:19:49.30   Activating screen: SubtitleScreen
21:19:49.30   Activating screen: TextOverlayScreen
21:19:50.22   Activating screen: TacticalMap_widescreen
21:19:50.22   Activating screen: TextOverlayScreen
21:19:50.88   RLINK -- SENDING FORCED ACK from Peer 8 to Peer 6 - timeSinceLastAckMS      12897, transmitAckLastTimeMS    5018035 | Peer ---E- M#00000000 Sack00000056 NSack00000000 (C0.0% S:0.0) [  ]
21:19:51.88   Activating screen: GameScreen
21:19:51.88   Activating screen: Decorators_widescreen
21:19:51.88   Activating screen: Taskbar_widescreen
21:19:51.88   Activating screen: SubtitleScreen
21:19:51.88   Activating screen: TextOverlayScreen
21:19:52.01   RLINK -- Transport - median kBPS [hi/cur] sent = 0.2/0.0, recvd = 0.0/0.0, #p/sec[s/r] = 0.0/0.0, max unsent 0, version err 0, merge 0
21:20:04.73   Activating screen: TacticalMap_widescreen
21:20:04.73   Activating screen: TextOverlayScreen
21:20:05.60   Activating screen: GameScreen
21:20:05.60   Activating screen: Decorators_widescreen
21:20:05.60   Activating screen: Taskbar_widescreen
21:20:05.60   Activating screen: SubtitleScreen
21:20:05.60   Activating screen: TextOverlayScreen
21:20:08.09   Activating screen: TacticalMap_widescreen
21:20:08.09   Activating screen: TextOverlayScreen
21:20:08.74   Activating screen: GameScreen
21:20:08.74   Activating screen: Decorators_widescreen
21:20:08.74   Activating screen: Taskbar_widescreen
21:20:08.74   Activating screen: SubtitleScreen
21:20:08.74   Activating screen: TextOverlayScreen
21:20:09.66   Activating screen: TacticalMap_widescreen
21:20:09.66   Activating screen: TextOverlayScreen
21:20:10.36   Activating screen: GameScreen
21:20:10.36   Activating screen: Decorators_widescreen
21:20:10.36   Activating screen: Taskbar_widescreen
21:20:10.36   Activating screen: SubtitleScreen
21:20:10.36   Activating screen: TextOverlayScreen
21:20:20.70   Activating screen: TacticalMap_widescreen
21:20:20.70   Activating screen: TextOverlayScreen
21:20:21.76   Activating screen: GameScreen
21:20:21.76   Activating screen: Decorators_widescreen
21:20:21.76   Activating screen: Taskbar_widescreen
21:20:21.76   Activating screen: SubtitleScreen
21:20:21.76   Activating screen: TextOverlayScreen
21:20:23.39   Activating screen: TacticalMap_widescreen
21:20:23.39   Activating screen: TextOverlayScreen
21:20:24.03   Activating screen: GameScreen
21:20:24.03   Activating screen: Decorators_widescreen
21:20:24.03   Activating screen: Taskbar_widescreen
21:20:24.03   Activating screen: SubtitleScreen
21:20:24.03   Activating screen: TextOverlayScreen
21:20:26.12   Activating screen: TacticalMap_widescreen
21:20:26.12   Activating screen: TextOverlayScreen
21:20:26.66   RLINK -- SENDING FORCED ACK from Peer 8 to Peer 1 - timeSinceLastAckMS      44155, transmitAckLastTimeMS    5053809 | Peer ---E- M#00000000 Sack00000175 NSack00000000 (C0.0% S:0.0) [  ]
21:20:27.19   Activating screen: GameScreen
21:20:27.19   Activating screen: Decorators_widescreen
21:20:27.19   Activating screen: Taskbar_widescreen
21:20:27.19   Activating screen: SubtitleScreen
21:20:27.19   Activating screen: TextOverlayScreen
21:20:27.27   RLINK -- SENDING FORCED ACK from Peer 8 to Peer 1 - timeSinceLastAckMS        611, transmitAckLastTimeMS    5054420 | Peer ---E- M#00000000 Sack00000176 NSack00000000 (C0.0% S:0.0) [  ]
21:20:27.91   RLINK -- SENDING FORCED ACK from Peer 8 to Peer 1 - timeSinceLastAckMS        640, transmitAckLastTimeMS    5055060 | Peer ---E- M#00000000 Sack00000177 NSack00000000 (C0.0% S:0.0) [  ]
21:20:28.52   RLINK -- SENDING FORCED ACK from Peer 8 to Peer 1 - timeSinceLastAckMS        609, transmitAckLastTimeMS    5055669 | Peer ---E- M#00000000 Sack00000178 NSack00000000 (C0.0% S:0.0) [  ]
21:20:29.28   RLINK -- SENDING FORCED ACK from Peer 8 to Peer 1 - timeSinceLastAckMS        758, transmitAckLastTimeMS    5056427 | Peer ---E- M#00000000 Sack00000179 NSack00000000 (C0.0% S:0.0) [  ]
21:20:30.15   RLINK -- SENDING FORCED ACK from Peer 8 to Peer 1 - timeSinceLastAckMS        875, transmitAckLastTimeMS    5057302 | Peer ---E- M#00000000 Sack00000180 NSack00000000 (C0.0% S:0.0) [  ]
21:20:30.64   RLINK -- SENDING FORCED ACK from Peer 8 to Peer 1 - timeSinceLastAckMS        489, transmitAckLastTimeMS    5057791 | Peer ---E- M#00000000 Sack00000181 NSack00000000 (C0.0% S:0.0) [  ]
21:20:30.95   Warning: upgrade in upgrade prerequisite doesn't exist
21:20:31.08   Warning: upgrade in upgrade prerequisite doesn't exist
21:20:31.28   RLINK -- SENDING FORCED ACK from Peer 8 to Peer 1 - timeSinceLastAckMS        636, transmitAckLastTimeMS    5058427 | Peer ---E- M#00000000 Sack00000182 NSack00000000 (C0.0% S:0.0) [  ]
21:20:32.53   RLINK -- SENDING FORCED ACK from Peer 8 to Peer 2 - timeSinceLastAckMS     108034, transmitAckLastTimeMS    5059680 | Peer ---E- M#00000000 Sack00000041 NSack00000000 (C0.0% S:0.0) [  ]
21:20:34.02   RLINK -- local      PeerID 8 LOCL ack=  0 (  0ms~0) unack=  0, retry=  0, highwaterOOS=0 (ip=WINaddr:192.168.50.236:6112;), pending=0, dead=0, RS#=0/0
21:20:34.02   RLINK --       host PeerID 1 RELY ack=203 (497ms~36) unack=  0, retry=  0, highwaterOOS=4 (ip=WINaddr:192.168.10.3:6112;), pending=0, dead=0, RS#=202/202
21:20:34.02   RLINK --            PeerID 2 RELY ack= 67 (497ms~36) unack=  0, retry=  0, highwaterOOS=0 (ip=WINaddr:192.168.1.146:6112;), pending=0, dead=0, RS#=67/67
21:20:34.02   RLINK --            PeerID 3 RELY ack= 67 (497ms~36) unack=  0, retry=  0, highwaterOOS=0 (ip=WINaddr:192.168.1.107:6112;), pending=0, dead=0, RS#=67/67
21:20:34.02   RLINK --            PeerID 4 RELY ack= 67 (781ms~164) unack=  0, retry=  2, highwaterOOS=0 (ip=WINaddr:192.168.1.42:6112;), pending=0, dead=0, RS#=67/67
21:20:34.02   RLINK --            PeerID 6 RELY ack= 67 (497ms~36) unack=  0, retry=  0, highwaterOOS=0 (ip=WINaddr:192.168.1.33:6112;), pending=0, dead=0, RS#=67/67
21:20:34.02   RLINK --            PeerID 7 RELY ack= 67 (503ms~49) unack=  0, retry=  0, highwaterOOS=0 (ip=WINaddr:192.168.1.106:6112;), pending=0, dead=0, RS#=67/67
21:20:34.02   RLINK --            PeerID 9 RELY ack= 67 (496ms~34) unack=  0, retry=  0, highwaterOOS=0 (ip=WINaddr:192.168.1.43:6112;), pending=0, dead=0, RS#=67/67
21:20:34.02   RLINK -- MessageCounts: inval=0/0, seek=0/0, join=0/0, ichk=0/0, sk_r=0/0, deny=0/0, Padd=0/0, Pdel=0/0, drop=0/0, data=509/13, mdat=0/488, voip=0/0, rchk=0/0, nudg=0/0, Thdr=0/0, Peer=13/13, PPrx=13/26, ping=0/0, Pfrg=0/0, rely=0/0, lb_p=2/2, lb_c=0/0, cast=0/0, cdat=467/0, sorq1=0/0, sorp=0/0, acto=0/0, spob=0/0, sorq2=0/0
21:20:34.66   RLINK -- SENDING FORCED ACK from Peer 8 to Peer 2 - timeSinceLastAckMS       2127, transmitAckLastTimeMS    5061807 | Peer ---E- M#00000000 Sack00000042 NSack00000000 (C0.0% S:0.0) [  ]
21:20:53.00   RLINK -- Transport - median kBPS [hi/cur] sent = 0.2/0.0, recvd = 0.0/0.0, #p/sec[s/r] = 0.0/0.0, max unsent 0, version err 0, merge 0
21:21:05.05   Activating screen: TacticalMap_widescreen
21:21:05.05   Activating screen: TextOverlayScreen
21:21:06.03   Activating screen: GameScreen
21:21:06.03   Activating screen: Decorators_widescreen
21:21:06.03   Activating screen: Taskbar_widescreen
21:21:06.03   Activating screen: SubtitleScreen
21:21:06.03   Activating screen: TextOverlayScreen
21:21:12.42   RLINK -- SENDING FORCED ACK from Peer 8 to Peer 7 - timeSinceLastAckMS      17135, transmitAckLastTimeMS    5099574 | Peer ---E- M#00000000 Sack00000057 NSack00000000 (C0.0% S:0.0) [  ]
21:21:15.42   RLINK -- SENDING FORCED ACK from Peer 8 to Peer 7 - timeSinceLastAckMS       3001, transmitAckLastTimeMS    5102575 | Peer ---E- M#00000000 Sack00000058 NSack00000000 (C0.0% S:0.0) [  ]
21:21:26.43   RLINK -- SENDING FORCED ACK from Peer 8 to Peer 7 - timeSinceLastAckMS       3368, transmitAckLastTimeMS    5113580 | Peer ---E- M#00000000 Sack00000059 NSack00000000 (C0.0% S:0.0) [  ]
21:21:33.17   Activating screen: TacticalMap_widescreen
21:21:33.17   Activating screen: TextOverlayScreen
21:21:33.90   Activating screen: GameScreen
21:21:33.90   Activating screen: Decorators_widescreen
21:21:33.90   Activating screen: Taskbar_widescreen
21:21:33.90   Activating screen: SubtitleScreen
21:21:33.90   Activating screen: TextOverlayScreen
21:21:35.01   RLINK -- local      PeerID 8 LOCL ack=  0 (  0ms~0) unack=  0, retry=  0, highwaterOOS=0 (ip=WINaddr:192.168.50.236:6112;), pending=0, dead=0, RS#=0/0
21:21:35.01   RLINK --       host PeerID 1 RELY ack=208 (485ms~18) unack=  0, retry=  0, highwaterOOS=4 (ip=WINaddr:192.168.10.3:6112;), pending=0, dead=0, RS#=207/207
21:21:35.01   RLINK --            PeerID 2 RELY ack= 72 (485ms~18) unack=  0, retry=  0, highwaterOOS=0 (ip=WINaddr:192.168.1.146:6112;), pending=0, dead=0, RS#=72/72
21:21:35.01   RLINK --            PeerID 3 RELY ack= 72 (485ms~18) unack=  0, retry=  0, highwaterOOS=0 (ip=WINaddr:192.168.1.107:6112;), pending=0, dead=0, RS#=72/72
21:21:35.01   RLINK --            PeerID 4 RELY ack= 72 (693ms~217) unack=  0, retry=  2, highwaterOOS=0 (ip=WINaddr:192.168.1.42:6112;), pending=0, dead=0, RS#=72/72
21:21:35.01   RLINK --            PeerID 6 RELY ack= 72 (485ms~18) unack=  0, retry=  0, highwaterOOS=0 (ip=WINaddr:192.168.1.33:6112;), pending=0, dead=0, RS#=72/72
21:21:35.01   RLINK --            PeerID 7 RELY ack= 72 (485ms~18) unack=  0, retry=  0, highwaterOOS=0 (ip=WINaddr:192.168.1.106:6112;), pending=0, dead=0, RS#=72/72
21:21:35.01   RLINK --            PeerID 9 RELY ack= 72 (485ms~18) unack=  0, retry=  0, highwaterOOS=0 (ip=WINaddr:192.168.1.43:6112;), pending=0, dead=0, RS#=72/72
21:21:35.01   RLINK -- MessageCounts: inval=0/0, seek=0/0, join=0/0, ichk=0/0, sk_r=0/0, deny=0/0, Padd=0/0, Pdel=0/0, drop=0/0, data=546/4, mdat=0/488, voip=0/0, rchk=0/0, nudg=0/0, Thdr=0/0, Peer=39/39, PPrx=9/78, ping=0/0, Pfrg=0/0, rely=0/0, lb_p=2/2, lb_c=0/0, cast=0/0, cdat=482/0, sorq1=0/0, sorp=0/0, acto=0/0, spob=0/0, sorq2=0/0
21:21:38.93   Activating screen: TacticalMap_widescreen
21:21:38.93   Activating screen: TextOverlayScreen
21:21:39.69   Activating screen: GameScreen
21:21:39.69   Activating screen: Decorators_widescreen
21:21:39.69   Activating screen: Taskbar_widescreen
21:21:39.69   Activating screen: SubtitleScreen
21:21:39.69   Activating screen: TextOverlayScreen
21:21:54.01   RLINK -- Transport - median kBPS [hi/cur] sent = 0.2/0.0, recvd = 0.0/0.0, #p/sec[s/r] = 0.0/0.0, max unsent 0, version err 0, merge 0
21:21:58.20   RLINK -- SENDING FORCED ACK from Peer 8 to Peer 6 - timeSinceLastAckMS      29252, transmitAckLastTimeMS    5145348 | Peer ---E- M#00000000 Sack00000057 NSack00000000 (C0.0% S:0.0) [  ]
21:22:00.09   RLINK -- SENDING FORCED ACK from Peer 8 to Peer 6 - timeSinceLastAckMS       1889, transmitAckLastTimeMS    5147237 | Peer ---E- M#00000000 Sack00000058 NSack00000000 (C0.0% S:0.0) [  ]
21:22:04.75   Activating screen: TacticalMap_widescreen
21:22:04.75   Activating screen: TextOverlayScreen
21:22:05.62   Activating screen: GameScreen
21:22:05.62   Activating screen: Decorators_widescreen
21:22:05.62   Activating screen: Taskbar_widescreen
21:22:05.62   Activating screen: SubtitleScreen
21:22:05.62   Activating screen: TextOverlayScreen
21:22:18.64   Activating screen: TacticalMap_widescreen
21:22:18.64   Activating screen: TextOverlayScreen
21:22:20.30   Activating screen: GameScreen
21:22:20.30   Activating screen: Decorators_widescreen
21:22:20.30   Activating screen: Taskbar_widescreen
21:22:20.30   Activating screen: SubtitleScreen
21:22:20.30   Activating screen: TextOverlayScreen
21:22:25.70   RLINK -- SENDING FORCED ACK from Peer 8 to Peer 7 - timeSinceLastAckMS      22510, transmitAckLastTimeMS    5172849 | Peer ---E- M#00000000 Sack00000060 NSack00000000 (C0.0% S:0.0) [  ]
21:22:31.98   Activating screen: TacticalMap_widescreen
21:22:31.98   Activating screen: TextOverlayScreen
21:22:32.87   Activating screen: GameScreen
21:22:32.87   Activating screen: Decorators_widescreen
21:22:32.87   Activating screen: Taskbar_widescreen
21:22:32.87   Activating screen: SubtitleScreen
21:22:32.87   Activating screen: TextOverlayScreen
21:22:34.23   RLINK -- SENDING FORCED ACK from Peer 8 to Peer 7 - timeSinceLastAckMS       8529, transmitAckLastTimeMS    5181378 | Peer ---E- M#00000000 Sack00000061 NSack00000000 (C0.0% S:0.0) [  ]
21:22:36.01   RLINK -- local      PeerID 8 LOCL ack=  0 (  0ms~0) unack=  0, retry=  0, highwaterOOS=0 (ip=WINaddr:192.168.50.236:6112;), pending=0, dead=0, RS#=0/0
21:22:36.01   RLINK --       host PeerID 1 RELY ack=209 (493ms~17) unack=  0, retry=  0, highwaterOOS=4 (ip=WINaddr:192.168.10.3:6112;), pending=0, dead=0, RS#=208/208
21:22:36.01   RLINK --            PeerID 2 RELY ack= 73 (493ms~17) unack=  0, retry=  0, highwaterOOS=0 (ip=WINaddr:192.168.1.146:6112;), pending=0, dead=0, RS#=73/73
21:22:36.01   RLINK --            PeerID 3 RELY ack= 73 (493ms~17) unack=  0, retry=  0, highwaterOOS=0 (ip=WINaddr:192.168.1.107:6112;), pending=0, dead=0, RS#=73/73
21:22:36.01   RLINK --            PeerID 4 RELY ack= 73 (597ms~203) unack=  0, retry=  2, highwaterOOS=0 (ip=WINaddr:192.168.1.42:6112;), pending=0, dead=0, RS#=73/73
21:22:36.01   RLINK --            PeerID 6 RELY ack= 73 (493ms~17) unack=  0, retry=  0, highwaterOOS=0 (ip=WINaddr:192.168.1.33:6112;), pending=0, dead=0, RS#=73/73
21:22:36.01   RLINK --            PeerID 7 RELY ack= 73 (493ms~17) unack=  0, retry=  0, highwaterOOS=0 (ip=WINaddr:192.168.1.106:6112;), pending=0, dead=0, RS#=73/73
21:22:36.01   RLINK --            PeerID 9 RELY ack= 73 (493ms~17) unack=  0, retry=  0, highwaterOOS=0 (ip=WINaddr:192.168.1.43:6112;), pending=0, dead=0, RS#=73/73
21:22:36.01   RLINK -- MessageCounts: inval=0/0, seek=0/0, join=0/0, ichk=0/0, sk_r=0/0, deny=0/0, Padd=0/0, Pdel=0/0, drop=0/0, data=527/4, mdat=0/488, voip=0/0, rchk=0/0, nudg=0/0, Thdr=0/0, Peer=11/11, PPrx=5/22, ping=0/0, Pfrg=0/0, rely=0/0, lb_p=2/2, lb_c=0/0, cast=0/0, cdat=478/0, sorq1=0/0, sorp=0/0, acto=0/0, spob=0/0, sorq2=0/0
21:22:55.00   RLINK -- Transport - median kBPS [hi/cur] sent = 0.2/0.0, recvd = 0.0/0.0, #p/sec[s/r] = 0.0/0.0, max unsent 0, version err 0, merge 0
21:22:55.21   RLINK -- SENDING FORCED ACK from Peer 8 to Peer 6 - timeSinceLastAckMS       4214, transmitAckLastTimeMS    5202359 | Peer ---E- M#00000000 Sack00000059 NSack00000000 (C0.0% S:0.0) [  ]
21:23:07.85   RLINK -- SENDING FORCED ACK from Peer 8 to Peer 7 - timeSinceLastAckMS      16856, transmitAckLastTimeMS    5215001 | Peer ---E- M#00000000 Sack00000062 NSack00000000 (C0.0% S:0.0) [  ]
21:23:20.02   Activating screen: TacticalMap_widescreen
21:23:20.02   Activating screen: TextOverlayScreen
21:23:20.67   Activating screen: GameScreen
21:23:20.67   Activating screen: Decorators_widescreen
21:23:20.67   Activating screen: Taskbar_widescreen
21:23:20.67   Activating screen: SubtitleScreen
21:23:20.67   Activating screen: TextOverlayScreen
21:23:24.23   RLINK -- SENDING FORCED ACK from Peer 8 to Peer 6 - timeSinceLastAckMS      29017, transmitAckLastTimeMS    5231376 | Peer ---E- M#00000000 Sack00000060 NSack00000000 (C0.0% S:0.0) [  ]
21:23:29.24   RLINK -- SENDING FORCED ACK from Peer 8 to Peer 6 - timeSinceLastAckMS       5016, transmitAckLastTimeMS    5236392 | Peer ---E- M#00000000 Sack00000061 NSack00000000 (C0.0% S:0.0) [  ]
21:23:31.00   RLINK -- SENDING FORCED ACK from Peer 8 to Peer 6 - timeSinceLastAckMS       1756, transmitAckLastTimeMS    5238148 | Peer ---E- M#00000000 Sack00000062 NSack00000000 (C0.0% S:0.0) [  ]
21:23:37.00   RLINK -- local      PeerID 8 LOCL ack=  0 (  0ms~0) unack=  0, retry=  0, highwaterOOS=0 (ip=WINaddr:192.168.50.236:6112;), pending=0, dead=0, RS#=0/0
21:23:37.00   RLINK --       host PeerID 1 RELY ack=210 (483ms~17) unack=  0, retry=  0, highwaterOOS=4 (ip=WINaddr:192.168.10.3:6112;), pending=0, dead=0, RS#=209/209
21:23:37.00   RLINK --            PeerID 2 RELY ack= 74 (483ms~17) unack=  0, retry=  0, highwaterOOS=0 (ip=WINaddr:192.168.1.146:6112;), pending=0, dead=0, RS#=74/74
21:23:37.00   RLINK --            PeerID 3 RELY ack= 74 (483ms~17) unack=  0, retry=  0, highwaterOOS=0 (ip=WINaddr:192.168.1.107:6112;), pending=0, dead=0, RS#=74/74
21:23:37.00   RLINK --            PeerID 4 RELY ack= 74 (535ms~162) unack=  0, retry=  2, highwaterOOS=0 (ip=WINaddr:192.168.1.42:6112;), pending=0, dead=0, RS#=74/74
21:23:37.00   RLINK --            PeerID 6 RELY ack= 74 (483ms~17) unack=  0, retry=  0, highwaterOOS=0 (ip=WINaddr:192.168.1.33:6112;), pending=0, dead=0, RS#=74/74
21:23:37.00   RLINK --            PeerID 7 RELY ack= 74 (483ms~17) unack=  0, retry=  0, highwaterOOS=0 (ip=WINaddr:192.168.1.106:6112;), pending=0, dead=0, RS#=74/74
21:23:37.00   RLINK --            PeerID 9 RELY ack= 74 (483ms~17) unack=  0, retry=  0, highwaterOOS=0 (ip=WINaddr:192.168.1.43:6112;), pending=0, dead=0, RS#=74/74
21:23:37.00   RLINK -- MessageCounts: inval=0/0, seek=0/0, join=0/0, ichk=0/0, sk_r=0/0, deny=0/0, Padd=0/0, Pdel=0/0, drop=0/0, data=514/5, mdat=0/487, voip=0/0, rchk=0/0, nudg=0/0, Thdr=0/0, Peer=12/12, PPrx=6/24, ping=0/0, Pfrg=0/0, rely=0/0, lb_p=2/2, lb_c=0/0, cast=0/0, cdat=481/0, sorq1=0/0, sorp=0/0, acto=0/0, spob=0/0, sorq2=0/0
21:23:37.24   RLINK -- SENDING FORCED ACK from Peer 8 to Peer 7 - timeSinceLastAckMS      29393, transmitAckLastTimeMS    5244394 | Peer ---E- M#00000000 Sack00000063 NSack00000000 (C0.0% S:0.0) [  ]
21:23:39.25   RLINK -- SENDING FORCED ACK from Peer 8 to Peer 6 - timeSinceLastAckMS       8255, transmitAckLastTimeMS    5246403 | Peer ---E- M#00000000 Sack00000063 NSack00000000 (C0.0% S:0.0) [  ]
21:23:44.86   RLINK -- SENDING FORCED ACK from Peer 8 to Peer 6 - timeSinceLastAckMS       5609, transmitAckLastTimeMS    5252012 | Peer ---E- M#00000000 Sack00000064 NSack00000000 (C0.0% S:0.0) [  ]
21:23:49.49   RLINK -- SENDING FORCED ACK from Peer 8 to Peer 7 - timeSinceLastAckMS      12246, transmitAckLastTimeMS    5256640 | Peer ---E- M#00000000 Sack00000064 NSack00000000 (C0.0% S:0.0) [  ]
21:23:54.36   Activating screen: TacticalMap_widescreen
21:23:54.36   Activating screen: TextOverlayScreen
21:23:55.17   Activating screen: GameScreen
21:23:55.17   Activating screen: Decorators_widescreen
21:23:55.17   Activating screen: Taskbar_widescreen
21:23:55.17   Activating screen: SubtitleScreen
21:23:55.17   Activating screen: TextOverlayScreen
21:23:56.00   RLINK -- Transport - median kBPS [hi/cur] sent = 0.2/0.0, recvd = 0.0/0.0, #p/sec[s/r] = 0.0/0.0, max unsent 0, version err 0, merge 0
21:23:57.26   Activating screen: TacticalMap_widescreen
21:23:57.26   Activating screen: TextOverlayScreen
21:23:58.48   Activating screen: GameScreen
21:23:58.48   Activating screen: Decorators_widescreen
21:23:58.48   Activating screen: Taskbar_widescreen
21:23:58.48   Activating screen: SubtitleScreen
21:23:58.48   Activating screen: TextOverlayScreen
21:23:59.26   Activating screen: TacticalMap_widescreen
21:23:59.26   Activating screen: TextOverlayScreen
21:23:59.92   Activating screen: GameScreen
21:23:59.92   Activating screen: Decorators_widescreen
21:23:59.92   Activating screen: Taskbar_widescreen
21:23:59.92   Activating screen: SubtitleScreen
21:23:59.92   Activating screen: TextOverlayScreen
21:24:09.63   RLINK -- SENDING FORCED ACK from Peer 8 to Peer 7 - timeSinceLastAckMS      20140, transmitAckLastTimeMS    5276780 | Peer ---E- M#00000000 Sack00000065 NSack00000000 (C0.0% S:0.0) [  ]
21:24:15.89   RLINK -- SENDING FORCED ACK from Peer 8 to Peer 7 - timeSinceLastAckMS       6265, transmitAckLastTimeMS    5283045 | Peer ---E- M#00000000 Sack00000066 NSack00000000 (C0.0% S:0.0) [  ]
21:24:22.28   Activating screen: TacticalMap_widescreen
21:24:22.28   Activating screen: TextOverlayScreen
21:24:23.26   Activating screen: GameScreen
21:24:23.26   Activating screen: Decorators_widescreen
21:24:23.26   Activating screen: Taskbar_widescreen
21:24:23.26   Activating screen: SubtitleScreen
21:24:23.26   Activating screen: TextOverlayScreen
21:24:38.01   RLINK -- local      PeerID 8 LOCL ack=  0 (  0ms~0) unack=  0, retry=  0, highwaterOOS=0 (ip=WINaddr:192.168.50.236:6112;), pending=0, dead=0, RS#=0/0
21:24:38.01   RLINK --       host PeerID 1 RELY ack=210 (483ms~17) unack=  0, retry=  0, highwaterOOS=4 (ip=WINaddr:192.168.10.3:6112;), pending=0, dead=0, RS#=209/209
21:24:38.01   RLINK --            PeerID 2 RELY ack= 74 (483ms~17) unack=  0, retry=  0, highwaterOOS=0 (ip=WINaddr:192.168.1.146:6112;), pending=0, dead=0, RS#=74/74
21:24:38.01   RLINK --            PeerID 3 RELY ack= 74 (483ms~17) unack=  0, retry=  0, highwaterOOS=0 (ip=WINaddr:192.168.1.107:6112;), pending=0, dead=0, RS#=74/74
21:24:38.01   RLINK --            PeerID 4 RELY ack= 74 (535ms~162) unack=  0, retry=  2, highwaterOOS=0 (ip=WINaddr:192.168.1.42:6112;), pending=0, dead=0, RS#=74/74
21:24:38.01   RLINK --            PeerID 6 RELY ack= 74 (483ms~17) unack=  0, retry=  0, highwaterOOS=0 (ip=WINaddr:192.168.1.33:6112;), pending=0, dead=0, RS#=74/74
21:24:38.01   RLINK --            PeerID 7 RELY ack= 74 (483ms~17) unack=  0, retry=  0, highwaterOOS=0 (ip=WINaddr:192.168.1.106:6112;), pending=0, dead=0, RS#=74/74
21:24:38.01   RLINK --            PeerID 9 RELY ack= 74 (483ms~17) unack=  0, retry=  0, highwaterOOS=0 (ip=WINaddr:192.168.1.43:6112;), pending=0, dead=0, RS#=74/74
21:24:38.01   RLINK -- MessageCounts: inval=0/0, seek=0/0, join=0/0, ichk=0/0, sk_r=0/0, deny=0/0, Padd=0/0, Pdel=0/0, drop=0/0, data=514/6, mdat=0/488, voip=0/0, rchk=0/0, nudg=0/0, Thdr=0/0, Peer=6/6, PPrx=6/12, ping=0/0, Pfrg=0/0, rely=0/0, lb_p=2/2, lb_c=0/0, cast=0/0, cdat=473/0, sorq1=0/0, sorp=0/0, acto=0/0, spob=0/0, sorq2=0/0
21:24:46.69   Was already stealing a skeleton when told to steal another [flakvierling_sync].
21:24:46.71   RLINK -- [P#8] SrcP# 7 buffer out of seq: 68 expect: 67
21:24:46.71   RLINK -- [P#8] SrcP# 7 buffer out of seq: 69 expect: 67
21:24:46.74   RLINK -- SrcP# 7 deliver out of seq: 68 expect: 68
21:24:46.74   RLINK -- SrcP# 7 erase out of seq: 68 expect: 68
21:24:46.74   RLINK -- SrcP# 7 deliver out of seq: 69 expect: 69
21:24:46.74   RLINK -- SrcP# 7 erase out of seq: 69 expect: 69
21:24:46.74   RLINK -- Session::ProcessPeerMessages - Got DROPOUT from peer 7
21:24:46.74   RLINK -- Session::ProcessPeerMessages - Got DROPOUT from peer 7
21:24:46.75   GameObj::ShowPlayerDroppedMessage - info, station [7] is disconnected
21:24:46.75   ModUI::OnPlayerDrops player 1004 reason 1
21:24:46.77   RLINK -- SENDING FORCED ACK from Peer 8 to Peer 7 - timeSinceLastAckMS      30875, transmitAckLastTimeMS    5313920 | Peer ---E- M#00000000 Sack00000069 NSack00000000 (C0.0% S:0.0) [  ]
21:24:46.95   RLINK -- SENDING FORCED ACK from Peer 8 to Peer 1 - timeSinceLastAckMS     115955, transmitAckLastTimeMS    5314100 | Peer ---E- M#00000000 Sack00000183 NSack00000000 (C0.0% S:0.0) [  ]
21:24:46.95   RLINK -- Removing peer 7 from session due to REMOVEPEER from host PeerID 1
21:24:46.95   RLINK -- Session::SchedulePeerRemove - Scheduling peerID: 7 to disconnect, reasonCode:1004, reason:disconnected
21:24:46.96   RLINK -- Session Destroy Peer Event - ReasonID: 1004 ReasonDebug: disconnected
21:24:46.96   RLINK -- Session::GetEvent DestroyPeer success Peer 7 removed, reasonCode 1004, reasonDebug disconnected
21:24:46.96   RLINK -- Session::DestroyPeer - deallocating peer 7
21:24:46.96   RLINK -- Session - Requested Disconnect for connectionID 54
21:24:46.96   RLINK -- WorldwideAdvertisementService::Process - EVENT_DESTROYPEER
21:24:46.99   RLINK -- Accepted matchInfo updated 279 from host
21:24:46.99   P2PNetworkSynchronization::OnMatchEvent() - Disconnecting player 7
21:24:46.99   GameObjController - OnMatchEvent: event type 1
21:24:47.00   GameObjController - OnMatchEvent: event type 4
21:24:48.78   RLINK -- SENDING FORCED ACK from Peer 8 to Peer 3 - timeSinceLastAckMS     117783, transmitAckLastTimeMS    5315928 | Peer ---E- M#00000000 Sack00000040 NSack00000000 (C0.0% S:0.0) [  ]
21:24:50.66   RLINK -- SENDING FORCED ACK from Peer 8 to Peer 9 - timeSinceLastAckMS     119668, transmitAckLastTimeMS    5317813 | Peer ---E- M#00000000 Sack00000030 NSack00000000 (C0.0% S:0.0) [  ]
21:24:57.00   RLINK -- Transport - median kBPS [hi/cur] sent = 0.2/0.0, recvd = 0.0/0.0, #p/sec[s/r] = 0.0/0.0, max unsent 0, version err 0, merge 0
21:25:03.14   RLINK -- SENDING FORCED ACK from Peer 8 to Peer 4 - timeSinceLastAckMS     132147, transmitAckLastTimeMS    5330292 | Peer ---E- M#00000000 Sack00000031 NSack00000000 (C0.0% S:0.0) [  ]
21:25:05.66   RLINK -- SENDING FORCED ACK from Peer 8 to Peer 6 - timeSinceLastAckMS      80803, transmitAckLastTimeMS    5332815 | Peer ---E- M#00000000 Sack00000065 NSack00000000 (C0.0% S:0.0) [  ]
21:25:05.79   RLINK -- SENDING FORCED ACK from Peer 8 to Peer 1 - timeSinceLastAckMS      18797, transmitAckLastTimeMS    5332938 | Peer ---E- M#00000000 Sack00000185 NSack00000000 (C0.0% S:0.0) [  ]
21:25:06.65   GameObj::ShowPlayerDroppedMessage - info, station [4] is disconnected
21:25:06.65   ModUI::OnPlayerDrops player 1005 reason 1
21:25:06.67   RLINK -- SENDING FORCED ACK from Peer 8 to Peer 4 - timeSinceLastAckMS       3530, transmitAckLastTimeMS    5333822 | Peer ---E- M#00000000 Sack00000032 NSack00000000 (C0.0% S:0.0) [  ]
21:25:06.73   RLINK -- Session::ProcessPeerMessages - Got DROPOUT from peer 4
21:25:06.73   RLINK -- Session::ProcessPeerMessages - Got DROPOUT from peer 4
21:25:06.85   RLINK -- SENDING FORCED ACK from Peer 8 to Peer 1 - timeSinceLastAckMS       1067, transmitAckLastTimeMS    5334005 | Peer ---E- M#00000000 Sack00000186 NSack00000000 (C0.0% S:0.0) [  ]
21:25:06.85   RLINK -- Removing peer 4 from session due to REMOVEPEER from host PeerID 1
21:25:06.85   RLINK -- Session::SchedulePeerRemove - Scheduling peerID: 4 to disconnect, reasonCode:1004, reason:disconnected
21:25:06.86   RLINK -- Session Destroy Peer Event - ReasonID: 1004 ReasonDebug: disconnected
21:25:06.86   RLINK -- Session::GetEvent DestroyPeer success Peer 4 removed, reasonCode 1004, reasonDebug disconnected
21:25:06.86   RLINK -- Session::DestroyPeer - deallocating peer 4
21:25:06.86   RLINK -- Session - Requested Disconnect for connectionID 52
21:25:06.86   RLINK -- WorldwideAdvertisementService::Process - EVENT_DESTROYPEER
21:25:06.89   RLINK -- Accepted matchInfo updated 280 from host
21:25:06.89   P2PNetworkSynchronization::OnMatchEvent() - Disconnecting player 4
21:25:06.89   GameObjController - OnMatchEvent: event type 1
21:25:06.90   GameObjController - OnMatchEvent: event type 4
21:25:07.28   RLINK -- SENDING FORCED ACK from Peer 8 to Peer 6 - timeSinceLastAckMS       1618, transmitAckLastTimeMS    5334433 | Peer ---E- M#00000000 Sack00000066 NSack00000000 (C0.0% S:0.0) [  ]
21:25:08.90   RLINK -- SENDING FORCED ACK from Peer 8 to Peer 6 - timeSinceLastAckMS       1615, transmitAckLastTimeMS    5336048 | Peer ---E- M#00000000 Sack00000067 NSack00000000 (C0.0% S:0.0) [  ]
21:25:10.53   RLINK -- SENDING FORCED ACK from Peer 8 to Peer 1 - timeSinceLastAckMS       3638, transmitAckLastTimeMS    5337681 | Peer ---E- M#00000000 Sack00000188 NSack00000000 (C0.0% S:0.0) [  ]
21:25:12.01   Activating screen: pause_menu
21:25:12.41   RLINK -- SENDING FORCED ACK from Peer 8 to Peer 1 - timeSinceLastAckMS       1702, transmitAckLastTimeMS    5339562 | Peer ---E- M#00000000 Sack00000189 NSack00000000 (C0.0% S:0.0) [  ]
21:25:12.60   Activating screen: prompt_generic
21:25:12.95   P2PNetworkSynchronization::Stop - info, stop called. m_peers will be cleared.
21:25:12.95   MOD -- Player SnapShotCoH (network abort) (frame 10438) (KillPlayer)
21:25:12.95   Activating screen: GameOverDialog
21:25:12.95   ArbitrationMessageNeeded 0 allies vs 0 enemies result 0
21:25:12.95   GameOverDialog - normal game ending (no sync errors)
21:25:12.95   GameApp::ReportStats
21:25:12.95   ReportMatchResults - onlyReportOnWin = 0
21:25:12.95   ReportMatchResults - SimID:1000, raceID:2, teamID:0, uid:0:1243386, result:6:PS_PLAYING
21:25:12.95   ReportMatchResults - SimID:1001, raceID:0, teamID:0, uid:0:48622, result:6:PS_PLAYING
21:25:12.95   ReportMatchResults - SimID:1002, raceID:0, teamID:0, uid:0:1135310, result:6:PS_PLAYING
21:25:12.95   ReportMatchResults - SimID:1003, raceID:0, teamID:0, uid:0:140455, result:6:PS_PLAYING
21:25:12.95   ReportMatchResults - SimID:1004, raceID:1, teamID:1, uid:0:68108, result:6:PS_PLAYING
21:25:12.95   ReportMatchResults - SimID:1005, raceID:3, teamID:1, uid:0:1370787, result:6:PS_PLAYING
21:25:12.95   ReportMatchResults - SimID:1006, raceID:3, teamID:1, uid:0:1799484, result:6:PS_PLAYING
21:25:12.95   ReportMatchResults - SimID:1007, raceID:1, teamID:1, uid:0:1850731, result:1:PS_ABORTED
21:25:12.95   ReportMatchResults - reporting normal game results for match 0:112390096
21:25:12.95   ReportSimStats - storing simulation results for match 0:112390096
21:25:12.95   ModWorld::ReportSimStats complete:
21:25:12.95   8 player entries
21:25:12.95   0 player reward entries
21:25:12.95   0 player endgame entries
21:25:12.95   0 player skipped NIS entries
21:25:12.95   0 player production entries
21:25:12.95   0 player entity death entries
21:25:12.95   0 player resource entries
21:25:12.95   0 player objectives entries
21:25:12.95   0 player PBG stat entries
21:25:12.95   0 player PBG ability use entries
21:25:12.95   RLINK -- SessionID : 6b2efd0 - Disconnect called with reasonID 1004 - disconnected
21:25:12.95   GameObj::DoGameOverPopup
21:25:12.96   RLINK -- WorldwideLeaveAdvertisementAsync: Match id = 112390096 started, nothing to do
21:25:12.97   RLINK -- WorldwideLeaveAdvertisementAsync: Match id = 112390096 started, nothing to do
21:25:12.98   RLINK -- Session::SelectNewSessionHost - Select peer 8 to be next host (previously peer 1)
21:25:12.98   RLINK -- Session::SchedulePeerRemove - Scheduling peerID: 1 to disconnect, reasonCode:1004, reason:disconnected
21:25:12.98   RLINK -- Session disconnect is marking PeerID 1 for death
21:25:12.98   RLINK -- Session::SchedulePeerRemove - Scheduling peerID: 2 to disconnect, reasonCode:1004, reason:disconnected
21:25:12.98   RLINK -- Session disconnect is marking PeerID 2 for death
21:25:12.98   RLINK -- Session::SchedulePeerRemove - Scheduling peerID: 3 to disconnect, reasonCode:1004, reason:disconnected
21:25:12.98   RLINK -- Session disconnect is marking PeerID 3 for death
21:25:12.98   RLINK -- Session::SchedulePeerRemove - Scheduling peerID: 6 to disconnect, reasonCode:1004, reason:disconnected
21:25:12.98   RLINK -- Session disconnect is marking PeerID 6 for death
21:25:12.98   RLINK -- Session::SchedulePeerRemove - Scheduling peerID: 9 to disconnect, reasonCode:1004, reason:disconnected
21:25:12.98   RLINK -- Session disconnect is marking PeerID 9 for death
21:25:12.98   RLINK -- Session::SchedulePeerRemove - Scheduling peerID: 8 to disconnect, reasonCode:1004, reason:disconnected
21:25:12.98   RLINK -- WorldwideAdvertisementService::Process - EVENT_HOSTMIGRATION
21:25:12.98   RLINK -- WorldwidePartyService::OnHostMigration - [[00000000:06b2efd0]] Got a queued migration event while disconnecting, ignoring
21:25:12.98   RLINK -- Session Destroy Peer Event - ReasonID: 1004 ReasonDebug: disconnected
21:25:12.98   RLINK -- Session::GetEvent DestroyPeer success Peer 1 removed, reasonCode 1004, reasonDebug disconnected
21:25:12.98   RLINK -- Session::DestroyPeer - deallocating peer 1
21:25:12.98   RLINK -- Session - Requested Disconnect for connectionID 48
21:25:12.98   RLINK -- WorldwideAdvertisementService::Process - EVENT_DESTROYPEER
21:25:12.98   RLINK -- peerremove - peerIDRemoved=[00000000:000224a7], reasonID=1004, reason debug hint - disconnected
21:25:12.98   P2PNetworkSynchronization::OnMatchEvent() - Disconnecting non-existant player 1
21:25:12.98   GameObjController - OnMatchEvent: event type 1
21:25:12.98   GameObj::ShowPlayerDroppedMessage - info, station [1] is disconnected
21:25:12.98   ModUI::OnPlayerDrops player 1003 reason 0
21:25:12.98   ModUI::OnPlayerDrops adding player 1003 [140455] as victorious enemy
21:25:12.98   RLINK -- Session Destroy Peer Event - ReasonID: 1004 ReasonDebug: disconnected
21:25:12.98   RLINK -- Session::GetEvent DestroyPeer success Peer 2 removed, reasonCode 1004, reasonDebug disconnected
21:25:12.98   RLINK -- Session::DestroyPeer - deallocating peer 2
21:25:12.98   RLINK -- Session - Requested Disconnect for connectionID 50
21:25:12.98   RLINK -- WorldwideAdvertisementService::Process - EVENT_DESTROYPEER
21:25:12.98   RLINK -- peerremove - peerIDRemoved=[00000000:001152ce], reasonID=1004, reason debug hint - disconnected
21:25:12.98   P2PNetworkSynchronization::OnMatchEvent() - Disconnecting non-existant player 2
21:25:12.98   GameObjController - OnMatchEvent: event type 1
21:25:12.98   GameObj::ShowPlayerDroppedMessage - info, station [2] is disconnected
21:25:12.98   ModUI::OnPlayerDrops player 1002 reason 0
21:25:12.98   ModUI::OnPlayerDrops adding player 1002 [1135310] as victorious enemy
21:25:12.98   RLINK -- Session Destroy Peer Event - ReasonID: 1004 ReasonDebug: disconnected
21:25:12.98   RLINK -- Session::GetEvent DestroyPeer success Peer 3 removed, reasonCode 1004, reasonDebug disconnected
21:25:12.98   RLINK -- Session::DestroyPeer - deallocating peer 3
21:25:12.98   RLINK -- Session - Requested Disconnect for connectionID 51
21:25:12.98   RLINK -- WorldwideAdvertisementService::Process - EVENT_DESTROYPEER
21:25:12.98   RLINK -- peerremove - peerIDRemoved=[00000000:001b753c], reasonID=1004, reason debug hint - disconnected
21:25:12.98   P2PNetworkSynchronization::OnMatchEvent() - Disconnecting non-existant player 3
21:25:12.98   GameObjController - OnMatchEvent: event type 1
21:25:12.98   GameObj::ShowPlayerDroppedMessage - info, station [3] is disconnected
21:25:12.98   ModUI::OnPlayerDrops player 1006 reason 0
21:25:12.98   ModUI::OnPlayerDrops adding player 1006 [1799484] as victorious ally
21:25:12.98   RLINK -- Session Destroy Peer Event - ReasonID: 1004 ReasonDebug: disconnected
21:25:12.98   RLINK -- Session::GetEvent DestroyPeer success Peer 6 removed, reasonCode 1004, reasonDebug disconnected
21:25:12.98   RLINK -- Session::DestroyPeer - deallocating peer 6
21:25:12.98   RLINK -- Session - Requested Disconnect for connectionID 53
21:25:12.98   RLINK -- WorldwideAdvertisementService::Process - EVENT_DESTROYPEER
21:25:12.98   RLINK -- peerremove - peerIDRemoved=[00000000:0012f8fa], reasonID=1004, reason debug hint - disconnected
21:25:12.98   P2PNetworkSynchronization::OnMatchEvent() - Disconnecting non-existant player 6
21:25:12.98   GameObjController - OnMatchEvent: event type 1
21:25:12.98   GameObj::ShowPlayerDroppedMessage - info, station [6] is disconnected
21:25:12.98   ModUI::OnPlayerDrops player 1000 reason 0
21:25:12.98   ModUI::OnPlayerDrops adding player 1000 [1243386] as victorious enemy
21:25:12.98   RLINK -- Session Destroy Peer Event - ReasonID: 1004 ReasonDebug: disconnected
21:25:12.98   RLINK -- Session::GetEvent DestroyPeer success Peer 9 removed, reasonCode 1004, reasonDebug disconnected
21:25:12.98   RLINK -- Session::DestroyPeer - deallocating peer 9
21:25:12.98   RLINK -- Session - Requested Disconnect for connectionID 55
21:25:12.98   RLINK -- WorldwideAdvertisementService::Process - EVENT_DESTROYPEER
21:25:12.98   RLINK -- peerremove - peerIDRemoved=[00000000:0000bdee], reasonID=1004, reason debug hint - disconnected
21:25:12.98   P2PNetworkSynchronization::OnMatchEvent() - Disconnecting non-existant player 9
21:25:12.98   GameObjController - OnMatchEvent: event type 1
21:25:12.98   GameObj::ShowPlayerDroppedMessage - info, station [9] is disconnected
21:25:12.98   ModUI::OnPlayerDrops player 1001 reason 0
21:25:12.98   ModUI::OnPlayerDrops adding player 1001 [48622] as victorious enemy
21:25:12.98   RLINK -- Session Destroy Peer Event - ReasonID: 1004 ReasonDebug: disconnected
21:25:12.98   RLINK -- Session::GetEvent DestroyPeer success Peer 8 removed, reasonCode 1004, reasonDebug disconnected
21:25:12.98   RLINK -- Session::DestroyPeer - deallocating peer 8
21:25:12.98   RLINK -- Session - Requested Disconnect for connectionID 47
21:25:12.98   RLINK -- Deallocated route ID=49 for PeerID 8 at WINaddr:192.168.50.236:6112;
21:25:12.98   RLINK -- Session - Requested Disconnect for connectionID 49
21:25:12.98   RLINK -- Closed route 49<>49 for PeerID 8 at WINaddr:192.168.50.236:6112;
21:25:12.98   RLINK -- WorldwideAdvertisementService::Process - EVENT_DESTROYPEER
21:25:12.98   RLINK -- peerremove - peerIDRemoved=[00000000:001c3d6b], reasonID=1004, reason debug hint - disconnected
21:25:12.98   P2PNetworkSynchronization::OnMatchEvent() - Disconnecting non-existant player 8
21:25:12.98   GameObjController - OnMatchEvent: event type 1
21:25:12.98   GameObj::ShowPlayerDroppedMessage - info, station [8] is disconnected
21:25:12.98   ModUIEventPlayerDropped: Unable to find player with net ID [8] in Game Info, player already disconnected
21:25:12.99   RLINK -- Session::SendQueuedMessagesToRelay local peer is missing, not sending
21:25:12.99   RLINK -- Session::GetState - info, session [112390096]'s state changed to [1:STATE_DISCONNECTED].
21:25:12.99   RLINK -- PeerRemoveAll - flushing local session peer data
21:25:12.99   RLINK -- Session::Reset with reason WorldwidePartyService::PeerRemoveAll
21:25:12.99   RLINK -- LeaveSessionInternal - no action taken, needLeave=0, service=0
21:25:12.99   RLINK -- Destroyed Matchinfo
21:25:12.99   RLINK -- DBG - _SockFree: socket 3/5948 sending graceful shutdown request. reason: SockCollection::DisconnectAll forceFree
21:25:12.99   RLINK -- DBG - _SockClose: socket 3/5948 initiating close
21:25:12.99   RLINK -- DBG - _SockClose: socket 3/5948 close complete. debugReason SockCollection::DisconnectAll forceFree
21:25:12.99   RLINK -- DBG - _SockFree: socket 3/5948 _SockFree complete
21:25:13.10   RLINK -- BT! - SockUnInit - sending shutdown notification & close with linger for all 0 active sockets
21:25:13.10   RLINK -- SessionManager::UnregisterSession - Unregistering session 8771b140
21:25:13.10   RLINK -- OnDestroyPartyNotification - partyID = [00000000:06b2efd0], prevID = [ffffffff:ffffffff]
21:25:13.16   Activating screen: postgame_stats_skirm
21:25:27.33   Activating screen: AppRestartingForm
21:25:27.33   SetupProductLoadingArt - choosing bgArt = 4 (gold=0)
21:25:27.33   Widget attempting to remove a non-existance listener. Widget:bkg_COH
21:25:27.33   Widget attempting to remove a non-existance listener. Widget:bkg_CXP1
21:25:27.33   Widget attempting to remove a non-existance listener. Widget:bkg_CXP2
21:25:27.33   Widget attempting to remove a non-existance listener. Widget:bkg_COHCXP1
21:25:27.33   Widget attempting to remove a non-existance listener. Widget:bkg_ToV
21:25:27.34   APP -- Game Stop
21:25:27.34   GameApp::TransitionGameStop
21:25:27.34   GameApp::TransitionQuitCommon
21:25:27.34   PerformanceRecorder: Updating profile history
21:25:27.34   GetMaxFrameTimeFromProfile: players=8 expected FPS=59.648491, bars=5, max avg=0.014, sd=0.002, 5 samples =  0.01 0.01 0.01 0.01 0.02
21:25:27.34   PerformanceRecorder::EndRecording - game size=8, max average=0.014969, worst frame=0.016765
21:25:27.34    Recording: No [8 players]
21:25:27.34    Total render, sim time: 0.88, 1.08 sec
21:25:27.34    Total render, sim frames: 108, 0
21:25:27.34    Max/Avg: 0.01, 0.01 sec (fps=66.80, 86.35) (66 samples)
21:25:27.34    Bars: 5
21:25:27.34   Profile Max Performance[8 players] =  0.01 0.01 0.01 0.01 0.02
21:25:27.34   Profile Avg Performance[8 players] =  0.01 0.01 0.01 0.01 0.01
21:25:27.34   GameObj::ShutdownGameObj
21:25:27.34   GAME -- Ending mission (Game over)
21:25:27.35   GameObjLoader 16e79600 - Unload
21:25:27.35   GameObjLoader 16e79600 - resetting counters
21:25:27.37   MOD -- Game Over at frame 10438
21:25:27.51   GameObjLoader 16e79880 - Unload
21:25:27.51   GameObjLoader 16e79880 - resetting counters
21:25:27.59   SOUND -- Shutting down ...
21:25:27.71   SOUND -- Shutdown completed!
21:25:27.71   GAME -- Beginning FE
21:25:27.71   UIFrontEnd - Loading Front End
21:25:27.71   THREAD: Hyper-Threading Technology Processors are not detected.
21:25:27.75   SOUND -- Initializing ...
21:25:27.76   SOUND -- Initialization completed!
21:25:27.76   UIFrontEnd - Initializing Forms
21:25:28.18   CampaignFilter::BindFilterSpecificWidgets()
21:25:28.19   MOD -- Mounting RelicDLC1, 1.0
21:25:28.19   FILESYSTEM -- filepath failure, path does not exist 'C:\Users\Richa\OneDrive\Documenten\My Games\Company of Heroes Relaunch\DLC1\Movies\'
21:25:28.19   MOD -- Mounting RelicDLC2, 1.0
21:25:28.19   FILESYSTEM -- filepath failure, path does not exist 'C:\Users\Richa\OneDrive\Documenten\My Games\Company of Heroes Relaunch\DLC2\Movies\'
21:25:28.20   MOD -- Mounting RelicDLC3, 1.0
21:25:28.20   FILESYSTEM -- filepath failure, path does not exist 'C:\Users\Richa\OneDrive\Documenten\My Games\Company of Heroes Relaunch\DLC3\Movies\'
21:25:28.20   MOD -- Mounting RelicOps, 1.0
21:25:28.20   MOD -- Mounting RelicCOH, 1.0
21:25:28.23   FILESYSTEM -- filepath failure, path does not exist 'C:\Users\Richa\OneDrive\Documenten\My Games\Company of Heroes Relaunch\Engine\Movies\'
21:25:28.23   FILESYSTEM -- filepath failure, path does not exist 'C:\Users\Richa\OneDrive\Documenten\My Games\Company of Heroes Relaunch\WW2\Movies\'
21:25:28.23   Activating screen: AppRestartingForm
21:25:28.23   SetupProductLoadingArt - choosing bgArt = 4 (gold=0)
21:25:28.71   SetupProductLoadingArt - choosing bgArt = 4 (gold=0)
21:25:28.71   Activating screen: FEMovie
21:25:28.71   Activating screen: OnlineWidget
21:25:28.71   CRC & Version Info : 000002bc:924f95e6:dc49d0cb reliccoh:700:ww2mod.dll 0
21:25:28.71   Activating screen: OnlineSelectGame
21:25:28.73   SetupProductLoadingArt - choosing bgArt = 4 (gold=0)
21:25:28.73   Activating screen: RelicOnlineChat
21:25:28.73   Activating screen: RelicOnlineNewsScreen
21:25:28.75   Activating screen: RelicOnlineStatsScreen
21:25:28.75   Activating screen: Achievements
21:25:28.75   GAME -- Setting campaign state to 'coh'
21:25:28.75   GAME -- Closing state 'coh'
21:25:28.75   GAME -- Setting campaign state to 'cxp2'
21:25:28.75   GAME -- Closing state 'cxp2'
21:25:28.75   GAME -- Setting campaign state to 'cxp1'
21:25:28.75   GAME -- Closing state 'cxp1'
21:25:28.75   GAME -- Setting campaign state to 'dlc1'
21:25:28.75   GAME -- Closing state 'dlc1'
21:25:28.75   GAME -- Setting campaign state to 'dlc2'
21:25:28.75   GAME -- Closing state 'dlc2'
21:25:28.76   GAME -- Setting campaign state to 'dlc3'
21:25:28.76   GAME -- Closing state 'dlc3'
21:25:28.76   GAME -- Setting campaign state to 'dlc1'
21:25:28.76   GAME -- Closing state 'dlc1'
21:25:28.77   Activating screen: GameHistory
21:25:28.81   GameInfo::ResetInfo - SyncLevel set to 0 on reset
21:25:28.81   GameInfo::ResetInfo - SyncLevel set to 0 on reset
21:25:28.82   GameInfo::ResetInfo - SyncLevel set to 0 on reset
21:25:28.82   GameInfo::ResetInfo - SyncLevel set to 0 on reset
21:25:28.82   GameInfo::ResetInfo - SyncLevel set to 0 on reset
21:25:28.82   GameInfo::ResetInfo - SyncLevel set to 0 on reset
21:25:28.82   GameInfo::ResetInfo - SyncLevel set to 0 on reset
21:25:28.82   GameInfo::ResetInfo - SyncLevel set to 0 on reset
21:25:28.82   GameInfo::ResetInfo - SyncLevel set to 0 on reset
21:25:28.82   GameInfo::ResetInfo - SyncLevel set to 0 on reset
21:25:28.82   GameInfo::ResetInfo - SyncLevel set to 0 on reset
21:25:28.83   GameInfo::ResetInfo - SyncLevel set to 0 on reset
21:25:28.83   GameInfo::ResetInfo - SyncLevel set to 0 on reset
21:25:28.83   GameInfo::ResetInfo - SyncLevel set to 0 on reset
21:25:28.83   GameInfo::ResetInfo - SyncLevel set to 0 on reset
21:25:28.83   GameInfo::ResetInfo - SyncLevel set to 0 on reset
21:25:28.83   GameInfo::ResetInfo - SyncLevel set to 0 on reset
21:25:28.84   GameInfo::ResetInfo - SyncLevel set to 0 on reset
21:25:28.84   GameInfo::ResetInfo - SyncLevel set to 0 on reset
21:25:28.84   GameInfo::ResetInfo - SyncLevel set to 0 on reset
21:25:28.84   GameInfo::ResetInfo - SyncLevel set to 0 on reset
21:25:28.84   GameInfo::ResetInfo - SyncLevel set to 0 on reset
21:25:28.84   GameInfo::ResetInfo - SyncLevel set to 0 on reset
21:25:28.84   GameInfo::ResetInfo - SyncLevel set to 0 on reset
21:25:28.84   GameInfo::ResetInfo - SyncLevel set to 0 on reset
21:25:28.84   GameInfo::ResetInfo - SyncLevel set to 0 on reset
21:25:28.85   GameInfo::ResetInfo - SyncLevel set to 0 on reset
21:25:28.85   GameInfo::ResetInfo - SyncLevel set to 0 on reset
21:25:28.85   GameInfo::ResetInfo - SyncLevel set to 0 on reset
21:25:28.85   GameInfo::ResetInfo - SyncLevel set to 0 on reset
21:25:28.85   GameInfo::ResetInfo - SyncLevel set to 0 on reset
21:25:28.85   GameInfo::ResetInfo - SyncLevel set to 0 on reset
21:25:28.86   GameInfo::ResetInfo - SyncLevel set to 0 on reset
21:25:28.86   GameInfo::ResetInfo - SyncLevel set to 0 on reset
21:25:28.86   GameInfo::ResetInfo - SyncLevel set to 0 on reset
21:25:28.86   GameInfo::ResetInfo - SyncLevel set to 0 on reset
21:25:28.86   GameInfo::ResetInfo - SyncLevel set to 0 on reset
21:25:28.86   GameInfo::ResetInfo - SyncLevel set to 0 on reset
21:25:28.86   GameInfo::ResetInfo - SyncLevel set to 0 on reset
21:25:28.87   GameInfo::ResetInfo - SyncLevel set to 0 on reset
21:25:28.87   GameInfo::ResetInfo - SyncLevel set to 0 on reset
21:25:28.87   GameInfo::ResetInfo - SyncLevel set to 0 on reset
21:25:28.87   GameInfo::ResetInfo - SyncLevel set to 0 on reset
21:25:28.87   GameInfo::ResetInfo - SyncLevel set to 0 on reset
21:25:28.87   GameInfo::ResetInfo - SyncLevel set to 0 on reset
21:25:28.87   GameInfo::ResetInfo - SyncLevel set to 0 on reset
21:25:28.87   GameInfo::ResetInfo - SyncLevel set to 0 on reset
21:25:28.87   GameInfo::ResetInfo - SyncLevel set to 0 on reset
21:25:28.87   GameInfo::ResetInfo - SyncLevel set to 0 on reset
21:25:28.87   GameInfo::ResetInfo - SyncLevel set to 0 on reset
21:25:28.88   GameInfo::ResetInfo - SyncLevel set to 0 on reset
21:25:28.88   GameInfo::ResetInfo - SyncLevel set to 0 on reset
21:25:28.88   GameInfo::ResetInfo - SyncLevel set to 0 on reset
21:25:28.88   GameInfo::ResetInfo - SyncLevel set to 0 on reset
21:25:28.89   GameInfo::ResetInfo - SyncLevel set to 0 on reset
21:25:28.89   GameInfo::ResetInfo - SyncLevel set to 0 on reset
21:25:28.89   GameInfo::ResetInfo - SyncLevel set to 0 on reset
21:25:28.89   GameInfo::ResetInfo - SyncLevel set to 0 on reset
21:25:28.89   GameInfo::ResetInfo - SyncLevel set to 0 on reset
21:25:28.89   GameInfo::ResetInfo - SyncLevel set to 0 on reset
21:25:28.90   GameInfo::ResetInfo - SyncLevel set to 0 on reset
21:25:28.90   GameInfo::ResetInfo - SyncLevel set to 0 on reset
21:25:28.92   GameInfo::ResetInfo - SyncLevel set to 0 on reset
21:25:28.92   GameInfo::ResetInfo - SyncLevel set to 0 on reset
21:25:28.92   GameInfo::ResetInfo - SyncLevel set to 0 on reset
21:25:28.93   GameInfo::ResetInfo - SyncLevel set to 0 on reset
21:25:28.93   GameInfo::ResetInfo - SyncLevel set to 0 on reset
21:25:28.93   GameInfo::ResetInfo - SyncLevel set to 0 on reset
21:25:28.93   GameInfo::ResetInfo - SyncLevel set to 0 on reset
21:25:28.93   GameInfo::ResetInfo - SyncLevel set to 0 on reset
21:25:28.93   GameInfo::ResetInfo - SyncLevel set to 0 on reset
21:25:28.94   GameInfo::ResetInfo - SyncLevel set to 0 on reset
21:25:28.94   GameInfo::ResetInfo - SyncLevel set to 0 on reset
21:25:28.94   GameInfo::ResetInfo - SyncLevel set to 0 on reset
21:25:28.94   GameInfo::ResetInfo - SyncLevel set to 0 on reset
21:25:28.94   GameInfo::ResetInfo - SyncLevel set to 0 on reset
21:25:28.94   GameInfo::ResetInfo - SyncLevel set to 0 on reset
21:25:28.95   GameInfo::ResetInfo - SyncLevel set to 0 on reset
21:25:28.95   GameInfo::ResetInfo - SyncLevel set to 0 on reset
21:25:28.95   GameInfo::ResetInfo - SyncLevel set to 0 on reset
21:25:28.95   GameInfo::ResetInfo - SyncLevel set to 0 on reset
21:25:28.95   GameInfo::ResetInfo - SyncLevel set to 0 on reset
21:25:28.95   GameInfo::ResetInfo - SyncLevel set to 0 on reset
21:25:28.96   GameInfo::ResetInfo - SyncLevel set to 0 on reset
21:25:28.96   GameInfo::ResetInfo - SyncLevel set to 0 on reset
21:25:28.96   GameInfo::ResetInfo - SyncLevel set to 0 on reset
21:25:28.96   GameInfo::ResetInfo - SyncLevel set to 0 on reset
21:25:28.96   GameInfo::ResetInfo - SyncLevel set to 0 on reset
21:25:28.96   GameInfo::ResetInfo - SyncLevel set to 0 on reset
21:25:28.97   GameInfo::ResetInfo - SyncLevel set to 0 on reset
21:25:28.97   GameInfo::ResetInfo - SyncLevel set to 0 on reset
21:25:28.97   GameInfo::ResetInfo - SyncLevel set to 0 on reset
21:25:28.97   GameInfo::ResetInfo - SyncLevel set to 0 on reset
21:25:28.97   GameInfo::ResetInfo - SyncLevel set to 0 on reset
21:25:28.97   GameInfo::ResetInfo - SyncLevel set to 0 on reset
21:25:28.97   GameInfo::ResetInfo - SyncLevel set to 0 on reset
21:25:28.97   GameInfo::ResetInfo - SyncLevel set to 0 on reset
21:25:28.97   GameInfo::ResetInfo - SyncLevel set to 0 on reset
21:25:28.98   GameInfo::ResetInfo - SyncLevel set to 0 on reset
21:25:28.98   GameInfo::ResetInfo - SyncLevel set to 0 on reset
21:25:28.98   GameInfo::ResetInfo - SyncLevel set to 0 on reset
21:25:28.98   GameInfo::ResetInfo - SyncLevel set to 0 on reset
21:25:28.98   GameInfo::ResetInfo - SyncLevel set to 0 on reset
21:25:28.98   GameInfo::ResetInfo - SyncLevel set to 0 on reset
21:25:28.99   GameInfo::ResetInfo - SyncLevel set to 0 on reset
21:25:28.99   GameInfo::ResetInfo - SyncLevel set to 0 on reset
21:25:28.99   GameInfo::ResetInfo - SyncLevel set to 0 on reset
21:25:28.99   GameInfo::ResetInfo - SyncLevel set to 0 on reset
21:25:28.99   GameInfo::ResetInfo - SyncLevel set to 0 on reset
21:25:28.99   GameInfo::ResetInfo - SyncLevel set to 0 on reset
21:25:28.99   GameInfo::ResetInfo - SyncLevel set to 0 on reset
21:25:29.00   GameInfo::ResetInfo - SyncLevel set to 0 on reset
21:25:29.00   GameInfo::ResetInfo - SyncLevel set to 0 on reset
21:25:29.00   GameInfo::ResetInfo - SyncLevel set to 0 on reset
21:25:29.00   GameInfo::ResetInfo - SyncLevel set to 0 on reset
21:25:29.00   GameInfo::ResetInfo - SyncLevel set to 0 on reset
21:25:29.00   GameInfo::ResetInfo - SyncLevel set to 0 on reset
21:25:29.01   GameInfo::ResetInfo - SyncLevel set to 0 on reset
21:25:29.01   GameInfo::ResetInfo - SyncLevel set to 0 on reset
21:25:29.01   GameInfo::ResetInfo - SyncLevel set to 0 on reset
21:25:29.01   GameInfo::ResetInfo - SyncLevel set to 0 on reset
21:25:29.01   GameInfo::ResetInfo - SyncLevel set to 0 on reset
21:25:29.01   GameInfo::ResetInfo - SyncLevel set to 0 on reset
21:25:29.01   GameInfo::ResetInfo - SyncLevel set to 0 on reset
21:25:29.01   GameInfo::ResetInfo - SyncLevel set to 0 on reset
21:25:29.02   GameInfo::ResetInfo - SyncLevel set to 0 on reset
21:25:29.02   GameInfo::ResetInfo - SyncLevel set to 0 on reset
21:25:29.02   GameInfo::ResetInfo - SyncLevel set to 0 on reset
21:25:29.02   GameInfo::ResetInfo - SyncLevel set to 0 on reset
21:25:29.03   GameInfo::ResetInfo - SyncLevel set to 0 on reset
21:25:29.03   GameInfo::ResetInfo - SyncLevel set to 0 on reset
21:25:29.03   GameInfo::ResetInfo - SyncLevel set to 0 on reset
21:25:29.03   GameInfo::ResetInfo - SyncLevel set to 0 on reset
21:25:29.03   GameInfo::ResetInfo - SyncLevel set to 0 on reset
21:25:29.03   GameInfo::ResetInfo - SyncLevel set to 0 on reset
21:25:29.04   GameInfo::ResetInfo - SyncLevel set to 0 on reset
21:25:29.04   GameInfo::ResetInfo - SyncLevel set to 0 on reset
21:25:29.04   GameInfo::ResetInfo - SyncLevel set to 0 on reset
21:25:29.04   GameInfo::ResetInfo - SyncLevel set to 0 on reset
21:25:29.04   GameInfo::ResetInfo - SyncLevel set to 0 on reset
21:25:29.05   GameInfo::ResetInfo - SyncLevel set to 0 on reset
21:25:29.05   GameInfo::ResetInfo - SyncLevel set to 0 on reset
21:25:29.05   GameInfo::ResetInfo - SyncLevel set to 0 on reset
21:25:29.05   GameInfo::ResetInfo - SyncLevel set to 0 on reset
21:25:29.05   GameInfo::ResetInfo - SyncLevel set to 0 on reset
21:25:29.05   GameInfo::ResetInfo - SyncLevel set to 0 on reset
21:25:29.06   GameInfo::ResetInfo - SyncLevel set to 0 on reset
21:25:29.06   GameInfo::ResetInfo - SyncLevel set to 0 on reset
21:25:29.06   GameInfo::ResetInfo - SyncLevel set to 0 on reset
21:25:29.06   GameInfo::ResetInfo - SyncLevel set to 0 on reset
21:25:29.06   GameInfo::ResetInfo - SyncLevel set to 0 on reset
21:25:29.06   GameInfo::ResetInfo - SyncLevel set to 0 on reset
21:25:29.07   GameInfo::ResetInfo - SyncLevel set to 0 on reset
21:25:29.07   GameInfo::ResetInfo - SyncLevel set to 0 on reset
21:25:29.07   GameInfo::ResetInfo - SyncLevel set to 0 on reset
21:25:29.07   GameInfo::ResetInfo - SyncLevel set to 0 on reset
21:25:29.07   GameInfo::ResetInfo - SyncLevel set to 0 on reset
21:25:29.07   GameInfo::ResetInfo - SyncLevel set to 0 on reset
21:25:29.08   GameInfo::ResetInfo - SyncLevel set to 0 on reset
21:25:29.08   GameInfo::ResetInfo - SyncLevel set to 0 on reset
21:25:29.08   GameInfo::ResetInfo - SyncLevel set to 0 on reset
21:25:29.08   GameInfo::ResetInfo - SyncLevel set to 0 on reset
21:25:29.08   GameInfo::ResetInfo - SyncLevel set to 0 on reset
21:25:29.08   GameInfo::ResetInfo - SyncLevel set to 0 on reset
21:25:29.09   GameInfo::ResetInfo - SyncLevel set to 0 on reset
21:25:29.09   GameInfo::ResetInfo - SyncLevel set to 0 on reset
21:25:29.09   GameInfo::ResetInfo - SyncLevel set to 0 on reset
21:25:29.13   GameInfo::ResetInfo - SyncLevel set to 0 on reset
21:25:29.13   GameInfo::ResetInfo - SyncLevel set to 0 on reset
21:25:29.13   GameInfo::ResetInfo - SyncLevel set to 0 on reset
21:25:29.14   GameInfo::ResetInfo - SyncLevel set to 0 on reset
21:25:29.14   GameInfo::ResetInfo - SyncLevel set to 0 on reset
21:25:29.14   GameInfo::ResetInfo - SyncLevel set to 0 on reset
21:25:29.14   GameInfo::ResetInfo - SyncLevel set to 0 on reset
21:25:29.14   GameInfo::ResetInfo - SyncLevel set to 0 on reset
21:25:29.14   GameInfo::ResetInfo - SyncLevel set to 0 on reset
21:25:29.14   GameInfo::ResetInfo - SyncLevel set to 0 on reset
21:25:29.14   GameInfo::ResetInfo - SyncLevel set to 0 on reset
21:25:29.14   GameInfo::ResetInfo - SyncLevel set to 0 on reset
21:25:29.15   GameInfo::ResetInfo - SyncLevel set to 0 on reset
21:25:29.15   GameInfo::ResetInfo - SyncLevel set to 0 on reset
21:25:29.15   GameInfo::ResetInfo - SyncLevel set to 0 on reset
21:25:29.15   GameInfo::ResetInfo - SyncLevel set to 0 on reset
21:25:29.15   GameInfo::ResetInfo - SyncLevel set to 0 on reset
21:25:29.15   GameInfo::ResetInfo - SyncLevel set to 0 on reset
21:25:29.15   GameInfo::ResetInfo - SyncLevel set to 0 on reset
21:25:29.16   GameInfo::ResetInfo - SyncLevel set to 0 on reset
21:25:29.16   GameInfo::ResetInfo - SyncLevel set to 0 on reset
21:25:29.16   GameInfo::ResetInfo - SyncLevel set to 0 on reset
21:25:29.16   GameInfo::ResetInfo - SyncLevel set to 0 on reset
21:25:29.16   GameInfo::ResetInfo - SyncLevel set to 0 on reset
21:25:29.17   GameInfo::ResetInfo - SyncLevel set to 0 on reset
21:25:29.17   GameInfo::ResetInfo - SyncLevel set to 0 on reset
21:25:29.17   GameInfo::ResetInfo - SyncLevel set to 0 on reset
21:25:29.17   GameInfo::ResetInfo - SyncLevel set to 0 on reset
21:25:29.17   GameInfo::ResetInfo - SyncLevel set to 0 on reset
21:25:29.17   GameInfo::ResetInfo - SyncLevel set to 0 on reset
21:25:29.18   GameInfo::ResetInfo - SyncLevel set to 0 on reset
21:25:29.18   GameInfo::ResetInfo - SyncLevel set to 0 on reset
21:25:29.18   GameInfo::ResetInfo - SyncLevel set to 0 on reset
21:25:29.18   GameInfo::ResetInfo - SyncLevel set to 0 on reset
21:25:29.18   GameInfo::ResetInfo - SyncLevel set to 0 on reset
21:25:29.18   GameInfo::ResetInfo - SyncLevel set to 0 on reset
21:25:29.18   GameInfo::ResetInfo - SyncLevel set to 0 on reset
21:25:29.19   GameInfo::ResetInfo - SyncLevel set to 0 on reset
21:25:29.19   GameInfo::ResetInfo - SyncLevel set to 0 on reset
21:25:29.19   GameInfo::ResetInfo - SyncLevel set to 0 on reset
21:25:29.19   GameInfo::ResetInfo - SyncLevel set to 0 on reset
21:25:29.19   GameInfo::ResetInfo - SyncLevel set to 0 on reset
21:25:29.19   GameInfo::ResetInfo - SyncLevel set to 0 on reset
21:25:29.20   GameInfo::ResetInfo - SyncLevel set to 0 on reset
21:25:29.20   GameInfo::ResetInfo - SyncLevel set to 0 on reset
21:25:29.20   GameInfo::ResetInfo - SyncLevel set to 0 on reset
21:25:29.20   GameInfo::ResetInfo - SyncLevel set to 0 on reset
21:25:29.20   GameInfo::ResetInfo - SyncLevel set to 0 on reset
21:25:29.20   GameInfo::ResetInfo - SyncLevel set to 0 on reset
21:25:29.20   GameInfo::ResetInfo - SyncLevel set to 0 on reset
21:25:29.20   GameInfo::ResetInfo - SyncLevel set to 0 on reset
21:25:29.21   GameInfo::ResetInfo - SyncLevel set to 0 on reset
21:25:29.21   GameInfo::ResetInfo - SyncLevel set to 0 on reset
21:25:29.21   GameInfo::ResetInfo - SyncLevel set to 0 on reset
21:25:29.21   GameInfo::ResetInfo - SyncLevel set to 0 on reset
21:25:29.21   GameInfo::ResetInfo - SyncLevel set to 0 on reset
21:25:29.21   GameInfo::ResetInfo - SyncLevel set to 0 on reset
21:25:29.22   GameInfo::ResetInfo - SyncLevel set to 0 on reset
21:25:29.22   GameInfo::ResetInfo - SyncLevel set to 0 on reset
21:25:29.22   GameInfo::ResetInfo - SyncLevel set to 0 on reset
21:25:29.22   GameInfo::ResetInfo - SyncLevel set to 0 on reset
21:25:29.22   GameInfo::ResetInfo - SyncLevel set to 0 on reset
21:25:29.22   GameInfo::ResetInfo - SyncLevel set to 0 on reset
21:25:29.23   GameInfo::ResetInfo - SyncLevel set to 0 on reset
21:25:29.23   GameInfo::ResetInfo - SyncLevel set to 0 on reset
21:25:29.23   GameInfo::ResetInfo - SyncLevel set to 0 on reset
21:25:29.23   GameInfo::ResetInfo - SyncLevel set to 0 on reset
21:25:29.23   GameInfo::ResetInfo - SyncLevel set to 0 on reset
21:25:29.23   GameInfo::ResetInfo - SyncLevel set to 0 on reset
21:25:29.23   GameInfo::ResetInfo - SyncLevel set to 0 on reset
21:25:29.23   GameInfo::ResetInfo - SyncLevel set to 0 on reset
21:25:29.23   GameInfo::ResetInfo - SyncLevel set to 0 on reset
21:25:29.24   GameInfo::ResetInfo - SyncLevel set to 0 on reset
21:25:29.24   GameInfo::ResetInfo - SyncLevel set to 0 on reset
21:25:29.24   GameInfo::ResetInfo - SyncLevel set to 0 on reset
21:25:29.24   GameInfo::ResetInfo - SyncLevel set to 0 on reset
21:25:29.24   GameInfo::ResetInfo - SyncLevel set to 0 on reset
21:25:29.24   GameInfo::ResetInfo - SyncLevel set to 0 on reset
21:25:29.25   GameInfo::ResetInfo - SyncLevel set to 0 on reset
21:25:29.25   GameInfo::ResetInfo - SyncLevel set to 0 on reset
21:25:29.25   GameInfo::ResetInfo - SyncLevel set to 0 on reset
21:25:29.25   GameInfo::ResetInfo - SyncLevel set to 0 on reset
21:25:29.25   GameInfo::ResetInfo - SyncLevel set to 0 on reset
21:25:29.25   GameInfo::ResetInfo - SyncLevel set to 0 on reset
21:25:29.26   GameInfo::ResetInfo - SyncLevel set to 0 on reset
21:25:29.26   GameInfo::ResetInfo - SyncLevel set to 0 on reset
21:25:29.26   GameInfo::ResetInfo - SyncLevel set to 0 on reset
21:25:29.26   GameInfo::ResetInfo - SyncLevel set to 0 on reset
21:25:29.26   GameInfo::ResetInfo - SyncLevel set to 0 on reset
21:25:29.26   GameInfo::ResetInfo - SyncLevel set to 0 on reset
21:25:29.26   GameInfo::ResetInfo - SyncLevel set to 0 on reset
21:25:29.26   GameInfo::ResetInfo - SyncLevel set to 0 on reset
21:25:29.26   GameInfo::ResetInfo - SyncLevel set to 0 on reset
21:25:29.27   GameInfo::ResetInfo - SyncLevel set to 0 on reset
21:25:29.27   GameInfo::ResetInfo - SyncLevel set to 0 on reset
21:25:29.27   GameInfo::ResetInfo - SyncLevel set to 0 on reset
21:25:29.27   GameInfo::ResetInfo - SyncLevel set to 0 on reset
21:25:29.27   GameInfo::ResetInfo - SyncLevel set to 0 on reset
21:25:29.27   GameInfo::ResetInfo - SyncLevel set to 0 on reset
21:25:29.28   GameInfo::ResetInfo - SyncLevel set to 0 on reset
21:25:29.28   GameInfo::ResetInfo - SyncLevel set to 0 on reset
21:25:29.28   GameInfo::ResetInfo - SyncLevel set to 0 on reset
21:25:29.28   GameInfo::ResetInfo - SyncLevel set to 0 on reset
21:25:29.28   GameInfo::ResetInfo - SyncLevel set to 0 on reset
21:25:29.28   GameInfo::ResetInfo - SyncLevel set to 0 on reset
21:25:29.29   GameInfo::ResetInfo - SyncLevel set to 0 on reset
21:25:29.29   GameInfo::ResetInfo - SyncLevel set to 0 on reset
21:25:29.29   GameInfo::ResetInfo - SyncLevel set to 0 on reset
21:25:29.29   GameInfo::ResetInfo - SyncLevel set to 0 on reset
21:25:29.29   GameInfo::ResetInfo - SyncLevel set to 0 on reset
21:25:29.29   GameInfo::ResetInfo - SyncLevel set to 0 on reset
21:25:29.29   GameInfo::ResetInfo - SyncLevel set to 0 on reset
21:25:29.29   GameInfo::ResetInfo - SyncLevel set to 0 on reset
21:25:29.29   GameInfo::ResetInfo - SyncLevel set to 0 on reset
21:25:29.30   GameInfo::ResetInfo - SyncLevel set to 0 on reset
21:25:29.30   GameInfo::ResetInfo - SyncLevel set to 0 on reset
21:25:29.30   GameInfo::ResetInfo - SyncLevel set to 0 on reset
21:25:29.30   GameInfo::ResetInfo - SyncLevel set to 0 on reset
21:25:29.30   GameInfo::ResetInfo - SyncLevel set to 0 on reset
21:25:29.30   GameInfo::ResetInfo - SyncLevel set to 0 on reset
21:25:29.33   GameInfo::ResetInfo - SyncLevel set to 0 on reset
21:25:29.33   GameInfo::ResetInfo - SyncLevel set to 0 on reset
21:25:29.33   GameInfo::ResetInfo - SyncLevel set to 0 on reset
21:25:29.33   GameInfo::ResetInfo - SyncLevel set to 0 on reset
21:25:29.34   GameInfo::ResetInfo - SyncLevel set to 0 on reset
21:25:29.34   GameInfo::ResetInfo - SyncLevel set to 0 on reset
21:25:29.34   GameInfo::ResetInfo - SyncLevel set to 0 on reset
21:25:29.34   GameInfo::ResetInfo - SyncLevel set to 0 on reset
21:25:29.34   GameInfo::ResetInfo - SyncLevel set to 0 on reset
21:25:29.34   GameInfo::ResetInfo - SyncLevel set to 0 on reset
21:25:29.34   GameInfo::ResetInfo - SyncLevel set to 0 on reset
21:25:29.34   GameInfo::ResetInfo - SyncLevel set to 0 on reset
21:25:29.35   GameInfo::ResetInfo - SyncLevel set to 0 on reset
21:25:29.35   GameInfo::ResetInfo - SyncLevel set to 0 on reset
21:25:29.35   GameInfo::ResetInfo - SyncLevel set to 0 on reset
21:25:29.35   GameInfo::ResetInfo - SyncLevel set to 0 on reset
21:25:29.35   GameInfo::ResetInfo - SyncLevel set to 0 on reset
21:25:29.35   GameInfo::ResetInfo - SyncLevel set to 0 on reset
21:25:29.36   GameInfo::ResetInfo - SyncLevel set to 0 on reset
21:25:29.36   GameInfo::ResetInfo - SyncLevel set to 0 on reset
21:25:29.36   GameInfo::ResetInfo - SyncLevel set to 0 on reset
21:25:29.36   GameInfo::ResetInfo - SyncLevel set to 0 on reset
21:25:29.36   GameInfo::ResetInfo - SyncLevel set to 0 on reset
21:25:29.36   GameInfo::ResetInfo - SyncLevel set to 0 on reset
21:25:29.37   GameInfo::ResetInfo - SyncLevel set to 0 on reset
21:25:29.37   GameInfo::ResetInfo - SyncLevel set to 0 on reset
21:25:29.37   GameInfo::ResetInfo - SyncLevel set to 0 on reset
21:25:29.37   GameInfo::ResetInfo - SyncLevel set to 0 on reset
21:25:29.37   GameInfo::ResetInfo - SyncLevel set to 0 on reset
21:25:29.37   GameInfo::ResetInfo - SyncLevel set to 0 on reset
21:25:29.38   GameInfo::ResetInfo - SyncLevel set to 0 on reset
21:25:29.38   GameInfo::ResetInfo - SyncLevel set to 0 on reset
21:25:29.38   GameInfo::ResetInfo - SyncLevel set to 0 on reset
21:25:29.38   GameInfo::ResetInfo - SyncLevel set to 0 on reset
21:25:29.38   GameInfo::ResetInfo - SyncLevel set to 0 on reset
21:25:29.38   GameInfo::ResetInfo - SyncLevel set to 0 on reset
21:25:29.39   GameInfo::ResetInfo - SyncLevel set to 0 on reset
21:25:29.39   GameInfo::ResetInfo - SyncLevel set to 0 on reset
21:25:29.39   GameInfo::ResetInfo - SyncLevel set to 0 on reset
21:25:29.39   GameInfo::ResetInfo - SyncLevel set to 0 on reset
21:25:29.39   GameInfo::ResetInfo - SyncLevel set to 0 on reset
21:25:29.39   GameInfo::ResetInfo - SyncLevel set to 0 on reset
21:25:29.39   GameInfo::ResetInfo - SyncLevel set to 0 on reset
21:25:29.39   GameInfo::ResetInfo - SyncLevel set to 0 on reset
21:25:29.39   GameInfo::ResetInfo - SyncLevel set to 0 on reset
21:25:29.40   GameInfo::ResetInfo - SyncLevel set to 0 on reset
21:25:29.40   GameInfo::ResetInfo - SyncLevel set to 0 on reset
21:25:29.40   GameInfo::ResetInfo - SyncLevel set to 0 on reset
21:25:29.40   GameInfo::ResetInfo - SyncLevel set to 0 on reset
21:25:29.40   GameInfo::ResetInfo - SyncLevel set to 0 on reset
21:25:29.40   GameInfo::ResetInfo - SyncLevel set to 0 on reset
21:25:29.41   GameInfo::ResetInfo - SyncLevel set to 0 on reset
21:25:29.41   GameInfo::ResetInfo - SyncLevel set to 0 on reset
21:25:29.41   GameInfo::ResetInfo - SyncLevel set to 0 on reset
21:25:29.41   GameInfo::ResetInfo - SyncLevel set to 0 on reset
21:25:29.41   GameInfo::ResetInfo - SyncLevel set to 0 on reset
21:25:29.41   GameInfo::ResetInfo - SyncLevel set to 0 on reset
21:25:29.42   GameInfo::ResetInfo - SyncLevel set to 0 on reset
21:25:29.42   GameInfo::ResetInfo - SyncLevel set to 0 on reset
21:25:29.42   GameInfo::ResetInfo - SyncLevel set to 0 on reset
21:25:29.42   GameInfo::ResetInfo - SyncLevel set to 0 on reset
21:25:29.42   GameInfo::ResetInfo - SyncLevel set to 0 on reset
21:25:29.42   GameInfo::ResetInfo - SyncLevel set to 0 on reset
21:25:29.43   GameInfo::ResetInfo - SyncLevel set to 0 on reset
21:25:29.43   GameInfo::ResetInfo - SyncLevel set to 0 on reset
21:25:29.43   GameInfo::ResetInfo - SyncLevel set to 0 on reset
21:25:29.43   GameInfo::ResetInfo - SyncLevel set to 0 on reset
21:25:29.43   GameInfo::ResetInfo - SyncLevel set to 0 on reset
21:25:29.43   GameInfo::ResetInfo - SyncLevel set to 0 on reset
21:25:29.44   GameInfo::ResetInfo - SyncLevel set to 0 on reset
21:25:29.44   GameInfo::ResetInfo - SyncLevel set to 0 on reset
21:25:29.44   GameInfo::ResetInfo - SyncLevel set to 0 on reset
21:25:29.44   GameInfo::ResetInfo - SyncLevel set to 0 on reset
21:25:29.44   GameInfo::ResetInfo - SyncLevel set to 0 on reset
21:25:29.44   GameInfo::ResetInfo - SyncLevel set to 0 on reset
21:25:29.45   GameInfo::ResetInfo - SyncLevel set to 0 on reset
21:25:29.45   GameInfo::ResetInfo - SyncLevel set to 0 on reset
21:25:29.45   GameInfo::ResetInfo - SyncLevel set to 0 on reset
21:25:29.45   GameInfo::ResetInfo - SyncLevel set to 0 on reset
21:25:29.45   GameInfo::ResetInfo - SyncLevel set to 0 on reset
21:25:29.45   GameInfo::ResetInfo - SyncLevel set to 0 on reset
21:25:29.45   GameInfo::ResetInfo - SyncLevel set to 0 on reset
21:25:29.46   GameInfo::ResetInfo - SyncLevel set to 0 on reset
21:25:29.46   GameInfo::ResetInfo - SyncLevel set to 0 on reset
21:25:29.46   GameInfo::ResetInfo - SyncLevel set to 0 on reset
21:25:29.46   GameInfo::ResetInfo - SyncLevel set to 0 on reset
21:25:29.46   GameInfo::ResetInfo - SyncLevel set to 0 on reset
21:25:29.46   GameInfo::ResetInfo - SyncLevel set to 0 on reset
21:25:29.47   GameInfo::ResetInfo - SyncLevel set to 0 on reset
21:25:29.47   GameInfo::ResetInfo - SyncLevel set to 0 on reset
21:25:29.47   GAME -- Error reading header for recorded game PLAYBACK:4p_rails_and_metal20110731195813__[GameReplays.org].rec
21:25:29.47   GameInfo::ResetInfo - SyncLevel set to 0 on reset
21:25:29.47   GameInfo::ResetInfo - SyncLevel set to 0 on reset
21:25:29.47   GAME -- Error reading header for recorded game PLAYBACK:4p_rails_and_metal20110801000124__[GameReplays.org].rec
21:25:29.47   GameInfo::ResetInfo - SyncLevel set to 0 on reset
21:25:29.47   GameInfo::ResetInfo - SyncLevel set to 0 on reset
21:25:29.48   GAME -- Error reading header for recorded game PLAYBACK:4p_rails_and_metal20120827200108__[GameReplays.org].rec
21:25:29.48   GameInfo::ResetInfo - SyncLevel set to 0 on reset
21:25:29.48   GameInfo::ResetInfo - SyncLevel set to 0 on reset
21:25:29.48   GameInfo::ResetInfo - SyncLevel set to 0 on reset
21:25:29.48   GameInfo::ResetInfo - SyncLevel set to 0 on reset
21:25:29.48   GameInfo::ResetInfo - SyncLevel set to 0 on reset
21:25:29.48   GameInfo::ResetInfo - SyncLevel set to 0 on reset
21:25:29.49   GameInfo::ResetInfo - SyncLevel set to 0 on reset
21:25:29.49   GameInfo::ResetInfo - SyncLevel set to 0 on reset
21:25:29.49   GameInfo::ResetInfo - SyncLevel set to 0 on reset
21:25:29.49   GameInfo::ResetInfo - SyncLevel set to 0 on reset
21:25:29.49   GameInfo::ResetInfo - SyncLevel set to 0 on reset
21:25:29.49   GameInfo::ResetInfo - SyncLevel set to 0 on reset
21:25:29.49   GameInfo::ResetInfo - SyncLevel set to 0 on reset
21:25:29.49   GameInfo::ResetInfo - SyncLevel set to 0 on reset
21:25:29.50   GameInfo::ResetInfo - SyncLevel set to 0 on reset
21:25:29.50   GameInfo::ResetInfo - SyncLevel set to 0 on reset
21:25:29.50   GameInfo::ResetInfo - SyncLevel set to 0 on reset
21:25:29.50   GameInfo::ResetInfo - SyncLevel set to 0 on reset
21:25:29.50   GameInfo::ResetInfo - SyncLevel set to 0 on reset
21:25:29.50   GameInfo::ResetInfo - SyncLevel set to 0 on reset
21:25:29.51   GameInfo::ResetInfo - SyncLevel set to 0 on reset
21:25:29.51   GameInfo::ResetInfo - SyncLevel set to 0 on reset
21:25:29.51   GameInfo::ResetInfo - SyncLevel set to 0 on reset
21:25:29.51   GameInfo::ResetInfo - SyncLevel set to 0 on reset
21:25:29.52   GameInfo::ResetInfo - SyncLevel set to 0 on reset
21:25:29.52   GameInfo::ResetInfo - SyncLevel set to 0 on reset
21:25:29.52   GameInfo::ResetInfo - SyncLevel set to 0 on reset
21:25:29.52   GameInfo::ResetInfo - SyncLevel set to 0 on reset
21:25:29.52   GameInfo::ResetInfo - SyncLevel set to 0 on reset
21:25:29.52   GameInfo::ResetInfo - SyncLevel set to 0 on reset
21:25:29.52   GameInfo::ResetInfo - SyncLevel set to 0 on reset
21:25:29.52   GameInfo::ResetInfo - SyncLevel set to 0 on reset
21:25:29.53   GameInfo::ResetInfo - SyncLevel set to 0 on reset
21:25:29.53   GameInfo::ResetInfo - SyncLevel set to 0 on reset
21:25:29.53   GameInfo::ResetInfo - SyncLevel set to 0 on reset
21:25:29.53   GameInfo::ResetInfo - SyncLevel set to 0 on reset
21:25:29.53   GameInfo::ResetInfo - SyncLevel set to 0 on reset
21:25:29.53   GameInfo::ResetInfo - SyncLevel set to 0 on reset
21:25:29.54   GameInfo::ResetInfo - SyncLevel set to 0 on reset
21:25:29.54   GameInfo::ResetInfo - SyncLevel set to 0 on reset
21:25:29.54   GameInfo::ResetInfo - SyncLevel set to 0 on reset
21:25:29.54   GameInfo::ResetInfo - SyncLevel set to 0 on reset
21:25:29.54   GameInfo::ResetInfo - SyncLevel set to 0 on reset
21:25:29.54   GameInfo::ResetInfo - SyncLevel set to 0 on reset
21:25:29.54   GameInfo::ResetInfo - SyncLevel set to 0 on reset
21:25:29.54   GameInfo::ResetInfo - SyncLevel set to 0 on reset
21:25:29.54   GameInfo::ResetInfo - SyncLevel set to 0 on reset
21:25:29.55   GameInfo::ResetInfo - SyncLevel set to 0 on reset
21:25:29.55   GameInfo::ResetInfo - SyncLevel set to 0 on reset
21:25:29.55   GameInfo::ResetInfo - SyncLevel set to 0 on reset
21:25:29.55   GameInfo::ResetInfo - SyncLevel set to 0 on reset
21:25:29.55   GameInfo::ResetInfo - SyncLevel set to 0 on reset
21:25:29.55   GameInfo::ResetInfo - SyncLevel set to 0 on reset
21:25:29.56   GameInfo::ResetInfo - SyncLevel set to 0 on reset
21:25:29.56   GameInfo::ResetInfo - SyncLevel set to 0 on reset
21:25:29.56   GameInfo::ResetInfo - SyncLevel set to 0 on reset
21:25:29.56   GameInfo::ResetInfo - SyncLevel set to 0 on reset
21:25:29.56   GameInfo::ResetInfo - SyncLevel set to 0 on reset
21:25:29.56   GameInfo::ResetInfo - SyncLevel set to 0 on reset
21:25:29.57   GameInfo::ResetInfo - SyncLevel set to 0 on reset
21:25:29.57   GameInfo::ResetInfo - SyncLevel set to 0 on reset
21:25:29.57   GameInfo::ResetInfo - SyncLevel set to 0 on reset
21:25:29.57   GameInfo::ResetInfo - SyncLevel set to 0 on reset
21:25:29.57   GameInfo::ResetInfo - SyncLevel set to 0 on reset
21:25:29.57   GameInfo::ResetInfo - SyncLevel set to 0 on reset
21:25:29.58   GameInfo::ResetInfo - SyncLevel set to 0 on reset
21:25:29.58   GameInfo::ResetInfo - SyncLevel set to 0 on reset
21:25:29.58   GameInfo::ResetInfo - SyncLevel set to 0 on reset
21:25:29.58   GameInfo::ResetInfo - SyncLevel set to 0 on reset
21:25:29.58   GameInfo::ResetInfo - SyncLevel set to 0 on reset
21:25:29.58   GameInfo::ResetInfo - SyncLevel set to 0 on reset
21:25:29.58   GameInfo::ResetInfo - SyncLevel set to 0 on reset
21:25:29.58   GameInfo::ResetInfo - SyncLevel set to 0 on reset
21:25:29.58   GameInfo::ResetInfo - SyncLevel set to 0 on reset
21:25:29.59   GameInfo::ResetInfo - SyncLevel set to 0 on reset
21:25:29.59   GameInfo::ResetInfo - SyncLevel set to 0 on reset
21:25:29.59   GameInfo::ResetInfo - SyncLevel set to 0 on reset
21:25:29.59   GameInfo::ResetInfo - SyncLevel set to 0 on reset
21:25:29.59   GameInfo::ResetInfo - SyncLevel set to 0 on reset
21:25:29.59   GameInfo::ResetInfo - SyncLevel set to 0 on reset
21:25:29.59   GameInfo::ResetInfo - SyncLevel set to 0 on reset
21:25:29.59   GameInfo::ResetInfo - SyncLevel set to 0 on reset
21:25:29.59   GameInfo::ResetInfo - SyncLevel set to 0 on reset
21:25:29.60   GameInfo::ResetInfo - SyncLevel set to 0 on reset
21:25:29.60   GameInfo::ResetInfo - SyncLevel set to 0 on reset
21:25:29.60   GameInfo::ResetInfo - SyncLevel set to 0 on reset
21:25:29.60   GameInfo::ResetInfo - SyncLevel set to 0 on reset
21:25:29.60   GameInfo::ResetInfo - SyncLevel set to 0 on reset
21:25:29.60   GameInfo::ResetInfo - SyncLevel set to 0 on reset
21:25:29.61   GameInfo::ResetInfo - SyncLevel set to 0 on reset
21:25:29.61   GameInfo::ResetInfo - SyncLevel set to 0 on reset
21:25:29.61   GameInfo::ResetInfo - SyncLevel set to 0 on reset
21:25:29.61   GameInfo::ResetInfo - SyncLevel set to 0 on reset
21:25:29.61   GameInfo::ResetInfo - SyncLevel set to 0 on reset
21:25:29.61   GameInfo::ResetInfo - SyncLevel set to 0 on reset
21:25:29.62   GameInfo::ResetInfo - SyncLevel set to 0 on reset
21:25:29.62   GameInfo::ResetInfo - SyncLevel set to 0 on reset
21:25:29.62   GameInfo::ResetInfo - SyncLevel set to 0 on reset
21:25:29.62   GameInfo::ResetInfo - SyncLevel set to 0 on reset
21:25:29.62   GameInfo::ResetInfo - SyncLevel set to 0 on reset
21:25:29.62   GameInfo::ResetInfo - SyncLevel set to 0 on reset
21:25:29.63   GameInfo::ResetInfo - SyncLevel set to 0 on reset
21:25:29.63   GameInfo::ResetInfo - SyncLevel set to 0 on reset
21:25:29.63   GameInfo::ResetInfo - SyncLevel set to 0 on reset
21:25:29.63   GameInfo::ResetInfo - SyncLevel set to 0 on reset
21:25:29.63   GameInfo::ResetInfo - SyncLevel set to 0 on reset
21:25:29.63   GameInfo::ResetInfo - SyncLevel set to 0 on reset
21:25:29.63   GameInfo::ResetInfo - SyncLevel set to 0 on reset
21:25:29.63   GameInfo::ResetInfo - SyncLevel set to 0 on reset
21:25:29.63   GameInfo::ResetInfo - SyncLevel set to 0 on reset
21:25:29.64   GameInfo::ResetInfo - SyncLevel set to 0 on reset
21:25:29.64   GameInfo::ResetInfo - SyncLevel set to 0 on reset
21:25:29.64   GameInfo::ResetInfo - SyncLevel set to 0 on reset
21:25:29.64   GameInfo::ResetInfo - SyncLevel set to 0 on reset
21:25:29.64   GameInfo::ResetInfo - SyncLevel set to 0 on reset
21:25:29.64   GameInfo::ResetInfo - SyncLevel set to 0 on reset
21:25:29.65   GameInfo::ResetInfo - SyncLevel set to 0 on reset
21:25:29.65   GameInfo::ResetInfo - SyncLevel set to 0 on reset
21:25:29.65   GameInfo::ResetInfo - SyncLevel set to 0 on reset
21:25:29.65   GameInfo::ResetInfo - SyncLevel set to 0 on reset
21:25:29.65   GameInfo::ResetInfo - SyncLevel set to 0 on reset
21:25:29.65   GameInfo::ResetInfo - SyncLevel set to 0 on reset
21:25:29.66   GameInfo::ResetInfo - SyncLevel set to 0 on reset
21:25:29.66   GameInfo::ResetInfo - SyncLevel set to 0 on reset
21:25:29.66   GameInfo::ResetInfo - SyncLevel set to 0 on reset
21:25:29.66   GameInfo::ResetInfo - SyncLevel set to 0 on reset
21:25:29.66   GameInfo::ResetInfo - SyncLevel set to 0 on reset
21:25:29.66   GameInfo::ResetInfo - SyncLevel set to 0 on reset
21:25:29.66   GAME -- Error reading header for recorded game PLAYBACK:4p_wolfheze20090305210256__[GameReplays.org].rec
21:25:29.66   GameInfo::ResetInfo - SyncLevel set to 0 on reset
21:25:29.66   GameInfo::ResetInfo - SyncLevel set to 0 on reset
21:25:29.66   GameInfo::ResetInfo - SyncLevel set to 0 on reset
21:25:29.67   GameInfo::ResetInfo - SyncLevel set to 0 on reset
21:25:29.67   GameInfo::ResetInfo - SyncLevel set to 0 on reset
21:25:29.67   GameInfo::ResetInfo - SyncLevel set to 0 on reset
21:25:29.67   GameInfo::ResetInfo - SyncLevel set to 0 on reset
21:25:29.67   GameInfo::ResetInfo - SyncLevel set to 0 on reset
21:25:29.67   GameInfo::ResetInfo - SyncLevel set to 0 on reset
21:25:29.67   GameInfo::ResetInfo - SyncLevel set to 0 on reset
21:25:29.67   GameInfo::ResetInfo - SyncLevel set to 0 on reset
21:25:29.67   GameInfo::ResetInfo - SyncLevel set to 0 on reset
21:25:29.67   GameInfo::ResetInfo - SyncLevel set to 0 on reset
21:25:29.68   GameInfo::ResetInfo - SyncLevel set to 0 on reset
21:25:29.68   GameInfo::ResetInfo - SyncLevel set to 0 on reset
21:25:29.68   GameInfo::ResetInfo - SyncLevel set to 0 on reset
21:25:29.68   GameInfo::ResetInfo - SyncLevel set to 0 on reset
21:25:29.68   GameInfo::ResetInfo - SyncLevel set to 0 on reset
21:25:29.69   GameInfo::ResetInfo - SyncLevel set to 0 on reset
21:25:29.69   GameInfo::ResetInfo - SyncLevel set to 0 on reset
21:25:29.69   GameInfo::ResetInfo - SyncLevel set to 0 on reset
21:25:29.69   GameInfo::ResetInfo - SyncLevel set to 0 on reset
21:25:29.69   GameInfo::ResetInfo - SyncLevel set to 0 on reset
21:25:29.69   GameInfo::ResetInfo - SyncLevel set to 0 on reset
21:25:29.70   GameInfo::ResetInfo - SyncLevel set to 0 on reset
21:25:29.70   GameInfo::ResetInfo - SyncLevel set to 0 on reset
21:25:29.70   GameInfo::ResetInfo - SyncLevel set to 0 on reset
21:25:29.70   GameInfo::ResetInfo - SyncLevel set to 0 on reset
21:25:29.70   GameInfo::ResetInfo - SyncLevel set to 0 on reset
21:25:29.70   GameInfo::ResetInfo - SyncLevel set to 0 on reset
21:25:29.70   GameInfo::ResetInfo - SyncLevel set to 0 on reset
21:25:29.70   GameInfo::ResetInfo - SyncLevel set to 0 on reset
21:25:29.70   GameInfo::ResetInfo - SyncLevel set to 0 on reset
21:25:29.70   GameInfo::ResetInfo - SyncLevel set to 0 on reset
21:25:29.70   GameInfo::ResetInfo - SyncLevel set to 0 on reset
21:25:29.70   GameInfo::ResetInfo - SyncLevel set to 0 on reset
21:25:29.70   GameInfo::ResetInfo - SyncLevel set to 0 on reset
21:25:29.70   GameInfo::ResetInfo - SyncLevel set to 0 on reset
21:25:29.71   GameInfo::ResetInfo - SyncLevel set to 0 on reset
21:25:29.71   GameInfo::ResetInfo - SyncLevel set to 0 on reset
21:25:29.71   GameInfo::ResetInfo - SyncLevel set to 0 on reset
21:25:29.71   GameInfo::ResetInfo - SyncLevel set to 0 on reset
21:25:29.71   GameInfo::ResetInfo - SyncLevel set to 0 on reset
21:25:29.71   GameInfo::ResetInfo - SyncLevel set to 0 on reset
21:25:29.71   GameInfo::ResetInfo - SyncLevel set to 0 on reset
21:25:29.72   GameInfo::ResetInfo - SyncLevel set to 0 on reset
21:25:29.72   GameInfo::ResetInfo - SyncLevel set to 0 on reset
21:25:29.72   GameInfo::ResetInfo - SyncLevel set to 0 on reset
21:25:29.72   GameInfo::ResetInfo - SyncLevel set to 0 on reset
21:25:29.72   GameInfo::ResetInfo - SyncLevel set to 0 on reset
21:25:29.72   GameInfo::ResetInfo - SyncLevel set to 0 on reset
21:25:29.72   GameInfo::ResetInfo - SyncLevel set to 0 on reset
21:25:29.72   GameInfo::ResetInfo - SyncLevel set to 0 on reset
21:25:29.72   GameInfo::ResetInfo - SyncLevel set to 0 on reset
21:25:29.73   GameInfo::ResetInfo - SyncLevel set to 0 on reset
21:25:29.73   GameInfo::ResetInfo - SyncLevel set to 0 on reset
21:25:29.73   GameInfo::ResetInfo - SyncLevel set to 0 on reset
21:25:29.73   GameInfo::ResetInfo - SyncLevel set to 0 on reset
21:25:29.73   GameInfo::ResetInfo - SyncLevel set to 0 on reset
21:25:29.73   GameInfo::ResetInfo - SyncLevel set to 0 on reset
21:25:29.73   GameInfo::ResetInfo - SyncLevel set to 0 on reset
21:25:29.73   GameInfo::ResetInfo - SyncLevel set to 0 on reset
21:25:29.73   GameInfo::ResetInfo - SyncLevel set to 0 on reset
21:25:29.73   GameInfo::ResetInfo - SyncLevel set to 0 on reset
21:25:29.73   GameInfo::ResetInfo - SyncLevel set to 0 on reset
21:25:29.73   GameInfo::ResetInfo - SyncLevel set to 0 on reset
21:25:29.73   GameInfo::ResetInfo - SyncLevel set to 0 on reset
21:25:29.73   GameInfo::ResetInfo - SyncLevel set to 0 on reset
21:25:29.74   GameInfo::ResetInfo - SyncLevel set to 0 on reset
21:25:29.74   GameInfo::ResetInfo - SyncLevel set to 0 on reset
21:25:29.74   GameInfo::ResetInfo - SyncLevel set to 0 on reset
21:25:29.74   GameInfo::ResetInfo - SyncLevel set to 0 on reset
21:25:29.74   GameInfo::ResetInfo - SyncLevel set to 0 on reset
21:25:29.74   GameInfo::ResetInfo - SyncLevel set to 0 on reset
21:25:29.74   GameInfo::ResetInfo - SyncLevel set to 0 on reset
21:25:29.74   GameInfo::ResetInfo - SyncLevel set to 0 on reset
21:25:29.74   GameInfo::ResetInfo - SyncLevel set to 0 on reset
21:25:29.75   GameInfo::ResetInfo - SyncLevel set to 0 on reset
21:25:29.75   GameInfo::ResetInfo - SyncLevel set to 0 on reset
21:25:29.75   GameInfo::ResetInfo - SyncLevel set to 0 on reset
21:25:29.75   GameInfo::ResetInfo - SyncLevel set to 0 on reset
21:25:29.75   GameInfo::ResetInfo - SyncLevel set to 0 on reset
21:25:29.75   GameInfo::ResetInfo - SyncLevel set to 0 on reset
21:25:29.76   GameInfo::ResetInfo - SyncLevel set to 0 on reset
21:25:29.76   GameInfo::ResetInfo - SyncLevel set to 0 on reset
21:25:29.76   GameInfo::ResetInfo - SyncLevel set to 0 on reset
21:25:29.76   GameInfo::ResetInfo - SyncLevel set to 0 on reset
21:25:29.76   GameInfo::ResetInfo - SyncLevel set to 0 on reset
21:25:29.76   GameInfo::ResetInfo - SyncLevel set to 0 on reset
21:25:29.76   GameInfo::ResetInfo - SyncLevel set to 0 on reset
21:25:29.76   GameInfo::ResetInfo - SyncLevel set to 0 on reset
21:25:29.76   GameInfo::ResetInfo - SyncLevel set to 0 on reset
21:25:29.76   GameInfo::ResetInfo - SyncLevel set to 0 on reset
21:25:29.77   GameInfo::ResetInfo - SyncLevel set to 0 on reset
21:25:29.77   GameInfo::ResetInfo - SyncLevel set to 0 on reset
21:25:29.77   GameInfo::ResetInfo - SyncLevel set to 0 on reset
21:25:29.77   GameInfo::ResetInfo - SyncLevel set to 0 on reset
21:25:29.77   GameInfo::ResetInfo - SyncLevel set to 0 on reset
21:25:29.77   GameInfo::ResetInfo - SyncLevel set to 0 on reset
21:25:29.78   GameInfo::ResetInfo - SyncLevel set to 0 on reset
21:25:29.78   GameInfo::ResetInfo - SyncLevel set to 0 on reset
21:25:29.78   GameInfo::ResetInfo - SyncLevel set to 0 on reset
21:25:29.78   GameInfo::ResetInfo - SyncLevel set to 0 on reset
21:25:29.78   GameInfo::ResetInfo - SyncLevel set to 0 on reset
21:25:29.78   GameInfo::ResetInfo - SyncLevel set to 0 on reset
21:25:29.79   GameInfo::ResetInfo - SyncLevel set to 0 on reset
21:25:29.79   GameInfo::ResetInfo - SyncLevel set to 0 on reset
21:25:29.79   GameInfo::ResetInfo - SyncLevel set to 0 on reset
21:25:29.79   GameInfo::ResetInfo - SyncLevel set to 0 on reset
21:25:29.79   GameInfo::ResetInfo - SyncLevel set to 0 on reset
21:25:29.79   GameInfo::ResetInfo - SyncLevel set to 0 on reset
21:25:29.79   GameInfo::ResetInfo - SyncLevel set to 0 on reset
21:25:29.79   GameInfo::ResetInfo - SyncLevel set to 0 on reset
21:25:29.80   GameInfo::ResetInfo - SyncLevel set to 0 on reset
21:25:29.80   GameInfo::ResetInfo - SyncLevel set to 0 on reset
21:25:29.80   GameInfo::ResetInfo - SyncLevel set to 0 on reset
21:25:29.80   GameInfo::ResetInfo - SyncLevel set to 0 on reset
21:25:29.80   GameInfo::ResetInfo - SyncLevel set to 0 on reset
21:25:29.80   GameInfo::ResetInfo - SyncLevel set to 0 on reset
21:25:29.80   GameInfo::ResetInfo - SyncLevel set to 0 on reset
21:25:29.80   GameInfo::ResetInfo - SyncLevel set to 0 on reset
21:25:29.80   GameInfo::ResetInfo - SyncLevel set to 0 on reset
21:25:29.81   GameInfo::ResetInfo - SyncLevel set to 0 on reset
21:25:29.81   GameInfo::ResetInfo - SyncLevel set to 0 on reset
21:25:29.81   GameInfo::ResetInfo - SyncLevel set to 0 on reset
21:25:29.81   GameInfo::ResetInfo - SyncLevel set to 0 on reset
21:25:29.81   GameInfo::ResetInfo - SyncLevel set to 0 on reset
21:25:29.81   GameInfo::ResetInfo - SyncLevel set to 0 on reset
21:25:29.81   GameInfo::ResetInfo - SyncLevel set to 0 on reset
21:25:29.81   GameInfo::ResetInfo - SyncLevel set to 0 on reset
21:25:29.81   GameInfo::ResetInfo - SyncLevel set to 0 on reset
21:25:29.82   GameInfo::ResetInfo - SyncLevel set to 0 on reset
21:25:29.82   GameInfo::ResetInfo - SyncLevel set to 0 on reset
21:25:29.82   GameInfo::ResetInfo - SyncLevel set to 0 on reset
21:25:29.82   GameInfo::ResetInfo - SyncLevel set to 0 on reset
21:25:29.82   GameInfo::ResetInfo - SyncLevel set to 0 on reset
21:25:29.82   GameInfo::ResetInfo - SyncLevel set to 0 on reset
21:25:29.83   GameInfo::ResetInfo - SyncLevel set to 0 on reset
21:25:29.83   GameInfo::ResetInfo - SyncLevel set to 0 on reset
21:25:29.83   GameInfo::ResetInfo - SyncLevel set to 0 on reset
21:25:29.83   GameInfo::ResetInfo - SyncLevel set to 0 on reset
21:25:29.83   GameInfo::ResetInfo - SyncLevel set to 0 on reset
21:25:29.83   GameInfo::ResetInfo - SyncLevel set to 0 on reset
21:25:29.84   GameInfo::ResetInfo - SyncLevel set to 0 on reset
21:25:29.84   GameInfo::ResetInfo - SyncLevel set to 0 on reset
21:25:29.84   GameInfo::ResetInfo - SyncLevel set to 0 on reset
21:25:29.84   GameInfo::ResetInfo - SyncLevel set to 0 on reset
21:25:29.84   GameInfo::ResetInfo - SyncLevel set to 0 on reset
21:25:29.84   GameInfo::ResetInfo - SyncLevel set to 0 on reset
21:25:29.85   GameInfo::ResetInfo - SyncLevel set to 0 on reset
21:25:29.85   GameInfo::ResetInfo - SyncLevel set to 0 on reset
21:25:29.85   GameInfo::ResetInfo - SyncLevel set to 0 on reset
21:25:29.85   GameInfo::ResetInfo - SyncLevel set to 0 on reset
21:25:29.85   GameInfo::ResetInfo - SyncLevel set to 0 on reset
21:25:29.85   GameInfo::ResetInfo - SyncLevel set to 0 on reset
21:25:29.86   GameInfo::ResetInfo - SyncLevel set to 0 on reset
21:25:29.86   GameInfo::ResetInfo - SyncLevel set to 0 on reset
21:25:29.86   GameInfo::ResetInfo - SyncLevel set to 0 on reset
21:25:29.86   GameInfo::ResetInfo - SyncLevel set to 0 on reset
21:25:29.86   GameInfo::ResetInfo - SyncLevel set to 0 on reset
21:25:29.86   GameInfo::ResetInfo - SyncLevel set to 0 on reset
21:25:29.87   GameInfo::ResetInfo - SyncLevel set to 0 on reset
21:25:29.87   GameInfo::ResetInfo - SyncLevel set to 0 on reset
21:25:29.87   GameInfo::ResetInfo - SyncLevel set to 0 on reset
21:25:29.87   GameInfo::ResetInfo - SyncLevel set to 0 on reset
21:25:29.87   GameInfo::ResetInfo - SyncLevel set to 0 on reset
21:25:29.87   GameInfo::ResetInfo - SyncLevel set to 0 on reset
21:25:29.88   GameInfo::ResetInfo - SyncLevel set to 0 on reset
21:25:29.88   GameInfo::ResetInfo - SyncLevel set to 0 on reset
21:25:29.88   GameInfo::ResetInfo - SyncLevel set to 0 on reset
21:25:29.88   GameInfo::ResetInfo - SyncLevel set to 0 on reset
21:25:29.88   GameInfo::ResetInfo - SyncLevel set to 0 on reset
21:25:29.88   GameInfo::ResetInfo - SyncLevel set to 0 on reset
21:25:29.89   GameInfo::ResetInfo - SyncLevel set to 0 on reset
21:25:29.89   GameInfo::ResetInfo - SyncLevel set to 0 on reset
21:25:29.89   GameInfo::ResetInfo - SyncLevel set to 0 on reset
21:25:29.89   GameInfo::ResetInfo - SyncLevel set to 0 on reset
21:25:29.90   GameInfo::ResetInfo - SyncLevel set to 0 on reset
21:25:29.90   GameInfo::ResetInfo - SyncLevel set to 0 on reset
21:25:29.90   GAME -- Error reading header for recorded game PLAYBACK:6p_close_river_combat.2018-01-28.00-37-43.rec
21:25:29.90   GameInfo::ResetInfo - SyncLevel set to 0 on reset
21:25:29.90   GameInfo::ResetInfo - SyncLevel set to 0 on reset
21:25:29.90   GAME -- Error reading header for recorded game PLAYBACK:6p_close_river_combat.2018-01-31.23-35-59.rec
21:25:29.90   GameInfo::ResetInfo - SyncLevel set to 0 on reset
21:25:29.90   GameInfo::ResetInfo - SyncLevel set to 0 on reset
21:25:29.90   GameInfo::ResetInfo - SyncLevel set to 0 on reset
21:25:29.91   GameInfo::ResetInfo - SyncLevel set to 0 on reset
21:25:29.91   GameInfo::ResetInfo - SyncLevel set to 0 on reset
21:25:29.91   GameInfo::ResetInfo - SyncLevel set to 0 on reset
21:25:29.91   GameInfo::ResetInfo - SyncLevel set to 0 on reset
21:25:29.91   GameInfo::ResetInfo - SyncLevel set to 0 on reset
21:25:29.92   GameInfo::ResetInfo - SyncLevel set to 0 on reset
21:25:29.92   GameInfo::ResetInfo - SyncLevel set to 0 on reset
21:25:29.92   GameInfo::ResetInfo - SyncLevel set to 0 on reset
21:25:29.92   GameInfo::ResetInfo - SyncLevel set to 0 on reset
21:25:29.92   GameInfo::ResetInfo - SyncLevel set to 0 on reset
21:25:29.92   GameInfo::ResetInfo - SyncLevel set to 0 on reset
21:25:29.92   GameInfo::ResetInfo - SyncLevel set to 0 on reset
21:25:29.93   GameInfo::ResetInfo - SyncLevel set to 0 on reset
21:25:29.93   GameInfo::ResetInfo - SyncLevel set to 0 on reset
21:25:29.93   GameInfo::ResetInfo - SyncLevel set to 0 on reset
21:25:29.93   GameInfo::ResetInfo - SyncLevel set to 0 on reset
21:25:29.93   GameInfo::ResetInfo - SyncLevel set to 0 on reset
21:25:29.93   GameInfo::ResetInfo - SyncLevel set to 0 on reset
21:25:29.94   GameInfo::ResetInfo - SyncLevel set to 0 on reset
21:25:29.94   GameInfo::ResetInfo - SyncLevel set to 0 on reset
21:25:29.94   GameInfo::ResetInfo - SyncLevel set to 0 on reset
21:25:29.94   GameInfo::ResetInfo - SyncLevel set to 0 on reset
21:25:29.94   GameInfo::ResetInfo - SyncLevel set to 0 on reset
21:25:29.95   GameInfo::ResetInfo - SyncLevel set to 0 on reset
21:25:29.95   GameInfo::ResetInfo - SyncLevel set to 0 on reset
21:25:29.95   GameInfo::ResetInfo - SyncLevel set to 0 on reset
21:25:29.95   GameInfo::ResetInfo - SyncLevel set to 0 on reset
21:25:29.95   GameInfo::ResetInfo - SyncLevel set to 0 on reset
21:25:29.95   GameInfo::ResetInfo - SyncLevel set to 0 on reset
21:25:29.95   GameInfo::ResetInfo - SyncLevel set to 0 on reset
21:25:29.96   GameInfo::ResetInfo - SyncLevel set to 0 on reset
21:25:29.96   GameInfo::ResetInfo - SyncLevel set to 0 on reset
21:25:29.96   GameInfo::ResetInfo - SyncLevel set to 0 on reset
21:25:29.96   GameInfo::ResetInfo - SyncLevel set to 0 on reset
21:25:29.96   GameInfo::ResetInfo - SyncLevel set to 0 on reset
21:25:29.97   GameInfo::ResetInfo - SyncLevel set to 0 on reset
21:25:29.97   GameInfo::ResetInfo - SyncLevel set to 0 on reset
21:25:29.97   GameInfo::ResetInfo - SyncLevel set to 0 on reset
21:25:29.97   GameInfo::ResetInfo - SyncLevel set to 0 on reset
21:25:29.97   GameInfo::ResetInfo - SyncLevel set to 0 on reset
21:25:29.97   GameInfo::ResetInfo - SyncLevel set to 0 on reset
21:25:29.98   GameInfo::ResetInfo - SyncLevel set to 0 on reset
21:25:29.98   GameInfo::ResetInfo - SyncLevel set to 0 on reset
21:25:29.98   GameInfo::ResetInfo - SyncLevel set to 0 on reset
21:25:29.98   GameInfo::ResetInfo - SyncLevel set to 0 on reset
21:25:29.98   GameInfo::ResetInfo - SyncLevel set to 0 on reset
21:25:29.98   GameInfo::ResetInfo - SyncLevel set to 0 on reset
21:25:29.98   GameInfo::ResetInfo - SyncLevel set to 0 on reset
21:25:29.98   GameInfo::ResetInfo - SyncLevel set to 0 on reset
21:25:29.98   GameInfo::ResetInfo - SyncLevel set to 0 on reset
21:25:29.99   GameInfo::ResetInfo - SyncLevel set to 0 on reset
21:25:29.99   GameInfo::ResetInfo - SyncLevel set to 0 on reset
21:25:29.99   GameInfo::ResetInfo - SyncLevel set to 0 on reset
21:25:29.99   GameInfo::ResetInfo - SyncLevel set to 0 on reset
21:25:30.00   GameInfo::ResetInfo - SyncLevel set to 0 on reset
21:25:30.00   GameInfo::ResetInfo - SyncLevel set to 0 on reset
21:25:30.00   GameInfo::ResetInfo - SyncLevel set to 0 on reset
21:25:30.00   GameInfo::ResetInfo - SyncLevel set to 0 on reset
21:25:30.00   GameInfo::ResetInfo - SyncLevel set to 0 on reset
21:25:30.00   GameInfo::ResetInfo - SyncLevel set to 0 on reset
21:25:30.01   GameInfo::ResetInfo - SyncLevel set to 0 on reset
21:25:30.01   GameInfo::ResetInfo - SyncLevel set to 0 on reset
21:25:30.01   GameInfo::ResetInfo - SyncLevel set to 0 on reset
21:25:30.01   GameInfo::ResetInfo - SyncLevel set to 0 on reset
21:25:30.01   GameInfo::ResetInfo - SyncLevel set to 0 on reset
21:25:30.01   GameInfo::ResetInfo - SyncLevel set to 0 on reset
21:25:30.01   GameInfo::ResetInfo - SyncLevel set to 0 on reset
21:25:30.01   GameInfo::ResetInfo - SyncLevel set to 0 on reset
21:25:30.02   GameInfo::ResetInfo - SyncLevel set to 0 on reset
21:25:30.02   GameInfo::ResetInfo - SyncLevel set to 0 on reset
21:25:30.02   GameInfo::ResetInfo - SyncLevel set to 0 on reset
21:25:30.02   GameInfo::ResetInfo - SyncLevel set to 0 on reset
21:25:30.02   GameInfo::ResetInfo - SyncLevel set to 0 on reset
21:25:30.02   GameInfo::ResetInfo - SyncLevel set to 0 on reset
21:25:30.03   GameInfo::ResetInfo - SyncLevel set to 0 on reset
21:25:30.03   GameInfo::ResetInfo - SyncLevel set to 0 on reset
21:25:30.03   GameInfo::ResetInfo - SyncLevel set to 0 on reset
21:25:30.03   GameInfo::ResetInfo - SyncLevel set to 0 on reset
21:25:30.03   GameInfo::ResetInfo - SyncLevel set to 0 on reset
21:25:30.03   GameInfo::ResetInfo - SyncLevel set to 0 on reset
21:25:30.04   GameInfo::ResetInfo - SyncLevel set to 0 on reset
21:25:30.04   GameInfo::ResetInfo - SyncLevel set to 0 on reset
21:25:30.04   GameInfo::ResetInfo - SyncLevel set to 0 on reset
21:25:30.04   GameInfo::ResetInfo - SyncLevel set to 0 on reset
21:25:30.04   GameInfo::ResetInfo - SyncLevel set to 0 on reset
21:25:30.04   GameInfo::ResetInfo - SyncLevel set to 0 on reset
21:25:30.05   GameInfo::ResetInfo - SyncLevel set to 0 on reset
21:25:30.05   GameInfo::ResetInfo - SyncLevel set to 0 on reset
21:25:30.05   GameInfo::ResetInfo - SyncLevel set to 0 on reset
21:25:30.05   GameInfo::ResetInfo - SyncLevel set to 0 on reset
21:25:30.05   GameInfo::ResetInfo - SyncLevel set to 0 on reset
21:25:30.05   GameInfo::ResetInfo - SyncLevel set to 0 on reset
21:25:30.06   GameInfo::ResetInfo - SyncLevel set to 0 on reset
21:25:30.06   GameInfo::ResetInfo - SyncLevel set to 0 on reset
21:25:30.06   GameInfo::ResetInfo - SyncLevel set to 0 on reset
21:25:30.06   GameInfo::ResetInfo - SyncLevel set to 0 on reset
21:25:30.06   GameInfo::ResetInfo - SyncLevel set to 0 on reset
21:25:30.06   GameInfo::ResetInfo - SyncLevel set to 0 on reset
21:25:30.07   GameInfo::ResetInfo - SyncLevel set to 0 on reset
21:25:30.07   GameInfo::ResetInfo - SyncLevel set to 0 on reset
21:25:30.07   GameInfo::ResetInfo - SyncLevel set to 0 on reset
21:25:30.07   GameInfo::ResetInfo - SyncLevel set to 0 on reset
21:25:30.07   GameInfo::ResetInfo - SyncLevel set to 0 on reset
21:25:30.07   GameInfo::ResetInfo - SyncLevel set to 0 on reset
21:25:30.08   GameInfo::ResetInfo - SyncLevel set to 0 on reset
21:25:30.08   GameInfo::ResetInfo - SyncLevel set to 0 on reset
21:25:30.08   GameInfo::ResetInfo - SyncLevel set to 0 on reset
21:25:30.08   GameInfo::ResetInfo - SyncLevel set to 0 on reset
21:25:30.08   GameInfo::ResetInfo - SyncLevel set to 0 on reset
21:25:30.08   GameInfo::ResetInfo - SyncLevel set to 0 on reset
21:25:30.09   GameInfo::ResetInfo - SyncLevel set to 0 on reset
21:25:30.09   GameInfo::ResetInfo - SyncLevel set to 0 on reset
21:25:30.09   GameInfo::ResetInfo - SyncLevel set to 0 on reset
21:25:30.09   GameInfo::ResetInfo - SyncLevel set to 0 on reset
21:25:30.09   GameInfo::ResetInfo - SyncLevel set to 0 on reset
21:25:30.09   GameInfo::ResetInfo - SyncLevel set to 0 on reset
21:25:30.10   GameInfo::ResetInfo - SyncLevel set to 0 on reset
21:25:30.10   GameInfo::ResetInfo - SyncLevel set to 0 on reset
21:25:30.10   GameInfo::ResetInfo - SyncLevel set to 0 on reset
21:25:30.10   GameInfo::ResetInfo - SyncLevel set to 0 on reset
21:25:30.10   GameInfo::ResetInfo - SyncLevel set to 0 on reset
21:25:30.10   GameInfo::ResetInfo - SyncLevel set to 0 on reset
21:25:30.11   GameInfo::ResetInfo - SyncLevel set to 0 on reset
21:25:30.11   GameInfo::ResetInfo - SyncLevel set to 0 on reset
21:25:30.11   GameInfo::ResetInfo - SyncLevel set to 0 on reset
21:25:30.11   GameInfo::ResetInfo - SyncLevel set to 0 on reset
21:25:30.12   GameInfo::ResetInfo - SyncLevel set to 0 on reset
21:25:30.12   GameInfo::ResetInfo - SyncLevel set to 0 on reset
21:25:30.12   GameInfo::ResetInfo - SyncLevel set to 0 on reset
21:25:30.12   GameInfo::ResetInfo - SyncLevel set to 0 on reset
21:25:30.12   GameInfo::ResetInfo - SyncLevel set to 0 on reset
21:25:30.13   GameInfo::ResetInfo - SyncLevel set to 0 on reset
21:25:30.13   GameInfo::ResetInfo - SyncLevel set to 0 on reset
21:25:30.13   GameInfo::ResetInfo - SyncLevel set to 0 on reset
21:25:30.13   GameInfo::ResetInfo - SyncLevel set to 0 on reset
21:25:30.13   GameInfo::ResetInfo - SyncLevel set to 0 on reset
21:25:30.13   GameInfo::ResetInfo - SyncLevel set to 0 on reset
21:25:30.14   GameInfo::ResetInfo - SyncLevel set to 0 on reset
21:25:30.14   GameInfo::ResetInfo - SyncLevel set to 0 on reset
21:25:30.14   GameInfo::ResetInfo - SyncLevel set to 0 on reset
21:25:30.14   GameInfo::ResetInfo - SyncLevel set to 0 on reset
21:25:30.14   GameInfo::ResetInfo - SyncLevel set to 0 on reset
21:25:30.14   GameInfo::ResetInfo - SyncLevel set to 0 on reset
21:25:30.15   GameInfo::ResetInfo - SyncLevel set to 0 on reset
21:25:30.15   GameInfo::ResetInfo - SyncLevel set to 0 on reset
21:25:30.15   GameInfo::ResetInfo - SyncLevel set to 0 on reset
21:25:30.15   GameInfo::ResetInfo - SyncLevel set to 0 on reset
21:25:30.16   GameInfo::ResetInfo - SyncLevel set to 0 on reset
21:25:30.16   GameInfo::ResetInfo - SyncLevel set to 0 on reset
21:25:30.16   GameInfo::ResetInfo - SyncLevel set to 0 on reset
21:25:30.16   GameInfo::ResetInfo - SyncLevel set to 0 on reset
21:25:30.16   GameInfo::ResetInfo - SyncLevel set to 0 on reset
21:25:30.16   GameInfo::ResetInfo - SyncLevel set to 0 on reset
21:25:30.16   GameInfo::ResetInfo - SyncLevel set to 0 on reset
21:25:30.16   GameInfo::ResetInfo - SyncLevel set to 0 on reset
21:25:30.17   GameInfo::ResetInfo - SyncLevel set to 0 on reset
21:25:30.17   GameInfo::ResetInfo - SyncLevel set to 0 on reset
21:25:30.17   GameInfo::ResetInfo - SyncLevel set to 0 on reset
21:25:30.17   GameInfo::ResetInfo - SyncLevel set to 0 on reset
21:25:30.17   GameInfo::ResetInfo - SyncLevel set to 0 on reset
21:25:30.17   GameInfo::ResetInfo - SyncLevel set to 0 on reset
21:25:30.18   GameInfo::ResetInfo - SyncLevel set to 0 on reset
21:25:30.18   GameInfo::ResetInfo - SyncLevel set to 0 on reset
21:25:30.18   GameInfo::ResetInfo - SyncLevel set to 0 on reset
21:25:30.18   GameInfo::ResetInfo - SyncLevel set to 0 on reset
21:25:30.19   GameInfo::ResetInfo - SyncLevel set to 0 on reset
21:25:30.19   GameInfo::ResetInfo - SyncLevel set to 0 on reset
21:25:30.19   GameInfo::ResetInfo - SyncLevel set to 0 on reset
21:25:30.19   GameInfo::ResetInfo - SyncLevel set to 0 on reset
21:25:30.19   GameInfo::ResetInfo - SyncLevel set to 0 on reset
21:25:30.19   GameInfo::ResetInfo - SyncLevel set to 0 on reset
21:25:30.20   GameInfo::ResetInfo - SyncLevel set to 0 on reset
21:25:30.20   GameInfo::ResetInfo - SyncLevel set to 0 on reset
21:25:30.20   GameInfo::ResetInfo - SyncLevel set to 0 on reset
21:25:30.20   GameInfo::ResetInfo - SyncLevel set to 0 on reset
21:25:30.20   GameInfo::ResetInfo - SyncLevel set to 0 on reset
21:25:30.20   GameInfo::ResetInfo - SyncLevel set to 0 on reset
21:25:30.21   GameInfo::ResetInfo - SyncLevel set to 0 on reset
21:25:30.21   GameInfo::ResetInfo - SyncLevel set to 0 on reset
21:25:30.21   GameInfo::ResetInfo - SyncLevel set to 0 on reset
21:25:30.21   GameInfo::ResetInfo - SyncLevel set to 0 on reset
21:25:30.21   GameInfo::ResetInfo - SyncLevel set to 0 on reset
21:25:30.22   GameInfo::ResetInfo - SyncLevel set to 0 on reset
21:25:30.22   GameInfo::ResetInfo - SyncLevel set to 0 on reset
21:25:30.22   GameInfo::ResetInfo - SyncLevel set to 0 on reset
21:25:30.22   GameInfo::ResetInfo - SyncLevel set to 0 on reset
21:25:30.22   GameInfo::ResetInfo - SyncLevel set to 0 on reset
21:25:30.22   GameInfo::ResetInfo - SyncLevel set to 0 on reset
21:25:30.23   GameInfo::ResetInfo - SyncLevel set to 0 on reset
21:25:30.23   GameInfo::ResetInfo - SyncLevel set to 0 on reset
21:25:30.23   GameInfo::ResetInfo - SyncLevel set to 0 on reset
21:25:30.23   GameInfo::ResetInfo - SyncLevel set to 0 on reset
21:25:30.23   GameInfo::ResetInfo - SyncLevel set to 0 on reset
21:25:30.23   GameInfo::ResetInfo - SyncLevel set to 0 on reset
21:25:30.24   GameInfo::ResetInfo - SyncLevel set to 0 on reset
21:25:30.24   GameInfo::ResetInfo - SyncLevel set to 0 on reset
21:25:30.24   GameInfo::ResetInfo - SyncLevel set to 0 on reset
21:25:30.24   GameInfo::ResetInfo - SyncLevel set to 0 on reset
21:25:30.24   GameInfo::ResetInfo - SyncLevel set to 0 on reset
21:25:30.24   GameInfo::ResetInfo - SyncLevel set to 0 on reset
21:25:30.25   GameInfo::ResetInfo - SyncLevel set to 0 on reset
21:25:30.25   GameInfo::ResetInfo - SyncLevel set to 0 on reset
21:25:30.25   GameInfo::ResetInfo - SyncLevel set to 0 on reset
21:25:30.25   GameInfo::ResetInfo - SyncLevel set to 0 on reset
21:25:30.25   GameInfo::ResetInfo - SyncLevel set to 0 on reset
21:25:30.25   GameInfo::ResetInfo - SyncLevel set to 0 on reset
21:25:30.26   GameInfo::ResetInfo - SyncLevel set to 0 on reset
21:25:30.26   GameInfo::ResetInfo - SyncLevel set to 0 on reset
21:25:30.26   GameInfo::ResetInfo - SyncLevel set to 0 on reset
21:25:30.26   GameInfo::ResetInfo - SyncLevel set to 0 on reset
21:25:30.26   GameInfo::ResetInfo - SyncLevel set to 0 on reset
21:25:30.26   GameInfo::ResetInfo - SyncLevel set to 0 on reset
21:25:30.26   GameInfo::ResetInfo - SyncLevel set to 0 on reset
21:25:30.27   GameInfo::ResetInfo - SyncLevel set to 0 on reset
21:25:30.27   GameInfo::ResetInfo - SyncLevel set to 0 on reset
21:25:30.27   GameInfo::ResetInfo - SyncLevel set to 0 on reset
21:25:30.27   GameInfo::ResetInfo - SyncLevel set to 0 on reset
21:25:30.27   GameInfo::ResetInfo - SyncLevel set to 0 on reset
21:25:30.27   GameInfo::ResetInfo - SyncLevel set to 0 on reset
21:25:30.28   GameInfo::ResetInfo - SyncLevel set to 0 on reset
21:25:30.28   GameInfo::ResetInfo - SyncLevel set to 0 on reset
21:25:30.28   GameInfo::ResetInfo - SyncLevel set to 0 on reset
21:25:30.28   GameInfo::ResetInfo - SyncLevel set to 0 on reset
21:25:30.28   GameInfo::ResetInfo - SyncLevel set to 0 on reset
21:25:30.28   GameInfo::ResetInfo - SyncLevel set to 0 on reset
21:25:30.28   GameInfo::ResetInfo - SyncLevel set to 0 on reset
21:25:30.28   GameInfo::ResetInfo - SyncLevel set to 0 on reset
21:25:30.29   GameInfo::ResetInfo - SyncLevel set to 0 on reset
21:25:30.29   GameInfo::ResetInfo - SyncLevel set to 0 on reset
21:25:30.29   GameInfo::ResetInfo - SyncLevel set to 0 on reset
21:25:30.29   GameInfo::ResetInfo - SyncLevel set to 0 on reset
21:25:30.30   GameInfo::ResetInfo - SyncLevel set to 0 on reset
21:25:30.30   GameInfo::ResetInfo - SyncLevel set to 0 on reset
21:25:30.30   GameInfo::ResetInfo - SyncLevel set to 0 on reset
21:25:30.30   GameInfo::ResetInfo - SyncLevel set to 0 on reset
21:25:30.30   GameInfo::ResetInfo - SyncLevel set to 0 on reset
21:25:30.30   GameInfo::ResetInfo - SyncLevel set to 0 on reset
21:25:30.30   GameInfo::ResetInfo - SyncLevel set to 0 on reset
21:25:30.30   GameInfo::ResetInfo - SyncLevel set to 0 on reset
21:25:30.31   GameInfo::ResetInfo - SyncLevel set to 0 on reset
21:25:30.31   GameInfo::ResetInfo - SyncLevel set to 0 on reset
21:25:30.31   GameInfo::ResetInfo - SyncLevel set to 0 on reset
21:25:30.31   GameInfo::ResetInfo - SyncLevel set to 0 on reset
21:25:30.31   GameInfo::ResetInfo - SyncLevel set to 0 on reset
21:25:30.31   GameInfo::ResetInfo - SyncLevel set to 0 on reset
21:25:30.32   GameInfo::ResetInfo - SyncLevel set to 0 on reset
21:25:30.32   GameInfo::ResetInfo - SyncLevel set to 0 on reset
21:25:30.32   GameInfo::ResetInfo - SyncLevel set to 0 on reset
21:25:30.32   GameInfo::ResetInfo - SyncLevel set to 0 on reset
21:25:30.33   GameInfo::ResetInfo - SyncLevel set to 0 on reset
21:25:30.33   GameInfo::ResetInfo - SyncLevel set to 0 on reset
21:25:30.33   GameInfo::ResetInfo - SyncLevel set to 0 on reset
21:25:30.33   GameInfo::ResetInfo - SyncLevel set to 0 on reset
21:25:30.33   GameInfo::ResetInfo - SyncLevel set to 0 on reset
21:25:30.33   GameInfo::ResetInfo - SyncLevel set to 0 on reset
21:25:30.34   GameInfo::ResetInfo - SyncLevel set to 0 on reset
21:25:30.34   GameInfo::ResetInfo - SyncLevel set to 0 on reset
21:25:30.34   GameInfo::ResetInfo - SyncLevel set to 0 on reset
21:25:30.34   GameInfo::ResetInfo - SyncLevel set to 0 on reset
21:25:30.34   GameInfo::ResetInfo - SyncLevel set to 0 on reset
21:25:30.34   GameInfo::ResetInfo - SyncLevel set to 0 on reset
21:25:30.35   GameInfo::ResetInfo - SyncLevel set to 0 on reset
21:25:30.35   GameInfo::ResetInfo - SyncLevel set to 0 on reset
21:25:30.35   GameInfo::ResetInfo - SyncLevel set to 0 on reset
21:25:30.35   GameInfo::ResetInfo - SyncLevel set to 0 on reset
21:25:30.35   GameInfo::ResetInfo - SyncLevel set to 0 on reset
21:25:30.36   GameInfo::ResetInfo - SyncLevel set to 0 on reset
21:25:30.36   GAME -- Error reading header for recorded game PLAYBACK:8P SEMOIS REMASTERED 07.2021-03-27.02-50-45.rec
21:25:30.36   GameInfo::ResetInfo - SyncLevel set to 0 on reset
21:25:30.36   GameInfo::ResetInfo - SyncLevel set to 0 on reset
21:25:30.36   GameInfo::ResetInfo - SyncLevel set to 0 on reset
21:25:30.36   GAME -- Error reading header for recorded game PLAYBACK:8P SEMOIS REMASTERED 07.2021-03-27.03-39-59.rec
21:25:30.36   GameInfo::ResetInfo - SyncLevel set to 0 on reset
21:25:30.36   GameInfo::ResetInfo - SyncLevel set to 0 on reset
21:25:30.37   GameInfo::ResetInfo - SyncLevel set to 0 on reset
21:25:30.37   GAME -- Error reading header for recorded game PLAYBACK:8P SEMOIS REMASTERED 07.2021-03-31.03-23-44.rec
21:25:30.37   GameInfo::ResetInfo - SyncLevel set to 0 on reset
21:25:30.37   GameInfo::ResetInfo - SyncLevel set to 0 on reset
21:25:30.37   GameInfo::ResetInfo - SyncLevel set to 0 on reset
21:25:30.37   GAME -- Error reading header for recorded game PLAYBACK:8P SEMOIS REMASTERED 07.2021-04-28.02-52-08.rec
21:25:30.37   GameInfo::ResetInfo - SyncLevel set to 0 on reset
21:25:30.37   GameInfo::ResetInfo - SyncLevel set to 0 on reset
21:25:30.37   GameInfo::ResetInfo - SyncLevel set to 0 on reset
21:25:30.38   GAME -- Error reading header for recorded game PLAYBACK:8P_CLOSE_RIVER_COMBAT.2018-01-08.20-06-29.rec
21:25:30.38   GameInfo::ResetInfo - SyncLevel set to 0 on reset
21:25:30.38   GameInfo::ResetInfo - SyncLevel set to 0 on reset
21:25:30.38   GameInfo::ResetInfo - SyncLevel set to 0 on reset
21:25:30.38   GameInfo::ResetInfo - SyncLevel set to 0 on reset
21:25:30.38   GameInfo::ResetInfo - SyncLevel set to 0 on reset
21:25:30.39   GameInfo::ResetInfo - SyncLevel set to 0 on reset
21:25:30.39   GameInfo::ResetInfo - SyncLevel set to 0 on reset
21:25:30.39   GameInfo::ResetInfo - SyncLevel set to 0 on reset
21:25:30.39   GameInfo::ResetInfo - SyncLevel set to 0 on reset
21:25:30.39   GameInfo::ResetInfo - SyncLevel set to 0 on reset
21:25:30.39   GameInfo::ResetInfo - SyncLevel set to 0 on reset
21:25:30.40   GameInfo::ResetInfo - SyncLevel set to 0 on reset
21:25:30.40   GameInfo::ResetInfo - SyncLevel set to 0 on reset
21:25:30.40   GameInfo::ResetInfo - SyncLevel set to 0 on reset
21:25:30.40   GameInfo::ResetInfo - SyncLevel set to 0 on reset
21:25:30.40   GameInfo::ResetInfo - SyncLevel set to 0 on reset
21:25:30.40   GameInfo::ResetInfo - SyncLevel set to 0 on reset
21:25:30.41   GameInfo::ResetInfo - SyncLevel set to 0 on reset
21:25:30.41   GameInfo::ResetInfo - SyncLevel set to 0 on reset
21:25:30.41   GameInfo::ResetInfo - SyncLevel set to 0 on reset
21:25:30.41   GameInfo::ResetInfo - SyncLevel set to 0 on reset
21:25:30.41   GameInfo::ResetInfo - SyncLevel set to 0 on reset
21:25:30.41   GameInfo::ResetInfo - SyncLevel set to 0 on reset
21:25:30.42   GameInfo::ResetInfo - SyncLevel set to 0 on reset
21:25:30.42   GameInfo::ResetInfo - SyncLevel set to 0 on reset
21:25:30.42   GameInfo::ResetInfo - SyncLevel set to 0 on reset
21:25:30.42   GameInfo::ResetInfo - SyncLevel set to 0 on reset
21:25:30.42   GameInfo::ResetInfo - SyncLevel set to 0 on reset
21:25:30.42   GameInfo::ResetInfo - SyncLevel set to 0 on reset
21:25:30.43   GameInfo::ResetInfo - SyncLevel set to 0 on reset
21:25:30.43   GameInfo::ResetInfo - SyncLevel set to 0 on reset
21:25:30.43   GameInfo::ResetInfo - SyncLevel set to 0 on reset
21:25:30.43   GameInfo::ResetInfo - SyncLevel set to 0 on reset
21:25:30.43   GameInfo::ResetInfo - SyncLevel set to 0 on reset
21:25:30.43   GameInfo::ResetInfo - SyncLevel set to 0 on reset
21:25:30.44   GameInfo::ResetInfo - SyncLevel set to 0 on reset
21:25:30.44   GameInfo::ResetInfo - SyncLevel set to 0 on reset
21:25:30.44   GameInfo::ResetInfo - SyncLevel set to 0 on reset
21:25:30.44   GameInfo::ResetInfo - SyncLevel set to 0 on reset
21:25:30.45   GameInfo::ResetInfo - SyncLevel set to 0 on reset
21:25:30.45   GameInfo::ResetInfo - SyncLevel set to 0 on reset
21:25:30.45   GameInfo::ResetInfo - SyncLevel set to 0 on reset
21:25:30.45   GameInfo::ResetInfo - SyncLevel set to 0 on reset
21:25:30.45   GameInfo::ResetInfo - SyncLevel set to 0 on reset
21:25:30.46   GameInfo::ResetInfo - SyncLevel set to 0 on reset
21:25:30.46   GameInfo::ResetInfo - SyncLevel set to 0 on reset
21:25:30.46   GameInfo::ResetInfo - SyncLevel set to 0 on reset
21:25:30.46   GameInfo::ResetInfo - SyncLevel set to 0 on reset
21:25:30.46   GameInfo::ResetInfo - SyncLevel set to 0 on reset
21:25:30.46   GameInfo::ResetInfo - SyncLevel set to 0 on reset
21:25:30.47   GameInfo::ResetInfo - SyncLevel set to 0 on reset
21:25:30.47   GameInfo::ResetInfo - SyncLevel set to 0 on reset
21:25:30.47   GameInfo::ResetInfo - SyncLevel set to 0 on reset
21:25:30.47   GameInfo::ResetInfo - SyncLevel set to 0 on reset
21:25:30.47   GameInfo::ResetInfo - SyncLevel set to 0 on reset
21:25:30.47   GameInfo::ResetInfo - SyncLevel set to 0 on reset
21:25:30.48   GameInfo::ResetInfo - SyncLevel set to 0 on reset
21:25:30.48   GameInfo::ResetInfo - SyncLevel set to 0 on reset
21:25:30.48   GameInfo::ResetInfo - SyncLevel set to 0 on reset
21:25:30.48   GameInfo::ResetInfo - SyncLevel set to 0 on reset
21:25:30.48   GameInfo::ResetInfo - SyncLevel set to 0 on reset
21:25:30.48   GameInfo::ResetInfo - SyncLevel set to 0 on reset
21:25:30.49   GameInfo::ResetInfo - SyncLevel set to 0 on reset
21:25:30.49   GameInfo::ResetInfo - SyncLevel set to 0 on reset
21:25:30.49   GameInfo::ResetInfo - SyncLevel set to 0 on reset
21:25:30.49   GameInfo::ResetInfo - SyncLevel set to 0 on reset
21:25:30.49   GameInfo::ResetInfo - SyncLevel set to 0 on reset
21:25:30.49   GameInfo::ResetInfo - SyncLevel set to 0 on reset
21:25:30.50   GameInfo::ResetInfo - SyncLevel set to 0 on reset
21:25:30.50   GameInfo::ResetInfo - SyncLevel set to 0 on reset
21:25:30.50   GameInfo::ResetInfo - SyncLevel set to 0 on reset
21:25:30.50   GameInfo::ResetInfo - SyncLevel set to 0 on reset
21:25:30.50   GameInfo::ResetInfo - SyncLevel set to 0 on reset
21:25:30.50   GameInfo::ResetInfo - SyncLevel set to 0 on reset
21:25:30.51   GameInfo::ResetInfo - SyncLevel set to 0 on reset
21:25:30.51   GameInfo::ResetInfo - SyncLevel set to 0 on reset
21:25:30.51   GameInfo::ResetInfo - SyncLevel set to 0 on reset
21:25:30.51   GameInfo::ResetInfo - SyncLevel set to 0 on reset
21:25:30.51   GameInfo::ResetInfo - SyncLevel set to 0 on reset
21:25:30.51   GameInfo::ResetInfo - SyncLevel set to 0 on reset
21:25:30.52   GameInfo::ResetInfo - SyncLevel set to 0 on reset
21:25:30.52   GameInfo::ResetInfo - SyncLevel set to 0 on reset
21:25:30.52   GameInfo::ResetInfo - SyncLevel set to 0 on reset
21:25:30.52   GameInfo::ResetInfo - SyncLevel set to 0 on reset
21:25:30.52   GameInfo::ResetInfo - SyncLevel set to 0 on reset
21:25:30.52   GameInfo::ResetInfo - SyncLevel set to 0 on reset
21:25:30.53   GameInfo::ResetInfo - SyncLevel set to 0 on reset
21:25:30.53   GameInfo::ResetInfo - SyncLevel set to 0 on reset
21:25:30.53   GameInfo::ResetInfo - SyncLevel set to 0 on reset
21:25:30.53   GameInfo::ResetInfo - SyncLevel set to 0 on reset
21:25:30.53   GameInfo::ResetInfo - SyncLevel set to 0 on reset
21:25:30.53   GameInfo::ResetInfo - SyncLevel set to 0 on reset
21:25:30.54   GameInfo::ResetInfo - SyncLevel set to 0 on reset
21:25:30.54   GameInfo::ResetInfo - SyncLevel set to 0 on reset
21:25:30.54   GameInfo::ResetInfo - SyncLevel set to 0 on reset
21:25:30.54   GameInfo::ResetInfo - SyncLevel set to 0 on reset
21:25:30.54   GameInfo::ResetInfo - SyncLevel set to 0 on reset
21:25:30.54   GameInfo::ResetInfo - SyncLevel set to 0 on reset
21:25:30.55   GameInfo::ResetInfo - SyncLevel set to 0 on reset
21:25:30.55   GameInfo::ResetInfo - SyncLevel set to 0 on reset
21:25:30.55   GameInfo::ResetInfo - SyncLevel set to 0 on reset
21:25:30.55   GameInfo::ResetInfo - SyncLevel set to 0 on reset
21:25:30.55   GameInfo::ResetInfo - SyncLevel set to 0 on reset
21:25:30.55   GameInfo::ResetInfo - SyncLevel set to 0 on reset
21:25:30.56   GameInfo::ResetInfo - SyncLevel set to 0 on reset
21:25:30.56   GameInfo::ResetInfo - SyncLevel set to 0 on reset
21:25:30.56   GameInfo::ResetInfo - SyncLevel set to 0 on reset
21:25:30.56   GameInfo::ResetInfo - SyncLevel set to 0 on reset
21:25:30.56   GameInfo::ResetInfo - SyncLevel set to 0 on reset
21:25:30.56   GameInfo::ResetInfo - SyncLevel set to 0 on reset
21:25:30.57   GameInfo::ResetInfo - SyncLevel set to 0 on reset
21:25:30.57   GameInfo::ResetInfo - SyncLevel set to 0 on reset
21:25:30.57   GameInfo::ResetInfo - SyncLevel set to 0 on reset
21:25:30.57   GameInfo::ResetInfo - SyncLevel set to 0 on reset
21:25:30.58   GameInfo::ResetInfo - SyncLevel set to 0 on reset
21:25:30.58   GameInfo::ResetInfo - SyncLevel set to 0 on reset
21:25:30.58   GameInfo::ResetInfo - SyncLevel set to 0 on reset
21:25:30.58   GameInfo::ResetInfo - SyncLevel set to 0 on reset
21:25:30.58   GameInfo::ResetInfo - SyncLevel set to 0 on reset
21:25:30.58   GameInfo::ResetInfo - SyncLevel set to 0 on reset
21:25:30.58   GameInfo::ResetInfo - SyncLevel set to 0 on reset
21:25:30.58   GameInfo::ResetInfo - SyncLevel set to 0 on reset
21:25:30.59   GameInfo::ResetInfo - SyncLevel set to 0 on reset
21:25:30.59   GameInfo::ResetInfo - SyncLevel set to 0 on reset
21:25:30.59   GameInfo::ResetInfo - SyncLevel set to 0 on reset
21:25:30.59   GameInfo::ResetInfo - SyncLevel set to 0 on reset
21:25:30.59   GameInfo::ResetInfo - SyncLevel set to 0 on reset
21:25:30.59   GameInfo::ResetInfo - SyncLevel set to 0 on reset
21:25:30.60   GameInfo::ResetInfo - SyncLevel set to 0 on reset
21:25:30.60   GameInfo::ResetInfo - SyncLevel set to 0 on reset
21:25:30.60   GameInfo::ResetInfo - SyncLevel set to 0 on reset
21:25:30.60   GameInfo::ResetInfo - SyncLevel set to 0 on reset
21:25:30.60   GameInfo::ResetInfo - SyncLevel set to 0 on reset
21:25:30.60   GameInfo::ResetInfo - SyncLevel set to 0 on reset
21:25:30.61   GameInfo::ResetInfo - SyncLevel set to 0 on reset
21:25:30.61   GameInfo::ResetInfo - SyncLevel set to 0 on reset
21:25:30.61   GameInfo::ResetInfo - SyncLevel set to 0 on reset
21:25:30.61   GameInfo::ResetInfo - SyncLevel set to 0 on reset
21:25:30.61   GameInfo::ResetInfo - SyncLevel set to 0 on reset
21:25:30.62   GameInfo::ResetInfo - SyncLevel set to 0 on reset
21:25:30.62   GameInfo::ResetInfo - SyncLevel set to 0 on reset
21:25:30.62   GameInfo::ResetInfo - SyncLevel set to 0 on reset
21:25:30.62   GameInfo::ResetInfo - SyncLevel set to 0 on reset
21:25:30.62   GameInfo::ResetInfo - SyncLevel set to 0 on reset
21:25:30.63   GameInfo::ResetInfo - SyncLevel set to 0 on reset
21:25:30.63   GameInfo::ResetInfo - SyncLevel set to 0 on reset
21:25:30.63   GameInfo::ResetInfo - SyncLevel set to 0 on reset
21:25:30.63   GameInfo::ResetInfo - SyncLevel set to 0 on reset
21:25:30.63   GameInfo::ResetInfo - SyncLevel set to 0 on reset
21:25:30.64   GameInfo::ResetInfo - SyncLevel set to 0 on reset
21:25:30.64   GameInfo::ResetInfo - SyncLevel set to 0 on reset
21:25:30.64   GameInfo::ResetInfo - SyncLevel set to 0 on reset
21:25:30.64   GameInfo::ResetInfo - SyncLevel set to 0 on reset
21:25:30.64   GameInfo::ResetInfo - SyncLevel set to 0 on reset
21:25:30.64   GameInfo::ResetInfo - SyncLevel set to 0 on reset
21:25:30.65   GameInfo::ResetInfo - SyncLevel set to 0 on reset
21:25:30.65   GameInfo::ResetInfo - SyncLevel set to 0 on reset
21:25:30.65   GameInfo::ResetInfo - SyncLevel set to 0 on reset
21:25:30.65   GameInfo::ResetInfo - SyncLevel set to 0 on reset
21:25:30.65   GameInfo::ResetInfo - SyncLevel set to 0 on reset
21:25:30.65   GameInfo::ResetInfo - SyncLevel set to 0 on reset
21:25:30.66   GameInfo::ResetInfo - SyncLevel set to 0 on reset
21:25:30.66   GameInfo::ResetInfo - SyncLevel set to 0 on reset
21:25:30.66   GameInfo::ResetInfo - SyncLevel set to 0 on reset
21:25:30.66   GameInfo::ResetInfo - SyncLevel set to 0 on reset
21:25:30.66   GameInfo::ResetInfo - SyncLevel set to 0 on reset
21:25:30.66   GameInfo::ResetInfo - SyncLevel set to 0 on reset
21:25:30.67   GameInfo::ResetInfo - SyncLevel set to 0 on reset
21:25:30.67   GameInfo::ResetInfo - SyncLevel set to 0 on reset
21:25:30.67   GameInfo::ResetInfo - SyncLevel set to 0 on reset
21:25:30.67   GameInfo::ResetInfo - SyncLevel set to 0 on reset
21:25:30.67   GameInfo::ResetInfo - SyncLevel set to 0 on reset
21:25:30.67   GameInfo::ResetInfo - SyncLevel set to 0 on reset
21:25:30.68   GameInfo::ResetInfo - SyncLevel set to 0 on reset
21:25:30.68   GameInfo::ResetInfo - SyncLevel set to 0 on reset
21:25:30.68   GameInfo::ResetInfo - SyncLevel set to 0 on reset
21:25:30.68   GameInfo::ResetInfo - SyncLevel set to 0 on reset
21:25:30.68   GameInfo::ResetInfo - SyncLevel set to 0 on reset
21:25:30.68   GameInfo::ResetInfo - SyncLevel set to 0 on reset
21:25:30.69   GameInfo::ResetInfo - SyncLevel set to 0 on reset
21:25:30.69   GameInfo::ResetInfo - SyncLevel set to 0 on reset
21:25:30.69   GameInfo::ResetInfo - SyncLevel set to 0 on reset
21:25:30.69   GameInfo::ResetInfo - SyncLevel set to 0 on reset
21:25:30.69   GameInfo::ResetInfo - SyncLevel set to 0 on reset
21:25:30.69   GameInfo::ResetInfo - SyncLevel set to 0 on reset
21:25:30.70   GameInfo::ResetInfo - SyncLevel set to 0 on reset
21:25:30.70   GameInfo::ResetInfo - SyncLevel set to 0 on reset
21:25:30.70   GameInfo::ResetInfo - SyncLevel set to 0 on reset
21:25:30.70   GameInfo::ResetInfo - SyncLevel set to 0 on reset
21:25:30.70   GameInfo::ResetInfo - SyncLevel set to 0 on reset
21:25:30.70   GameInfo::ResetInfo - SyncLevel set to 0 on reset
21:25:30.71   GameInfo::ResetInfo - SyncLevel set to 0 on reset
21:25:30.71   GameInfo::ResetInfo - SyncLevel set to 0 on reset
21:25:30.71   GameInfo::ResetInfo - SyncLevel set to 0 on reset
21:25:30.71   GameInfo::ResetInfo - SyncLevel set to 0 on reset
21:25:30.71   GameInfo::ResetInfo - SyncLevel set to 0 on reset
21:25:30.71   GameInfo::ResetInfo - SyncLevel set to 0 on reset
21:25:30.72   GameInfo::ResetInfo - SyncLevel set to 0 on reset
21:25:30.72   GameInfo::ResetInfo - SyncLevel set to 0 on reset
21:25:30.72   GameInfo::ResetInfo - SyncLevel set to 0 on reset
21:25:30.72   GameInfo::ResetInfo - SyncLevel set to 0 on reset
21:25:30.72   GameInfo::ResetInfo - SyncLevel set to 0 on reset
21:25:30.72   GameInfo::ResetInfo - SyncLevel set to 0 on reset
21:25:30.73   GameInfo::ResetInfo - SyncLevel set to 0 on reset
21:25:30.73   GameInfo::ResetInfo - SyncLevel set to 0 on reset
21:25:30.73   GameInfo::ResetInfo - SyncLevel set to 0 on reset
21:25:30.73   GameInfo::ResetInfo - SyncLevel set to 0 on reset
21:25:30.73   GameInfo::ResetInfo - SyncLevel set to 0 on reset
21:25:30.73   GameInfo::ResetInfo - SyncLevel set to 0 on reset
21:25:30.74   GameInfo::ResetInfo - SyncLevel set to 0 on reset
21:25:30.74   GameInfo::ResetInfo - SyncLevel set to 0 on reset
21:25:30.74   GameInfo::ResetInfo - SyncLevel set to 0 on reset
21:25:30.74   GameInfo::ResetInfo - SyncLevel set to 0 on reset
21:25:30.74   GameInfo::ResetInfo - SyncLevel set to 0 on reset
21:25:30.74   GameInfo::ResetInfo - SyncLevel set to 0 on reset
21:25:30.75   GameInfo::ResetInfo - SyncLevel set to 0 on reset
21:25:30.75   GameInfo::ResetInfo - SyncLevel set to 0 on reset
21:25:30.75   GameInfo::ResetInfo - SyncLevel set to 0 on reset
21:25:30.75   GameInfo::ResetInfo - SyncLevel set to 0 on reset
21:25:30.76   GameInfo::ResetInfo - SyncLevel set to 0 on reset
21:25:30.76   GameInfo::ResetInfo - SyncLevel set to 0 on reset
21:25:30.76   GameInfo::ResetInfo - SyncLevel set to 0 on reset
21:25:30.76   GameInfo::ResetInfo - SyncLevel set to 0 on reset
21:25:30.76   GameInfo::ResetInfo - SyncLevel set to 0 on reset
21:25:30.76   GameInfo::ResetInfo - SyncLevel set to 0 on reset
21:25:30.76   GameInfo::ResetInfo - SyncLevel set to 0 on reset
21:25:30.76   GameInfo::ResetInfo - SyncLevel set to 0 on reset
21:25:30.77   GameInfo::ResetInfo - SyncLevel set to 0 on reset
21:25:30.77   GameInfo::ResetInfo - SyncLevel set to 0 on reset
21:25:30.77   GameInfo::ResetInfo - SyncLevel set to 0 on reset
21:25:30.77   GameInfo::ResetInfo - SyncLevel set to 0 on reset
21:25:30.77   GameInfo::ResetInfo - SyncLevel set to 0 on reset
21:25:30.77   GameInfo::ResetInfo - SyncLevel set to 0 on reset
21:25:30.78   GameInfo::ResetInfo - SyncLevel set to 0 on reset
21:25:30.78   GameInfo::ResetInfo - SyncLevel set to 0 on reset
21:25:30.78   GameInfo::ResetInfo - SyncLevel set to 0 on reset
21:25:30.78   GameInfo::ResetInfo - SyncLevel set to 0 on reset
21:25:30.78   GameInfo::ResetInfo - SyncLevel set to 0 on reset
21:25:30.78   GameInfo::ResetInfo - SyncLevel set to 0 on reset
21:25:30.79   GameInfo::ResetInfo - SyncLevel set to 0 on reset
21:25:30.79   GameInfo::ResetInfo - SyncLevel set to 0 on reset
21:25:30.79   GameInfo::ResetInfo - SyncLevel set to 0 on reset
21:25:30.79   GameInfo::ResetInfo - SyncLevel set to 0 on reset
21:25:30.79   GameInfo::ResetInfo - SyncLevel set to 0 on reset
21:25:30.79   GameInfo::ResetInfo - SyncLevel set to 0 on reset
21:25:30.80   GameInfo::ResetInfo - SyncLevel set to 0 on reset
21:25:30.80   GameInfo::ResetInfo - SyncLevel set to 0 on reset
21:25:30.80   GameInfo::ResetInfo - SyncLevel set to 0 on reset
21:25:30.80   GameInfo::ResetInfo - SyncLevel set to 0 on reset
21:25:30.80   GameInfo::ResetInfo - SyncLevel set to 0 on reset
21:25:30.80   GameInfo::ResetInfo - SyncLevel set to 0 on reset
21:25:30.81   GameInfo::ResetInfo - SyncLevel set to 0 on reset
21:25:30.81   GameInfo::ResetInfo - SyncLevel set to 0 on reset
21:25:30.81   GameInfo::ResetInfo - SyncLevel set to 0 on reset
21:25:30.81   GameInfo::ResetInfo - SyncLevel set to 0 on reset
21:25:30.81   GameInfo::ResetInfo - SyncLevel set to 0 on reset
21:25:30.81   GameInfo::ResetInfo - SyncLevel set to 0 on reset
21:25:30.82   GameInfo::ResetInfo - SyncLevel set to 0 on reset
21:25:30.82   GameInfo::ResetInfo - SyncLevel set to 0 on reset
21:25:30.82   GameInfo::ResetInfo - SyncLevel set to 0 on reset
21:25:30.82   GameInfo::ResetInfo - SyncLevel set to 0 on reset
21:25:30.82   GameInfo::ResetInfo - SyncLevel set to 0 on reset
21:25:30.82   GameInfo::ResetInfo - SyncLevel set to 0 on reset
21:25:30.83   GameInfo::ResetInfo - SyncLevel set to 0 on reset
21:25:30.83   GameInfo::ResetInfo - SyncLevel set to 0 on reset
21:25:30.83   GameInfo::ResetInfo - SyncLevel set to 0 on reset
21:25:30.83   GameInfo::ResetInfo - SyncLevel set to 0 on reset
21:25:30.83   GameInfo::ResetInfo - SyncLevel set to 0 on reset
21:25:30.83   GameInfo::ResetInfo - SyncLevel set to 0 on reset
21:25:30.84   GameInfo::ResetInfo - SyncLevel set to 0 on reset
21:25:30.84   GameInfo::ResetInfo - SyncLevel set to 0 on reset
21:25:30.84   GameInfo::ResetInfo - SyncLevel set to 0 on reset
21:25:30.84   GameInfo::ResetInfo - SyncLevel set to 0 on reset
21:25:30.84   GameInfo::ResetInfo - SyncLevel set to 0 on reset
21:25:30.84   GameInfo::ResetInfo - SyncLevel set to 0 on reset
21:25:30.85   GameInfo::ResetInfo - SyncLevel set to 0 on reset
21:25:30.85   GameInfo::ResetInfo - SyncLevel set to 0 on reset
21:25:30.85   GameInfo::ResetInfo - SyncLevel set to 0 on reset
21:25:30.85   GameInfo::ResetInfo - SyncLevel set to 0 on reset
21:25:30.85   GameInfo::ResetInfo - SyncLevel set to 0 on reset
21:25:30.85   GameInfo::ResetInfo - SyncLevel set to 0 on reset
21:25:30.86   GameInfo::ResetInfo - SyncLevel set to 0 on reset
21:25:30.86   GameInfo::ResetInfo - SyncLevel set to 0 on reset
21:25:30.86   GameInfo::ResetInfo - SyncLevel set to 0 on reset
21:25:30.86   GameInfo::ResetInfo - SyncLevel set to 0 on reset
21:25:30.87   GameInfo::ResetInfo - SyncLevel set to 0 on reset
21:25:30.87   GameInfo::ResetInfo - SyncLevel set to 0 on reset
21:25:30.87   GameInfo::ResetInfo - SyncLevel set to 0 on reset
21:25:30.87   GameInfo::ResetInfo - SyncLevel set to 0 on reset
21:25:30.87   GameInfo::ResetInfo - SyncLevel set to 0 on reset
21:25:30.87   GameInfo::ResetInfo - SyncLevel set to 0 on reset
21:25:30.87   GameInfo::ResetInfo - SyncLevel set to 0 on reset
21:25:30.87   GameInfo::ResetInfo - SyncLevel set to 0 on reset
21:25:30.88   GameInfo::ResetInfo - SyncLevel set to 0 on reset
21:25:30.88   GameInfo::ResetInfo - SyncLevel set to 0 on reset
21:25:30.88   GameInfo::ResetInfo - SyncLevel set to 0 on reset
21:25:30.88   GameInfo::ResetInfo - SyncLevel set to 0 on reset
21:25:30.88   GameInfo::ResetInfo - SyncLevel set to 0 on reset
21:25:30.88   GameInfo::ResetInfo - SyncLevel set to 0 on reset
21:25:30.89   GameInfo::ResetInfo - SyncLevel set to 0 on reset
21:25:30.89   GameInfo::ResetInfo - SyncLevel set to 0 on reset
21:25:30.89   GameInfo::ResetInfo - SyncLevel set to 0 on reset
21:25:30.90   GameInfo::ResetInfo - SyncLevel set to 0 on reset
21:25:30.90   GameInfo::ResetInfo - SyncLevel set to 0 on reset
21:25:30.90   GameInfo::ResetInfo - SyncLevel set to 0 on reset
21:25:30.90   GameInfo::ResetInfo - SyncLevel set to 0 on reset
21:25:30.90   GameInfo::ResetInfo - SyncLevel set to 0 on reset
21:25:30.90   GameInfo::ResetInfo - SyncLevel set to 0 on reset
21:25:30.90   GameInfo::ResetInfo - SyncLevel set to 0 on reset
21:25:30.90   GameInfo::ResetInfo - SyncLevel set to 0 on reset
21:25:30.90   GameInfo::ResetInfo - SyncLevel set to 0 on reset
21:25:30.91   GameInfo::ResetInfo - SyncLevel set to 0 on reset
21:25:30.91   GameInfo::ResetInfo - SyncLevel set to 0 on reset
21:25:30.91   GameInfo::ResetInfo - SyncLevel set to 0 on reset
21:25:30.91   GameInfo::ResetInfo - SyncLevel set to 0 on reset
21:25:30.91   GameInfo::ResetInfo - SyncLevel set to 0 on reset
21:25:30.91   GameInfo::ResetInfo - SyncLevel set to 0 on reset
21:25:30.92   GameInfo::ResetInfo - SyncLevel set to 0 on reset
21:25:30.92   GameInfo::ResetInfo - SyncLevel set to 0 on reset
21:25:30.92   GameInfo::ResetInfo - SyncLevel set to 0 on reset
21:25:30.92   GameInfo::ResetInfo - SyncLevel set to 0 on reset
21:25:30.92   GameInfo::ResetInfo - SyncLevel set to 0 on reset
21:25:30.92   GameInfo::ResetInfo - SyncLevel set to 0 on reset
21:25:30.93   GameInfo::ResetInfo - SyncLevel set to 0 on reset
21:25:30.93   GameInfo::ResetInfo - SyncLevel set to 0 on reset
21:25:30.93   GameInfo::ResetInfo - SyncLevel set to 0 on reset
21:25:30.93   GameInfo::ResetInfo - SyncLevel set to 0 on reset
21:25:30.93   GameInfo::ResetInfo - SyncLevel set to 0 on reset
21:25:30.93   GameInfo::ResetInfo - SyncLevel set to 0 on reset
21:25:30.93   GameInfo::ResetInfo - SyncLevel set to 0 on reset
21:25:30.93   GameInfo::ResetInfo - SyncLevel set to 0 on reset
21:25:30.93   GameInfo::ResetInfo - SyncLevel set to 0 on reset
21:25:30.94   GameInfo::ResetInfo - SyncLevel set to 0 on reset
21:25:30.94   GameInfo::ResetInfo - SyncLevel set to 0 on reset
21:25:30.94   GameInfo::ResetInfo - SyncLevel set to 0 on reset
21:25:30.94   GameInfo::ResetInfo - SyncLevel set to 0 on reset
21:25:30.94   GameInfo::ResetInfo - SyncLevel set to 0 on reset
21:25:30.94   GameInfo::ResetInfo - SyncLevel set to 0 on reset
21:25:30.95   GameInfo::ResetInfo - SyncLevel set to 0 on reset
21:25:30.95   GameInfo::ResetInfo - SyncLevel set to 0 on reset
21:25:30.95   GameInfo::ResetInfo - SyncLevel set to 0 on reset
21:25:30.95   GameInfo::ResetInfo - SyncLevel set to 0 on reset
21:25:30.95   GameInfo::ResetInfo - SyncLevel set to 0 on reset
21:25:30.95   GameInfo::ResetInfo - SyncLevel set to 0 on reset
21:25:30.96   GameInfo::ResetInfo - SyncLevel set to 0 on reset
21:25:30.96   GameInfo::ResetInfo - SyncLevel set to 0 on reset
21:25:30.96   GameInfo::ResetInfo - SyncLevel set to 0 on reset
21:25:30.96   GameInfo::ResetInfo - SyncLevel set to 0 on reset
21:25:30.96   GameInfo::ResetInfo - SyncLevel set to 0 on reset
21:25:30.96   GameInfo::ResetInfo - SyncLevel set to 0 on reset
21:25:30.97   GameInfo::ResetInfo - SyncLevel set to 0 on reset
21:25:30.97   GameInfo::ResetInfo - SyncLevel set to 0 on reset
21:25:30.97   GameInfo::ResetInfo - SyncLevel set to 0 on reset
21:25:30.97   GameInfo::ResetInfo - SyncLevel set to 0 on reset
21:25:30.97   GameInfo::ResetInfo - SyncLevel set to 0 on reset
21:25:30.97   GameInfo::ResetInfo - SyncLevel set to 0 on reset
21:25:30.97   GameInfo::ResetInfo - SyncLevel set to 0 on reset
21:25:30.97   GameInfo::ResetInfo - SyncLevel set to 0 on reset
21:25:30.98   GameInfo::ResetInfo - SyncLevel set to 0 on reset
21:25:30.98   GameInfo::ResetInfo - SyncLevel set to 0 on reset
21:25:30.98   GameInfo::ResetInfo - SyncLevel set to 0 on reset
21:25:30.98   GameInfo::ResetInfo - SyncLevel set to 0 on reset
21:25:30.98   GameInfo::ResetInfo - SyncLevel set to 0 on reset
21:25:30.99   GameInfo::ResetInfo - SyncLevel set to 0 on reset
21:25:30.99   GameInfo::ResetInfo - SyncLevel set to 0 on reset
21:25:30.99   GameInfo::ResetInfo - SyncLevel set to 0 on reset
21:25:30.99   GameInfo::ResetInfo - SyncLevel set to 0 on reset
21:25:30.99   GameInfo::ResetInfo - SyncLevel set to 0 on reset
21:25:30.99   GameInfo::ResetInfo - SyncLevel set to 0 on reset
21:25:30.99   GameInfo::ResetInfo - SyncLevel set to 0 on reset
21:25:30.99   GameInfo::ResetInfo - SyncLevel set to 0 on reset
21:25:31.00   GameInfo::ResetInfo - SyncLevel set to 0 on reset
21:25:31.00   GameInfo::ResetInfo - SyncLevel set to 0 on reset
21:25:31.00   GameInfo::ResetInfo - SyncLevel set to 0 on reset
21:25:31.00   GameInfo::ResetInfo - SyncLevel set to 0 on reset
21:25:31.00   GameInfo::ResetInfo - SyncLevel set to 0 on reset
21:25:31.00   GameInfo::ResetInfo - SyncLevel set to 0 on reset
21:25:31.01   GameInfo::ResetInfo - SyncLevel set to 0 on reset
21:25:31.01   GameInfo::ResetInfo - SyncLevel set to 0 on reset
21:25:31.01   GameInfo::ResetInfo - SyncLevel set to 0 on reset
21:25:31.01   GameInfo::ResetInfo - SyncLevel set to 0 on reset
21:25:31.01   GameInfo::ResetInfo - SyncLevel set to 0 on reset
21:25:31.01   GameInfo::ResetInfo - SyncLevel set to 0 on reset
21:25:31.02   GameInfo::ResetInfo - SyncLevel set to 0 on reset
21:25:31.02   GameInfo::ResetInfo - SyncLevel set to 0 on reset
21:25:31.02   GameInfo::ResetInfo - SyncLevel set to 0 on reset
21:25:31.02   GameInfo::ResetInfo - SyncLevel set to 0 on reset
21:25:31.02   GameInfo::ResetInfo - SyncLevel set to 0 on reset
21:25:31.02   GameInfo::ResetInfo - SyncLevel set to 0 on reset
21:25:31.03   GameInfo::ResetInfo - SyncLevel set to 0 on reset
21:25:31.03   GameInfo::ResetInfo - SyncLevel set to 0 on reset
21:25:31.03   GameInfo::ResetInfo - SyncLevel set to 0 on reset
21:25:31.03   GameInfo::ResetInfo - SyncLevel set to 0 on reset
21:25:31.03   GameInfo::ResetInfo - SyncLevel set to 0 on reset
21:25:31.03   GameInfo::ResetInfo - SyncLevel set to 0 on reset
21:25:31.03   GameInfo::ResetInfo - SyncLevel set to 0 on reset
21:25:31.03   GameInfo::ResetInfo - SyncLevel set to 0 on reset
21:25:31.03   GameInfo::ResetInfo - SyncLevel set to 0 on reset
21:25:31.04   GameInfo::ResetInfo - SyncLevel set to 0 on reset
21:25:31.04   GameInfo::ResetInfo - SyncLevel set to 0 on reset
21:25:31.04   GameInfo::ResetInfo - SyncLevel set to 0 on reset
21:25:31.04   GameInfo::ResetInfo - SyncLevel set to 0 on reset
21:25:31.05   GameInfo::ResetInfo - SyncLevel set to 0 on reset
21:25:31.05   GameInfo::ResetInfo - SyncLevel set to 0 on reset
21:25:31.05   GameInfo::ResetInfo - SyncLevel set to 0 on reset
21:25:31.05   GameInfo::ResetInfo - SyncLevel set to 0 on reset
21:25:31.05   GameInfo::ResetInfo - SyncLevel set to 0 on reset
21:25:31.05   GameInfo::ResetInfo - SyncLevel set to 0 on reset
21:25:31.05   GameInfo::ResetInfo - SyncLevel set to 0 on reset
21:25:31.05   GameInfo::ResetInfo - SyncLevel set to 0 on reset
21:25:31.06   GameInfo::ResetInfo - SyncLevel set to 0 on reset
21:25:31.06   GameInfo::ResetInfo - SyncLevel set to 0 on reset
21:25:31.06   GameInfo::ResetInfo - SyncLevel set to 0 on reset
21:25:31.06   GameInfo::ResetInfo - SyncLevel set to 0 on reset
21:25:31.06   GameInfo::ResetInfo - SyncLevel set to 0 on reset
21:25:31.06   GameInfo::ResetInfo - SyncLevel set to 0 on reset
21:25:31.07   GameInfo::ResetInfo - SyncLevel set to 0 on reset
21:25:31.07   GameInfo::ResetInfo - SyncLevel set to 0 on reset
21:25:31.07   GameInfo::ResetInfo - SyncLevel set to 0 on reset
21:25:31.07   GameInfo::ResetInfo - SyncLevel set to 0 on reset
21:25:31.07   GameInfo::ResetInfo - SyncLevel set to 0 on reset
21:25:31.07   GameInfo::ResetInfo - SyncLevel set to 0 on reset
21:25:31.08   GameInfo::ResetInfo - SyncLevel set to 0 on reset
21:25:31.08   GameInfo::ResetInfo - SyncLevel set to 0 on reset
21:25:31.08   GameInfo::ResetInfo - SyncLevel set to 0 on reset
21:25:31.08   GameInfo::ResetInfo - SyncLevel set to 0 on reset
21:25:31.08   GameInfo::ResetInfo - SyncLevel set to 0 on reset
21:25:31.08   GameInfo::ResetInfo - SyncLevel set to 0 on reset
21:25:31.08   GameInfo::ResetInfo - SyncLevel set to 0 on reset
21:25:31.09   GameInfo::ResetInfo - SyncLevel set to 0 on reset
21:25:31.09   GameInfo::ResetInfo - SyncLevel set to 0 on reset
21:25:31.09   GameInfo::ResetInfo - SyncLevel set to 0 on reset
21:25:31.09   GameInfo::ResetInfo - SyncLevel set to 0 on reset
21:25:31.09   GameInfo::ResetInfo - SyncLevel set to 0 on reset
21:25:31.09   GameInfo::ResetInfo - SyncLevel set to 0 on reset
21:25:31.10   GameInfo::ResetInfo - SyncLevel set to 0 on reset
21:25:31.10   GameInfo::ResetInfo - SyncLevel set to 0 on reset
21:25:31.10   GameInfo::ResetInfo - SyncLevel set to 0 on reset
21:25:31.10   GameInfo::ResetInfo - SyncLevel set to 0 on reset
21:25:31.10   GameInfo::ResetInfo - SyncLevel set to 0 on reset
21:25:31.10   GameInfo::ResetInfo - SyncLevel set to 0 on reset
21:25:31.10   GameInfo::ResetInfo - SyncLevel set to 0 on reset
21:25:31.10   GameInfo::ResetInfo - SyncLevel set to 0 on reset
21:25:31.11   GameInfo::ResetInfo - SyncLevel set to 0 on reset
21:25:31.11   GameInfo::ResetInfo - SyncLevel set to 0 on reset
21:25:31.11   GameInfo::ResetInfo - SyncLevel set to 0 on reset
21:25:31.11   GameInfo::ResetInfo - SyncLevel set to 0 on reset
21:25:31.11   GameInfo::ResetInfo - SyncLevel set to 0 on reset
21:25:31.11   GameInfo::ResetInfo - SyncLevel set to 0 on reset
21:25:31.12   GameInfo::ResetInfo - SyncLevel set to 0 on reset
21:25:31.12   GameInfo::ResetInfo - SyncLevel set to 0 on reset
21:25:31.12   GameInfo::ResetInfo - SyncLevel set to 0 on reset
21:25:31.12   GameInfo::ResetInfo - SyncLevel set to 0 on reset
21:25:31.12   GameInfo::ResetInfo - SyncLevel set to 0 on reset
21:25:31.12   GameInfo::ResetInfo - SyncLevel set to 0 on reset
21:25:31.12   GameInfo::ResetInfo - SyncLevel set to 0 on reset
21:25:31.13   GameInfo::ResetInfo - SyncLevel set to 0 on reset
21:25:31.13   GameInfo::ResetInfo - SyncLevel set to 0 on reset
21:25:31.13   GameInfo::ResetInfo - SyncLevel set to 0 on reset
21:25:31.13   GameInfo::ResetInfo - SyncLevel set to 0 on reset
21:25:31.13   GameInfo::ResetInfo - SyncLevel set to 0 on reset
21:25:31.13   GameInfo::ResetInfo - SyncLevel set to 0 on reset
21:25:31.13   GameInfo::ResetInfo - SyncLevel set to 0 on reset
21:25:31.13   GameInfo::ResetInfo - SyncLevel set to 0 on reset
21:25:31.14   GameInfo::ResetInfo - SyncLevel set to 0 on reset
21:25:31.14   GameInfo::ResetInfo - SyncLevel set to 0 on reset
21:25:31.14   GameInfo::ResetInfo - SyncLevel set to 0 on reset
21:25:31.14   GameInfo::ResetInfo - SyncLevel set to 0 on reset
21:25:31.14   GameInfo::ResetInfo - SyncLevel set to 0 on reset
21:25:31.14   GameInfo::ResetInfo - SyncLevel set to 0 on reset
21:25:31.15   GameInfo::ResetInfo - SyncLevel set to 0 on reset
21:25:31.15   GameInfo::ResetInfo - SyncLevel set to 0 on reset
21:25:31.15   GameInfo::ResetInfo - SyncLevel set to 0 on reset
21:25:31.15   GameInfo::ResetInfo - SyncLevel set to 0 on reset
21:25:31.15   GameInfo::ResetInfo - SyncLevel set to 0 on reset
21:25:31.15   GameInfo::ResetInfo - SyncLevel set to 0 on reset
21:25:31.16   GameInfo::ResetInfo - SyncLevel set to 0 on reset
21:25:31.16   GameInfo::ResetInfo - SyncLevel set to 0 on reset
21:25:31.16   GameInfo::ResetInfo - SyncLevel set to 0 on reset
21:25:31.16   GameInfo::ResetInfo - SyncLevel set to 0 on reset
21:25:31.16   GameInfo::ResetInfo - SyncLevel set to 0 on reset
21:25:31.16   GameInfo::ResetInfo - SyncLevel set to 0 on reset
21:25:31.17   GameInfo::ResetInfo - SyncLevel set to 0 on reset
21:25:31.17   GameInfo::ResetInfo - SyncLevel set to 0 on reset
21:25:31.17   GameInfo::ResetInfo - SyncLevel set to 0 on reset
21:25:31.17   GameInfo::ResetInfo - SyncLevel set to 0 on reset
21:25:31.17   GameInfo::ResetInfo - SyncLevel set to 0 on reset
21:25:31.17   GameInfo::ResetInfo - SyncLevel set to 0 on reset
21:25:31.18   GameInfo::ResetInfo - SyncLevel set to 0 on reset
21:25:31.18   GameInfo::ResetInfo - SyncLevel set to 0 on reset
21:25:31.18   GameInfo::ResetInfo - SyncLevel set to 0 on reset
21:25:31.18   GameInfo::ResetInfo - SyncLevel set to 0 on reset
21:25:31.18   GameInfo::ResetInfo - SyncLevel set to 0 on reset
21:25:31.18   GameInfo::ResetInfo - SyncLevel set to 0 on reset
21:25:31.19   GameInfo::ResetInfo - SyncLevel set to 0 on reset
21:25:31.19   GameInfo::ResetInfo - SyncLevel set to 0 on reset
21:25:31.19   GameInfo::ResetInfo - SyncLevel set to 0 on reset
21:25:31.19   GameInfo::ResetInfo - SyncLevel set to 0 on reset
21:25:31.19   GameInfo::ResetInfo - SyncLevel set to 0 on reset
21:25:31.19   GameInfo::ResetInfo - SyncLevel set to 0 on reset
21:25:31.19   GameInfo::ResetInfo - SyncLevel set to 0 on reset
21:25:31.20   GameInfo::ResetInfo - SyncLevel set to 0 on reset
21:25:31.20   GameInfo::ResetInfo - SyncLevel set to 0 on reset
21:25:31.20   GameInfo::ResetInfo - SyncLevel set to 0 on reset
21:25:31.20   GameInfo::ResetInfo - SyncLevel set to 0 on reset
21:25:31.20   GameInfo::ResetInfo - SyncLevel set to 0 on reset
21:25:31.20   GameInfo::ResetInfo - SyncLevel set to 0 on reset
21:25:31.20   GameInfo::ResetInfo - SyncLevel set to 0 on reset
21:25:31.20   GameInfo::ResetInfo - SyncLevel set to 0 on reset
21:25:31.21   GameInfo::ResetInfo - SyncLevel set to 0 on reset
21:25:31.21   GameInfo::ResetInfo - SyncLevel set to 0 on reset
21:25:31.21   GameInfo::ResetInfo - SyncLevel set to 0 on reset
21:25:31.21   GameInfo::ResetInfo - SyncLevel set to 0 on reset
21:25:31.21   GameInfo::ResetInfo - SyncLevel set to 0 on reset
21:25:31.21   GameInfo::ResetInfo - SyncLevel set to 0 on reset
21:25:31.22   GameInfo::ResetInfo - SyncLevel set to 0 on reset
21:25:31.22   GameInfo::ResetInfo - SyncLevel set to 0 on reset
21:25:31.22   GameInfo::ResetInfo - SyncLevel set to 0 on reset
21:25:31.22   GameInfo::ResetInfo - SyncLevel set to 0 on reset
21:25:31.22   GameInfo::ResetInfo - SyncLevel set to 0 on reset
21:25:31.22   GameInfo::ResetInfo - SyncLevel set to 0 on reset
21:25:31.23   GameInfo::ResetInfo - SyncLevel set to 0 on reset
21:25:31.23   GameInfo::ResetInfo - SyncLevel set to 0 on reset
21:25:31.23   GameInfo::ResetInfo - SyncLevel set to 0 on reset
21:25:31.23   GameInfo::ResetInfo - SyncLevel set to 0 on reset
21:25:31.23   GameInfo::ResetInfo - SyncLevel set to 0 on reset
21:25:31.23   GameInfo::ResetInfo - SyncLevel set to 0 on reset
21:25:31.24   GameInfo::ResetInfo - SyncLevel set to 0 on reset
21:25:31.24   GameInfo::ResetInfo - SyncLevel set to 0 on reset
21:25:31.24   GameInfo::ResetInfo - SyncLevel set to 0 on reset
21:25:31.24   GameInfo::ResetInfo - SyncLevel set to 0 on reset
21:25:31.24   GameInfo::ResetInfo - SyncLevel set to 0 on reset
21:25:31.24   GameInfo::ResetInfo - SyncLevel set to 0 on reset
21:25:31.25   GameInfo::ResetInfo - SyncLevel set to 0 on reset
21:25:31.25   GameInfo::ResetInfo - SyncLevel set to 0 on reset
21:25:31.25   GameInfo::ResetInfo - SyncLevel set to 0 on reset
21:25:31.25   GameInfo::ResetInfo - SyncLevel set to 0 on reset
21:25:31.25   GameInfo::ResetInfo - SyncLevel set to 0 on reset
21:25:31.25   GameInfo::ResetInfo - SyncLevel set to 0 on reset
21:25:31.25   GameInfo::ResetInfo - SyncLevel set to 0 on reset
21:25:31.26   GameInfo::ResetInfo - SyncLevel set to 0 on reset
21:25:31.26   GameInfo::ResetInfo - SyncLevel set to 0 on reset
21:25:31.26   GameInfo::ResetInfo - SyncLevel set to 0 on reset
21:25:31.26   GameInfo::ResetInfo - SyncLevel set to 0 on reset
21:25:31.26   GameInfo::ResetInfo - SyncLevel set to 0 on reset
21:25:31.27   GameInfo::ResetInfo - SyncLevel set to 0 on reset
21:25:31.27   GameInfo::ResetInfo - SyncLevel set to 0 on reset
21:25:31.27   GameInfo::ResetInfo - SyncLevel set to 0 on reset
21:25:31.27   GameInfo::ResetInfo - SyncLevel set to 0 on reset
21:25:31.27   GameInfo::ResetInfo - SyncLevel set to 0 on reset
21:25:31.27   GameInfo::ResetInfo - SyncLevel set to 0 on reset
21:25:31.28   GameInfo::ResetInfo - SyncLevel set to 0 on reset
21:25:31.28   GameInfo::ResetInfo - SyncLevel set to 0 on reset
21:25:31.28   GameInfo::ResetInfo - SyncLevel set to 0 on reset
21:25:31.28   GameInfo::ResetInfo - SyncLevel set to 0 on reset
21:25:31.28   GameInfo::ResetInfo - SyncLevel set to 0 on reset
21:25:31.28   GameInfo::ResetInfo - SyncLevel set to 0 on reset
21:25:31.29   GameInfo::ResetInfo - SyncLevel set to 0 on reset
21:25:31.29   GameInfo::ResetInfo - SyncLevel set to 0 on reset
21:25:31.29   GameInfo::ResetInfo - SyncLevel set to 0 on reset
21:25:31.29   GameInfo::ResetInfo - SyncLevel set to 0 on reset
21:25:31.29   GameInfo::ResetInfo - SyncLevel set to 0 on reset
21:25:31.29   GameInfo::ResetInfo - SyncLevel set to 0 on reset
21:25:31.29   GameInfo::ResetInfo - SyncLevel set to 0 on reset
21:25:31.30   GameInfo::ResetInfo - SyncLevel set to 0 on reset
21:25:31.30   GameInfo::ResetInfo - SyncLevel set to 0 on reset
21:25:31.30   GameInfo::ResetInfo - SyncLevel set to 0 on reset
21:25:31.30   GameInfo::ResetInfo - SyncLevel set to 0 on reset
21:25:31.30   GameInfo::ResetInfo - SyncLevel set to 0 on reset
21:25:31.30   GameInfo::ResetInfo - SyncLevel set to 0 on reset
21:25:31.30   GameInfo::ResetInfo - SyncLevel set to 0 on reset
21:25:31.30   GameInfo::ResetInfo - SyncLevel set to 0 on reset
21:25:31.31   GameInfo::ResetInfo - SyncLevel set to 0 on reset
21:25:31.31   GameInfo::ResetInfo - SyncLevel set to 0 on reset
21:25:31.31   GameInfo::ResetInfo - SyncLevel set to 0 on reset
21:25:31.31   GameInfo::ResetInfo - SyncLevel set to 0 on reset
21:25:31.31   GameInfo::ResetInfo - SyncLevel set to 0 on reset
21:25:31.31   GameInfo::ResetInfo - SyncLevel set to 0 on reset
21:25:31.32   GameInfo::ResetInfo - SyncLevel set to 0 on reset
21:25:31.32   GameInfo::ResetInfo - SyncLevel set to 0 on reset
21:25:31.32   GameInfo::ResetInfo - SyncLevel set to 0 on reset
21:25:31.32   GameInfo::ResetInfo - SyncLevel set to 0 on reset
21:25:31.32   GameInfo::ResetInfo - SyncLevel set to 0 on reset
21:25:31.32   GameInfo::ResetInfo - SyncLevel set to 0 on reset
21:25:31.33   GameInfo::ResetInfo - SyncLevel set to 0 on reset
21:25:31.33   GameInfo::ResetInfo - SyncLevel set to 0 on reset
21:25:31.33   GameInfo::ResetInfo - SyncLevel set to 0 on reset
21:25:31.33   GameInfo::ResetInfo - SyncLevel set to 0 on reset
21:25:31.33   GameInfo::ResetInfo - SyncLevel set to 0 on reset
21:25:31.33   GameInfo::ResetInfo - SyncLevel set to 0 on reset
21:25:31.34   GameInfo::ResetInfo - SyncLevel set to 0 on reset
21:25:31.34   GameInfo::ResetInfo - SyncLevel set to 0 on reset
21:25:31.34   GameInfo::ResetInfo - SyncLevel set to 0 on reset
21:25:31.34   GameInfo::ResetInfo - SyncLevel set to 0 on reset
21:25:31.34   GameInfo::ResetInfo - SyncLevel set to 0 on reset
21:25:31.34   GameInfo::ResetInfo - SyncLevel set to 0 on reset
21:25:31.35   GameInfo::ResetInfo - SyncLevel set to 0 on reset
21:25:31.35   GameInfo::ResetInfo - SyncLevel set to 0 on reset
21:25:31.35   GameInfo::ResetInfo - SyncLevel set to 0 on reset
21:25:31.35   GameInfo::ResetInfo - SyncLevel set to 0 on reset
21:25:31.35   GameInfo::ResetInfo - SyncLevel set to 0 on reset
21:25:31.35   GameInfo::ResetInfo - SyncLevel set to 0 on reset
21:25:31.36   GameInfo::ResetInfo - SyncLevel set to 0 on reset
21:25:31.36   GameInfo::ResetInfo - SyncLevel set to 0 on reset
21:25:31.36   GameInfo::ResetInfo - SyncLevel set to 0 on reset
21:25:31.36   GameInfo::ResetInfo - SyncLevel set to 0 on reset
21:25:31.36   GameInfo::ResetInfo - SyncLevel set to 0 on reset
21:25:31.36   GameInfo::ResetInfo - SyncLevel set to 0 on reset
21:25:31.37   GameInfo::ResetInfo - SyncLevel set to 0 on reset
21:25:31.37   GameInfo::ResetInfo - SyncLevel set to 0 on reset
21:25:31.37   GameInfo::ResetInfo - SyncLevel set to 0 on reset
21:25:31.37   GameInfo::ResetInfo - SyncLevel set to 0 on reset
21:25:31.37   GameInfo::ResetInfo - SyncLevel set to 0 on reset
21:25:31.37   GameInfo::ResetInfo - SyncLevel set to 0 on reset
21:25:31.38   GameInfo::ResetInfo - SyncLevel set to 0 on reset
21:25:31.38   GameInfo::ResetInfo - SyncLevel set to 0 on reset
21:25:31.38   GameInfo::ResetInfo - SyncLevel set to 0 on reset
21:25:31.38   GameInfo::ResetInfo - SyncLevel set to 0 on reset
21:25:31.38   GameInfo::ResetInfo - SyncLevel set to 0 on reset
21:25:31.38   GameInfo::ResetInfo - SyncLevel set to 0 on reset
21:25:31.39   GameInfo::ResetInfo - SyncLevel set to 0 on reset
21:25:31.39   GameInfo::ResetInfo - SyncLevel set to 0 on reset
21:25:31.39   GameInfo::ResetInfo - SyncLevel set to 0 on reset
21:25:31.39   GameInfo::ResetInfo - SyncLevel set to 0 on reset
21:25:31.39   GameInfo::ResetInfo - SyncLevel set to 0 on reset
21:25:31.39   GameInfo::ResetInfo - SyncLevel set to 0 on reset
21:25:31.39   GameInfo::ResetInfo - SyncLevel set to 0 on reset
21:25:31.40   GameInfo::ResetInfo - SyncLevel set to 0 on reset
21:25:31.40   GameInfo::ResetInfo - SyncLevel set to 0 on reset
21:25:31.40   GameInfo::ResetInfo - SyncLevel set to 0 on reset
21:25:31.40   GameInfo::ResetInfo - SyncLevel set to 0 on reset
21:25:31.40   GameInfo::ResetInfo - SyncLevel set to 0 on reset
21:25:31.40   GameInfo::ResetInfo - SyncLevel set to 0 on reset
21:25:31.41   GameInfo::ResetInfo - SyncLevel set to 0 on reset
21:25:31.41   GameInfo::ResetInfo - SyncLevel set to 0 on reset
21:25:31.41   GameInfo::ResetInfo - SyncLevel set to 0 on reset
21:25:31.41   GameInfo::ResetInfo - SyncLevel set to 0 on reset
21:25:31.41   GameInfo::ResetInfo - SyncLevel set to 0 on reset
21:25:31.41   GameInfo::ResetInfo - SyncLevel set to 0 on reset
21:25:31.41   GameInfo::ResetInfo - SyncLevel set to 0 on reset
21:25:31.41   GameInfo::ResetInfo - SyncLevel set to 0 on reset
21:25:31.42   GameInfo::ResetInfo - SyncLevel set to 0 on reset
21:25:31.42   GameInfo::ResetInfo - SyncLevel set to 0 on reset
21:25:31.42   GameInfo::ResetInfo - SyncLevel set to 0 on reset
21:25:31.42   GameInfo::ResetInfo - SyncLevel set to 0 on reset
21:25:31.42   GameInfo::ResetInfo - SyncLevel set to 0 on reset
21:25:31.42   GameInfo::ResetInfo - SyncLevel set to 0 on reset
21:25:31.43   GameInfo::ResetInfo - SyncLevel set to 0 on reset
21:25:31.43   GameInfo::ResetInfo - SyncLevel set to 0 on reset
21:25:31.43   GameInfo::ResetInfo - SyncLevel set to 0 on reset
21:25:31.43   GameInfo::ResetInfo - SyncLevel set to 0 on reset
21:25:31.43   GameInfo::ResetInfo - SyncLevel set to 0 on reset
21:25:31.43   GameInfo::ResetInfo - SyncLevel set to 0 on reset
21:25:31.44   GameInfo::ResetInfo - SyncLevel set to 0 on reset
21:25:31.44   GameInfo::ResetInfo - SyncLevel set to 0 on reset
21:25:31.44   GameInfo::ResetInfo - SyncLevel set to 0 on reset
21:25:31.44   GameInfo::ResetInfo - SyncLevel set to 0 on reset
21:25:31.44   GameInfo::ResetInfo - SyncLevel set to 0 on reset
21:25:31.44   GameInfo::ResetInfo - SyncLevel set to 0 on reset
21:25:31.45   GameInfo::ResetInfo - SyncLevel set to 0 on reset
21:25:31.45   GameInfo::ResetInfo - SyncLevel set to 0 on reset
21:25:31.45   GameInfo::ResetInfo - SyncLevel set to 0 on reset
21:25:31.45   GameInfo::ResetInfo - SyncLevel set to 0 on reset
21:25:31.45   GameInfo::ResetInfo - SyncLevel set to 0 on reset
21:25:31.45   GameInfo::ResetInfo - SyncLevel set to 0 on reset
21:25:31.46   GameInfo::ResetInfo - SyncLevel set to 0 on reset
21:25:31.46   GameInfo::ResetInfo - SyncLevel set to 0 on reset
21:25:31.46   GameInfo::ResetInfo - SyncLevel set to 0 on reset
21:25:31.46   GameInfo::ResetInfo - SyncLevel set to 0 on reset
21:25:31.46   GameInfo::ResetInfo - SyncLevel set to 0 on reset
21:25:31.46   GameInfo::ResetInfo - SyncLevel set to 0 on reset
21:25:31.47   GameInfo::ResetInfo - SyncLevel set to 0 on reset
21:25:31.47   GAME -- Error reading header for recorded game PLAYBACK:8P_MONTARGIS_REGION_POINTS_UP.2019-01-28.01-38-28.rec
21:25:31.47   GameInfo::ResetInfo - SyncLevel set to 0 on reset
21:25:31.47   GameInfo::ResetInfo - SyncLevel set to 0 on reset
21:25:31.47   GameInfo::ResetInfo - SyncLevel set to 0 on reset
21:25:31.47   GAME -- Error reading header for recorded game PLAYBACK:8P_MONTARGIS_REGION_POINTS_UP.2019-08-27.22-25-49.rec
21:25:31.47   GameInfo::ResetInfo - SyncLevel set to 0 on reset
21:25:31.47   GameInfo::ResetInfo - SyncLevel set to 0 on reset
21:25:31.48   GameInfo::ResetInfo - SyncLevel set to 0 on reset
21:25:31.48   GameInfo::ResetInfo - SyncLevel set to 0 on reset
21:25:31.48   GameInfo::ResetInfo - SyncLevel set to 0 on reset
21:25:31.48   GameInfo::ResetInfo - SyncLevel set to 0 on reset
21:25:31.48   GameInfo::ResetInfo - SyncLevel set to 0 on reset
21:25:31.48   GameInfo::ResetInfo - SyncLevel set to 0 on reset
21:25:31.49   GameInfo::ResetInfo - SyncLevel set to 0 on reset
21:25:31.49   GameInfo::ResetInfo - SyncLevel set to 0 on reset
21:25:31.49   GameInfo::ResetInfo - SyncLevel set to 0 on reset
21:25:31.49   GameInfo::ResetInfo - SyncLevel set to 0 on reset
21:25:31.49   GameInfo::ResetInfo - SyncLevel set to 0 on reset
21:25:31.49   GameInfo::ResetInfo - SyncLevel set to 0 on reset
21:25:31.49   GameInfo::ResetInfo - SyncLevel set to 0 on reset
21:25:31.49   GameInfo::ResetInfo - SyncLevel set to 0 on reset
21:25:31.49   GameInfo::ResetInfo - SyncLevel set to 0 on reset
21:25:31.50   GameInfo::ResetInfo - SyncLevel set to 0 on reset
21:25:31.50   GameInfo::ResetInfo - SyncLevel set to 0 on reset
21:25:31.50   GameInfo::ResetInfo - SyncLevel set to 0 on reset
21:25:31.50   GameInfo::ResetInfo - SyncLevel set to 0 on reset
21:25:31.50   GameInfo::ResetInfo - SyncLevel set to 0 on reset
21:25:31.50   GameInfo::ResetInfo - SyncLevel set to 0 on reset
21:25:31.51   GameInfo::ResetInfo - SyncLevel set to 0 on reset
21:25:31.51   GameInfo::ResetInfo - SyncLevel set to 0 on reset
21:25:31.51   GameInfo::ResetInfo - SyncLevel set to 0 on reset
21:25:31.51   GameInfo::ResetInfo - SyncLevel set to 0 on reset
21:25:31.51   GameInfo::ResetInfo - SyncLevel set to 0 on reset
21:25:31.51   GameInfo::ResetInfo - SyncLevel set to 0 on reset
21:25:31.52   GameInfo::ResetInfo - SyncLevel set to 0 on reset
21:25:31.52   GameInfo::ResetInfo - SyncLevel set to 0 on reset
21:25:31.52   GameInfo::ResetInfo - SyncLevel set to 0 on reset
21:25:31.52   GameInfo::ResetInfo - SyncLevel set to 0 on reset
21:25:31.53   GameInfo::ResetInfo - SyncLevel set to 0 on reset
21:25:31.53   GameInfo::ResetInfo - SyncLevel set to 0 on reset
21:25:31.53   GameInfo::ResetInfo - SyncLevel set to 0 on reset
21:25:31.53   GameInfo::ResetInfo - SyncLevel set to 0 on reset
21:25:31.53   GameInfo::ResetInfo - SyncLevel set to 0 on reset
21:25:31.53   GameInfo::ResetInfo - SyncLevel set to 0 on reset
21:25:31.53   GameInfo::ResetInfo - SyncLevel set to 0 on reset
21:25:31.53   GameInfo::ResetInfo - SyncLevel set to 0 on reset
21:25:31.54   GameInfo::ResetInfo - SyncLevel set to 0 on reset
21:25:31.54   GameInfo::ResetInfo - SyncLevel set to 0 on reset
21:25:31.54   GameInfo::ResetInfo - SyncLevel set to 0 on reset
21:25:31.54   GameInfo::ResetInfo - SyncLevel set to 0 on reset
21:25:31.54   GameInfo::ResetInfo - SyncLevel set to 0 on reset
21:25:31.54   GameInfo::ResetInfo - SyncLevel set to 0 on reset
21:25:31.54   GameInfo::ResetInfo - SyncLevel set to 0 on reset
21:25:31.54   GameInfo::ResetInfo - SyncLevel set to 0 on reset
21:25:31.54   GameInfo::ResetInfo - SyncLevel set to 0 on reset
21:25:31.55   GameInfo::ResetInfo - SyncLevel set to 0 on reset
21:25:31.55   GameInfo::ResetInfo - SyncLevel set to 0 on reset
21:25:31.55   GameInfo::ResetInfo - SyncLevel set to 0 on reset
21:25:31.55   GameInfo::ResetInfo - SyncLevel set to 0 on reset
21:25:31.55   GameInfo::ResetInfo - SyncLevel set to 0 on reset
21:25:31.55   GameInfo::ResetInfo - SyncLevel set to 0 on reset
21:25:31.55   GameInfo::ResetInfo - SyncLevel set to 0 on reset
21:25:31.56   GameInfo::ResetInfo - SyncLevel set to 0 on reset
21:25:31.56   GameInfo::ResetInfo - SyncLevel set to 0 on reset
21:25:31.56   GameInfo::ResetInfo - SyncLevel set to 0 on reset
21:25:31.56   GameInfo::ResetInfo - SyncLevel set to 0 on reset
21:25:31.56   GameInfo::ResetInfo - SyncLevel set to 0 on reset
21:25:31.56   GameInfo::ResetInfo - SyncLevel set to 0 on reset
21:25:31.56   GameInfo::ResetInfo - SyncLevel set to 0 on reset
21:25:31.56   GameInfo::ResetInfo - SyncLevel set to 0 on reset
21:25:31.56   GameInfo::ResetInfo - SyncLevel set to 0 on reset
21:25:31.57   GameInfo::ResetInfo - SyncLevel set to 0 on reset
21:25:31.57   GameInfo::ResetInfo - SyncLevel set to 0 on reset
21:25:31.57   GameInfo::ResetInfo - SyncLevel set to 0 on reset
21:25:31.57   GameInfo::ResetInfo - SyncLevel set to 0 on reset
21:25:31.57   GameInfo::ResetInfo - SyncLevel set to 0 on reset
21:25:31.57   GameInfo::ResetInfo - SyncLevel set to 0 on reset
21:25:31.57   GameInfo::ResetInfo - SyncLevel set to 0 on reset
21:25:31.57   GameInfo::ResetInfo - SyncLevel set to 0 on reset
21:25:31.58   GameInfo::ResetInfo - SyncLevel set to 0 on reset
21:25:31.58   GameInfo::ResetInfo - SyncLevel set to 0 on reset
21:25:31.58   GameInfo::ResetInfo - SyncLevel set to 0 on reset
21:25:31.58   GameInfo::ResetInfo - SyncLevel set to 0 on reset
21:25:31.58   GameInfo::ResetInfo - SyncLevel set to 0 on reset
21:25:31.58   GameInfo::ResetInfo - SyncLevel set to 0 on reset
21:25:31.58   GameInfo::ResetInfo - SyncLevel set to 0 on reset
21:25:31.58   GameInfo::ResetInfo - SyncLevel set to 0 on reset
21:25:31.58   GameInfo::ResetInfo - SyncLevel set to 0 on reset
21:25:31.59   GameInfo::ResetInfo - SyncLevel set to 0 on reset
21:25:31.59   GameInfo::ResetInfo - SyncLevel set to 0 on reset
21:25:31.59   GameInfo::ResetInfo - SyncLevel set to 0 on reset
21:25:31.59   GameInfo::ResetInfo - SyncLevel set to 0 on reset
21:25:31.59   GameInfo::ResetInfo - SyncLevel set to 0 on reset
21:25:31.59   GameInfo::ResetInfo - SyncLevel set to 0 on reset
21:25:31.59   GameInfo::ResetInfo - SyncLevel set to 0 on reset
21:25:31.60   GameInfo::ResetInfo - SyncLevel set to 0 on reset
21:25:31.60   GameInfo::ResetInfo - SyncLevel set to 0 on reset
21:25:31.60   GameInfo::ResetInfo - SyncLevel set to 0 on reset
21:25:31.60   GAME -- Error reading header for recorded game PLAYBACK:fun_high_res_monti.rec
21:25:31.60   GameInfo::ResetInfo - SyncLevel set to 0 on reset
21:25:31.60   GameInfo::ResetInfo - SyncLevel set to 0 on reset
21:25:31.60   GameInfo::ResetInfo - SyncLevel set to 0 on reset
21:25:31.61   GameInfo::ResetInfo - SyncLevel set to 0 on reset
21:25:31.61   GameInfo::ResetInfo - SyncLevel set to 0 on reset
21:25:31.61   GameInfo::ResetInfo - SyncLevel set to 0 on reset
21:25:31.61   GameInfo::ResetInfo - SyncLevel set to 0 on reset
21:25:31.61   GameInfo::ResetInfo - SyncLevel set to 0 on reset
21:25:31.61   GameInfo::ResetInfo - SyncLevel set to 0 on reset
21:25:31.61   GameInfo::ResetInfo - SyncLevel set to 0 on reset
21:25:31.61   GameInfo::ResetInfo - SyncLevel set to 0 on reset
21:25:31.62   GameInfo::ResetInfo - SyncLevel set to 0 on reset
21:25:31.62   GameInfo::ResetInfo - SyncLevel set to 0 on reset
21:25:31.62   GameInfo::ResetInfo - SyncLevel set to 0 on reset
21:25:31.62   GameInfo::ResetInfo - SyncLevel set to 0 on reset
21:25:31.62   GameInfo::ResetInfo - SyncLevel set to 0 on reset
21:25:31.62   GameInfo::ResetInfo - SyncLevel set to 0 on reset
21:25:31.63   GameInfo::ResetInfo - SyncLevel set to 0 on reset
21:25:31.63   GameInfo::ResetInfo - SyncLevel set to 0 on reset
21:25:31.63   GameInfo::ResetInfo - SyncLevel set to 0 on reset
21:25:31.63   GameInfo::ResetInfo - SyncLevel set to 0 on reset
21:25:31.63   GAME -- Error reading header for recorded game PLAYBACK:gdfg.rec
21:25:31.63   GameInfo::ResetInfo - SyncLevel set to 0 on reset
21:25:31.63   GameInfo::ResetInfo - SyncLevel set to 0 on reset
21:25:31.63   GameInfo::ResetInfo - SyncLevel set to 0 on reset
21:25:31.64   GameInfo::ResetInfo - SyncLevel set to 0 on reset
21:25:31.64   GameInfo::ResetInfo - SyncLevel set to 0 on reset
21:25:31.64   GameInfo::ResetInfo - SyncLevel set to 0 on reset
21:25:31.64   GameInfo::ResetInfo - SyncLevel set to 0 on reset
21:25:31.64   GameInfo::ResetInfo - SyncLevel set to 0 on reset
21:25:31.64   GameInfo::ResetInfo - SyncLevel set to 0 on reset
21:25:31.64   GameInfo::ResetInfo - SyncLevel set to 0 on reset
21:25:31.64   GameInfo::ResetInfo - SyncLevel set to 0 on reset
21:25:31.64   GameInfo::ResetInfo - SyncLevel set to 0 on reset
21:25:31.64   GameInfo::ResetInfo - SyncLevel set to 0 on reset
21:25:31.64   GameInfo::ResetInfo - SyncLevel set to 0 on reset
21:25:31.65   GameInfo::ResetInfo - SyncLevel set to 0 on reset
21:25:31.65   GameInfo::ResetInfo - SyncLevel set to 0 on reset
21:25:31.65   GameInfo::ResetInfo - SyncLevel set to 0 on reset
21:25:31.65   GameInfo::ResetInfo - SyncLevel set to 0 on reset
21:25:31.65   GameInfo::ResetInfo - SyncLevel set to 0 on reset
21:25:31.65   GameInfo::ResetInfo - SyncLevel set to 0 on reset
21:25:31.66   GameInfo::ResetInfo - SyncLevel set to 0 on reset
21:25:31.66   GameInfo::ResetInfo - SyncLevel set to 0 on reset
21:25:31.66   GameInfo::ResetInfo - SyncLevel set to 0 on reset
21:25:31.66   GameInfo::ResetInfo - SyncLevel set to 0 on reset
21:25:31.66   GameInfo::ResetInfo - SyncLevel set to 0 on reset
21:25:31.66   GameInfo::ResetInfo - SyncLevel set to 0 on reset
21:25:31.67   GameInfo::ResetInfo - SyncLevel set to 0 on reset
21:25:31.67   GameInfo::ResetInfo - SyncLevel set to 0 on reset
21:25:31.67   GameInfo::ResetInfo - SyncLevel set to 0 on reset
21:25:31.67   GameInfo::ResetInfo - SyncLevel set to 0 on reset
21:25:31.67   GameInfo::ResetInfo - SyncLevel set to 0 on reset
21:25:31.67   GameInfo::ResetInfo - SyncLevel set to 0 on reset
21:25:31.67   GameInfo::ResetInfo - SyncLevel set to 0 on reset
21:25:31.67   GameInfo::ResetInfo - SyncLevel set to 0 on reset
21:25:31.68   GameInfo::ResetInfo - SyncLevel set to 0 on reset
21:25:31.68   GameInfo::ResetInfo - SyncLevel set to 0 on reset
21:25:31.68   GameInfo::ResetInfo - SyncLevel set to 0 on reset
21:25:31.68   GameInfo::ResetInfo - SyncLevel set to 0 on reset
21:25:31.68   GameInfo::ResetInfo - SyncLevel set to 0 on reset
21:25:31.69   GameInfo::ResetInfo - SyncLevel set to 0 on reset
21:25:31.69   GameInfo::ResetInfo - SyncLevel set to 0 on reset
21:25:31.69   GameInfo::ResetInfo - SyncLevel set to 0 on reset
21:25:31.69   GameInfo::ResetInfo - SyncLevel set to 0 on reset
21:25:31.69   GameInfo::ResetInfo - SyncLevel set to 0 on reset
21:25:31.69   GameInfo::ResetInfo - SyncLevel set to 0 on reset
21:25:31.69   GameInfo::ResetInfo - SyncLevel set to 0 on reset
21:25:31.69   GameInfo::ResetInfo - SyncLevel set to 0 on reset
21:25:31.70   GameInfo::ResetInfo - SyncLevel set to 0 on reset
21:25:31.70   GameInfo::ResetInfo - SyncLevel set to 0 on reset
21:25:31.70   GameInfo::ResetInfo - SyncLevel set to 0 on reset
21:25:31.70   GameInfo::ResetInfo - SyncLevel set to 0 on reset
21:25:31.70   GameInfo::ResetInfo - SyncLevel set to 0 on reset
21:25:31.70   GameInfo::ResetInfo - SyncLevel set to 0 on reset
21:25:31.71   GameInfo::ResetInfo - SyncLevel set to 0 on reset
21:25:31.71   GameInfo::ResetInfo - SyncLevel set to 0 on reset
21:25:31.71   GameInfo::ResetInfo - SyncLevel set to 0 on reset
21:25:31.71   GameInfo::ResetInfo - SyncLevel set to 0 on reset
21:25:31.71   GameInfo::ResetInfo - SyncLevel set to 0 on reset
21:25:31.71   GameInfo::ResetInfo - SyncLevel set to 0 on reset
21:25:31.71   GameInfo::ResetInfo - SyncLevel set to 0 on reset
21:25:31.72   GameInfo::ResetInfo - SyncLevel set to 0 on reset
21:25:31.72   GameInfo::ResetInfo - SyncLevel set to 0 on reset
21:25:31.72   GameInfo::ResetInfo - SyncLevel set to 0 on reset
21:25:31.72   GameInfo::ResetInfo - SyncLevel set to 0 on reset
21:25:31.72   GameInfo::ResetInfo - SyncLevel set to 0 on reset
21:25:31.72   GameInfo::ResetInfo - SyncLevel set to 0 on reset
21:25:31.72   GameInfo::ResetInfo - SyncLevel set to 0 on reset
21:25:31.72   GameInfo::ResetInfo - SyncLevel set to 0 on reset
21:25:31.73   GameInfo::ResetInfo - SyncLevel set to 0 on reset
21:25:31.73   GameInfo::ResetInfo - SyncLevel set to 0 on reset
21:25:31.73   GameInfo::ResetInfo - SyncLevel set to 0 on reset
21:25:31.73   GameInfo::ResetInfo - SyncLevel set to 0 on reset
21:25:31.73   GameInfo::ResetInfo - SyncLevel set to 0 on reset
21:25:31.73   GameInfo::ResetInfo - SyncLevel set to 0 on reset
21:25:31.74   GameInfo::ResetInfo - SyncLevel set to 0 on reset
21:25:31.74   GameInfo::ResetInfo - SyncLevel set to 0 on reset
21:25:31.74   GameInfo::ResetInfo - SyncLevel set to 0 on reset
21:25:31.74   GameInfo::ResetInfo - SyncLevel set to 0 on reset
21:25:31.74   GameInfo::ResetInfo - SyncLevel set to 0 on reset
21:25:31.74   GameInfo::ResetInfo - SyncLevel set to 0 on reset
21:25:31.75   GAME -- Error reading header for recorded game PLAYBACK:ischutz_mad.rec
21:25:31.75   GameInfo::ResetInfo - SyncLevel set to 0 on reset
21:25:31.75   GameInfo::ResetInfo - SyncLevel set to 0 on reset
21:25:31.75   GameInfo::ResetInfo - SyncLevel set to 0 on reset
21:25:31.75   GameInfo::ResetInfo - SyncLevel set to 0 on reset
21:25:31.75   GameInfo::ResetInfo - SyncLevel set to 0 on reset
21:25:31.75   GameInfo::ResetInfo - SyncLevel set to 0 on reset
21:25:31.75   GameInfo::ResetInfo - SyncLevel set to 0 on reset
21:25:31.75   GameInfo::ResetInfo - SyncLevel set to 0 on reset
21:25:31.75   GameInfo::ResetInfo - SyncLevel set to 0 on reset
21:25:31.75   GameInfo::ResetInfo - SyncLevel set to 0 on reset
21:25:31.75   GameInfo::ResetInfo - SyncLevel set to 0 on reset
21:25:31.75   GameInfo::ResetInfo - SyncLevel set to 0 on reset
21:25:31.75   GameInfo::ResetInfo - SyncLevel set to 0 on reset
21:25:31.75   GameInfo::ResetInfo - SyncLevel set to 0 on reset
21:25:31.76   GameInfo::ResetInfo - SyncLevel set to 0 on reset
21:25:31.76   GameInfo::ResetInfo - SyncLevel set to 0 on reset
21:25:31.76   GameInfo::ResetInfo - SyncLevel set to 0 on reset
21:25:31.76   GameInfo::ResetInfo - SyncLevel set to 0 on reset
21:25:31.77   GameInfo::ResetInfo - SyncLevel set to 0 on reset
21:25:31.77   GameInfo::ResetInfo - SyncLevel set to 0 on reset
21:25:31.77   GameInfo::ResetInfo - SyncLevel set to 0 on reset
21:25:31.77   GameInfo::ResetInfo - SyncLevel set to 0 on reset
21:25:31.77   GameInfo::ResetInfo - SyncLevel set to 0 on reset
21:25:31.77   GameInfo::ResetInfo - SyncLevel set to 0 on reset
21:25:31.77   GameInfo::ResetInfo - SyncLevel set to 0 on reset
21:25:31.77   GameInfo::ResetInfo - SyncLevel set to 0 on reset
21:25:31.78   GameInfo::ResetInfo - SyncLevel set to 0 on reset
21:25:31.78   GameInfo::ResetInfo - SyncLevel set to 0 on reset
21:25:31.78   GameInfo::ResetInfo - SyncLevel set to 0 on reset
21:25:31.78   GameInfo::ResetInfo - SyncLevel set to 0 on reset
21:25:31.78   GameInfo::ResetInfo - SyncLevel set to 0 on reset
21:25:31.78   GameInfo::ResetInfo - SyncLevel set to 0 on reset
21:25:31.79   GameInfo::ResetInfo - SyncLevel set to 0 on reset
21:25:31.79   GameInfo::ResetInfo - SyncLevel set to 0 on reset
21:25:31.79   GameInfo::ResetInfo - SyncLevel set to 0 on reset
21:25:31.79   GameInfo::ResetInfo - SyncLevel set to 0 on reset
21:25:31.79   GameInfo::ResetInfo - SyncLevel set to 0 on reset
21:25:31.79   GameInfo::ResetInfo - SyncLevel set to 0 on reset
21:25:31.80   GameInfo::ResetInfo - SyncLevel set to 0 on reset
21:25:31.80   GAME -- Error reading header for recorded game PLAYBACK:MONTARGIS REGION REVISED.2019-06-01.00-22-47.rec
21:25:31.80   GameInfo::ResetInfo - SyncLevel set to 0 on reset
21:25:31.80   GameInfo::ResetInfo - SyncLevel set to 0 on reset
21:25:31.80   GameInfo::ResetInfo - SyncLevel set to 0 on reset
21:25:31.80   GameInfo::ResetInfo - SyncLevel set to 0 on reset
21:25:31.80   GameInfo::ResetInfo - SyncLevel set to 0 on reset
21:25:31.80   GameInfo::ResetInfo - SyncLevel set to 0 on reset
21:25:31.80   GameInfo::ResetInfo - SyncLevel set to 0 on reset
21:25:31.80   GameInfo::ResetInfo - SyncLevel set to 0 on reset
21:25:31.80   GameInfo::ResetInfo - SyncLevel set to 0 on reset
21:25:31.80   GameInfo::ResetInfo - SyncLevel set to 0 on reset
21:25:31.80   GameInfo::ResetInfo - SyncLevel set to 0 on reset
21:25:31.81   GameInfo::ResetInfo - SyncLevel set to 0 on reset
21:25:31.81   GameInfo::ResetInfo - SyncLevel set to 0 on reset
21:25:31.81   GameInfo::ResetInfo - SyncLevel set to 0 on reset
21:25:31.81   GameInfo::ResetInfo - SyncLevel set to 0 on reset
21:25:31.81   GameInfo::ResetInfo - SyncLevel set to 0 on reset
21:25:31.81   GameInfo::ResetInfo - SyncLevel set to 0 on reset
21:25:31.82   GameInfo::ResetInfo - SyncLevel set to 0 on reset
21:25:31.82   GameInfo::ResetInfo - SyncLevel set to 0 on reset
21:25:31.82   GameInfo::ResetInfo - SyncLevel set to 0 on reset
21:25:31.82   GameInfo::ResetInfo - SyncLevel set to 0 on reset
21:25:31.82   GameInfo::ResetInfo - SyncLevel set to 0 on reset
21:25:31.82   GameInfo::ResetInfo - SyncLevel set to 0 on reset
21:25:31.82   GAME -- Error reading header for recorded game PLAYBACK:PE_Baserush_Counter__[GameReplays.org].rec
21:25:31.82   GameInfo::ResetInfo - SyncLevel set to 0 on reset
21:25:31.82   GameInfo::ResetInfo - SyncLevel set to 0 on reset
21:25:31.82   GameInfo::ResetInfo - SyncLevel set to 0 on reset
21:25:31.82   GameInfo::ResetInfo - SyncLevel set to 0 on reset
21:25:31.82   GameInfo::ResetInfo - SyncLevel set to 0 on reset
21:25:31.82   GameInfo::ResetInfo - SyncLevel set to 0 on reset
21:25:31.82   GameInfo::ResetInfo - SyncLevel set to 0 on reset
21:25:31.82   GameInfo::ResetInfo - SyncLevel set to 0 on reset
21:25:31.82   GameInfo::ResetInfo - SyncLevel set to 0 on reset
21:25:31.82   GameInfo::ResetInfo - SyncLevel set to 0 on reset
21:25:31.82   GameInfo::ResetInfo - SyncLevel set to 0 on reset
21:25:31.83   GameInfo::ResetInfo - SyncLevel set to 0 on reset
21:25:31.83   GameInfo::ResetInfo - SyncLevel set to 0 on reset
21:25:31.83   GameInfo::ResetInfo - SyncLevel set to 0 on reset
21:25:31.83   GameInfo::ResetInfo - SyncLevel set to 0 on reset
21:25:31.83   GameInfo::ResetInfo - SyncLevel set to 0 on reset
21:25:31.83   GameInfo::ResetInfo - SyncLevel set to 0 on reset
21:25:31.83   GameInfo::ResetInfo - SyncLevel set to 0 on reset
21:25:31.83   GameInfo::ResetInfo - SyncLevel set to 0 on reset
21:25:31.83   GameInfo::ResetInfo - SyncLevel set to 0 on reset
21:25:31.84   GameInfo::ResetInfo - SyncLevel set to 0 on reset
21:25:31.84   GameInfo::ResetInfo - SyncLevel set to 0 on reset
21:25:31.84   GameInfo::ResetInfo - SyncLevel set to 0 on reset
21:25:31.84   GameInfo::ResetInfo - SyncLevel set to 0 on reset
21:25:31.84   GAME -- Error reading header for recorded game PLAYBACK:Scheldt shit.rec
21:25:31.84   GameInfo::ResetInfo - SyncLevel set to 0 on reset
21:25:31.84   GameInfo::ResetInfo - SyncLevel set to 0 on reset
21:25:31.85   GameInfo::ResetInfo - SyncLevel set to 0 on reset
21:25:31.85   GameInfo::ResetInfo - SyncLevel set to 0 on reset
21:25:31.85   GameInfo::ResetInfo - SyncLevel set to 0 on reset
21:25:31.85   GameInfo::ResetInfo - SyncLevel set to 0 on reset
21:25:31.85   GameInfo::ResetInfo - SyncLevel set to 0 on reset
21:25:31.85   GameInfo::ResetInfo - SyncLevel set to 0 on reset
21:25:31.86   GameInfo::ResetInfo - SyncLevel set to 0 on reset
21:25:31.86   GameInfo::ResetInfo - SyncLevel set to 0 on reset
21:25:31.86   GameInfo::ResetInfo - SyncLevel set to 0 on reset
21:25:31.86   GameInfo::ResetInfo - SyncLevel set to 0 on reset
21:25:31.86   GameInfo::ResetInfo - SyncLevel set to 0 on reset
21:25:31.86   GameInfo::ResetInfo - SyncLevel set to 0 on reset
21:25:31.86   GameInfo::ResetInfo - SyncLevel set to 0 on reset
21:25:31.86   GameInfo::ResetInfo - SyncLevel set to 0 on reset
21:25:31.86   GameInfo::ResetInfo - SyncLevel set to 0 on reset
21:25:31.87   GameInfo::ResetInfo - SyncLevel set to 0 on reset
21:25:31.87   GameInfo::ResetInfo - SyncLevel set to 0 on reset
21:25:31.87   GameInfo::ResetInfo - SyncLevel set to 0 on reset
21:25:31.87   GameInfo::ResetInfo - SyncLevel set to 0 on reset
21:25:31.87   GameInfo::ResetInfo - SyncLevel set to 0 on reset
21:25:31.87   GameInfo::ResetInfo - SyncLevel set to 0 on reset
21:25:31.87   GameInfo::ResetInfo - SyncLevel set to 0 on reset
21:25:31.87   GameInfo::ResetInfo - SyncLevel set to 0 on reset
21:25:31.87   GameInfo::ResetInfo - SyncLevel set to 0 on reset
21:25:31.88   GameInfo::ResetInfo - SyncLevel set to 0 on reset
21:25:31.88   GameInfo::ResetInfo - SyncLevel set to 0 on reset
21:25:31.88   GameInfo::ResetInfo - SyncLevel set to 0 on reset
21:25:31.88   GameInfo::ResetInfo - SyncLevel set to 0 on reset
21:25:31.88   GameInfo::ResetInfo - SyncLevel set to 0 on reset
21:25:31.88   GameInfo::ResetInfo - SyncLevel set to 0 on reset
21:25:31.88   GameInfo::ResetInfo - SyncLevel set to 0 on reset
21:25:31.88   GameInfo::ResetInfo - SyncLevel set to 0 on reset
21:25:31.88   GameInfo::ResetInfo - SyncLevel set to 0 on reset
21:25:31.88   GameInfo::ResetInfo - SyncLevel set to 0 on reset
21:25:31.88   GameInfo::ResetInfo - SyncLevel set to 0 on reset
21:25:31.88   GameInfo::ResetInfo - SyncLevel set to 0 on reset
21:25:31.89   GameInfo::ResetInfo - SyncLevel set to 0 on reset
21:25:31.89   GameInfo::ResetInfo - SyncLevel set to 0 on reset
21:25:31.89   GameInfo::ResetInfo - SyncLevel set to 0 on reset
21:25:31.89   GameInfo::ResetInfo - SyncLevel set to 0 on reset
21:25:31.89   GameInfo::ResetInfo - SyncLevel set to 0 on reset
21:25:31.89   GameInfo::ResetInfo - SyncLevel set to 0 on reset
21:25:31.89   GameInfo::ResetInfo - SyncLevel set to 0 on reset
21:25:31.89   GameInfo::ResetInfo - SyncLevel set to 0 on reset
21:25:31.89   GameInfo::ResetInfo - SyncLevel set to 0 on reset
21:25:31.90   GameInfo::ResetInfo - SyncLevel set to 0 on reset
21:25:31.90   GameInfo::ResetInfo - SyncLevel set to 0 on reset
21:25:31.90   GameInfo::ResetInfo - SyncLevel set to 0 on reset
21:25:31.90   GameInfo::ResetInfo - SyncLevel set to 0 on reset
21:25:31.90   GameInfo::ResetInfo - SyncLevel set to 0 on reset
21:25:31.90   GameInfo::ResetInfo - SyncLevel set to 0 on reset
21:25:31.91   GameInfo::ResetInfo - SyncLevel set to 0 on reset
21:25:31.91   GameInfo::ResetInfo - SyncLevel set to 0 on reset
21:25:31.91   GameInfo::ResetInfo - SyncLevel set to 0 on reset
21:25:31.91   GameInfo::ResetInfo - SyncLevel set to 0 on reset
21:25:31.91   GameInfo::ResetInfo - SyncLevel set to 0 on reset
21:25:31.91   GameInfo::ResetInfo - SyncLevel set to 0 on reset
21:25:31.92   GameInfo::ResetInfo - SyncLevel set to 0 on reset
21:25:31.92   GameInfo::ResetInfo - SyncLevel set to 0 on reset
21:25:31.92   GameInfo::ResetInfo - SyncLevel set to 0 on reset
21:25:31.92   GameInfo::ResetInfo - SyncLevel set to 0 on reset
21:25:31.92   GameInfo::ResetInfo - SyncLevel set to 0 on reset
21:25:31.92   GameInfo::ResetInfo - SyncLevel set to 0 on reset
21:25:31.93   GameInfo::ResetInfo - SyncLevel set to 0 on reset
21:25:31.93   GameInfo::ResetInfo - SyncLevel set to 0 on reset
21:25:31.93   GameInfo::ResetInfo - SyncLevel set to 0 on reset
21:25:31.93   GameInfo::ResetInfo - SyncLevel set to 0 on reset
21:25:31.93   GameInfo::ResetInfo - SyncLevel set to 0 on reset
21:25:31.93   GameInfo::ResetInfo - SyncLevel set to 0 on reset
21:25:31.93   GameInfo::ResetInfo - SyncLevel set to 0 on reset
21:25:31.93   GameInfo::ResetInfo - SyncLevel set to 0 on reset
21:25:31.93   GameInfo::ResetInfo - SyncLevel set to 0 on reset
21:25:31.94   GameInfo::ResetInfo - SyncLevel set to 0 on reset
21:25:31.94   GameInfo::ResetInfo - SyncLevel set to 0 on reset
21:25:31.94   GameInfo::ResetInfo - SyncLevel set to 0 on reset
21:25:31.94   GameInfo::ResetInfo - SyncLevel set to 0 on reset
21:25:31.94   GameInfo::ResetInfo - SyncLevel set to 0 on reset
21:25:31.94   GameInfo::ResetInfo - SyncLevel set to 0 on reset
21:25:31.94   GameInfo::ResetInfo - SyncLevel set to 0 on reset
21:25:31.95   GameInfo::ResetInfo - SyncLevel set to 0 on reset
21:25:31.95   GameInfo::ResetInfo - SyncLevel set to 0 on reset
21:25:31.95   GameInfo::ResetInfo - SyncLevel set to 0 on reset
21:25:31.95   GameInfo::ResetInfo - SyncLevel set to 0 on reset
21:25:31.95   GameInfo::ResetInfo - SyncLevel set to 0 on reset
21:25:31.95   GameInfo::ResetInfo - SyncLevel set to 0 on reset
21:25:31.95   GameInfo::ResetInfo - SyncLevel set to 0 on reset
21:25:31.95   GameInfo::ResetInfo - SyncLevel set to 0 on reset
21:25:31.96   GameInfo::ResetInfo - SyncLevel set to 0 on reset
21:25:31.96   GameInfo::ResetInfo - SyncLevel set to 0 on reset
21:25:31.96   GameInfo::ResetInfo - SyncLevel set to 0 on reset
21:25:31.96   GameInfo::ResetInfo - SyncLevel set to 0 on reset
21:25:31.96   GameInfo::ResetInfo - SyncLevel set to 0 on reset
21:25:31.96   GameInfo::ResetInfo - SyncLevel set to 0 on reset
21:25:31.97   GameInfo::ResetInfo - SyncLevel set to 0 on reset
21:25:31.97   GameInfo::ResetInfo - SyncLevel set to 0 on reset
21:25:31.97   GameInfo::ResetInfo - SyncLevel set to 0 on reset
21:25:31.97   GameInfo::ResetInfo - SyncLevel set to 0 on reset
21:25:31.97   GameInfo::ResetInfo - SyncLevel set to 0 on reset
21:25:31.97   GameInfo::ResetInfo - SyncLevel set to 0 on reset
21:25:31.97   GameInfo::ResetInfo - SyncLevel set to 0 on reset
21:25:31.97   GameInfo::ResetInfo - SyncLevel set to 0 on reset
21:25:31.97   GameInfo::ResetInfo - SyncLevel set to 0 on reset
21:25:31.98   GameInfo::ResetInfo - SyncLevel set to 0 on reset
21:25:31.98   GameInfo::ResetInfo - SyncLevel set to 0 on reset
21:25:31.98   GameInfo::ResetInfo - SyncLevel set to 0 on reset
21:25:31.98   GameInfo::ResetInfo - SyncLevel set to 0 on reset
21:25:33.42   Activating screen: OnlineSelectGame
21:25:33.42   Activating screen: RelicOnlineTabs
21:25:33.47   GameInfo::ResetInfo - SyncLevel set to 0 on reset
21:25:33.47   GameInfo::ResetInfo - SyncLevel set to 0 on reset
21:25:33.47   GameInfo::ResetInfo - SyncLevel set to 0 on reset
21:25:33.47   GameInfo::ResetInfo - SyncLevel set to 0 on reset
21:25:33.47   GameInfo::ResetInfo - SyncLevel set to 0 on reset
21:25:33.47   GameInfo::ResetInfo - SyncLevel set to 0 on reset
21:25:33.47   GameInfo::ResetInfo - SyncLevel set to 0 on reset
21:25:33.47   GameInfo::ResetInfo - SyncLevel set to 0 on reset
21:25:33.47   GameInfo::ResetInfo - SyncLevel set to 0 on reset
21:25:33.47   GameInfo::ResetInfo - SyncLevel set to 0 on reset
21:25:33.47   GameInfo::ResetInfo - SyncLevel set to 0 on reset
21:25:33.47   GameInfo::ResetInfo - SyncLevel set to 0 on reset
21:25:33.47   GameInfo::ResetInfo - SyncLevel set to 0 on reset
21:25:33.47   GameInfo::ResetInfo - SyncLevel set to 0 on reset
21:25:33.47   GameInfo::ResetInfo - SyncLevel set to 0 on reset
21:25:33.47   GameInfo::ResetInfo - SyncLevel set to 0 on reset
21:25:33.47   GameInfo::ResetInfo - SyncLevel set to 0 on reset
21:25:33.47   GameInfo::ResetInfo - SyncLevel set to 0 on reset
21:25:33.47   GameInfo::ResetInfo - SyncLevel set to 0 on reset
21:25:33.47   GameInfo::ResetInfo - SyncLevel set to 0 on reset
21:25:33.47   GameInfo::ResetInfo - SyncLevel set to 0 on reset
21:25:33.47   GameInfo::ResetInfo - SyncLevel set to 0 on reset
21:25:33.47   GameInfo::ResetInfo - SyncLevel set to 0 on reset
21:25:33.47   GameInfo::ResetInfo - SyncLevel set to 0 on reset
21:25:33.47   GameInfo::ResetInfo - SyncLevel set to 0 on reset
21:25:33.47   GameInfo::ResetInfo - SyncLevel set to 0 on reset
21:25:33.47   GameInfo::ResetInfo - SyncLevel set to 0 on reset
21:25:33.47   GameInfo::ResetInfo - SyncLevel set to 0 on reset
21:25:33.47   GameInfo::ResetInfo - SyncLevel set to 0 on reset
21:25:33.48   GameInfo::ResetInfo - SyncLevel set to 0 on reset
21:25:33.48   GameInfo::ResetInfo - SyncLevel set to 0 on reset
21:25:33.48   GameInfo::ResetInfo - SyncLevel set to 0 on reset
21:25:33.48   GameInfo::ResetInfo - SyncLevel set to 0 on reset
21:25:33.48   GameInfo::ResetInfo - SyncLevel set to 0 on reset
21:25:33.48   GameInfo::ResetInfo - SyncLevel set to 0 on reset
21:25:33.48   GameInfo::ResetInfo - SyncLevel set to 0 on reset
21:25:33.48   GameInfo::ResetInfo - SyncLevel set to 0 on reset
21:25:33.48   GameInfo::ResetInfo - SyncLevel set to 0 on reset
21:25:33.48   GameInfo::ResetInfo - SyncLevel set to 0 on reset
21:25:33.48   GameInfo::ResetInfo - SyncLevel set to 0 on reset
21:25:33.48   GameInfo::ResetInfo - SyncLevel set to 0 on reset
21:25:33.48   GameInfo::ResetInfo - SyncLevel set to 0 on reset
21:25:33.48   GameInfo::ResetInfo - SyncLevel set to 0 on reset
21:25:33.48   GameInfo::ResetInfo - SyncLevel set to 0 on reset
21:25:33.48   GameInfo::ResetInfo - SyncLevel set to 0 on reset
21:25:33.48   GameInfo::ResetInfo - SyncLevel set to 0 on reset
21:25:33.48   GameInfo::ResetInfo - SyncLevel set to 0 on reset
21:25:33.48   GameInfo::ResetInfo - SyncLevel set to 0 on reset
21:25:33.48   GameInfo::ResetInfo - SyncLevel set to 0 on reset
21:25:33.48   GameInfo::ResetInfo - SyncLevel set to 0 on reset
21:25:33.48   GameInfo::ResetInfo - SyncLevel set to 0 on reset
21:25:33.48   GameInfo::ResetInfo - SyncLevel set to 0 on reset
21:25:33.48   GameInfo::ResetInfo - SyncLevel set to 0 on reset
21:25:33.49   GameInfo::ResetInfo - SyncLevel set to 0 on reset
21:25:33.49   GameInfo::ResetInfo - SyncLevel set to 0 on reset
21:25:33.49   GameInfo::ResetInfo - SyncLevel set to 0 on reset
21:25:33.49   GameInfo::ResetInfo - SyncLevel set to 0 on reset
21:25:33.49   GameInfo::ResetInfo - SyncLevel set to 0 on reset
21:25:33.49   GameInfo::ResetInfo - SyncLevel set to 0 on reset
21:25:33.49   GameInfo::ResetInfo - SyncLevel set to 0 on reset
21:25:33.49   GameInfo::ResetInfo - SyncLevel set to 0 on reset
21:25:33.49   GameInfo::ResetInfo - SyncLevel set to 0 on reset
21:25:33.49   GameInfo::ResetInfo - SyncLevel set to 0 on reset
21:25:33.49   GameInfo::ResetInfo - SyncLevel set to 0 on reset
21:25:33.49   GameInfo::ResetInfo - SyncLevel set to 0 on reset
21:25:33.49   GameInfo::ResetInfo - SyncLevel set to 0 on reset
21:25:33.49   GameInfo::ResetInfo - SyncLevel set to 0 on reset
21:25:33.49   GameInfo::ResetInfo - SyncLevel set to 0 on reset
21:25:33.49   GameInfo::ResetInfo - SyncLevel set to 0 on reset
21:25:33.49   GameInfo::ResetInfo - SyncLevel set to 0 on reset
21:25:33.49   GameInfo::ResetInfo - SyncLevel set to 0 on reset
21:25:33.49   GameInfo::ResetInfo - SyncLevel set to 0 on reset
21:25:33.49   GameInfo::ResetInfo - SyncLevel set to 0 on reset
21:25:33.49   GameInfo::ResetInfo - SyncLevel set to 0 on reset
21:25:33.49   GameInfo::ResetInfo - SyncLevel set to 0 on reset
21:25:33.49   GameInfo::ResetInfo - SyncLevel set to 0 on reset
21:25:33.49   GameInfo::ResetInfo - SyncLevel set to 0 on reset
21:25:33.49   GameInfo::ResetInfo - SyncLevel set to 0 on reset
21:25:33.49   GameInfo::ResetInfo - SyncLevel set to 0 on reset
21:25:33.49   GameInfo::ResetInfo - SyncLevel set to 0 on reset
21:25:33.50   GameInfo::ResetInfo - SyncLevel set to 0 on reset
21:25:33.50   GameInfo::ResetInfo - SyncLevel set to 0 on reset
21:25:33.50   GameInfo::ResetInfo - SyncLevel set to 0 on reset
21:25:33.50   GameInfo::ResetInfo - SyncLevel set to 0 on reset
21:25:33.50   GameInfo::ResetInfo - SyncLevel set to 0 on reset
21:25:33.50   GameInfo::ResetInfo - SyncLevel set to 0 on reset
21:25:33.50   GameInfo::ResetInfo - SyncLevel set to 0 on reset
21:25:33.50   GameInfo::ResetInfo - SyncLevel set to 0 on reset
21:25:33.50   GameInfo::ResetInfo - SyncLevel set to 0 on reset
21:25:33.50   GameInfo::ResetInfo - SyncLevel set to 0 on reset
21:25:33.50   GameInfo::ResetInfo - SyncLevel set to 0 on reset
21:25:33.50   GameInfo::ResetInfo - SyncLevel set to 0 on reset
21:25:33.50   GameInfo::ResetInfo - SyncLevel set to 0 on reset
21:25:33.50   GameInfo::ResetInfo - SyncLevel set to 0 on reset
21:25:33.50   GameInfo::ResetInfo - SyncLevel set to 0 on reset
21:25:33.50   GameInfo::ResetInfo - SyncLevel set to 0 on reset
21:25:33.50   GameInfo::ResetInfo - SyncLevel set to 0 on reset
21:25:33.50   GameInfo::ResetInfo - SyncLevel set to 0 on reset
21:25:33.50   GameInfo::ResetInfo - SyncLevel set to 0 on reset
21:25:33.50   GameInfo::ResetInfo - SyncLevel set to 0 on reset
21:25:33.50   GameInfo::ResetInfo - SyncLevel set to 0 on reset
21:25:33.50   GameInfo::ResetInfo - SyncLevel set to 0 on reset
21:25:33.50   GameInfo::ResetInfo - SyncLevel set to 0 on reset
21:25:33.50   GameInfo::ResetInfo - SyncLevel set to 0 on reset
21:25:33.50   GameInfo::ResetInfo - SyncLevel set to 0 on reset
21:25:33.50   GameInfo::ResetInfo - SyncLevel set to 0 on reset
21:25:33.50   GameInfo::ResetInfo - SyncLevel set to 0 on reset
21:25:33.50   GameInfo::ResetInfo - SyncLevel set to 0 on reset
21:25:33.50   GameInfo::ResetInfo - SyncLevel set to 0 on reset
21:25:33.50   GameInfo::ResetInfo - SyncLevel set to 0 on reset
21:25:33.50   GameInfo::ResetInfo - SyncLevel set to 0 on reset
21:25:33.51   GameInfo::ResetInfo - SyncLevel set to 0 on reset
21:25:33.51   GameInfo::ResetInfo - SyncLevel set to 0 on reset
21:25:33.51   GameInfo::ResetInfo - SyncLevel set to 0 on reset
21:25:33.51   GameInfo::ResetInfo - SyncLevel set to 0 on reset
21:25:33.51   GameInfo::ResetInfo - SyncLevel set to 0 on reset
21:25:33.51   GameInfo::ResetInfo - SyncLevel set to 0 on reset
21:25:33.51   GameInfo::ResetInfo - SyncLevel set to 0 on reset
21:25:33.51   GameInfo::ResetInfo - SyncLevel set to 0 on reset
21:25:33.51   GameInfo::ResetInfo - SyncLevel set to 0 on reset
21:25:33.51   GameInfo::ResetInfo - SyncLevel set to 0 on reset
21:25:33.51   GameInfo::ResetInfo - SyncLevel set to 0 on reset
21:25:33.51   GameInfo::ResetInfo - SyncLevel set to 0 on reset
21:25:33.51   GameInfo::ResetInfo - SyncLevel set to 0 on reset
21:25:33.51   GameInfo::ResetInfo - SyncLevel set to 0 on reset
21:25:33.51   GameInfo::ResetInfo - SyncLevel set to 0 on reset
21:25:33.51   GameInfo::ResetInfo - SyncLevel set to 0 on reset
21:25:33.51   GameInfo::ResetInfo - SyncLevel set to 0 on reset
21:25:33.51   GameInfo::ResetInfo - SyncLevel set to 0 on reset
21:25:33.51   GameInfo::ResetInfo - SyncLevel set to 0 on reset
21:25:33.51   GameInfo::ResetInfo - SyncLevel set to 0 on reset
21:25:33.51   GameInfo::ResetInfo - SyncLevel set to 0 on reset
21:25:33.51   GameInfo::ResetInfo - SyncLevel set to 0 on reset
21:25:33.52   GameInfo::ResetInfo - SyncLevel set to 0 on reset
21:25:33.52   GameInfo::ResetInfo - SyncLevel set to 0 on reset
21:25:33.52   GameInfo::ResetInfo - SyncLevel set to 0 on reset
21:25:33.52   GameInfo::ResetInfo - SyncLevel set to 0 on reset
21:25:33.52   GameInfo::ResetInfo - SyncLevel set to 0 on reset
21:25:33.52   GameInfo::ResetInfo - SyncLevel set to 0 on reset
21:25:33.52   GameInfo::ResetInfo - SyncLevel set to 0 on reset
21:25:33.52   GameInfo::ResetInfo - SyncLevel set to 0 on reset
21:25:33.52   GameInfo::ResetInfo - SyncLevel set to 0 on reset
21:25:33.52   GameInfo::ResetInfo - SyncLevel set to 0 on reset
21:25:33.52   GameInfo::ResetInfo - SyncLevel set to 0 on reset
21:25:33.52   GameInfo::ResetInfo - SyncLevel set to 0 on reset
21:25:33.52   GameInfo::ResetInfo - SyncLevel set to 0 on reset
21:25:33.52   GameInfo::ResetInfo - SyncLevel set to 0 on reset
21:25:33.52   GameInfo::ResetInfo - SyncLevel set to 0 on reset
21:25:33.52   GameInfo::ResetInfo - SyncLevel set to 0 on reset
21:25:33.52   GameInfo::ResetInfo - SyncLevel set to 0 on reset
21:25:33.52   GameInfo::ResetInfo - SyncLevel set to 0 on reset
21:25:33.52   GameInfo::ResetInfo - SyncLevel set to 0 on reset
21:25:33.52   GameInfo::ResetInfo - SyncLevel set to 0 on reset
21:25:33.52   GameInfo::ResetInfo - SyncLevel set to 0 on reset
21:25:33.52   GameInfo::ResetInfo - SyncLevel set to 0 on reset
21:25:33.52   GameInfo::ResetInfo - SyncLevel set to 0 on reset
21:25:33.52   GameInfo::ResetInfo - SyncLevel set to 0 on reset
21:25:33.52   GameInfo::ResetInfo - SyncLevel set to 0 on reset
21:25:33.52   GameInfo::ResetInfo - SyncLevel set to 0 on reset
21:25:33.52   GameInfo::ResetInfo - SyncLevel set to 0 on reset
21:25:33.52   GameInfo::ResetInfo - SyncLevel set to 0 on reset
21:25:33.52   GameInfo::ResetInfo - SyncLevel set to 0 on reset
21:25:33.53   GameInfo::ResetInfo - SyncLevel set to 0 on reset
21:25:33.53   GameInfo::ResetInfo - SyncLevel set to 0 on reset
21:25:33.53   GameInfo::ResetInfo - SyncLevel set to 0 on reset
21:25:33.53   GameInfo::ResetInfo - SyncLevel set to 0 on reset
21:25:33.53   GameInfo::ResetInfo - SyncLevel set to 0 on reset
21:25:33.53   GameInfo::ResetInfo - SyncLevel set to 0 on reset
21:25:33.53   GameInfo::ResetInfo - SyncLevel set to 0 on reset
21:25:33.53   GameInfo::ResetInfo - SyncLevel set to 0 on reset
21:25:33.53   GameInfo::ResetInfo - SyncLevel set to 0 on reset
21:25:33.53   GameInfo::ResetInfo - SyncLevel set to 0 on reset
21:25:33.53   GameInfo::ResetInfo - SyncLevel set to 0 on reset
21:25:33.53   GameInfo::ResetInfo - SyncLevel set to 0 on reset
21:25:33.53   GameInfo::ResetInfo - SyncLevel set to 0 on reset
21:25:33.53   GameInfo::ResetInfo - SyncLevel set to 0 on reset
21:25:33.53   GameInfo::ResetInfo - SyncLevel set to 0 on reset
21:25:33.53   GameInfo::ResetInfo - SyncLevel set to 0 on reset
21:25:33.53   GameInfo::ResetInfo - SyncLevel set to 0 on reset
21:25:33.53   GameInfo::ResetInfo - SyncLevel set to 0 on reset
21:25:33.53   GameInfo::ResetInfo - SyncLevel set to 0 on reset
21:25:33.53   GameInfo::ResetInfo - SyncLevel set to 0 on reset
21:25:33.53   GameInfo::ResetInfo - SyncLevel set to 0 on reset
21:25:33.53   GameInfo::ResetInfo - SyncLevel set to 0 on reset
21:25:33.53   GameInfo::ResetInfo - SyncLevel set to 0 on reset
21:25:33.53   GameInfo::ResetInfo - SyncLevel set to 0 on reset
21:25:33.53   GameInfo::ResetInfo - SyncLevel set to 0 on reset
21:25:33.53   GameInfo::ResetInfo - SyncLevel set to 0 on reset
21:25:33.53   GameInfo::ResetInfo - SyncLevel set to 0 on reset
21:25:33.54   GameInfo::ResetInfo - SyncLevel set to 0 on reset
21:25:33.54   GameInfo::ResetInfo - SyncLevel set to 0 on reset
21:25:33.54   GameInfo::ResetInfo - SyncLevel set to 0 on reset
21:25:33.54   GameInfo::ResetInfo - SyncLevel set to 0 on reset
21:25:33.54   GameInfo::ResetInfo - SyncLevel set to 0 on reset
21:25:33.54   GameInfo::ResetInfo - SyncLevel set to 0 on reset
21:25:33.54   GameInfo::ResetInfo - SyncLevel set to 0 on reset
21:25:33.54   GameInfo::ResetInfo - SyncLevel set to 0 on reset
21:25:33.54   GameInfo::ResetInfo - SyncLevel set to 0 on reset
21:25:33.54   GameInfo::ResetInfo - SyncLevel set to 0 on reset
21:25:33.54   GameInfo::ResetInfo - SyncLevel set to 0 on reset
21:25:33.54   GameInfo::ResetInfo - SyncLevel set to 0 on reset
21:25:33.54   GameInfo::ResetInfo - SyncLevel set to 0 on reset
21:25:33.54   GameInfo::ResetInfo - SyncLevel set to 0 on reset
21:25:33.54   GameInfo::ResetInfo - SyncLevel set to 0 on reset
21:25:33.54   GameInfo::ResetInfo - SyncLevel set to 0 on reset
21:25:33.54   GameInfo::ResetInfo - SyncLevel set to 0 on reset
21:25:33.54   GameInfo::ResetInfo - SyncLevel set to 0 on reset
21:25:33.54   GameInfo::ResetInfo - SyncLevel set to 0 on reset
21:25:33.54   GameInfo::ResetInfo - SyncLevel set to 0 on reset
21:25:33.54   GameInfo::ResetInfo - SyncLevel set to 0 on reset
21:25:33.54   GameInfo::ResetInfo - SyncLevel set to 0 on reset
21:25:33.54   GameInfo::ResetInfo - SyncLevel set to 0 on reset
21:25:33.54   GameInfo::ResetInfo - SyncLevel set to 0 on reset
21:25:33.54   GameInfo::ResetInfo - SyncLevel set to 0 on reset
21:25:33.54   GameInfo::ResetInfo - SyncLevel set to 0 on reset
21:25:33.54   GameInfo::ResetInfo - SyncLevel set to 0 on reset
21:25:33.54   GameInfo::ResetInfo - SyncLevel set to 0 on reset
21:25:33.54   GameInfo::ResetInfo - SyncLevel set to 0 on reset
21:25:33.54   GameInfo::ResetInfo - SyncLevel set to 0 on reset
21:25:33.55   GameInfo::ResetInfo - SyncLevel set to 0 on reset
21:25:33.55   GameInfo::ResetInfo - SyncLevel set to 0 on reset
21:25:33.55   GameInfo::ResetInfo - SyncLevel set to 0 on reset
21:25:33.55   GameInfo::ResetInfo - SyncLevel set to 0 on reset
21:25:33.55   GameInfo::ResetInfo - SyncLevel set to 0 on reset
21:25:33.55   GameInfo::ResetInfo - SyncLevel set to 0 on reset
21:25:33.55   GameInfo::ResetInfo - SyncLevel set to 0 on reset
21:25:33.55   GameInfo::ResetInfo - SyncLevel set to 0 on reset
21:25:33.55   GameInfo::ResetInfo - SyncLevel set to 0 on reset
21:25:33.55   GameInfo::ResetInfo - SyncLevel set to 0 on reset
21:25:33.55   GameInfo::ResetInfo - SyncLevel set to 0 on reset
21:25:33.55   GameInfo::ResetInfo - SyncLevel set to 0 on reset
21:25:33.55   GameInfo::ResetInfo - SyncLevel set to 0 on reset
21:25:33.55   GameInfo::ResetInfo - SyncLevel set to 0 on reset
21:25:33.55   GameInfo::ResetInfo - SyncLevel set to 0 on reset
21:25:33.55   GameInfo::ResetInfo - SyncLevel set to 0 on reset
21:25:33.55   GameInfo::ResetInfo - SyncLevel set to 0 on reset
21:25:33.55   GameInfo::ResetInfo - SyncLevel set to 0 on reset
21:25:33.55   GameInfo::ResetInfo - SyncLevel set to 0 on reset
21:25:33.55   GameInfo::ResetInfo - SyncLevel set to 0 on reset
21:25:33.55   GameInfo::ResetInfo - SyncLevel set to 0 on reset
21:25:33.55   GameInfo::ResetInfo - SyncLevel set to 0 on reset
21:25:33.55   GameInfo::ResetInfo - SyncLevel set to 0 on reset
21:25:33.55   GameInfo::ResetInfo - SyncLevel set to 0 on reset
21:25:33.56   GameInfo::ResetInfo - SyncLevel set to 0 on reset
21:25:33.56   GameInfo::ResetInfo - SyncLevel set to 0 on reset
21:25:33.56   GameInfo::ResetInfo - SyncLevel set to 0 on reset
21:25:33.56   GameInfo::ResetInfo - SyncLevel set to 0 on reset
21:25:33.56   GameInfo::ResetInfo - SyncLevel set to 0 on reset
21:25:33.56   GameInfo::ResetInfo - SyncLevel set to 0 on reset
21:25:33.56   GameInfo::ResetInfo - SyncLevel set to 0 on reset
21:25:33.56   GameInfo::ResetInfo - SyncLevel set to 0 on reset
21:25:33.56   GameInfo::ResetInfo - SyncLevel set to 0 on reset
21:25:33.56   GameInfo::ResetInfo - SyncLevel set to 0 on reset
21:25:33.56   GameInfo::ResetInfo - SyncLevel set to 0 on reset
21:25:33.56   GameInfo::ResetInfo - SyncLevel set to 0 on reset
21:25:33.56   GameInfo::ResetInfo - SyncLevel set to 0 on reset
21:25:33.56   GameInfo::ResetInfo - SyncLevel set to 0 on reset
21:25:33.56   GameInfo::ResetInfo - SyncLevel set to 0 on reset
21:25:33.56   GameInfo::ResetInfo - SyncLevel set to 0 on reset
21:25:33.56   GameInfo::ResetInfo - SyncLevel set to 0 on reset
21:25:33.56   GameInfo::ResetInfo - SyncLevel set to 0 on reset
21:25:33.56   GameInfo::ResetInfo - SyncLevel set to 0 on reset
21:25:33.56   GameInfo::ResetInfo - SyncLevel set to 0 on reset
21:25:33.56   GameInfo::ResetInfo - SyncLevel set to 0 on reset
21:25:33.56   GameInfo::ResetInfo - SyncLevel set to 0 on reset
21:25:33.56   GameInfo::ResetInfo - SyncLevel set to 0 on reset
21:25:33.56   GameInfo::ResetInfo - SyncLevel set to 0 on reset
21:25:33.56   GameInfo::ResetInfo - SyncLevel set to 0 on reset
21:25:33.56   GameInfo::ResetInfo - SyncLevel set to 0 on reset
21:25:33.56   GameInfo::ResetInfo - SyncLevel set to 0 on reset
21:25:33.57   GameInfo::ResetInfo - SyncLevel set to 0 on reset
21:25:33.57   GameInfo::ResetInfo - SyncLevel set to 0 on reset
21:25:33.57   GameInfo::ResetInfo - SyncLevel set to 0 on reset
21:25:33.57   GameInfo::ResetInfo - SyncLevel set to 0 on reset
21:25:33.57   GameInfo::ResetInfo - SyncLevel set to 0 on reset
21:25:33.57   GameInfo::ResetInfo - SyncLevel set to 0 on reset
21:25:33.57   GameInfo::ResetInfo - SyncLevel set to 0 on reset
21:25:33.57   GameInfo::ResetInfo - SyncLevel set to 0 on reset
21:25:33.57   GameInfo::ResetInfo - SyncLevel set to 0 on reset
21:25:33.57   GameInfo::ResetInfo - SyncLevel set to 0 on reset
21:25:33.57   GameInfo::ResetInfo - SyncLevel set to 0 on reset
21:25:33.57   GameInfo::ResetInfo - SyncLevel set to 0 on reset
21:25:33.57   GameInfo::ResetInfo - SyncLevel set to 0 on reset
21:25:33.57   GameInfo::ResetInfo - SyncLevel set to 0 on reset
21:25:33.57   GameInfo::ResetInfo - SyncLevel set to 0 on reset
21:25:33.57   GameInfo::ResetInfo - SyncLevel set to 0 on reset
21:25:33.57   GameInfo::ResetInfo - SyncLevel set to 0 on reset
21:25:33.57   GameInfo::ResetInfo - SyncLevel set to 0 on reset
21:25:33.57   GameInfo::ResetInfo - SyncLevel set to 0 on reset
21:25:33.57   GameInfo::ResetInfo - SyncLevel set to 0 on reset
21:25:33.57   GameInfo::ResetInfo - SyncLevel set to 0 on reset
21:25:33.57   GameInfo::ResetInfo - SyncLevel set to 0 on reset
21:25:33.57   GameInfo::ResetInfo - SyncLevel set to 0 on reset
21:25:33.57   GameInfo::ResetInfo - SyncLevel set to 0 on reset
21:25:33.57   GameInfo::ResetInfo - SyncLevel set to 0 on reset
21:25:33.57   GameInfo::ResetInfo - SyncLevel set to 0 on reset
21:25:33.57   GameInfo::ResetInfo - SyncLevel set to 0 on reset
21:25:33.57   GameInfo::ResetInfo - SyncLevel set to 0 on reset
21:25:33.57   GameInfo::ResetInfo - SyncLevel set to 0 on reset
21:25:33.58   GameInfo::ResetInfo - SyncLevel set to 0 on reset
21:25:33.58   GameInfo::ResetInfo - SyncLevel set to 0 on reset
21:25:33.58   GameInfo::ResetInfo - SyncLevel set to 0 on reset
21:25:33.58   GameInfo::ResetInfo - SyncLevel set to 0 on reset
21:25:33.58   GameInfo::ResetInfo - SyncLevel set to 0 on reset
21:25:33.58   GameInfo::ResetInfo - SyncLevel set to 0 on reset
21:25:33.58   GameInfo::ResetInfo - SyncLevel set to 0 on reset
21:25:33.58   GameInfo::ResetInfo - SyncLevel set to 0 on reset
21:25:33.58   GameInfo::ResetInfo - SyncLevel set to 0 on reset
21:25:33.58   GameInfo::ResetInfo - SyncLevel set to 0 on reset
21:25:33.58   GameInfo::ResetInfo - SyncLevel set to 0 on reset
21:25:33.58   GameInfo::ResetInfo - SyncLevel set to 0 on reset
21:25:33.58   GameInfo::ResetInfo - SyncLevel set to 0 on reset
21:25:33.58   GameInfo::ResetInfo - SyncLevel set to 0 on reset
21:25:33.58   GameInfo::ResetInfo - SyncLevel set to 0 on reset
21:25:33.58   GameInfo::ResetInfo - SyncLevel set to 0 on reset
21:25:33.58   GameInfo::ResetInfo - SyncLevel set to 0 on reset
21:25:33.58   GameInfo::ResetInfo - SyncLevel set to 0 on reset
21:25:33.58   GameInfo::ResetInfo - SyncLevel set to 0 on reset
21:25:33.58   GameInfo::ResetInfo - SyncLevel set to 0 on reset
21:25:33.58   GameInfo::ResetInfo - SyncLevel set to 0 on reset
21:25:33.58   GameInfo::ResetInfo - SyncLevel set to 0 on reset
21:25:33.58   GameInfo::ResetInfo - SyncLevel set to 0 on reset
21:25:33.58   GameInfo::ResetInfo - SyncLevel set to 0 on reset
21:25:33.58   GameInfo::ResetInfo - SyncLevel set to 0 on reset
21:25:33.59   GameInfo::ResetInfo - SyncLevel set to 0 on reset
21:25:33.59   GameInfo::ResetInfo - SyncLevel set to 0 on reset
21:25:33.59   GameInfo::ResetInfo - SyncLevel set to 0 on reset
21:25:33.59   GameInfo::ResetInfo - SyncLevel set to 0 on reset
21:25:33.59   GameInfo::ResetInfo - SyncLevel set to 0 on reset
21:25:33.59   GameInfo::ResetInfo - SyncLevel set to 0 on reset
21:25:33.59   GameInfo::ResetInfo - SyncLevel set to 0 on reset
21:25:33.59   GameInfo::ResetInfo - SyncLevel set to 0 on reset
21:25:33.59   GameInfo::ResetInfo - SyncLevel set to 0 on reset
21:25:33.59   GameInfo::ResetInfo - SyncLevel set to 0 on reset
21:25:33.59   GameInfo::ResetInfo - SyncLevel set to 0 on reset
21:25:33.59   GameInfo::ResetInfo - SyncLevel set to 0 on reset
21:25:33.59   GameInfo::ResetInfo - SyncLevel set to 0 on reset
21:25:33.59   GameInfo::ResetInfo - SyncLevel set to 0 on reset
21:25:33.59   GameInfo::ResetInfo - SyncLevel set to 0 on reset
21:25:33.59   GameInfo::ResetInfo - SyncLevel set to 0 on reset
21:25:33.59   GameInfo::ResetInfo - SyncLevel set to 0 on reset
21:25:33.59   GameInfo::ResetInfo - SyncLevel set to 0 on reset
21:25:33.59   GameInfo::ResetInfo - SyncLevel set to 0 on reset
21:25:33.59   GameInfo::ResetInfo - SyncLevel set to 0 on reset
21:25:33.59   GameInfo::ResetInfo - SyncLevel set to 0 on reset
21:25:33.59   GameInfo::ResetInfo - SyncLevel set to 0 on reset
21:25:33.59   GameInfo::ResetInfo - SyncLevel set to 0 on reset
21:25:33.59   GameInfo::ResetInfo - SyncLevel set to 0 on reset
21:25:33.59   GameInfo::ResetInfo - SyncLevel set to 0 on reset
21:25:33.59   GameInfo::ResetInfo - SyncLevel set to 0 on reset
21:25:33.60   GameInfo::ResetInfo - SyncLevel set to 0 on reset
21:25:33.60   GameInfo::ResetInfo - SyncLevel set to 0 on reset
21:25:33.60   GameInfo::ResetInfo - SyncLevel set to 0 on reset
21:25:33.60   GameInfo::ResetInfo - SyncLevel set to 0 on reset
21:25:33.60   GameInfo::ResetInfo - SyncLevel set to 0 on reset
21:25:33.60   GameInfo::ResetInfo - SyncLevel set to 0 on reset
21:25:33.60   GameInfo::ResetInfo - SyncLevel set to 0 on reset
21:25:33.60   GameInfo::ResetInfo - SyncLevel set to 0 on reset
21:25:33.60   GameInfo::ResetInfo - SyncLevel set to 0 on reset
21:25:33.60   GameInfo::ResetInfo - SyncLevel set to 0 on reset
21:25:33.60   GameInfo::ResetInfo - SyncLevel set to 0 on reset
21:25:33.60   GameInfo::ResetInfo - SyncLevel set to 0 on reset
21:25:33.60   GameInfo::ResetInfo - SyncLevel set to 0 on reset
21:25:33.60   GameInfo::ResetInfo - SyncLevel set to 0 on reset
21:25:33.60   GameInfo::ResetInfo - SyncLevel set to 0 on reset
21:25:33.60   GameInfo::ResetInfo - SyncLevel set to 0 on reset
21:25:33.60   GameInfo::ResetInfo - SyncLevel set to 0 on reset
21:25:33.60   GameInfo::ResetInfo - SyncLevel set to 0 on reset
21:25:33.60   GameInfo::ResetInfo - SyncLevel set to 0 on reset
21:25:33.60   GameInfo::ResetInfo - SyncLevel set to 0 on reset
21:25:33.60   GameInfo::ResetInfo - SyncLevel set to 0 on reset
21:25:33.60   GameInfo::ResetInfo - SyncLevel set to 0 on reset
21:25:33.60   GameInfo::ResetInfo - SyncLevel set to 0 on reset
21:25:33.60   GameInfo::ResetInfo - SyncLevel set to 0 on reset
21:25:33.60   GameInfo::ResetInfo - SyncLevel set to 0 on reset
21:25:33.60   GameInfo::ResetInfo - SyncLevel set to 0 on reset
21:25:33.60   GameInfo::ResetInfo - SyncLevel set to 0 on reset
21:25:33.60   GAME -- Error reading header for recorded game PLAYBACK:4p_rails_and_metal20110731195813__[GameReplays.org].rec
21:25:33.60   GameInfo::ResetInfo - SyncLevel set to 0 on reset
21:25:33.60   GameInfo::ResetInfo - SyncLevel set to 0 on reset
21:25:33.60   GAME -- Error reading header for recorded game PLAYBACK:4p_rails_and_metal20110801000124__[GameReplays.org].rec
21:25:33.60   GameInfo::ResetInfo - SyncLevel set to 0 on reset
21:25:33.60   GameInfo::ResetInfo - SyncLevel set to 0 on reset
21:25:33.60   GAME -- Error reading header for recorded game PLAYBACK:4p_rails_and_metal20120827200108__[GameReplays.org].rec
21:25:33.60   GameInfo::ResetInfo - SyncLevel set to 0 on reset
21:25:33.60   GameInfo::ResetInfo - SyncLevel set to 0 on reset
21:25:33.60   GameInfo::ResetInfo - SyncLevel set to 0 on reset
21:25:33.60   GameInfo::ResetInfo - SyncLevel set to 0 on reset
21:25:33.60   GameInfo::ResetInfo - SyncLevel set to 0 on reset
21:25:33.60   GameInfo::ResetInfo - SyncLevel set to 0 on reset
21:25:33.60   GameInfo::ResetInfo - SyncLevel set to 0 on reset
21:25:33.60   GameInfo::ResetInfo - SyncLevel set to 0 on reset
21:25:33.60   GameInfo::ResetInfo - SyncLevel set to 0 on reset
21:25:33.61   GameInfo::ResetInfo - SyncLevel set to 0 on reset
21:25:33.61   GameInfo::ResetInfo - SyncLevel set to 0 on reset
21:25:33.61   GameInfo::ResetInfo - SyncLevel set to 0 on reset
21:25:33.61   GameInfo::ResetInfo - SyncLevel set to 0 on reset
21:25:33.61   GameInfo::ResetInfo - SyncLevel set to 0 on reset
21:25:33.61   GameInfo::ResetInfo - SyncLevel set to 0 on reset
21:25:33.61   GameInfo::ResetInfo - SyncLevel set to 0 on reset
21:25:33.61   GameInfo::ResetInfo - SyncLevel set to 0 on reset
21:25:33.61   GameInfo::ResetInfo - SyncLevel set to 0 on reset
21:25:33.61   GameInfo::ResetInfo - SyncLevel set to 0 on reset
21:25:33.61   GameInfo::ResetInfo - SyncLevel set to 0 on reset
21:25:33.61   GameInfo::ResetInfo - SyncLevel set to 0 on reset
21:25:33.61   GameInfo::ResetInfo - SyncLevel set to 0 on reset
21:25:33.61   GameInfo::ResetInfo - SyncLevel set to 0 on reset
21:25:33.61   GameInfo::ResetInfo - SyncLevel set to 0 on reset
21:25:33.61   GameInfo::ResetInfo - SyncLevel set to 0 on reset
21:25:33.61   GameInfo::ResetInfo - SyncLevel set to 0 on reset
21:25:33.61   GameInfo::ResetInfo - SyncLevel set to 0 on reset
21:25:33.61   GameInfo::ResetInfo - SyncLevel set to 0 on reset
21:25:33.61   GameInfo::ResetInfo - SyncLevel set to 0 on reset
21:25:33.61   GameInfo::ResetInfo - SyncLevel set to 0 on reset
21:25:33.61   GameInfo::ResetInfo - SyncLevel set to 0 on reset
21:25:33.61   GameInfo::ResetInfo - SyncLevel set to 0 on reset
21:25:33.61   GameInfo::ResetInfo - SyncLevel set to 0 on reset
21:25:33.61   GameInfo::ResetInfo - SyncLevel set to 0 on reset
21:25:33.61   GameInfo::ResetInfo - SyncLevel set to 0 on reset
21:25:33.61   GameInfo::ResetInfo - SyncLevel set to 0 on reset
21:25:33.61   GameInfo::ResetInfo - SyncLevel set to 0 on reset
21:25:33.61   GameInfo::ResetInfo - SyncLevel set to 0 on reset
21:25:33.61   GameInfo::ResetInfo - SyncLevel set to 0 on reset
21:25:33.61   GameInfo::ResetInfo - SyncLevel set to 0 on reset
21:25:33.62   GameInfo::ResetInfo - SyncLevel set to 0 on reset
21:25:33.62   GameInfo::ResetInfo - SyncLevel set to 0 on reset
21:25:33.62   GameInfo::ResetInfo - SyncLevel set to 0 on reset
21:25:33.62   GameInfo::ResetInfo - SyncLevel set to 0 on reset
21:25:33.62   GameInfo::ResetInfo - SyncLevel set to 0 on reset
21:25:33.62   GameInfo::ResetInfo - SyncLevel set to 0 on reset
21:25:33.62   GameInfo::ResetInfo - SyncLevel set to 0 on reset
21:25:33.62   GameInfo::ResetInfo - SyncLevel set to 0 on reset
21:25:33.62   GameInfo::ResetInfo - SyncLevel set to 0 on reset
21:25:33.62   GameInfo::ResetInfo - SyncLevel set to 0 on reset
21:25:33.62   GameInfo::ResetInfo - SyncLevel set to 0 on reset
21:25:33.62   GameInfo::ResetInfo - SyncLevel set to 0 on reset
21:25:33.62   GameInfo::ResetInfo - SyncLevel set to 0 on reset
21:25:33.62   GameInfo::ResetInfo - SyncLevel set to 0 on reset
21:25:33.62   GameInfo::ResetInfo - SyncLevel set to 0 on reset
21:25:33.62   GameInfo::ResetInfo - SyncLevel set to 0 on reset
21:25:33.62   GameInfo::ResetInfo - SyncLevel set to 0 on reset
21:25:33.62   GameInfo::ResetInfo - SyncLevel set to 0 on reset
21:25:33.62   GameInfo::ResetInfo - SyncLevel set to 0 on reset
21:25:33.63   GameInfo::ResetInfo - SyncLevel set to 0 on reset
21:25:33.63   GameInfo::ResetInfo - SyncLevel set to 0 on reset
21:25:33.63   GameInfo::ResetInfo - SyncLevel set to 0 on reset
21:25:33.63   GameInfo::ResetInfo - SyncLevel set to 0 on reset
21:25:33.63   GameInfo::ResetInfo - SyncLevel set to 0 on reset
21:25:33.63   GameInfo::ResetInfo - SyncLevel set to 0 on reset
21:25:33.63   GameInfo::ResetInfo - SyncLevel set to 0 on reset
21:25:33.63   GameInfo::ResetInfo - SyncLevel set to 0 on reset
21:25:33.63   GameInfo::ResetInfo - SyncLevel set to 0 on reset
21:25:33.63   GameInfo::ResetInfo - SyncLevel set to 0 on reset
21:25:33.63   GameInfo::ResetInfo - SyncLevel set to 0 on reset
21:25:33.63   GameInfo::ResetInfo - SyncLevel set to 0 on reset
21:25:33.63   GameInfo::ResetInfo - SyncLevel set to 0 on reset
21:25:33.63   GameInfo::ResetInfo - SyncLevel set to 0 on reset
21:25:33.63   GameInfo::ResetInfo - SyncLevel set to 0 on reset
21:25:33.63   GameInfo::ResetInfo - SyncLevel set to 0 on reset
21:25:33.63   GameInfo::ResetInfo - SyncLevel set to 0 on reset
21:25:33.63   GameInfo::ResetInfo - SyncLevel set to 0 on reset
21:25:33.63   GameInfo::ResetInfo - SyncLevel set to 0 on reset
21:25:33.63   GameInfo::ResetInfo - SyncLevel set to 0 on reset
21:25:33.63   GameInfo::ResetInfo - SyncLevel set to 0 on reset
21:25:33.63   GameInfo::ResetInfo - SyncLevel set to 0 on reset
21:25:33.63   GameInfo::ResetInfo - SyncLevel set to 0 on reset
21:25:33.63   GameInfo::ResetInfo - SyncLevel set to 0 on reset
21:25:33.63   GameInfo::ResetInfo - SyncLevel set to 0 on reset
21:25:33.63   GameInfo::ResetInfo - SyncLevel set to 0 on reset
21:25:33.63   GameInfo::ResetInfo - SyncLevel set to 0 on reset
21:25:33.63   GameInfo::ResetInfo - SyncLevel set to 0 on reset
21:25:33.63   GameInfo::ResetInfo - SyncLevel set to 0 on reset
21:25:33.63   GameInfo::ResetInfo - SyncLevel set to 0 on reset
21:25:33.63   GameInfo::ResetInfo - SyncLevel set to 0 on reset
21:25:33.64   GameInfo::ResetInfo - SyncLevel set to 0 on reset
21:25:33.64   GameInfo::ResetInfo - SyncLevel set to 0 on reset
21:25:33.64   GameInfo::ResetInfo - SyncLevel set to 0 on reset
21:25:33.64   GameInfo::ResetInfo - SyncLevel set to 0 on reset
21:25:33.64   GameInfo::ResetInfo - SyncLevel set to 0 on reset
21:25:33.64   GameInfo::ResetInfo - SyncLevel set to 0 on reset
21:25:33.64   GameInfo::ResetInfo - SyncLevel set to 0 on reset
21:25:33.64   GameInfo::ResetInfo - SyncLevel set to 0 on reset
21:25:33.64   GameInfo::ResetInfo - SyncLevel set to 0 on reset
21:25:33.64   GameInfo::ResetInfo - SyncLevel set to 0 on reset
21:25:33.64   GameInfo::ResetInfo - SyncLevel set to 0 on reset
21:25:33.64   GameInfo::ResetInfo - SyncLevel set to 0 on reset
21:25:33.64   GameInfo::ResetInfo - SyncLevel set to 0 on reset
21:25:33.64   GameInfo::ResetInfo - SyncLevel set to 0 on reset
21:25:33.64   GameInfo::ResetInfo - SyncLevel set to 0 on reset
21:25:33.64   GameInfo::ResetInfo - SyncLevel set to 0 on reset
21:25:33.64   GameInfo::ResetInfo - SyncLevel set to 0 on reset
21:25:33.64   GameInfo::ResetInfo - SyncLevel set to 0 on reset
21:25:33.64   GameInfo::ResetInfo - SyncLevel set to 0 on reset
21:25:33.64   GameInfo::ResetInfo - SyncLevel set to 0 on reset
21:25:33.64   GameInfo::ResetInfo - SyncLevel set to 0 on reset
21:25:33.64   GameInfo::ResetInfo - SyncLevel set to 0 on reset
21:25:33.64   GameInfo::ResetInfo - SyncLevel set to 0 on reset
21:25:33.64   GameInfo::ResetInfo - SyncLevel set to 0 on reset
21:25:33.64   GameInfo::ResetInfo - SyncLevel set to 0 on reset
21:25:33.64   GameInfo::ResetInfo - SyncLevel set to 0 on reset
21:25:33.64   GameInfo::ResetInfo - SyncLevel set to 0 on reset
21:25:33.64   GameInfo::ResetInfo - SyncLevel set to 0 on reset
21:25:33.64   GameInfo::ResetInfo - SyncLevel set to 0 on reset
21:25:33.64   GameInfo::ResetInfo - SyncLevel set to 0 on reset
21:25:33.65   GameInfo::ResetInfo - SyncLevel set to 0 on reset
21:25:33.65   GameInfo::ResetInfo - SyncLevel set to 0 on reset
21:25:33.65   GameInfo::ResetInfo - SyncLevel set to 0 on reset
21:25:33.65   GameInfo::ResetInfo - SyncLevel set to 0 on reset
21:25:33.65   GameInfo::ResetInfo - SyncLevel set to 0 on reset
21:25:33.65   GameInfo::ResetInfo - SyncLevel set to 0 on reset
21:25:33.65   GameInfo::ResetInfo - SyncLevel set to 0 on reset
21:25:33.65   GameInfo::ResetInfo - SyncLevel set to 0 on reset
21:25:33.65   GAME -- Error reading header for recorded game PLAYBACK:4p_wolfheze20090305210256__[GameReplays.org].rec
21:25:33.65   GameInfo::ResetInfo - SyncLevel set to 0 on reset
21:25:33.65   GameInfo::ResetInfo - SyncLevel set to 0 on reset
21:25:33.65   GameInfo::ResetInfo - SyncLevel set to 0 on reset
21:25:33.65   GameInfo::ResetInfo - SyncLevel set to 0 on reset
21:25:33.65   GameInfo::ResetInfo - SyncLevel set to 0 on reset
21:25:33.65   GameInfo::ResetInfo - SyncLevel set to 0 on reset
21:25:33.65   GameInfo::ResetInfo - SyncLevel set to 0 on reset
21:25:33.65   GameInfo::ResetInfo - SyncLevel set to 0 on reset
21:25:33.65   GameInfo::ResetInfo - SyncLevel set to 0 on reset
21:25:33.66   GameInfo::ResetInfo - SyncLevel set to 0 on reset
21:25:33.66   GameInfo::ResetInfo - SyncLevel set to 0 on reset
21:25:33.66   GameInfo::ResetInfo - SyncLevel set to 0 on reset
21:25:33.66   GameInfo::ResetInfo - SyncLevel set to 0 on reset
21:25:33.66   GameInfo::ResetInfo - SyncLevel set to 0 on reset
21:25:33.66   GameInfo::ResetInfo - SyncLevel set to 0 on reset
21:25:33.66   GameInfo::ResetInfo - SyncLevel set to 0 on reset
21:25:33.66   GameInfo::ResetInfo - SyncLevel set to 0 on reset
21:25:33.66   GameInfo::ResetInfo - SyncLevel set to 0 on reset
21:25:33.66   GameInfo::ResetInfo - SyncLevel set to 0 on reset
21:25:33.66   GameInfo::ResetInfo - SyncLevel set to 0 on reset
21:25:33.66   GameInfo::ResetInfo - SyncLevel set to 0 on reset
21:25:33.66   GameInfo::ResetInfo - SyncLevel set to 0 on reset
21:25:33.66   GameInfo::ResetInfo - SyncLevel set to 0 on reset
21:25:33.66   GameInfo::ResetInfo - SyncLevel set to 0 on reset
21:25:33.66   GameInfo::ResetInfo - SyncLevel set to 0 on reset
21:25:33.66   GameInfo::ResetInfo - SyncLevel set to 0 on reset
21:25:33.66   GameInfo::ResetInfo - SyncLevel set to 0 on reset
21:25:33.66   GameInfo::ResetInfo - SyncLevel set to 0 on reset
21:25:33.66   GameInfo::ResetInfo - SyncLevel set to 0 on reset
21:25:33.66   GameInfo::ResetInfo - SyncLevel set to 0 on reset
21:25:33.66   GameInfo::ResetInfo - SyncLevel set to 0 on reset
21:25:33.66   GameInfo::ResetInfo - SyncLevel set to 0 on reset
21:25:33.66   GameInfo::ResetInfo - SyncLevel set to 0 on reset
21:25:33.66   GameInfo::ResetInfo - SyncLevel set to 0 on reset
21:25:33.66   GameInfo::ResetInfo - SyncLevel set to 0 on reset
21:25:33.66   GameInfo::ResetInfo - SyncLevel set to 0 on reset
21:25:33.66   GameInfo::ResetInfo - SyncLevel set to 0 on reset
21:25:33.66   GameInfo::ResetInfo - SyncLevel set to 0 on reset
21:25:33.66   GameInfo::ResetInfo - SyncLevel set to 0 on reset
21:25:33.67   GameInfo::ResetInfo - SyncLevel set to 0 on reset
21:25:33.67   GameInfo::ResetInfo - SyncLevel set to 0 on reset
21:25:33.67   GameInfo::ResetInfo - SyncLevel set to 0 on reset
21:25:33.67   GameInfo::ResetInfo - SyncLevel set to 0 on reset
21:25:33.67   GameInfo::ResetInfo - SyncLevel set to 0 on reset
21:25:33.67   GameInfo::ResetInfo - SyncLevel set to 0 on reset
21:25:33.67   GameInfo::ResetInfo - SyncLevel set to 0 on reset
21:25:33.67   GameInfo::ResetInfo - SyncLevel set to 0 on reset
21:25:33.67   GameInfo::ResetInfo - SyncLevel set to 0 on reset
21:25:33.67   GameInfo::ResetInfo - SyncLevel set to 0 on reset
21:25:33.67   GameInfo::ResetInfo - SyncLevel set to 0 on reset
21:25:33.67   GameInfo::ResetInfo - SyncLevel set to 0 on reset
21:25:33.67   GameInfo::ResetInfo - SyncLevel set to 0 on reset
21:25:33.67   GameInfo::ResetInfo - SyncLevel set to 0 on reset
21:25:33.67   GameInfo::ResetInfo - SyncLevel set to 0 on reset
21:25:33.67   GameInfo::ResetInfo - SyncLevel set to 0 on reset
21:25:33.67   GameInfo::ResetInfo - SyncLevel set to 0 on reset
21:25:33.67   GameInfo::ResetInfo - SyncLevel set to 0 on reset
21:25:33.67   GameInfo::ResetInfo - SyncLevel set to 0 on reset
21:25:33.67   GameInfo::ResetInfo - SyncLevel set to 0 on reset
21:25:33.67   GameInfo::ResetInfo - SyncLevel set to 0 on reset
21:25:33.67   GameInfo::ResetInfo - SyncLevel set to 0 on reset
21:25:33.67   GameInfo::ResetInfo - SyncLevel set to 0 on reset
21:25:33.67   GameInfo::ResetInfo - SyncLevel set to 0 on reset
21:25:33.67   GameInfo::ResetInfo - SyncLevel set to 0 on reset
21:25:33.67   GameInfo::ResetInfo - SyncLevel set to 0 on reset
21:25:33.67   GameInfo::ResetInfo - SyncLevel set to 0 on reset
21:25:33.68   GameInfo::ResetInfo - SyncLevel set to 0 on reset
21:25:33.68   GameInfo::ResetInfo - SyncLevel set to 0 on reset
21:25:33.68   GameInfo::ResetInfo - SyncLevel set to 0 on reset
21:25:33.68   GameInfo::ResetInfo - SyncLevel set to 0 on reset
21:25:33.68   GameInfo::ResetInfo - SyncLevel set to 0 on reset
21:25:33.68   GameInfo::ResetInfo - SyncLevel set to 0 on reset
21:25:33.68   GameInfo::ResetInfo - SyncLevel set to 0 on reset
21:25:33.68   GameInfo::ResetInfo - SyncLevel set to 0 on reset
21:25:33.68   GameInfo::ResetInfo - SyncLevel set to 0 on reset
21:25:33.68   GameInfo::ResetInfo - SyncLevel set to 0 on reset
21:25:33.68   GameInfo::ResetInfo - SyncLevel set to 0 on reset
21:25:33.68   GameInfo::ResetInfo - SyncLevel set to 0 on reset
21:25:33.68   GameInfo::ResetInfo - SyncLevel set to 0 on reset
21:25:33.68   GameInfo::ResetInfo - SyncLevel set to 0 on reset
21:25:33.68   GameInfo::ResetInfo - SyncLevel set to 0 on reset
21:25:33.68   GameInfo::ResetInfo - SyncLevel set to 0 on reset
21:25:33.68   GameInfo::ResetInfo - SyncLevel set to 0 on reset
21:25:33.68   GameInfo::ResetInfo - SyncLevel set to 0 on reset
21:25:33.68   GameInfo::ResetInfo - SyncLevel set to 0 on reset
21:25:33.68   GameInfo::ResetInfo - SyncLevel set to 0 on reset
21:25:33.68   GameInfo::ResetInfo - SyncLevel set to 0 on reset
21:25:33.69   GameInfo::ResetInfo - SyncLevel set to 0 on reset
21:25:33.69   GameInfo::ResetInfo - SyncLevel set to 0 on reset
21:25:33.69   GameInfo::ResetInfo - SyncLevel set to 0 on reset
21:25:33.69   GameInfo::ResetInfo - SyncLevel set to 0 on reset
21:25:33.69   GameInfo::ResetInfo - SyncLevel set to 0 on reset
21:25:33.69   GameInfo::ResetInfo - SyncLevel set to 0 on reset
21:25:33.69   GameInfo::ResetInfo - SyncLevel set to 0 on reset
21:25:33.69   GameInfo::ResetInfo - SyncLevel set to 0 on reset
21:25:33.69   GameInfo::ResetInfo - SyncLevel set to 0 on reset
21:25:33.69   GameInfo::ResetInfo - SyncLevel set to 0 on reset
21:25:33.69   GameInfo::ResetInfo - SyncLevel set to 0 on reset
21:25:33.69   GameInfo::ResetInfo - SyncLevel set to 0 on reset
21:25:33.69   GameInfo::ResetInfo - SyncLevel set to 0 on reset
21:25:33.69   GameInfo::ResetInfo - SyncLevel set to 0 on reset
21:25:33.69   GameInfo::ResetInfo - SyncLevel set to 0 on reset
21:25:33.69   GameInfo::ResetInfo - SyncLevel set to 0 on reset
21:25:33.69   GameInfo::ResetInfo - SyncLevel set to 0 on reset
21:25:33.69   GameInfo::ResetInfo - SyncLevel set to 0 on reset
21:25:33.69   GameInfo::ResetInfo - SyncLevel set to 0 on reset
21:25:33.69   GameInfo::ResetInfo - SyncLevel set to 0 on reset
21:25:33.69   GameInfo::ResetInfo - SyncLevel set to 0 on reset
21:25:33.69   GameInfo::ResetInfo - SyncLevel set to 0 on reset
21:25:33.69   GameInfo::ResetInfo - SyncLevel set to 0 on reset
21:25:33.69   GameInfo::ResetInfo - SyncLevel set to 0 on reset
21:25:33.69   GameInfo::ResetInfo - SyncLevel set to 0 on reset
21:25:33.69   GameInfo::ResetInfo - SyncLevel set to 0 on reset
21:25:33.69   GameInfo::ResetInfo - SyncLevel set to 0 on reset
21:25:33.70   GameInfo::ResetInfo - SyncLevel set to 0 on reset
21:25:33.70   GameInfo::ResetInfo - SyncLevel set to 0 on reset
21:25:33.70   GameInfo::ResetInfo - SyncLevel set to 0 on reset
21:25:33.70   GameInfo::ResetInfo - SyncLevel set to 0 on reset
21:25:33.70   GameInfo::ResetInfo - SyncLevel set to 0 on reset
21:25:33.70   GameInfo::ResetInfo - SyncLevel set to 0 on reset
21:25:33.70   GameInfo::ResetInfo - SyncLevel set to 0 on reset
21:25:33.70   GameInfo::ResetInfo - SyncLevel set to 0 on reset
21:25:33.70   GameInfo::ResetInfo - SyncLevel set to 0 on reset
21:25:33.70   GameInfo::ResetInfo - SyncLevel set to 0 on reset
21:25:33.70   GameInfo::ResetInfo - SyncLevel set to 0 on reset
21:25:33.70   GameInfo::ResetInfo - SyncLevel set to 0 on reset
21:25:33.70   GameInfo::ResetInfo - SyncLevel set to 0 on reset
21:25:33.70   GameInfo::ResetInfo - SyncLevel set to 0 on reset
21:25:33.70   GameInfo::ResetInfo - SyncLevel set to 0 on reset
21:25:33.70   GameInfo::ResetInfo - SyncLevel set to 0 on reset
21:25:33.70   GameInfo::ResetInfo - SyncLevel set to 0 on reset
21:25:33.70   GameInfo::ResetInfo - SyncLevel set to 0 on reset
21:25:33.71   GameInfo::ResetInfo - SyncLevel set to 0 on reset
21:25:33.71   GameInfo::ResetInfo - SyncLevel set to 0 on reset
21:25:33.71   GameInfo::ResetInfo - SyncLevel set to 0 on reset
21:25:33.71   GameInfo::ResetInfo - SyncLevel set to 0 on reset
21:25:33.71   GameInfo::ResetInfo - SyncLevel set to 0 on reset
21:25:33.71   GameInfo::ResetInfo - SyncLevel set to 0 on reset
21:25:33.71   GameInfo::ResetInfo - SyncLevel set to 0 on reset
21:25:33.71   GameInfo::ResetInfo - SyncLevel set to 0 on reset
21:25:33.71   GameInfo::ResetInfo - SyncLevel set to 0 on reset
21:25:33.71   GameInfo::ResetInfo - SyncLevel set to 0 on reset
21:25:33.71   GameInfo::ResetInfo - SyncLevel set to 0 on reset
21:25:33.71   GameInfo::ResetInfo - SyncLevel set to 0 on reset
21:25:33.71   GameInfo::ResetInfo - SyncLevel set to 0 on reset
21:25:33.71   GameInfo::ResetInfo - SyncLevel set to 0 on reset
21:25:33.71   GameInfo::ResetInfo - SyncLevel set to 0 on reset
21:25:33.71   GameInfo::ResetInfo - SyncLevel set to 0 on reset
21:25:33.71   GameInfo::ResetInfo - SyncLevel set to 0 on reset
21:25:33.71   GameInfo::ResetInfo - SyncLevel set to 0 on reset
21:25:33.71   GameInfo::ResetInfo - SyncLevel set to 0 on reset
21:25:33.71   GameInfo::ResetInfo - SyncLevel set to 0 on reset
21:25:33.72   GameInfo::ResetInfo - SyncLevel set to 0 on reset
21:25:33.72   GameInfo::ResetInfo - SyncLevel set to 0 on reset
21:25:33.72   GameInfo::ResetInfo - SyncLevel set to 0 on reset
21:25:33.72   GameInfo::ResetInfo - SyncLevel set to 0 on reset
21:25:33.72   GameInfo::ResetInfo - SyncLevel set to 0 on reset
21:25:33.72   GameInfo::ResetInfo - SyncLevel set to 0 on reset
21:25:33.72   GameInfo::ResetInfo - SyncLevel set to 0 on reset
21:25:33.72   GameInfo::ResetInfo - SyncLevel set to 0 on reset
21:25:33.72   GameInfo::ResetInfo - SyncLevel set to 0 on reset
21:25:33.72   GameInfo::ResetInfo - SyncLevel set to 0 on reset
21:25:33.72   GameInfo::ResetInfo - SyncLevel set to 0 on reset
21:25:33.72   GameInfo::ResetInfo - SyncLevel set to 0 on reset
21:25:33.72   GameInfo::ResetInfo - SyncLevel set to 0 on reset
21:25:33.72   GameInfo::ResetInfo - SyncLevel set to 0 on reset
21:25:33.72   GameInfo::ResetInfo - SyncLevel set to 0 on reset
21:25:33.72   GameInfo::ResetInfo - SyncLevel set to 0 on reset
21:25:33.72   GameInfo::ResetInfo - SyncLevel set to 0 on reset
21:25:33.72   GameInfo::ResetInfo - SyncLevel set to 0 on reset
21:25:33.72   GameInfo::ResetInfo - SyncLevel set to 0 on reset
21:25:33.72   GameInfo::ResetInfo - SyncLevel set to 0 on reset
21:25:33.72   GameInfo::ResetInfo - SyncLevel set to 0 on reset
21:25:33.72   GameInfo::ResetInfo - SyncLevel set to 0 on reset
21:25:33.72   GameInfo::ResetInfo - SyncLevel set to 0 on reset
21:25:33.72   GameInfo::ResetInfo - SyncLevel set to 0 on reset
21:25:33.72   GameInfo::ResetInfo - SyncLevel set to 0 on reset
21:25:33.73   GameInfo::ResetInfo - SyncLevel set to 0 on reset
21:25:33.73   GameInfo::ResetInfo - SyncLevel set to 0 on reset
21:25:33.73   GAME -- Error reading header for recorded game PLAYBACK:6p_close_river_combat.2018-01-28.00-37-43.rec
21:25:33.73   GameInfo::ResetInfo - SyncLevel set to 0 on reset
21:25:33.73   GameInfo::ResetInfo - SyncLevel set to 0 on reset
21:25:33.73   GAME -- Error reading header for recorded game PLAYBACK:6p_close_river_combat.2018-01-31.23-35-59.rec
21:25:33.73   GameInfo::ResetInfo - SyncLevel set to 0 on reset
21:25:33.73   GameInfo::ResetInfo - SyncLevel set to 0 on reset
21:25:33.73   GameInfo::ResetInfo - SyncLevel set to 0 on reset
21:25:33.73   GameInfo::ResetInfo - SyncLevel set to 0 on reset
21:25:33.73   GameInfo::ResetInfo - SyncLevel set to 0 on reset
21:25:33.73   GameInfo::ResetInfo - SyncLevel set to 0 on reset
21:25:33.73   GameInfo::ResetInfo - SyncLevel set to 0 on reset
21:25:33.73   GameInfo::ResetInfo - SyncLevel set to 0 on reset
21:25:33.73   GameInfo::ResetInfo - SyncLevel set to 0 on reset
21:25:33.73   GameInfo::ResetInfo - SyncLevel set to 0 on reset
21:25:33.73   GameInfo::ResetInfo - SyncLevel set to 0 on reset
21:25:33.73   GameInfo::ResetInfo - SyncLevel set to 0 on reset
21:25:33.73   GameInfo::ResetInfo - SyncLevel set to 0 on reset
21:25:33.73   GameInfo::ResetInfo - SyncLevel set to 0 on reset
21:25:33.73   GameInfo::ResetInfo - SyncLevel set to 0 on reset
21:25:33.73   GameInfo::ResetInfo - SyncLevel set to 0 on reset
21:25:33.73   GameInfo::ResetInfo - SyncLevel set to 0 on reset
21:25:33.73   GameInfo::ResetInfo - SyncLevel set to 0 on reset
21:25:33.74   GameInfo::ResetInfo - SyncLevel set to 0 on reset
21:25:33.74   GameInfo::ResetInfo - SyncLevel set to 0 on reset
21:25:33.74   GameInfo::ResetInfo - SyncLevel set to 0 on reset
21:25:33.74   GameInfo::ResetInfo - SyncLevel set to 0 on reset
21:25:33.74   GameInfo::ResetInfo - SyncLevel set to 0 on reset
21:25:33.74   GameInfo::ResetInfo - SyncLevel set to 0 on reset
21:25:33.74   GameInfo::ResetInfo - SyncLevel set to 0 on reset
21:25:33.74   GameInfo::ResetInfo - SyncLevel set to 0 on reset
21:25:33.74   GameInfo::ResetInfo - SyncLevel set to 0 on reset
21:25:33.74   GameInfo::ResetInfo - SyncLevel set to 0 on reset
21:25:33.74   GameInfo::ResetInfo - SyncLevel set to 0 on reset
21:25:33.74   GameInfo::ResetInfo - SyncLevel set to 0 on reset
21:25:33.74   GameInfo::ResetInfo - SyncLevel set to 0 on reset
21:25:33.74   GameInfo::ResetInfo - SyncLevel set to 0 on reset
21:25:33.74   GameInfo::ResetInfo - SyncLevel set to 0 on reset
21:25:33.74   GameInfo::ResetInfo - SyncLevel set to 0 on reset
21:25:33.74   GameInfo::ResetInfo - SyncLevel set to 0 on reset
21:25:33.74   GameInfo::ResetInfo - SyncLevel set to 0 on reset
21:25:33.74   GameInfo::ResetInfo - SyncLevel set to 0 on reset
21:25:33.74   GameInfo::ResetInfo - SyncLevel set to 0 on reset
21:25:33.74   GameInfo::ResetInfo - SyncLevel set to 0 on reset
21:25:33.74   GameInfo::ResetInfo - SyncLevel set to 0 on reset
21:25:33.74   GameInfo::ResetInfo - SyncLevel set to 0 on reset
21:25:33.74   GameInfo::ResetInfo - SyncLevel set to 0 on reset
21:25:33.74   GameInfo::ResetInfo - SyncLevel set to 0 on reset
21:25:33.74   GameInfo::ResetInfo - SyncLevel set to 0 on reset
21:25:33.74   GameInfo::ResetInfo - SyncLevel set to 0 on reset
21:25:33.74   GameInfo::ResetInfo - SyncLevel set to 0 on reset
21:25:33.74   GameInfo::ResetInfo - SyncLevel set to 0 on reset
21:25:33.74   GameInfo::ResetInfo - SyncLevel set to 0 on reset
21:25:33.75   GameInfo::ResetInfo - SyncLevel set to 0 on reset
21:25:33.75   GameInfo::ResetInfo - SyncLevel set to 0 on reset
21:25:33.75   GameInfo::ResetInfo - SyncLevel set to 0 on reset
21:25:33.75   GameInfo::ResetInfo - SyncLevel set to 0 on reset
21:25:33.75   GameInfo::ResetInfo - SyncLevel set to 0 on reset
21:25:33.75   GameInfo::ResetInfo - SyncLevel set to 0 on reset
21:25:33.75   GameInfo::ResetInfo - SyncLevel set to 0 on reset
21:25:33.75   GameInfo::ResetInfo - SyncLevel set to 0 on reset
21:25:33.75   GameInfo::ResetInfo - SyncLevel set to 0 on reset
21:25:33.75   GameInfo::ResetInfo - SyncLevel set to 0 on reset
21:25:33.75   GameInfo::ResetInfo - SyncLevel set to 0 on reset
21:25:33.75   GameInfo::ResetInfo - SyncLevel set to 0 on reset
21:25:33.75   GameInfo::ResetInfo - SyncLevel set to 0 on reset
21:25:33.75   GameInfo::ResetInfo - SyncLevel set to 0 on reset
21:25:33.75   GameInfo::ResetInfo - SyncLevel set to 0 on reset
21:25:33.75   GameInfo::ResetInfo - SyncLevel set to 0 on reset
21:25:33.75   GameInfo::ResetInfo - SyncLevel set to 0 on reset
21:25:33.75   GameInfo::ResetInfo - SyncLevel set to 0 on reset
21:25:33.75   GameInfo::ResetInfo - SyncLevel set to 0 on reset
21:25:33.75   GameInfo::ResetInfo - SyncLevel set to 0 on reset
21:25:33.75   GameInfo::ResetInfo - SyncLevel set to 0 on reset
21:25:33.75   GameInfo::ResetInfo - SyncLevel set to 0 on reset
21:25:33.75   GameInfo::ResetInfo - SyncLevel set to 0 on reset
21:25:33.75   GameInfo::ResetInfo - SyncLevel set to 0 on reset
21:25:33.75   GameInfo::ResetInfo - SyncLevel set to 0 on reset
21:25:33.75   GameInfo::ResetInfo - SyncLevel set to 0 on reset
21:25:33.76   GameInfo::ResetInfo - SyncLevel set to 0 on reset
21:25:33.76   GameInfo::ResetInfo - SyncLevel set to 0 on reset
21:25:33.76   GameInfo::ResetInfo - SyncLevel set to 0 on reset
21:25:33.76   GameInfo::ResetInfo - SyncLevel set to 0 on reset
21:25:33.76   GameInfo::ResetInfo - SyncLevel set to 0 on reset
21:25:33.76   GameInfo::ResetInfo - SyncLevel set to 0 on reset
21:25:33.76   GameInfo::ResetInfo - SyncLevel set to 0 on reset
21:25:33.76   GameInfo::ResetInfo - SyncLevel set to 0 on reset
21:25:33.76   GameInfo::ResetInfo - SyncLevel set to 0 on reset
21:25:33.76   GameInfo::ResetInfo - SyncLevel set to 0 on reset
21:25:33.76   GameInfo::ResetInfo - SyncLevel set to 0 on reset
21:25:33.76   GameInfo::ResetInfo - SyncLevel set to 0 on reset
21:25:33.76   GameInfo::ResetInfo - SyncLevel set to 0 on reset
21:25:33.76   GameInfo::ResetInfo - SyncLevel set to 0 on reset
21:25:33.76   GameInfo::ResetInfo - SyncLevel set to 0 on reset
21:25:33.76   GameInfo::ResetInfo - SyncLevel set to 0 on reset
21:25:33.76   GameInfo::ResetInfo - SyncLevel set to 0 on reset
21:25:33.76   GameInfo::ResetInfo - SyncLevel set to 0 on reset
21:25:33.76   GameInfo::ResetInfo - SyncLevel set to 0 on reset
21:25:33.77   GameInfo::ResetInfo - SyncLevel set to 0 on reset
21:25:33.77   GameInfo::ResetInfo - SyncLevel set to 0 on reset
21:25:33.77   GameInfo::ResetInfo - SyncLevel set to 0 on reset
21:25:33.77   GameInfo::ResetInfo - SyncLevel set to 0 on reset
21:25:33.77   GameInfo::ResetInfo - SyncLevel set to 0 on reset
21:25:33.77   GameInfo::ResetInfo - SyncLevel set to 0 on reset
21:25:33.77   GameInfo::ResetInfo - SyncLevel set to 0 on reset
21:25:33.77   GameInfo::ResetInfo - SyncLevel set to 0 on reset
21:25:33.77   GameInfo::ResetInfo - SyncLevel set to 0 on reset
21:25:33.77   GameInfo::ResetInfo - SyncLevel set to 0 on reset
21:25:33.77   GameInfo::ResetInfo - SyncLevel set to 0 on reset
21:25:33.77   GameInfo::ResetInfo - SyncLevel set to 0 on reset
21:25:33.77   GameInfo::ResetInfo - SyncLevel set to 0 on reset
21:25:33.77   GameInfo::ResetInfo - SyncLevel set to 0 on reset
21:25:33.77   GameInfo::ResetInfo - SyncLevel set to 0 on reset
21:25:33.77   GameInfo::ResetInfo - SyncLevel set to 0 on reset
21:25:33.77   GameInfo::ResetInfo - SyncLevel set to 0 on reset
21:25:33.77   GameInfo::ResetInfo - SyncLevel set to 0 on reset
21:25:33.77   GameInfo::ResetInfo - SyncLevel set to 0 on reset
21:25:33.77   GameInfo::ResetInfo - SyncLevel set to 0 on reset
21:25:33.77   GameInfo::ResetInfo - SyncLevel set to 0 on reset
21:25:33.77   GameInfo::ResetInfo - SyncLevel set to 0 on reset
21:25:33.77   GameInfo::ResetInfo - SyncLevel set to 0 on reset
21:25:33.77   GameInfo::ResetInfo - SyncLevel set to 0 on reset
21:25:33.77   GameInfo::ResetInfo - SyncLevel set to 0 on reset
21:25:33.77   GameInfo::ResetInfo - SyncLevel set to 0 on reset
21:25:33.77   GameInfo::ResetInfo - SyncLevel set to 0 on reset
21:25:33.78   GameInfo::ResetInfo - SyncLevel set to 0 on reset
21:25:33.78   GameInfo::ResetInfo - SyncLevel set to 0 on reset
21:25:33.78   GameInfo::ResetInfo - SyncLevel set to 0 on reset
21:25:33.78   GameInfo::ResetInfo - SyncLevel set to 0 on reset
21:25:33.78   GameInfo::ResetInfo - SyncLevel set to 0 on reset
21:25:33.78   GameInfo::ResetInfo - SyncLevel set to 0 on reset
21:25:33.78   GameInfo::ResetInfo - SyncLevel set to 0 on reset
21:25:33.78   GameInfo::ResetInfo - SyncLevel set to 0 on reset
21:25:33.78   GameInfo::ResetInfo - SyncLevel set to 0 on reset
21:25:33.78   GameInfo::ResetInfo - SyncLevel set to 0 on reset
21:25:33.78   GameInfo::ResetInfo - SyncLevel set to 0 on reset
21:25:33.78   GameInfo::ResetInfo - SyncLevel set to 0 on reset
21:25:33.78   GameInfo::ResetInfo - SyncLevel set to 0 on reset
21:25:33.78   GameInfo::ResetInfo - SyncLevel set to 0 on reset
21:25:33.78   GameInfo::ResetInfo - SyncLevel set to 0 on reset
21:25:33.78   GameInfo::ResetInfo - SyncLevel set to 0 on reset
21:25:33.78   GameInfo::ResetInfo - SyncLevel set to 0 on reset
21:25:33.78   GameInfo::ResetInfo - SyncLevel set to 0 on reset
21:25:33.79   GameInfo::ResetInfo - SyncLevel set to 0 on reset
21:25:33.79   GameInfo::ResetInfo - SyncLevel set to 0 on reset
21:25:33.79   GameInfo::ResetInfo - SyncLevel set to 0 on reset
21:25:33.79   GameInfo::ResetInfo - SyncLevel set to 0 on reset
21:25:33.79   GameInfo::ResetInfo - SyncLevel set to 0 on reset
21:25:33.79   GameInfo::ResetInfo - SyncLevel set to 0 on reset
21:25:33.79   GameInfo::ResetInfo - SyncLevel set to 0 on reset
21:25:33.79   GameInfo::ResetInfo - SyncLevel set to 0 on reset
21:25:33.79   GameInfo::ResetInfo - SyncLevel set to 0 on reset
21:25:33.79   GameInfo::ResetInfo - SyncLevel set to 0 on reset
21:25:33.79   GameInfo::ResetInfo - SyncLevel set to 0 on reset
21:25:33.79   GameInfo::ResetInfo - SyncLevel set to 0 on reset
21:25:33.79   GameInfo::ResetInfo - SyncLevel set to 0 on reset
21:25:33.79   GameInfo::ResetInfo - SyncLevel set to 0 on reset
21:25:33.79   GameInfo::ResetInfo - SyncLevel set to 0 on reset
21:25:33.79   GameInfo::ResetInfo - SyncLevel set to 0 on reset
21:25:33.79   GameInfo::ResetInfo - SyncLevel set to 0 on reset
21:25:33.79   GameInfo::ResetInfo - SyncLevel set to 0 on reset
21:25:33.79   GameInfo::ResetInfo - SyncLevel set to 0 on reset
21:25:33.79   GameInfo::ResetInfo - SyncLevel set to 0 on reset
21:25:33.79   GameInfo::ResetInfo - SyncLevel set to 0 on reset
21:25:33.79   GameInfo::ResetInfo - SyncLevel set to 0 on reset
21:25:33.79   GameInfo::ResetInfo - SyncLevel set to 0 on reset
21:25:33.79   GameInfo::ResetInfo - SyncLevel set to 0 on reset
21:25:33.80   GameInfo::ResetInfo - SyncLevel set to 0 on reset
21:25:33.80   GameInfo::ResetInfo - SyncLevel set to 0 on reset
21:25:33.80   GameInfo::ResetInfo - SyncLevel set to 0 on reset
21:25:33.80   GameInfo::ResetInfo - SyncLevel set to 0 on reset
21:25:33.80   GameInfo::ResetInfo - SyncLevel set to 0 on reset
21:25:33.80   GameInfo::ResetInfo - SyncLevel set to 0 on reset
21:25:33.80   GameInfo::ResetInfo - SyncLevel set to 0 on reset
21:25:33.80   GameInfo::ResetInfo - SyncLevel set to 0 on reset
21:25:33.80   GameInfo::ResetInfo - SyncLevel set to 0 on reset
21:25:33.80   GameInfo::ResetInfo - SyncLevel set to 0 on reset
21:25:33.80   GameInfo::ResetInfo - SyncLevel set to 0 on reset
21:25:33.80   GameInfo::ResetInfo - SyncLevel set to 0 on reset
21:25:33.80   GameInfo::ResetInfo - SyncLevel set to 0 on reset
21:25:33.80   GameInfo::ResetInfo - SyncLevel set to 0 on reset
21:25:33.80   GameInfo::ResetInfo - SyncLevel set to 0 on reset
21:25:33.80   GameInfo::ResetInfo - SyncLevel set to 0 on reset
21:25:33.80   GameInfo::ResetInfo - SyncLevel set to 0 on reset
21:25:33.80   GameInfo::ResetInfo - SyncLevel set to 0 on reset
21:25:33.80   GameInfo::ResetInfo - SyncLevel set to 0 on reset
21:25:33.80   GameInfo::ResetInfo - SyncLevel set to 0 on reset
21:25:33.80   GameInfo::ResetInfo - SyncLevel set to 0 on reset
21:25:33.80   GameInfo::ResetInfo - SyncLevel set to 0 on reset
21:25:33.80   GameInfo::ResetInfo - SyncLevel set to 0 on reset
21:25:33.80   GameInfo::ResetInfo - SyncLevel set to 0 on reset
21:25:33.81   GameInfo::ResetInfo - SyncLevel set to 0 on reset
21:25:33.81   GameInfo::ResetInfo - SyncLevel set to 0 on reset
21:25:33.81   GameInfo::ResetInfo - SyncLevel set to 0 on reset
21:25:33.81   GameInfo::ResetInfo - SyncLevel set to 0 on reset
21:25:33.81   GameInfo::ResetInfo - SyncLevel set to 0 on reset
21:25:33.81   GameInfo::ResetInfo - SyncLevel set to 0 on reset
21:25:33.81   GameInfo::ResetInfo - SyncLevel set to 0 on reset
21:25:33.81   GameInfo::ResetInfo - SyncLevel set to 0 on reset
21:25:33.81   GameInfo::ResetInfo - SyncLevel set to 0 on reset
21:25:33.81   GameInfo::ResetInfo - SyncLevel set to 0 on reset
21:25:33.81   GameInfo::ResetInfo - SyncLevel set to 0 on reset
21:25:33.81   GameInfo::ResetInfo - SyncLevel set to 0 on reset
21:25:33.81   GameInfo::ResetInfo - SyncLevel set to 0 on reset
21:25:33.81   GameInfo::ResetInfo - SyncLevel set to 0 on reset
21:25:33.81   GameInfo::ResetInfo - SyncLevel set to 0 on reset
21:25:33.81   GameInfo::ResetInfo - SyncLevel set to 0 on reset
21:25:33.81   GameInfo::ResetInfo - SyncLevel set to 0 on reset
21:25:33.81   GameInfo::ResetInfo - SyncLevel set to 0 on reset
21:25:33.81   GameInfo::ResetInfo - SyncLevel set to 0 on reset
21:25:33.81   GameInfo::ResetInfo - SyncLevel set to 0 on reset
21:25:33.81   GameInfo::ResetInfo - SyncLevel set to 0 on reset
21:25:33.81   GameInfo::ResetInfo - SyncLevel set to 0 on reset
21:25:33.81   GameInfo::ResetInfo - SyncLevel set to 0 on reset
21:25:33.81   GameInfo::ResetInfo - SyncLevel set to 0 on reset
21:25:33.82   GameInfo::ResetInfo - SyncLevel set to 0 on reset
21:25:33.82   GameInfo::ResetInfo - SyncLevel set to 0 on reset
21:25:33.82   GameInfo::ResetInfo - SyncLevel set to 0 on reset
21:25:33.82   GameInfo::ResetInfo - SyncLevel set to 0 on reset
21:25:33.82   GameInfo::ResetInfo - SyncLevel set to 0 on reset
21:25:33.82   GameInfo::ResetInfo - SyncLevel set to 0 on reset
21:25:33.82   GameInfo::ResetInfo - SyncLevel set to 0 on reset
21:25:33.82   GameInfo::ResetInfo - SyncLevel set to 0 on reset
21:25:33.82   GameInfo::ResetInfo - SyncLevel set to 0 on reset
21:25:33.82   GameInfo::ResetInfo - SyncLevel set to 0 on reset
21:25:33.82   GameInfo::ResetInfo - SyncLevel set to 0 on reset
21:25:33.82   GameInfo::ResetInfo - SyncLevel set to 0 on reset
21:25:33.82   GameInfo::ResetInfo - SyncLevel set to 0 on reset
21:25:33.82   GameInfo::ResetInfo - SyncLevel set to 0 on reset
21:25:33.82   GameInfo::ResetInfo - SyncLevel set to 0 on reset
21:25:33.82   GameInfo::ResetInfo - SyncLevel set to 0 on reset
21:25:33.82   GameInfo::ResetInfo - SyncLevel set to 0 on reset
21:25:33.82   GameInfo::ResetInfo - SyncLevel set to 0 on reset
21:25:33.82   GameInfo::ResetInfo - SyncLevel set to 0 on reset
21:25:33.82   GameInfo::ResetInfo - SyncLevel set to 0 on reset
21:25:33.82   GameInfo::ResetInfo - SyncLevel set to 0 on reset
21:25:33.82   GameInfo::ResetInfo - SyncLevel set to 0 on reset
21:25:33.82   GameInfo::ResetInfo - SyncLevel set to 0 on reset
21:25:33.82   GameInfo::ResetInfo - SyncLevel set to 0 on reset
21:25:33.83   GameInfo::ResetInfo - SyncLevel set to 0 on reset
21:25:33.83   GameInfo::ResetInfo - SyncLevel set to 0 on reset
21:25:33.83   GameInfo::ResetInfo - SyncLevel set to 0 on reset
21:25:33.83   GameInfo::ResetInfo - SyncLevel set to 0 on reset
21:25:33.83   GameInfo::ResetInfo - SyncLevel set to 0 on reset
21:25:33.83   GameInfo::ResetInfo - SyncLevel set to 0 on reset
21:25:33.83   GameInfo::ResetInfo - SyncLevel set to 0 on reset
21:25:33.83   GameInfo::ResetInfo - SyncLevel set to 0 on reset
21:25:33.83   GameInfo::ResetInfo - SyncLevel set to 0 on reset
21:25:33.83   GameInfo::ResetInfo - SyncLevel set to 0 on reset
21:25:33.83   GameInfo::ResetInfo - SyncLevel set to 0 on reset
21:25:33.83   GameInfo::ResetInfo - SyncLevel set to 0 on reset
21:25:33.83   GameInfo::ResetInfo - SyncLevel set to 0 on reset
21:25:33.83   GameInfo::ResetInfo - SyncLevel set to 0 on reset
21:25:33.83   GameInfo::ResetInfo - SyncLevel set to 0 on reset
21:25:33.83   GameInfo::ResetInfo - SyncLevel set to 0 on reset
21:25:33.83   GameInfo::ResetInfo - SyncLevel set to 0 on reset
21:25:33.83   GameInfo::ResetInfo - SyncLevel set to 0 on reset
21:25:33.83   GameInfo::ResetInfo - SyncLevel set to 0 on reset
21:25:33.83   GameInfo::ResetInfo - SyncLevel set to 0 on reset
21:25:33.83   GameInfo::ResetInfo - SyncLevel set to 0 on reset
21:25:33.84   GameInfo::ResetInfo - SyncLevel set to 0 on reset
21:25:33.84   GameInfo::ResetInfo - SyncLevel set to 0 on reset
21:25:33.84   GameInfo::ResetInfo - SyncLevel set to 0 on reset
21:25:33.84   GameInfo::ResetInfo - SyncLevel set to 0 on reset
21:25:33.84   GameInfo::ResetInfo - SyncLevel set to 0 on reset
21:25:33.84   GameInfo::ResetInfo - SyncLevel set to 0 on reset
21:25:33.84   GameInfo::ResetInfo - SyncLevel set to 0 on reset
21:25:33.84   GameInfo::ResetInfo - SyncLevel set to 0 on reset
21:25:33.84   GameInfo::ResetInfo - SyncLevel set to 0 on reset
21:25:33.84   GameInfo::ResetInfo - SyncLevel set to 0 on reset
21:25:33.84   GameInfo::ResetInfo - SyncLevel set to 0 on reset
21:25:33.84   GameInfo::ResetInfo - SyncLevel set to 0 on reset
21:25:33.84   GameInfo::ResetInfo - SyncLevel set to 0 on reset
21:25:33.84   GameInfo::ResetInfo - SyncLevel set to 0 on reset
21:25:33.84   GameInfo::ResetInfo - SyncLevel set to 0 on reset
21:25:33.84   GAME -- Error reading header for recorded game PLAYBACK:8P SEMOIS REMASTERED 07.2021-03-27.02-50-45.rec
21:25:33.84   GameInfo::ResetInfo - SyncLevel set to 0 on reset
21:25:33.84   GameInfo::ResetInfo - SyncLevel set to 0 on reset
21:25:33.85   GameInfo::ResetInfo - SyncLevel set to 0 on reset
21:25:33.85   GAME -- Error reading header for recorded game PLAYBACK:8P SEMOIS REMASTERED 07.2021-03-27.03-39-59.rec
21:25:33.85   GameInfo::ResetInfo - SyncLevel set to 0 on reset
21:25:33.85   GameInfo::ResetInfo - SyncLevel set to 0 on reset
21:25:33.85   GameInfo::ResetInfo - SyncLevel set to 0 on reset
21:25:33.85   GAME -- Error reading header for recorded game PLAYBACK:8P SEMOIS REMASTERED 07.2021-03-31.03-23-44.rec
21:25:33.85   GameInfo::ResetInfo - SyncLevel set to 0 on reset
21:25:33.85   GameInfo::ResetInfo - SyncLevel set to 0 on reset
21:25:33.85   GameInfo::ResetInfo - SyncLevel set to 0 on reset
21:25:33.85   GAME -- Error reading header for recorded game PLAYBACK:8P SEMOIS REMASTERED 07.2021-04-28.02-52-08.rec
21:25:33.85   GameInfo::ResetInfo - SyncLevel set to 0 on reset
21:25:33.85   GameInfo::ResetInfo - SyncLevel set to 0 on reset
21:25:33.85   GameInfo::ResetInfo - SyncLevel set to 0 on reset
21:25:33.85   GAME -- Error reading header for recorded game PLAYBACK:8P_CLOSE_RIVER_COMBAT.2018-01-08.20-06-29.rec
21:25:33.85   GameInfo::ResetInfo - SyncLevel set to 0 on reset
21:25:33.85   GameInfo::ResetInfo - SyncLevel set to 0 on reset
21:25:33.85   GameInfo::ResetInfo - SyncLevel set to 0 on reset
21:25:33.85   GameInfo::ResetInfo - SyncLevel set to 0 on reset
21:25:33.85   GameInfo::ResetInfo - SyncLevel set to 0 on reset
21:25:33.85   GameInfo::ResetInfo - SyncLevel set to 0 on reset
21:25:33.85   GameInfo::ResetInfo - SyncLevel set to 0 on reset
21:25:33.85   GameInfo::ResetInfo - SyncLevel set to 0 on reset
21:25:33.85   GameInfo::ResetInfo - SyncLevel set to 0 on reset
21:25:33.85   GameInfo::ResetInfo - SyncLevel set to 0 on reset
21:25:33.85   GameInfo::ResetInfo - SyncLevel set to 0 on reset
21:25:33.86   GameInfo::ResetInfo - SyncLevel set to 0 on reset
21:25:33.86   GameInfo::ResetInfo - SyncLevel set to 0 on reset
21:25:33.86   GameInfo::ResetInfo - SyncLevel set to 0 on reset
21:25:33.86   GameInfo::ResetInfo - SyncLevel set to 0 on reset
21:25:33.86   GameInfo::ResetInfo - SyncLevel set to 0 on reset
21:25:33.86   GameInfo::ResetInfo - SyncLevel set to 0 on reset
21:25:33.86   GameInfo::ResetInfo - SyncLevel set to 0 on reset
21:25:33.86   GameInfo::ResetInfo - SyncLevel set to 0 on reset
21:25:33.86   GameInfo::ResetInfo - SyncLevel set to 0 on reset
21:25:33.86   GameInfo::ResetInfo - SyncLevel set to 0 on reset
21:25:33.86   GameInfo::ResetInfo - SyncLevel set to 0 on reset
21:25:33.86   GameInfo::ResetInfo - SyncLevel set to 0 on reset
21:25:33.86   GameInfo::ResetInfo - SyncLevel set to 0 on reset
21:25:33.86   GameInfo::ResetInfo - SyncLevel set to 0 on reset
21:25:33.86   GameInfo::ResetInfo - SyncLevel set to 0 on reset
21:25:33.86   GameInfo::ResetInfo - SyncLevel set to 0 on reset
21:25:33.86   GameInfo::ResetInfo - SyncLevel set to 0 on reset
21:25:33.86   GameInfo::ResetInfo - SyncLevel set to 0 on reset
21:25:33.86   GameInfo::ResetInfo - SyncLevel set to 0 on reset
21:25:33.86   GameInfo::ResetInfo - SyncLevel set to 0 on reset
21:25:33.86   GameInfo::ResetInfo - SyncLevel set to 0 on reset
21:25:33.86   GameInfo::ResetInfo - SyncLevel set to 0 on reset
21:25:33.87   GameInfo::ResetInfo - SyncLevel set to 0 on reset
21:25:33.87   GameInfo::ResetInfo - SyncLevel set to 0 on reset
21:25:33.87   GameInfo::ResetInfo - SyncLevel set to 0 on reset
21:25:33.87   GameInfo::ResetInfo - SyncLevel set to 0 on reset
21:25:33.87   GameInfo::ResetInfo - SyncLevel set to 0 on reset
21:25:33.87   GameInfo::ResetInfo - SyncLevel set to 0 on reset
21:25:33.87   GameInfo::ResetInfo - SyncLevel set to 0 on reset
21:25:33.87   GameInfo::ResetInfo - SyncLevel set to 0 on reset
21:25:33.87   GameInfo::ResetInfo - SyncLevel set to 0 on reset
21:25:33.87   GameInfo::ResetInfo - SyncLevel set to 0 on reset
21:25:33.87   GameInfo::ResetInfo - SyncLevel set to 0 on reset
21:25:33.87   GameInfo::ResetInfo - SyncLevel set to 0 on reset
21:25:33.87   GameInfo::ResetInfo - SyncLevel set to 0 on reset
21:25:33.87   GameInfo::ResetInfo - SyncLevel set to 0 on reset
21:25:33.87   GameInfo::ResetInfo - SyncLevel set to 0 on reset
21:25:33.88   GameInfo::ResetInfo - SyncLevel set to 0 on reset
21:25:33.88   GameInfo::ResetInfo - SyncLevel set to 0 on reset
21:25:33.88   GameInfo::ResetInfo - SyncLevel set to 0 on reset
21:25:33.88   GameInfo::ResetInfo - SyncLevel set to 0 on reset
21:25:33.88   GameInfo::ResetInfo - SyncLevel set to 0 on reset
21:25:33.88   GameInfo::ResetInfo - SyncLevel set to 0 on reset
21:25:33.88   GameInfo::ResetInfo - SyncLevel set to 0 on reset
21:25:33.88   GameInfo::ResetInfo - SyncLevel set to 0 on reset
21:25:33.88   GameInfo::ResetInfo - SyncLevel set to 0 on reset
21:25:33.88   GameInfo::ResetInfo - SyncLevel set to 0 on reset
21:25:33.88   GameInfo::ResetInfo - SyncLevel set to 0 on reset
21:25:33.88   GameInfo::ResetInfo - SyncLevel set to 0 on reset
21:25:33.88   GameInfo::ResetInfo - SyncLevel set to 0 on reset
21:25:33.88   GameInfo::ResetInfo - SyncLevel set to 0 on reset
21:25:33.88   GameInfo::ResetInfo - SyncLevel set to 0 on reset
21:25:33.88   GameInfo::ResetInfo - SyncLevel set to 0 on reset
21:25:33.88   GameInfo::ResetInfo - SyncLevel set to 0 on reset
21:25:33.88   GameInfo::ResetInfo - SyncLevel set to 0 on reset
21:25:33.88   GameInfo::ResetInfo - SyncLevel set to 0 on reset
21:25:33.88   GameInfo::ResetInfo - SyncLevel set to 0 on reset
21:25:33.88   GameInfo::ResetInfo - SyncLevel set to 0 on reset
21:25:33.88   GameInfo::ResetInfo - SyncLevel set to 0 on reset
21:25:33.88   GameInfo::ResetInfo - SyncLevel set to 0 on reset
21:25:33.88   GameInfo::ResetInfo - SyncLevel set to 0 on reset
21:25:33.89   GameInfo::ResetInfo - SyncLevel set to 0 on reset
21:25:33.89   GameInfo::ResetInfo - SyncLevel set to 0 on reset
21:25:33.89   GameInfo::ResetInfo - SyncLevel set to 0 on reset
21:25:33.89   GameInfo::ResetInfo - SyncLevel set to 0 on reset
21:25:33.89   GameInfo::ResetInfo - SyncLevel set to 0 on reset
21:25:33.89   GameInfo::ResetInfo - SyncLevel set to 0 on reset
21:25:33.89   GameInfo::ResetInfo - SyncLevel set to 0 on reset
21:25:33.89   GameInfo::ResetInfo - SyncLevel set to 0 on reset
21:25:33.89   GameInfo::ResetInfo - SyncLevel set to 0 on reset
21:25:33.89   GameInfo::ResetInfo - SyncLevel set to 0 on reset
21:25:33.89   GameInfo::ResetInfo - SyncLevel set to 0 on reset
21:25:33.89   GameInfo::ResetInfo - SyncLevel set to 0 on reset
21:25:33.89   GameInfo::ResetInfo - SyncLevel set to 0 on reset
21:25:33.89   GameInfo::ResetInfo - SyncLevel set to 0 on reset
21:25:33.89   GameInfo::ResetInfo - SyncLevel set to 0 on reset
21:25:33.89   GameInfo::ResetInfo - SyncLevel set to 0 on reset
21:25:33.89   GameInfo::ResetInfo - SyncLevel set to 0 on reset
21:25:33.89   GameInfo::ResetInfo - SyncLevel set to 0 on reset
21:25:33.90   GameInfo::ResetInfo - SyncLevel set to 0 on reset
21:25:33.90   GameInfo::ResetInfo - SyncLevel set to 0 on reset
21:25:33.90   GameInfo::ResetInfo - SyncLevel set to 0 on reset
21:25:33.90   GameInfo::ResetInfo - SyncLevel set to 0 on reset
21:25:33.90   GameInfo::ResetInfo - SyncLevel set to 0 on reset
21:25:33.90   GameInfo::ResetInfo - SyncLevel set to 0 on reset
21:25:33.90   GameInfo::ResetInfo - SyncLevel set to 0 on reset
21:25:33.90   GameInfo::ResetInfo - SyncLevel set to 0 on reset
21:25:33.90   GameInfo::ResetInfo - SyncLevel set to 0 on reset
21:25:33.90   GameInfo::ResetInfo - SyncLevel set to 0 on reset
21:25:33.90   GameInfo::ResetInfo - SyncLevel set to 0 on reset
21:25:33.90   GameInfo::ResetInfo - SyncLevel set to 0 on reset
21:25:33.90   GameInfo::ResetInfo - SyncLevel set to 0 on reset
21:25:33.90   GameInfo::ResetInfo - SyncLevel set to 0 on reset
21:25:33.90   GameInfo::ResetInfo - SyncLevel set to 0 on reset
21:25:33.90   GameInfo::ResetInfo - SyncLevel set to 0 on reset
21:25:33.90   GameInfo::ResetInfo - SyncLevel set to 0 on reset
21:25:33.90   GameInfo::ResetInfo - SyncLevel set to 0 on reset
21:25:33.90   GameInfo::ResetInfo - SyncLevel set to 0 on reset
21:25:33.90   GameInfo::ResetInfo - SyncLevel set to 0 on reset
21:25:33.90   GameInfo::ResetInfo - SyncLevel set to 0 on reset
21:25:33.91   GameInfo::ResetInfo - SyncLevel set to 0 on reset
21:25:33.91   GameInfo::ResetInfo - SyncLevel set to 0 on reset
21:25:33.91   GameInfo::ResetInfo - SyncLevel set to 0 on reset
21:25:33.91   GameInfo::ResetInfo - SyncLevel set to 0 on reset
21:25:33.91   GameInfo::ResetInfo - SyncLevel set to 0 on reset
21:25:33.91   GameInfo::ResetInfo - SyncLevel set to 0 on reset
21:25:33.91   GameInfo::ResetInfo - SyncLevel set to 0 on reset
21:25:33.91   GameInfo::ResetInfo - SyncLevel set to 0 on reset
21:25:33.91   GameInfo::ResetInfo - SyncLevel set to 0 on reset
21:25:33.91   GameInfo::ResetInfo - SyncLevel set to 0 on reset
21:25:33.91   GameInfo::ResetInfo - SyncLevel set to 0 on reset
21:25:33.91   GameInfo::ResetInfo - SyncLevel set to 0 on reset
21:25:33.91   GameInfo::ResetInfo - SyncLevel set to 0 on reset
21:25:33.91   GameInfo::ResetInfo - SyncLevel set to 0 on reset
21:25:33.91   GameInfo::ResetInfo - SyncLevel set to 0 on reset
21:25:33.91   GameInfo::ResetInfo - SyncLevel set to 0 on reset
21:25:33.91   GameInfo::ResetInfo - SyncLevel set to 0 on reset
21:25:33.91   GameInfo::ResetInfo - SyncLevel set to 0 on reset
21:25:33.91   GameInfo::ResetInfo - SyncLevel set to 0 on reset
21:25:33.91   GameInfo::ResetInfo - SyncLevel set to 0 on reset
21:25:33.91   GameInfo::ResetInfo - SyncLevel set to 0 on reset
21:25:33.91   GameInfo::ResetInfo - SyncLevel set to 0 on reset
21:25:33.91   GameInfo::ResetInfo - SyncLevel set to 0 on reset
21:25:33.92   GameInfo::ResetInfo - SyncLevel set to 0 on reset
21:25:33.92   GameInfo::ResetInfo - SyncLevel set to 0 on reset
21:25:33.92   GameInfo::ResetInfo - SyncLevel set to 0 on reset
21:25:33.92   GameInfo::ResetInfo - SyncLevel set to 0 on reset
21:25:33.92   GameInfo::ResetInfo - SyncLevel set to 0 on reset
21:25:33.92   GameInfo::ResetInfo - SyncLevel set to 0 on reset
21:25:33.92   GameInfo::ResetInfo - SyncLevel set to 0 on reset
21:25:33.92   GameInfo::ResetInfo - SyncLevel set to 0 on reset
21:25:33.92   GameInfo::ResetInfo - SyncLevel set to 0 on reset
21:25:33.92   GameInfo::ResetInfo - SyncLevel set to 0 on reset
21:25:33.92   GameInfo::ResetInfo - SyncLevel set to 0 on reset
21:25:33.92   GameInfo::ResetInfo - SyncLevel set to 0 on reset
21:25:33.92   GameInfo::ResetInfo - SyncLevel set to 0 on reset
21:25:33.92   GameInfo::ResetInfo - SyncLevel set to 0 on reset
21:25:33.92   GameInfo::ResetInfo - SyncLevel set to 0 on reset
21:25:33.92   GameInfo::ResetInfo - SyncLevel set to 0 on reset
21:25:33.92   GameInfo::ResetInfo - SyncLevel set to 0 on reset
21:25:33.92   GameInfo::ResetInfo - SyncLevel set to 0 on reset
21:25:33.92   GameInfo::ResetInfo - SyncLevel set to 0 on reset
21:25:33.92   GameInfo::ResetInfo - SyncLevel set to 0 on reset
21:25:33.92   GameInfo::ResetInfo - SyncLevel set to 0 on reset
21:25:33.93   GameInfo::ResetInfo - SyncLevel set to 0 on reset
21:25:33.93   GameInfo::ResetInfo - SyncLevel set to 0 on reset
21:25:33.93   GameInfo::ResetInfo - SyncLevel set to 0 on reset
21:25:33.93   GameInfo::ResetInfo - SyncLevel set to 0 on reset
21:25:33.93   GameInfo::ResetInfo - SyncLevel set to 0 on reset
21:25:33.93   GameInfo::ResetInfo - SyncLevel set to 0 on reset
21:25:33.93   GameInfo::ResetInfo - SyncLevel set to 0 on reset
21:25:33.93   GameInfo::ResetInfo - SyncLevel set to 0 on reset
21:25:33.93   GameInfo::ResetInfo - SyncLevel set to 0 on reset
21:25:33.93   GameInfo::ResetInfo - SyncLevel set to 0 on reset
21:25:33.93   GameInfo::ResetInfo - SyncLevel set to 0 on reset
21:25:33.93   GameInfo::ResetInfo - SyncLevel set to 0 on reset
21:25:33.93   GameInfo::ResetInfo - SyncLevel set to 0 on reset
21:25:33.93   GameInfo::ResetInfo - SyncLevel set to 0 on reset
21:25:33.93   GameInfo::ResetInfo - SyncLevel set to 0 on reset
21:25:33.93   GameInfo::ResetInfo - SyncLevel set to 0 on reset
21:25:33.93   GameInfo::ResetInfo - SyncLevel set to 0 on reset
21:25:33.93   GameInfo::ResetInfo - SyncLevel set to 0 on reset
21:25:33.93   GameInfo::ResetInfo - SyncLevel set to 0 on reset
21:25:33.93   GameInfo::ResetInfo - SyncLevel set to 0 on reset
21:25:33.93   GameInfo::ResetInfo - SyncLevel set to 0 on reset
21:25:33.93   GameInfo::ResetInfo - SyncLevel set to 0 on reset
21:25:33.94   GameInfo::ResetInfo - SyncLevel set to 0 on reset
21:25:33.94   GameInfo::ResetInfo - SyncLevel set to 0 on reset
21:25:33.94   GameInfo::ResetInfo - SyncLevel set to 0 on reset
21:25:33.94   GameInfo::ResetInfo - SyncLevel set to 0 on reset
21:25:33.94   GameInfo::ResetInfo - SyncLevel set to 0 on reset
21:25:33.94   GameInfo::ResetInfo - SyncLevel set to 0 on reset
21:25:33.94   GameInfo::ResetInfo - SyncLevel set to 0 on reset
21:25:33.94   GameInfo::ResetInfo - SyncLevel set to 0 on reset
21:25:33.94   GameInfo::ResetInfo - SyncLevel set to 0 on reset
21:25:33.94   GameInfo::ResetInfo - SyncLevel set to 0 on reset
21:25:33.94   GameInfo::ResetInfo - SyncLevel set to 0 on reset
21:25:33.94   GameInfo::ResetInfo - SyncLevel set to 0 on reset
21:25:33.94   GameInfo::ResetInfo - SyncLevel set to 0 on reset
21:25:33.94   GameInfo::ResetInfo - SyncLevel set to 0 on reset
21:25:33.94   GameInfo::ResetInfo - SyncLevel set to 0 on reset
21:25:33.94   GameInfo::ResetInfo - SyncLevel set to 0 on reset
21:25:33.94   GameInfo::ResetInfo - SyncLevel set to 0 on reset
21:25:33.94   GameInfo::ResetInfo - SyncLevel set to 0 on reset
21:25:33.94   GameInfo::ResetInfo - SyncLevel set to 0 on reset
21:25:33.94   GameInfo::ResetInfo - SyncLevel set to 0 on reset
21:25:33.94   GameInfo::ResetInfo - SyncLevel set to 0 on reset
21:25:33.95   GameInfo::ResetInfo - SyncLevel set to 0 on reset
21:25:33.95   GameInfo::ResetInfo - SyncLevel set to 0 on reset
21:25:33.95   GameInfo::ResetInfo - SyncLevel set to 0 on reset
21:25:33.95   GameInfo::ResetInfo - SyncLevel set to 0 on reset
21:25:33.95   GameInfo::ResetInfo - SyncLevel set to 0 on reset
21:25:33.95   GameInfo::ResetInfo - SyncLevel set to 0 on reset
21:25:33.95   GameInfo::ResetInfo - SyncLevel set to 0 on reset
21:25:33.95   GameInfo::ResetInfo - SyncLevel set to 0 on reset
21:25:33.95   GameInfo::ResetInfo - SyncLevel set to 0 on reset
21:25:33.95   GameInfo::ResetInfo - SyncLevel set to 0 on reset
21:25:33.95   GameInfo::ResetInfo - SyncLevel set to 0 on reset
21:25:33.95   GameInfo::ResetInfo - SyncLevel set to 0 on reset
21:25:33.95   GameInfo::ResetInfo - SyncLevel set to 0 on reset
21:25:33.95   GameInfo::ResetInfo - SyncLevel set to 0 on reset
21:25:33.95   GameInfo::ResetInfo - SyncLevel set to 0 on reset
21:25:33.95   GameInfo::ResetInfo - SyncLevel set to 0 on reset
21:25:33.95   GameInfo::ResetInfo - SyncLevel set to 0 on reset
21:25:33.95   GameInfo::ResetInfo - SyncLevel set to 0 on reset
21:25:33.95   GameInfo::ResetInfo - SyncLevel set to 0 on reset
21:25:33.95   GameInfo::ResetInfo - SyncLevel set to 0 on reset
21:25:33.95   GameInfo::ResetInfo - SyncLevel set to 0 on reset
21:25:33.96   GameInfo::ResetInfo - SyncLevel set to 0 on reset
21:25:33.96   GameInfo::ResetInfo - SyncLevel set to 0 on reset
21:25:33.96   GameInfo::ResetInfo - SyncLevel set to 0 on reset
21:25:33.96   GameInfo::ResetInfo - SyncLevel set to 0 on reset
21:25:33.96   GameInfo::ResetInfo - SyncLevel set to 0 on reset
21:25:33.96   GameInfo::ResetInfo - SyncLevel set to 0 on reset
21:25:33.96   GameInfo::ResetInfo - SyncLevel set to 0 on reset
21:25:33.96   GameInfo::ResetInfo - SyncLevel set to 0 on reset
21:25:33.96   GameInfo::ResetInfo - SyncLevel set to 0 on reset
21:25:33.96   GameInfo::ResetInfo - SyncLevel set to 0 on reset
21:25:33.96   GameInfo::ResetInfo - SyncLevel set to 0 on reset
21:25:33.96   GameInfo::ResetInfo - SyncLevel set to 0 on reset
21:25:33.96   GameInfo::ResetInfo - SyncLevel set to 0 on reset
21:25:33.96   GameInfo::ResetInfo - SyncLevel set to 0 on reset
21:25:33.96   GameInfo::ResetInfo - SyncLevel set to 0 on reset
21:25:33.96   GameInfo::ResetInfo - SyncLevel set to 0 on reset
21:25:33.96   GameInfo::ResetInfo - SyncLevel set to 0 on reset
21:25:33.96   GameInfo::ResetInfo - SyncLevel set to 0 on reset
21:25:33.96   GameInfo::ResetInfo - SyncLevel set to 0 on reset
21:25:33.96   GameInfo::ResetInfo - SyncLevel set to 0 on reset
21:25:33.96   GameInfo::ResetInfo - SyncLevel set to 0 on reset
21:25:33.97   GameInfo::ResetInfo - SyncLevel set to 0 on reset
21:25:33.97   GameInfo::ResetInfo - SyncLevel set to 0 on reset
21:25:33.97   GameInfo::ResetInfo - SyncLevel set to 0 on reset
21:25:33.97   GameInfo::ResetInfo - SyncLevel set to 0 on reset
21:25:33.97   GameInfo::ResetInfo - SyncLevel set to 0 on reset
21:25:33.97   GameInfo::ResetInfo - SyncLevel set to 0 on reset
21:25:33.97   GameInfo::ResetInfo - SyncLevel set to 0 on reset
21:25:33.97   GameInfo::ResetInfo - SyncLevel set to 0 on reset
21:25:33.97   GameInfo::ResetInfo - SyncLevel set to 0 on reset
21:25:33.97   GameInfo::ResetInfo - SyncLevel set to 0 on reset
21:25:33.97   GameInfo::ResetInfo - SyncLevel set to 0 on reset
21:25:33.97   GameInfo::ResetInfo - SyncLevel set to 0 on reset
21:25:33.97   GameInfo::ResetInfo - SyncLevel set to 0 on reset
21:25:33.97   GameInfo::ResetInfo - SyncLevel set to 0 on reset
21:25:33.97   GameInfo::ResetInfo - SyncLevel set to 0 on reset
21:25:33.97   GameInfo::ResetInfo - SyncLevel set to 0 on reset
21:25:33.97   GameInfo::ResetInfo - SyncLevel set to 0 on reset
21:25:33.97   GameInfo::ResetInfo - SyncLevel set to 0 on reset
21:25:33.97   GameInfo::ResetInfo - SyncLevel set to 0 on reset
21:25:33.97   GameInfo::ResetInfo - SyncLevel set to 0 on reset
21:25:33.97   GameInfo::ResetInfo - SyncLevel set to 0 on reset
21:25:33.97   GameInfo::ResetInfo - SyncLevel set to 0 on reset
21:25:33.97   GameInfo::ResetInfo - SyncLevel set to 0 on reset
21:25:33.97   GameInfo::ResetInfo - SyncLevel set to 0 on reset
21:25:33.97   GameInfo::ResetInfo - SyncLevel set to 0 on reset
21:25:33.97   GameInfo::ResetInfo - SyncLevel set to 0 on reset
21:25:33.98   GameInfo::ResetInfo - SyncLevel set to 0 on reset
21:25:33.98   GameInfo::ResetInfo - SyncLevel set to 0 on reset
21:25:33.98   GameInfo::ResetInfo - SyncLevel set to 0 on reset
21:25:33.98   GameInfo::ResetInfo - SyncLevel set to 0 on reset
21:25:33.98   GameInfo::ResetInfo - SyncLevel set to 0 on reset
21:25:33.98   GameInfo::ResetInfo - SyncLevel set to 0 on reset
21:25:33.98   GameInfo::ResetInfo - SyncLevel set to 0 on reset
21:25:33.98   GameInfo::ResetInfo - SyncLevel set to 0 on reset
21:25:33.98   GameInfo::ResetInfo - SyncLevel set to 0 on reset
21:25:33.98   GameInfo::ResetInfo - SyncLevel set to 0 on reset
21:25:33.98   GameInfo::ResetInfo - SyncLevel set to 0 on reset
21:25:33.98   GameInfo::ResetInfo - SyncLevel set to 0 on reset
21:25:33.98   GameInfo::ResetInfo - SyncLevel set to 0 on reset
21:25:33.98   GameInfo::ResetInfo - SyncLevel set to 0 on reset
21:25:33.98   GameInfo::ResetInfo - SyncLevel set to 0 on reset
21:25:33.98   GameInfo::ResetInfo - SyncLevel set to 0 on reset
21:25:33.98   GameInfo::ResetInfo - SyncLevel set to 0 on reset
21:25:33.98   GameInfo::ResetInfo - SyncLevel set to 0 on reset
21:25:33.98   GameInfo::ResetInfo - SyncLevel set to 0 on reset
21:25:33.99   GameInfo::ResetInfo - SyncLevel set to 0 on reset
21:25:33.99   GameInfo::ResetInfo - SyncLevel set to 0 on reset
21:25:33.99   GameInfo::ResetInfo - SyncLevel set to 0 on reset
21:25:33.99   GameInfo::ResetInfo - SyncLevel set to 0 on reset
21:25:33.99   GameInfo::ResetInfo - SyncLevel set to 0 on reset
21:25:33.99   GameInfo::ResetInfo - SyncLevel set to 0 on reset
21:25:33.99   GameInfo::ResetInfo - SyncLevel set to 0 on reset
21:25:33.99   GameInfo::ResetInfo - SyncLevel set to 0 on reset
21:25:33.99   GameInfo::ResetInfo - SyncLevel set to 0 on reset
21:25:33.99   GameInfo::ResetInfo - SyncLevel set to 0 on reset
21:25:33.99   GameInfo::ResetInfo - SyncLevel set to 0 on reset
21:25:33.99   GameInfo::ResetInfo - SyncLevel set to 0 on reset
21:25:33.99   GameInfo::ResetInfo - SyncLevel set to 0 on reset
21:25:33.99   GameInfo::ResetInfo - SyncLevel set to 0 on reset
21:25:33.99   GameInfo::ResetInfo - SyncLevel set to 0 on reset
21:25:33.99   GameInfo::ResetInfo - SyncLevel set to 0 on reset
21:25:33.99   GameInfo::ResetInfo - SyncLevel set to 0 on reset
21:25:33.99   GameInfo::ResetInfo - SyncLevel set to 0 on reset
21:25:33.99   GameInfo::ResetInfo - SyncLevel set to 0 on reset
21:25:33.99   GameInfo::ResetInfo - SyncLevel set to 0 on reset
21:25:33.99   GameInfo::ResetInfo - SyncLevel set to 0 on reset
21:25:33.99   GameInfo::ResetInfo - SyncLevel set to 0 on reset
21:25:33.99   GameInfo::ResetInfo - SyncLevel set to 0 on reset
21:25:33.99   GameInfo::ResetInfo - SyncLevel set to 0 on reset
21:25:34.00   GameInfo::ResetInfo - SyncLevel set to 0 on reset
21:25:34.00   GameInfo::ResetInfo - SyncLevel set to 0 on reset
21:25:34.00   GameInfo::ResetInfo - SyncLevel set to 0 on reset
21:25:34.00   GameInfo::ResetInfo - SyncLevel set to 0 on reset
21:25:34.00   GameInfo::ResetInfo - SyncLevel set to 0 on reset
21:25:34.00   GameInfo::ResetInfo - SyncLevel set to 0 on reset
21:25:34.00   GameInfo::ResetInfo - SyncLevel set to 0 on reset
21:25:34.00   GameInfo::ResetInfo - SyncLevel set to 0 on reset
21:25:34.00   GameInfo::ResetInfo - SyncLevel set to 0 on reset
21:25:34.00   GameInfo::ResetInfo - SyncLevel set to 0 on reset
21:25:34.00   GameInfo::ResetInfo - SyncLevel set to 0 on reset
21:25:34.00   GameInfo::ResetInfo - SyncLevel set to 0 on reset
21:25:34.00   GameInfo::ResetInfo - SyncLevel set to 0 on reset
21:25:34.00   GameInfo::ResetInfo - SyncLevel set to 0 on reset
21:25:34.00   GameInfo::ResetInfo - SyncLevel set to 0 on reset
21:25:34.00   GameInfo::ResetInfo - SyncLevel set to 0 on reset
21:25:34.00   GameInfo::ResetInfo - SyncLevel set to 0 on reset
21:25:34.00   GameInfo::ResetInfo - SyncLevel set to 0 on reset
21:25:34.00   GameInfo::ResetInfo - SyncLevel set to 0 on reset
21:25:34.00   GameInfo::ResetInfo - SyncLevel set to 0 on reset
21:25:34.00   GameInfo::ResetInfo - SyncLevel set to 0 on reset
21:25:34.00   GameInfo::ResetInfo - SyncLevel set to 0 on reset
21:25:34.00   GameInfo::ResetInfo - SyncLevel set to 0 on reset
21:25:34.00   GameInfo::ResetInfo - SyncLevel set to 0 on reset
21:25:34.01   GameInfo::ResetInfo - SyncLevel set to 0 on reset
21:25:34.01   GameInfo::ResetInfo - SyncLevel set to 0 on reset
21:25:34.01   GameInfo::ResetInfo - SyncLevel set to 0 on reset
21:25:34.01   GameInfo::ResetInfo - SyncLevel set to 0 on reset
21:25:34.01   GameInfo::ResetInfo - SyncLevel set to 0 on reset
21:25:34.01   GameInfo::ResetInfo - SyncLevel set to 0 on reset
21:25:34.01   GameInfo::ResetInfo - SyncLevel set to 0 on reset
21:25:34.01   GameInfo::ResetInfo - SyncLevel set to 0 on reset
21:25:34.01   GameInfo::ResetInfo - SyncLevel set to 0 on reset
21:25:34.01   GameInfo::ResetInfo - SyncLevel set to 0 on reset
21:25:34.01   GameInfo::ResetInfo - SyncLevel set to 0 on reset
21:25:34.01   GameInfo::ResetInfo - SyncLevel set to 0 on reset
21:25:34.01   GameInfo::ResetInfo - SyncLevel set to 0 on reset
21:25:34.01   GameInfo::ResetInfo - SyncLevel set to 0 on reset
21:25:34.01   GameInfo::ResetInfo - SyncLevel set to 0 on reset
21:25:34.01   GameInfo::ResetInfo - SyncLevel set to 0 on reset
21:25:34.01   GameInfo::ResetInfo - SyncLevel set to 0 on reset
21:25:34.01   GameInfo::ResetInfo - SyncLevel set to 0 on reset
21:25:34.02   GameInfo::ResetInfo - SyncLevel set to 0 on reset
21:25:34.02   GameInfo::ResetInfo - SyncLevel set to 0 on reset
21:25:34.02   GameInfo::ResetInfo - SyncLevel set to 0 on reset
21:25:34.02   GameInfo::ResetInfo - SyncLevel set to 0 on reset
21:25:34.02   GameInfo::ResetInfo - SyncLevel set to 0 on reset
21:25:34.02   GameInfo::ResetInfo - SyncLevel set to 0 on reset
21:25:34.02   GameInfo::ResetInfo - SyncLevel set to 0 on reset
21:25:34.02   GameInfo::ResetInfo - SyncLevel set to 0 on reset
21:25:34.02   GameInfo::ResetInfo - SyncLevel set to 0 on reset
21:25:34.02   GameInfo::ResetInfo - SyncLevel set to 0 on reset
21:25:34.02   GameInfo::ResetInfo - SyncLevel set to 0 on reset
21:25:34.02   GameInfo::ResetInfo - SyncLevel set to 0 on reset
21:25:34.02   GameInfo::ResetInfo - SyncLevel set to 0 on reset
21:25:34.02   GameInfo::ResetInfo - SyncLevel set to 0 on reset
21:25:34.02   GameInfo::ResetInfo - SyncLevel set to 0 on reset
21:25:34.02   GameInfo::ResetInfo - SyncLevel set to 0 on reset
21:25:34.02   GameInfo::ResetInfo - SyncLevel set to 0 on reset
21:25:34.02   GameInfo::ResetInfo - SyncLevel set to 0 on reset
21:25:34.02   GameInfo::ResetInfo - SyncLevel set to 0 on reset
21:25:34.02   GameInfo::ResetInfo - SyncLevel set to 0 on reset
21:25:34.02   GameInfo::ResetInfo - SyncLevel set to 0 on reset
21:25:34.02   GameInfo::ResetInfo - SyncLevel set to 0 on reset
21:25:34.03   GameInfo::ResetInfo - SyncLevel set to 0 on reset
21:25:34.03   GameInfo::ResetInfo - SyncLevel set to 0 on reset
21:25:34.03   GameInfo::ResetInfo - SyncLevel set to 0 on reset
21:25:34.03   GameInfo::ResetInfo - SyncLevel set to 0 on reset
21:25:34.03   GameInfo::ResetInfo - SyncLevel set to 0 on reset
21:25:34.03   GameInfo::ResetInfo - SyncLevel set to 0 on reset
21:25:34.03   GameInfo::ResetInfo - SyncLevel set to 0 on reset
21:25:34.03   GameInfo::ResetInfo - SyncLevel set to 0 on reset
21:25:34.03   GameInfo::ResetInfo - SyncLevel set to 0 on reset
21:25:34.03   GameInfo::ResetInfo - SyncLevel set to 0 on reset
21:25:34.03   GameInfo::ResetInfo - SyncLevel set to 0 on reset
21:25:34.03   GameInfo::ResetInfo - SyncLevel set to 0 on reset
21:25:34.03   GameInfo::ResetInfo - SyncLevel set to 0 on reset
21:25:34.03   GameInfo::ResetInfo - SyncLevel set to 0 on reset
21:25:34.03   GameInfo::ResetInfo - SyncLevel set to 0 on reset
21:25:34.03   GameInfo::ResetInfo - SyncLevel set to 0 on reset
21:25:34.03   GameInfo::ResetInfo - SyncLevel set to 0 on reset
21:25:34.03   GameInfo::ResetInfo - SyncLevel set to 0 on reset
21:25:34.03   GameInfo::ResetInfo - SyncLevel set to 0 on reset
21:25:34.03   GameInfo::ResetInfo - SyncLevel set to 0 on reset
21:25:34.03   GameInfo::ResetInfo - SyncLevel set to 0 on reset
21:25:34.03   GameInfo::ResetInfo - SyncLevel set to 0 on reset
21:25:34.03   GameInfo::ResetInfo - SyncLevel set to 0 on reset
21:25:34.04   GameInfo::ResetInfo - SyncLevel set to 0 on reset
21:25:34.04   GameInfo::ResetInfo - SyncLevel set to 0 on reset
21:25:34.04   GameInfo::ResetInfo - SyncLevel set to 0 on reset
21:25:34.04   GameInfo::ResetInfo - SyncLevel set to 0 on reset
21:25:34.04   GameInfo::ResetInfo - SyncLevel set to 0 on reset
21:25:34.04   GameInfo::ResetInfo - SyncLevel set to 0 on reset
21:25:34.04   GameInfo::ResetInfo - SyncLevel set to 0 on reset
21:25:34.04   GameInfo::ResetInfo - SyncLevel set to 0 on reset
21:25:34.04   GameInfo::ResetInfo - SyncLevel set to 0 on reset
21:25:34.04   GameInfo::ResetInfo - SyncLevel set to 0 on reset
21:25:34.04   GameInfo::ResetInfo - SyncLevel set to 0 on reset
21:25:34.04   GameInfo::ResetInfo - SyncLevel set to 0 on reset
21:25:34.04   GameInfo::ResetInfo - SyncLevel set to 0 on reset
21:25:34.04   GameInfo::ResetInfo - SyncLevel set to 0 on reset
21:25:34.04   GameInfo::ResetInfo - SyncLevel set to 0 on reset
21:25:34.04   GameInfo::ResetInfo - SyncLevel set to 0 on reset
21:25:34.04   GameInfo::ResetInfo - SyncLevel set to 0 on reset
21:25:34.04   GameInfo::ResetInfo - SyncLevel set to 0 on reset
21:25:34.04   GameInfo::ResetInfo - SyncLevel set to 0 on reset
21:25:34.04   GameInfo::ResetInfo - SyncLevel set to 0 on reset
21:25:34.04   GameInfo::ResetInfo - SyncLevel set to 0 on reset
21:25:34.05   GameInfo::ResetInfo - SyncLevel set to 0 on reset
21:25:34.05   GameInfo::ResetInfo - SyncLevel set to 0 on reset
21:25:34.05   GameInfo::ResetInfo - SyncLevel set to 0 on reset
21:25:34.05   GameInfo::ResetInfo - SyncLevel set to 0 on reset
21:25:34.05   GameInfo::ResetInfo - SyncLevel set to 0 on reset
21:25:34.05   GameInfo::ResetInfo - SyncLevel set to 0 on reset
21:25:34.05   GameInfo::ResetInfo - SyncLevel set to 0 on reset
21:25:34.05   GameInfo::ResetInfo - SyncLevel set to 0 on reset
21:25:34.05   GameInfo::ResetInfo - SyncLevel set to 0 on reset
21:25:34.05   GameInfo::ResetInfo - SyncLevel set to 0 on reset
21:25:34.05   GameInfo::ResetInfo - SyncLevel set to 0 on reset
21:25:34.05   GameInfo::ResetInfo - SyncLevel set to 0 on reset
21:25:34.05   GameInfo::ResetInfo - SyncLevel set to 0 on reset
21:25:34.05   GameInfo::ResetInfo - SyncLevel set to 0 on reset
21:25:34.05   GameInfo::ResetInfo - SyncLevel set to 0 on reset
21:25:34.05   GameInfo::ResetInfo - SyncLevel set to 0 on reset
21:25:34.05   GameInfo::ResetInfo - SyncLevel set to 0 on reset
21:25:34.05   GameInfo::ResetInfo - SyncLevel set to 0 on reset
21:25:34.05   GameInfo::ResetInfo - SyncLevel set to 0 on reset
21:25:34.05   GameInfo::ResetInfo - SyncLevel set to 0 on reset
21:25:34.05   GameInfo::ResetInfo - SyncLevel set to 0 on reset
21:25:34.06   GameInfo::ResetInfo - SyncLevel set to 0 on reset
21:25:34.06   GameInfo::ResetInfo - SyncLevel set to 0 on reset
21:25:34.06   GameInfo::ResetInfo - SyncLevel set to 0 on reset
21:25:34.06   GameInfo::ResetInfo - SyncLevel set to 0 on reset
21:25:34.06   GameInfo::ResetInfo - SyncLevel set to 0 on reset
21:25:34.06   GameInfo::ResetInfo - SyncLevel set to 0 on reset
21:25:34.06   GameInfo::ResetInfo - SyncLevel set to 0 on reset
21:25:34.06   GameInfo::ResetInfo - SyncLevel set to 0 on reset
21:25:34.06   GameInfo::ResetInfo - SyncLevel set to 0 on reset
21:25:34.06   GameInfo::ResetInfo - SyncLevel set to 0 on reset
21:25:34.06   GameInfo::ResetInfo - SyncLevel set to 0 on reset
21:25:34.06   GameInfo::ResetInfo - SyncLevel set to 0 on reset
21:25:34.06   GameInfo::ResetInfo - SyncLevel set to 0 on reset
21:25:34.06   GameInfo::ResetInfo - SyncLevel set to 0 on reset
21:25:34.06   GameInfo::ResetInfo - SyncLevel set to 0 on reset
21:25:34.06   GameInfo::ResetInfo - SyncLevel set to 0 on reset
21:25:34.06   GameInfo::ResetInfo - SyncLevel set to 0 on reset
21:25:34.06   GameInfo::ResetInfo - SyncLevel set to 0 on reset
21:25:34.07   GameInfo::ResetInfo - SyncLevel set to 0 on reset
21:25:34.07   GameInfo::ResetInfo - SyncLevel set to 0 on reset
21:25:34.07   GameInfo::ResetInfo - SyncLevel set to 0 on reset
21:25:34.07   GameInfo::ResetInfo - SyncLevel set to 0 on reset
21:25:34.07   GameInfo::ResetInfo - SyncLevel set to 0 on reset
21:25:34.07   GameInfo::ResetInfo - SyncLevel set to 0 on reset
21:25:34.07   GameInfo::ResetInfo - SyncLevel set to 0 on reset
21:25:34.07   GameInfo::ResetInfo - SyncLevel set to 0 on reset
21:25:34.07   GameInfo::ResetInfo - SyncLevel set to 0 on reset
21:25:34.07   GameInfo::ResetInfo - SyncLevel set to 0 on reset
21:25:34.07   GameInfo::ResetInfo - SyncLevel set to 0 on reset
21:25:34.07   GameInfo::ResetInfo - SyncLevel set to 0 on reset
21:25:34.07   GameInfo::ResetInfo - SyncLevel set to 0 on reset
21:25:34.07   GameInfo::ResetInfo - SyncLevel set to 0 on reset
21:25:34.07   GameInfo::ResetInfo - SyncLevel set to 0 on reset
21:25:34.07   GameInfo::ResetInfo - SyncLevel set to 0 on reset
21:25:34.07   GameInfo::ResetInfo - SyncLevel set to 0 on reset
21:25:34.07   GameInfo::ResetInfo - SyncLevel set to 0 on reset
21:25:34.07   GameInfo::ResetInfo - SyncLevel set to 0 on reset
21:25:34.07   GameInfo::ResetInfo - SyncLevel set to 0 on reset
21:25:34.07   GameInfo::ResetInfo - SyncLevel set to 0 on reset
21:25:34.08   GameInfo::ResetInfo - SyncLevel set to 0 on reset
21:25:34.08   GameInfo::ResetInfo - SyncLevel set to 0 on reset
21:25:34.08   GameInfo::ResetInfo - SyncLevel set to 0 on reset
21:25:34.08   GameInfo::ResetInfo - SyncLevel set to 0 on reset
21:25:34.08   GameInfo::ResetInfo - SyncLevel set to 0 on reset
21:25:34.08   GameInfo::ResetInfo - SyncLevel set to 0 on reset
21:25:34.08   GameInfo::ResetInfo - SyncLevel set to 0 on reset
21:25:34.08   GameInfo::ResetInfo - SyncLevel set to 0 on reset
21:25:34.08   GameInfo::ResetInfo - SyncLevel set to 0 on reset
21:25:34.08   GameInfo::ResetInfo - SyncLevel set to 0 on reset
21:25:34.08   GameInfo::ResetInfo - SyncLevel set to 0 on reset
21:25:34.08   GameInfo::ResetInfo - SyncLevel set to 0 on reset
21:25:34.08   GameInfo::ResetInfo - SyncLevel set to 0 on reset
21:25:34.09   GameInfo::ResetInfo - SyncLevel set to 0 on reset
21:25:34.09   GameInfo::ResetInfo - SyncLevel set to 0 on reset
21:25:34.09   GameInfo::ResetInfo - SyncLevel set to 0 on reset
21:25:34.09   GameInfo::ResetInfo - SyncLevel set to 0 on reset
21:25:34.09   GameInfo::ResetInfo - SyncLevel set to 0 on reset
21:25:34.09   GameInfo::ResetInfo - SyncLevel set to 0 on reset
21:25:34.09   GameInfo::ResetInfo - SyncLevel set to 0 on reset
21:25:34.09   GameInfo::ResetInfo - SyncLevel set to 0 on reset
21:25:34.09   GameInfo::ResetInfo - SyncLevel set to 0 on reset
21:25:34.09   GameInfo::ResetInfo - SyncLevel set to 0 on reset
21:25:34.09   GameInfo::ResetInfo - SyncLevel set to 0 on reset
21:25:34.09   GameInfo::ResetInfo - SyncLevel set to 0 on reset
21:25:34.09   GameInfo::ResetInfo - SyncLevel set to 0 on reset
21:25:34.09   GameInfo::ResetInfo - SyncLevel set to 0 on reset
21:25:34.09   GameInfo::ResetInfo - SyncLevel set to 0 on reset
21:25:34.09   GameInfo::ResetInfo - SyncLevel set to 0 on reset
21:25:34.09   GameInfo::ResetInfo - SyncLevel set to 0 on reset
21:25:34.10   GameInfo::ResetInfo - SyncLevel set to 0 on reset
21:25:34.10   GameInfo::ResetInfo - SyncLevel set to 0 on reset
21:25:34.10   GameInfo::ResetInfo - SyncLevel set to 0 on reset
21:25:34.10   GameInfo::ResetInfo - SyncLevel set to 0 on reset
21:25:34.10   GameInfo::ResetInfo - SyncLevel set to 0 on reset
21:25:34.10   GameInfo::ResetInfo - SyncLevel set to 0 on reset
21:25:34.10   GameInfo::ResetInfo - SyncLevel set to 0 on reset
21:25:34.10   GameInfo::ResetInfo - SyncLevel set to 0 on reset
21:25:34.10   GameInfo::ResetInfo - SyncLevel set to 0 on reset
21:25:34.10   GameInfo::ResetInfo - SyncLevel set to 0 on reset
21:25:34.10   GameInfo::ResetInfo - SyncLevel set to 0 on reset
21:25:34.10   GameInfo::ResetInfo - SyncLevel set to 0 on reset
21:25:34.10   GameInfo::ResetInfo - SyncLevel set to 0 on reset
21:25:34.10   GameInfo::ResetInfo - SyncLevel set to 0 on reset
21:25:34.10   GameInfo::ResetInfo - SyncLevel set to 0 on reset
21:25:34.10   GameInfo::ResetInfo - SyncLevel set to 0 on reset
21:25:34.10   GameInfo::ResetInfo - SyncLevel set to 0 on reset
21:25:34.10   GameInfo::ResetInfo - SyncLevel set to 0 on reset
21:25:34.10   GameInfo::ResetInfo - SyncLevel set to 0 on reset
21:25:34.10   GameInfo::ResetInfo - SyncLevel set to 0 on reset
21:25:34.10   GameInfo::ResetInfo - SyncLevel set to 0 on reset
21:25:34.10   GameInfo::ResetInfo - SyncLevel set to 0 on reset
21:25:34.10   GameInfo::ResetInfo - SyncLevel set to 0 on reset
21:25:34.10   GameInfo::ResetInfo - SyncLevel set to 0 on reset
21:25:34.10   GameInfo::ResetInfo - SyncLevel set to 0 on reset
21:25:34.10   GameInfo::ResetInfo - SyncLevel set to 0 on reset
21:25:34.10   GameInfo::ResetInfo - SyncLevel set to 0 on reset
21:25:34.10   GameInfo::ResetInfo - SyncLevel set to 0 on reset
21:25:34.10   GameInfo::ResetInfo - SyncLevel set to 0 on reset
21:25:34.10   GameInfo::ResetInfo - SyncLevel set to 0 on reset
21:25:34.11   GameInfo::ResetInfo - SyncLevel set to 0 on reset
21:25:34.11   GameInfo::ResetInfo - SyncLevel set to 0 on reset
21:25:34.11   GameInfo::ResetInfo - SyncLevel set to 0 on reset
21:25:34.11   GameInfo::ResetInfo - SyncLevel set to 0 on reset
21:25:34.11   GameInfo::ResetInfo - SyncLevel set to 0 on reset
21:25:34.11   GameInfo::ResetInfo - SyncLevel set to 0 on reset
21:25:34.11   GameInfo::ResetInfo - SyncLevel set to 0 on reset
21:25:34.11   GameInfo::ResetInfo - SyncLevel set to 0 on reset
21:25:34.11   GameInfo::ResetInfo - SyncLevel set to 0 on reset
21:25:34.11   GameInfo::ResetInfo - SyncLevel set to 0 on reset
21:25:34.11   GameInfo::ResetInfo - SyncLevel set to 0 on reset
21:25:34.11   GameInfo::ResetInfo - SyncLevel set to 0 on reset
21:25:34.11   GameInfo::ResetInfo - SyncLevel set to 0 on reset
21:25:34.11   GameInfo::ResetInfo - SyncLevel set to 0 on reset
21:25:34.11   GameInfo::ResetInfo - SyncLevel set to 0 on reset
21:25:34.11   GameInfo::ResetInfo - SyncLevel set to 0 on reset
21:25:34.11   GameInfo::ResetInfo - SyncLevel set to 0 on reset
21:25:34.11   GameInfo::ResetInfo - SyncLevel set to 0 on reset
21:25:34.11   GameInfo::ResetInfo - SyncLevel set to 0 on reset
21:25:34.11   GameInfo::ResetInfo - SyncLevel set to 0 on reset
21:25:34.11   GameInfo::ResetInfo - SyncLevel set to 0 on reset
21:25:34.11   GameInfo::ResetInfo - SyncLevel set to 0 on reset
21:25:34.11   GameInfo::ResetInfo - SyncLevel set to 0 on reset
21:25:34.11   GameInfo::ResetInfo - SyncLevel set to 0 on reset
21:25:34.12   GameInfo::ResetInfo - SyncLevel set to 0 on reset
21:25:34.12   GameInfo::ResetInfo - SyncLevel set to 0 on reset
21:25:34.12   GameInfo::ResetInfo - SyncLevel set to 0 on reset
21:25:34.12   GameInfo::ResetInfo - SyncLevel set to 0 on reset
21:25:34.12   GameInfo::ResetInfo - SyncLevel set to 0 on reset
21:25:34.12   GameInfo::ResetInfo - SyncLevel set to 0 on reset
21:25:34.12   GameInfo::ResetInfo - SyncLevel set to 0 on reset
21:25:34.12   GameInfo::ResetInfo - SyncLevel set to 0 on reset
21:25:34.12   GameInfo::ResetInfo - SyncLevel set to 0 on reset
21:25:34.12   GameInfo::ResetInfo - SyncLevel set to 0 on reset
21:25:34.12   GameInfo::ResetInfo - SyncLevel set to 0 on reset
21:25:34.12   GameInfo::ResetInfo - SyncLevel set to 0 on reset
21:25:34.12   GameInfo::ResetInfo - SyncLevel set to 0 on reset
21:25:34.12   GameInfo::ResetInfo - SyncLevel set to 0 on reset
21:25:34.12   GameInfo::ResetInfo - SyncLevel set to 0 on reset
21:25:34.12   GameInfo::ResetInfo - SyncLevel set to 0 on reset
21:25:34.12   GameInfo::ResetInfo - SyncLevel set to 0 on reset
21:25:34.12   GameInfo::ResetInfo - SyncLevel set to 0 on reset
21:25:34.12   GameInfo::ResetInfo - SyncLevel set to 0 on reset
21:25:34.12   GameInfo::ResetInfo - SyncLevel set to 0 on reset
21:25:34.12   GameInfo::ResetInfo - SyncLevel set to 0 on reset
21:25:34.12   GameInfo::ResetInfo - SyncLevel set to 0 on reset
21:25:34.12   GameInfo::ResetInfo - SyncLevel set to 0 on reset
21:25:34.12   GameInfo::ResetInfo - SyncLevel set to 0 on reset
21:25:34.13   GameInfo::ResetInfo - SyncLevel set to 0 on reset
21:25:34.13   GameInfo::ResetInfo - SyncLevel set to 0 on reset
21:25:34.13   GameInfo::ResetInfo - SyncLevel set to 0 on reset
21:25:34.13   GameInfo::ResetInfo - SyncLevel set to 0 on reset
21:25:34.13   GameInfo::ResetInfo - SyncLevel set to 0 on reset
21:25:34.13   GameInfo::ResetInfo - SyncLevel set to 0 on reset
21:25:34.13   GameInfo::ResetInfo - SyncLevel set to 0 on reset
21:25:34.13   GameInfo::ResetInfo - SyncLevel set to 0 on reset
21:25:34.13   GameInfo::ResetInfo - SyncLevel set to 0 on reset
21:25:34.13   GameInfo::ResetInfo - SyncLevel set to 0 on reset
21:25:34.13   GameInfo::ResetInfo - SyncLevel set to 0 on reset
21:25:34.13   GameInfo::ResetInfo - SyncLevel set to 0 on reset
21:25:34.13   GameInfo::ResetInfo - SyncLevel set to 0 on reset
21:25:34.13   GameInfo::ResetInfo - SyncLevel set to 0 on reset
21:25:34.13   GameInfo::ResetInfo - SyncLevel set to 0 on reset
21:25:34.13   GameInfo::ResetInfo - SyncLevel set to 0 on reset
21:25:34.13   GameInfo::ResetInfo - SyncLevel set to 0 on reset
21:25:34.13   GameInfo::ResetInfo - SyncLevel set to 0 on reset
21:25:34.13   GameInfo::ResetInfo - SyncLevel set to 0 on reset
21:25:34.13   GameInfo::ResetInfo - SyncLevel set to 0 on reset
21:25:34.13   GameInfo::ResetInfo - SyncLevel set to 0 on reset
21:25:34.13   GameInfo::ResetInfo - SyncLevel set to 0 on reset
21:25:34.13   GameInfo::ResetInfo - SyncLevel set to 0 on reset
21:25:34.13   GameInfo::ResetInfo - SyncLevel set to 0 on reset
21:25:34.13   GameInfo::ResetInfo - SyncLevel set to 0 on reset
21:25:34.13   GameInfo::ResetInfo - SyncLevel set to 0 on reset
21:25:34.13   GameInfo::ResetInfo - SyncLevel set to 0 on reset
21:25:34.14   GameInfo::ResetInfo - SyncLevel set to 0 on reset
21:25:34.14   GameInfo::ResetInfo - SyncLevel set to 0 on reset
21:25:34.14   GameInfo::ResetInfo - SyncLevel set to 0 on reset
21:25:34.14   GameInfo::ResetInfo - SyncLevel set to 0 on reset
21:25:34.14   GameInfo::ResetInfo - SyncLevel set to 0 on reset
21:25:34.14   GameInfo::ResetInfo - SyncLevel set to 0 on reset
21:25:34.14   GameInfo::ResetInfo - SyncLevel set to 0 on reset
21:25:34.14   GameInfo::ResetInfo - SyncLevel set to 0 on reset
21:25:34.14   GameInfo::ResetInfo - SyncLevel set to 0 on reset
21:25:34.14   GameInfo::ResetInfo - SyncLevel set to 0 on reset
21:25:34.14   GameInfo::ResetInfo - SyncLevel set to 0 on reset
21:25:34.14   GameInfo::ResetInfo - SyncLevel set to 0 on reset
21:25:34.14   GameInfo::ResetInfo - SyncLevel set to 0 on reset
21:25:34.14   GameInfo::ResetInfo - SyncLevel set to 0 on reset
21:25:34.14   GameInfo::ResetInfo - SyncLevel set to 0 on reset
21:25:34.14   GameInfo::ResetInfo - SyncLevel set to 0 on reset
21:25:34.14   GameInfo::ResetInfo - SyncLevel set to 0 on reset
21:25:34.15   GameInfo::ResetInfo - SyncLevel set to 0 on reset
21:25:34.15   GameInfo::ResetInfo - SyncLevel set to 0 on reset
21:25:34.15   GameInfo::ResetInfo - SyncLevel set to 0 on reset
21:25:34.15   GameInfo::ResetInfo - SyncLevel set to 0 on reset
21:25:34.15   GameInfo::ResetInfo - SyncLevel set to 0 on reset
21:25:34.15   GameInfo::ResetInfo - SyncLevel set to 0 on reset
21:25:34.15   GameInfo::ResetInfo - SyncLevel set to 0 on reset
21:25:34.15   GameInfo::ResetInfo - SyncLevel set to 0 on reset
21:25:34.15   GameInfo::ResetInfo - SyncLevel set to 0 on reset
21:25:34.15   GameInfo::ResetInfo - SyncLevel set to 0 on reset
21:25:34.15   GameInfo::ResetInfo - SyncLevel set to 0 on reset
21:25:34.15   GameInfo::ResetInfo - SyncLevel set to 0 on reset
21:25:34.15   GameInfo::ResetInfo - SyncLevel set to 0 on reset
21:25:34.15   GameInfo::ResetInfo - SyncLevel set to 0 on reset
21:25:34.15   GameInfo::ResetInfo - SyncLevel set to 0 on reset
21:25:34.15   GameInfo::ResetInfo - SyncLevel set to 0 on reset
21:25:34.15   GameInfo::ResetInfo - SyncLevel set to 0 on reset
21:25:34.15   GameInfo::ResetInfo - SyncLevel set to 0 on reset
21:25:34.15   GameInfo::ResetInfo - SyncLevel set to 0 on reset
21:25:34.15   GameInfo::ResetInfo - SyncLevel set to 0 on reset
21:25:34.15   GameInfo::ResetInfo - SyncLevel set to 0 on reset
21:25:34.15   GameInfo::ResetInfo - SyncLevel set to 0 on reset
21:25:34.16   GameInfo::ResetInfo - SyncLevel set to 0 on reset
21:25:34.16   GameInfo::ResetInfo - SyncLevel set to 0 on reset
21:25:34.16   GameInfo::ResetInfo - SyncLevel set to 0 on reset
21:25:34.16   GameInfo::ResetInfo - SyncLevel set to 0 on reset
21:25:34.16   GameInfo::ResetInfo - SyncLevel set to 0 on reset
21:25:34.16   GameInfo::ResetInfo - SyncLevel set to 0 on reset
21:25:34.16   GameInfo::ResetInfo - SyncLevel set to 0 on reset
21:25:34.16   GameInfo::ResetInfo - SyncLevel set to 0 on reset
21:25:34.16   GameInfo::ResetInfo - SyncLevel set to 0 on reset
21:25:34.16   GameInfo::ResetInfo - SyncLevel set to 0 on reset
21:25:34.16   GameInfo::ResetInfo - SyncLevel set to 0 on reset
21:25:34.16   GameInfo::ResetInfo - SyncLevel set to 0 on reset
21:25:34.16   GameInfo::ResetInfo - SyncLevel set to 0 on reset
21:25:34.16   GameInfo::ResetInfo - SyncLevel set to 0 on reset
21:25:34.16   GameInfo::ResetInfo - SyncLevel set to 0 on reset
21:25:34.16   GameInfo::ResetInfo - SyncLevel set to 0 on reset
21:25:34.16   GameInfo::ResetInfo - SyncLevel set to 0 on reset
21:25:34.16   GameInfo::ResetInfo - SyncLevel set to 0 on reset
21:25:34.16   GameInfo::ResetInfo - SyncLevel set to 0 on reset
21:25:34.16   GameInfo::ResetInfo - SyncLevel set to 0 on reset
21:25:34.16   GameInfo::ResetInfo - SyncLevel set to 0 on reset
21:25:34.16   GAME -- Error reading header for recorded game PLAYBACK:8P_MONTARGIS_REGION_POINTS_UP.2019-01-28.01-38-28.rec
21:25:34.16   GameInfo::ResetInfo - SyncLevel set to 0 on reset
21:25:34.16   GameInfo::ResetInfo - SyncLevel set to 0 on reset
21:25:34.16   GameInfo::ResetInfo - SyncLevel set to 0 on reset
21:25:34.16   GAME -- Error reading header for recorded game PLAYBACK:8P_MONTARGIS_REGION_POINTS_UP.2019-08-27.22-25-49.rec
21:25:34.16   GameInfo::ResetInfo - SyncLevel set to 0 on reset
21:25:34.16   GameInfo::ResetInfo - SyncLevel set to 0 on reset
21:25:34.17   GameInfo::ResetInfo - SyncLevel set to 0 on reset
21:25:34.17   GameInfo::ResetInfo - SyncLevel set to 0 on reset
21:25:34.17   GameInfo::ResetInfo - SyncLevel set to 0 on reset
21:25:34.17   GameInfo::ResetInfo - SyncLevel set to 0 on reset
21:25:34.17   GameInfo::ResetInfo - SyncLevel set to 0 on reset
21:25:34.17   GameInfo::ResetInfo - SyncLevel set to 0 on reset
21:25:34.17   GameInfo::ResetInfo - SyncLevel set to 0 on reset
21:25:34.17   GameInfo::ResetInfo - SyncLevel set to 0 on reset
21:25:34.17   GameInfo::ResetInfo - SyncLevel set to 0 on reset
21:25:34.17   GameInfo::ResetInfo - SyncLevel set to 0 on reset
21:25:34.17   GameInfo::ResetInfo - SyncLevel set to 0 on reset
21:25:34.17   GameInfo::ResetInfo - SyncLevel set to 0 on reset
21:25:34.17   GameInfo::ResetInfo - SyncLevel set to 0 on reset
21:25:34.17   GameInfo::ResetInfo - SyncLevel set to 0 on reset
21:25:34.17   GameInfo::ResetInfo - SyncLevel set to 0 on reset
21:25:34.17   GameInfo::ResetInfo - SyncLevel set to 0 on reset
21:25:34.17   GameInfo::ResetInfo - SyncLevel set to 0 on reset
21:25:34.17   GameInfo::ResetInfo - SyncLevel set to 0 on reset
21:25:34.17   GameInfo::ResetInfo - SyncLevel set to 0 on reset
21:25:34.18   GameInfo::ResetInfo - SyncLevel set to 0 on reset
21:25:34.18   GameInfo::ResetInfo - SyncLevel set to 0 on reset
21:25:34.18   GameInfo::ResetInfo - SyncLevel set to 0 on reset
21:25:34.18   GameInfo::ResetInfo - SyncLevel set to 0 on reset
21:25:34.18   GameInfo::ResetInfo - SyncLevel set to 0 on reset
21:25:34.18   GameInfo::ResetInfo - SyncLevel set to 0 on reset
21:25:34.18   GameInfo::ResetInfo - SyncLevel set to 0 on reset
21:25:34.18   GameInfo::ResetInfo - SyncLevel set to 0 on reset
21:25:34.18   GameInfo::ResetInfo - SyncLevel set to 0 on reset
21:25:34.18   GameInfo::ResetInfo - SyncLevel set to 0 on reset
21:25:34.18   GameInfo::ResetInfo - SyncLevel set to 0 on reset
21:25:34.18   GameInfo::ResetInfo - SyncLevel set to 0 on reset
21:25:34.18   GameInfo::ResetInfo - SyncLevel set to 0 on reset
21:25:34.18   GameInfo::ResetInfo - SyncLevel set to 0 on reset
21:25:34.18   GameInfo::ResetInfo - SyncLevel set to 0 on reset
21:25:34.18   GameInfo::ResetInfo - SyncLevel set to 0 on reset
21:25:34.18   GameInfo::ResetInfo - SyncLevel set to 0 on reset
21:25:34.18   GameInfo::ResetInfo - SyncLevel set to 0 on reset
21:25:34.18   GameInfo::ResetInfo - SyncLevel set to 0 on reset
21:25:34.18   GameInfo::ResetInfo - SyncLevel set to 0 on reset
21:25:34.18   GameInfo::ResetInfo - SyncLevel set to 0 on reset
21:25:34.18   GameInfo::ResetInfo - SyncLevel set to 0 on reset
21:25:34.18   GameInfo::ResetInfo - SyncLevel set to 0 on reset
21:25:34.18   GameInfo::ResetInfo - SyncLevel set to 0 on reset
21:25:34.18   GameInfo::ResetInfo - SyncLevel set to 0 on reset
21:25:34.18   GameInfo::ResetInfo - SyncLevel set to 0 on reset
21:25:34.18   GameInfo::ResetInfo - SyncLevel set to 0 on reset
21:25:34.19   GameInfo::ResetInfo - SyncLevel set to 0 on reset
21:25:34.19   GameInfo::ResetInfo - SyncLevel set to 0 on reset
21:25:34.19   GameInfo::ResetInfo - SyncLevel set to 0 on reset
21:25:34.19   GameInfo::ResetInfo - SyncLevel set to 0 on reset
21:25:34.19   GameInfo::ResetInfo - SyncLevel set to 0 on reset
21:25:34.19   GameInfo::ResetInfo - SyncLevel set to 0 on reset
21:25:34.19   GameInfo::ResetInfo - SyncLevel set to 0 on reset
21:25:34.19   GameInfo::ResetInfo - SyncLevel set to 0 on reset
21:25:34.19   GameInfo::ResetInfo - SyncLevel set to 0 on reset
21:25:34.19   GameInfo::ResetInfo - SyncLevel set to 0 on reset
21:25:34.19   GameInfo::ResetInfo - SyncLevel set to 0 on reset
21:25:34.19   GameInfo::ResetInfo - SyncLevel set to 0 on reset
21:25:34.19   GameInfo::ResetInfo - SyncLevel set to 0 on reset
21:25:34.19   GameInfo::ResetInfo - SyncLevel set to 0 on reset
21:25:34.19   GameInfo::ResetInfo - SyncLevel set to 0 on reset
21:25:34.19   GameInfo::ResetInfo - SyncLevel set to 0 on reset
21:25:34.19   GameInfo::ResetInfo - SyncLevel set to 0 on reset
21:25:34.19   GameInfo::ResetInfo - SyncLevel set to 0 on reset
21:25:34.19   GameInfo::ResetInfo - SyncLevel set to 0 on reset
21:25:34.19   GameInfo::ResetInfo - SyncLevel set to 0 on reset
21:25:34.19   GameInfo::ResetInfo - SyncLevel set to 0 on reset
21:25:34.20   GameInfo::ResetInfo - SyncLevel set to 0 on reset
21:25:34.20   GameInfo::ResetInfo - SyncLevel set to 0 on reset
21:25:34.20   GameInfo::ResetInfo - SyncLevel set to 0 on reset
21:25:34.20   GameInfo::ResetInfo - SyncLevel set to 0 on reset
21:25:34.20   GameInfo::ResetInfo - SyncLevel set to 0 on reset
21:25:34.20   GameInfo::ResetInfo - SyncLevel set to 0 on reset
21:25:34.20   GameInfo::ResetInfo - SyncLevel set to 0 on reset
21:25:34.20   GameInfo::ResetInfo - SyncLevel set to 0 on reset
21:25:34.20   GameInfo::ResetInfo - SyncLevel set to 0 on reset
21:25:34.20   GameInfo::ResetInfo - SyncLevel set to 0 on reset
21:25:34.20   GameInfo::ResetInfo - SyncLevel set to 0 on reset
21:25:34.20   GameInfo::ResetInfo - SyncLevel set to 0 on reset
21:25:34.20   GameInfo::ResetInfo - SyncLevel set to 0 on reset
21:25:34.20   GameInfo::ResetInfo - SyncLevel set to 0 on reset
21:25:34.20   GameInfo::ResetInfo - SyncLevel set to 0 on reset
21:25:34.20   GameInfo::ResetInfo - SyncLevel set to 0 on reset
21:25:34.20   GameInfo::ResetInfo - SyncLevel set to 0 on reset
21:25:34.20   GameInfo::ResetInfo - SyncLevel set to 0 on reset
21:25:34.20   GameInfo::ResetInfo - SyncLevel set to 0 on reset
21:25:34.20   GameInfo::ResetInfo - SyncLevel set to 0 on reset
21:25:34.20   GameInfo::ResetInfo - SyncLevel set to 0 on reset
21:25:34.20   GameInfo::ResetInfo - SyncLevel set to 0 on reset
21:25:34.20   GameInfo::ResetInfo - SyncLevel set to 0 on reset
21:25:34.20   GameInfo::ResetInfo - SyncLevel set to 0 on reset
21:25:34.20   GAME -- Error reading header for recorded game PLAYBACK:fun_high_res_monti.rec
21:25:34.20   GameInfo::ResetInfo - SyncLevel set to 0 on reset
21:25:34.20   GameInfo::ResetInfo - SyncLevel set to 0 on reset
21:25:34.20   GameInfo::ResetInfo - SyncLevel set to 0 on reset
21:25:34.21   GameInfo::ResetInfo - SyncLevel set to 0 on reset
21:25:34.21   GameInfo::ResetInfo - SyncLevel set to 0 on reset
21:25:34.21   GameInfo::ResetInfo - SyncLevel set to 0 on reset
21:25:34.21   GameInfo::ResetInfo - SyncLevel set to 0 on reset
21:25:34.21   GameInfo::ResetInfo - SyncLevel set to 0 on reset
21:25:34.21   GameInfo::ResetInfo - SyncLevel set to 0 on reset
21:25:34.21   GameInfo::ResetInfo - SyncLevel set to 0 on reset
21:25:34.21   GameInfo::ResetInfo - SyncLevel set to 0 on reset
21:25:34.21   GameInfo::ResetInfo - SyncLevel set to 0 on reset
21:25:34.21   GameInfo::ResetInfo - SyncLevel set to 0 on reset
21:25:34.21   GameInfo::ResetInfo - SyncLevel set to 0 on reset
21:25:34.21   GameInfo::ResetInfo - SyncLevel set to 0 on reset
21:25:34.21   GameInfo::ResetInfo - SyncLevel set to 0 on reset
21:25:34.21   GameInfo::ResetInfo - SyncLevel set to 0 on reset
21:25:34.21   GameInfo::ResetInfo - SyncLevel set to 0 on reset
21:25:34.21   GameInfo::ResetInfo - SyncLevel set to 0 on reset
21:25:34.21   GameInfo::ResetInfo - SyncLevel set to 0 on reset
21:25:34.21   GameInfo::ResetInfo - SyncLevel set to 0 on reset
21:25:34.21   GAME -- Error reading header for recorded game PLAYBACK:gdfg.rec
21:25:34.21   GameInfo::ResetInfo - SyncLevel set to 0 on reset
21:25:34.21   GameInfo::ResetInfo - SyncLevel set to 0 on reset
21:25:34.21   GameInfo::ResetInfo - SyncLevel set to 0 on reset
21:25:34.21   GameInfo::ResetInfo - SyncLevel set to 0 on reset
21:25:34.21   GameInfo::ResetInfo - SyncLevel set to 0 on reset
21:25:34.21   GameInfo::ResetInfo - SyncLevel set to 0 on reset
21:25:34.21   GameInfo::ResetInfo - SyncLevel set to 0 on reset
21:25:34.21   GameInfo::ResetInfo - SyncLevel set to 0 on reset
21:25:34.22   GameInfo::ResetInfo - SyncLevel set to 0 on reset
21:25:34.22   GameInfo::ResetInfo - SyncLevel set to 0 on reset
21:25:34.22   GameInfo::ResetInfo - SyncLevel set to 0 on reset
21:25:34.22   GameInfo::ResetInfo - SyncLevel set to 0 on reset
21:25:34.22   GameInfo::ResetInfo - SyncLevel set to 0 on reset
21:25:34.22   GameInfo::ResetInfo - SyncLevel set to 0 on reset
21:25:34.22   GameInfo::ResetInfo - SyncLevel set to 0 on reset
21:25:34.22   GameInfo::ResetInfo - SyncLevel set to 0 on reset
21:25:34.22   GameInfo::ResetInfo - SyncLevel set to 0 on reset
21:25:34.22   GameInfo::ResetInfo - SyncLevel set to 0 on reset
21:25:34.22   GameInfo::ResetInfo - SyncLevel set to 0 on reset
21:25:34.22   GameInfo::ResetInfo - SyncLevel set to 0 on reset
21:25:34.22   GameInfo::ResetInfo - SyncLevel set to 0 on reset
21:25:34.22   GameInfo::ResetInfo - SyncLevel set to 0 on reset
21:25:34.22   GameInfo::ResetInfo - SyncLevel set to 0 on reset
21:25:34.22   GameInfo::ResetInfo - SyncLevel set to 0 on reset
21:25:34.22   GameInfo::ResetInfo - SyncLevel set to 0 on reset
21:25:34.22   GameInfo::ResetInfo - SyncLevel set to 0 on reset
21:25:34.22   GameInfo::ResetInfo - SyncLevel set to 0 on reset
21:25:34.22   GameInfo::ResetInfo - SyncLevel set to 0 on reset
21:25:34.22   GameInfo::ResetInfo - SyncLevel set to 0 on reset
21:25:34.22   GameInfo::ResetInfo - SyncLevel set to 0 on reset
21:25:34.23   GameInfo::ResetInfo - SyncLevel set to 0 on reset
21:25:34.23   GameInfo::ResetInfo - SyncLevel set to 0 on reset
21:25:34.23   GameInfo::ResetInfo - SyncLevel set to 0 on reset
21:25:34.23   GameInfo::ResetInfo - SyncLevel set to 0 on reset
21:25:34.23   GameInfo::ResetInfo - SyncLevel set to 0 on reset
21:25:34.23   GameInfo::ResetInfo - SyncLevel set to 0 on reset
21:25:34.23   GameInfo::ResetInfo - SyncLevel set to 0 on reset
21:25:34.23   GameInfo::ResetInfo - SyncLevel set to 0 on reset
21:25:34.23   GameInfo::ResetInfo - SyncLevel set to 0 on reset
21:25:34.23   GameInfo::ResetInfo - SyncLevel set to 0 on reset
21:25:34.23   GameInfo::ResetInfo - SyncLevel set to 0 on reset
21:25:34.23   GameInfo::ResetInfo - SyncLevel set to 0 on reset
21:25:34.23   GameInfo::ResetInfo - SyncLevel set to 0 on reset
21:25:34.23   GameInfo::ResetInfo - SyncLevel set to 0 on reset
21:25:34.23   GameInfo::ResetInfo - SyncLevel set to 0 on reset
21:25:34.23   GameInfo::ResetInfo - SyncLevel set to 0 on reset
21:25:34.23   GameInfo::ResetInfo - SyncLevel set to 0 on reset
21:25:34.23   GameInfo::ResetInfo - SyncLevel set to 0 on reset
21:25:34.24   GameInfo::ResetInfo - SyncLevel set to 0 on reset
21:25:34.24   GameInfo::ResetInfo - SyncLevel set to 0 on reset
21:25:34.24   GameInfo::ResetInfo - SyncLevel set to 0 on reset
21:25:34.24   GameInfo::ResetInfo - SyncLevel set to 0 on reset
21:25:34.24   GameInfo::ResetInfo - SyncLevel set to 0 on reset
21:25:34.24   GameInfo::ResetInfo - SyncLevel set to 0 on reset
21:25:34.24   GameInfo::ResetInfo - SyncLevel set to 0 on reset
21:25:34.24   GameInfo::ResetInfo - SyncLevel set to 0 on reset
21:25:34.24   GameInfo::ResetInfo - SyncLevel set to 0 on reset
21:25:34.24   GameInfo::ResetInfo - SyncLevel set to 0 on reset
21:25:34.24   GameInfo::ResetInfo - SyncLevel set to 0 on reset
21:25:34.24   GameInfo::ResetInfo - SyncLevel set to 0 on reset
21:25:34.24   GameInfo::ResetInfo - SyncLevel set to 0 on reset
21:25:34.24   GameInfo::ResetInfo - SyncLevel set to 0 on reset
21:25:34.24   GameInfo::ResetInfo - SyncLevel set to 0 on reset
21:25:34.24   GameInfo::ResetInfo - SyncLevel set to 0 on reset
21:25:34.24   GameInfo::ResetInfo - SyncLevel set to 0 on reset
21:25:34.24   GameInfo::ResetInfo - SyncLevel set to 0 on reset
21:25:34.24   GameInfo::ResetInfo - SyncLevel set to 0 on reset
21:25:34.24   GameInfo::ResetInfo - SyncLevel set to 0 on reset
21:25:34.24   GameInfo::ResetInfo - SyncLevel set to 0 on reset
21:25:34.24   GameInfo::ResetInfo - SyncLevel set to 0 on reset
21:25:34.24   GameInfo::ResetInfo - SyncLevel set to 0 on reset
21:25:34.24   GameInfo::ResetInfo - SyncLevel set to 0 on reset
21:25:34.24   GameInfo::ResetInfo - SyncLevel set to 0 on reset
21:25:34.24   GameInfo::ResetInfo - SyncLevel set to 0 on reset
21:25:34.24   GameInfo::ResetInfo - SyncLevel set to 0 on reset
21:25:34.25   GameInfo::ResetInfo - SyncLevel set to 0 on reset
21:25:34.25   GameInfo::ResetInfo - SyncLevel set to 0 on reset
21:25:34.25   GameInfo::ResetInfo - SyncLevel set to 0 on reset
21:25:34.25   GameInfo::ResetInfo - SyncLevel set to 0 on reset
21:25:34.25   GameInfo::ResetInfo - SyncLevel set to 0 on reset
21:25:34.25   GAME -- Error reading header for recorded game PLAYBACK:ischutz_mad.rec
21:25:34.25   GameInfo::ResetInfo - SyncLevel set to 0 on reset
21:25:34.25   GameInfo::ResetInfo - SyncLevel set to 0 on reset
21:25:34.25   GameInfo::ResetInfo - SyncLevel set to 0 on reset
21:25:34.25   GameInfo::ResetInfo - SyncLevel set to 0 on reset
21:25:34.25   GameInfo::ResetInfo - SyncLevel set to 0 on reset
21:25:34.25   GameInfo::ResetInfo - SyncLevel set to 0 on reset
21:25:34.25   GameInfo::ResetInfo - SyncLevel set to 0 on reset
21:25:34.25   GameInfo::ResetInfo - SyncLevel set to 0 on reset
21:25:34.25   GameInfo::ResetInfo - SyncLevel set to 0 on reset
21:25:34.25   GameInfo::ResetInfo - SyncLevel set to 0 on reset
21:25:34.25   GameInfo::ResetInfo - SyncLevel set to 0 on reset
21:25:34.25   GameInfo::ResetInfo - SyncLevel set to 0 on reset
21:25:34.25   GameInfo::ResetInfo - SyncLevel set to 0 on reset
21:25:34.25   GameInfo::ResetInfo - SyncLevel set to 0 on reset
21:25:34.25   GameInfo::ResetInfo - SyncLevel set to 0 on reset
21:25:34.25   GameInfo::ResetInfo - SyncLevel set to 0 on reset
21:25:34.25   GameInfo::ResetInfo - SyncLevel set to 0 on reset
21:25:34.25   GameInfo::ResetInfo - SyncLevel set to 0 on reset
21:25:34.26   GameInfo::ResetInfo - SyncLevel set to 0 on reset
21:25:34.26   GameInfo::ResetInfo - SyncLevel set to 0 on reset
21:25:34.26   GameInfo::ResetInfo - SyncLevel set to 0 on reset
21:25:34.26   GameInfo::ResetInfo - SyncLevel set to 0 on reset
21:25:34.26   GameInfo::ResetInfo - SyncLevel set to 0 on reset
21:25:34.26   GameInfo::ResetInfo - SyncLevel set to 0 on reset
21:25:34.26   GameInfo::ResetInfo - SyncLevel set to 0 on reset
21:25:34.26   GameInfo::ResetInfo - SyncLevel set to 0 on reset
21:25:34.26   GameInfo::ResetInfo - SyncLevel set to 0 on reset
21:25:34.26   GameInfo::ResetInfo - SyncLevel set to 0 on reset
21:25:34.26   GameInfo::ResetInfo - SyncLevel set to 0 on reset
21:25:34.26   GameInfo::ResetInfo - SyncLevel set to 0 on reset
21:25:34.26   GameInfo::ResetInfo - SyncLevel set to 0 on reset
21:25:34.26   GameInfo::ResetInfo - SyncLevel set to 0 on reset
21:25:34.26   GameInfo::ResetInfo - SyncLevel set to 0 on reset
21:25:34.26   GameInfo::ResetInfo - SyncLevel set to 0 on reset
21:25:34.26   GameInfo::ResetInfo - SyncLevel set to 0 on reset
21:25:34.26   GameInfo::ResetInfo - SyncLevel set to 0 on reset
21:25:34.26   GameInfo::ResetInfo - SyncLevel set to 0 on reset
21:25:34.26   GameInfo::ResetInfo - SyncLevel set to 0 on reset
21:25:34.26   GameInfo::ResetInfo - SyncLevel set to 0 on reset
21:25:34.26   GAME -- Error reading header for recorded game PLAYBACK:MONTARGIS REGION REVISED.2019-06-01.00-22-47.rec
21:25:34.26   GameInfo::ResetInfo - SyncLevel set to 0 on reset
21:25:34.26   GameInfo::ResetInfo - SyncLevel set to 0 on reset
21:25:34.26   GameInfo::ResetInfo - SyncLevel set to 0 on reset
21:25:34.26   GameInfo::ResetInfo - SyncLevel set to 0 on reset
21:25:34.26   GameInfo::ResetInfo - SyncLevel set to 0 on reset
21:25:34.27   GameInfo::ResetInfo - SyncLevel set to 0 on reset
21:25:34.27   GameInfo::ResetInfo - SyncLevel set to 0 on reset
21:25:34.27   GameInfo::ResetInfo - SyncLevel set to 0 on reset
21:25:34.27   GameInfo::ResetInfo - SyncLevel set to 0 on reset
21:25:34.27   GameInfo::ResetInfo - SyncLevel set to 0 on reset
21:25:34.27   GameInfo::ResetInfo - SyncLevel set to 0 on reset
21:25:34.27   GameInfo::ResetInfo - SyncLevel set to 0 on reset
21:25:34.27   GameInfo::ResetInfo - SyncLevel set to 0 on reset
21:25:34.27   GameInfo::ResetInfo - SyncLevel set to 0 on reset
21:25:34.27   GameInfo::ResetInfo - SyncLevel set to 0 on reset
21:25:34.27   GameInfo::ResetInfo - SyncLevel set to 0 on reset
21:25:34.27   GameInfo::ResetInfo - SyncLevel set to 0 on reset
21:25:34.27   GameInfo::ResetInfo - SyncLevel set to 0 on reset
21:25:34.27   GameInfo::ResetInfo - SyncLevel set to 0 on reset
21:25:34.27   GameInfo::ResetInfo - SyncLevel set to 0 on reset
21:25:34.27   GameInfo::ResetInfo - SyncLevel set to 0 on reset
21:25:34.27   GameInfo::ResetInfo - SyncLevel set to 0 on reset
21:25:34.27   GameInfo::ResetInfo - SyncLevel set to 0 on reset
21:25:34.27   GAME -- Error reading header for recorded game PLAYBACK:PE_Baserush_Counter__[GameReplays.org].rec
21:25:34.27   GameInfo::ResetInfo - SyncLevel set to 0 on reset
21:25:34.27   GameInfo::ResetInfo - SyncLevel set to 0 on reset
21:25:34.27   GameInfo::ResetInfo - SyncLevel set to 0 on reset
21:25:34.27   GameInfo::ResetInfo - SyncLevel set to 0 on reset
21:25:34.27   GameInfo::ResetInfo - SyncLevel set to 0 on reset
21:25:34.27   GameInfo::ResetInfo - SyncLevel set to 0 on reset
21:25:34.27   GameInfo::ResetInfo - SyncLevel set to 0 on reset
21:25:34.27   GameInfo::ResetInfo - SyncLevel set to 0 on reset
21:25:34.27   GameInfo::ResetInfo - SyncLevel set to 0 on reset
21:25:34.28   GameInfo::ResetInfo - SyncLevel set to 0 on reset
21:25:34.28   GameInfo::ResetInfo - SyncLevel set to 0 on reset
21:25:34.28   GameInfo::ResetInfo - SyncLevel set to 0 on reset
21:25:34.28   GameInfo::ResetInfo - SyncLevel set to 0 on reset
21:25:34.28   GameInfo::ResetInfo - SyncLevel set to 0 on reset
21:25:34.28   GameInfo::ResetInfo - SyncLevel set to 0 on reset
21:25:34.28   GameInfo::ResetInfo - SyncLevel set to 0 on reset
21:25:34.28   GameInfo::ResetInfo - SyncLevel set to 0 on reset
21:25:34.28   GameInfo::ResetInfo - SyncLevel set to 0 on reset
21:25:34.28   GameInfo::ResetInfo - SyncLevel set to 0 on reset
21:25:34.28   GameInfo::ResetInfo - SyncLevel set to 0 on reset
21:25:34.28   GameInfo::ResetInfo - SyncLevel set to 0 on reset
21:25:34.28   GameInfo::ResetInfo - SyncLevel set to 0 on reset
21:25:34.28   GameInfo::ResetInfo - SyncLevel set to 0 on reset
21:25:34.28   GameInfo::ResetInfo - SyncLevel set to 0 on reset
21:25:34.28   GAME -- Error reading header for recorded game PLAYBACK:Scheldt shit.rec
21:25:34.28   GameInfo::ResetInfo - SyncLevel set to 0 on reset
21:25:34.28   GameInfo::ResetInfo - SyncLevel set to 0 on reset
21:25:34.28   GameInfo::ResetInfo - SyncLevel set to 0 on reset
21:25:34.28   GameInfo::ResetInfo - SyncLevel set to 0 on reset
21:25:34.28   GameInfo::ResetInfo - SyncLevel set to 0 on reset
21:25:34.28   GameInfo::ResetInfo - SyncLevel set to 0 on reset
21:25:34.28   GameInfo::ResetInfo - SyncLevel set to 0 on reset
21:25:34.28   GameInfo::ResetInfo - SyncLevel set to 0 on reset
21:25:34.28   GameInfo::ResetInfo - SyncLevel set to 0 on reset
21:25:34.29   GameInfo::ResetInfo - SyncLevel set to 0 on reset
21:25:34.29   GameInfo::ResetInfo - SyncLevel set to 0 on reset
21:25:34.29   GameInfo::ResetInfo - SyncLevel set to 0 on reset
21:25:34.29   GameInfo::ResetInfo - SyncLevel set to 0 on reset
21:25:34.29   GameInfo::ResetInfo - SyncLevel set to 0 on reset
21:25:34.29   GameInfo::ResetInfo - SyncLevel set to 0 on reset
21:25:34.29   GameInfo::ResetInfo - SyncLevel set to 0 on reset
21:25:34.29   GameInfo::ResetInfo - SyncLevel set to 0 on reset
21:25:34.29   GameInfo::ResetInfo - SyncLevel set to 0 on reset
21:25:34.29   GameInfo::ResetInfo - SyncLevel set to 0 on reset
21:25:34.29   GameInfo::ResetInfo - SyncLevel set to 0 on reset
21:25:34.29   GameInfo::ResetInfo - SyncLevel set to 0 on reset
21:25:34.29   GameInfo::ResetInfo - SyncLevel set to 0 on reset
21:25:34.29   GameInfo::ResetInfo - SyncLevel set to 0 on reset
21:25:34.29   GameInfo::ResetInfo - SyncLevel set to 0 on reset
21:25:34.29   GameInfo::ResetInfo - SyncLevel set to 0 on reset
21:25:34.29   GameInfo::ResetInfo - SyncLevel set to 0 on reset
21:25:34.29   GameInfo::ResetInfo - SyncLevel set to 0 on reset
21:25:34.30   GameInfo::ResetInfo - SyncLevel set to 0 on reset
21:25:34.30   GameInfo::ResetInfo - SyncLevel set to 0 on reset
21:25:34.30   GameInfo::ResetInfo - SyncLevel set to 0 on reset
21:25:34.30   GameInfo::ResetInfo - SyncLevel set to 0 on reset
21:25:34.30   GameInfo::ResetInfo - SyncLevel set to 0 on reset
21:25:34.30   GameInfo::ResetInfo - SyncLevel set to 0 on reset
21:25:34.30   GameInfo::ResetInfo - SyncLevel set to 0 on reset
21:25:34.30   GameInfo::ResetInfo - SyncLevel set to 0 on reset
21:25:34.30   GameInfo::ResetInfo - SyncLevel set to 0 on reset
21:25:34.30   GameInfo::ResetInfo - SyncLevel set to 0 on reset
21:25:34.30   GameInfo::ResetInfo - SyncLevel set to 0 on reset
21:25:34.30   GameInfo::ResetInfo - SyncLevel set to 0 on reset
21:25:34.30   GameInfo::ResetInfo - SyncLevel set to 0 on reset
21:25:34.30   GameInfo::ResetInfo - SyncLevel set to 0 on reset
21:25:34.30   GameInfo::ResetInfo - SyncLevel set to 0 on reset
21:25:34.30   GameInfo::ResetInfo - SyncLevel set to 0 on reset
21:25:34.30   GameInfo::ResetInfo - SyncLevel set to 0 on reset
21:25:34.30   GameInfo::ResetInfo - SyncLevel set to 0 on reset
21:25:34.30   GameInfo::ResetInfo - SyncLevel set to 0 on reset
21:25:34.30   GameInfo::ResetInfo - SyncLevel set to 0 on reset
21:25:34.30   GameInfo::ResetInfo - SyncLevel set to 0 on reset
21:25:34.30   GameInfo::ResetInfo - SyncLevel set to 0 on reset
21:25:34.30   GameInfo::ResetInfo - SyncLevel set to 0 on reset
21:25:34.30   GameInfo::ResetInfo - SyncLevel set to 0 on reset
21:25:34.30   GameInfo::ResetInfo - SyncLevel set to 0 on reset
21:25:34.30   GameInfo::ResetInfo - SyncLevel set to 0 on reset
21:25:34.31   GameInfo::ResetInfo - SyncLevel set to 0 on reset
21:25:34.31   GameInfo::ResetInfo - SyncLevel set to 0 on reset
21:25:34.31   GameInfo::ResetInfo - SyncLevel set to 0 on reset
21:25:34.31   GameInfo::ResetInfo - SyncLevel set to 0 on reset
21:25:34.31   GameInfo::ResetInfo - SyncLevel set to 0 on reset
21:25:34.31   GameInfo::ResetInfo - SyncLevel set to 0 on reset
21:25:34.31   GameInfo::ResetInfo - SyncLevel set to 0 on reset
21:25:34.31   GameInfo::ResetInfo - SyncLevel set to 0 on reset
21:25:34.31   GameInfo::ResetInfo - SyncLevel set to 0 on reset
21:25:34.31   GameInfo::ResetInfo - SyncLevel set to 0 on reset
21:25:34.31   GameInfo::ResetInfo - SyncLevel set to 0 on reset
21:25:34.31   GameInfo::ResetInfo - SyncLevel set to 0 on reset
21:25:34.31   GameInfo::ResetInfo - SyncLevel set to 0 on reset
21:25:34.31   GameInfo::ResetInfo - SyncLevel set to 0 on reset
21:25:34.31   GameInfo::ResetInfo - SyncLevel set to 0 on reset
21:25:34.31   GameInfo::ResetInfo - SyncLevel set to 0 on reset
21:25:34.31   GameInfo::ResetInfo - SyncLevel set to 0 on reset
21:25:34.31   GameInfo::ResetInfo - SyncLevel set to 0 on reset
21:25:34.31   GameInfo::ResetInfo - SyncLevel set to 0 on reset
21:25:34.31   GameInfo::ResetInfo - SyncLevel set to 0 on reset
21:25:34.31   GameInfo::ResetInfo - SyncLevel set to 0 on reset
21:25:34.31   GameInfo::ResetInfo - SyncLevel set to 0 on reset
21:25:34.31   GameInfo::ResetInfo - SyncLevel set to 0 on reset
21:25:34.31   GameInfo::ResetInfo - SyncLevel set to 0 on reset
21:25:34.31   GameInfo::ResetInfo - SyncLevel set to 0 on reset
21:25:34.31   GameInfo::ResetInfo - SyncLevel set to 0 on reset
21:25:34.31   GameInfo::ResetInfo - SyncLevel set to 0 on reset
21:25:34.31   GameInfo::ResetInfo - SyncLevel set to 0 on reset
21:25:34.31   GameInfo::ResetInfo - SyncLevel set to 0 on reset
21:25:34.31   GameInfo::ResetInfo - SyncLevel set to 0 on reset
21:25:34.31   GameInfo::ResetInfo - SyncLevel set to 0 on reset
21:25:34.32   GameInfo::ResetInfo - SyncLevel set to 0 on reset
21:25:34.32   GameInfo::ResetInfo - SyncLevel set to 0 on reset
21:25:34.32   GameInfo::ResetInfo - SyncLevel set to 0 on reset
21:25:34.32   GameInfo::ResetInfo - SyncLevel set to 0 on reset
21:25:34.32   GameInfo::ResetInfo - SyncLevel set to 0 on reset
21:25:34.32   GameInfo::ResetInfo - SyncLevel set to 0 on reset
21:25:34.32   GameInfo::ResetInfo - SyncLevel set to 0 on reset
21:25:34.32   GameInfo::ResetInfo - SyncLevel set to 0 on reset
21:25:34.32   GameInfo::ResetInfo - SyncLevel set to 0 on reset
21:25:34.32   GameInfo::ResetInfo - SyncLevel set to 0 on reset
21:25:34.32   GameInfo::ResetInfo - SyncLevel set to 0 on reset
21:25:34.32   GameInfo::ResetInfo - SyncLevel set to 0 on reset
21:25:34.32   GameInfo::ResetInfo - SyncLevel set to 0 on reset
21:25:34.32   GameInfo::ResetInfo - SyncLevel set to 0 on reset
21:25:34.32   GameInfo::ResetInfo - SyncLevel set to 0 on reset
21:25:34.32   GameInfo::ResetInfo - SyncLevel set to 0 on reset
21:25:34.32   GameInfo::ResetInfo - SyncLevel set to 0 on reset
21:25:34.32   GameInfo::ResetInfo - SyncLevel set to 0 on reset
21:25:34.32   GameInfo::ResetInfo - SyncLevel set to 0 on reset
21:25:34.32   GameInfo::ResetInfo - SyncLevel set to 0 on reset
21:25:34.32   GameInfo::ResetInfo - SyncLevel set to 0 on reset
21:25:34.32   GameInfo::ResetInfo - SyncLevel set to 0 on reset
21:25:34.32   GameInfo::ResetInfo - SyncLevel set to 0 on reset
21:25:34.32   GameInfo::ResetInfo - SyncLevel set to 0 on reset
21:25:35.90   RLINK -- NetworkManager::DispatchEvents() - Warning - Time between calls was 7194 ms
21:25:38.81   Activating screen: FriendsListPopup
21:25:40.60   Activating screen: DynamicPopupMenu
21:25:58.00   RLINK -- Transport - median kBPS [hi/cur] sent = 0.2/0.0, recvd = 0.0/0.0, #p/sec[s/r] = 0.0/0.0, max unsent 0, version err 0, merge 0
21:25:58.82   RLINK -- Asked to remove user 00000000:0004851a :/steam/76561198133789329 that doesn't exist
21:26:15.50   Activating screen: MessageBoxPopup
21:26:15.50   RLINK -- JoinAsync: Starting AsyncJob...
21:26:15.65   RLINK -- BT! - SockInit: SOCK_FD_SET_SIZE = 64
21:26:15.65   RLINK -- DBG - SockConnect: 4/s->stHandle=892
21:26:15.65   RLINK -- DBG - SockConnect: 4/892 connect deferred (in progress)
21:26:15.74   RLINK -- DBG - SockAnimateAll: socket 4/892 connection complete.
21:26:15.94   RLINK -- battleserverrelay - Connected: 
Connection [ 1/ 1] - local=192.168.50.236:57797, remote=3.210.115.18:27024, type=CONNECT, timeTookToConnectMS=290, silentTimeMS=0, lastSockError=0
21:26:15.96   RLINK -- OnlineJoinAsync success
21:26:15.96   RLINK -- Session::Initialize - info, initializing session object, using threads.
21:26:15.96   RLINK -- SessionManager::RegisterSession - Registering RL_NEW session 1556f7c0
21:26:15.96   RLINK -- Created Matchinfo for sessionID 112390880
21:26:15.96   RLINK -- OnJoinAdvertisementSuccess - joined online match, server leave notification required
21:26:15.97   RLINK -- Transport::OpenInternal request to WINaddr:255.255.255.255:6112;
21:26:15.97   RLINK -- Transport::OpenInternal request to WINaddr:255.255.255.255:6112;
21:26:15.97   RLINK -- Allocated route ID=0 for PeerID 0 at WINaddr:192.168.50.236:6112;
21:26:15.97   RLINK -- Transport::OpenInternal request to WINaddr:192.168.50.236:6112;
21:26:15.97   RLINK -- Session::Connect sid = 6B2F2E0, hostURL = , local addresses = WINaddr:192.168.50.236:6112;
21:26:16.46   RLINK -- Sending PeerID 1 no longer exist, sessionID=6B2F2E0
21:26:16.46   RLINK -- Session::PollTransportEvents AddPeerMessage from peer 0 recv'd for existing pending peer 0, the local peer
21:26:16.46   RLINK -- Session - highest peerID now : 3
21:26:16.46   RLINK -- Session::PollTransportEvents AddPeerMessage from peer 0 recv'd for existing pending peer 0, the host
21:26:16.46   RLINK -- Session::PollTransportEvents AddPeerMessage from peer 1 recv'd for unknown peer at address list WINaddr:192.168.1.106:6112;
21:26:16.46   RLINK -- Transport::OpenInternal request to WINaddr:255.255.255.255:6112;
21:26:16.46   RLINK -- Session::CheckAddress - initiating address check for WINaddr:192.168.1.106:6112;
21:26:16.46   RLINK -- ValidateCustomData: called with 899 bytes of custom data
21:26:16.46   RLINK -- Client accepted Peer 3 into the match at address list = WINaddr:192.168.50.236:6112;, routes = WINaddr:192.168.50.236:6112;
21:26:16.46   RLINK -- Session::GetEvent - probing service provided NAT'd routes
21:26:16.46   RLINK -- WorldwideAdvertisementService::Process - EVENT_NEWPEER
21:26:16.46   RLINK -- Session::GetState - info, session [112390880]'s state changed to [2:STATE_CONNECTING].
21:26:16.46   RLINK -- ValidateCustomData: called with 1559 bytes of custom data
21:26:16.46   RLINK -- Client accepted Peer 1 into the match at address list = WINaddr:192.168.1.10:6112;, routes =
21:26:16.46   RLINK -- WorldwideAdvertisementService::Process - EVENT_NEWPEER
21:26:16.46   RLINK -- ValidateCustomData: called with 1637 bytes of custom data
21:26:16.46   RLINK -- Client accepted Peer 2 into the match at address list = WINaddr:192.168.1.106:6112;, routes =
21:26:16.46   RLINK -- WorldwideAdvertisementService::Process - EVENT_NEWPEER
21:26:16.49   RLINK -- Session Connection Event - ReasonID: 0 ReasonDebug: SessionOperationInfo::SUCCESS
21:26:16.49   RLINK -- JoinAsync - got operation info 0:SessionOperationInfo::SUCCESS
21:26:16.50   RLINK -- Session::GetState - info, session [112390880]'s state changed to [3:STATE_CONNECTED].
21:26:16.52   RLINK -- local      PeerID 3 LOCL ack=  0 (  0ms~0) unack=  0, retry=  0, highwaterOOS=0 (ip=WINaddr:192.168.50.236:6112;), pending=0, dead=0, RS#=0/0
21:26:16.52   RLINK --       host PeerID 1 RELY ack=  1 (220ms~0) unack=  0, retry=  0, highwaterOOS=0 (ip=WINaddr:192.168.1.10:6112;), pending=0, dead=0, RS#=0/0
21:26:16.52   RLINK --            PeerID 2 RELY ack=  0 (  0ms~0) unack=  0, retry=  0, highwaterOOS=0 (ip=WINaddr:192.168.1.106:6112;), pending=0, dead=0, RS#=0/0
21:26:16.52   RLINK -- MessageCounts: inval=0/0, seek=0/0, join=1/1, ichk=0/0, sk_r=0/0, deny=0/0, Padd=0/6, Pdel=0/0, drop=0/0, data=0/0, mdat=0/0, voip=0/0, rchk=2/0, nudg=0/0, Thdr=0/0, Peer=1/7, PPrx=0/1, ping=0/0, Pfrg=0/0, rely=1/3, lb_p=0/0, lb_c=0/0, cast=0/0, cdat=0/0, sorq1=0/0, sorp=0/0, acto=0/0, spob=0/0, sorq2=0/0
21:26:16.61   RLINK -- [P#3] SrcP# 1 buffer out of seq: 5 expect: 4
21:26:16.94   RLINK -- [P#3] SrcP# 1 ignoring old retry: 1 expect: 4
21:26:16.94   RLINK -- [P#3] SrcP# 1 ignoring old retry: 2 expect: 4
21:26:16.94   RLINK -- [P#3] SrcP# 1 ignoring old retry: 3 expect: 4
21:26:16.97   RLINK -- [P#3] SrcP# 1 buffer out of seq: 6 expect: 4
21:26:17.00   RLINK -- Session::ProcessCheckAddressList - sending address check to WINaddr:192.168.1.106:6112;
21:26:17.45   RLINK -- [P#3] SrcP# 1 ignoring old retry: 1 expect: 4
21:26:17.45   RLINK -- [P#3] SrcP# 1 ignoring old retry: 2 expect: 4
21:26:17.45   RLINK -- [P#3] SrcP# 1 ignoring old retry: 3 expect: 4
21:26:17.93   RLINK -- [P#3] SrcP# 1 ignoring old retry: 1 expect: 4
21:26:17.93   RLINK -- [P#3] SrcP# 1 ignoring old retry: 2 expect: 4
21:26:17.93   RLINK -- [P#3] SrcP# 1 ignoring old retry: 3 expect: 4
21:26:18.02   RLINK -- Session::ProcessCheckAddressList - sending address check to WINaddr:192.168.1.106:6112;
21:26:18.44   RLINK -- [P#3] SrcP# 1 ignoring old retry: 1 expect: 4
21:26:18.44   RLINK -- [P#3] SrcP# 1 ignoring old retry: 2 expect: 4
21:26:18.57   RLINK -- [P#3] SrcP# 1 ignoring old retry: 3 expect: 4
21:26:18.96   RLINK -- [P#3] SrcP# 1 ignoring old retry: 1 expect: 4
21:26:19.02   RLINK -- Session::ProcessCheckAddressList - sending address check to WINaddr:192.168.1.106:6112;
21:26:19.08   RLINK -- [P#3] SrcP# 1 ignoring old retry: 2 expect: 4
21:26:19.08   RLINK -- [P#3] SrcP# 1 ignoring old retry: 3 expect: 4
21:26:19.24   RLINK -- internal\service\Worldwide\WorldwideNotifier.cpp - GameResultNotificationMessage
21:26:19.24   RLINK -- RNT_StatsUpdate: Win notification, profileID [00000000:0000bdee /steam/76561197965703854], race =0, level=-1, ranking=-1
21:26:19.24   RLINK -- RNT_StatsUpdate: Loss notification, profileID [00000000:00010a0c /steam/76561198042361155], race =1, level=-1, ranking=-1
21:26:19.24   RLINK -- RNT_StatsUpdate: Win notification, profileID [00000000:000224a7 /steam/76561197975452220], race =0, level=-1, ranking=-1
21:26:19.24   RLINK -- RNT_StatsUpdate: Win notification, profileID [00000000:001152ce /steam/76561198347028849], race =0, level=-1, ranking=-1
21:26:19.24   RLINK -- RNT_StatsUpdate: Win notification, profileID [00000000:0012f8fa /steam/76561198263392865], race =2, level=-1, ranking=-1
21:26:19.24   RLINK -- RNT_StatsUpdate: Loss notification, profileID [00000000:0014eaa3 /steam/76561198330314774], race =3, level=-1, ranking=-1
21:26:19.24   RLINK -- RNT_StatsUpdate: Loss notification, profileID [00000000:001b753c /steam/76561199168301212], race =3, level=-1, ranking=-1
21:26:19.24   RLINK -- RNT_StatsUpdate: Loss notification, profileID [00000000:001c3d6b /steam/76561199210795903], race =1, level=-1, ranking=-1
21:26:19.36   RLINK -- SrcP# 1 deliver out of seq: 5 expect: 5
21:26:19.36   RLINK -- SrcP# 1 erase out of seq: 5 expect: 5
21:26:19.36   RLINK -- SrcP# 1 deliver out of seq: 6 expect: 6
21:26:19.36   RLINK -- SrcP# 1 erase out of seq: 6 expect: 6
21:26:19.36   RLINK -- Accepted matchInfo updated 63 from host
21:26:19.36   RLINK -- Accepted matchInfo updated 64 from host
21:26:19.36   RLINK -- Accepted matchInfo updated 65 from host
21:26:19.37   RLINK -- JoinAsync - completed with JoinResult = 0
21:26:19.37   RLINK -- JoinAsync - completed with JoinResult = 0:AdvertisementJoinEvent::R_Success
21:26:19.37   Activating screen: OnlineGameSetup
21:26:19.37   Activating screen: RelicOnlineTabs
21:26:19.37   RLINK -- WorldwideAutomatchService::OnJoinComplete - automatcher is no longer active - ignoring
21:26:19.37   RLINK -- JoinAsync: AsyncJob Complete...
21:26:19.38   Map 8p_montargis region does not have a valid operation type
21:26:19.48   GetMaxFrameTimeFromProfile: players=8 expected FPS=59.648491, bars=5, max avg=0.014, sd=0.002, 5 samples =  0.01 0.01 0.01 0.01 0.02
21:26:19.48   RLINK -- [P#3] SrcP# 1 ignoring old retry: 5 expect: 7
21:26:19.48   RLINK -- [P#3] SrcP# 1 ignoring old retry: 6 expect: 7
21:26:20.02   RLINK -- Session::ProcessCheckAddressList - sending address check to WINaddr:192.168.1.106:6112;
21:26:20.11   RLINK -- SENDING RETRY - Peer 3 to Peer 1 retryTimeMS        720 oneMsg.lastTransmitTime    5406512, timeSinceLastTransmitMS        748 | Peer RS--- M#00000001 Sack00000006 NSack00000000 (C0.0% S:0.0) [ PKT SIZE:18 data DestChannel:� ]
21:26:20.11   RLINK -- SENDING RETRY - Peer 3 to Peer 1 retryTimeMS        720 oneMsg.lastTransmitTime    5406512, timeSinceLastTransmitMS        748 | Peer RS--- M#00000002 Sack00000006 NSack00000000 (C0.0% S:0.0) [ PKT SIZE:18 data DestChannel:��, Size:14  ]
21:26:20.11   RLINK -- SENDING RETRY - Peer 3 to Peer 1 retryTimeMS        720 oneMsg.lastTransmitTime    5406512, timeSinceLastTransmitMS        748 | Peer RS--- M#00000003 Sack00000006 NSack00000000 (C0.0% S:0.0) [ PKT SIZE:18 data DestChannel:�H�, Size:14  ]
21:26:20.29   Activating screen: DynamicPopupMenu
21:26:20.35   OnlinePlayerListEntry::OnEnterSlot - Slot 7 selected...
21:26:20.48   RLINK -- Accepted matchInfo updated 68 from host
21:26:21.02   RLINK -- Session::ProcessCheckAddressList - sending address check to WINaddr:192.168.1.106:6112;
21:26:21.11   RLINK -- [P#3] SrcP# 1 ignoring old retry: 7 expect: 8
21:26:21.12   RLINK -- Accepted matchInfo updated 69 from host
21:26:21.12   RLINK -- Accepted matchInfo updated 70 from host
21:26:21.13   GetMaxFrameTimeFromProfile: players=8 expected FPS=59.648491, bars=5, max avg=0.014, sd=0.002, 5 samples =  0.01 0.01 0.01 0.01 0.02
21:26:21.47   RLINK -- [P#3] SrcP# 1 ignoring old retry: 8 expect: 10
21:26:22.02   RLINK -- Session::ProcessCheckAddressList - sending address check to WINaddr:192.168.1.106:6112;
21:26:22.39   RLINK -- SENDING RETRY - Peer 3 to Peer 1 retryTimeMS       1256 oneMsg.lastTransmitTime    5408268, timeSinceLastTransmitMS       1268 | Peer RS--- M#00000009 Sack00000009 NSack00000000 (C0.0% S:0.0) [ PKT SIZE:18 data DestChannel:�K�, Size:14  ]
21:26:22.39   RLINK -- SENDING RETRY - Peer 3 to Peer 1 retryTimeMS       1256 oneMsg.lastTransmitTime    5408268, timeSinceLastTransmitMS       1268 | Peer RS--- M#00000010 Sack00000009 NSack00000000 (C0.0% S:0.0) [ PKT SIZE:18 data DestChannel:��, Size:14  ]
21:26:22.42   RLINK -- SENDING RETRY - Peer 3 to Peer 1 retryTimeMS       1256 oneMsg.lastTransmitTime    5408282, timeSinceLastTransmitMS       1284 | Peer RS--- M#00000011 Sack00000009 NSack00000000 (C0.0% S:0.0) [ PKT SIZE:8 data DestChannel:��, Size:4  ]
21:26:22.48   RLINK -- [P#3] SrcP# 1 ignoring old retry: 9 expect: 10
21:26:22.48   RLINK -- [P#3] SrcP# 1 ignoring old retry: 10 expect: 11
21:26:22.48   RLINK -- Accepted matchInfo updated 72 from host
21:26:22.60   RLINK -- [P#3] SrcP# 1 ignoring old retry: 10 expect: 11
21:26:23.02   RLINK -- Session::ProcessCheckAddressList - sending address check to WINaddr:192.168.1.106:6112;
21:26:23.73   Activating screen: RelicOnlineChat
21:26:23.73   Activating screen: RelicOnlineTabs
21:26:24.02   RLINK -- Session::ProcessCheckAddressList - sending address check to WINaddr:192.168.1.106:6112;
21:26:24.44   RLINK -- [P#3] SrcP# 1 ignoring old retry: 11 expect: 12
21:26:24.44   RLINK -- SENDING FORCED ACK from Peer 3 to Peer 1 - timeSinceLastAckMS       1965, transmitAckLastTimeMS    5411596 | Peer ---E- M#00000000 Sack00000011 NSack00000000 (C0.0% S:0.0) [  ]
21:26:24.44   RLINK -- Session::PollTransportEvents AddPeerMessage from peer 1 recv'd for unknown peer at address list WINaddr:192.168.10.3:6112;
21:26:24.44   RLINK -- Transport::OpenInternal request to WINaddr:255.255.255.255:6112;
21:26:24.44   RLINK -- Session::CheckAddress - initiating address check for WINaddr:192.168.10.3:6112;
21:26:24.44   RLINK -- Session - highest peerID now : 4
21:26:24.45   RLINK -- ValidateCustomData: called with 1181 bytes of custom data
21:26:24.45   RLINK -- Client accepted Peer 4 into the match at address list = WINaddr:192.168.10.3:6112;, routes =
21:26:24.45   RLINK -- WorldwideAdvertisementService::Process - EVENT_NEWPEER
21:26:24.48   RLINK -- Accepted matchInfo updated 73 from host
21:26:24.48   RLINK -- Accepted matchInfo updated 74 from host
21:26:24.50   GetMaxFrameTimeFromProfile: players=8 expected FPS=59.648491, bars=5, max avg=0.014, sd=0.002, 5 samples =  0.01 0.01 0.01 0.01 0.02
21:26:24.60   RLINK -- [P#3] SrcP# 1 ignoring old retry: 12 expect: 14
21:26:25.02   RLINK -- Session::ProcessCheckAddressList - sending address check to WINaddr:192.168.1.106:6112;
21:26:25.02   RLINK -- Session::ProcessCheckAddressList - sending address check to WINaddr:192.168.10.3:6112;
21:26:25.08   RLINK -- [P#3] SrcP# 1 ignoring old retry: 11 expect: 15
21:26:25.08   RLINK -- SENDING FORCED ACK from Peer 3 to Peer 1 - timeSinceLastAckMS        588, transmitAckLastTimeMS    5412235 | Peer ---E- M#00000000 Sack00000014 NSack00000000 (C0.0% S:0.0) [  ]
21:26:25.08   RLINK -- Session::PollTransportEvents AddPeerMessage from peer 1 recv'd for unknown peer at address list WINaddr:192.168.1.33:6112;
21:26:25.08   RLINK -- Transport::OpenInternal request to WINaddr:255.255.255.255:6112;
21:26:25.08   RLINK -- Session::CheckAddress - initiating address check for WINaddr:192.168.1.33:6112;
21:26:25.08   RLINK -- Session - highest peerID now : 5
21:26:25.09   RLINK -- ValidateCustomData: called with 1275 bytes of custom data
21:26:25.09   RLINK -- Client accepted Peer 5 into the match at address list = WINaddr:192.168.1.33:6112;, routes =
21:26:25.09   RLINK -- WorldwideAdvertisementService::Process - EVENT_NEWPEER
21:26:25.11   RLINK -- [P#3] SrcP# 1 ignoring old retry: 13 expect: 15
21:26:25.11   RLINK -- [P#3] SrcP# 1 ignoring old retry: 12 expect: 17
21:26:25.12   RLINK -- Accepted matchInfo updated 75 from host
21:26:25.12   RLINK -- Accepted matchInfo updated 76 from host
21:26:25.14   GetMaxFrameTimeFromProfile: players=8 expected FPS=59.648491, bars=5, max avg=0.014, sd=0.002, 5 samples =  0.01 0.01 0.01 0.01 0.02
21:26:25.21   RLINK -- [P#3] SrcP# 1 ignoring old retry: 14 expect: 17
21:26:25.24   RLINK -- [P#3] SrcP# 1 ignoring old retry: 15 expect: 18
21:26:25.24   RLINK -- [P#3] SrcP# 1 ignoring old retry: 16 expect: 18
21:26:25.24   RLINK -- Accepted matchInfo updated 78 from host
21:26:25.48   RLINK -- [P#3] SrcP# 1 ignoring old retry: 17 expect: 18
21:26:25.61   RLINK -- Accepted matchInfo updated 80 from host
21:26:26.00   RLINK -- Session::ProcessCheckAddressList - sending address check to WINaddr:192.168.1.106:6112;
21:26:26.00   RLINK -- Session::ProcessCheckAddressList - sending address check to WINaddr:192.168.10.3:6112;
21:26:26.00   RLINK -- Session::ProcessCheckAddressList - sending address check to WINaddr:192.168.1.33:6112;
21:26:27.00   RLINK -- Session::ProcessCheckAddressList - sending address check to WINaddr:192.168.1.106:6112;
21:26:27.00   RLINK -- Session::ProcessCheckAddressList - address WINaddr:192.168.1.106:6112; timed out
21:26:27.00   RLINK -- Session::ProcessCheckAddressList - sending address check to WINaddr:192.168.10.3:6112;
21:26:27.00   RLINK -- Session::ProcessCheckAddressList - sending address check to WINaddr:192.168.1.33:6112;
21:26:27.38   RLINK -- Accepted matchInfo updated 82 from host
21:26:27.49   RLINK -- Accepted matchInfo updated 83 from host
21:26:28.01   RLINK -- Session::ProcessCheckAddressList - sending address check to WINaddr:192.168.10.3:6112;
21:26:28.01   RLINK -- Session::ProcessCheckAddressList - sending address check to WINaddr:192.168.1.33:6112;
21:26:28.23   RLINK -- Accepted matchInfo updated 86 from host
21:26:28.63   RLINK -- Accepted matchInfo updated 87 from host
21:26:28.64   GetMaxFrameTimeFromProfile: players=8 expected FPS=59.648491, bars=5, max avg=0.014, sd=0.002, 5 samples =  0.01 0.01 0.01 0.01 0.02
21:26:28.75   RLINK -- Accepted matchInfo updated 88 from host
21:26:29.02   RLINK -- Session::ProcessCheckAddressList - sending address check to WINaddr:192.168.10.3:6112;
21:26:29.02   RLINK -- Session::ProcessCheckAddressList - sending address check to WINaddr:192.168.1.33:6112;
21:26:29.11   RLINK -- Accepted matchInfo updated 91 from host
21:26:29.36   RLINK -- Accepted matchInfo updated 92 from host
21:26:30.00   RLINK -- Session::ProcessCheckAddressList - sending address check to WINaddr:192.168.10.3:6112;
21:26:30.00   RLINK -- Session::ProcessCheckAddressList - sending address check to WINaddr:192.168.1.33:6112;
21:26:31.00   RLINK -- Session::ProcessCheckAddressList - sending address check to WINaddr:192.168.10.3:6112;
21:26:31.00   RLINK -- Session::ProcessCheckAddressList - sending address check to WINaddr:192.168.1.33:6112;
21:26:31.49   RLINK -- Received swap slot request from /steam/76561197975452220
21:26:31.49   Activating screen: MessageBoxPopup
21:26:31.51   RLINK -- SENDING FORCED ACK from Peer 3 to Peer 1 - timeSinceLastAckMS       2157, transmitAckLastTimeMS    5418664 | Peer ---E- M#00000000 Sack00000026 NSack00000000 (C0.0% S:0.0) [  ]
21:26:32.00   RLINK -- Session::ProcessCheckAddressList - sending address check to WINaddr:192.168.10.3:6112;
21:26:32.00   RLINK -- Session::ProcessCheckAddressList - sending address check to WINaddr:192.168.1.33:6112;
21:26:32.99   Re-winding a compressed stream for file 'data:sound\wav\music\frontend\opening_ambience_tg\opening_ambience_with_birds.smf'.  Expensive operation
21:26:33.00   RLINK -- Session::ProcessCheckAddressList - sending address check to WINaddr:192.168.10.3:6112;
21:26:33.00   RLINK -- Session::ProcessCheckAddressList - sending address check to WINaddr:192.168.1.33:6112;
21:26:33.46   RLINK -- SENDING FORCED ACK from Peer 3 to Peer 1 - timeSinceLastAckMS       1095, transmitAckLastTimeMS    5420608 | Peer ---E- M#00000000 Sack00000027 NSack00000000 (C0.0% S:0.0) [  ]
21:26:33.46   RLINK -- Session::PollTransportEvents AddPeerMessage from peer 1 recv'd for unknown peer at address list WINaddr:192.168.1.146:6112;
21:26:33.46   RLINK -- Transport::OpenInternal request to WINaddr:255.255.255.255:6112;
21:26:33.46   RLINK -- Session::CheckAddress - initiating address check for WINaddr:192.168.1.146:6112;
21:26:33.46   RLINK -- Session - highest peerID now : 6
21:26:33.46   RLINK -- ValidateCustomData: called with 1623 bytes of custom data
21:26:33.46   RLINK -- Client accepted Peer 6 into the match at address list = WINaddr:192.168.1.146:6112;, routes =
21:26:33.46   RLINK -- WorldwideAdvertisementService::Process - EVENT_NEWPEER
21:26:33.49   RLINK -- Accepted matchInfo updated 93 from host
21:26:33.49   RLINK -- Accepted matchInfo updated 94 from host
21:26:33.51   GetMaxFrameTimeFromProfile: players=8 expected FPS=59.648491, bars=5, max avg=0.014, sd=0.002, 5 samples =  0.01 0.01 0.01 0.01 0.02
21:26:34.00   RLINK -- Session::ProcessCheckAddressList - sending address check to WINaddr:192.168.10.3:6112;
21:26:34.00   RLINK -- Session::ProcessCheckAddressList - sending address check to WINaddr:192.168.1.33:6112;
21:26:34.00   RLINK -- Session::ProcessCheckAddressList - sending address check to WINaddr:192.168.1.146:6112;
21:26:34.13   RLINK -- Accepted matchInfo updated 96 from host
21:26:34.25   RLINK -- Accepted matchInfo updated 98 from host
21:26:35.00   RLINK -- Session::ProcessCheckAddressList - sending address check to WINaddr:192.168.10.3:6112;
21:26:35.00   RLINK -- Session::ProcessCheckAddressList - address WINaddr:192.168.10.3:6112; timed out
21:26:35.00   RLINK -- Session::ProcessCheckAddressList - sending address check to WINaddr:192.168.1.33:6112;
21:26:35.00   RLINK -- Session::ProcessCheckAddressList - sending address check to WINaddr:192.168.1.146:6112;
21:26:36.01   RLINK -- Session::ProcessCheckAddressList - sending address check to WINaddr:192.168.1.33:6112;
21:26:36.01   RLINK -- Session::ProcessCheckAddressList - address WINaddr:192.168.1.33:6112; timed out
21:26:36.01   RLINK -- Session::ProcessCheckAddressList - sending address check to WINaddr:192.168.1.146:6112;
21:26:37.02   RLINK -- Session::ProcessCheckAddressList - sending address check to WINaddr:192.168.1.146:6112;
21:26:37.23   RLINK -- Accepted matchInfo updated 101 from host
21:26:37.89   RLINK -- SENDING FORCED ACK from Peer 3 to Peer 5 - timeSinceLastAckMS      12805, transmitAckLastTimeMS    5425045 | Peer ---E- M#00000000 Sack00000001 NSack00000000 (C0.0% S:0.0) [  ]
21:26:38.02   RLINK -- Session::ProcessCheckAddressList - sending address check to WINaddr:192.168.1.146:6112;
21:26:38.23   RLINK -- [P#3] SrcP# 5 ignoring old retry: 1 expect: 2
21:26:38.35   RLINK -- SENDING RETRY - Peer 3 to Peer 1 retryTimeMS       1107 oneMsg.lastTransmitTime    5424383, timeSinceLastTransmitMS       1117 | Peer RS--- M#00000045 Sack00000032 NSack00000000 (C0.0% S:0.0) [ PKT SIZE:18 data DestChannel:��, Size:14  ]
21:26:38.50   RLINK -- Accepted matchInfo updated 103 from host
21:26:38.50   RLINK -- Accepted matchInfo updated 104 from host
21:26:38.52   GetMaxFrameTimeFromProfile: players=8 expected FPS=59.648491, bars=5, max avg=0.014, sd=0.002, 5 samples =  0.01 0.01 0.01 0.01 0.02
21:26:39.02   RLINK -- Session::ProcessCheckAddressList - sending address check to WINaddr:192.168.1.146:6112;
21:26:39.11   RLINK -- Accepted matchInfo updated 106 from host
21:26:39.11   RLINK -- Accepted matchInfo updated 107 from host
21:26:39.11   RLINK -- Accepted matchInfo updated 110 from host
21:26:39.13   GetMaxFrameTimeFromProfile: players=8 expected FPS=59.648491, bars=5, max avg=0.014, sd=0.002, 5 samples =  0.01 0.01 0.01 0.01 0.02
21:26:39.24   RLINK -- Accepted matchInfo updated 112 from host
21:26:39.63   RLINK -- Accepted matchInfo updated 115 from host
21:26:39.87   RLINK -- Accepted matchInfo updated 117 from host
21:26:40.01   RLINK -- Session::ProcessCheckAddressList - sending address check to WINaddr:192.168.1.146:6112;
21:26:40.50   RLINK -- Accepted matchInfo updated 118 from host
21:26:40.50   RLINK -- Accepted matchInfo updated 119 from host
21:26:40.52   GetMaxFrameTimeFromProfile: players=8 expected FPS=59.648491, bars=5, max avg=0.014, sd=0.002, 5 samples =  0.01 0.01 0.01 0.01 0.02
21:26:41.02   RLINK -- Session::ProcessCheckAddressList - sending address check to WINaddr:192.168.1.146:6112;
21:26:41.36   RLINK -- Accepted matchInfo updated 122 from host
21:26:41.36   RLINK -- Accepted matchInfo updated 124 from host
21:26:42.02   RLINK -- Session::ProcessCheckAddressList - sending address check to WINaddr:192.168.1.146:6112;
21:26:43.02   RLINK -- Session::ProcessCheckAddressList - sending address check to WINaddr:192.168.1.146:6112;
21:26:44.01   RLINK -- Session::ProcessCheckAddressList - sending address check to WINaddr:192.168.1.146:6112;
21:26:44.01   RLINK -- Session::ProcessCheckAddressList - address WINaddr:192.168.1.146:6112; timed out
21:26:44.50   RLINK -- Accepted matchInfo updated 125 from host
21:26:44.50   RLINK -- Accepted matchInfo updated 126 from host
21:26:44.52   GetMaxFrameTimeFromProfile: players=8 expected FPS=59.648491, bars=5, max avg=0.014, sd=0.002, 5 samples =  0.01 0.01 0.01 0.01 0.02
21:26:45.49   RLINK -- Accepted matchInfo updated 130 from host
21:26:45.49   RLINK -- Accepted matchInfo updated 131 from host
21:26:48.52   RLINK -- SENDING FORCED ACK from Peer 3 to Peer 4 - timeSinceLastAckMS      24070, transmitAckLastTimeMS    5435671 | Peer ---E- M#00000000 Sack00000001 NSack00000000 (C0.0% S:0.0) [  ]
21:26:49.47   RLINK -- SENDING FORCED ACK from Peer 3 to Peer 1 - timeSinceLastAckMS        946, transmitAckLastTimeMS    5436617 | Peer ---E- M#00000000 Sack00000049 NSack00000000 (C0.0% S:0.0) [  ]
21:26:49.47   RLINK -- Session::PollTransportEvents AddPeerMessage from peer 1 recv'd for unknown peer at address list WINaddr:192.168.1.43:6112;
21:26:49.47   RLINK -- Transport::OpenInternal request to WINaddr:255.255.255.255:6112;
21:26:49.47   RLINK -- Session::CheckAddress - initiating address check for WINaddr:192.168.1.43:6112;
21:26:49.47   RLINK -- Session - highest peerID now : 7
21:26:49.48   RLINK -- ValidateCustomData: called with 1129 bytes of custom data
21:26:49.48   RLINK -- Client accepted Peer 7 into the match at address list = WINaddr:192.168.1.43:6112;, routes =
21:26:49.48   RLINK -- WorldwideAdvertisementService::Process - EVENT_NEWPEER
21:26:49.50   RLINK -- Accepted matchInfo updated 132 from host
21:26:49.50   RLINK -- Accepted matchInfo updated 134 from host
21:26:49.52   GetMaxFrameTimeFromProfile: players=8 expected FPS=59.648491, bars=5, max avg=0.014, sd=0.002, 5 samples =  0.01 0.01 0.01 0.01 0.02
21:26:49.98   RLINK -- Accepted matchInfo updated 136 from host
21:26:50.01   RLINK -- Session::ProcessCheckAddressList - sending address check to WINaddr:192.168.1.43:6112;
21:26:50.11   RLINK -- Accepted matchInfo updated 139 from host
21:26:51.01   RLINK -- Session::ProcessCheckAddressList - sending address check to WINaddr:192.168.1.43:6112;
21:26:51.20   RLINK -- SENDING FORCED ACK from Peer 3 to Peer 1 - timeSinceLastAckMS       1088, transmitAckLastTimeMS    5438349 | Peer ---E- M#00000000 Sack00000054 NSack00000000 (C0.0% S:0.0) [  ]
21:26:51.20   RLINK -- Session::PollTransportEvents AddPeerMessage from peer 1 recv'd for unknown peer at address list WINaddr:192.168.1.43:6112;
21:26:51.20   RLINK -- Transport::OpenInternal request to WINaddr:255.255.255.255:6112;
21:26:51.20   RLINK -- Session::CheckAddress - initiating address check for WINaddr:192.168.1.43:6112;
21:26:51.20   RLINK -- Session - highest peerID now : 8
21:26:51.20   RLINK -- ValidateCustomData: called with 1207 bytes of custom data
21:26:51.20   RLINK -- Client accepted Peer 8 into the match at address list = WINaddr:192.168.1.43:6112;, routes =
21:26:51.20   RLINK -- WorldwideAdvertisementService::Process - EVENT_NEWPEER
21:26:51.27   RLINK -- Accepted matchInfo updated 140 from host
21:26:51.29   GetMaxFrameTimeFromProfile: players=8 expected FPS=59.648491, bars=5, max avg=0.014, sd=0.002, 5 samples =  0.01 0.01 0.01 0.01 0.02
21:26:51.38   RLINK -- Accepted matchInfo updated 141 from host
21:26:51.76   RLINK -- Accepted matchInfo updated 144 from host
21:26:52.00   RLINK -- Accepted matchInfo updated 146 from host
21:26:52.02   RLINK -- Session::ProcessCheckAddressList - sending address check to WINaddr:192.168.1.43:6112;
21:26:52.02   RLINK -- Session::ProcessCheckAddressList - sending address check to WINaddr:192.168.1.43:6112;
21:26:53.00   RLINK -- Session::ProcessCheckAddressList - sending address check to WINaddr:192.168.1.43:6112;
21:26:53.00   RLINK -- Session::ProcessCheckAddressList - sending address check to WINaddr:192.168.1.43:6112;
21:26:53.27   RLINK -- SENDING FORCED ACK from Peer 3 to Peer 5 - timeSinceLastAckMS      15379, transmitAckLastTimeMS    5440424 | Peer ---E- M#00000000 Sack00000002 NSack00000000 (C0.0% S:0.0) [  ]
21:26:53.51   RLINK -- Accepted matchInfo updated 147 from host
21:26:53.58   RLINK -- [P#3] SrcP# 1 buffer out of seq: 62 expect: 61
21:26:53.58   RLINK -- Removing peer 8 from session due to REMOVEPEER from host PeerID 1
21:26:53.58   RLINK -- Session::SchedulePeerRemove - Scheduling peerID: 8 to disconnect, reasonCode:109, reason:WorldwidePartyService::UpdateSlotInfo - No available slots
21:26:53.59   RLINK -- Session Destroy Peer Event - ReasonID: 109 ReasonDebug: WorldwidePartyService::UpdateSlotInfo - No available slots
21:26:53.59   RLINK -- Session::GetEvent DestroyPeer success Peer 8 removed, reasonCode 109, reasonDebug WorldwidePartyService::UpdateSlotInfo - No available slots
21:26:53.59   RLINK -- Session::DestroyPeer - deallocating peer 8
21:26:53.59   RLINK -- Session - Requested Disconnect for connectionID 64
21:26:53.59   RLINK -- WorldwideAdvertisementService::Process - EVENT_DESTROYPEER
21:26:53.61   RLINK -- SrcP# 1 deliver out of seq: 62 expect: 62
21:26:53.61   RLINK -- SrcP# 1 erase out of seq: 62 expect: 62
21:26:53.61   RLINK -- Removing peer 8 from session due to REMOVEPEER from host PeerID 1
21:26:53.62   RLINK -- Accepted matchInfo updated 149 from host
21:26:53.64   GetMaxFrameTimeFromProfile: players=8 expected FPS=59.648491, bars=5, max avg=0.014, sd=0.002, 5 samples =  0.01 0.01 0.01 0.01 0.02
21:26:54.01   RLINK -- Session::ProcessCheckAddressList - sending address check to WINaddr:192.168.1.43:6112;
21:26:54.01   RLINK -- Session::ProcessCheckAddressList - sending address check to WINaddr:192.168.1.43:6112;
21:26:54.25   RLINK -- [P#3] SrcP# 1 ignoring old retry: 59 expect: 65
21:26:54.27   RLINK -- Accepted matchInfo updated 151 from host
21:26:54.27   RLINK -- Accepted matchInfo updated 153 from host
21:26:54.27   RLINK -- Accepted matchInfo updated 157 from host
21:26:54.28   GetMaxFrameTimeFromProfile: players=8 expected FPS=59.648491, bars=5, max avg=0.014, sd=0.002, 5 samples =  0.01 0.01 0.01 0.01 0.02
21:26:54.50   RLINK -- Accepted matchInfo updated 163 from host
21:26:54.50   RLINK -- Accepted matchInfo updated 164 from host
21:26:54.52   GetMaxFrameTimeFromProfile: players=8 expected FPS=59.648491, bars=5, max avg=0.014, sd=0.002, 5 samples =  0.01 0.01 0.01 0.01 0.02
21:26:55.02   RLINK -- Session::ProcessCheckAddressList - sending address check to WINaddr:192.168.1.43:6112;
21:26:55.02   RLINK -- Session::ProcessCheckAddressList - sending address check to WINaddr:192.168.1.43:6112;
21:26:55.51   RLINK -- Accepted matchInfo updated 170 from host
21:26:55.51   RLINK -- Accepted matchInfo updated 176 from host
21:26:55.51   RLINK -- Accepted matchInfo updated 178 from host
21:26:55.51   RLINK -- Accepted matchInfo updated 179 from host
21:26:55.54   GetMaxFrameTimeFromProfile: players=8 expected FPS=59.648491, bars=5, max avg=0.014, sd=0.002, 5 samples =  0.01 0.01 0.01 0.01 0.02
21:26:56.00   RLINK -- Accepted matchInfo updated 183 from host
21:26:56.02   RLINK -- Session::ProcessCheckAddressList - sending address check to WINaddr:192.168.1.43:6112;
21:26:56.02   RLINK -- Session::ProcessCheckAddressList - sending address check to WINaddr:192.168.1.43:6112;
21:26:56.24   RLINK -- Accepted matchInfo updated 185 from host
21:26:56.68   Activating screen: OnlineGameSetup
21:26:56.68   Activating screen: RelicOnlineTabs
21:26:56.88   RLINK -- Accepted matchInfo updated 187 from host
21:26:56.89   GetMaxFrameTimeFromProfile: players=8 expected FPS=59.648491, bars=5, max avg=0.014, sd=0.002, 5 samples =  0.01 0.01 0.01 0.01 0.02
21:26:57.00   RLINK -- Session::ProcessCheckAddressList - sending address check to WINaddr:192.168.1.43:6112;
21:26:57.00   RLINK -- Session::ProcessCheckAddressList - sending address check to WINaddr:192.168.1.43:6112;
21:26:57.01   RLINK -- Accepted matchInfo updated 188 from host
21:26:57.03   RLINK -- SENDING FORCED ACK from Peer 3 to Peer 5 - timeSinceLastAckMS       3752, transmitAckLastTimeMS    5444176 | Peer ---E- M#00000000 Sack00000003 NSack00000000 (C0.0% S:0.0) [  ]
21:26:57.51   RLINK -- Accepted matchInfo updated 192 from host
21:26:57.63   RLINK -- Accepted matchInfo updated 194 from host
21:26:57.88   RLINK -- Accepted matchInfo updated 196 from host
21:26:57.90   GetMaxFrameTimeFromProfile: players=8 expected FPS=59.648491, bars=5, max avg=0.014, sd=0.002, 5 samples =  0.01 0.01 0.01 0.01 0.02
21:26:58.00   RLINK -- Accepted matchInfo updated 197 from host
21:26:58.02   RLINK -- Session::ProcessCheckAddressList - sending address check to WINaddr:192.168.1.43:6112;
21:26:58.02   RLINK -- Session::ProcessCheckAddressList - sending address check to WINaddr:192.168.1.43:6112;
21:26:58.40   RLINK -- Accepted matchInfo updated 199 from host
21:26:58.42   GetMaxFrameTimeFromProfile: players=8 expected FPS=59.648491, bars=5, max avg=0.014, sd=0.002, 5 samples =  0.01 0.01 0.01 0.01 0.02
21:26:58.52   RLINK -- Accepted matchInfo updated 204 from host
21:26:58.64   RLINK -- Accepted matchInfo updated 206 from host
21:26:58.99   RLINK -- Accepted matchInfo updated 212 from host
21:26:59.00   RLINK -- Transport - median kBPS [hi/cur] sent = 0.2/0.1, recvd = 0.0/0.0, #p/sec[s/r] = 1.0/0.0, max unsent 0, version err 0, merge 0
21:26:59.02   RLINK -- Session::ProcessCheckAddressList - sending address check to WINaddr:192.168.1.43:6112;
21:26:59.02   RLINK -- Session::ProcessCheckAddressList - sending address check to WINaddr:192.168.1.43:6112;
21:27:00.02   RLINK -- Session::ProcessCheckAddressList - sending address check to WINaddr:192.168.1.43:6112;
21:27:00.02   RLINK -- Session::ProcessCheckAddressList - address WINaddr:192.168.1.43:6112; timed out
21:27:00.02   RLINK -- Session::ProcessCheckAddressList - sending address check to WINaddr:192.168.1.43:6112;
21:27:01.00   RLINK -- Session::ProcessCheckAddressList - sending address check to WINaddr:192.168.1.43:6112;
21:27:01.79   RLINK -- SENDING FORCED ACK from Peer 3 to Peer 4 - timeSinceLastAckMS      13271, transmitAckLastTimeMS    5448942 | Peer ---E- M#00000000 Sack00000002 NSack00000000 (C0.0% S:0.0) [  ]
21:27:02.00   RLINK -- Session::ProcessCheckAddressList - sending address check to WINaddr:192.168.1.43:6112;
21:27:02.00   RLINK -- Session::ProcessCheckAddressList - address WINaddr:192.168.1.43:6112; timed out
21:27:03.62   RLINK -- Accepted matchInfo updated 213 from host
21:27:03.63   GetMaxFrameTimeFromProfile: players=8 expected FPS=59.648491, bars=5, max avg=0.014, sd=0.002, 5 samples =  0.01 0.01 0.01 0.01 0.02
21:27:03.77   RLINK -- Accepted matchInfo updated 214 from host
21:27:04.13   RLINK -- Accepted matchInfo updated 217 from host
21:27:04.16   RLINK -- SENDING FORCED ACK from Peer 3 to Peer 5 - timeSinceLastAckMS       7131, transmitAckLastTimeMS    5451307 | Peer ---E- M#00000000 Sack00000004 NSack00000000 (C0.0% S:0.0) [  ]
21:27:04.37   RLINK -- Accepted matchInfo updated 220 from host
21:27:05.90   RLINK -- SENDING FORCED ACK from Peer 3 to Peer 5 - timeSinceLastAckMS       1749, transmitAckLastTimeMS    5453056 | Peer ---E- M#00000000 Sack00000005 NSack00000000 (C0.0% S:0.0) [  ]
21:27:07.27   RLINK -- SENDING FORCED ACK from Peer 3 to Peer 4 - timeSinceLastAckMS       5481, transmitAckLastTimeMS    5454423 | Peer ---E- M#00000000 Sack00000003 NSack00000000 (C0.0% S:0.0) [  ]
21:27:07.85   RLINK -- SENDING FORCED ACK from Peer 3 to Peer 5 - timeSinceLastAckMS       1946, transmitAckLastTimeMS    5455002 | Peer ---E- M#00000000 Sack00000007 NSack00000000 (C0.0% S:0.0) [  ]
21:27:07.85   RLINK -- Session::ProcessPeerMessages - Got DROPOUT from peer 5
21:27:07.85   RLINK -- Session::ProcessPeerMessages - Got DROPOUT from peer 5
21:27:08.09   RLINK -- SENDING FORCED ACK from Peer 3 to Peer 1 - timeSinceLastAckMS        699, transmitAckLastTimeMS    5455244 | Peer ---E- M#00000000 Sack00000088 NSack00000000 (C0.0% S:0.0) [  ]
21:27:08.09   RLINK -- Removing peer 5 from session due to REMOVEPEER from host PeerID 1
21:27:08.09   RLINK -- Session::SchedulePeerRemove - Scheduling peerID: 5 to disconnect, reasonCode:1005, reason:clicked back
21:27:08.11   RLINK -- Session Destroy Peer Event - ReasonID: 1005 ReasonDebug: clicked back
21:27:08.11   RLINK -- Session::GetEvent DestroyPeer success Peer 5 removed, reasonCode 1005, reasonDebug clicked back
21:27:08.11   RLINK -- Session::DestroyPeer - deallocating peer 5
21:27:08.11   RLINK -- Session - Requested Disconnect for connectionID 61
21:27:08.11   RLINK -- WorldwideAdvertisementService::Process - EVENT_DESTROYPEER
21:27:08.13   RLINK -- Accepted matchInfo updated 221 from host
21:27:08.15   GetMaxFrameTimeFromProfile: players=8 expected FPS=59.648491, bars=5, max avg=0.014, sd=0.002, 5 samples =  0.01 0.01 0.01 0.01 0.02
21:27:08.25   RLINK -- Accepted matchInfo updated 222 from host
21:27:08.64   RLINK -- Accepted matchInfo updated 227 from host
21:27:09.61   RLINK -- SENDING FORCED ACK from Peer 3 to Peer 4 - timeSinceLastAckMS       2334, transmitAckLastTimeMS    5456757 | Peer ---E- M#00000000 Sack00000005 NSack00000000 (C0.0% S:0.0) [  ]
21:27:09.61   RLINK -- Session::ProcessPeerMessages - Got DROPOUT from peer 4
21:27:09.61   RLINK -- Session::ProcessPeerMessages - Got DROPOUT from peer 4
21:27:10.48   RLINK -- SENDING FORCED ACK from Peer 3 to Peer 1 - timeSinceLastAckMS       1839, transmitAckLastTimeMS    5457634 | Peer ---E- M#00000000 Sack00000093 NSack00000000 (C0.0% S:0.0) [  ]
21:27:10.48   RLINK -- Removing peer 4 from session due to REMOVEPEER from host PeerID 1
21:27:10.48   RLINK -- Session::SchedulePeerRemove - Scheduling peerID: 4 to disconnect, reasonCode:1005, reason:clicked back
21:27:10.49   RLINK -- Session Destroy Peer Event - ReasonID: 1005 ReasonDebug: clicked back
21:27:10.49   RLINK -- Session::GetEvent DestroyPeer success Peer 4 removed, reasonCode 1005, reasonDebug clicked back
21:27:10.49   RLINK -- Session::DestroyPeer - deallocating peer 4
21:27:10.49   RLINK -- Session - Requested Disconnect for connectionID 60
21:27:10.49   RLINK -- WorldwideAdvertisementService::Process - EVENT_DESTROYPEER
21:27:10.52   RLINK -- Accepted matchInfo updated 228 from host
21:27:10.52   RLINK -- Accepted matchInfo updated 229 from host
21:27:10.54   GetMaxFrameTimeFromProfile: players=8 expected FPS=59.648491, bars=5, max avg=0.014, sd=0.002, 5 samples =  0.01 0.01 0.01 0.01 0.02
21:27:10.85   RLINK -- [P#3] SrcP# 1 ignoring old retry: 93 expect: 96
21:27:10.88   RLINK -- [P#3] SrcP# 1 ignoring old retry: 94 expect: 96
21:27:11.00   RLINK -- Accepted matchInfo updated 232 from host
21:27:11.25   RLINK -- Accepted matchInfo updated 233 from host
21:27:16.51   RLINK -- Accepted matchInfo updated 234 from host
21:27:16.51   RLINK -- Accepted matchInfo updated 235 from host
21:27:16.52   GetMaxFrameTimeFromProfile: players=8 expected FPS=59.648491, bars=5, max avg=0.014, sd=0.002, 5 samples =  0.01 0.01 0.01 0.01 0.02
21:27:17.01   RLINK -- local      PeerID 3 LOCL ack=  0 (  0ms~0) unack=  0, retry=  0, highwaterOOS=0 (ip=WINaddr:192.168.50.236:6112;), pending=0, dead=0, RS#=0/0
21:27:17.01   RLINK --       host PeerID 1 RELY ack=152 (526ms~28) unack=  5, retry=  7, highwaterOOS=2 (ip=WINaddr:192.168.1.10:6112;), pending=0, dead=0, RS#=151/156
21:27:17.01   RLINK --            PeerID 2 RELY ack=  0 (  0ms~0) unack=  0, retry=  0, highwaterOOS=0 (ip=WINaddr:192.168.1.106:6112;), pending=0, dead=0, RS#=0/0
21:27:17.01   RLINK --            PeerID 6 RELY ack=  0 (  0ms~0) unack=  0, retry=  0, highwaterOOS=0 (ip=WINaddr:192.168.1.146:6112;), pending=0, dead=0, RS#=0/0
21:27:17.01   RLINK --            PeerID 7 RELY ack=  0 (  0ms~0) unack=  0, retry=  0, highwaterOOS=0 (ip=WINaddr:192.168.1.43:6112;), pending=0, dead=0, RS#=0/0
21:27:17.01   RLINK -- MessageCounts: inval=0/0, seek=0/0, join=0/5, ichk=0/0, sk_r=0/0, deny=0/0, Padd=0/28, Pdel=0/9, drop=0/8, data=156/109, mdat=0/0, voip=0/0, rchk=71/0, nudg=7/10, Thdr=66/0, Peer=232/232, PPrx=181/306, ping=0/0, Pfrg=0/0, rely=7/37, lb_p=2/2, lb_c=0/0, cast=0/0, cdat=0/0, sorq1=0/0, sorp=0/0, acto=0/0, spob=0/0, sorq2=0/0
21:27:17.51   RLINK -- Accepted matchInfo updated 239 from host
21:27:28.07   Activating screen: GameHistory
21:27:28.07   Activating screen: RelicOnlineTabs
21:27:31.09   Activating screen: OnlineGameSetup
21:27:31.09   Activating screen: RelicOnlineTabs
21:27:37.77   Re-winding a compressed stream for file 'data:sound\wav\music\frontend\opening_ambience_tg\opening_ambience_with_birds.smf'.  Expensive operation
21:27:46.05   RLINK -- SENDING FORCED ACK from Peer 3 to Peer 1 - timeSinceLastAckMS       1410, transmitAckLastTimeMS    5493199 | Peer ---E- M#00000000 Sack00000101 NSack00000000 (C0.0% S:0.0) [  ]
21:28:00.00   RLINK -- Transport - median kBPS [hi/cur] sent = 0.2/0.0, recvd = 0.0/0.0, #p/sec[s/r] = 0.1/0.0, max unsent 0, version err 0, merge 0
21:28:09.45   RLINK -- SENDING FORCED ACK from Peer 3 to Peer 1 - timeSinceLastAckMS       2113, transmitAckLastTimeMS    5516603 | Peer ---E- M#00000000 Sack00000102 NSack00000000 (C0.0% S:0.0) [  ]
21:28:18.00   RLINK -- local      PeerID 3 LOCL ack=  0 (  0ms~0) unack=  0, retry=  0, highwaterOOS=0 (ip=WINaddr:192.168.50.236:6112;), pending=0, dead=0, RS#=0/0
21:28:18.00   RLINK --       host PeerID 1 RELY ack=160 (950ms~340) unack=  0, retry=  7, highwaterOOS=2 (ip=WINaddr:192.168.1.10:6112;), pending=0, dead=0, RS#=159/159
21:28:18.00   RLINK --            PeerID 2 RELY ack=  2 (519ms~43) unack=  0, retry=  0, highwaterOOS=0 (ip=WINaddr:192.168.1.106:6112;), pending=0, dead=0, RS#=2/2
21:28:18.00   RLINK --            PeerID 6 RELY ack=  2 (519ms~43) unack=  0, retry=  0, highwaterOOS=0 (ip=WINaddr:192.168.1.146:6112;), pending=0, dead=0, RS#=2/2
21:28:18.00   RLINK --            PeerID 7 RELY ack=  2 (519ms~43) unack=  0, retry=  0, highwaterOOS=0 (ip=WINaddr:192.168.1.43:6112;), pending=0, dead=0, RS#=2/2
21:28:18.00   RLINK -- MessageCounts: inval=0/0, seek=0/0, join=0/0, ichk=0/0, sk_r=0/0, deny=0/0, Padd=0/0, Pdel=0/0, drop=0/0, data=9/3, mdat=0/0, voip=0/0, rchk=0/0, nudg=18/36, Thdr=0/0, Peer=31/49, PPrx=5/26, ping=0/0, Pfrg=0/0, rely=18/18, lb_p=4/4, lb_c=0/0, cast=0/0, cdat=0/0, sorq1=0/0, sorp=0/0, acto=0/0, spob=0/0, sorq2=0/0
21:28:42.91   Re-winding a compressed stream for file 'data:sound\wav\music\frontend\opening_ambience_tg\opening_ambience_with_birds.smf'.  Expensive operation
21:29:01.01   RLINK -- Transport - median kBPS [hi/cur] sent = 0.2/0.0, recvd = 0.0/0.0, #p/sec[s/r] = 0.0/0.0, max unsent 0, version err 0, merge 0
21:29:19.00   RLINK -- local      PeerID 3 LOCL ack=  0 (  0ms~0) unack=  0, retry=  0, highwaterOOS=0 (ip=WINaddr:192.168.50.236:6112;), pending=0, dead=0, RS#=0/0
21:29:19.00   RLINK --       host PeerID 1 RELY ack=162 (591ms~321) unack=  0, retry=  7, highwaterOOS=2 (ip=WINaddr:192.168.1.10:6112;), pending=0, dead=0, RS#=161/161
21:29:19.00   RLINK --            PeerID 2 RELY ack=  4 (483ms~31) unack=  0, retry=  0, highwaterOOS=0 (ip=WINaddr:192.168.1.106:6112;), pending=0, dead=0, RS#=4/4
21:29:19.00   RLINK --            PeerID 6 RELY ack=  4 (483ms~31) unack=  0, retry=  0, highwaterOOS=0 (ip=WINaddr:192.168.1.146:6112;), pending=0, dead=0, RS#=4/4
21:29:19.00   RLINK --            PeerID 7 RELY ack=  4 (483ms~31) unack=  0, retry=  0, highwaterOOS=0 (ip=WINaddr:192.168.1.43:6112;), pending=0, dead=0, RS#=4/4
21:29:19.00   RLINK -- MessageCounts: inval=0/0, seek=0/0, join=0/0, ichk=0/0, sk_r=0/0, deny=0/0, Padd=0/0, Pdel=0/0, drop=0/0, data=8/0, mdat=0/0, voip=0/0, rchk=0/0, nudg=20/42, Thdr=0/0, Peer=28/50, PPrx=2/16, ping=0/0, Pfrg=0/0, rely=20/21, lb_p=2/2, lb_c=0/0, cast=0/0, cdat=0/0, sorq1=0/0, sorp=0/0, acto=0/0, spob=0/0, sorq2=0/0
21:29:28.78   RLINK -- SENDING FORCED ACK from Peer 3 to Peer 1 - timeSinceLastAckMS       2615, transmitAckLastTimeMS    5595935 | Peer ---E- M#00000000 Sack00000103 NSack00000000 (C0.0% S:0.0) [  ]
21:29:28.78   RLINK -- Session::PollTransportEvents AddPeerMessage from peer 1 recv'd for unknown peer at address list WINaddr:192.168.1.6:6112;
21:29:28.78   RLINK -- Transport::OpenInternal request to WINaddr:255.255.255.255:6112;
21:29:28.78   RLINK -- Session::CheckAddress - initiating address check for WINaddr:192.168.1.6:6112;
21:29:28.78   RLINK -- Session - highest peerID now : 9
21:29:28.79   RLINK -- ValidateCustomData: called with 1149 bytes of custom data
21:29:28.79   RLINK -- Client accepted Peer 9 into the match at address list = WINaddr:192.168.1.6:6112;, routes =
21:29:28.79   RLINK -- WorldwideAdvertisementService::Process - EVENT_NEWPEER
21:29:28.82   RLINK -- Accepted matchInfo updated 240 from host
21:29:28.84   GetMaxFrameTimeFromProfile: players=8 expected FPS=59.648491, bars=5, max avg=0.014, sd=0.002, 5 samples =  0.01 0.01 0.01 0.01 0.02
21:29:28.94   RLINK -- Accepted matchInfo updated 241 from host
21:29:29.02   RLINK -- Session::ProcessCheckAddressList - sending address check to WINaddr:192.168.1.6:6112;
21:29:29.46   RLINK -- Accepted matchInfo updated 245 from host
21:29:30.02   RLINK -- Session::ProcessCheckAddressList - sending address check to WINaddr:192.168.1.6:6112;
21:29:31.00   RLINK -- Session::ProcessCheckAddressList - sending address check to WINaddr:192.168.1.6:6112;
21:29:32.00   RLINK -- Session::ProcessCheckAddressList - sending address check to WINaddr:192.168.1.6:6112;
21:29:33.01   RLINK -- Session::ProcessCheckAddressList - sending address check to WINaddr:192.168.1.6:6112;
21:29:33.59   RLINK -- Accepted matchInfo updated 248 from host
21:29:34.01   RLINK -- Session::ProcessCheckAddressList - sending address check to WINaddr:192.168.1.6:6112;
21:29:34.19   RLINK -- [P#3] SrcP# 1 ignoring old retry: 107 expect: 108
21:29:35.02   RLINK -- Session::ProcessCheckAddressList - sending address check to WINaddr:192.168.1.6:6112;
21:29:35.74   RLINK -- SENDING FORCED ACK from Peer 3 to Peer 7 - timeSinceLastAckMS       9573, transmitAckLastTimeMS    5602893 | Peer ---E- M#00000000 Sack00000001 NSack00000000 (C0.0% S:0.0) [  ]
21:29:36.02   RLINK -- Session::ProcessCheckAddressList - sending address check to WINaddr:192.168.1.6:6112;
21:29:36.20   RLINK -- [P#3] SrcP# 7 ignoring old retry: 1 expect: 2
21:29:37.02   RLINK -- Session::ProcessCheckAddressList - sending address check to WINaddr:192.168.1.6:6112;
21:29:38.02   RLINK -- Session::ProcessCheckAddressList - sending address check to WINaddr:192.168.1.6:6112;
21:29:39.03   RLINK -- Session::ProcessCheckAddressList - sending address check to WINaddr:192.168.1.6:6112;
21:29:39.03   RLINK -- Session::ProcessCheckAddressList - address WINaddr:192.168.1.6:6112; timed out
21:29:39.42   RLINK -- SENDING FORCED ACK from Peer 3 to Peer 2 - timeSinceLastAckMS      13251, transmitAckLastTimeMS    5606571 | Peer ---E- M#00000000 Sack00000002 NSack00000000 (C0.0% S:0.0) [  ]
21:29:39.42   RLINK -- Session::ProcessPeerMessages - Got DROPOUT from peer 2
21:29:39.42   RLINK -- Session::ProcessPeerMessages - Got DROPOUT from peer 2
21:29:39.66   RLINK -- Removing peer 2 from session due to REMOVEPEER from host PeerID 1
21:29:39.66   RLINK -- Session::SchedulePeerRemove - Scheduling peerID: 2 to disconnect, reasonCode:1005, reason:clicked back
21:29:39.67   RLINK -- Session Destroy Peer Event - ReasonID: 1005 ReasonDebug: clicked back
21:29:39.67   RLINK -- Session::GetEvent DestroyPeer success Peer 2 removed, reasonCode 1005, reasonDebug clicked back
21:29:39.67   RLINK -- Session::DestroyPeer - deallocating peer 2
21:29:39.67   RLINK -- Session - Requested Disconnect for connectionID 59
21:29:39.67   RLINK -- WorldwideAdvertisementService::Process - EVENT_DESTROYPEER
21:29:39.69   RLINK -- SENDING FORCED ACK from Peer 3 to Peer 1 - timeSinceLastAckMS        265, transmitAckLastTimeMS    5606843 | Peer ---E- M#00000000 Sack00000108 NSack00000000 (C0.0% S:0.0) [  ]
21:29:39.70   RLINK -- Accepted matchInfo updated 249 from host
21:29:39.72   GetMaxFrameTimeFromProfile: players=8 expected FPS=59.648491, bars=5, max avg=0.014, sd=0.002, 5 samples =  0.01 0.01 0.01 0.01 0.02
21:29:39.85   RLINK -- Accepted matchInfo updated 250 from host
21:29:39.93   RLINK -- SENDING RETRY - Peer 3 to Peer 9 retryTimeMS        500 oneMsg.lastTransmitTime    5606578, timeSinceLastTransmitMS        507 | Peer RS--- M#00000001 Sack00000000 NSack00000000 (C0.0% S:0.0) [ PKT SIZE:96 data DestChannel:�W�, Size:92  ]
21:29:40.54   RLINK -- SENDING RETRY - Peer 3 to Peer 1 retryTimeMS       1088 oneMsg.lastTransmitTime    5606578, timeSinceLastTransmitMS       1116 | Peer RS--- M#00000170 Sack00000110 NSack00000000 (C0.0% S:0.0) [ PKT SIZE:96 data DestChannel:�<�, Size:92  ]
21:29:40.58   RLINK -- Accepted matchInfo updated 253 from host
21:29:40.58   RLINK -- Accepted matchInfo updated 254 from host
21:29:42.46   RLINK -- Accepted matchInfo updated 255 from host
21:29:42.48   GetMaxFrameTimeFromProfile: players=8 expected FPS=59.648491, bars=5, max avg=0.014, sd=0.002, 5 samples =  0.01 0.01 0.01 0.01 0.02
21:29:43.22   RLINK -- Accepted matchInfo updated 256 from host
21:29:43.22   RLINK -- Accepted matchInfo updated 259 from host
21:29:43.22   RLINK -- Accepted matchInfo updated 260 from host
21:29:47.71   Re-winding a compressed stream for file 'data:sound\wav\music\frontend\opening_ambience_tg\opening_ambience_with_birds.smf'.  Expensive operation
21:29:57.72   RLINK -- SENDING RETRY - Peer 3 to Peer 9 retryTimeMS        500 oneMsg.lastTransmitTime    5624363, timeSinceLastTransmitMS        508 | Peer RS--- M#00000002 Sack00000000 NSack00000000 (C0.0% S:0.0) [ PKT SIZE:96 data DestChannel:�f�, Size:92  ]
21:29:58.24   RLINK -- SENDING RETRY - Peer 3 to Peer 6 retryTimeMS       1013 oneMsg.lastTransmitTime    5624363, timeSinceLastTransmitMS       1029 | Peer RS--- M#00000007 Sack00000000 NSack00000000 (C0.0% S:0.0) [ PKT SIZE:96 data DestChannel:��{, Size:92  ]
21:29:59.28   RLINK -- SENDING RETRY - Peer 3 to Peer 6 retryTimeMS       1013 oneMsg.lastTransmitTime    5625392, timeSinceLastTransmitMS       1038 | Peer RS--- M#00000007 Sack00000000 NSack00000000 (C0.0% S:0.0) [ PKT SIZE:96 data DestChannel:��{, Size:92  ]
21:30:00.31   RLINK -- SENDING RETRY - Peer 3 to Peer 6 retryTimeMS       1013 oneMsg.lastTransmitTime    5626430, timeSinceLastTransmitMS       1035 | Peer RS--- M#00000007 Sack00000000 NSack00000000 (C0.0% S:0.0) [ PKT SIZE:96 data DestChannel:�f�, Size:92  ]
21:30:01.35   RLINK -- SENDING RETRY - Peer 3 to Peer 6 retryTimeMS       1013 oneMsg.lastTransmitTime    5627465, timeSinceLastTransmitMS       1037 | Peer RS--- M#00000007 Sack00000000 NSack00000000 (C0.0% S:0.0) [ PKT SIZE:96 data DestChannel:��{, Size:92  ]
21:30:02.00   RLINK -- Transport - median kBPS [hi/cur] sent = 0.2/0.0, recvd = 0.0/0.0, #p/sec[s/r] = 0.2/0.0, max unsent 0, version err 0, merge 0
21:30:02.38   RLINK -- SENDING RETRY - Peer 3 to Peer 6 retryTimeMS       1013 oneMsg.lastTransmitTime    5628502, timeSinceLastTransmitMS       1031 | Peer RS--- M#00000007 Sack00000000 NSack00000000 (C0.0% S:0.0) [ PKT SIZE:96 data DestChannel:��{, Size:92  ]
21:30:03.42   RLINK -- SENDING RETRY - Peer 3 to Peer 6 retryTimeMS       1013 oneMsg.lastTransmitTime    5629533, timeSinceLastTransmitMS       1037 | Peer RS--- M#00000007 Sack00000000 NSack00000000 (C0.0% S:0.0) [ PKT SIZE:96 data DestChannel:�F�, Size:92  ]
21:30:04.45   RLINK -- SENDING RETRY - Peer 3 to Peer 6 retryTimeMS       1013 oneMsg.lastTransmitTime    5630570, timeSinceLastTransmitMS       1032 | Peer RS--- M#00000007 Sack00000000 NSack00000000 (C0.0% S:0.0) [ PKT SIZE:96 data DestChannel:��{, Size:92  ]
21:30:05.49   RLINK -- SENDING RETRY - Peer 3 to Peer 6 retryTimeMS       1013 oneMsg.lastTransmitTime    5631602, timeSinceLastTransmitMS       1036 | Peer RS--- M#00000007 Sack00000000 NSack00000000 (C0.0% S:0.0) [ PKT SIZE:96 data DestChannel:�\�, Size:92  ]
21:30:06.52   RLINK -- SENDING RETRY - Peer 3 to Peer 6 retryTimeMS       1013 oneMsg.lastTransmitTime    5632638, timeSinceLastTransmitMS       1037 | Peer RS--- M#00000007 Sack00000000 NSack00000000 (C0.0% S:0.0) [ PKT SIZE:96 data DestChannel:��{, Size:92  ]
21:30:07.56   RLINK -- SENDING RETRY - Peer 3 to Peer 6 retryTimeMS       1013 oneMsg.lastTransmitTime    5633675, timeSinceLastTransmitMS       1041 | Peer RS--- M#00000007 Sack00000000 NSack00000000 (C0.0% S:0.0) [ PKT SIZE:96 data DestChannel:��{, Size:92  ]
21:30:08.61   RLINK -- SENDING RETRY - Peer 3 to Peer 6 retryTimeMS       1013 oneMsg.lastTransmitTime    5634716, timeSinceLastTransmitMS       1042 | Peer RS--- M#00000007 Sack00000000 NSack00000000 (C0.0% S:0.0) [ PKT SIZE:96 data DestChannel:�x\�, Size:92  ]
21:30:09.65   RLINK -- SENDING RETRY - Peer 3 to Peer 6 retryTimeMS       1013 oneMsg.lastTransmitTime    5635758, timeSinceLastTransmitMS       1038 | Peer RS--- M#00000007 Sack00000000 NSack00000000 (C0.0% S:0.0) [ PKT SIZE:96 data DestChannel:��{, Size:92  ]
21:30:10.68   RLINK -- SENDING RETRY - Peer 3 to Peer 6 retryTimeMS       1013 oneMsg.lastTransmitTime    5636796, timeSinceLastTransmitMS       1032 | Peer RS--- M#00000007 Sack00000000 NSack00000000 (C0.0% S:0.0) [ PKT SIZE:96 data DestChannel:��{, Size:92  ]
21:30:11.72   RLINK -- SENDING RETRY - Peer 3 to Peer 6 retryTimeMS       1013 oneMsg.lastTransmitTime    5637828, timeSinceLastTransmitMS       1039 | Peer RS--- M#00000007 Sack00000000 NSack00000000 (C0.0% S:0.0) [ PKT SIZE:96 data DestChannel:���, Size:92  ]
21:30:11.72   RLINK -- Peer::RetranUnack,bad con to P#:6, using Proxy packet unacked 15 tries [Peer RS--- M#00000007 Sack00000000 NSack00000000 (C0.0% S:0.0) [ PKT SIZE:96 data DestChannel:�F�, Size:92  ]]
21:30:12.75   RLINK -- SENDING RETRY - Peer 3 to Peer 6 retryTimeMS       1013 oneMsg.lastTransmitTime    5638867, timeSinceLastTransmitMS       1030 | Peer RS--- M#00000007 Sack00000000 NSack00000000 (C0.0% S:0.0) [ PKT SIZE:96 data DestChannel:���, Size:92  ]
21:30:13.78   RLINK -- SENDING RETRY - Peer 3 to Peer 6 retryTimeMS       1013 oneMsg.lastTransmitTime    5639897, timeSinceLastTransmitMS       1033 | Peer RS--- M#00000007 Sack00000000 NSack00000000 (C0.0% S:0.0) [ PKT SIZE:96 data DestChannel:��{, Size:92  ]
21:30:14.81   RLINK -- SENDING RETRY - Peer 3 to Peer 6 retryTimeMS       1013 oneMsg.lastTransmitTime    5640930, timeSinceLastTransmitMS       1033 | Peer RS--- M#00000007 Sack00000000 NSack00000000 (C0.0% S:0.0) [ PKT SIZE:96 data DestChannel:��{, Size:92  ]
21:30:15.83   RLINK -- SENDING RETRY - Peer 3 to Peer 6 retryTimeMS       1013 oneMsg.lastTransmitTime    5641963, timeSinceLastTransmitMS       1016 | Peer RS--- M#00000007 Sack00000000 NSack00000000 (C0.0% S:0.0) [ PKT SIZE:96 data DestChannel:��{, Size:92  ]
21:30:16.85   RLINK -- SENDING RETRY - Peer 3 to Peer 6 retryTimeMS       1013 oneMsg.lastTransmitTime    5642979, timeSinceLastTransmitMS       1025 | Peer RS--- M#00000007 Sack00000000 NSack00000000 (C0.0% S:0.0) [ PKT SIZE:96 data DestChannel:��{, Size:92  ]
21:30:17.89   RLINK -- SENDING RETRY - Peer 3 to Peer 6 retryTimeMS       1013 oneMsg.lastTransmitTime    5644004, timeSinceLastTransmitMS       1038 | Peer RS--- M#00000007 Sack00000000 NSack00000000 (C0.0% S:0.0) [ PKT SIZE:96 data DestChannel:���, Size:92  ]
21:30:18.92   RLINK -- SENDING RETRY - Peer 3 to Peer 6 retryTimeMS       1013 oneMsg.lastTransmitTime    5645042, timeSinceLastTransmitMS       1032 | Peer RS--- M#00000007 Sack00000000 NSack00000000 (C0.0% S:0.0) [ PKT SIZE:96 data DestChannel:��{, Size:92  ]
21:30:19.96   RLINK -- SENDING RETRY - Peer 3 to Peer 6 retryTimeMS       1013 oneMsg.lastTransmitTime    5646074, timeSinceLastTransmitMS       1035 | Peer RS--- M#00000007 Sack00000000 NSack00000000 (C0.0% S:0.0) [ PKT SIZE:96 data DestChannel:��{, Size:92  ]
21:30:20.02   RLINK -- local      PeerID 3 LOCL ack=  0 (  0ms~0) unack=  0, retry=  0, highwaterOOS=0 (ip=WINaddr:192.168.50.236:6112;), pending=0, dead=0, RS#=0/0
21:30:20.02   RLINK --       host PeerID 1 RELY ack=186 (541ms~54) unack=  0, retry=  8, highwaterOOS=2 (ip=WINaddr:192.168.1.10:6112;), pending=0, dead=0, RS#=185/185
21:30:20.02   RLINK --            PeerID 6 RELY ack=  6 (513ms~74) unack=  1, retry= 22, highwaterOOS=0 (ip=WINaddr:192.168.1.146:6112;), pending=0, dead=0, RS#=6/7
21:30:20.02   RLINK --            PeerID 7 RELY ack=  7 (526ms~50) unack=  0, retry=  0, highwaterOOS=0 (ip=WINaddr:192.168.1.43:6112;), pending=0, dead=0, RS#=7/7
21:30:20.02   RLINK --            PeerID 9 RELY ack=  2 (  0ms~0) unack=  0, retry=  2, highwaterOOS=0 (ip=WINaddr:192.168.1.6:6112;), pending=0, dead=0, RS#=2/2
21:30:20.02   RLINK -- MessageCounts: inval=0/0, seek=0/0, join=0/1, ichk=0/0, sk_r=0/0, deny=0/0, Padd=0/2, Pdel=0/2, drop=0/4, data=34/64, mdat=0/0, voip=0/0, rchk=12/0, nudg=15/36, Thdr=11/0, Peer=58/77, PPrx=53/64, ping=0/0, Pfrg=0/0, rely=15/22, lb_p=4/4, lb_c=0/0, cast=0/0, cdat=0/0, sorq1=0/0, sorp=0/0, acto=0/0, spob=0/0, sorq2=0/0
21:30:20.56   RLINK -- SENDING FORCED ACK from Peer 3 to Peer 9 - timeSinceLastAckMS      22844, transmitAckLastTimeMS    5647715 | Peer ---E- M#00000000 Sack00000002 NSack00000000 (C0.0% S:0.0) [  ]
21:30:20.56   RLINK -- Session::ProcessPeerMessages - Got DROPOUT from peer 9
21:30:20.56   RLINK -- Session::ProcessPeerMessages - Got DROPOUT from peer 9
21:30:20.69   RLINK -- SENDING FORCED ACK from Peer 3 to Peer 1 - timeSinceLastAckMS       2370, transmitAckLastTimeMS    5647837 | Peer ---E- M#00000000 Sack00000117 NSack00000000 (C0.0% S:0.0) [  ]
21:30:20.69   RLINK -- Removing peer 9 from session due to REMOVEPEER from host PeerID 1
21:30:20.69   RLINK -- Session::SchedulePeerRemove - Scheduling peerID: 9 to disconnect, reasonCode:1005, reason:clicked back
21:30:20.69   RLINK -- Session Destroy Peer Event - ReasonID: 1005 ReasonDebug: clicked back
21:30:20.69   RLINK -- Session::GetEvent DestroyPeer success Peer 9 removed, reasonCode 1005, reasonDebug clicked back
21:30:20.69   RLINK -- Session::DestroyPeer - deallocating peer 9
21:30:20.69   RLINK -- Session - Requested Disconnect for connectionID 65
21:30:20.69   RLINK -- WorldwideAdvertisementService::Process - EVENT_DESTROYPEER
21:30:20.84   RLINK -- Accepted matchInfo updated 261 from host
21:30:20.86   GetMaxFrameTimeFromProfile: players=8 expected FPS=59.648491, bars=5, max avg=0.014, sd=0.002, 5 samples =  0.01 0.01 0.01 0.01 0.02
21:30:20.99   RLINK -- SENDING RETRY - Peer 3 to Peer 6 retryTimeMS       1013 oneMsg.lastTransmitTime    5647109, timeSinceLastTransmitMS       1032 | Peer RS--- M#00000007 Sack00000000 NSack00000000 (C0.0% S:0.0) [ PKT SIZE:96 data DestChannel:�W\�, Size:92  ]
21:30:21.00   RLINK -- Accepted matchInfo updated 262 from host
21:30:21.36   RLINK -- Accepted matchInfo updated 264 from host
21:30:22.02   RLINK -- SENDING RETRY - Peer 3 to Peer 6 retryTimeMS       1013 oneMsg.lastTransmitTime    5648141, timeSinceLastTransmitMS       1033 | Peer RS--- M#00000007 Sack00000000 NSack00000000 (C0.0% S:0.0) [ PKT SIZE:96 data DestChannel:�H�, Size:92  ]
21:30:22.96   RLINK -- SENDING RETRY - Peer 3 to Peer 6 retryTimeMS       1013 oneMsg.lastTransmitTime    5649074, timeSinceLastTransmitMS       1042 | Peer RS--- M#00000008 Sack00000000 NSack00000000 (C0.0% S:0.0) [ PKT SIZE:106 data DestChannel:�x\�, Size:102  ]
21:30:23.05   RLINK -- SENDING RETRY - Peer 3 to Peer 6 retryTimeMS       1013 oneMsg.lastTransmitTime    5649174, timeSinceLastTransmitMS       1032 | Peer RS--- M#00000007 Sack00000000 NSack00000000 (C0.0% S:0.0) [ PKT SIZE:96 data DestChannel:�x\�, Size:92  ]
21:30:24.00   RLINK -- SENDING RETRY - Peer 3 to Peer 6 retryTimeMS       1013 oneMsg.lastTransmitTime    5650116, timeSinceLastTransmitMS       1032 | Peer RS--- M#00000008 Sack00000000 NSack00000000 (C0.0% S:0.0) [ PKT SIZE:106 data DestChannel:��{, Size:102  ]
21:30:24.09   RLINK -- SENDING RETRY - Peer 3 to Peer 6 retryTimeMS       1013 oneMsg.lastTransmitTime    5650206, timeSinceLastTransmitMS       1032 | Peer RS--- M#00000007 Sack00000000 NSack00000000 (C0.0% S:0.0) [ PKT SIZE:96 data DestChannel:��, Size:92  ]
21:30:25.03   RLINK -- SENDING RETRY - Peer 3 to Peer 6 retryTimeMS       1013 oneMsg.lastTransmitTime    5651148, timeSinceLastTransmitMS       1030 | Peer RS--- M#00000008 Sack00000000 NSack00000000 (C0.0% S:0.0) [ PKT SIZE:106 data DestChannel:�<�, Size:102  ]
21:30:25.12   RLINK -- SENDING RETRY - Peer 3 to Peer 6 retryTimeMS       1013 oneMsg.lastTransmitTime    5651238, timeSinceLastTransmitMS       1033 | Peer RS--- M#00000007 Sack00000000 NSack00000000 (C0.0% S:0.0) [ PKT SIZE:96 data DestChannel:�F�, Size:92  ]
21:30:26.07   RLINK -- SENDING RETRY - Peer 3 to Peer 6 retryTimeMS       1013 oneMsg.lastTransmitTime    5652178, timeSinceLastTransmitMS       1040 | Peer RS--- M#00000008 Sack00000000 NSack00000000 (C0.0% S:0.0) [ PKT SIZE:106 data DestChannel:���, Size:102  ]
21:30:26.16   RLINK -- SENDING RETRY - Peer 3 to Peer 6 retryTimeMS       1013 oneMsg.lastTransmitTime    5652271, timeSinceLastTransmitMS       1039 | Peer RS--- M#00000007 Sack00000000 NSack00000000 (C0.0% S:0.0) [ PKT SIZE:96 data DestChannel:��{, Size:92  ]
21:30:27.11   RLINK -- SENDING RETRY - Peer 3 to Peer 6 retryTimeMS       1013 oneMsg.lastTransmitTime    5653218, timeSinceLastTransmitMS       1039 | Peer RS--- M#00000008 Sack00000000 NSack00000000 (C0.0% S:0.0) [ PKT SIZE:106 data DestChannel:�f�, Size:102  ]
21:30:27.20   RLINK -- SENDING RETRY - Peer 3 to Peer 6 retryTimeMS       1013 oneMsg.lastTransmitTime    5653310, timeSinceLastTransmitMS       1038 | Peer RS--- M#00000007 Sack00000000 NSack00000000 (C0.0% S:0.0) [ PKT SIZE:96 data DestChannel:��{, Size:92  ]
21:30:28.14   RLINK -- SENDING RETRY - Peer 3 to Peer 6 retryTimeMS       1013 oneMsg.lastTransmitTime    5654257, timeSinceLastTransmitMS       1031 | Peer RS--- M#00000008 Sack00000000 NSack00000000 (C0.0% S:0.0) [ PKT SIZE:106 data DestChannel:��{, Size:102  ]
21:30:28.23   RLINK -- SENDING RETRY - Peer 3 to Peer 6 retryTimeMS       1013 oneMsg.lastTransmitTime    5654348, timeSinceLastTransmitMS       1030 | Peer RS--- M#00000007 Sack00000000 NSack00000000 (C0.0% S:0.0) [ PKT SIZE:96 data DestChannel:��{, Size:92  ]
21:30:28.23   RLINK -- Peer::RetranUnack,bad con to P#:6, using Proxy packet unacked 31 tries [Peer RS--- M#00000007 Sack00000000 NSack00000000 (C0.0% S:0.0) [ PKT SIZE:96 data DestChannel:��{, Size:92  ]]
21:30:29.17   RLINK -- SENDING RETRY - Peer 3 to Peer 6 retryTimeMS       1013 oneMsg.lastTransmitTime    5655288, timeSinceLastTransmitMS       1032 | Peer RS--- M#00000008 Sack00000000 NSack00000000 (C0.0% S:0.0) [ PKT SIZE:106 data DestChannel:�\�, Size:102  ]
21:30:29.26   RLINK -- SENDING RETRY - Peer 3 to Peer 6 retryTimeMS       1013 oneMsg.lastTransmitTime    5655378, timeSinceLastTransmitMS       1033 | Peer RS--- M#00000007 Sack00000000 NSack00000000 (C0.0% S:0.0) [ PKT SIZE:96 data DestChannel:�L�, Size:92  ]
21:30:30.18   RLINK -- SENDING RETRY - Peer 3 to Peer 6 retryTimeMS       1013 oneMsg.lastTransmitTime    5656320, timeSinceLastTransmitMS       1015 | Peer RS--- M#00000008 Sack00000000 NSack00000000 (C0.0% S:0.0) [ PKT SIZE:106 data DestChannel:�x\�, Size:102  ]
21:30:30.27   RLINK -- SENDING RETRY - Peer 3 to Peer 6 retryTimeMS       1013 oneMsg.lastTransmitTime    5656411, timeSinceLastTransmitMS       1015 | Peer RS--- M#00000007 Sack00000000 NSack00000000 (C0.0% S:0.0) [ PKT SIZE:96 data DestChannel:�L�, Size:92  ]
21:30:31.22   RLINK -- SENDING RETRY - Peer 3 to Peer 6 retryTimeMS       1013 oneMsg.lastTransmitTime    5657335, timeSinceLastTransmitMS       1040 | Peer RS--- M#00000008 Sack00000000 NSack00000000 (C0.0% S:0.0) [ PKT SIZE:106 data DestChannel:�[\�, Size:102  ]
21:30:31.32   RLINK -- SENDING RETRY - Peer 3 to Peer 6 retryTimeMS       1013 oneMsg.lastTransmitTime    5657426, timeSinceLastTransmitMS       1041 | Peer RS--- M#00000007 Sack00000000 NSack00000000 (C0.0% S:0.0) [ PKT SIZE:96 data DestChannel:��{, Size:92  ]
21:30:32.26   RLINK -- SENDING RETRY - Peer 3 to Peer 6 retryTimeMS       1013 oneMsg.lastTransmitTime    5658375, timeSinceLastTransmitMS       1032 | Peer RS--- M#00000008 Sack00000000 NSack00000000 (C0.0% S:0.0) [ PKT SIZE:106 data DestChannel:���, Size:102  ]
21:30:32.35   RLINK -- SENDING RETRY - Peer 3 to Peer 6 retryTimeMS       1013 oneMsg.lastTransmitTime    5658467, timeSinceLastTransmitMS       1031 | Peer RS--- M#00000007 Sack00000000 NSack00000000 (C0.0% S:0.0) [ PKT SIZE:96 data DestChannel:�W�, Size:92  ]
21:30:33.30   RLINK -- SENDING RETRY - Peer 3 to Peer 6 retryTimeMS       1013 oneMsg.lastTransmitTime    5659407, timeSinceLastTransmitMS       1040 | Peer RS--- M#00000008 Sack00000000 NSack00000000 (C0.0% S:0.0) [ PKT SIZE:106 data DestChannel:�[\�, Size:102  ]
21:30:33.39   RLINK -- SENDING RETRY - Peer 3 to Peer 6 retryTimeMS       1013 oneMsg.lastTransmitTime    5659498, timeSinceLastTransmitMS       1040 | Peer RS--- M#00000007 Sack00000000 NSack00000000 (C0.0% S:0.0) [ PKT SIZE:96 data DestChannel:�x\�, Size:92  ]
21:30:34.34   RLINK -- SENDING RETRY - Peer 3 to Peer 6 retryTimeMS       1013 oneMsg.lastTransmitTime    5660447, timeSinceLastTransmitMS       1040 | Peer RS--- M#00000008 Sack00000000 NSack00000000 (C0.0% S:0.0) [ PKT SIZE:106 data DestChannel:��{, Size:102  ]
21:30:34.43   RLINK -- SENDING RETRY - Peer 3 to Peer 6 retryTimeMS       1013 oneMsg.lastTransmitTime    5660538, timeSinceLastTransmitMS       1039 | Peer RS--- M#00000007 Sack00000000 NSack00000000 (C0.0% S:0.0) [ PKT SIZE:96 data DestChannel:�<�, Size:92  ]
21:30:35.07   RLINK -- SENDING FORCED ACK from Peer 3 to Peer 1 - timeSinceLastAckMS       1074, transmitAckLastTimeMS    5662226 | Peer ---E- M#00000000 Sack00000121 NSack00000000 (C0.0% S:0.0) [  ]
21:30:35.07   RLINK -- Removing peer 6 from session due to REMOVEPEER from host PeerID 1
21:30:35.07   RLINK -- Session::SchedulePeerRemove - Scheduling peerID: 6 to disconnect, reasonCode:2, reason:No longer connected to host
21:30:35.08   RLINK -- Session Destroy Peer Event - ReasonID: 2 ReasonDebug: No longer connected to host
21:30:35.08   RLINK -- Session::GetEvent DestroyPeer success Peer 6 removed, reasonCode 2, reasonDebug No longer connected to host
21:30:35.08   RLINK -- Session::DestroyPeer - deallocating peer 6
21:30:35.08   RLINK -- Session - Requested Disconnect for connectionID 62
21:30:35.08   RLINK -- WorldwideAdvertisementService::Process - EVENT_DESTROYPEER
21:30:35.11   RLINK -- Accepted matchInfo updated 265 from host
21:30:35.11   RLINK -- Accepted matchInfo updated 266 from host
21:30:35.13   GetMaxFrameTimeFromProfile: players=8 expected FPS=59.648491, bars=5, max avg=0.014, sd=0.002, 5 samples =  0.01 0.01 0.01 0.01 0.02
21:30:35.63   RLINK -- Accepted matchInfo updated 268 from host
21:30:41.53   RLINK -- SENDING FORCED ACK from Peer 3 to Peer 1 - timeSinceLastAckMS       2877, transmitAckLastTimeMS    5668684 | Peer ---E- M#00000000 Sack00000125 NSack00000000 (C0.0% S:0.0) [  ]
21:30:43.39   RLINK -- SENDING FORCED ACK from Peer 3 to Peer 1 - timeSinceLastAckMS       1705, transmitAckLastTimeMS    5670540 | Peer ---E- M#00000000 Sack00000126 NSack00000000 (C0.0% S:0.0) [  ]
21:30:45.52   RLINK -- SENDING FORCED ACK from Peer 3 to Peer 1 - timeSinceLastAckMS        818, transmitAckLastTimeMS    5672676 | Peer ---E- M#00000000 Sack00000127 NSack00000000 (C0.0% S:0.0) [  ]
21:30:47.99   RLINK -- SENDING FORCED ACK from Peer 3 to Peer 1 - timeSinceLastAckMS        276, transmitAckLastTimeMS    5675141 | Peer ---E- M#00000000 Sack00000128 NSack00000000 (C0.0% S:0.0) [  ]
21:30:49.76   RLINK -- SENDING FORCED ACK from Peer 3 to Peer 1 - timeSinceLastAckMS       1771, transmitAckLastTimeMS    5676912 | Peer ---E- M#00000000 Sack00000129 NSack00000000 (C0.0% S:0.0) [  ]
21:30:52.65   RLINK -- SENDING FORCED ACK from Peer 3 to Peer 1 - timeSinceLastAckMS       1924, transmitAckLastTimeMS    5679797 | Peer ---E- M#00000000 Sack00000130 NSack00000000 (C0.0% S:0.0) [  ]
21:30:52.83   Re-winding a compressed stream for file 'data:sound\wav\music\frontend\opening_ambience_tg\opening_ambience_with_birds.smf'.  Expensive operation
21:30:55.91   RLINK -- SENDING FORCED ACK from Peer 3 to Peer 1 - timeSinceLastAckMS       2166, transmitAckLastTimeMS    5683060 | Peer ---E- M#00000000 Sack00000131 NSack00000000 (C0.0% S:0.0) [  ]
21:31:01.53   Activating screen: DynamicPopupMenu
21:31:01.58   Activating screen: RelicOnlineStatsPopup
21:31:03.00   RLINK -- Transport - median kBPS [hi/cur] sent = 0.2/0.0, recvd = 0.0/0.0, #p/sec[s/r] = 0.0/0.0, max unsent 0, version err 0, merge 0
21:31:03.55   DataDeactivate - no more things to deactivate. bailing.
21:31:21.00   RLINK -- local      PeerID 3 LOCL ack=  0 (  0ms~0) unack=  0, retry=  0, highwaterOOS=0 (ip=WINaddr:192.168.50.236:6112;), pending=0, dead=0, RS#=0/0
21:31:21.00   RLINK --       host PeerID 1 RELY ack=200 (487ms~37) unack=  1, retry=  8, highwaterOOS=2 (ip=WINaddr:192.168.1.10:6112;), pending=0, dead=0, RS#=200/200
21:31:21.00   RLINK --            PeerID 7 RELY ack=  9 (474ms~48) unack=  1, retry=  0, highwaterOOS=0 (ip=WINaddr:192.168.1.43:6112;), pending=0, dead=0, RS#=10/10
21:31:21.00   RLINK -- MessageCounts: inval=0/0, seek=0/0, join=0/0, ichk=0/0, sk_r=0/0, deny=0/0, Padd=0/0, Pdel=0/4, drop=0/4, data=19/66, mdat=0/0, voip=0/0, rchk=0/0, nudg=18/28, Thdr=0/0, Peer=42/60, PPrx=51/48, ping=0/0, Pfrg=0/0, rely=18/18, lb_p=3/3, lb_c=0/0, cast=0/0, cdat=0/0, sorq1=0/0, sorp=0/0, acto=0/0, spob=0/0, sorq2=0/0
21:31:37.50   RLINK -- SENDING FORCED ACK from Peer 3 to Peer 1 - timeSinceLastAckMS        760, transmitAckLastTimeMS    5724648 | Peer ---E- M#00000000 Sack00000132 NSack00000000 (C0.0% S:0.0) [  ]
21:31:37.50   RLINK -- Session::PollTransportEvents AddPeerMessage from peer 1 recv'd for unknown peer at address list WINaddr:192.168.1.4:6112;
21:31:37.50   RLINK -- Transport::OpenInternal request to WINaddr:255.255.255.255:6112;
21:31:37.50   RLINK -- Session::CheckAddress - initiating address check for WINaddr:192.168.1.4:6112;
21:31:37.50   RLINK -- Session - highest peerID now : 10
21:31:37.50   RLINK -- ValidateCustomData: called with 1379 bytes of custom data
21:31:37.50   RLINK -- Client accepted Peer 10 into the match at address list = WINaddr:192.168.1.4:6112;, routes =
21:31:37.50   RLINK -- WorldwideAdvertisementService::Process - EVENT_NEWPEER
21:31:37.53   RLINK -- Accepted matchInfo updated 269 from host
21:31:37.53   RLINK -- Accepted matchInfo updated 271 from host
21:31:37.55   GetMaxFrameTimeFromProfile: players=8 expected FPS=59.648491, bars=5, max avg=0.014, sd=0.002, 5 samples =  0.01 0.01 0.01 0.01 0.02
21:31:38.01   RLINK -- Session::ProcessCheckAddressList - sending address check to WINaddr:192.168.1.4:6112;
21:31:38.14   RLINK -- Accepted matchInfo updated 273 from host
21:31:39.01   RLINK -- Session::ProcessCheckAddressList - sending address check to WINaddr:192.168.1.4:6112;
21:31:40.02   RLINK -- Session::ProcessCheckAddressList - sending address check to WINaddr:192.168.1.4:6112;
21:31:41.03   RLINK -- Session::ProcessCheckAddressList - sending address check to WINaddr:192.168.1.4:6112;
21:31:41.15   RLINK -- Accepted matchInfo updated 276 from host
21:31:42.01   RLINK -- Session::ProcessCheckAddressList - sending address check to WINaddr:192.168.1.4:6112;
21:31:42.25   RLINK -- SENDING RETRY - Peer 3 to Peer 1 retryTimeMS       1073 oneMsg.lastTransmitTime    5728302, timeSinceLastTransmitMS       1101 | Peer RS--- M#00000208 Sack00000136 NSack00000000 (C0.0% S:0.0) [ PKT SIZE:18 data DestChannel:�F�, Size:14  ]
21:31:42.54   RLINK -- Accepted matchInfo updated 277 from host
21:31:42.55   GetMaxFrameTimeFromProfile: players=8 expected FPS=59.648491, bars=5, max avg=0.014, sd=0.002, 5 samples =  0.01 0.01 0.01 0.01 0.02
21:31:43.01   RLINK -- Session::ProcessCheckAddressList - sending address check to WINaddr:192.168.1.4:6112;
21:31:43.14   RLINK -- [P#3] SrcP# 1 ignoring old retry: 137 expect: 140
21:31:43.14   RLINK -- Accepted matchInfo updated 278 from host
21:31:43.14   RLINK -- Accepted matchInfo updated 280 from host
21:31:43.14   RLINK -- Accepted matchInfo updated 281 from host
21:31:43.65   RLINK -- [P#3] SrcP# 1 ignoring old retry: 139 expect: 142
21:31:44.01   RLINK -- Session::ProcessCheckAddressList - sending address check to WINaddr:192.168.1.4:6112;
21:31:45.02   RLINK -- Session::ProcessCheckAddressList - sending address check to WINaddr:192.168.1.4:6112;
21:31:46.02   RLINK -- Session::ProcessCheckAddressList - sending address check to WINaddr:192.168.1.4:6112;
21:31:47.02   RLINK -- Session::ProcessCheckAddressList - sending address check to WINaddr:192.168.1.4:6112;
21:31:48.02   RLINK -- Session::ProcessCheckAddressList - sending address check to WINaddr:192.168.1.4:6112;
21:31:48.02   RLINK -- Session::ProcessCheckAddressList - address WINaddr:192.168.1.4:6112; timed out
21:31:48.05   RLINK -- SENDING FORCED ACK from Peer 3 to Peer 10 - timeSinceLastAckMS      10548, transmitAckLastTimeMS    5735199 | Peer ---E- M#00000000 Sack00000001 NSack00000000 (C0.0% S:0.0) [  ]
21:31:48.51   RLINK -- [P#3] SrcP# 10 ignoring old retry: 1 expect: 2
21:31:57.62   Re-winding a compressed stream for file 'data:sound\wav\music\frontend\opening_ambience_tg\opening_ambience_with_birds.smf'.  Expensive operation
21:32:01.26   RLINK -- SENDING RETRY - Peer 3 to Peer 10 retryTimeMS        500 oneMsg.lastTransmitTime    5747895, timeSinceLastTransmitMS        515 | Peer RS--- M#00000001 Sack00000001 NSack00000000 (C0.0% S:0.0) [ PKT SIZE:54 data DestChannel:��{, Size:50  ]
21:32:04.00   RLINK -- Transport - median kBPS [hi/cur] sent = 0.2/0.0, recvd = 0.0/0.0, #p/sec[s/r] = 0.2/0.0, max unsent 0, version err 0, merge 0
21:32:09.66   RLINK -- SENDING RETRY - Peer 3 to Peer 10 retryTimeMS        500 oneMsg.lastTransmitTime    5756306, timeSinceLastTransmitMS        508 | Peer RS--- M#00000002 Sack00000001 NSack00000000 (C0.0% S:0.0) [ PKT SIZE:72 data DestChannel:��{, Size:68  ]
21:32:10.76   RLINK -- SENDING FORCED ACK from Peer 3 to Peer 1 - timeSinceLastAckMS       1605, transmitAckLastTimeMS    5757911 | Peer ---E- M#00000000 Sack00000142 NSack00000000 (C0.0% S:0.0) [  ]
21:32:10.76   RLINK -- Session::PollTransportEvents AddPeerMessage from peer 1 recv'd for unknown peer at address list WINaddr:192.168.1.128:6112;
21:32:10.76   RLINK -- Transport::OpenInternal request to WINaddr:255.255.255.255:6112;
21:32:10.76   RLINK -- Session::CheckAddress - initiating address check for WINaddr:192.168.1.128:6112;
21:32:10.76   RLINK -- Session - highest peerID now : 11
21:32:10.77   RLINK -- ValidateCustomData: called with 1277 bytes of custom data
21:32:10.77   RLINK -- Client accepted Peer 11 into the match at address list = WINaddr:192.168.1.128:6112;, routes =
21:32:10.77   RLINK -- WorldwideAdvertisementService::Process - EVENT_NEWPEER
21:32:10.80   RLINK -- Accepted matchInfo updated 282 from host
21:32:10.82   GetMaxFrameTimeFromProfile: players=8 expected FPS=59.648491, bars=5, max avg=0.014, sd=0.002, 5 samples =  0.01 0.01 0.01 0.01 0.02
21:32:10.91   RLINK -- Accepted matchInfo updated 284 from host
21:32:11.00   RLINK -- Session::ProcessCheckAddressList - sending address check to WINaddr:192.168.1.128:6112;
21:32:11.29   RLINK -- Accepted matchInfo updated 286 from host
21:32:11.42   RLINK -- Accepted matchInfo updated 287 from host
21:32:12.02   RLINK -- Session::ProcessCheckAddressList - sending address check to WINaddr:192.168.1.128:6112;
21:32:12.32   RLINK -- SENDING RETRY - Peer 3 to Peer 1 retryTimeMS       1010 oneMsg.lastTransmitTime    5758439, timeSinceLastTransmitMS       1036 | Peer RS--- M#00000223 Sack00000146 NSack00000000 (C0.0% S:0.0) [ PKT SIZE:18 data DestChannel:�[\�, Size:14  ]
21:32:12.45   RLINK -- SENDING RETRY - Peer 3 to Peer 1 retryTimeMS       1010 oneMsg.lastTransmitTime    5758568, timeSinceLastTransmitMS       1030 | Peer RS--- M#00000224 Sack00000146 NSack00000000 (C0.0% S:0.0) [ PKT SIZE:18 data DestChannel:��{, Size:14  ]
21:32:13.00   RLINK -- Session::ProcessCheckAddressList - sending address check to WINaddr:192.168.1.128:6112;
21:32:14.00   RLINK -- Session::ProcessCheckAddressList - sending address check to WINaddr:192.168.1.128:6112;
21:32:14.43   RLINK -- Accepted matchInfo updated 290 from host
21:32:15.00   RLINK -- Session::ProcessCheckAddressList - sending address check to WINaddr:192.168.1.128:6112;
21:32:15.95   RLINK -- SENDING FORCED ACK from Peer 3 to Peer 7 - timeSinceLastAckMS       6791, transmitAckLastTimeMS    5763097 | Peer ---E- M#00000000 Sack00000002 NSack00000000 (C0.0% S:0.0) [  ]
21:32:16.01   RLINK -- Session::ProcessCheckAddressList - sending address check to WINaddr:192.168.1.128:6112;
21:32:17.01   RLINK -- Session::ProcessCheckAddressList - sending address check to WINaddr:192.168.1.128:6112;
21:32:18.00   RLINK -- Session::ProcessCheckAddressList - sending address check to WINaddr:192.168.1.128:6112;
21:32:18.69   RLINK -- SENDING FORCED ACK from Peer 3 to Peer 7 - timeSinceLastAckMS       2749, transmitAckLastTimeMS    5765846 | Peer ---E- M#00000000 Sack00000003 NSack00000000 (C0.0% S:0.0) [  ]
21:32:19.00   RLINK -- Session::ProcessCheckAddressList - sending address check to WINaddr:192.168.1.128:6112;
21:32:19.33   RLINK -- SENDING FORCED ACK from Peer 3 to Peer 1 - timeSinceLastAckMS       1902, transmitAckLastTimeMS    5766484 | Peer ---E- M#00000000 Sack00000148 NSack00000000 (C0.0% S:0.0) [  ]
21:32:20.00   RLINK -- Session::ProcessCheckAddressList - sending address check to WINaddr:192.168.1.128:6112;
21:32:21.01   RLINK -- Session::ProcessCheckAddressList - sending address check to WINaddr:192.168.1.128:6112;
21:32:21.01   RLINK -- Session::ProcessCheckAddressList - address WINaddr:192.168.1.128:6112; timed out
21:32:21.56   RLINK -- SENDING FORCED ACK from Peer 3 to Peer 1 - timeSinceLastAckMS       1096, transmitAckLastTimeMS    5768708 | Peer ---E- M#00000000 Sack00000149 NSack00000000 (C0.0% S:0.0) [  ]
21:32:22.01   RLINK -- local      PeerID 3 LOCL ack=  0 (  0ms~0) unack=  0, retry=  0, highwaterOOS=0 (ip=WINaddr:192.168.50.236:6112;), pending=0, dead=0, RS#=0/0
21:32:22.01   RLINK --       host PeerID 1 RELY ack=226 (513ms~24) unack=  0, retry= 11, highwaterOOS=2 (ip=WINaddr:192.168.1.10:6112;), pending=0, dead=0, RS#=225/225
21:32:22.01   RLINK --            PeerID 7 RELY ack= 13 (504ms~48) unack=  0, retry=  0, highwaterOOS=0 (ip=WINaddr:192.168.1.43:6112;), pending=0, dead=0, RS#=13/13
21:32:22.01   RLINK --            PeerID 10 RELY ack=  2 (  0ms~0) unack=  0, retry=  2, highwaterOOS=0 (ip=WINaddr:192.168.1.4:6112;), pending=0, dead=0, RS#=2/2
21:32:22.01   RLINK --            PeerID 11 RELY ack=  0 (  0ms~0) unack=  0, retry=  0, highwaterOOS=0 (ip=WINaddr:192.168.1.128:6112;), pending=0, dead=0, RS#=0/0
21:32:22.01   RLINK -- MessageCounts: inval=0/0, seek=0/0, join=0/2, ichk=0/0, sk_r=0/0, deny=0/0, Padd=0/4, Pdel=0/0, drop=0/0, data=30/29, mdat=0/0, voip=0/0, rchk=24/0, nudg=16/32, Thdr=22/0, Peer=76/76, PPrx=37/76, ping=0/0, Pfrg=0/0, rely=16/18, lb_p=3/3, lb_c=0/0, cast=0/0, cdat=0/0, sorq1=0/0, sorp=0/0, acto=0/0, spob=0/0, sorq2=0/0
21:32:22.53   RLINK -- Accepted matchInfo updated 291 from host
21:32:22.53   RLINK -- Accepted matchInfo updated 292 from host
21:32:22.55   GetMaxFrameTimeFromProfile: players=8 expected FPS=59.648491, bars=5, max avg=0.014, sd=0.002, 5 samples =  0.01 0.01 0.01 0.01 0.02
21:32:22.80   RLINK -- [P#3] SrcP# 1 ignoring old retry: 150 expect: 152
21:32:22.92   RLINK -- [P#3] SrcP# 1 ignoring old retry: 151 expect: 152
21:32:23.05   RLINK -- Accepted matchInfo updated 295 from host
21:32:23.54   RLINK -- Accepted matchInfo updated 296 from host
21:32:25.82   RLINK -- SENDING FORCED ACK from Peer 3 to Peer 11 - timeSinceLastAckMS      15051, transmitAckLastTimeMS    5772974 | Peer ---E- M#00000000 Sack00000001 NSack00000000 (C0.0% S:0.0) [  ]
21:32:26.28   RLINK -- [P#3] SrcP# 11 ignoring old retry: 1 expect: 2
21:32:31.72   RLINK -- SENDING FORCED ACK from Peer 3 to Peer 7 - timeSinceLastAckMS      13021, transmitAckLastTimeMS    5778867 | Peer ---E- M#00000000 Sack00000004 NSack00000000 (C0.0% S:0.0) [  ]
21:32:35.47   RLINK -- SENDING FORCED ACK from Peer 3 to Peer 11 - timeSinceLastAckMS       9644, transmitAckLastTimeMS    5782618 | Peer ---E- M#00000000 Sack00000002 NSack00000000 (C0.0% S:0.0) [  ]
21:32:35.92   RLINK -- [P#3] SrcP# 11 ignoring old retry: 2 expect: 3
21:32:38.08   RLINK -- SENDING FORCED ACK from Peer 3 to Peer 11 - timeSinceLastAckMS       2608, transmitAckLastTimeMS    5785226 | Peer ---E- M#00000000 Sack00000003 NSack00000000 (C0.0% S:0.0) [  ]
21:32:46.84   RLINK -- SENDING FORCED ACK from Peer 3 to Peer 7 - timeSinceLastAckMS      15127, transmitAckLastTimeMS    5793994 | Peer ---E- M#00000000 Sack00000005 NSack00000000 (C0.0% S:0.0) [  ]
21:32:54.52   RLINK -- SENDING FORCED ACK from Peer 3 to Peer 1 - timeSinceLastAckMS        857, transmitAckLastTimeMS    5801672 | Peer ---E- M#00000000 Sack00000154 NSack00000000 (C0.0% S:0.0) [  ]
21:32:54.52   RLINK -- Session::PollTransportEvents AddPeerMessage from peer 1 recv'd for unknown peer at address list WINaddr:192.168.1.146:6112;
21:32:54.52   RLINK -- Transport::OpenInternal request to WINaddr:255.255.255.255:6112;
21:32:54.52   RLINK -- Session::CheckAddress - initiating address check for WINaddr:192.168.1.146:6112;
21:32:54.52   RLINK -- Session - highest peerID now : 12
21:32:54.53   RLINK -- ValidateCustomData: called with 1623 bytes of custom data
21:32:54.53   RLINK -- Client accepted Peer 12 into the match at address list = WINaddr:192.168.1.146:6112;, routes =
21:32:54.53   RLINK -- WorldwideAdvertisementService::Process - EVENT_NEWPEER
21:32:54.68   RLINK -- Accepted matchInfo updated 297 from host
21:32:54.70   GetMaxFrameTimeFromProfile: players=8 expected FPS=59.648491, bars=5, max avg=0.014, sd=0.002, 5 samples =  0.01 0.01 0.01 0.01 0.02
21:32:54.80   RLINK -- Accepted matchInfo updated 298 from host
21:32:55.01   RLINK -- Session::ProcessCheckAddressList - sending address check to WINaddr:192.168.1.146:6112;
21:32:55.20   RLINK -- Accepted matchInfo updated 300 from host
21:32:55.31   RLINK -- Accepted matchInfo updated 302 from host
21:32:56.01   RLINK -- Session::ProcessCheckAddressList - sending address check to WINaddr:192.168.1.146:6112;
21:32:57.02   RLINK -- Session::ProcessCheckAddressList - sending address check to WINaddr:192.168.1.146:6112;
21:32:58.00   RLINK -- Session::ProcessCheckAddressList - sending address check to WINaddr:192.168.1.146:6112;
21:32:58.96   RLINK -- Accepted matchInfo updated 305 from host
21:32:59.00   RLINK -- Session::ProcessCheckAddressList - sending address check to WINaddr:192.168.1.146:6112;
21:33:00.02   RLINK -- Session::ProcessCheckAddressList - sending address check to WINaddr:192.168.1.146:6112;
21:33:01.02   RLINK -- Session::ProcessCheckAddressList - sending address check to WINaddr:192.168.1.146:6112;
21:33:02.00   RLINK -- Session::ProcessCheckAddressList - sending address check to WINaddr:192.168.1.146:6112;
21:33:02.73   Re-winding a compressed stream for file 'data:sound\wav\music\frontend\opening_ambience_tg\opening_ambience_with_birds.smf'.  Expensive operation
21:33:03.01   RLINK -- Session::ProcessCheckAddressList - sending address check to WINaddr:192.168.1.146:6112;
21:33:03.81   RLINK -- Accepted matchInfo updated 306 from host
21:33:03.82   GetMaxFrameTimeFromProfile: players=8 expected FPS=59.648491, bars=5, max avg=0.014, sd=0.002, 5 samples =  0.01 0.01 0.01 0.01 0.02
21:33:03.94   RLINK -- Accepted matchInfo updated 307 from host
21:33:04.01   RLINK -- Session::ProcessCheckAddressList - sending address check to WINaddr:192.168.1.146:6112;
21:33:04.32   RLINK -- Accepted matchInfo updated 308 from host
21:33:04.45   RLINK -- Accepted matchInfo updated 312 from host
21:33:05.00   RLINK -- Transport - median kBPS [hi/cur] sent = 0.2/0.0, recvd = 0.0/0.0, #p/sec[s/r] = 0.3/0.0, max unsent 0, version err 0, merge 0
21:33:05.02   RLINK -- Session::ProcessCheckAddressList - sending address check to WINaddr:192.168.1.146:6112;
21:33:05.02   RLINK -- Session::ProcessCheckAddressList - address WINaddr:192.168.1.146:6112; timed out
21:33:12.98   RLINK -- SENDING FORCED ACK from Peer 3 to Peer 11 - timeSinceLastAckMS      34905, transmitAckLastTimeMS    5820131 | Peer ---E- M#00000000 Sack00000004 NSack00000000 (C0.0% S:0.0) [  ]
21:33:23.02   RLINK -- local      PeerID 3 LOCL ack=  0 (  0ms~0) unack=  0, retry=  0, highwaterOOS=0 (ip=WINaddr:192.168.50.236:6112;), pending=0, dead=0, RS#=0/0
21:33:23.02   RLINK --       host PeerID 1 RELY ack=248 (574ms~55) unack=  0, retry= 11, highwaterOOS=2 (ip=WINaddr:192.168.1.10:6112;), pending=0, dead=0, RS#=247/247
21:33:23.02   RLINK --            PeerID 7 RELY ack= 13 (504ms~48) unack=  0, retry=  0, highwaterOOS=0 (ip=WINaddr:192.168.1.43:6112;), pending=0, dead=0, RS#=13/13
21:33:23.02   RLINK --            PeerID 10 RELY ack=  2 (  0ms~0) unack=  0, retry=  2, highwaterOOS=0 (ip=WINaddr:192.168.1.4:6112;), pending=0, dead=0, RS#=2/2
21:33:23.02   RLINK --            PeerID 11 RELY ack=  0 (  0ms~0) unack=  0, retry=  0, highwaterOOS=0 (ip=WINaddr:192.168.1.128:6112;), pending=0, dead=0, RS#=0/0
21:33:23.02   RLINK --            PeerID 12 RELY ack=  0 (  0ms~0) unack=  0, retry=  0, highwaterOOS=0 (ip=WINaddr:192.168.1.146:6112;), pending=0, dead=0, RS#=0/0
21:33:23.02   RLINK -- MessageCounts: inval=0/0, seek=0/0, join=0/1, ichk=0/0, sk_r=0/0, deny=0/0, Padd=0/2, Pdel=0/0, drop=0/0, data=22/19, mdat=0/0, voip=0/0, rchk=12/0, nudg=18/36, Thdr=11/0, Peer=60/70, PPrx=29/62, ping=0/0, Pfrg=0/0, rely=18/19, lb_p=3/3, lb_c=0/0, cast=0/0, cdat=0/0, sorq1=0/0, sorp=0/0, acto=0/0, spob=0/0, sorq2=0/0
21:33:24.54   RLINK -- SENDING FORCED ACK from Peer 3 to Peer 1 - timeSinceLastAckMS       1985, transmitAckLastTimeMS    5831694 | Peer ---E- M#00000000 Sack00000164 NSack00000000 (C0.0% S:0.0) [  ]
21:33:24.54   RLINK -- Session::PollTransportEvents AddPeerMessage from peer 1 recv'd for unknown peer at address list WINaddr:192.168.0.15:6112;
21:33:24.54   RLINK -- Transport::OpenInternal request to WINaddr:255.255.255.255:6112;
21:33:24.54   RLINK -- Session::CheckAddress - initiating address check for WINaddr:192.168.0.15:6112;
21:33:24.54   RLINK -- Session - highest peerID now : 13
21:33:24.55   RLINK -- ValidateCustomData: called with 1723 bytes of custom data
21:33:24.55   RLINK -- Client accepted Peer 13 into the match at address list = WINaddr:192.168.0.15:6112;, routes =
21:33:24.55   RLINK -- WorldwideAdvertisementService::Process - EVENT_NEWPEER
21:33:25.00   RLINK -- Session::ProcessCheckAddressList - sending address check to WINaddr:192.168.0.15:6112;
21:33:25.33   RLINK -- Accepted matchInfo updated 313 from host
21:33:25.33   RLINK -- Accepted matchInfo updated 315 from host
21:33:25.36   GetMaxFrameTimeFromProfile: players=8 expected FPS=59.648491, bars=5, max avg=0.014, sd=0.002, 5 samples =  0.01 0.01 0.01 0.01 0.02
21:33:25.57   RLINK -- [P#3] SrcP# 1 ignoring old retry: 165 expect: 167
21:33:25.69   RLINK -- [P#3] SrcP# 1 ignoring old retry: 166 expect: 167
21:33:25.83   RLINK -- Accepted matchInfo updated 320 from host
21:33:25.94   RLINK -- Accepted matchInfo updated 322 from host
21:33:26.00   RLINK -- Session::ProcessCheckAddressList - sending address check to WINaddr:192.168.0.15:6112;
21:33:26.03   RLINK -- Session::PollTransportEvents AddPeerMessage from peer 1 recv'd for unknown peer at address list WINaddr:192.168.1.95:6112;
21:33:26.03   RLINK -- Transport::OpenInternal request to WINaddr:255.255.255.255:6112;
21:33:26.03   RLINK -- Session::CheckAddress - initiating address check for WINaddr:192.168.1.95:6112;
21:33:26.03   RLINK -- Session - highest peerID now : 14
21:33:26.03   RLINK -- ValidateCustomData: called with 1211 bytes of custom data
21:33:26.03   RLINK -- Client accepted Peer 14 into the match at address list = WINaddr:192.168.1.95:6112;, routes =
21:33:26.03   RLINK -- WorldwideAdvertisementService::Process - EVENT_NEWPEER
21:33:26.06   RLINK -- Accepted matchInfo updated 323 from host
21:33:26.08   GetMaxFrameTimeFromProfile: players=8 expected FPS=59.648491, bars=5, max avg=0.014, sd=0.002, 5 samples =  0.01 0.01 0.01 0.01 0.02
21:33:26.34   RLINK -- Accepted matchInfo updated 324 from host
21:33:26.71   RLINK -- Accepted matchInfo updated 329 from host
21:33:26.83   RLINK -- Accepted matchInfo updated 330 from host
21:33:27.00   RLINK -- Session::ProcessCheckAddressList - sending address check to WINaddr:192.168.0.15:6112;
21:33:27.00   RLINK -- Session::ProcessCheckAddressList - sending address check to WINaddr:192.168.1.95:6112;
21:33:27.31   RLINK -- Accepted matchInfo updated 331 from host
21:33:28.02   RLINK -- Session::ProcessCheckAddressList - sending address check to WINaddr:192.168.0.15:6112;
21:33:28.02   RLINK -- Session::ProcessCheckAddressList - sending address check to WINaddr:192.168.1.95:6112;
21:33:29.00   RLINK -- Session::ProcessCheckAddressList - sending address check to WINaddr:192.168.0.15:6112;
21:33:29.00   RLINK -- Session::ProcessCheckAddressList - sending address check to WINaddr:192.168.1.95:6112;
21:33:29.85   RLINK -- SENDING FORCED ACK from Peer 3 to Peer 11 - timeSinceLastAckMS      16868, transmitAckLastTimeMS    5836999 | Peer ---E- M#00000000 Sack00000005 NSack00000000 (C0.0% S:0.0) [  ]
21:33:30.00   RLINK -- Session::ProcessCheckAddressList - sending address check to WINaddr:192.168.0.15:6112;
21:33:30.00   RLINK -- Session::ProcessCheckAddressList - sending address check to WINaddr:192.168.1.95:6112;
21:33:30.58   RLINK -- Accepted matchInfo updated 334 from host
21:33:31.00   RLINK -- Session::ProcessCheckAddressList - sending address check to WINaddr:192.168.0.15:6112;
21:33:31.00   RLINK -- Session::ProcessCheckAddressList - sending address check to WINaddr:192.168.1.95:6112;
21:33:32.02   RLINK -- Session::ProcessCheckAddressList - sending address check to WINaddr:192.168.0.15:6112;
21:33:32.02   RLINK -- Session::ProcessCheckAddressList - sending address check to WINaddr:192.168.1.95:6112;
21:33:32.11   RLINK -- SENDING FORCED ACK from Peer 3 to Peer 11 - timeSinceLastAckMS       2263, transmitAckLastTimeMS    5839262 | Peer ---E- M#00000000 Sack00000006 NSack00000000 (C0.0% S:0.0) [  ]
21:33:33.02   RLINK -- Session::ProcessCheckAddressList - sending address check to WINaddr:192.168.0.15:6112;
21:33:33.02   RLINK -- Session::ProcessCheckAddressList - sending address check to WINaddr:192.168.1.95:6112;
21:33:34.02   RLINK -- Session::ProcessCheckAddressList - sending address check to WINaddr:192.168.0.15:6112;
21:33:34.02   RLINK -- Session::ProcessCheckAddressList - sending address check to WINaddr:192.168.1.95:6112;
21:33:35.00   RLINK -- Session::ProcessCheckAddressList - sending address check to WINaddr:192.168.0.15:6112;
21:33:35.00   RLINK -- Session::ProcessCheckAddressList - address WINaddr:192.168.0.15:6112; timed out
21:33:35.00   RLINK -- Session::ProcessCheckAddressList - sending address check to WINaddr:192.168.1.95:6112;
21:33:35.30   RLINK -- SENDING FORCED ACK from Peer 3 to Peer 1 - timeSinceLastAckMS       1710, transmitAckLastTimeMS    5842452 | Peer ---E- M#00000000 Sack00000176 NSack00000000 (C0.0% S:0.0) [  ]
21:33:35.30   RLINK -- Removing peer 14 from session due to REMOVEPEER from host PeerID 1
21:33:35.30   RLINK -- Session::SchedulePeerRemove - Scheduling peerID: 14 to disconnect, reasonCode:4003, reason:OnlinePlayerListEntry::OnClickedKick
21:33:35.31   RLINK -- Session Destroy Peer Event - ReasonID: 4003 ReasonDebug: OnlinePlayerListEntry::OnClickedKick
21:33:35.31   RLINK -- Session::GetEvent DestroyPeer success Peer 14 removed, reasonCode 4003, reasonDebug OnlinePlayerListEntry::OnClickedKick
21:33:35.31   RLINK -- Session::DestroyPeer - deallocating peer 14
21:33:35.31   RLINK -- Session - Requested Disconnect for connectionID 70
21:33:35.31   RLINK -- WorldwideAdvertisementService::Process - EVENT_DESTROYPEER
21:33:35.35   RLINK -- Accepted matchInfo updated 335 from host
21:33:35.37   GetMaxFrameTimeFromProfile: players=8 expected FPS=59.648491, bars=5, max avg=0.014, sd=0.002, 5 samples =  0.01 0.01 0.01 0.01 0.02
21:33:35.59   RLINK -- Accepted matchInfo updated 336 from host
21:33:35.82   RLINK -- Accepted matchInfo updated 339 from host
21:33:35.96   RLINK -- Accepted matchInfo updated 342 from host
21:33:36.00   RLINK -- Session::ProcessCheckAddressList - sending address check to WINaddr:192.168.1.95:6112;
21:33:37.00   RLINK -- Session::ProcessCheckAddressList - sending address check to WINaddr:192.168.1.95:6112;
21:33:37.00   RLINK -- Session::ProcessCheckAddressList - address WINaddr:192.168.1.95:6112; timed out
21:33:42.56   RLINK -- SENDING FORCED ACK from Peer 3 to Peer 1 - timeSinceLastAckMS        573, transmitAckLastTimeMS    5849708 | Peer ---E- M#00000000 Sack00000181 NSack00000000 (C0.0% S:0.0) [  ]
21:33:42.56   RLINK -- Session::PollTransportEvents AddPeerMessage from peer 1 recv'd for unknown peer at address list WINaddr:192.168.1.95:6112;
21:33:42.56   RLINK -- Transport::OpenInternal request to WINaddr:255.255.255.255:6112;
21:33:42.56   RLINK -- Session::CheckAddress - initiating address check for WINaddr:192.168.1.95:6112;
21:33:42.56   RLINK -- Session - highest peerID now : 15
21:33:42.56   RLINK -- ValidateCustomData: called with 1211 bytes of custom data
21:33:42.56   RLINK -- Client accepted Peer 15 into the match at address list = WINaddr:192.168.1.95:6112;, routes =
21:33:42.56   RLINK -- WorldwideAdvertisementService::Process - EVENT_NEWPEER
21:33:42.59   RLINK -- Accepted matchInfo updated 343 from host
21:33:42.62   GetMaxFrameTimeFromProfile: players=8 expected FPS=59.648491, bars=5, max avg=0.014, sd=0.002, 5 samples =  0.01 0.01 0.01 0.01 0.02
21:33:42.72   RLINK -- Accepted matchInfo updated 344 from host
21:33:43.01   RLINK -- Session::ProcessCheckAddressList - sending address check to WINaddr:192.168.1.95:6112;
21:33:43.07   RLINK -- Accepted matchInfo updated 347 from host
21:33:43.34   RLINK -- Accepted matchInfo updated 349 from host
21:33:43.60   RLINK -- Accepted matchInfo updated 350 from host
21:33:44.01   RLINK -- Session::ProcessCheckAddressList - sending address check to WINaddr:192.168.1.95:6112;
21:33:44.52   RLINK -- SENDING RETRY - Peer 3 to Peer 1 retryTimeMS       1176 oneMsg.lastTransmitTime    5850493, timeSinceLastTransmitMS       1178 | Peer RS--- M#00000277 Sack00000186 NSack00000000 (C0.0% S:0.0) [ PKT SIZE:18 data DestChannel:��{, Size:14  ]
21:33:44.67   RLINK -- Removing peer 15 from session due to REMOVEPEER from host PeerID 1
21:33:44.67   RLINK -- Session::SchedulePeerRemove - Scheduling peerID: 15 to disconnect, reasonCode:4003, reason:OnlinePlayerListEntry::OnClickedKick
21:33:44.68   RLINK -- Session Destroy Peer Event - ReasonID: 4003 ReasonDebug: OnlinePlayerListEntry::OnClickedKick
21:33:44.68   RLINK -- Session::GetEvent DestroyPeer success Peer 15 removed, reasonCode 4003, reasonDebug OnlinePlayerListEntry::OnClickedKick
21:33:44.68   RLINK -- Session::DestroyPeer - deallocating peer 15
21:33:44.68   RLINK -- Session - Requested Disconnect for connectionID 71
21:33:44.68   RLINK -- WorldwideAdvertisementService::Process - EVENT_DESTROYPEER
21:33:44.79   RLINK -- SENDING FORCED ACK from Peer 3 to Peer 1 - timeSinceLastAckMS        271, transmitAckLastTimeMS    5851942 | Peer ---E- M#00000000 Sack00000187 NSack00000000 (C0.0% S:0.0) [  ]
21:33:45.00   RLINK -- Session::ProcessCheckAddressList - sending address check to WINaddr:192.168.1.95:6112;
21:33:45.46   RLINK -- Accepted matchInfo updated 351 from host
21:33:45.46   RLINK -- Accepted matchInfo updated 352 from host
21:33:45.49   GetMaxFrameTimeFromProfile: players=8 expected FPS=59.648491, bars=5, max avg=0.014, sd=0.002, 5 samples =  0.01 0.01 0.01 0.01 0.02
21:33:45.70   RLINK -- [P#3] SrcP# 1 ignoring old retry: 188 expect: 190
21:33:45.83   RLINK -- [P#3] SrcP# 1 ignoring old retry: 189 expect: 190
21:33:45.96   RLINK -- Accepted matchInfo updated 355 from host
21:33:46.01   RLINK -- Session::ProcessCheckAddressList - sending address check to WINaddr:192.168.1.95:6112;
21:33:46.07   RLINK -- Accepted matchInfo updated 357 from host
21:33:46.23   RLINK -- Accepted matchInfo updated 358 from host
21:33:46.46   RLINK -- Accepted matchInfo updated 359 from host
21:33:46.48   GetMaxFrameTimeFromProfile: players=8 expected FPS=59.648491, bars=5, max avg=0.014, sd=0.002, 5 samples =  0.01 0.01 0.01 0.01 0.02
21:33:46.72   RLINK -- Accepted matchInfo updated 360 from host
21:33:47.01   RLINK -- Session::ProcessCheckAddressList - sending address check to WINaddr:192.168.1.95:6112;
21:33:47.08   RLINK -- Accepted matchInfo updated 364 from host
21:33:47.20   RLINK -- Accepted matchInfo updated 366 from host
21:33:48.02   RLINK -- Session::ProcessCheckAddressList - sending address check to WINaddr:192.168.1.95:6112;
21:33:49.01   RLINK -- Session::ProcessCheckAddressList - sending address check to WINaddr:192.168.1.95:6112;
21:33:50.01   RLINK -- Session::ProcessCheckAddressList - sending address check to WINaddr:192.168.1.95:6112;
21:33:51.01   RLINK -- Session::ProcessCheckAddressList - sending address check to WINaddr:192.168.1.95:6112;
21:33:52.01   RLINK -- Session::ProcessCheckAddressList - sending address check to WINaddr:192.168.1.95:6112;
21:33:53.02   RLINK -- Session::ProcessCheckAddressList - sending address check to WINaddr:192.168.1.95:6112;
21:33:53.02   RLINK -- Session::ProcessCheckAddressList - address WINaddr:192.168.1.95:6112; timed out
21:34:04.56   RLINK -- SENDING FORCED ACK from Peer 3 to Peer 1 - timeSinceLastAckMS       2274, transmitAckLastTimeMS    5871714 | Peer ---E- M#00000000 Sack00000197 NSack00000000 (C0.0% S:0.0) [  ]
21:34:04.56   RLINK -- Session::PollTransportEvents AddPeerMessage from peer 1 recv'd for unknown peer at address list WINaddr:192.168.1.106:6112;
21:34:04.56   RLINK -- Transport::OpenInternal request to WINaddr:255.255.255.255:6112;
21:34:04.56   RLINK -- Session::CheckAddress - initiating address check for WINaddr:192.168.1.106:6112;
21:34:04.56   RLINK -- Session - highest peerID now : 16
21:34:04.58   RLINK -- ValidateCustomData: called with 1637 bytes of custom data
21:34:04.58   RLINK -- Client accepted Peer 16 into the match at address list = WINaddr:192.168.1.106:6112;, routes =
21:34:04.58   RLINK -- WorldwideAdvertisementService::Process - EVENT_NEWPEER
21:34:04.72   RLINK -- Accepted matchInfo updated 367 from host
21:34:04.75   GetMaxFrameTimeFromProfile: players=8 expected FPS=59.648491, bars=5, max avg=0.014, sd=0.002, 5 samples =  0.01 0.01 0.01 0.01 0.02
21:34:05.02   RLINK -- Session::ProcessCheckAddressList - sending address check to WINaddr:192.168.1.106:6112;
21:34:05.57   RLINK -- Accepted matchInfo updated 368 from host
21:34:05.57   RLINK -- Accepted matchInfo updated 371 from host
21:34:05.57   RLINK -- Accepted matchInfo updated 377 from host
21:34:06.01   RLINK -- Transport - median kBPS [hi/cur] sent = 0.2/0.0, recvd = 0.0/0.0, #p/sec[s/r] = 0.6/0.0, max unsent 0, version err 0, merge 0
21:34:06.02   RLINK -- Session::ProcessCheckAddressList - sending address check to WINaddr:192.168.1.106:6112;
21:34:06.60   RLINK -- [P#3] SrcP# 1 ignoring old retry: 199 expect: 202
21:34:07.02   RLINK -- Session::ProcessCheckAddressList - sending address check to WINaddr:192.168.1.106:6112;
21:34:07.48   RLINK -- Accepted matchInfo updated 378 from host
21:34:07.55   Re-winding a compressed stream for file 'data:sound\wav\music\frontend\opening_ambience_tg\opening_ambience_with_birds.smf'.  Expensive operation
21:34:07.97   RLINK -- Accepted matchInfo updated 379 from host
21:34:08.00   RLINK -- Session::ProcessCheckAddressList - sending address check to WINaddr:192.168.1.106:6112;
21:34:09.00   RLINK -- Session::ProcessCheckAddressList - sending address check to WINaddr:192.168.1.106:6112;
21:34:10.02   RLINK -- Session::ProcessCheckAddressList - sending address check to WINaddr:192.168.1.106:6112;
21:34:10.62   RLINK -- Accepted matchInfo updated 380 from host
21:34:10.62   RLINK -- Accepted matchInfo updated 381 from host
21:34:10.64   GetMaxFrameTimeFromProfile: players=8 expected FPS=59.648491, bars=5, max avg=0.014, sd=0.002, 5 samples =  0.01 0.01 0.01 0.01 0.02
21:34:10.97   RLINK -- [P#3] SrcP# 1 ignoring old retry: 204 expect: 206
21:34:11.00   RLINK -- Session::ProcessCheckAddressList - sending address check to WINaddr:192.168.1.106:6112;
21:34:11.09   RLINK -- Accepted matchInfo updated 384 from host
21:34:11.11   GetMaxFrameTimeFromProfile: players=8 expected FPS=59.648491, bars=5, max avg=0.014, sd=0.002, 5 samples =  0.01 0.01 0.01 0.01 0.02
21:34:11.21   RLINK -- [P#3] SrcP# 1 ignoring old retry: 205 expect: 207
21:34:11.34   RLINK -- Accepted matchInfo updated 385 from host
21:34:11.47   RLINK -- Accepted matchInfo updated 390 from host
21:34:12.00   RLINK -- Session::ProcessCheckAddressList - sending address check to WINaddr:192.168.1.106:6112;
21:34:12.33   RLINK -- SENDING RETRY - Peer 3 to Peer 1 retryTimeMS       1218 oneMsg.lastTransmitTime    5878241, timeSinceLastTransmitMS       1243 | Peer RS--- M#00000308 Sack00000208 NSack00000000 (C0.0% S:0.0) [ PKT SIZE:18 data DestChannel:�F�, Size:14  ]
21:34:12.33   RLINK -- SENDING RETRY - Peer 3 to Peer 1 retryTimeMS       1218 oneMsg.lastTransmitTime    5878260, timeSinceLastTransmitMS       1224 | Peer RS--- M#00000309 Sack00000208 NSack00000000 (C0.0% S:0.0) [ PKT SIZE:8 data DestChannel:��{, Size:4  ]
21:34:12.33   RLINK -- SENDING RETRY - Peer 3 to Peer 1 retryTimeMS       1218 oneMsg.lastTransmitTime    5878260, timeSinceLastTransmitMS       1224 | Peer RS--- M#00000310 Sack00000208 NSack00000000 (C0.0% S:0.0) [ PKT SIZE:133 data DestChannel:�\�, Size:129  ]
21:34:12.59   RLINK -- Accepted matchInfo updated 393 from host
21:34:12.59   RLINK -- Accepted matchInfo updated 396 from host
21:34:12.61   GetMaxFrameTimeFromProfile: players=8 expected FPS=59.648491, bars=5, max avg=0.014, sd=0.002, 5 samples =  0.01 0.01 0.01 0.01 0.02
21:34:12.73   RLINK -- Accepted matchInfo updated 397 from host
21:34:12.73   RLINK -- Accepted matchInfo updated 398 from host
21:34:12.97   RLINK -- [P#3] SrcP# 1 ignoring old retry: 209 expect: 213
21:34:12.97   RLINK -- [P#3] SrcP# 1 ignoring old retry: 210 expect: 213
21:34:12.97   RLINK -- Accepted matchInfo updated 399 from host
21:34:13.00   RLINK -- Session::ProcessCheckAddressList - sending address check to WINaddr:192.168.1.106:6112;
21:34:13.09   RLINK -- [P#3] SrcP# 1 ignoring old retry: 211 expect: 214
21:34:13.09   RLINK -- [P#3] SrcP# 1 ignoring old retry: 212 expect: 214
21:34:13.22   RLINK -- Accepted matchInfo updated 404 from host
21:34:13.24   GetMaxFrameTimeFromProfile: players=8 expected FPS=59.648491, bars=5, max avg=0.014, sd=0.002, 5 samples =  0.01 0.01 0.01 0.01 0.02
21:34:13.35   RLINK -- Accepted matchInfo updated 406 from host
21:34:13.46   RLINK -- Accepted matchInfo updated 407 from host
21:34:13.71   RLINK -- Accepted matchInfo updated 409 from host
21:34:13.98   RLINK -- Accepted matchInfo updated 412 from host
21:34:14.00   RLINK -- Session::ProcessCheckAddressList - sending address check to WINaddr:192.168.1.106:6112;
21:34:14.10   RLINK -- Accepted matchInfo updated 413 from host
21:34:15.01   RLINK -- Session::ProcessCheckAddressList - sending address check to WINaddr:192.168.1.106:6112;
21:34:15.01   RLINK -- Session::ProcessCheckAddressList - address WINaddr:192.168.1.106:6112; timed out
21:34:15.31   RLINK -- SENDING RETRY - Peer 3 to Peer 1 retryTimeMS       1194 oneMsg.lastTransmitTime    5881254, timeSinceLastTransmitMS       1206 | Peer RS--- M#00000330 Sack00000219 NSack00000000 (C0.0% S:0.0) [ PKT SIZE:18 data DestChannel:��{, Size:14  ]
21:34:15.59   RLINK -- Accepted matchInfo updated 414 from host
21:34:16.10   RLINK -- [P#3] SrcP# 1 ignoring old retry: 220 expect: 221
21:34:18.10   RLINK -- Accepted matchInfo updated 415 from host
21:34:23.60   RLINK -- Accepted matchInfo updated 416 from host
21:34:24.02   RLINK -- local      PeerID 3 LOCL ack=  0 (  0ms~0) unack=  0, retry=  0, highwaterOOS=0 (ip=WINaddr:192.168.50.236:6112;), pending=0, dead=0, RS#=0/0
21:34:24.02   RLINK --       host PeerID 1 RELY ack=333 (626ms~173) unack=  1, retry= 16, highwaterOOS=2 (ip=WINaddr:192.168.1.10:6112;), pending=0, dead=0, RS#=332/333
21:34:24.02   RLINK --            PeerID 7 RELY ack= 13 (504ms~48) unack=  0, retry=  0, highwaterOOS=0 (ip=WINaddr:192.168.1.43:6112;), pending=0, dead=0, RS#=13/13
21:34:24.02   RLINK --            PeerID 10 RELY ack=  2 (  0ms~0) unack=  0, retry=  2, highwaterOOS=0 (ip=WINaddr:192.168.1.4:6112;), pending=0, dead=0, RS#=2/2
21:34:24.02   RLINK --            PeerID 11 RELY ack=  0 (  0ms~0) unack=  0, retry=  0, highwaterOOS=0 (ip=WINaddr:192.168.1.128:6112;), pending=0, dead=0, RS#=0/0
21:34:24.02   RLINK --            PeerID 12 RELY ack=  0 (  0ms~0) unack=  0, retry=  0, highwaterOOS=0 (ip=WINaddr:192.168.1.146:6112;), pending=0, dead=0, RS#=0/0
21:34:24.02   RLINK --            PeerID 13 RELY ack=  0 (  0ms~0) unack=  0, retry=  0, highwaterOOS=0 (ip=WINaddr:192.168.0.15:6112;), pending=0, dead=0, RS#=0/0
21:34:24.02   RLINK --            PeerID 16 RELY ack=  0 (  0ms~0) unack=  0, retry=  0, highwaterOOS=0 (ip=WINaddr:192.168.1.106:6112;), pending=0, dead=0, RS#=0/0
21:34:24.02   RLINK -- MessageCounts: inval=0/0, seek=0/0, join=0/4, ichk=0/0, sk_r=0/0, deny=0/0, Padd=0/8, Pdel=0/4, drop=0/2, data=86/65, mdat=0/0, voip=0/0, rchk=48/0, nudg=10/22, Thdr=44/0, Peer=144/130, PPrx=98/180, ping=0/0, Pfrg=0/0, rely=10/19, lb_p=2/2, lb_c=0/0, cast=0/0, cdat=0/0, sorq1=0/0, sorp=0/0, acto=0/0, spob=0/0, sorq2=0/0
21:34:24.62   RLINK -- Accepted matchInfo updated 417 from host
21:34:26.99   RLINK -- SENDING FORCED ACK from Peer 3 to Peer 11 - timeSinceLastAckMS      54882, transmitAckLastTimeMS    5894144 | Peer ---E- M#00000000 Sack00000007 NSack00000000 (C0.0% S:0.0) [  ]
21:34:30.24   RLINK -- Accepted matchInfo updated 418 from host
21:34:34.10   RLINK -- Accepted matchInfo updated 419 from host
21:34:35.79   RLINK -- SENDING RETRY - Peer 3 to Peer 10 retryTimeMS        500 oneMsg.lastTransmitTime    5902430, timeSinceLastTransmitMS        513 | Peer RS--- M#00000003 Sack00000001 NSack00000000 (C0.0% S:0.0) [ PKT SIZE:82 data DestChannel:���, Size:78  ]
21:34:39.38   RLINK -- SENDING FORCED ACK from Peer 3 to Peer 16 - timeSinceLastAckMS       4100, transmitAckLastTimeMS    5906530 | Peer ---E- M#00000000 Sack00000001 NSack00000000 (C0.0% S:0.0) [  ]
21:34:40.22   RLINK -- SENDING RETRY - Peer 3 to Peer 10 retryTimeMS        500 oneMsg.lastTransmitTime    5906866, timeSinceLastTransmitMS        508 | Peer RS--- M#00000004 Sack00000001 NSack00000000 (C0.0% S:0.0) [ PKT SIZE:37 data DestChannel:�\�, Size:33  ]
21:34:41.90   RLINK -- SENDING FORCED ACK from Peer 3 to Peer 16 - timeSinceLastAckMS       2180, transmitAckLastTimeMS    5909046 | Peer ---E- M#00000000 Sack00000002 NSack00000000 (C0.0% S:0.0) [  ]
21:34:41.93   Activating screen: DynamicPopupMenu
21:34:42.99   RLINK -- Accepted matchInfo updated 420 from host
21:34:44.88   RLINK -- SENDING FORCED ACK from Peer 3 to Peer 16 - timeSinceLastAckMS       2982, transmitAckLastTimeMS    5912028 | Peer ---E- M#00000000 Sack00000003 NSack00000000 (C0.0% S:0.0) [  ]
21:34:48.90   RLINK -- SENDING FORCED ACK from Peer 3 to Peer 16 - timeSinceLastAckMS       4020, transmitAckLastTimeMS    5916048 | Peer ---E- M#00000000 Sack00000004 NSack00000000 (C0.0% S:0.0) [  ]
21:34:50.14   RLINK -- SENDING FORCED ACK from Peer 3 to Peer 10 - timeSinceLastAckMS       9920, transmitAckLastTimeMS    5917294 | Peer ---E- M#00000000 Sack00000002 NSack00000000 (C0.0% S:0.0) [  ]
21:34:50.60   RLINK -- [P#3] SrcP# 10 ignoring old retry: 2 expect: 3
21:34:51.11   RLINK -- [P#3] SrcP# 10 ignoring old retry: 2 expect: 3
21:34:51.72   RLINK -- [P#3] SrcP# 10 ignoring old retry: 2 expect: 3
21:34:52.24   RLINK -- [P#3] SrcP# 10 ignoring old retry: 2 expect: 3
21:35:05.63   RLINK -- Accepted matchInfo updated 421 from host
21:35:07.01   RLINK -- Transport - median kBPS [hi/cur] sent = 0.2/0.0, recvd = 0.0/0.0, #p/sec[s/r] = 0.2/0.0, max unsent 0, version err 0, merge 0
21:35:09.39   SMT_StartGame_To_Everyone - received
21:35:09.39   SMT_StartGame_To_Everyone - Starting game with synclevel 0 from start message
21:35:09.39   GameSetupForm - Starting game
21:35:09.39   GameInfo::ResetInfo - SyncLevel set to 0 on reset
21:35:09.39   PopulateGameInfoInternal - Setting Option #0 - [Id 1397509955, Value 1]
21:35:09.39   PopulateGameInfoInternal - Setting Option #1 - [Id 1381192532, Value 1]
21:35:09.39   PopulateGameInfoInternal - Setting Option #2 - [Id 1448105035, Value 1]
21:35:09.39   PopulateGameInfoInternal - Player #0 - [Id 124308, Type 2, Team 0, Race 0]
21:35:09.39   PopulateGameInfoInternal - Player #4 - [Id 48622, Type 2, Team 1, Race 1]
21:35:09.39   PopulateGameInfoInternal - Player #1 - [Id 68108, Type 2, Team 0, Race 2]
21:35:09.39   PopulateGameInfoInternal - Player #5 - [Id 1053128, Type 2, Team 1, Race 3]
21:35:09.39   PopulateGameInfoInternal - Player #2 - [Id 593690, Type 2, Team 0, Race 0]
21:35:09.39   PopulateGameInfoInternal - Player #6 - [Id 952820, Type 2, Team 1, Race 3]
21:35:09.39   PopulateGameInfoInternal - Player #3 - [Id 1135310, Type 2, Team 0, Race 0]
21:35:09.39   PopulateGameInfoInternal - Player #7 - [Id 1850731, Type 0, Team 1, Race 1]
21:35:09.39   PopulateGameInfoInternal - Team #0 Player Count: 4
21:35:09.39   PopulateGameInfoInternal - Team #1 Player Count: 4
21:35:09.39   PopulateGameInfo - random seed:[1665430507], guid:[{1c0b705f-7fd1-43cc-a061-48481df9e0ab}], sync level:[0]
21:35:09.39   RLINK -- Accepted matchInfo updated 423 from host
21:35:09.39   RLINK -- WorldwideAutomatchService::OnStartComplete - detected successful game start
21:35:09.39   RLINK -- Match Started - [00000000:0001e594 /steam/76561198049719331], slot =  0, ranking =   -1
21:35:09.39   RLINK -- Match Started - [00000000:0000bdee /steam/76561197965703854], slot =  1, ranking =   -1
21:35:09.39   RLINK -- Match Started - [00000000:00010a0c /steam/76561198042361155], slot =  2, ranking =   -1
21:35:09.39   RLINK -- Match Started - [00000000:001011c8 /steam/76561198319103832], slot =  3, ranking =   -1
21:35:09.39   RLINK -- Match Started - [00000000:00090f1a /steam/76561198177992207], slot =  4, ranking =   -1
21:35:09.39   RLINK -- Match Started - [00000000:000e89f4 /steam/76561198285889230], slot =  5, ranking =   -1
21:35:09.39   RLINK -- Match Started - [00000000:001152ce /steam/76561198347028849], slot =  6, ranking =   -1
21:35:09.39   RLINK -- Match Started - [00000000:001c3d6b /steam/76561199210795903], slot =  7, ranking =   -1
21:35:09.40   Error loading [DATA:levelingCurve.lua]
21:35:09.40   Error loading [DATA:levelingCurve.lua]
21:35:09.40   Error loading [DATA:levelingCurve.lua]
21:35:09.40   Error loading [DATA:levelingCurve.lua]
21:35:09.40   Error loading [DATA:levelingCurve.lua]
21:35:09.40   Error loading [DATA:levelingCurve.lua]
21:35:09.40   Error loading [DATA:levelingCurve.lua]
21:35:09.40   Error loading [DATA:levelingCurve.lua]
21:35:09.40   MOD - Setting player (0) race to: allies
21:35:09.40   MOD - Setting player (0) race to: 1
21:35:09.40   ModDllSetup::PlayerSetRewardUnits - playerIndex 0...
21:35:09.40       adding reward 'upgrade\upgrade_british_staghound'
21:35:09.40       adding reward 'upgrade\upgrade_axis_schwimmwagen'
21:35:09.40       adding reward 'upgrade\upgrade_allied_hellcat'
21:35:09.40       adding reward 'upgrade\upgrade_british_kangaroo'
21:35:09.40   MOD - Setting player (1) race to: allies_commonwealth
21:35:09.40   MOD - Setting player (1) race to: 0
21:35:09.40   ModDllSetup::PlayerSetRewardUnits - playerIndex 1...
21:35:09.40       adding reward 'upgrade\upgrade_panzer_elite_hotchkiss'
21:35:09.40       adding reward 'upgrade\upgrade_voss_tiger'
21:35:09.40       adding reward 'upgrade\upgrade_axis_schwimmwagen'
21:35:09.40   MOD - Setting player (2) race to: allies
21:35:09.40   MOD - Setting player (2) race to: 1
21:35:09.40   ModDllSetup::PlayerSetRewardUnits - playerIndex 2...
21:35:09.40       adding reward 'upgrade\upgrade_axis_schwimmwagen'
21:35:09.40       adding reward 'upgrade\upgrade_british_staghound'
21:35:09.40       adding reward 'upgrade\upgrade_allied_hellcat'
21:35:09.40   MOD - Setting player (3) race to: allies
21:35:09.40   MOD - Setting player (3) race to: 1
21:35:09.40   ModDllSetup::PlayerSetRewardUnits - playerIndex 3...
21:35:09.40       adding reward 'upgrade\upgrade_axis_schwimmwagen'
21:35:09.40   MOD - Setting player (4) race to: axis
21:35:09.40   MOD - Setting player (4) race to: 2
21:35:09.40   ModDllSetup::PlayerSetRewardUnits - playerIndex 4...
21:35:09.40       adding reward 'upgrade\upgrade_axis_schwimmwagen'
21:35:09.40       adding reward 'upgrade\upgrade_axis_geschutzwagen'
21:35:09.40   MOD - Setting player (5) race to: axis_panzer_elite
21:35:09.40   MOD - Setting player (5) race to: 3
21:35:09.40   ModDllSetup::PlayerSetRewardUnits - playerIndex 5...
21:35:09.40       adding reward 'upgrade\upgrade_axis_schwimmwagen'
21:35:09.40       adding reward 'upgrade\upgrade_british_staghound'
21:35:09.40   MOD - Setting player (6) race to: axis_panzer_elite
21:35:09.40   MOD - Setting player (6) race to: 3
21:35:09.40   ModDllSetup::PlayerSetRewardUnits - playerIndex 6...
21:35:09.40       adding reward 'upgrade\upgrade_voss_tiger'
21:35:09.40       adding reward 'upgrade\upgrade_axis_schwimmwagen'
21:35:09.40   MOD - Setting player (7) race to: axis
21:35:09.40   MOD - Setting player (7) race to: 2
21:35:09.40   ModDllSetup::PlayerSetRewardUnits - playerIndex 7...
21:35:09.40       adding reward 'upgrade\upgrade_axis_schwimmwagen'
21:35:09.40       adding reward 'upgrade\upgrade_allied_hellcat'
21:35:09.40       adding reward 'upgrade\upgrade_british_staghound'
21:35:09.42   APP -- Game Start
21:35:09.44   GameInfo::ResetInfo - SyncLevel set to 0 on reset
21:35:09.44   GameInfo::ResetInfo - SyncLevel set to 0 on reset
21:35:09.44   GameInfo::ResetInfo - SyncLevel set to 0 on reset
21:35:09.44   GameInfo::ResetInfo - SyncLevel set to 0 on reset
21:35:09.44   GameInfo::ResetInfo - SyncLevel set to 0 on reset
21:35:09.44   GameInfo::ResetInfo - SyncLevel set to 0 on reset
21:35:09.44   GameInfo::ResetInfo - SyncLevel set to 0 on reset
21:35:09.44   GameInfo::ResetInfo - SyncLevel set to 0 on reset
21:35:09.44   GameInfo::ResetInfo - SyncLevel set to 0 on reset
21:35:09.44   GameInfo::ResetInfo - SyncLevel set to 0 on reset
21:35:09.44   GameInfo::ResetInfo - SyncLevel set to 0 on reset
21:35:09.44   GameInfo::ResetInfo - SyncLevel set to 0 on reset
21:35:09.44   GameInfo::ResetInfo - SyncLevel set to 0 on reset
21:35:09.44   GameInfo::ResetInfo - SyncLevel set to 0 on reset
21:35:09.44   GameInfo::ResetInfo - SyncLevel set to 0 on reset
21:35:09.44   GameInfo::ResetInfo - SyncLevel set to 0 on reset
21:35:09.44   GameInfo::ResetInfo - SyncLevel set to 0 on reset
21:35:09.44   GameInfo::ResetInfo - SyncLevel set to 0 on reset
21:35:09.44   GameInfo::ResetInfo - SyncLevel set to 0 on reset
21:35:09.44   GameInfo::ResetInfo - SyncLevel set to 0 on reset
21:35:09.44   GameInfo::ResetInfo - SyncLevel set to 0 on reset
21:35:09.44   GameInfo::ResetInfo - SyncLevel set to 0 on reset
21:35:09.44   GameInfo::ResetInfo - SyncLevel set to 0 on reset
21:35:09.44   GameInfo::ResetInfo - SyncLevel set to 0 on reset
21:35:09.44   GameInfo::ResetInfo - SyncLevel set to 0 on reset
21:35:09.44   GameInfo::ResetInfo - SyncLevel set to 0 on reset
21:35:09.44   GameInfo::ResetInfo - SyncLevel set to 0 on reset
21:35:09.45   GameInfo::ResetInfo - SyncLevel set to 0 on reset
21:35:09.45   GameInfo::ResetInfo - SyncLevel set to 0 on reset
21:35:09.45   GameInfo::ResetInfo - SyncLevel set to 0 on reset
21:35:09.45   GameInfo::ResetInfo - SyncLevel set to 0 on reset
21:35:09.45   GameInfo::ResetInfo - SyncLevel set to 0 on reset
21:35:09.45   GameInfo::ResetInfo - SyncLevel set to 0 on reset
21:35:09.45   GameInfo::ResetInfo - SyncLevel set to 0 on reset
21:35:09.45   GameInfo::ResetInfo - SyncLevel set to 0 on reset
21:35:09.45   GameInfo::ResetInfo - SyncLevel set to 0 on reset
21:35:09.45   GameInfo::ResetInfo - SyncLevel set to 0 on reset
21:35:09.45   GameInfo::ResetInfo - SyncLevel set to 0 on reset
21:35:09.45   GameInfo::ResetInfo - SyncLevel set to 0 on reset
21:35:09.45   GameInfo::ResetInfo - SyncLevel set to 0 on reset
21:35:09.45   GameInfo::ResetInfo - SyncLevel set to 0 on reset
21:35:09.45   GameInfo::ResetInfo - SyncLevel set to 0 on reset
21:35:09.45   GameInfo::ResetInfo - SyncLevel set to 0 on reset
21:35:09.45   GameInfo::ResetInfo - SyncLevel set to 0 on reset
21:35:09.45   GameInfo::ResetInfo - SyncLevel set to 0 on reset
21:35:09.45   GameInfo::ResetInfo - SyncLevel set to 0 on reset
21:35:09.45   GameInfo::ResetInfo - SyncLevel set to 0 on reset
21:35:09.45   GameInfo::ResetInfo - SyncLevel set to 0 on reset
21:35:09.45   GameInfo::ResetInfo - SyncLevel set to 0 on reset
21:35:09.45   GameInfo::ResetInfo - SyncLevel set to 0 on reset
21:35:09.45   GameInfo::ResetInfo - SyncLevel set to 0 on reset
21:35:09.45   GameInfo::ResetInfo - SyncLevel set to 0 on reset
21:35:09.45   GameInfo::ResetInfo - SyncLevel set to 0 on reset
21:35:09.45   GameInfo::ResetInfo - SyncLevel set to 0 on reset
21:35:09.46   GameInfo::ResetInfo - SyncLevel set to 0 on reset
21:35:09.46   GameInfo::ResetInfo - SyncLevel set to 0 on reset
21:35:09.46   GameInfo::ResetInfo - SyncLevel set to 0 on reset
21:35:09.46   GameInfo::ResetInfo - SyncLevel set to 0 on reset
21:35:09.46   GameInfo::ResetInfo - SyncLevel set to 0 on reset
21:35:09.46   GameInfo::ResetInfo - SyncLevel set to 0 on reset
21:35:09.46   GameInfo::ResetInfo - SyncLevel set to 0 on reset
21:35:09.46   GameInfo::ResetInfo - SyncLevel set to 0 on reset
21:35:09.46   GameInfo::ResetInfo - SyncLevel set to 0 on reset
21:35:09.46   GameInfo::ResetInfo - SyncLevel set to 0 on reset
21:35:09.46   GameInfo::ResetInfo - SyncLevel set to 0 on reset
21:35:09.46   GameInfo::ResetInfo - SyncLevel set to 0 on reset
21:35:09.46   GameInfo::ResetInfo - SyncLevel set to 0 on reset
21:35:09.46   GameInfo::ResetInfo - SyncLevel set to 0 on reset
21:35:09.46   GameInfo::ResetInfo - SyncLevel set to 0 on reset
21:35:09.46   GameInfo::ResetInfo - SyncLevel set to 0 on reset
21:35:09.46   GameInfo::ResetInfo - SyncLevel set to 0 on reset
21:35:09.46   GameInfo::ResetInfo - SyncLevel set to 0 on reset
21:35:09.46   GameInfo::ResetInfo - SyncLevel set to 0 on reset
21:35:09.46   GameInfo::ResetInfo - SyncLevel set to 0 on reset
21:35:09.46   GameInfo::ResetInfo - SyncLevel set to 0 on reset
21:35:09.46   GameInfo::ResetInfo - SyncLevel set to 0 on reset
21:35:09.46   GameInfo::ResetInfo - SyncLevel set to 0 on reset
21:35:09.46   GameInfo::ResetInfo - SyncLevel set to 0 on reset
21:35:09.46   GameInfo::ResetInfo - SyncLevel set to 0 on reset
21:35:09.46   GameInfo::ResetInfo - SyncLevel set to 0 on reset
21:35:09.46   GameInfo::ResetInfo - SyncLevel set to 0 on reset
21:35:09.46   GameInfo::ResetInfo - SyncLevel set to 0 on reset
21:35:09.46   GameInfo::ResetInfo - SyncLevel set to 0 on reset
21:35:09.46   GameInfo::ResetInfo - SyncLevel set to 0 on reset
21:35:09.46   GameInfo::ResetInfo - SyncLevel set to 0 on reset
21:35:09.46   GameInfo::ResetInfo - SyncLevel set to 0 on reset
21:35:09.46   GameInfo::ResetInfo - SyncLevel set to 0 on reset
21:35:09.47   GameInfo::ResetInfo - SyncLevel set to 0 on reset
21:35:09.47   GameInfo::ResetInfo - SyncLevel set to 0 on reset
21:35:09.47   GameInfo::ResetInfo - SyncLevel set to 0 on reset
21:35:09.47   GameInfo::ResetInfo - SyncLevel set to 0 on reset
21:35:09.47   GameInfo::ResetInfo - SyncLevel set to 0 on reset
21:35:09.47   GameInfo::ResetInfo - SyncLevel set to 0 on reset
21:35:09.47   GameInfo::ResetInfo - SyncLevel set to 0 on reset
21:35:09.47   GameInfo::ResetInfo - SyncLevel set to 0 on reset
21:35:09.47   GameInfo::ResetInfo - SyncLevel set to 0 on reset
21:35:09.47   GameInfo::ResetInfo - SyncLevel set to 0 on reset
21:35:09.47   GameInfo::ResetInfo - SyncLevel set to 0 on reset
21:35:09.47   GameInfo::ResetInfo - SyncLevel set to 0 on reset
21:35:09.47   GameInfo::ResetInfo - SyncLevel set to 0 on reset
21:35:09.47   GameInfo::ResetInfo - SyncLevel set to 0 on reset
21:35:09.47   GameInfo::ResetInfo - SyncLevel set to 0 on reset
21:35:09.47   GameInfo::ResetInfo - SyncLevel set to 0 on reset
21:35:09.47   GameInfo::ResetInfo - SyncLevel set to 0 on reset
21:35:09.47   GameInfo::ResetInfo - SyncLevel set to 0 on reset
21:35:09.47   GameInfo::ResetInfo - SyncLevel set to 0 on reset
21:35:09.47   GameInfo::ResetInfo - SyncLevel set to 0 on reset
21:35:09.47   GameInfo::ResetInfo - SyncLevel set to 0 on reset
21:35:09.47   GameInfo::ResetInfo - SyncLevel set to 0 on reset
21:35:09.47   GameInfo::ResetInfo - SyncLevel set to 0 on reset
21:35:09.47   GameInfo::ResetInfo - SyncLevel set to 0 on reset
21:35:09.47   GameInfo::ResetInfo - SyncLevel set to 0 on reset
21:35:09.47   GameInfo::ResetInfo - SyncLevel set to 0 on reset
21:35:09.47   GameInfo::ResetInfo - SyncLevel set to 0 on reset
21:35:09.47   GameInfo::ResetInfo - SyncLevel set to 0 on reset
21:35:09.47   GameInfo::ResetInfo - SyncLevel set to 0 on reset
21:35:09.47   GameInfo::ResetInfo - SyncLevel set to 0 on reset
21:35:09.47   GameInfo::ResetInfo - SyncLevel set to 0 on reset
21:35:09.47   GameInfo::ResetInfo - SyncLevel set to 0 on reset
21:35:09.47   GameInfo::ResetInfo - SyncLevel set to 0 on reset
21:35:09.48   GameInfo::ResetInfo - SyncLevel set to 0 on reset
21:35:09.48   GameInfo::ResetInfo - SyncLevel set to 0 on reset
21:35:09.48   GameInfo::ResetInfo - SyncLevel set to 0 on reset
21:35:09.48   GameInfo::ResetInfo - SyncLevel set to 0 on reset
21:35:09.48   GameInfo::ResetInfo - SyncLevel set to 0 on reset
21:35:09.48   GameInfo::ResetInfo - SyncLevel set to 0 on reset
21:35:09.48   GameInfo::ResetInfo - SyncLevel set to 0 on reset
21:35:09.48   GameInfo::ResetInfo - SyncLevel set to 0 on reset
21:35:09.48   GameInfo::ResetInfo - SyncLevel set to 0 on reset
21:35:09.48   GameInfo::ResetInfo - SyncLevel set to 0 on reset
21:35:09.48   GameInfo::ResetInfo - SyncLevel set to 0 on reset
21:35:09.48   GameInfo::ResetInfo - SyncLevel set to 0 on reset
21:35:09.48   GameInfo::ResetInfo - SyncLevel set to 0 on reset
21:35:09.48   GameInfo::ResetInfo - SyncLevel set to 0 on reset
21:35:09.48   GameInfo::ResetInfo - SyncLevel set to 0 on reset
21:35:09.48   GameInfo::ResetInfo - SyncLevel set to 0 on reset
21:35:09.48   GameInfo::ResetInfo - SyncLevel set to 0 on reset
21:35:09.48   GameInfo::ResetInfo - SyncLevel set to 0 on reset
21:35:09.48   GameInfo::ResetInfo - SyncLevel set to 0 on reset
21:35:09.48   GameInfo::ResetInfo - SyncLevel set to 0 on reset
21:35:09.48   GameInfo::ResetInfo - SyncLevel set to 0 on reset
21:35:09.48   GameInfo::ResetInfo - SyncLevel set to 0 on reset
21:35:09.48   GameInfo::ResetInfo - SyncLevel set to 0 on reset
21:35:09.48   GameInfo::ResetInfo - SyncLevel set to 0 on reset
21:35:09.48   GameInfo::ResetInfo - SyncLevel set to 0 on reset
21:35:09.48   GameInfo::ResetInfo - SyncLevel set to 0 on reset
21:35:09.48   GameInfo::ResetInfo - SyncLevel set to 0 on reset
21:35:09.48   GameInfo::ResetInfo - SyncLevel set to 0 on reset
21:35:09.48   GameInfo::ResetInfo - SyncLevel set to 0 on reset
21:35:09.48   GameInfo::ResetInfo - SyncLevel set to 0 on reset
21:35:09.48   GameInfo::ResetInfo - SyncLevel set to 0 on reset
21:35:09.48   GameInfo::ResetInfo - SyncLevel set to 0 on reset
21:35:09.48   GameInfo::ResetInfo - SyncLevel set to 0 on reset
21:35:09.48   GameInfo::ResetInfo - SyncLevel set to 0 on reset
21:35:09.48   GameInfo::ResetInfo - SyncLevel set to 0 on reset
21:35:09.48   GameInfo::ResetInfo - SyncLevel set to 0 on reset
21:35:09.48   GameInfo::ResetInfo - SyncLevel set to 0 on reset
21:35:09.48   GameInfo::ResetInfo - SyncLevel set to 0 on reset
21:35:09.48   GameInfo::ResetInfo - SyncLevel set to 0 on reset
21:35:09.48   GameInfo::ResetInfo - SyncLevel set to 0 on reset
21:35:09.48   GameInfo::ResetInfo - SyncLevel set to 0 on reset
21:35:09.48   GameInfo::ResetInfo - SyncLevel set to 0 on reset
21:35:09.49   GameInfo::ResetInfo - SyncLevel set to 0 on reset
21:35:09.49   GameInfo::ResetInfo - SyncLevel set to 0 on reset
21:35:09.49   GameInfo::ResetInfo - SyncLevel set to 0 on reset
21:35:09.49   GameInfo::ResetInfo - SyncLevel set to 0 on reset
21:35:09.49   GameInfo::ResetInfo - SyncLevel set to 0 on reset
21:35:09.49   GameInfo::ResetInfo - SyncLevel set to 0 on reset
21:35:09.49   GameInfo::ResetInfo - SyncLevel set to 0 on reset
21:35:09.49   GameInfo::ResetInfo - SyncLevel set to 0 on reset
21:35:09.49   GameInfo::ResetInfo - SyncLevel set to 0 on reset
21:35:09.49   GameInfo::ResetInfo - SyncLevel set to 0 on reset
21:35:09.49   GameInfo::ResetInfo - SyncLevel set to 0 on reset
21:35:09.49   GameInfo::ResetInfo - SyncLevel set to 0 on reset
21:35:09.49   GameInfo::ResetInfo - SyncLevel set to 0 on reset
21:35:09.49   GameInfo::ResetInfo - SyncLevel set to 0 on reset
21:35:09.49   GameInfo::ResetInfo - SyncLevel set to 0 on reset
21:35:09.49   GameInfo::ResetInfo - SyncLevel set to 0 on reset
21:35:09.49   GameInfo::ResetInfo - SyncLevel set to 0 on reset
21:35:09.49   GameInfo::ResetInfo - SyncLevel set to 0 on reset
21:35:09.49   GameInfo::ResetInfo - SyncLevel set to 0 on reset
21:35:09.49   GameInfo::ResetInfo - SyncLevel set to 0 on reset
21:35:09.49   GameInfo::ResetInfo - SyncLevel set to 0 on reset
21:35:09.49   GameInfo::ResetInfo - SyncLevel set to 0 on reset
21:35:09.49   GameInfo::ResetInfo - SyncLevel set to 0 on reset
21:35:09.49   GameInfo::ResetInfo - SyncLevel set to 0 on reset
21:35:09.49   GameInfo::ResetInfo - SyncLevel set to 0 on reset
21:35:09.49   GameInfo::ResetInfo - SyncLevel set to 0 on reset
21:35:09.49   GameInfo::ResetInfo - SyncLevel set to 0 on reset
21:35:09.49   GameInfo::ResetInfo - SyncLevel set to 0 on reset
21:35:09.49   GameInfo::ResetInfo - SyncLevel set to 0 on reset
21:35:09.49   GameInfo::ResetInfo - SyncLevel set to 0 on reset
21:35:09.49   GameInfo::ResetInfo - SyncLevel set to 0 on reset
21:35:09.49   GameInfo::ResetInfo - SyncLevel set to 0 on reset
21:35:09.49   GameInfo::ResetInfo - SyncLevel set to 0 on reset
21:35:09.49   GameInfo::ResetInfo - SyncLevel set to 0 on reset
21:35:09.49   GameInfo::ResetInfo - SyncLevel set to 0 on reset
21:35:09.49   GameInfo::ResetInfo - SyncLevel set to 0 on reset
21:35:09.49   GameInfo::ResetInfo - SyncLevel set to 0 on reset
21:35:09.49   GameInfo::ResetInfo - SyncLevel set to 0 on reset
21:35:09.49   GameInfo::ResetInfo - SyncLevel set to 0 on reset
21:35:09.50   GameInfo::ResetInfo - SyncLevel set to 0 on reset
21:35:09.50   GameInfo::ResetInfo - SyncLevel set to 0 on reset
21:35:09.50   GameInfo::ResetInfo - SyncLevel set to 0 on reset
21:35:09.50   GameInfo::ResetInfo - SyncLevel set to 0 on reset
21:35:09.50   GameInfo::ResetInfo - SyncLevel set to 0 on reset
21:35:09.50   GameInfo::ResetInfo - SyncLevel set to 0 on reset
21:35:09.50   GameInfo::ResetInfo - SyncLevel set to 0 on reset
21:35:09.50   GameInfo::ResetInfo - SyncLevel set to 0 on reset
21:35:09.50   GameInfo::ResetInfo - SyncLevel set to 0 on reset
21:35:09.50   GameInfo::ResetInfo - SyncLevel set to 0 on reset
21:35:09.50   GameInfo::ResetInfo - SyncLevel set to 0 on reset
21:35:09.50   GameInfo::ResetInfo - SyncLevel set to 0 on reset
21:35:09.50   GameInfo::ResetInfo - SyncLevel set to 0 on reset
21:35:09.50   GameInfo::ResetInfo - SyncLevel set to 0 on reset
21:35:09.50   GameInfo::ResetInfo - SyncLevel set to 0 on reset
21:35:09.50   GameInfo::ResetInfo - SyncLevel set to 0 on reset
21:35:09.50   GameInfo::ResetInfo - SyncLevel set to 0 on reset
21:35:09.50   GameInfo::ResetInfo - SyncLevel set to 0 on reset
21:35:09.50   GameInfo::ResetInfo - SyncLevel set to 0 on reset
21:35:09.50   GameInfo::ResetInfo - SyncLevel set to 0 on reset
21:35:09.50   GameInfo::ResetInfo - SyncLevel set to 0 on reset
21:35:09.50   GameInfo::ResetInfo - SyncLevel set to 0 on reset
21:35:09.50   GameInfo::ResetInfo - SyncLevel set to 0 on reset
21:35:09.50   GameInfo::ResetInfo - SyncLevel set to 0 on reset
21:35:09.50   GameInfo::ResetInfo - SyncLevel set to 0 on reset
21:35:09.50   GameInfo::ResetInfo - SyncLevel set to 0 on reset
21:35:09.50   GameInfo::ResetInfo - SyncLevel set to 0 on reset
21:35:09.50   GameInfo::ResetInfo - SyncLevel set to 0 on reset
21:35:09.50   GameInfo::ResetInfo - SyncLevel set to 0 on reset
21:35:09.50   GameInfo::ResetInfo - SyncLevel set to 0 on reset
21:35:09.50   GameInfo::ResetInfo - SyncLevel set to 0 on reset
21:35:09.50   GameInfo::ResetInfo - SyncLevel set to 0 on reset
21:35:09.50   GameInfo::ResetInfo - SyncLevel set to 0 on reset
21:35:09.51   GameInfo::ResetInfo - SyncLevel set to 0 on reset
21:35:09.51   GameInfo::ResetInfo - SyncLevel set to 0 on reset
21:35:09.51   GameInfo::ResetInfo - SyncLevel set to 0 on reset
21:35:09.51   GameInfo::ResetInfo - SyncLevel set to 0 on reset
21:35:09.51   GameInfo::ResetInfo - SyncLevel set to 0 on reset
21:35:09.51   GameInfo::ResetInfo - SyncLevel set to 0 on reset
21:35:09.51   GameInfo::ResetInfo - SyncLevel set to 0 on reset
21:35:09.51   GameInfo::ResetInfo - SyncLevel set to 0 on reset
21:35:09.51   GameInfo::ResetInfo - SyncLevel set to 0 on reset
21:35:09.51   GameInfo::ResetInfo - SyncLevel set to 0 on reset
21:35:09.51   GameInfo::ResetInfo - SyncLevel set to 0 on reset
21:35:09.51   GameInfo::ResetInfo - SyncLevel set to 0 on reset
21:35:09.51   GameInfo::ResetInfo - SyncLevel set to 0 on reset
21:35:09.51   GameInfo::ResetInfo - SyncLevel set to 0 on reset
21:35:09.51   GameInfo::ResetInfo - SyncLevel set to 0 on reset
21:35:09.51   GameInfo::ResetInfo - SyncLevel set to 0 on reset
21:35:09.51   GameInfo::ResetInfo - SyncLevel set to 0 on reset
21:35:09.51   GameInfo::ResetInfo - SyncLevel set to 0 on reset
21:35:09.51   GameInfo::ResetInfo - SyncLevel set to 0 on reset
21:35:09.51   GameInfo::ResetInfo - SyncLevel set to 0 on reset
21:35:09.51   GameInfo::ResetInfo - SyncLevel set to 0 on reset
21:35:09.51   GameInfo::ResetInfo - SyncLevel set to 0 on reset
21:35:09.51   GameInfo::ResetInfo - SyncLevel set to 0 on reset
21:35:09.51   GameInfo::ResetInfo - SyncLevel set to 0 on reset
21:35:09.52   GameInfo::ResetInfo - SyncLevel set to 0 on reset
21:35:09.52   GameInfo::ResetInfo - SyncLevel set to 0 on reset
21:35:09.52   GameInfo::ResetInfo - SyncLevel set to 0 on reset
21:35:09.52   GameInfo::ResetInfo - SyncLevel set to 0 on reset
21:35:09.52   GameInfo::ResetInfo - SyncLevel set to 0 on reset
21:35:09.52   GameInfo::ResetInfo - SyncLevel set to 0 on reset
21:35:09.52   GameInfo::ResetInfo - SyncLevel set to 0 on reset
21:35:09.52   GameInfo::ResetInfo - SyncLevel set to 0 on reset
21:35:09.52   GameInfo::ResetInfo - SyncLevel set to 0 on reset
21:35:09.52   GameInfo::ResetInfo - SyncLevel set to 0 on reset
21:35:09.52   GameInfo::ResetInfo - SyncLevel set to 0 on reset
21:35:09.52   GameInfo::ResetInfo - SyncLevel set to 0 on reset
21:35:09.52   GameInfo::ResetInfo - SyncLevel set to 0 on reset
21:35:09.52   GameInfo::ResetInfo - SyncLevel set to 0 on reset
21:35:09.52   GameInfo::ResetInfo - SyncLevel set to 0 on reset
21:35:09.52   GameInfo::ResetInfo - SyncLevel set to 0 on reset
21:35:09.52   GameInfo::ResetInfo - SyncLevel set to 0 on reset
21:35:09.52   GameInfo::ResetInfo - SyncLevel set to 0 on reset
21:35:09.52   GameInfo::ResetInfo - SyncLevel set to 0 on reset
21:35:09.52   GameInfo::ResetInfo - SyncLevel set to 0 on reset
21:35:09.52   GameInfo::ResetInfo - SyncLevel set to 0 on reset
21:35:09.52   GameInfo::ResetInfo - SyncLevel set to 0 on reset
21:35:09.52   GameInfo::ResetInfo - SyncLevel set to 0 on reset
21:35:09.52   GameInfo::ResetInfo - SyncLevel set to 0 on reset
21:35:09.52   GameInfo::ResetInfo - SyncLevel set to 0 on reset
21:35:09.52   GameInfo::ResetInfo - SyncLevel set to 0 on reset
21:35:09.52   GameInfo::ResetInfo - SyncLevel set to 0 on reset
21:35:09.52   GameInfo::ResetInfo - SyncLevel set to 0 on reset
21:35:09.52   GameInfo::ResetInfo - SyncLevel set to 0 on reset
21:35:09.52   GameInfo::ResetInfo - SyncLevel set to 0 on reset
21:35:09.53   GameInfo::ResetInfo - SyncLevel set to 0 on reset
21:35:09.53   GameInfo::ResetInfo - SyncLevel set to 0 on reset
21:35:09.53   GameInfo::ResetInfo - SyncLevel set to 0 on reset
21:35:09.53   GameInfo::ResetInfo - SyncLevel set to 0 on reset
21:35:09.53   GameInfo::ResetInfo - SyncLevel set to 0 on reset
21:35:09.53   GameInfo::ResetInfo - SyncLevel set to 0 on reset
21:35:09.53   GameInfo::ResetInfo - SyncLevel set to 0 on reset
21:35:09.53   GameInfo::ResetInfo - SyncLevel set to 0 on reset
21:35:09.53   GameInfo::ResetInfo - SyncLevel set to 0 on reset
21:35:09.53   GameInfo::ResetInfo - SyncLevel set to 0 on reset
21:35:09.53   GameInfo::ResetInfo - SyncLevel set to 0 on reset
21:35:09.53   GameInfo::ResetInfo - SyncLevel set to 0 on reset
21:35:09.53   GameInfo::ResetInfo - SyncLevel set to 0 on reset
21:35:09.53   GameInfo::ResetInfo - SyncLevel set to 0 on reset
21:35:09.53   GameInfo::ResetInfo - SyncLevel set to 0 on reset
21:35:09.53   GameInfo::ResetInfo - SyncLevel set to 0 on reset
21:35:09.53   GameInfo::ResetInfo - SyncLevel set to 0 on reset
21:35:09.53   GameInfo::ResetInfo - SyncLevel set to 0 on reset
21:35:09.53   GameInfo::ResetInfo - SyncLevel set to 0 on reset
21:35:09.53   GameInfo::ResetInfo - SyncLevel set to 0 on reset
21:35:09.53   GameInfo::ResetInfo - SyncLevel set to 0 on reset
21:35:09.53   GameInfo::ResetInfo - SyncLevel set to 0 on reset
21:35:09.53   GameInfo::ResetInfo - SyncLevel set to 0 on reset
21:35:09.53   GameInfo::ResetInfo - SyncLevel set to 0 on reset
21:35:09.53   GameInfo::ResetInfo - SyncLevel set to 0 on reset
21:35:09.53   GameInfo::ResetInfo - SyncLevel set to 0 on reset
21:35:09.53   GameInfo::ResetInfo - SyncLevel set to 0 on reset
21:35:09.53   GameInfo::ResetInfo - SyncLevel set to 0 on reset
21:35:09.53   GameInfo::ResetInfo - SyncLevel set to 0 on reset
21:35:09.53   GameInfo::ResetInfo - SyncLevel set to 0 on reset
21:35:09.53   GameInfo::ResetInfo - SyncLevel set to 0 on reset
21:35:09.53   GameInfo::ResetInfo - SyncLevel set to 0 on reset
21:35:09.54   GameInfo::ResetInfo - SyncLevel set to 0 on reset
21:35:09.54   GameInfo::ResetInfo - SyncLevel set to 0 on reset
21:35:09.54   GameInfo::ResetInfo - SyncLevel set to 0 on reset
21:35:09.54   GameInfo::ResetInfo - SyncLevel set to 0 on reset
21:35:09.54   GameInfo::ResetInfo - SyncLevel set to 0 on reset
21:35:09.54   GameInfo::ResetInfo - SyncLevel set to 0 on reset
21:35:09.54   GameInfo::ResetInfo - SyncLevel set to 0 on reset
21:35:09.54   GameInfo::ResetInfo - SyncLevel set to 0 on reset
21:35:09.54   GameInfo::ResetInfo - SyncLevel set to 0 on reset
21:35:09.54   GameInfo::ResetInfo - SyncLevel set to 0 on reset
21:35:09.54   GameInfo::ResetInfo - SyncLevel set to 0 on reset
21:35:09.54   GameInfo::ResetInfo - SyncLevel set to 0 on reset
21:35:09.54   GameInfo::ResetInfo - SyncLevel set to 0 on reset
21:35:09.54   GameInfo::ResetInfo - SyncLevel set to 0 on reset
21:35:09.54   GameInfo::ResetInfo - SyncLevel set to 0 on reset
21:35:09.54   GameInfo::ResetInfo - SyncLevel set to 0 on reset
21:35:09.54   GameInfo::ResetInfo - SyncLevel set to 0 on reset
21:35:09.54   GameInfo::ResetInfo - SyncLevel set to 0 on reset
21:35:09.54   GameInfo::ResetInfo - SyncLevel set to 0 on reset
21:35:09.54   GameInfo::ResetInfo - SyncLevel set to 0 on reset
21:35:09.54   GameInfo::ResetInfo - SyncLevel set to 0 on reset
21:35:09.54   GameInfo::ResetInfo - SyncLevel set to 0 on reset
21:35:09.54   GameInfo::ResetInfo - SyncLevel set to 0 on reset
21:35:09.54   GameInfo::ResetInfo - SyncLevel set to 0 on reset
21:35:09.54   GameInfo::ResetInfo - SyncLevel set to 0 on reset
21:35:09.54   GameInfo::ResetInfo - SyncLevel set to 0 on reset
21:35:09.54   GameInfo::ResetInfo - SyncLevel set to 0 on reset
21:35:09.54   GameInfo::ResetInfo - SyncLevel set to 0 on reset
21:35:09.54   GameInfo::ResetInfo - SyncLevel set to 0 on reset
21:35:09.54   GameInfo::ResetInfo - SyncLevel set to 0 on reset
21:35:09.54   GameInfo::ResetInfo - SyncLevel set to 0 on reset
21:35:09.55   GameInfo::ResetInfo - SyncLevel set to 0 on reset
21:35:09.55   GameInfo::ResetInfo - SyncLevel set to 0 on reset
21:35:09.55   GameInfo::ResetInfo - SyncLevel set to 0 on reset
21:35:09.55   GameInfo::ResetInfo - SyncLevel set to 0 on reset
21:35:09.55   GameInfo::ResetInfo - SyncLevel set to 0 on reset
21:35:09.55   GameInfo::ResetInfo - SyncLevel set to 0 on reset
21:35:09.55   GameInfo::ResetInfo - SyncLevel set to 0 on reset
21:35:09.55   GameInfo::ResetInfo - SyncLevel set to 0 on reset
21:35:09.55   GameInfo::ResetInfo - SyncLevel set to 0 on reset
21:35:09.55   GameInfo::ResetInfo - SyncLevel set to 0 on reset
21:35:09.55   GameInfo::ResetInfo - SyncLevel set to 0 on reset
21:35:09.55   GameInfo::ResetInfo - SyncLevel set to 0 on reset
21:35:09.55   GameInfo::ResetInfo - SyncLevel set to 0 on reset
21:35:09.55   GameInfo::ResetInfo - SyncLevel set to 0 on reset
21:35:09.55   GameInfo::ResetInfo - SyncLevel set to 0 on reset
21:35:09.55   GameInfo::ResetInfo - SyncLevel set to 0 on reset
21:35:09.55   GameInfo::ResetInfo - SyncLevel set to 0 on reset
21:35:09.55   GameInfo::ResetInfo - SyncLevel set to 0 on reset
21:35:09.55   GameInfo::ResetInfo - SyncLevel set to 0 on reset
21:35:09.55   GameInfo::ResetInfo - SyncLevel set to 0 on reset
21:35:09.55   GameInfo::ResetInfo - SyncLevel set to 0 on reset
21:35:09.55   GameInfo::ResetInfo - SyncLevel set to 0 on reset
21:35:09.55   GameInfo::ResetInfo - SyncLevel set to 0 on reset
21:35:09.55   GameInfo::ResetInfo - SyncLevel set to 0 on reset
21:35:09.55   GameInfo::ResetInfo - SyncLevel set to 0 on reset
21:35:09.55   GameInfo::ResetInfo - SyncLevel set to 0 on reset
21:35:09.55   GAME -- Error reading header for recorded game PLAYBACK:4p_rails_and_metal20110731195813__[GameReplays.org].rec
21:35:09.55   GameInfo::ResetInfo - SyncLevel set to 0 on reset
21:35:09.55   GameInfo::ResetInfo - SyncLevel set to 0 on reset
21:35:09.55   GAME -- Error reading header for recorded game PLAYBACK:4p_rails_and_metal20110801000124__[GameReplays.org].rec
21:35:09.55   GameInfo::ResetInfo - SyncLevel set to 0 on reset
21:35:09.55   GameInfo::ResetInfo - SyncLevel set to 0 on reset
21:35:09.55   GAME -- Error reading header for recorded game PLAYBACK:4p_rails_and_metal20120827200108__[GameReplays.org].rec
21:35:09.55   GameInfo::ResetInfo - SyncLevel set to 0 on reset
21:35:09.55   GameInfo::ResetInfo - SyncLevel set to 0 on reset
21:35:09.55   GameInfo::ResetInfo - SyncLevel set to 0 on reset
21:35:09.55   GameInfo::ResetInfo - SyncLevel set to 0 on reset
21:35:09.55   GameInfo::ResetInfo - SyncLevel set to 0 on reset
21:35:09.55   GameInfo::ResetInfo - SyncLevel set to 0 on reset
21:35:09.56   GameInfo::ResetInfo - SyncLevel set to 0 on reset
21:35:09.56   GameInfo::ResetInfo - SyncLevel set to 0 on reset
21:35:09.56   GameInfo::ResetInfo - SyncLevel set to 0 on reset
21:35:09.56   GameInfo::ResetInfo - SyncLevel set to 0 on reset
21:35:09.56   GameInfo::ResetInfo - SyncLevel set to 0 on reset
21:35:09.56   GameInfo::ResetInfo - SyncLevel set to 0 on reset
21:35:09.56   GameInfo::ResetInfo - SyncLevel set to 0 on reset
21:35:09.56   GameInfo::ResetInfo - SyncLevel set to 0 on reset
21:35:09.56   GameInfo::ResetInfo - SyncLevel set to 0 on reset
21:35:09.56   GameInfo::ResetInfo - SyncLevel set to 0 on reset
21:35:09.56   GameInfo::ResetInfo - SyncLevel set to 0 on reset
21:35:09.56   GameInfo::ResetInfo - SyncLevel set to 0 on reset
21:35:09.56   GameInfo::ResetInfo - SyncLevel set to 0 on reset
21:35:09.56   GameInfo::ResetInfo - SyncLevel set to 0 on reset
21:35:09.56   GameInfo::ResetInfo - SyncLevel set to 0 on reset
21:35:09.56   GameInfo::ResetInfo - SyncLevel set to 0 on reset
21:35:09.56   GameInfo::ResetInfo - SyncLevel set to 0 on reset
21:35:09.56   GameInfo::ResetInfo - SyncLevel set to 0 on reset
21:35:09.56   GameInfo::ResetInfo - SyncLevel set to 0 on reset
21:35:09.56   GameInfo::ResetInfo - SyncLevel set to 0 on reset
21:35:09.56   GameInfo::ResetInfo - SyncLevel set to 0 on reset
21:35:09.56   GameInfo::ResetInfo - SyncLevel set to 0 on reset
21:35:09.56   GameInfo::ResetInfo - SyncLevel set to 0 on reset
21:35:09.56   GameInfo::ResetInfo - SyncLevel set to 0 on reset
21:35:09.56   GameInfo::ResetInfo - SyncLevel set to 0 on reset
21:35:09.56   GameInfo::ResetInfo - SyncLevel set to 0 on reset
21:35:09.56   GameInfo::ResetInfo - SyncLevel set to 0 on reset
21:35:09.56   GameInfo::ResetInfo - SyncLevel set to 0 on reset
21:35:09.56   GameInfo::ResetInfo - SyncLevel set to 0 on reset
21:35:09.56   GameInfo::ResetInfo - SyncLevel set to 0 on reset
21:35:09.56   GameInfo::ResetInfo - SyncLevel set to 0 on reset
21:35:09.56   GameInfo::ResetInfo - SyncLevel set to 0 on reset
21:35:09.56   GameInfo::ResetInfo - SyncLevel set to 0 on reset
21:35:09.57   GameInfo::ResetInfo - SyncLevel set to 0 on reset
21:35:09.57   GameInfo::ResetInfo - SyncLevel set to 0 on reset
21:35:09.57   GameInfo::ResetInfo - SyncLevel set to 0 on reset
21:35:09.57   GameInfo::ResetInfo - SyncLevel set to 0 on reset
21:35:09.57   GameInfo::ResetInfo - SyncLevel set to 0 on reset
21:35:09.57   GameInfo::ResetInfo - SyncLevel set to 0 on reset
21:35:09.57   GameInfo::ResetInfo - SyncLevel set to 0 on reset
21:35:09.57   GameInfo::ResetInfo - SyncLevel set to 0 on reset
21:35:09.57   GameInfo::ResetInfo - SyncLevel set to 0 on reset
21:35:09.57   GameInfo::ResetInfo - SyncLevel set to 0 on reset
21:35:09.57   GameInfo::ResetInfo - SyncLevel set to 0 on reset
21:35:09.57   GameInfo::ResetInfo - SyncLevel set to 0 on reset
21:35:09.57   GameInfo::ResetInfo - SyncLevel set to 0 on reset
21:35:09.57   GameInfo::ResetInfo - SyncLevel set to 0 on reset
21:35:09.57   GameInfo::ResetInfo - SyncLevel set to 0 on reset
21:35:09.57   GameInfo::ResetInfo - SyncLevel set to 0 on reset
21:35:09.57   GameInfo::ResetInfo - SyncLevel set to 0 on reset
21:35:09.57   GameInfo::ResetInfo - SyncLevel set to 0 on reset
21:35:09.57   GameInfo::ResetInfo - SyncLevel set to 0 on reset
21:35:09.57   GameInfo::ResetInfo - SyncLevel set to 0 on reset
21:35:09.57   GameInfo::ResetInfo - SyncLevel set to 0 on reset
21:35:09.57   GameInfo::ResetInfo - SyncLevel set to 0 on reset
21:35:09.57   GameInfo::ResetInfo - SyncLevel set to 0 on reset
21:35:09.57   GameInfo::ResetInfo - SyncLevel set to 0 on reset
21:35:09.57   GameInfo::ResetInfo - SyncLevel set to 0 on reset
21:35:09.57   GameInfo::ResetInfo - SyncLevel set to 0 on reset
21:35:09.57   GameInfo::ResetInfo - SyncLevel set to 0 on reset
21:35:09.57   GameInfo::ResetInfo - SyncLevel set to 0 on reset
21:35:09.57   GameInfo::ResetInfo - SyncLevel set to 0 on reset
21:35:09.57   GameInfo::ResetInfo - SyncLevel set to 0 on reset
21:35:09.58   GameInfo::ResetInfo - SyncLevel set to 0 on reset
21:35:09.58   GameInfo::ResetInfo - SyncLevel set to 0 on reset
21:35:09.58   GameInfo::ResetInfo - SyncLevel set to 0 on reset
21:35:09.58   GameInfo::ResetInfo - SyncLevel set to 0 on reset
21:35:09.58   GameInfo::ResetInfo - SyncLevel set to 0 on reset
21:35:09.58   GameInfo::ResetInfo - SyncLevel set to 0 on reset
21:35:09.58   GameInfo::ResetInfo - SyncLevel set to 0 on reset
21:35:09.58   GameInfo::ResetInfo - SyncLevel set to 0 on reset
21:35:09.58   GameInfo::ResetInfo - SyncLevel set to 0 on reset
21:35:09.58   GameInfo::ResetInfo - SyncLevel set to 0 on reset
21:35:09.58   GameInfo::ResetInfo - SyncLevel set to 0 on reset
21:35:09.58   GameInfo::ResetInfo - SyncLevel set to 0 on reset
21:35:09.58   GameInfo::ResetInfo - SyncLevel set to 0 on reset
21:35:09.58   GameInfo::ResetInfo - SyncLevel set to 0 on reset
21:35:09.58   GameInfo::ResetInfo - SyncLevel set to 0 on reset
21:35:09.58   GameInfo::ResetInfo - SyncLevel set to 0 on reset
21:35:09.58   GameInfo::ResetInfo - SyncLevel set to 0 on reset
21:35:09.58   GameInfo::ResetInfo - SyncLevel set to 0 on reset
21:35:09.58   GameInfo::ResetInfo - SyncLevel set to 0 on reset
21:35:09.58   GameInfo::ResetInfo - SyncLevel set to 0 on reset
21:35:09.58   GameInfo::ResetInfo - SyncLevel set to 0 on reset
21:35:09.58   GameInfo::ResetInfo - SyncLevel set to 0 on reset
21:35:09.58   GameInfo::ResetInfo - SyncLevel set to 0 on reset
21:35:09.58   GameInfo::ResetInfo - SyncLevel set to 0 on reset
21:35:09.58   GameInfo::ResetInfo - SyncLevel set to 0 on reset
21:35:09.58   GameInfo::ResetInfo - SyncLevel set to 0 on reset
21:35:09.58   GameInfo::ResetInfo - SyncLevel set to 0 on reset
21:35:09.58   GameInfo::ResetInfo - SyncLevel set to 0 on reset
21:35:09.58   GameInfo::ResetInfo - SyncLevel set to 0 on reset
21:35:09.58   GameInfo::ResetInfo - SyncLevel set to 0 on reset
21:35:09.58   GameInfo::ResetInfo - SyncLevel set to 0 on reset
21:35:09.58   GameInfo::ResetInfo - SyncLevel set to 0 on reset
21:35:09.58   GameInfo::ResetInfo - SyncLevel set to 0 on reset
21:35:09.59   GameInfo::ResetInfo - SyncLevel set to 0 on reset
21:35:09.59   GameInfo::ResetInfo - SyncLevel set to 0 on reset
21:35:09.59   GameInfo::ResetInfo - SyncLevel set to 0 on reset
21:35:09.59   GameInfo::ResetInfo - SyncLevel set to 0 on reset
21:35:09.59   GameInfo::ResetInfo - SyncLevel set to 0 on reset
21:35:09.59   GameInfo::ResetInfo - SyncLevel set to 0 on reset
21:35:09.59   GameInfo::ResetInfo - SyncLevel set to 0 on reset
21:35:09.59   GameInfo::ResetInfo - SyncLevel set to 0 on reset
21:35:09.59   GameInfo::ResetInfo - SyncLevel set to 0 on reset
21:35:09.59   GameInfo::ResetInfo - SyncLevel set to 0 on reset
21:35:09.59   GameInfo::ResetInfo - SyncLevel set to 0 on reset
21:35:09.59   GameInfo::ResetInfo - SyncLevel set to 0 on reset
21:35:09.59   GameInfo::ResetInfo - SyncLevel set to 0 on reset
21:35:09.59   GameInfo::ResetInfo - SyncLevel set to 0 on reset
21:35:09.59   GameInfo::ResetInfo - SyncLevel set to 0 on reset
21:35:09.59   GameInfo::ResetInfo - SyncLevel set to 0 on reset
21:35:09.59   GameInfo::ResetInfo - SyncLevel set to 0 on reset
21:35:09.59   GameInfo::ResetInfo - SyncLevel set to 0 on reset
21:35:09.59   GameInfo::ResetInfo - SyncLevel set to 0 on reset
21:35:09.59   GameInfo::ResetInfo - SyncLevel set to 0 on reset
21:35:09.59   GameInfo::ResetInfo - SyncLevel set to 0 on reset
21:35:09.59   GameInfo::ResetInfo - SyncLevel set to 0 on reset
21:35:09.59   GameInfo::ResetInfo - SyncLevel set to 0 on reset
21:35:09.59   GameInfo::ResetInfo - SyncLevel set to 0 on reset
21:35:09.59   GameInfo::ResetInfo - SyncLevel set to 0 on reset
21:35:09.59   GameInfo::ResetInfo - SyncLevel set to 0 on reset
21:35:09.59   GAME -- Error reading header for recorded game PLAYBACK:4p_wolfheze20090305210256__[GameReplays.org].rec
21:35:09.59   GameInfo::ResetInfo - SyncLevel set to 0 on reset
21:35:09.59   GameInfo::ResetInfo - SyncLevel set to 0 on reset
21:35:09.59   GameInfo::ResetInfo - SyncLevel set to 0 on reset
21:35:09.59   GameInfo::ResetInfo - SyncLevel set to 0 on reset
21:35:09.59   GameInfo::ResetInfo - SyncLevel set to 0 on reset
21:35:09.59   GameInfo::ResetInfo - SyncLevel set to 0 on reset
21:35:09.59   GameInfo::ResetInfo - SyncLevel set to 0 on reset
21:35:09.59   GameInfo::ResetInfo - SyncLevel set to 0 on reset
21:35:09.59   GameInfo::ResetInfo - SyncLevel set to 0 on reset
21:35:09.60   GameInfo::ResetInfo - SyncLevel set to 0 on reset
21:35:09.60   GameInfo::ResetInfo - SyncLevel set to 0 on reset
21:35:09.60   GameInfo::ResetInfo - SyncLevel set to 0 on reset
21:35:09.60   GameInfo::ResetInfo - SyncLevel set to 0 on reset
21:35:09.60   GameInfo::ResetInfo - SyncLevel set to 0 on reset
21:35:09.60   GameInfo::ResetInfo - SyncLevel set to 0 on reset
21:35:09.60   GameInfo::ResetInfo - SyncLevel set to 0 on reset
21:35:09.60   GameInfo::ResetInfo - SyncLevel set to 0 on reset
21:35:09.60   GameInfo::ResetInfo - SyncLevel set to 0 on reset
21:35:09.60   GameInfo::ResetInfo - SyncLevel set to 0 on reset
21:35:09.60   GameInfo::ResetInfo - SyncLevel set to 0 on reset
21:35:09.60   GameInfo::ResetInfo - SyncLevel set to 0 on reset
21:35:09.60   GameInfo::ResetInfo - SyncLevel set to 0 on reset
21:35:09.60   GameInfo::ResetInfo - SyncLevel set to 0 on reset
21:35:09.60   GameInfo::ResetInfo - SyncLevel set to 0 on reset
21:35:09.60   GameInfo::ResetInfo - SyncLevel set to 0 on reset
21:35:09.60   GameInfo::ResetInfo - SyncLevel set to 0 on reset
21:35:09.60   GameInfo::ResetInfo - SyncLevel set to 0 on reset
21:35:09.60   GameInfo::ResetInfo - SyncLevel set to 0 on reset
21:35:09.60   GameInfo::ResetInfo - SyncLevel set to 0 on reset
21:35:09.60   GameInfo::ResetInfo - SyncLevel set to 0 on reset
21:35:09.60   GameInfo::ResetInfo - SyncLevel set to 0 on reset
21:35:09.60   GameInfo::ResetInfo - SyncLevel set to 0 on reset
21:35:09.60   GameInfo::ResetInfo - SyncLevel set to 0 on reset
21:35:09.60   GameInfo::ResetInfo - SyncLevel set to 0 on reset
21:35:09.60   GameInfo::ResetInfo - SyncLevel set to 0 on reset
21:35:09.60   GameInfo::ResetInfo - SyncLevel set to 0 on reset
21:35:09.60   GameInfo::ResetInfo - SyncLevel set to 0 on reset
21:35:09.60   GameInfo::ResetInfo - SyncLevel set to 0 on reset
21:35:09.60   GameInfo::ResetInfo - SyncLevel set to 0 on reset
21:35:09.60   GameInfo::ResetInfo - SyncLevel set to 0 on reset
21:35:09.60   GameInfo::ResetInfo - SyncLevel set to 0 on reset
21:35:09.60   GameInfo::ResetInfo - SyncLevel set to 0 on reset
21:35:09.61   GameInfo::ResetInfo - SyncLevel set to 0 on reset
21:35:09.61   GameInfo::ResetInfo - SyncLevel set to 0 on reset
21:35:09.61   GameInfo::ResetInfo - SyncLevel set to 0 on reset
21:35:09.61   GameInfo::ResetInfo - SyncLevel set to 0 on reset
21:35:09.61   GameInfo::ResetInfo - SyncLevel set to 0 on reset
21:35:09.61   GameInfo::ResetInfo - SyncLevel set to 0 on reset
21:35:09.61   GameInfo::ResetInfo - SyncLevel set to 0 on reset
21:35:09.61   GameInfo::ResetInfo - SyncLevel set to 0 on reset
21:35:09.61   GameInfo::ResetInfo - SyncLevel set to 0 on reset
21:35:09.61   GameInfo::ResetInfo - SyncLevel set to 0 on reset
21:35:09.61   GameInfo::ResetInfo - SyncLevel set to 0 on reset
21:35:09.61   GameInfo::ResetInfo - SyncLevel set to 0 on reset
21:35:09.61   GameInfo::ResetInfo - SyncLevel set to 0 on reset
21:35:09.61   GameInfo::ResetInfo - SyncLevel set to 0 on reset
21:35:09.61   GameInfo::ResetInfo - SyncLevel set to 0 on reset
21:35:09.61   GameInfo::ResetInfo - SyncLevel set to 0 on reset
21:35:09.61   GameInfo::ResetInfo - SyncLevel set to 0 on reset
21:35:09.61   GameInfo::ResetInfo - SyncLevel set to 0 on reset
21:35:09.61   GameInfo::ResetInfo - SyncLevel set to 0 on reset
21:35:09.61   GameInfo::ResetInfo - SyncLevel set to 0 on reset
21:35:09.61   GameInfo::ResetInfo - SyncLevel set to 0 on reset
21:35:09.61   GameInfo::ResetInfo - SyncLevel set to 0 on reset
21:35:09.61   GameInfo::ResetInfo - SyncLevel set to 0 on reset
21:35:09.61   GameInfo::ResetInfo - SyncLevel set to 0 on reset
21:35:09.61   GameInfo::ResetInfo - SyncLevel set to 0 on reset
21:35:09.61   GameInfo::ResetInfo - SyncLevel set to 0 on reset
21:35:09.61   GameInfo::ResetInfo - SyncLevel set to 0 on reset
21:35:09.61   GameInfo::ResetInfo - SyncLevel set to 0 on reset
21:35:09.61   GameInfo::ResetInfo - SyncLevel set to 0 on reset
21:35:09.61   GameInfo::ResetInfo - SyncLevel set to 0 on reset
21:35:09.61   GameInfo::ResetInfo - SyncLevel set to 0 on reset
21:35:09.61   GameInfo::ResetInfo - SyncLevel set to 0 on reset
21:35:09.61   GameInfo::ResetInfo - SyncLevel set to 0 on reset
21:35:09.62   GameInfo::ResetInfo - SyncLevel set to 0 on reset
21:35:09.62   GameInfo::ResetInfo - SyncLevel set to 0 on reset
21:35:09.62   GameInfo::ResetInfo - SyncLevel set to 0 on reset
21:35:09.62   GameInfo::ResetInfo - SyncLevel set to 0 on reset
21:35:09.62   GameInfo::ResetInfo - SyncLevel set to 0 on reset
21:35:09.62   GameInfo::ResetInfo - SyncLevel set to 0 on reset
21:35:09.62   GameInfo::ResetInfo - SyncLevel set to 0 on reset
21:35:09.62   GameInfo::ResetInfo - SyncLevel set to 0 on reset
21:35:09.62   GameInfo::ResetInfo - SyncLevel set to 0 on reset
21:35:09.62   GameInfo::ResetInfo - SyncLevel set to 0 on reset
21:35:09.62   GameInfo::ResetInfo - SyncLevel set to 0 on reset
21:35:09.62   GameInfo::ResetInfo - SyncLevel set to 0 on reset
21:35:09.62   GameInfo::ResetInfo - SyncLevel set to 0 on reset
21:35:09.62   GameInfo::ResetInfo - SyncLevel set to 0 on reset
21:35:09.62   GameInfo::ResetInfo - SyncLevel set to 0 on reset
21:35:09.62   GameInfo::ResetInfo - SyncLevel set to 0 on reset
21:35:09.62   GameInfo::ResetInfo - SyncLevel set to 0 on reset
21:35:09.62   GameInfo::ResetInfo - SyncLevel set to 0 on reset
21:35:09.62   GameInfo::ResetInfo - SyncLevel set to 0 on reset
21:35:09.62   GameInfo::ResetInfo - SyncLevel set to 0 on reset
21:35:09.62   GameInfo::ResetInfo - SyncLevel set to 0 on reset
21:35:09.62   GameInfo::ResetInfo - SyncLevel set to 0 on reset
21:35:09.62   GameInfo::ResetInfo - SyncLevel set to 0 on reset
21:35:09.62   GameInfo::ResetInfo - SyncLevel set to 0 on reset
21:35:09.63   GameInfo::ResetInfo - SyncLevel set to 0 on reset
21:35:09.63   GameInfo::ResetInfo - SyncLevel set to 0 on reset
21:35:09.63   GameInfo::ResetInfo - SyncLevel set to 0 on reset
21:35:09.63   GameInfo::ResetInfo - SyncLevel set to 0 on reset
21:35:09.63   GameInfo::ResetInfo - SyncLevel set to 0 on reset
21:35:09.63   GameInfo::ResetInfo - SyncLevel set to 0 on reset
21:35:09.63   GameInfo::ResetInfo - SyncLevel set to 0 on reset
21:35:09.63   GameInfo::ResetInfo - SyncLevel set to 0 on reset
21:35:09.63   GameInfo::ResetInfo - SyncLevel set to 0 on reset
21:35:09.63   GameInfo::ResetInfo - SyncLevel set to 0 on reset
21:35:09.63   GameInfo::ResetInfo - SyncLevel set to 0 on reset
21:35:09.63   GameInfo::ResetInfo - SyncLevel set to 0 on reset
21:35:09.63   GameInfo::ResetInfo - SyncLevel set to 0 on reset
21:35:09.63   GameInfo::ResetInfo - SyncLevel set to 0 on reset
21:35:09.63   GameInfo::ResetInfo - SyncLevel set to 0 on reset
21:35:09.63   GameInfo::ResetInfo - SyncLevel set to 0 on reset
21:35:09.63   GameInfo::ResetInfo - SyncLevel set to 0 on reset
21:35:09.63   GameInfo::ResetInfo - SyncLevel set to 0 on reset
21:35:09.63   GameInfo::ResetInfo - SyncLevel set to 0 on reset
21:35:09.63   GameInfo::ResetInfo - SyncLevel set to 0 on reset
21:35:09.63   GameInfo::ResetInfo - SyncLevel set to 0 on reset
21:35:09.63   GameInfo::ResetInfo - SyncLevel set to 0 on reset
21:35:09.63   GameInfo::ResetInfo - SyncLevel set to 0 on reset
21:35:09.63   GameInfo::ResetInfo - SyncLevel set to 0 on reset
21:35:09.64   GameInfo::ResetInfo - SyncLevel set to 0 on reset
21:35:09.64   GameInfo::ResetInfo - SyncLevel set to 0 on reset
21:35:09.64   GameInfo::ResetInfo - SyncLevel set to 0 on reset
21:35:09.64   GameInfo::ResetInfo - SyncLevel set to 0 on reset
21:35:09.64   GameInfo::ResetInfo - SyncLevel set to 0 on reset
21:35:09.64   GameInfo::ResetInfo - SyncLevel set to 0 on reset
21:35:09.64   GameInfo::ResetInfo - SyncLevel set to 0 on reset
21:35:09.64   GameInfo::ResetInfo - SyncLevel set to 0 on reset
21:35:09.64   GameInfo::ResetInfo - SyncLevel set to 0 on reset
21:35:09.64   GameInfo::ResetInfo - SyncLevel set to 0 on reset
21:35:09.64   GameInfo::ResetInfo - SyncLevel set to 0 on reset
21:35:09.64   GameInfo::ResetInfo - SyncLevel set to 0 on reset
21:35:09.64   GameInfo::ResetInfo - SyncLevel set to 0 on reset
21:35:09.64   GameInfo::ResetInfo - SyncLevel set to 0 on reset
21:35:09.64   GameInfo::ResetInfo - SyncLevel set to 0 on reset
21:35:09.64   GameInfo::ResetInfo - SyncLevel set to 0 on reset
21:35:09.64   GameInfo::ResetInfo - SyncLevel set to 0 on reset
21:35:09.64   GameInfo::ResetInfo - SyncLevel set to 0 on reset
21:35:09.64   GameInfo::ResetInfo - SyncLevel set to 0 on reset
21:35:09.64   GameInfo::ResetInfo - SyncLevel set to 0 on reset
21:35:09.64   GameInfo::ResetInfo - SyncLevel set to 0 on reset
21:35:09.64   GameInfo::ResetInfo - SyncLevel set to 0 on reset
21:35:09.64   GameInfo::ResetInfo - SyncLevel set to 0 on reset
21:35:09.64   GameInfo::ResetInfo - SyncLevel set to 0 on reset
21:35:09.65   GameInfo::ResetInfo - SyncLevel set to 0 on reset
21:35:09.65   GameInfo::ResetInfo - SyncLevel set to 0 on reset
21:35:09.65   GameInfo::ResetInfo - SyncLevel set to 0 on reset
21:35:09.65   GameInfo::ResetInfo - SyncLevel set to 0 on reset
21:35:09.65   GameInfo::ResetInfo - SyncLevel set to 0 on reset
21:35:09.65   GameInfo::ResetInfo - SyncLevel set to 0 on reset
21:35:09.65   GameInfo::ResetInfo - SyncLevel set to 0 on reset
21:35:09.65   GameInfo::ResetInfo - SyncLevel set to 0 on reset
21:35:09.65   GameInfo::ResetInfo - SyncLevel set to 0 on reset
21:35:09.65   GameInfo::ResetInfo - SyncLevel set to 0 on reset
21:35:09.65   GameInfo::ResetInfo - SyncLevel set to 0 on reset
21:35:09.65   GameInfo::ResetInfo - SyncLevel set to 0 on reset
21:35:09.65   GameInfo::ResetInfo - SyncLevel set to 0 on reset
21:35:09.65   GameInfo::ResetInfo - SyncLevel set to 0 on reset
21:35:09.65   GameInfo::ResetInfo - SyncLevel set to 0 on reset
21:35:09.65   GameInfo::ResetInfo - SyncLevel set to 0 on reset
21:35:09.65   GameInfo::ResetInfo - SyncLevel set to 0 on reset
21:35:09.65   GameInfo::ResetInfo - SyncLevel set to 0 on reset
21:35:09.65   GameInfo::ResetInfo - SyncLevel set to 0 on reset
21:35:09.65   GameInfo::ResetInfo - SyncLevel set to 0 on reset
21:35:09.65   GameInfo::ResetInfo - SyncLevel set to 0 on reset
21:35:09.65   GameInfo::ResetInfo - SyncLevel set to 0 on reset
21:35:09.65   GameInfo::ResetInfo - SyncLevel set to 0 on reset
21:35:09.65   GameInfo::ResetInfo - SyncLevel set to 0 on reset
21:35:09.65   GameInfo::ResetInfo - SyncLevel set to 0 on reset
21:35:09.65   GameInfo::ResetInfo - SyncLevel set to 0 on reset
21:35:09.66   GameInfo::ResetInfo - SyncLevel set to 0 on reset
21:35:09.66   GameInfo::ResetInfo - SyncLevel set to 0 on reset
21:35:09.66   GameInfo::ResetInfo - SyncLevel set to 0 on reset
21:35:09.66   GameInfo::ResetInfo - SyncLevel set to 0 on reset
21:35:09.66   GameInfo::ResetInfo - SyncLevel set to 0 on reset
21:35:09.66   GameInfo::ResetInfo - SyncLevel set to 0 on reset
21:35:09.66   GAME -- Error reading header for recorded game PLAYBACK:6p_close_river_combat.2018-01-28.00-37-43.rec
21:35:09.66   GameInfo::ResetInfo - SyncLevel set to 0 on reset
21:35:09.66   GameInfo::ResetInfo - SyncLevel set to 0 on reset
21:35:09.66   GAME -- Error reading header for recorded game PLAYBACK:6p_close_river_combat.2018-01-31.23-35-59.rec
21:35:09.66   GameInfo::ResetInfo - SyncLevel set to 0 on reset
21:35:09.66   GameInfo::ResetInfo - SyncLevel set to 0 on reset
21:35:09.66   GameInfo::ResetInfo - SyncLevel set to 0 on reset
21:35:09.66   GameInfo::ResetInfo - SyncLevel set to 0 on reset
21:35:09.66   GameInfo::ResetInfo - SyncLevel set to 0 on reset
21:35:09.66   GameInfo::ResetInfo - SyncLevel set to 0 on reset
21:35:09.66   GameInfo::ResetInfo - SyncLevel set to 0 on reset
21:35:09.66   GameInfo::ResetInfo - SyncLevel set to 0 on reset
21:35:09.66   GameInfo::ResetInfo - SyncLevel set to 0 on reset
21:35:09.66   GameInfo::ResetInfo - SyncLevel set to 0 on reset
21:35:09.66   GameInfo::ResetInfo - SyncLevel set to 0 on reset
21:35:09.66   GameInfo::ResetInfo - SyncLevel set to 0 on reset
21:35:09.66   GameInfo::ResetInfo - SyncLevel set to 0 on reset
21:35:09.66   GameInfo::ResetInfo - SyncLevel set to 0 on reset
21:35:09.66   GameInfo::ResetInfo - SyncLevel set to 0 on reset
21:35:09.66   GameInfo::ResetInfo - SyncLevel set to 0 on reset
21:35:09.66   GameInfo::ResetInfo - SyncLevel set to 0 on reset
21:35:09.66   GameInfo::ResetInfo - SyncLevel set to 0 on reset
21:35:09.66   GameInfo::ResetInfo - SyncLevel set to 0 on reset
21:35:09.66   GameInfo::ResetInfo - SyncLevel set to 0 on reset
21:35:09.66   GameInfo::ResetInfo - SyncLevel set to 0 on reset
21:35:09.67   GameInfo::ResetInfo - SyncLevel set to 0 on reset
21:35:09.67   GameInfo::ResetInfo - SyncLevel set to 0 on reset
21:35:09.67   GameInfo::ResetInfo - SyncLevel set to 0 on reset
21:35:09.67   GameInfo::ResetInfo - SyncLevel set to 0 on reset
21:35:09.67   GameInfo::ResetInfo - SyncLevel set to 0 on reset
21:35:09.67   GameInfo::ResetInfo - SyncLevel set to 0 on reset
21:35:09.67   GameInfo::ResetInfo - SyncLevel set to 0 on reset
21:35:09.67   GameInfo::ResetInfo - SyncLevel set to 0 on reset
21:35:09.67   GameInfo::ResetInfo - SyncLevel set to 0 on reset
21:35:09.67   GameInfo::ResetInfo - SyncLevel set to 0 on reset
21:35:09.67   GameInfo::ResetInfo - SyncLevel set to 0 on reset
21:35:09.67   GameInfo::ResetInfo - SyncLevel set to 0 on reset
21:35:09.67   GameInfo::ResetInfo - SyncLevel set to 0 on reset
21:35:09.67   GameInfo::ResetInfo - SyncLevel set to 0 on reset
21:35:09.67   GameInfo::ResetInfo - SyncLevel set to 0 on reset
21:35:09.67   GameInfo::ResetInfo - SyncLevel set to 0 on reset
21:35:09.67   GameInfo::ResetInfo - SyncLevel set to 0 on reset
21:35:09.67   GameInfo::ResetInfo - SyncLevel set to 0 on reset
21:35:09.67   GameInfo::ResetInfo - SyncLevel set to 0 on reset
21:35:09.67   GameInfo::ResetInfo - SyncLevel set to 0 on reset
21:35:09.67   GameInfo::ResetInfo - SyncLevel set to 0 on reset
21:35:09.67   GameInfo::ResetInfo - SyncLevel set to 0 on reset
21:35:09.67   GameInfo::ResetInfo - SyncLevel set to 0 on reset
21:35:09.67   GameInfo::ResetInfo - SyncLevel set to 0 on reset
21:35:09.68   GameInfo::ResetInfo - SyncLevel set to 0 on reset
21:35:09.68   GameInfo::ResetInfo - SyncLevel set to 0 on reset
21:35:09.68   GameInfo::ResetInfo - SyncLevel set to 0 on reset
21:35:09.68   GameInfo::ResetInfo - SyncLevel set to 0 on reset
21:35:09.68   GameInfo::ResetInfo - SyncLevel set to 0 on reset
21:35:09.68   GameInfo::ResetInfo - SyncLevel set to 0 on reset
21:35:09.68   GameInfo::ResetInfo - SyncLevel set to 0 on reset
21:35:09.68   GameInfo::ResetInfo - SyncLevel set to 0 on reset
21:35:09.68   GameInfo::ResetInfo - SyncLevel set to 0 on reset
21:35:09.68   GameInfo::ResetInfo - SyncLevel set to 0 on reset
21:35:09.68   GameInfo::ResetInfo - SyncLevel set to 0 on reset
21:35:09.68   GameInfo::ResetInfo - SyncLevel set to 0 on reset
21:35:09.68   GameInfo::ResetInfo - SyncLevel set to 0 on reset
21:35:09.68   GameInfo::ResetInfo - SyncLevel set to 0 on reset
21:35:09.68   GameInfo::ResetInfo - SyncLevel set to 0 on reset
21:35:09.68   GameInfo::ResetInfo - SyncLevel set to 0 on reset
21:35:09.68   GameInfo::ResetInfo - SyncLevel set to 0 on reset
21:35:09.68   GameInfo::ResetInfo - SyncLevel set to 0 on reset
21:35:09.68   GameInfo::ResetInfo - SyncLevel set to 0 on reset
21:35:09.68   GameInfo::ResetInfo - SyncLevel set to 0 on reset
21:35:09.68   GameInfo::ResetInfo - SyncLevel set to 0 on reset
21:35:09.68   GameInfo::ResetInfo - SyncLevel set to 0 on reset
21:35:09.68   GameInfo::ResetInfo - SyncLevel set to 0 on reset
21:35:09.68   GameInfo::ResetInfo - SyncLevel set to 0 on reset
21:35:09.68   GameInfo::ResetInfo - SyncLevel set to 0 on reset
21:35:09.68   GameInfo::ResetInfo - SyncLevel set to 0 on reset
21:35:09.68   GameInfo::ResetInfo - SyncLevel set to 0 on reset
21:35:09.68   GameInfo::ResetInfo - SyncLevel set to 0 on reset
21:35:09.68   GameInfo::ResetInfo - SyncLevel set to 0 on reset
21:35:09.68   GameInfo::ResetInfo - SyncLevel set to 0 on reset
21:35:09.69   GameInfo::ResetInfo - SyncLevel set to 0 on reset
21:35:09.69   GameInfo::ResetInfo - SyncLevel set to 0 on reset
21:35:09.69   GameInfo::ResetInfo - SyncLevel set to 0 on reset
21:35:09.69   GameInfo::ResetInfo - SyncLevel set to 0 on reset
21:35:09.69   GameInfo::ResetInfo - SyncLevel set to 0 on reset
21:35:09.69   GameInfo::ResetInfo - SyncLevel set to 0 on reset
21:35:09.69   GameInfo::ResetInfo - SyncLevel set to 0 on reset
21:35:09.69   GameInfo::ResetInfo - SyncLevel set to 0 on reset
21:35:09.69   GameInfo::ResetInfo - SyncLevel set to 0 on reset
21:35:09.69   GameInfo::ResetInfo - SyncLevel set to 0 on reset
21:35:09.69   GameInfo::ResetInfo - SyncLevel set to 0 on reset
21:35:09.69   GameInfo::ResetInfo - SyncLevel set to 0 on reset
21:35:09.69   GameInfo::ResetInfo - SyncLevel set to 0 on reset
21:35:09.69   GameInfo::ResetInfo - SyncLevel set to 0 on reset
21:35:09.69   GameInfo::ResetInfo - SyncLevel set to 0 on reset
21:35:09.69   GameInfo::ResetInfo - SyncLevel set to 0 on reset
21:35:09.69   GameInfo::ResetInfo - SyncLevel set to 0 on reset
21:35:09.69   GameInfo::ResetInfo - SyncLevel set to 0 on reset
21:35:09.69   GameInfo::ResetInfo - SyncLevel set to 0 on reset
21:35:09.69   GameInfo::ResetInfo - SyncLevel set to 0 on reset
21:35:09.69   GameInfo::ResetInfo - SyncLevel set to 0 on reset
21:35:09.69   GameInfo::ResetInfo - SyncLevel set to 0 on reset
21:35:09.69   GameInfo::ResetInfo - SyncLevel set to 0 on reset
21:35:09.69   GameInfo::ResetInfo - SyncLevel set to 0 on reset
21:35:09.69   GameInfo::ResetInfo - SyncLevel set to 0 on reset
21:35:09.69   GameInfo::ResetInfo - SyncLevel set to 0 on reset
21:35:09.69   GameInfo::ResetInfo - SyncLevel set to 0 on reset
21:35:09.69   GameInfo::ResetInfo - SyncLevel set to 0 on reset
21:35:09.69   GameInfo::ResetInfo - SyncLevel set to 0 on reset
21:35:09.69   GameInfo::ResetInfo - SyncLevel set to 0 on reset
21:35:09.70   GameInfo::ResetInfo - SyncLevel set to 0 on reset
21:35:09.70   GameInfo::ResetInfo - SyncLevel set to 0 on reset
21:35:09.70   GameInfo::ResetInfo - SyncLevel set to 0 on reset
21:35:09.70   GameInfo::ResetInfo - SyncLevel set to 0 on reset
21:35:09.70   GameInfo::ResetInfo - SyncLevel set to 0 on reset
21:35:09.70   GameInfo::ResetInfo - SyncLevel set to 0 on reset
21:35:09.70   GameInfo::ResetInfo - SyncLevel set to 0 on reset
21:35:09.70   GameInfo::ResetInfo - SyncLevel set to 0 on reset
21:35:09.70   GameInfo::ResetInfo - SyncLevel set to 0 on reset
21:35:09.70   GameInfo::ResetInfo - SyncLevel set to 0 on reset
21:35:09.70   GameInfo::ResetInfo - SyncLevel set to 0 on reset
21:35:09.70   GameInfo::ResetInfo - SyncLevel set to 0 on reset
21:35:09.70   GameInfo::ResetInfo - SyncLevel set to 0 on reset
21:35:09.70   GameInfo::ResetInfo - SyncLevel set to 0 on reset
21:35:09.70   GameInfo::ResetInfo - SyncLevel set to 0 on reset
21:35:09.70   GameInfo::ResetInfo - SyncLevel set to 0 on reset
21:35:09.70   GameInfo::ResetInfo - SyncLevel set to 0 on reset
21:35:09.70   GameInfo::ResetInfo - SyncLevel set to 0 on reset
21:35:09.70   GameInfo::ResetInfo - SyncLevel set to 0 on reset
21:35:09.70   GameInfo::ResetInfo - SyncLevel set to 0 on reset
21:35:09.70   GameInfo::ResetInfo - SyncLevel set to 0 on reset
21:35:09.70   GameInfo::ResetInfo - SyncLevel set to 0 on reset
21:35:09.70   GameInfo::ResetInfo - SyncLevel set to 0 on reset
21:35:09.70   GameInfo::ResetInfo - SyncLevel set to 0 on reset
21:35:09.70   GameInfo::ResetInfo - SyncLevel set to 0 on reset
21:35:09.70   GameInfo::ResetInfo - SyncLevel set to 0 on reset
21:35:09.70   GameInfo::ResetInfo - SyncLevel set to 0 on reset
21:35:09.70   GameInfo::ResetInfo - SyncLevel set to 0 on reset
21:35:09.70   GameInfo::ResetInfo - SyncLevel set to 0 on reset
21:35:09.70   GameInfo::ResetInfo - SyncLevel set to 0 on reset
21:35:09.71   GameInfo::ResetInfo - SyncLevel set to 0 on reset
21:35:09.71   GameInfo::ResetInfo - SyncLevel set to 0 on reset
21:35:09.71   GameInfo::ResetInfo - SyncLevel set to 0 on reset
21:35:09.71   GameInfo::ResetInfo - SyncLevel set to 0 on reset
21:35:09.71   GameInfo::ResetInfo - SyncLevel set to 0 on reset
21:35:09.71   GameInfo::ResetInfo - SyncLevel set to 0 on reset
21:35:09.71   GameInfo::ResetInfo - SyncLevel set to 0 on reset
21:35:09.71   GameInfo::ResetInfo - SyncLevel set to 0 on reset
21:35:09.71   GameInfo::ResetInfo - SyncLevel set to 0 on reset
21:35:09.71   GameInfo::ResetInfo - SyncLevel set to 0 on reset
21:35:09.71   GameInfo::ResetInfo - SyncLevel set to 0 on reset
21:35:09.71   GameInfo::ResetInfo - SyncLevel set to 0 on reset
21:35:09.71   GameInfo::ResetInfo - SyncLevel set to 0 on reset
21:35:09.71   GameInfo::ResetInfo - SyncLevel set to 0 on reset
21:35:09.71   GameInfo::ResetInfo - SyncLevel set to 0 on reset
21:35:09.71   GameInfo::ResetInfo - SyncLevel set to 0 on reset
21:35:09.71   GameInfo::ResetInfo - SyncLevel set to 0 on reset
21:35:09.71   GameInfo::ResetInfo - SyncLevel set to 0 on reset
21:35:09.71   GameInfo::ResetInfo - SyncLevel set to 0 on reset
21:35:09.71   GameInfo::ResetInfo - SyncLevel set to 0 on reset
21:35:09.71   GameInfo::ResetInfo - SyncLevel set to 0 on reset
21:35:09.71   GameInfo::ResetInfo - SyncLevel set to 0 on reset
21:35:09.71   GameInfo::ResetInfo - SyncLevel set to 0 on reset
21:35:09.71   GameInfo::ResetInfo - SyncLevel set to 0 on reset
21:35:09.71   GameInfo::ResetInfo - SyncLevel set to 0 on reset
21:35:09.71   GameInfo::ResetInfo - SyncLevel set to 0 on reset
21:35:09.71   GameInfo::ResetInfo - SyncLevel set to 0 on reset
21:35:09.72   GameInfo::ResetInfo - SyncLevel set to 0 on reset
21:35:09.72   GameInfo::ResetInfo - SyncLevel set to 0 on reset
21:35:09.72   GameInfo::ResetInfo - SyncLevel set to 0 on reset
21:35:09.72   GameInfo::ResetInfo - SyncLevel set to 0 on reset
21:35:09.72   GameInfo::ResetInfo - SyncLevel set to 0 on reset
21:35:09.72   GameInfo::ResetInfo - SyncLevel set to 0 on reset
21:35:09.72   GameInfo::ResetInfo - SyncLevel set to 0 on reset
21:35:09.72   GameInfo::ResetInfo - SyncLevel set to 0 on reset
21:35:09.72   GameInfo::ResetInfo - SyncLevel set to 0 on reset
21:35:09.72   GameInfo::ResetInfo - SyncLevel set to 0 on reset
21:35:09.72   GameInfo::ResetInfo - SyncLevel set to 0 on reset
21:35:09.72   GameInfo::ResetInfo - SyncLevel set to 0 on reset
21:35:09.72   GameInfo::ResetInfo - SyncLevel set to 0 on reset
21:35:09.72   GameInfo::ResetInfo - SyncLevel set to 0 on reset
21:35:09.72   GameInfo::ResetInfo - SyncLevel set to 0 on reset
21:35:09.72   GameInfo::ResetInfo - SyncLevel set to 0 on reset
21:35:09.72   GameInfo::ResetInfo - SyncLevel set to 0 on reset
21:35:09.72   GameInfo::ResetInfo - SyncLevel set to 0 on reset
21:35:09.72   GameInfo::ResetInfo - SyncLevel set to 0 on reset
21:35:09.72   GameInfo::ResetInfo - SyncLevel set to 0 on reset
21:35:09.72   GameInfo::ResetInfo - SyncLevel set to 0 on reset
21:35:09.72   GameInfo::ResetInfo - SyncLevel set to 0 on reset
21:35:09.72   GameInfo::ResetInfo - SyncLevel set to 0 on reset
21:35:09.72   GameInfo::ResetInfo - SyncLevel set to 0 on reset
21:35:09.72   GameInfo::ResetInfo - SyncLevel set to 0 on reset
21:35:09.72   GameInfo::ResetInfo - SyncLevel set to 0 on reset
21:35:09.72   GameInfo::ResetInfo - SyncLevel set to 0 on reset
21:35:09.73   GameInfo::ResetInfo - SyncLevel set to 0 on reset
21:35:09.73   GameInfo::ResetInfo - SyncLevel set to 0 on reset
21:35:09.73   GameInfo::ResetInfo - SyncLevel set to 0 on reset
21:35:09.73   GameInfo::ResetInfo - SyncLevel set to 0 on reset
21:35:09.73   GameInfo::ResetInfo - SyncLevel set to 0 on reset
21:35:09.73   GameInfo::ResetInfo - SyncLevel set to 0 on reset
21:35:09.73   GameInfo::ResetInfo - SyncLevel set to 0 on reset
21:35:09.73   GameInfo::ResetInfo - SyncLevel set to 0 on reset
21:35:09.73   GameInfo::ResetInfo - SyncLevel set to 0 on reset
21:35:09.73   GameInfo::ResetInfo - SyncLevel set to 0 on reset
21:35:09.73   GameInfo::ResetInfo - SyncLevel set to 0 on reset
21:35:09.73   GameInfo::ResetInfo - SyncLevel set to 0 on reset
21:35:09.73   GameInfo::ResetInfo - SyncLevel set to 0 on reset
21:35:09.73   GameInfo::ResetInfo - SyncLevel set to 0 on reset
21:35:09.73   GameInfo::ResetInfo - SyncLevel set to 0 on reset
21:35:09.73   GameInfo::ResetInfo - SyncLevel set to 0 on reset
21:35:09.73   GameInfo::ResetInfo - SyncLevel set to 0 on reset
21:35:09.73   GameInfo::ResetInfo - SyncLevel set to 0 on reset
21:35:09.73   GameInfo::ResetInfo - SyncLevel set to 0 on reset
21:35:09.73   GameInfo::ResetInfo - SyncLevel set to 0 on reset
21:35:09.73   GameInfo::ResetInfo - SyncLevel set to 0 on reset
21:35:09.73   GameInfo::ResetInfo - SyncLevel set to 0 on reset
21:35:09.73   GameInfo::ResetInfo - SyncLevel set to 0 on reset
21:35:09.73   GameInfo::ResetInfo - SyncLevel set to 0 on reset
21:35:09.73   GameInfo::ResetInfo - SyncLevel set to 0 on reset
21:35:09.73   GameInfo::ResetInfo - SyncLevel set to 0 on reset
21:35:09.73   GameInfo::ResetInfo - SyncLevel set to 0 on reset
21:35:09.73   GameInfo::ResetInfo - SyncLevel set to 0 on reset
21:35:09.73   GameInfo::ResetInfo - SyncLevel set to 0 on reset
21:35:09.73   GameInfo::ResetInfo - SyncLevel set to 0 on reset
21:35:09.74   GameInfo::ResetInfo - SyncLevel set to 0 on reset
21:35:09.74   GameInfo::ResetInfo - SyncLevel set to 0 on reset
21:35:09.74   GameInfo::ResetInfo - SyncLevel set to 0 on reset
21:35:09.74   GameInfo::ResetInfo - SyncLevel set to 0 on reset
21:35:09.74   GameInfo::ResetInfo - SyncLevel set to 0 on reset
21:35:09.74   GameInfo::ResetInfo - SyncLevel set to 0 on reset
21:35:09.74   GameInfo::ResetInfo - SyncLevel set to 0 on reset
21:35:09.74   GameInfo::ResetInfo - SyncLevel set to 0 on reset
21:35:09.74   GameInfo::ResetInfo - SyncLevel set to 0 on reset
21:35:09.74   GameInfo::ResetInfo - SyncLevel set to 0 on reset
21:35:09.74   GameInfo::ResetInfo - SyncLevel set to 0 on reset
21:35:09.74   GameInfo::ResetInfo - SyncLevel set to 0 on reset
21:35:09.74   GameInfo::ResetInfo - SyncLevel set to 0 on reset
21:35:09.74   GameInfo::ResetInfo - SyncLevel set to 0 on reset
21:35:09.74   GameInfo::ResetInfo - SyncLevel set to 0 on reset
21:35:09.74   GameInfo::ResetInfo - SyncLevel set to 0 on reset
21:35:09.74   GameInfo::ResetInfo - SyncLevel set to 0 on reset
21:35:09.74   GameInfo::ResetInfo - SyncLevel set to 0 on reset
21:35:09.74   GameInfo::ResetInfo - SyncLevel set to 0 on reset
21:35:09.74   GameInfo::ResetInfo - SyncLevel set to 0 on reset
21:35:09.74   GameInfo::ResetInfo - SyncLevel set to 0 on reset
21:35:09.74   GameInfo::ResetInfo - SyncLevel set to 0 on reset
21:35:09.74   GameInfo::ResetInfo - SyncLevel set to 0 on reset
21:35:09.74   GameInfo::ResetInfo - SyncLevel set to 0 on reset
21:35:09.74   GameInfo::ResetInfo - SyncLevel set to 0 on reset
21:35:09.74   GameInfo::ResetInfo - SyncLevel set to 0 on reset
21:35:09.74   GameInfo::ResetInfo - SyncLevel set to 0 on reset
21:35:09.74   GameInfo::ResetInfo - SyncLevel set to 0 on reset
21:35:09.74   GameInfo::ResetInfo - SyncLevel set to 0 on reset
21:35:09.74   GameInfo::ResetInfo - SyncLevel set to 0 on reset
21:35:09.75   GameInfo::ResetInfo - SyncLevel set to 0 on reset
21:35:09.75   GameInfo::ResetInfo - SyncLevel set to 0 on reset
21:35:09.75   GameInfo::ResetInfo - SyncLevel set to 0 on reset
21:35:09.75   GameInfo::ResetInfo - SyncLevel set to 0 on reset
21:35:09.75   GameInfo::ResetInfo - SyncLevel set to 0 on reset
21:35:09.75   GameInfo::ResetInfo - SyncLevel set to 0 on reset
21:35:09.75   GameInfo::ResetInfo - SyncLevel set to 0 on reset
21:35:09.75   GameInfo::ResetInfo - SyncLevel set to 0 on reset
21:35:09.75   GameInfo::ResetInfo - SyncLevel set to 0 on reset
21:35:09.75   GameInfo::ResetInfo - SyncLevel set to 0 on reset
21:35:09.75   GameInfo::ResetInfo - SyncLevel set to 0 on reset
21:35:09.75   GameInfo::ResetInfo - SyncLevel set to 0 on reset
21:35:09.75   GameInfo::ResetInfo - SyncLevel set to 0 on reset
21:35:09.75   GameInfo::ResetInfo - SyncLevel set to 0 on reset
21:35:09.75   GameInfo::ResetInfo - SyncLevel set to 0 on reset
21:35:09.75   GameInfo::ResetInfo - SyncLevel set to 0 on reset
21:35:09.75   GameInfo::ResetInfo - SyncLevel set to 0 on reset
21:35:09.75   GameInfo::ResetInfo - SyncLevel set to 0 on reset
21:35:09.75   GameInfo::ResetInfo - SyncLevel set to 0 on reset
21:35:09.75   GameInfo::ResetInfo - SyncLevel set to 0 on reset
21:35:09.75   GameInfo::ResetInfo - SyncLevel set to 0 on reset
21:35:09.75   GAME -- Error reading header for recorded game PLAYBACK:8P SEMOIS REMASTERED 07.2021-03-27.02-50-45.rec
21:35:09.75   GameInfo::ResetInfo - SyncLevel set to 0 on reset
21:35:09.75   GameInfo::ResetInfo - SyncLevel set to 0 on reset
21:35:09.75   GameInfo::ResetInfo - SyncLevel set to 0 on reset
21:35:09.75   GAME -- Error reading header for recorded game PLAYBACK:8P SEMOIS REMASTERED 07.2021-03-27.03-39-59.rec
21:35:09.75   GameInfo::ResetInfo - SyncLevel set to 0 on reset
21:35:09.75   GameInfo::ResetInfo - SyncLevel set to 0 on reset
21:35:09.75   GameInfo::ResetInfo - SyncLevel set to 0 on reset
21:35:09.75   GAME -- Error reading header for recorded game PLAYBACK:8P SEMOIS REMASTERED 07.2021-03-31.03-23-44.rec
21:35:09.75   GameInfo::ResetInfo - SyncLevel set to 0 on reset
21:35:09.75   GameInfo::ResetInfo - SyncLevel set to 0 on reset
21:35:09.75   GameInfo::ResetInfo - SyncLevel set to 0 on reset
21:35:09.75   GAME -- Error reading header for recorded game PLAYBACK:8P SEMOIS REMASTERED 07.2021-04-28.02-52-08.rec
21:35:09.75   GameInfo::ResetInfo - SyncLevel set to 0 on reset
21:35:09.75   GameInfo::ResetInfo - SyncLevel set to 0 on reset
21:35:09.75   GameInfo::ResetInfo - SyncLevel set to 0 on reset
21:35:09.75   GAME -- Error reading header for recorded game PLAYBACK:8P_CLOSE_RIVER_COMBAT.2018-01-08.20-06-29.rec
21:35:09.75   GameInfo::ResetInfo - SyncLevel set to 0 on reset
21:35:09.75   GameInfo::ResetInfo - SyncLevel set to 0 on reset
21:35:09.75   GameInfo::ResetInfo - SyncLevel set to 0 on reset
21:35:09.76   GameInfo::ResetInfo - SyncLevel set to 0 on reset
21:35:09.76   GameInfo::ResetInfo - SyncLevel set to 0 on reset
21:35:09.76   GameInfo::ResetInfo - SyncLevel set to 0 on reset
21:35:09.76   GameInfo::ResetInfo - SyncLevel set to 0 on reset
21:35:09.76   GameInfo::ResetInfo - SyncLevel set to 0 on reset
21:35:09.76   GameInfo::ResetInfo - SyncLevel set to 0 on reset
21:35:09.76   GameInfo::ResetInfo - SyncLevel set to 0 on reset
21:35:09.76   GameInfo::ResetInfo - SyncLevel set to 0 on reset
21:35:09.76   GameInfo::ResetInfo - SyncLevel set to 0 on reset
21:35:09.76   GameInfo::ResetInfo - SyncLevel set to 0 on reset
21:35:09.76   GameInfo::ResetInfo - SyncLevel set to 0 on reset
21:35:09.76   GameInfo::ResetInfo - SyncLevel set to 0 on reset
21:35:09.76   GameInfo::ResetInfo - SyncLevel set to 0 on reset
21:35:09.76   GameInfo::ResetInfo - SyncLevel set to 0 on reset
21:35:09.76   GameInfo::ResetInfo - SyncLevel set to 0 on reset
21:35:09.76   GameInfo::ResetInfo - SyncLevel set to 0 on reset
21:35:09.76   GameInfo::ResetInfo - SyncLevel set to 0 on reset
21:35:09.76   GameInfo::ResetInfo - SyncLevel set to 0 on reset
21:35:09.76   GameInfo::ResetInfo - SyncLevel set to 0 on reset
21:35:09.76   GameInfo::ResetInfo - SyncLevel set to 0 on reset
21:35:09.76   GameInfo::ResetInfo - SyncLevel set to 0 on reset
21:35:09.76   GameInfo::ResetInfo - SyncLevel set to 0 on reset
21:35:09.76   GameInfo::ResetInfo - SyncLevel set to 0 on reset
21:35:09.76   GameInfo::ResetInfo - SyncLevel set to 0 on reset
21:35:09.77   GameInfo::ResetInfo - SyncLevel set to 0 on reset
21:35:09.77   GameInfo::ResetInfo - SyncLevel set to 0 on reset
21:35:09.77   GameInfo::ResetInfo - SyncLevel set to 0 on reset
21:35:09.77   GameInfo::ResetInfo - SyncLevel set to 0 on reset
21:35:09.77   GameInfo::ResetInfo - SyncLevel set to 0 on reset
21:35:09.77   GameInfo::ResetInfo - SyncLevel set to 0 on reset
21:35:09.77   GameInfo::ResetInfo - SyncLevel set to 0 on reset
21:35:09.77   GameInfo::ResetInfo - SyncLevel set to 0 on reset
21:35:09.77   GameInfo::ResetInfo - SyncLevel set to 0 on reset
21:35:09.77   GameInfo::ResetInfo - SyncLevel set to 0 on reset
21:35:09.77   GameInfo::ResetInfo - SyncLevel set to 0 on reset
21:35:09.77   GameInfo::ResetInfo - SyncLevel set to 0 on reset
21:35:09.77   GameInfo::ResetInfo - SyncLevel set to 0 on reset
21:35:09.77   GameInfo::ResetInfo - SyncLevel set to 0 on reset
21:35:09.77   GameInfo::ResetInfo - SyncLevel set to 0 on reset
21:35:09.77   GameInfo::ResetInfo - SyncLevel set to 0 on reset
21:35:09.77   GameInfo::ResetInfo - SyncLevel set to 0 on reset
21:35:09.77   GameInfo::ResetInfo - SyncLevel set to 0 on reset
21:35:09.77   GameInfo::ResetInfo - SyncLevel set to 0 on reset
21:35:09.77   GameInfo::ResetInfo - SyncLevel set to 0 on reset
21:35:09.77   GameInfo::ResetInfo - SyncLevel set to 0 on reset
21:35:09.77   GameInfo::ResetInfo - SyncLevel set to 0 on reset
21:35:09.77   GameInfo::ResetInfo - SyncLevel set to 0 on reset
21:35:09.77   GameInfo::ResetInfo - SyncLevel set to 0 on reset
21:35:09.77   GameInfo::ResetInfo - SyncLevel set to 0 on reset
21:35:09.77   GameInfo::ResetInfo - SyncLevel set to 0 on reset
21:35:09.77   GameInfo::ResetInfo - SyncLevel set to 0 on reset
21:35:09.78   GameInfo::ResetInfo - SyncLevel set to 0 on reset
21:35:09.78   GameInfo::ResetInfo - SyncLevel set to 0 on reset
21:35:09.78   GameInfo::ResetInfo - SyncLevel set to 0 on reset
21:35:09.78   GameInfo::ResetInfo - SyncLevel set to 0 on reset
21:35:09.78   GameInfo::ResetInfo - SyncLevel set to 0 on reset
21:35:09.78   GameInfo::ResetInfo - SyncLevel set to 0 on reset
21:35:09.78   GameInfo::ResetInfo - SyncLevel set to 0 on reset
21:35:09.78   GameInfo::ResetInfo - SyncLevel set to 0 on reset
21:35:09.78   GameInfo::ResetInfo - SyncLevel set to 0 on reset
21:35:09.78   GameInfo::ResetInfo - SyncLevel set to 0 on reset
21:35:09.78   GameInfo::ResetInfo - SyncLevel set to 0 on reset
21:35:09.78   GameInfo::ResetInfo - SyncLevel set to 0 on reset
21:35:09.78   GameInfo::ResetInfo - SyncLevel set to 0 on reset
21:35:09.78   GameInfo::ResetInfo - SyncLevel set to 0 on reset
21:35:09.78   GameInfo::ResetInfo - SyncLevel set to 0 on reset
21:35:09.78   GameInfo::ResetInfo - SyncLevel set to 0 on reset
21:35:09.78   GameInfo::ResetInfo - SyncLevel set to 0 on reset
21:35:09.78   GameInfo::ResetInfo - SyncLevel set to 0 on reset
21:35:09.78   GameInfo::ResetInfo - SyncLevel set to 0 on reset
21:35:09.78   GameInfo::ResetInfo - SyncLevel set to 0 on reset
21:35:09.78   GameInfo::ResetInfo - SyncLevel set to 0 on reset
21:35:09.78   GameInfo::ResetInfo - SyncLevel set to 0 on reset
21:35:09.78   GameInfo::ResetInfo - SyncLevel set to 0 on reset
21:35:09.78   GameInfo::ResetInfo - SyncLevel set to 0 on reset
21:35:09.78   GameInfo::ResetInfo - SyncLevel set to 0 on reset
21:35:09.78   GameInfo::ResetInfo - SyncLevel set to 0 on reset
21:35:09.78   GameInfo::ResetInfo - SyncLevel set to 0 on reset
21:35:09.78   GameInfo::ResetInfo - SyncLevel set to 0 on reset
21:35:09.79   GameInfo::ResetInfo - SyncLevel set to 0 on reset
21:35:09.79   GameInfo::ResetInfo - SyncLevel set to 0 on reset
21:35:09.79   GameInfo::ResetInfo - SyncLevel set to 0 on reset
21:35:09.79   GameInfo::ResetInfo - SyncLevel set to 0 on reset
21:35:09.79   GameInfo::ResetInfo - SyncLevel set to 0 on reset
21:35:09.79   GameInfo::ResetInfo - SyncLevel set to 0 on reset
21:35:09.79   GameInfo::ResetInfo - SyncLevel set to 0 on reset
21:35:09.79   GameInfo::ResetInfo - SyncLevel set to 0 on reset
21:35:09.79   GameInfo::ResetInfo - SyncLevel set to 0 on reset
21:35:09.79   GameInfo::ResetInfo - SyncLevel set to 0 on reset
21:35:09.79   GameInfo::ResetInfo - SyncLevel set to 0 on reset
21:35:09.79   GameInfo::ResetInfo - SyncLevel set to 0 on reset
21:35:09.79   GameInfo::ResetInfo - SyncLevel set to 0 on reset
21:35:09.79   GameInfo::ResetInfo - SyncLevel set to 0 on reset
21:35:09.79   GameInfo::ResetInfo - SyncLevel set to 0 on reset
21:35:09.79   GameInfo::ResetInfo - SyncLevel set to 0 on reset
21:35:09.79   GameInfo::ResetInfo - SyncLevel set to 0 on reset
21:35:09.79   GameInfo::ResetInfo - SyncLevel set to 0 on reset
21:35:09.79   GameInfo::ResetInfo - SyncLevel set to 0 on reset
21:35:09.79   GameInfo::ResetInfo - SyncLevel set to 0 on reset
21:35:09.79   GameInfo::ResetInfo - SyncLevel set to 0 on reset
21:35:09.79   GameInfo::ResetInfo - SyncLevel set to 0 on reset
21:35:09.79   GameInfo::ResetInfo - SyncLevel set to 0 on reset
21:35:09.80   GameInfo::ResetInfo - SyncLevel set to 0 on reset
21:35:09.80   GameInfo::ResetInfo - SyncLevel set to 0 on reset
21:35:09.80   GameInfo::ResetInfo - SyncLevel set to 0 on reset
21:35:09.80   GameInfo::ResetInfo - SyncLevel set to 0 on reset
21:35:09.80   GameInfo::ResetInfo - SyncLevel set to 0 on reset
21:35:09.80   GameInfo::ResetInfo - SyncLevel set to 0 on reset
21:35:09.80   GameInfo::ResetInfo - SyncLevel set to 0 on reset
21:35:09.80   GameInfo::ResetInfo - SyncLevel set to 0 on reset
21:35:09.80   GameInfo::ResetInfo - SyncLevel set to 0 on reset
21:35:09.80   GameInfo::ResetInfo - SyncLevel set to 0 on reset
21:35:09.80   GameInfo::ResetInfo - SyncLevel set to 0 on reset
21:35:09.80   GameInfo::ResetInfo - SyncLevel set to 0 on reset
21:35:09.80   GameInfo::ResetInfo - SyncLevel set to 0 on reset
21:35:09.80   GameInfo::ResetInfo - SyncLevel set to 0 on reset
21:35:09.80   GameInfo::ResetInfo - SyncLevel set to 0 on reset
21:35:09.80   GameInfo::ResetInfo - SyncLevel set to 0 on reset
21:35:09.80   GameInfo::ResetInfo - SyncLevel set to 0 on reset
21:35:09.80   GameInfo::ResetInfo - SyncLevel set to 0 on reset
21:35:09.80   GameInfo::ResetInfo - SyncLevel set to 0 on reset
21:35:09.80   GameInfo::ResetInfo - SyncLevel set to 0 on reset
21:35:09.80   GameInfo::ResetInfo - SyncLevel set to 0 on reset
21:35:09.81   GameInfo::ResetInfo - SyncLevel set to 0 on reset
21:35:09.81   GameInfo::ResetInfo - SyncLevel set to 0 on reset
21:35:09.81   GameInfo::ResetInfo - SyncLevel set to 0 on reset
21:35:09.81   GameInfo::ResetInfo - SyncLevel set to 0 on reset
21:35:09.81   GameInfo::ResetInfo - SyncLevel set to 0 on reset
21:35:09.81   GameInfo::ResetInfo - SyncLevel set to 0 on reset
21:35:09.81   GameInfo::ResetInfo - SyncLevel set to 0 on reset
21:35:09.81   GameInfo::ResetInfo - SyncLevel set to 0 on reset
21:35:09.81   GameInfo::ResetInfo - SyncLevel set to 0 on reset
21:35:09.81   GameInfo::ResetInfo - SyncLevel set to 0 on reset
21:35:09.81   GameInfo::ResetInfo - SyncLevel set to 0 on reset
21:35:09.81   GameInfo::ResetInfo - SyncLevel set to 0 on reset
21:35:09.81   GameInfo::ResetInfo - SyncLevel set to 0 on reset
21:35:09.81   GameInfo::ResetInfo - SyncLevel set to 0 on reset
21:35:09.81   GameInfo::ResetInfo - SyncLevel set to 0 on reset
21:35:09.81   GameInfo::ResetInfo - SyncLevel set to 0 on reset
21:35:09.81   GameInfo::ResetInfo - SyncLevel set to 0 on reset
21:35:09.82   GameInfo::ResetInfo - SyncLevel set to 0 on reset
21:35:09.82   GameInfo::ResetInfo - SyncLevel set to 0 on reset
21:35:09.82   GameInfo::ResetInfo - SyncLevel set to 0 on reset
21:35:09.82   GameInfo::ResetInfo - SyncLevel set to 0 on reset
21:35:09.82   GameInfo::ResetInfo - SyncLevel set to 0 on reset
21:35:09.82   GameInfo::ResetInfo - SyncLevel set to 0 on reset
21:35:09.82   GameInfo::ResetInfo - SyncLevel set to 0 on reset
21:35:09.82   GameInfo::ResetInfo - SyncLevel set to 0 on reset
21:35:09.82   GameInfo::ResetInfo - SyncLevel set to 0 on reset
21:35:09.82   GameInfo::ResetInfo - SyncLevel set to 0 on reset
21:35:09.82   GameInfo::ResetInfo - SyncLevel set to 0 on reset
21:35:09.82   GameInfo::ResetInfo - SyncLevel set to 0 on reset
21:35:09.82   GameInfo::ResetInfo - SyncLevel set to 0 on reset
21:35:09.82   GameInfo::ResetInfo - SyncLevel set to 0 on reset
21:35:09.82   GameInfo::ResetInfo - SyncLevel set to 0 on reset
21:35:09.82   GameInfo::ResetInfo - SyncLevel set to 0 on reset
21:35:09.82   GameInfo::ResetInfo - SyncLevel set to 0 on reset
21:35:09.82   GameInfo::ResetInfo - SyncLevel set to 0 on reset
21:35:09.82   GameInfo::ResetInfo - SyncLevel set to 0 on reset
21:35:09.82   GameInfo::ResetInfo - SyncLevel set to 0 on reset
21:35:09.82   GameInfo::ResetInfo - SyncLevel set to 0 on reset
21:35:09.82   GameInfo::ResetInfo - SyncLevel set to 0 on reset
21:35:09.82   GameInfo::ResetInfo - SyncLevel set to 0 on reset
21:35:09.82   GameInfo::ResetInfo - SyncLevel set to 0 on reset
21:35:09.82   GameInfo::ResetInfo - SyncLevel set to 0 on reset
21:35:09.82   GameInfo::ResetInfo - SyncLevel set to 0 on reset
21:35:09.82   GameInfo::ResetInfo - SyncLevel set to 0 on reset
21:35:09.82   GameInfo::ResetInfo - SyncLevel set to 0 on reset
21:35:09.83   GameInfo::ResetInfo - SyncLevel set to 0 on reset
21:35:09.83   GameInfo::ResetInfo - SyncLevel set to 0 on reset
21:35:09.83   GameInfo::ResetInfo - SyncLevel set to 0 on reset
21:35:09.83   GameInfo::ResetInfo - SyncLevel set to 0 on reset
21:35:09.83   GameInfo::ResetInfo - SyncLevel set to 0 on reset
21:35:09.83   GameInfo::ResetInfo - SyncLevel set to 0 on reset
21:35:09.83   GameInfo::ResetInfo - SyncLevel set to 0 on reset
21:35:09.83   GameInfo::ResetInfo - SyncLevel set to 0 on reset
21:35:09.83   GameInfo::ResetInfo - SyncLevel set to 0 on reset
21:35:09.83   GameInfo::ResetInfo - SyncLevel set to 0 on reset
21:35:09.83   GameInfo::ResetInfo - SyncLevel set to 0 on reset
21:35:09.83   GameInfo::ResetInfo - SyncLevel set to 0 on reset
21:35:09.83   GameInfo::ResetInfo - SyncLevel set to 0 on reset
21:35:09.83   GameInfo::ResetInfo - SyncLevel set to 0 on reset
21:35:09.83   GameInfo::ResetInfo - SyncLevel set to 0 on reset
21:35:09.83   GameInfo::ResetInfo - SyncLevel set to 0 on reset
21:35:09.83   GameInfo::ResetInfo - SyncLevel set to 0 on reset
21:35:09.83   GameInfo::ResetInfo - SyncLevel set to 0 on reset
21:35:09.83   GameInfo::ResetInfo - SyncLevel set to 0 on reset
21:35:09.83   GameInfo::ResetInfo - SyncLevel set to 0 on reset
21:35:09.83   GameInfo::ResetInfo - SyncLevel set to 0 on reset
21:35:09.83   GameInfo::ResetInfo - SyncLevel set to 0 on reset
21:35:09.83   GameInfo::ResetInfo - SyncLevel set to 0 on reset
21:35:09.83   GameInfo::ResetInfo - SyncLevel set to 0 on reset
21:35:09.83   GameInfo::ResetInfo - SyncLevel set to 0 on reset
21:35:09.83   GameInfo::ResetInfo - SyncLevel set to 0 on reset
21:35:09.83   GameInfo::ResetInfo - SyncLevel set to 0 on reset
21:35:09.84   GameInfo::ResetInfo - SyncLevel set to 0 on reset
21:35:09.84   GameInfo::ResetInfo - SyncLevel set to 0 on reset
21:35:09.84   GameInfo::ResetInfo - SyncLevel set to 0 on reset
21:35:09.84   GameInfo::ResetInfo - SyncLevel set to 0 on reset
21:35:09.84   GameInfo::ResetInfo - SyncLevel set to 0 on reset
21:35:09.84   GameInfo::ResetInfo - SyncLevel set to 0 on reset
21:35:09.84   GameInfo::ResetInfo - SyncLevel set to 0 on reset
21:35:09.84   GameInfo::ResetInfo - SyncLevel set to 0 on reset
21:35:09.84   GameInfo::ResetInfo - SyncLevel set to 0 on reset
21:35:09.84   GameInfo::ResetInfo - SyncLevel set to 0 on reset
21:35:09.84   GameInfo::ResetInfo - SyncLevel set to 0 on reset
21:35:09.84   GameInfo::ResetInfo - SyncLevel set to 0 on reset
21:35:09.84   GameInfo::ResetInfo - SyncLevel set to 0 on reset
21:35:09.84   GameInfo::ResetInfo - SyncLevel set to 0 on reset
21:35:09.84   GameInfo::ResetInfo - SyncLevel set to 0 on reset
21:35:09.84   GameInfo::ResetInfo - SyncLevel set to 0 on reset
21:35:09.84   GameInfo::ResetInfo - SyncLevel set to 0 on reset
21:35:09.84   GameInfo::ResetInfo - SyncLevel set to 0 on reset
21:35:09.84   GameInfo::ResetInfo - SyncLevel set to 0 on reset
21:35:09.84   GameInfo::ResetInfo - SyncLevel set to 0 on reset
21:35:09.84   GameInfo::ResetInfo - SyncLevel set to 0 on reset
21:35:09.84   GameInfo::ResetInfo - SyncLevel set to 0 on reset
21:35:09.84   GameInfo::ResetInfo - SyncLevel set to 0 on reset
21:35:09.84   GameInfo::ResetInfo - SyncLevel set to 0 on reset
21:35:09.84   GameInfo::ResetInfo - SyncLevel set to 0 on reset
21:35:09.84   GameInfo::ResetInfo - SyncLevel set to 0 on reset
21:35:09.84   GameInfo::ResetInfo - SyncLevel set to 0 on reset
21:35:09.84   GameInfo::ResetInfo - SyncLevel set to 0 on reset
21:35:09.84   GameInfo::ResetInfo - SyncLevel set to 0 on reset
21:35:09.85   GameInfo::ResetInfo - SyncLevel set to 0 on reset
21:35:09.85   GameInfo::ResetInfo - SyncLevel set to 0 on reset
21:35:09.85   GameInfo::ResetInfo - SyncLevel set to 0 on reset
21:35:09.85   GameInfo::ResetInfo - SyncLevel set to 0 on reset
21:35:09.85   GameInfo::ResetInfo - SyncLevel set to 0 on reset
21:35:09.85   GameInfo::ResetInfo - SyncLevel set to 0 on reset
21:35:09.85   GameInfo::ResetInfo - SyncLevel set to 0 on reset
21:35:09.85   GameInfo::ResetInfo - SyncLevel set to 0 on reset
21:35:09.85   GameInfo::ResetInfo - SyncLevel set to 0 on reset
21:35:09.85   GameInfo::ResetInfo - SyncLevel set to 0 on reset
21:35:09.85   GameInfo::ResetInfo - SyncLevel set to 0 on reset
21:35:09.85   GameInfo::ResetInfo - SyncLevel set to 0 on reset
21:35:09.85   GameInfo::ResetInfo - SyncLevel set to 0 on reset
21:35:09.85   GameInfo::ResetInfo - SyncLevel set to 0 on reset
21:35:09.85   GameInfo::ResetInfo - SyncLevel set to 0 on reset
21:35:09.85   GameInfo::ResetInfo - SyncLevel set to 0 on reset
21:35:09.85   GameInfo::ResetInfo - SyncLevel set to 0 on reset
21:35:09.85   GameInfo::ResetInfo - SyncLevel set to 0 on reset
21:35:09.85   GameInfo::ResetInfo - SyncLevel set to 0 on reset
21:35:09.85   GameInfo::ResetInfo - SyncLevel set to 0 on reset
21:35:09.85   GameInfo::ResetInfo - SyncLevel set to 0 on reset
21:35:09.85   GameInfo::ResetInfo - SyncLevel set to 0 on reset
21:35:09.85   GameInfo::ResetInfo - SyncLevel set to 0 on reset
21:35:09.85   GameInfo::ResetInfo - SyncLevel set to 0 on reset
21:35:09.85   GameInfo::ResetInfo - SyncLevel set to 0 on reset
21:35:09.86   GameInfo::ResetInfo - SyncLevel set to 0 on reset
21:35:09.86   GameInfo::ResetInfo - SyncLevel set to 0 on reset
21:35:09.86   GameInfo::ResetInfo - SyncLevel set to 0 on reset
21:35:09.86   GameInfo::ResetInfo - SyncLevel set to 0 on reset
21:35:09.86   GameInfo::ResetInfo - SyncLevel set to 0 on reset
21:35:09.86   GameInfo::ResetInfo - SyncLevel set to 0 on reset
21:35:09.86   GameInfo::ResetInfo - SyncLevel set to 0 on reset
21:35:09.86   GameInfo::ResetInfo - SyncLevel set to 0 on reset
21:35:09.86   GameInfo::ResetInfo - SyncLevel set to 0 on reset
21:35:09.86   GameInfo::ResetInfo - SyncLevel set to 0 on reset
21:35:09.86   GameInfo::ResetInfo - SyncLevel set to 0 on reset
21:35:09.86   GameInfo::ResetInfo - SyncLevel set to 0 on reset
21:35:09.86   GameInfo::ResetInfo - SyncLevel set to 0 on reset
21:35:09.86   GameInfo::ResetInfo - SyncLevel set to 0 on reset
21:35:09.86   GameInfo::ResetInfo - SyncLevel set to 0 on reset
21:35:09.86   GameInfo::ResetInfo - SyncLevel set to 0 on reset
21:35:09.86   GameInfo::ResetInfo - SyncLevel set to 0 on reset
21:35:09.86   GameInfo::ResetInfo - SyncLevel set to 0 on reset
21:35:09.86   GameInfo::ResetInfo - SyncLevel set to 0 on reset
21:35:09.86   GameInfo::ResetInfo - SyncLevel set to 0 on reset
21:35:09.86   GameInfo::ResetInfo - SyncLevel set to 0 on reset
21:35:09.87   GameInfo::ResetInfo - SyncLevel set to 0 on reset
21:35:09.87   GameInfo::ResetInfo - SyncLevel set to 0 on reset
21:35:09.87   GameInfo::ResetInfo - SyncLevel set to 0 on reset
21:35:09.87   GameInfo::ResetInfo - SyncLevel set to 0 on reset
21:35:09.87   GameInfo::ResetInfo - SyncLevel set to 0 on reset
21:35:09.87   GameInfo::ResetInfo - SyncLevel set to 0 on reset
21:35:09.87   GameInfo::ResetInfo - SyncLevel set to 0 on reset
21:35:09.87   GameInfo::ResetInfo - SyncLevel set to 0 on reset
21:35:09.87   GameInfo::ResetInfo - SyncLevel set to 0 on reset
21:35:09.87   GameInfo::ResetInfo - SyncLevel set to 0 on reset
21:35:09.87   GameInfo::ResetInfo - SyncLevel set to 0 on reset
21:35:09.87   GameInfo::ResetInfo - SyncLevel set to 0 on reset
21:35:09.87   GameInfo::ResetInfo - SyncLevel set to 0 on reset
21:35:09.87   GameInfo::ResetInfo - SyncLevel set to 0 on reset
21:35:09.87   GameInfo::ResetInfo - SyncLevel set to 0 on reset
21:35:09.87   GameInfo::ResetInfo - SyncLevel set to 0 on reset
21:35:09.87   GameInfo::ResetInfo - SyncLevel set to 0 on reset
21:35:09.87   GameInfo::ResetInfo - SyncLevel set to 0 on reset
21:35:09.87   GameInfo::ResetInfo - SyncLevel set to 0 on reset
21:35:09.87   GameInfo::ResetInfo - SyncLevel set to 0 on reset
21:35:09.87   GameInfo::ResetInfo - SyncLevel set to 0 on reset
21:35:09.87   GameInfo::ResetInfo - SyncLevel set to 0 on reset
21:35:09.87   GameInfo::ResetInfo - SyncLevel set to 0 on reset
21:35:09.87   GameInfo::ResetInfo - SyncLevel set to 0 on reset
21:35:09.88   GameInfo::ResetInfo - SyncLevel set to 0 on reset
21:35:09.88   GameInfo::ResetInfo - SyncLevel set to 0 on reset
21:35:09.88   GameInfo::ResetInfo - SyncLevel set to 0 on reset
21:35:09.88   GameInfo::ResetInfo - SyncLevel set to 0 on reset
21:35:09.88   GameInfo::ResetInfo - SyncLevel set to 0 on reset
21:35:09.88   GameInfo::ResetInfo - SyncLevel set to 0 on reset
21:35:09.88   GameInfo::ResetInfo - SyncLevel set to 0 on reset
21:35:09.88   GameInfo::ResetInfo - SyncLevel set to 0 on reset
21:35:09.88   GameInfo::ResetInfo - SyncLevel set to 0 on reset
21:35:09.88   GameInfo::ResetInfo - SyncLevel set to 0 on reset
21:35:09.88   GameInfo::ResetInfo - SyncLevel set to 0 on reset
21:35:09.88   GameInfo::ResetInfo - SyncLevel set to 0 on reset
21:35:09.88   GameInfo::ResetInfo - SyncLevel set to 0 on reset
21:35:09.88   GameInfo::ResetInfo - SyncLevel set to 0 on reset
21:35:09.88   GameInfo::ResetInfo - SyncLevel set to 0 on reset
21:35:09.88   GameInfo::ResetInfo - SyncLevel set to 0 on reset
21:35:09.88   GameInfo::ResetInfo - SyncLevel set to 0 on reset
21:35:09.88   GameInfo::ResetInfo - SyncLevel set to 0 on reset
21:35:09.88   GameInfo::ResetInfo - SyncLevel set to 0 on reset
21:35:09.88   GameInfo::ResetInfo - SyncLevel set to 0 on reset
21:35:09.88   GameInfo::ResetInfo - SyncLevel set to 0 on reset
21:35:09.88   GameInfo::ResetInfo - SyncLevel set to 0 on reset
21:35:09.88   GameInfo::ResetInfo - SyncLevel set to 0 on reset
21:35:09.88   GameInfo::ResetInfo - SyncLevel set to 0 on reset
21:35:09.88   GameInfo::ResetInfo - SyncLevel set to 0 on reset
21:35:09.88   GameInfo::ResetInfo - SyncLevel set to 0 on reset
21:35:09.88   GameInfo::ResetInfo - SyncLevel set to 0 on reset
21:35:09.88   GameInfo::ResetInfo - SyncLevel set to 0 on reset
21:35:09.88   GameInfo::ResetInfo - SyncLevel set to 0 on reset
21:35:09.88   GameInfo::ResetInfo - SyncLevel set to 0 on reset
21:35:09.89   GameInfo::ResetInfo - SyncLevel set to 0 on reset
21:35:09.89   GameInfo::ResetInfo - SyncLevel set to 0 on reset
21:35:09.89   GameInfo::ResetInfo - SyncLevel set to 0 on reset
21:35:09.89   GameInfo::ResetInfo - SyncLevel set to 0 on reset
21:35:09.89   GameInfo::ResetInfo - SyncLevel set to 0 on reset
21:35:09.89   GameInfo::ResetInfo - SyncLevel set to 0 on reset
21:35:09.89   GameInfo::ResetInfo - SyncLevel set to 0 on reset
21:35:09.89   GameInfo::ResetInfo - SyncLevel set to 0 on reset
21:35:09.89   GameInfo::ResetInfo - SyncLevel set to 0 on reset
21:35:09.89   GameInfo::ResetInfo - SyncLevel set to 0 on reset
21:35:09.89   GameInfo::ResetInfo - SyncLevel set to 0 on reset
21:35:09.89   GameInfo::ResetInfo - SyncLevel set to 0 on reset
21:35:09.89   RLINK -- SENDING FORCED ACK from Peer 3 to Peer 16 - timeSinceLastAckMS      20992, transmitAckLastTimeMS    5937040 | Peer ---E- M#00000000 Sack00000005 NSack00000000 (C0.0% S:0.0) [  ]
21:35:09.89   GameInfo::ResetInfo - SyncLevel set to 0 on reset
21:35:09.89   GameInfo::ResetInfo - SyncLevel set to 0 on reset
21:35:09.89   GameInfo::ResetInfo - SyncLevel set to 0 on reset
21:35:09.89   GameInfo::ResetInfo - SyncLevel set to 0 on reset
21:35:09.89   GameInfo::ResetInfo - SyncLevel set to 0 on reset
21:35:09.89   GameInfo::ResetInfo - SyncLevel set to 0 on reset
21:35:09.89   GameInfo::ResetInfo - SyncLevel set to 0 on reset
21:35:09.89   GameInfo::ResetInfo - SyncLevel set to 0 on reset
21:35:09.89   GameInfo::ResetInfo - SyncLevel set to 0 on reset
21:35:09.89   GameInfo::ResetInfo - SyncLevel set to 0 on reset
21:35:09.89   GameInfo::ResetInfo - SyncLevel set to 0 on reset
21:35:09.89   GameInfo::ResetInfo - SyncLevel set to 0 on reset
21:35:09.90   GameInfo::ResetInfo - SyncLevel set to 0 on reset
21:35:09.90   GameInfo::ResetInfo - SyncLevel set to 0 on reset
21:35:09.90   GameInfo::ResetInfo - SyncLevel set to 0 on reset
21:35:09.90   GameInfo::ResetInfo - SyncLevel set to 0 on reset
21:35:09.90   GameInfo::ResetInfo - SyncLevel set to 0 on reset
21:35:09.90   GameInfo::ResetInfo - SyncLevel set to 0 on reset
21:35:09.90   GameInfo::ResetInfo - SyncLevel set to 0 on reset
21:35:09.90   GameInfo::ResetInfo - SyncLevel set to 0 on reset
21:35:09.90   GameInfo::ResetInfo - SyncLevel set to 0 on reset
21:35:09.90   GameInfo::ResetInfo - SyncLevel set to 0 on reset
21:35:09.90   GameInfo::ResetInfo - SyncLevel set to 0 on reset
21:35:09.90   GameInfo::ResetInfo - SyncLevel set to 0 on reset
21:35:09.90   GameInfo::ResetInfo - SyncLevel set to 0 on reset
21:35:09.90   GameInfo::ResetInfo - SyncLevel set to 0 on reset
21:35:09.90   GameInfo::ResetInfo - SyncLevel set to 0 on reset
21:35:09.90   GameInfo::ResetInfo - SyncLevel set to 0 on reset
21:35:09.90   GameInfo::ResetInfo - SyncLevel set to 0 on reset
21:35:09.90   GameInfo::ResetInfo - SyncLevel set to 0 on reset
21:35:09.90   GameInfo::ResetInfo - SyncLevel set to 0 on reset
21:35:09.90   GameInfo::ResetInfo - SyncLevel set to 0 on reset
21:35:09.90   GameInfo::ResetInfo - SyncLevel set to 0 on reset
21:35:09.91   GameInfo::ResetInfo - SyncLevel set to 0 on reset
21:35:09.91   GameInfo::ResetInfo - SyncLevel set to 0 on reset
21:35:09.91   GameInfo::ResetInfo - SyncLevel set to 0 on reset
21:35:09.91   GameInfo::ResetInfo - SyncLevel set to 0 on reset
21:35:09.91   GameInfo::ResetInfo - SyncLevel set to 0 on reset
21:35:09.91   GameInfo::ResetInfo - SyncLevel set to 0 on reset
21:35:09.91   GameInfo::ResetInfo - SyncLevel set to 0 on reset
21:35:09.91   GameInfo::ResetInfo - SyncLevel set to 0 on reset
21:35:09.91   GameInfo::ResetInfo - SyncLevel set to 0 on reset
21:35:09.91   GameInfo::ResetInfo - SyncLevel set to 0 on reset
21:35:09.91   GameInfo::ResetInfo - SyncLevel set to 0 on reset
21:35:09.91   GameInfo::ResetInfo - SyncLevel set to 0 on reset
21:35:09.91   GameInfo::ResetInfo - SyncLevel set to 0 on reset
21:35:09.91   GameInfo::ResetInfo - SyncLevel set to 0 on reset
21:35:09.91   GameInfo::ResetInfo - SyncLevel set to 0 on reset
21:35:09.91   GameInfo::ResetInfo - SyncLevel set to 0 on reset
21:35:09.91   GameInfo::ResetInfo - SyncLevel set to 0 on reset
21:35:09.91   GameInfo::ResetInfo - SyncLevel set to 0 on reset
21:35:09.91   GameInfo::ResetInfo - SyncLevel set to 0 on reset
21:35:09.91   GameInfo::ResetInfo - SyncLevel set to 0 on reset
21:35:09.91   GameInfo::ResetInfo - SyncLevel set to 0 on reset
21:35:09.91   GameInfo::ResetInfo - SyncLevel set to 0 on reset
21:35:09.91   GameInfo::ResetInfo - SyncLevel set to 0 on reset
21:35:09.91   GameInfo::ResetInfo - SyncLevel set to 0 on reset
21:35:09.91   GameInfo::ResetInfo - SyncLevel set to 0 on reset
21:35:09.91   GameInfo::ResetInfo - SyncLevel set to 0 on reset
21:35:09.91   GameInfo::ResetInfo - SyncLevel set to 0 on reset
21:35:09.91   GameInfo::ResetInfo - SyncLevel set to 0 on reset
21:35:09.91   GameInfo::ResetInfo - SyncLevel set to 0 on reset
21:35:09.91   GameInfo::ResetInfo - SyncLevel set to 0 on reset
21:35:09.92   GameInfo::ResetInfo - SyncLevel set to 0 on reset
21:35:09.92   GameInfo::ResetInfo - SyncLevel set to 0 on reset
21:35:09.92   GameInfo::ResetInfo - SyncLevel set to 0 on reset
21:35:09.92   GameInfo::ResetInfo - SyncLevel set to 0 on reset
21:35:09.92   GameInfo::ResetInfo - SyncLevel set to 0 on reset
21:35:09.92   GameInfo::ResetInfo - SyncLevel set to 0 on reset
21:35:09.92   GameInfo::ResetInfo - SyncLevel set to 0 on reset
21:35:09.92   GameInfo::ResetInfo - SyncLevel set to 0 on reset
21:35:09.92   GameInfo::ResetInfo - SyncLevel set to 0 on reset
21:35:09.92   GameInfo::ResetInfo - SyncLevel set to 0 on reset
21:35:09.92   GameInfo::ResetInfo - SyncLevel set to 0 on reset
21:35:09.92   GameInfo::ResetInfo - SyncLevel set to 0 on reset
21:35:09.92   GameInfo::ResetInfo - SyncLevel set to 0 on reset
21:35:09.92   GameInfo::ResetInfo - SyncLevel set to 0 on reset
21:35:09.92   GameInfo::ResetInfo - SyncLevel set to 0 on reset
21:35:09.92   GameInfo::ResetInfo - SyncLevel set to 0 on reset
21:35:09.92   GameInfo::ResetInfo - SyncLevel set to 0 on reset
21:35:09.92   GameInfo::ResetInfo - SyncLevel set to 0 on reset
21:35:09.92   GameInfo::ResetInfo - SyncLevel set to 0 on reset
21:35:09.92   GameInfo::ResetInfo - SyncLevel set to 0 on reset
21:35:09.92   GameInfo::ResetInfo - SyncLevel set to 0 on reset
21:35:09.92   GameInfo::ResetInfo - SyncLevel set to 0 on reset
21:35:09.92   GameInfo::ResetInfo - SyncLevel set to 0 on reset
21:35:09.92   GameInfo::ResetInfo - SyncLevel set to 0 on reset
21:35:09.92   GameInfo::ResetInfo - SyncLevel set to 0 on reset
21:35:09.92   GameInfo::ResetInfo - SyncLevel set to 0 on reset
21:35:09.92   GameInfo::ResetInfo - SyncLevel set to 0 on reset
21:35:09.92   GameInfo::ResetInfo - SyncLevel set to 0 on reset
21:35:09.92   GameInfo::ResetInfo - SyncLevel set to 0 on reset
21:35:09.92   GameInfo::ResetInfo - SyncLevel set to 0 on reset
21:35:09.93   GameInfo::ResetInfo - SyncLevel set to 0 on reset
21:35:09.93   GameInfo::ResetInfo - SyncLevel set to 0 on reset
21:35:09.93   GameInfo::ResetInfo - SyncLevel set to 0 on reset
21:35:09.93   GameInfo::ResetInfo - SyncLevel set to 0 on reset
21:35:09.93   GameInfo::ResetInfo - SyncLevel set to 0 on reset
21:35:09.93   GameInfo::ResetInfo - SyncLevel set to 0 on reset
21:35:09.93   GameInfo::ResetInfo - SyncLevel set to 0 on reset
21:35:09.93   GameInfo::ResetInfo - SyncLevel set to 0 on reset
21:35:09.93   GameInfo::ResetInfo - SyncLevel set to 0 on reset
21:35:09.93   GameInfo::ResetInfo - SyncLevel set to 0 on reset
21:35:09.93   GameInfo::ResetInfo - SyncLevel set to 0 on reset
21:35:09.93   GameInfo::ResetInfo - SyncLevel set to 0 on reset
21:35:09.93   GameInfo::ResetInfo - SyncLevel set to 0 on reset
21:35:09.93   GameInfo::ResetInfo - SyncLevel set to 0 on reset
21:35:09.93   GameInfo::ResetInfo - SyncLevel set to 0 on reset
21:35:09.93   GameInfo::ResetInfo - SyncLevel set to 0 on reset
21:35:09.93   GameInfo::ResetInfo - SyncLevel set to 0 on reset
21:35:09.93   GameInfo::ResetInfo - SyncLevel set to 0 on reset
21:35:09.93   GameInfo::ResetInfo - SyncLevel set to 0 on reset
21:35:09.93   GameInfo::ResetInfo - SyncLevel set to 0 on reset
21:35:09.93   GameInfo::ResetInfo - SyncLevel set to 0 on reset
21:35:09.93   GameInfo::ResetInfo - SyncLevel set to 0 on reset
21:35:09.93   GameInfo::ResetInfo - SyncLevel set to 0 on reset
21:35:09.93   GameInfo::ResetInfo - SyncLevel set to 0 on reset
21:35:09.93   GameInfo::ResetInfo - SyncLevel set to 0 on reset
21:35:09.93   GameInfo::ResetInfo - SyncLevel set to 0 on reset
21:35:09.93   GameInfo::ResetInfo - SyncLevel set to 0 on reset
21:35:09.94   GameInfo::ResetInfo - SyncLevel set to 0 on reset
21:35:09.94   GameInfo::ResetInfo - SyncLevel set to 0 on reset
21:35:09.94   GameInfo::ResetInfo - SyncLevel set to 0 on reset
21:35:09.94   GameInfo::ResetInfo - SyncLevel set to 0 on reset
21:35:09.94   GameInfo::ResetInfo - SyncLevel set to 0 on reset
21:35:09.94   GameInfo::ResetInfo - SyncLevel set to 0 on reset
21:35:09.94   GameInfo::ResetInfo - SyncLevel set to 0 on reset
21:35:09.94   GameInfo::ResetInfo - SyncLevel set to 0 on reset
21:35:09.94   GameInfo::ResetInfo - SyncLevel set to 0 on reset
21:35:09.94   GameInfo::ResetInfo - SyncLevel set to 0 on reset
21:35:09.94   GameInfo::ResetInfo - SyncLevel set to 0 on reset
21:35:09.94   GameInfo::ResetInfo - SyncLevel set to 0 on reset
21:35:09.94   GameInfo::ResetInfo - SyncLevel set to 0 on reset
21:35:09.94   GameInfo::ResetInfo - SyncLevel set to 0 on reset
21:35:09.94   GameInfo::ResetInfo - SyncLevel set to 0 on reset
21:35:09.94   GameInfo::ResetInfo - SyncLevel set to 0 on reset
21:35:09.94   GameInfo::ResetInfo - SyncLevel set to 0 on reset
21:35:09.94   GameInfo::ResetInfo - SyncLevel set to 0 on reset
21:35:09.94   GameInfo::ResetInfo - SyncLevel set to 0 on reset
21:35:09.94   GameInfo::ResetInfo - SyncLevel set to 0 on reset
21:35:09.94   GameInfo::ResetInfo - SyncLevel set to 0 on reset
21:35:09.94   GameInfo::ResetInfo - SyncLevel set to 0 on reset
21:35:09.94   GameInfo::ResetInfo - SyncLevel set to 0 on reset
21:35:09.94   GameInfo::ResetInfo - SyncLevel set to 0 on reset
21:35:09.94   GameInfo::ResetInfo - SyncLevel set to 0 on reset
21:35:09.94   GameInfo::ResetInfo - SyncLevel set to 0 on reset
21:35:09.95   GameInfo::ResetInfo - SyncLevel set to 0 on reset
21:35:09.95   GameInfo::ResetInfo - SyncLevel set to 0 on reset
21:35:09.95   GameInfo::ResetInfo - SyncLevel set to 0 on reset
21:35:09.95   GameInfo::ResetInfo - SyncLevel set to 0 on reset
21:35:09.95   GameInfo::ResetInfo - SyncLevel set to 0 on reset
21:35:09.95   GameInfo::ResetInfo - SyncLevel set to 0 on reset
21:35:09.95   GameInfo::ResetInfo - SyncLevel set to 0 on reset
21:35:09.95   GameInfo::ResetInfo - SyncLevel set to 0 on reset
21:35:09.95   GameInfo::ResetInfo - SyncLevel set to 0 on reset
21:35:09.95   GameInfo::ResetInfo - SyncLevel set to 0 on reset
21:35:09.95   GameInfo::ResetInfo - SyncLevel set to 0 on reset
21:35:09.95   GameInfo::ResetInfo - SyncLevel set to 0 on reset
21:35:09.95   GameInfo::ResetInfo - SyncLevel set to 0 on reset
21:35:09.95   GameInfo::ResetInfo - SyncLevel set to 0 on reset
21:35:09.95   GameInfo::ResetInfo - SyncLevel set to 0 on reset
21:35:09.95   GameInfo::ResetInfo - SyncLevel set to 0 on reset
21:35:09.95   GameInfo::ResetInfo - SyncLevel set to 0 on reset
21:35:09.95   GameInfo::ResetInfo - SyncLevel set to 0 on reset
21:35:09.95   GameInfo::ResetInfo - SyncLevel set to 0 on reset
21:35:09.95   GameInfo::ResetInfo - SyncLevel set to 0 on reset
21:35:09.95   GameInfo::ResetInfo - SyncLevel set to 0 on reset
21:35:09.95   GameInfo::ResetInfo - SyncLevel set to 0 on reset
21:35:09.95   GameInfo::ResetInfo - SyncLevel set to 0 on reset
21:35:09.95   GameInfo::ResetInfo - SyncLevel set to 0 on reset
21:35:09.95   GameInfo::ResetInfo - SyncLevel set to 0 on reset
21:35:09.95   GameInfo::ResetInfo - SyncLevel set to 0 on reset
21:35:09.95   GameInfo::ResetInfo - SyncLevel set to 0 on reset
21:35:09.96   GameInfo::ResetInfo - SyncLevel set to 0 on reset
21:35:09.96   GameInfo::ResetInfo - SyncLevel set to 0 on reset
21:35:09.96   GameInfo::ResetInfo - SyncLevel set to 0 on reset
21:35:09.96   GameInfo::ResetInfo - SyncLevel set to 0 on reset
21:35:09.96   GameInfo::ResetInfo - SyncLevel set to 0 on reset
21:35:09.96   GameInfo::ResetInfo - SyncLevel set to 0 on reset
21:35:09.96   GameInfo::ResetInfo - SyncLevel set to 0 on reset
21:35:09.96   GameInfo::ResetInfo - SyncLevel set to 0 on reset
21:35:09.96   GameInfo::ResetInfo - SyncLevel set to 0 on reset
21:35:09.96   GameInfo::ResetInfo - SyncLevel set to 0 on reset
21:35:09.96   GameInfo::ResetInfo - SyncLevel set to 0 on reset
21:35:09.96   GameInfo::ResetInfo - SyncLevel set to 0 on reset
21:35:09.96   GameInfo::ResetInfo - SyncLevel set to 0 on reset
21:35:09.96   GameInfo::ResetInfo - SyncLevel set to 0 on reset
21:35:09.96   GameInfo::ResetInfo - SyncLevel set to 0 on reset
21:35:09.96   GameInfo::ResetInfo - SyncLevel set to 0 on reset
21:35:09.96   GameInfo::ResetInfo - SyncLevel set to 0 on reset
21:35:09.96   GameInfo::ResetInfo - SyncLevel set to 0 on reset
21:35:09.96   GameInfo::ResetInfo - SyncLevel set to 0 on reset
21:35:09.96   GameInfo::ResetInfo - SyncLevel set to 0 on reset
21:35:09.96   GameInfo::ResetInfo - SyncLevel set to 0 on reset
21:35:09.96   GameInfo::ResetInfo - SyncLevel set to 0 on reset
21:35:09.96   GameInfo::ResetInfo - SyncLevel set to 0 on reset
21:35:09.96   GameInfo::ResetInfo - SyncLevel set to 0 on reset
21:35:09.96   GameInfo::ResetInfo - SyncLevel set to 0 on reset
21:35:09.96   GameInfo::ResetInfo - SyncLevel set to 0 on reset
21:35:09.96   GameInfo::ResetInfo - SyncLevel set to 0 on reset
21:35:09.96   GameInfo::ResetInfo - SyncLevel set to 0 on reset
21:35:09.96   GameInfo::ResetInfo - SyncLevel set to 0 on reset
21:35:09.96   GameInfo::ResetInfo - SyncLevel set to 0 on reset
21:35:09.97   GameInfo::ResetInfo - SyncLevel set to 0 on reset
21:35:09.97   GameInfo::ResetInfo - SyncLevel set to 0 on reset
21:35:09.97   GameInfo::ResetInfo - SyncLevel set to 0 on reset
21:35:09.97   GameInfo::ResetInfo - SyncLevel set to 0 on reset
21:35:09.97   GameInfo::ResetInfo - SyncLevel set to 0 on reset
21:35:09.97   GameInfo::ResetInfo - SyncLevel set to 0 on reset
21:35:09.97   GameInfo::ResetInfo - SyncLevel set to 0 on reset
21:35:09.97   GameInfo::ResetInfo - SyncLevel set to 0 on reset
21:35:09.97   GameInfo::ResetInfo - SyncLevel set to 0 on reset
21:35:09.97   GameInfo::ResetInfo - SyncLevel set to 0 on reset
21:35:09.97   GameInfo::ResetInfo - SyncLevel set to 0 on reset
21:35:09.97   GameInfo::ResetInfo - SyncLevel set to 0 on reset
21:35:09.97   GameInfo::ResetInfo - SyncLevel set to 0 on reset
21:35:09.97   GameInfo::ResetInfo - SyncLevel set to 0 on reset
21:35:09.97   GameInfo::ResetInfo - SyncLevel set to 0 on reset
21:35:09.97   GameInfo::ResetInfo - SyncLevel set to 0 on reset
21:35:09.97   GameInfo::ResetInfo - SyncLevel set to 0 on reset
21:35:09.97   GameInfo::ResetInfo - SyncLevel set to 0 on reset
21:35:09.97   GameInfo::ResetInfo - SyncLevel set to 0 on reset
21:35:09.97   GameInfo::ResetInfo - SyncLevel set to 0 on reset
21:35:09.97   GameInfo::ResetInfo - SyncLevel set to 0 on reset
21:35:09.97   GameInfo::ResetInfo - SyncLevel set to 0 on reset
21:35:09.97   GameInfo::ResetInfo - SyncLevel set to 0 on reset
21:35:09.97   GameInfo::ResetInfo - SyncLevel set to 0 on reset
21:35:09.97   GameInfo::ResetInfo - SyncLevel set to 0 on reset
21:35:09.97   GameInfo::ResetInfo - SyncLevel set to 0 on reset
21:35:09.97   GameInfo::ResetInfo - SyncLevel set to 0 on reset
21:35:09.97   GameInfo::ResetInfo - SyncLevel set to 0 on reset
21:35:09.98   GameInfo::ResetInfo - SyncLevel set to 0 on reset
21:35:09.98   GameInfo::ResetInfo - SyncLevel set to 0 on reset
21:35:09.98   GameInfo::ResetInfo - SyncLevel set to 0 on reset
21:35:09.98   GameInfo::ResetInfo - SyncLevel set to 0 on reset
21:35:09.98   GameInfo::ResetInfo - SyncLevel set to 0 on reset
21:35:09.98   GameInfo::ResetInfo - SyncLevel set to 0 on reset
21:35:09.98   GameInfo::ResetInfo - SyncLevel set to 0 on reset
21:35:09.98   GameInfo::ResetInfo - SyncLevel set to 0 on reset
21:35:09.98   GameInfo::ResetInfo - SyncLevel set to 0 on reset
21:35:09.98   GameInfo::ResetInfo - SyncLevel set to 0 on reset
21:35:09.98   GameInfo::ResetInfo - SyncLevel set to 0 on reset
21:35:09.98   GameInfo::ResetInfo - SyncLevel set to 0 on reset
21:35:09.98   GameInfo::ResetInfo - SyncLevel set to 0 on reset
21:35:09.98   GameInfo::ResetInfo - SyncLevel set to 0 on reset
21:35:09.98   GameInfo::ResetInfo - SyncLevel set to 0 on reset
21:35:09.98   GameInfo::ResetInfo - SyncLevel set to 0 on reset
21:35:09.98   GameInfo::ResetInfo - SyncLevel set to 0 on reset
21:35:09.98   GameInfo::ResetInfo - SyncLevel set to 0 on reset
21:35:09.98   GameInfo::ResetInfo - SyncLevel set to 0 on reset
21:35:09.98   GameInfo::ResetInfo - SyncLevel set to 0 on reset
21:35:09.98   GameInfo::ResetInfo - SyncLevel set to 0 on reset
21:35:09.98   GameInfo::ResetInfo - SyncLevel set to 0 on reset
21:35:09.98   GameInfo::ResetInfo - SyncLevel set to 0 on reset
21:35:09.98   GameInfo::ResetInfo - SyncLevel set to 0 on reset
21:35:09.98   GameInfo::ResetInfo - SyncLevel set to 0 on reset
21:35:09.98   GameInfo::ResetInfo - SyncLevel set to 0 on reset
21:35:09.98   GameInfo::ResetInfo - SyncLevel set to 0 on reset
21:35:09.98   GameInfo::ResetInfo - SyncLevel set to 0 on reset
21:35:09.98   GameInfo::ResetInfo - SyncLevel set to 0 on reset
21:35:09.98   GameInfo::ResetInfo - SyncLevel set to 0 on reset
21:35:09.99   GameInfo::ResetInfo - SyncLevel set to 0 on reset
21:35:09.99   GameInfo::ResetInfo - SyncLevel set to 0 on reset
21:35:09.99   GameInfo::ResetInfo - SyncLevel set to 0 on reset
21:35:09.99   GameInfo::ResetInfo - SyncLevel set to 0 on reset
21:35:09.99   GameInfo::ResetInfo - SyncLevel set to 0 on reset
21:35:09.99   GameInfo::ResetInfo - SyncLevel set to 0 on reset
21:35:09.99   GameInfo::ResetInfo - SyncLevel set to 0 on reset
21:35:09.99   GameInfo::ResetInfo - SyncLevel set to 0 on reset
21:35:09.99   GameInfo::ResetInfo - SyncLevel set to 0 on reset
21:35:09.99   GameInfo::ResetInfo - SyncLevel set to 0 on reset
21:35:09.99   GameInfo::ResetInfo - SyncLevel set to 0 on reset
21:35:09.99   GameInfo::ResetInfo - SyncLevel set to 0 on reset
21:35:09.99   GameInfo::ResetInfo - SyncLevel set to 0 on reset
21:35:09.99   GameInfo::ResetInfo - SyncLevel set to 0 on reset
21:35:09.99   GameInfo::ResetInfo - SyncLevel set to 0 on reset
21:35:09.99   GameInfo::ResetInfo - SyncLevel set to 0 on reset
21:35:09.99   GameInfo::ResetInfo - SyncLevel set to 0 on reset
21:35:09.99   GameInfo::ResetInfo - SyncLevel set to 0 on reset
21:35:09.99   GameInfo::ResetInfo - SyncLevel set to 0 on reset
21:35:09.99   GameInfo::ResetInfo - SyncLevel set to 0 on reset
21:35:09.99   GameInfo::ResetInfo - SyncLevel set to 0 on reset
21:35:09.99   GameInfo::ResetInfo - SyncLevel set to 0 on reset
21:35:09.99   GameInfo::ResetInfo - SyncLevel set to 0 on reset
21:35:09.99   GameInfo::ResetInfo - SyncLevel set to 0 on reset
21:35:09.99   GameInfo::ResetInfo - SyncLevel set to 0 on reset
21:35:09.99   GameInfo::ResetInfo - SyncLevel set to 0 on reset
21:35:09.99   GameInfo::ResetInfo - SyncLevel set to 0 on reset
21:35:09.99   GameInfo::ResetInfo - SyncLevel set to 0 on reset
21:35:09.99   GameInfo::ResetInfo - SyncLevel set to 0 on reset
21:35:09.99   GameInfo::ResetInfo - SyncLevel set to 0 on reset
21:35:10.00   GameInfo::ResetInfo - SyncLevel set to 0 on reset
21:35:10.00   GameInfo::ResetInfo - SyncLevel set to 0 on reset
21:35:10.00   GameInfo::ResetInfo - SyncLevel set to 0 on reset
21:35:10.00   GameInfo::ResetInfo - SyncLevel set to 0 on reset
21:35:10.00   GameInfo::ResetInfo - SyncLevel set to 0 on reset
21:35:10.00   GameInfo::ResetInfo - SyncLevel set to 0 on reset
21:35:10.00   GameInfo::ResetInfo - SyncLevel set to 0 on reset
21:35:10.00   GameInfo::ResetInfo - SyncLevel set to 0 on reset
21:35:10.00   GameInfo::ResetInfo - SyncLevel set to 0 on reset
21:35:10.00   GameInfo::ResetInfo - SyncLevel set to 0 on reset
21:35:10.00   GameInfo::ResetInfo - SyncLevel set to 0 on reset
21:35:10.00   GameInfo::ResetInfo - SyncLevel set to 0 on reset
21:35:10.00   GameInfo::ResetInfo - SyncLevel set to 0 on reset
21:35:10.00   GameInfo::ResetInfo - SyncLevel set to 0 on reset
21:35:10.00   GameInfo::ResetInfo - SyncLevel set to 0 on reset
21:35:10.00   GameInfo::ResetInfo - SyncLevel set to 0 on reset
21:35:10.00   GameInfo::ResetInfo - SyncLevel set to 0 on reset
21:35:10.00   GameInfo::ResetInfo - SyncLevel set to 0 on reset
21:35:10.00   GameInfo::ResetInfo - SyncLevel set to 0 on reset
21:35:10.00   GameInfo::ResetInfo - SyncLevel set to 0 on reset
21:35:10.00   GameInfo::ResetInfo - SyncLevel set to 0 on reset
21:35:10.00   GameInfo::ResetInfo - SyncLevel set to 0 on reset
21:35:10.00   GameInfo::ResetInfo - SyncLevel set to 0 on reset
21:35:10.00   GameInfo::ResetInfo - SyncLevel set to 0 on reset
21:35:10.00   GameInfo::ResetInfo - SyncLevel set to 0 on reset
21:35:10.00   GameInfo::ResetInfo - SyncLevel set to 0 on reset
21:35:10.00   GameInfo::ResetInfo - SyncLevel set to 0 on reset
21:35:10.01   GameInfo::ResetInfo - SyncLevel set to 0 on reset
21:35:10.01   GameInfo::ResetInfo - SyncLevel set to 0 on reset
21:35:10.01   GameInfo::ResetInfo - SyncLevel set to 0 on reset
21:35:10.01   GameInfo::ResetInfo - SyncLevel set to 0 on reset
21:35:10.01   GameInfo::ResetInfo - SyncLevel set to 0 on reset
21:35:10.01   GameInfo::ResetInfo - SyncLevel set to 0 on reset
21:35:10.01   GameInfo::ResetInfo - SyncLevel set to 0 on reset
21:35:10.01   GameInfo::ResetInfo - SyncLevel set to 0 on reset
21:35:10.01   GameInfo::ResetInfo - SyncLevel set to 0 on reset
21:35:10.01   GameInfo::ResetInfo - SyncLevel set to 0 on reset
21:35:10.01   GameInfo::ResetInfo - SyncLevel set to 0 on reset
21:35:10.01   GameInfo::ResetInfo - SyncLevel set to 0 on reset
21:35:10.01   GameInfo::ResetInfo - SyncLevel set to 0 on reset
21:35:10.01   GameInfo::ResetInfo - SyncLevel set to 0 on reset
21:35:10.01   GameInfo::ResetInfo - SyncLevel set to 0 on reset
21:35:10.01   GAME -- Error reading header for recorded game PLAYBACK:8P_MONTARGIS_REGION_POINTS_UP.2019-01-28.01-38-28.rec
21:35:10.01   GameInfo::ResetInfo - SyncLevel set to 0 on reset
21:35:10.01   GameInfo::ResetInfo - SyncLevel set to 0 on reset
21:35:10.01   GameInfo::ResetInfo - SyncLevel set to 0 on reset
21:35:10.01   GAME -- Error reading header for recorded game PLAYBACK:8P_MONTARGIS_REGION_POINTS_UP.2019-08-27.22-25-49.rec
21:35:10.01   GameInfo::ResetInfo - SyncLevel set to 0 on reset
21:35:10.01   GameInfo::ResetInfo - SyncLevel set to 0 on reset
21:35:10.01   GameInfo::ResetInfo - SyncLevel set to 0 on reset
21:35:10.01   GameInfo::ResetInfo - SyncLevel set to 0 on reset
21:35:10.01   GameInfo::ResetInfo - SyncLevel set to 0 on reset
21:35:10.01   GameInfo::ResetInfo - SyncLevel set to 0 on reset
21:35:10.01   GameInfo::ResetInfo - SyncLevel set to 0 on reset
21:35:10.01   GameInfo::ResetInfo - SyncLevel set to 0 on reset
21:35:10.01   GameInfo::ResetInfo - SyncLevel set to 0 on reset
21:35:10.01   GameInfo::ResetInfo - SyncLevel set to 0 on reset
21:35:10.01   GameInfo::ResetInfo - SyncLevel set to 0 on reset
21:35:10.01   GameInfo::ResetInfo - SyncLevel set to 0 on reset
21:35:10.02   GameInfo::ResetInfo - SyncLevel set to 0 on reset
21:35:10.02   GameInfo::ResetInfo - SyncLevel set to 0 on reset
21:35:10.02   GameInfo::ResetInfo - SyncLevel set to 0 on reset
21:35:10.02   GameInfo::ResetInfo - SyncLevel set to 0 on reset
21:35:10.02   GameInfo::ResetInfo - SyncLevel set to 0 on reset
21:35:10.02   GameInfo::ResetInfo - SyncLevel set to 0 on reset
21:35:10.02   GameInfo::ResetInfo - SyncLevel set to 0 on reset
21:35:10.02   GameInfo::ResetInfo - SyncLevel set to 0 on reset
21:35:10.02   GameInfo::ResetInfo - SyncLevel set to 0 on reset
21:35:10.02   GameInfo::ResetInfo - SyncLevel set to 0 on reset
21:35:10.02   GameInfo::ResetInfo - SyncLevel set to 0 on reset
21:35:10.02   GameInfo::ResetInfo - SyncLevel set to 0 on reset
21:35:10.02   GameInfo::ResetInfo - SyncLevel set to 0 on reset
21:35:10.02   GameInfo::ResetInfo - SyncLevel set to 0 on reset
21:35:10.02   GameInfo::ResetInfo - SyncLevel set to 0 on reset
21:35:10.02   GameInfo::ResetInfo - SyncLevel set to 0 on reset
21:35:10.02   GameInfo::ResetInfo - SyncLevel set to 0 on reset
21:35:10.02   GameInfo::ResetInfo - SyncLevel set to 0 on reset
21:35:10.02   GameInfo::ResetInfo - SyncLevel set to 0 on reset
21:35:10.02   GameInfo::ResetInfo - SyncLevel set to 0 on reset
21:35:10.02   GameInfo::ResetInfo - SyncLevel set to 0 on reset
21:35:10.02   GameInfo::ResetInfo - SyncLevel set to 0 on reset
21:35:10.02   GameInfo::ResetInfo - SyncLevel set to 0 on reset
21:35:10.02   GameInfo::ResetInfo - SyncLevel set to 0 on reset
21:35:10.02   GameInfo::ResetInfo - SyncLevel set to 0 on reset
21:35:10.02   GameInfo::ResetInfo - SyncLevel set to 0 on reset
21:35:10.02   GameInfo::ResetInfo - SyncLevel set to 0 on reset
21:35:10.02   GameInfo::ResetInfo - SyncLevel set to 0 on reset
21:35:10.02   GameInfo::ResetInfo - SyncLevel set to 0 on reset
21:35:10.02   GameInfo::ResetInfo - SyncLevel set to 0 on reset
21:35:10.03   GameInfo::ResetInfo - SyncLevel set to 0 on reset
21:35:10.03   GameInfo::ResetInfo - SyncLevel set to 0 on reset
21:35:10.03   GameInfo::ResetInfo - SyncLevel set to 0 on reset
21:35:10.03   GameInfo::ResetInfo - SyncLevel set to 0 on reset
21:35:10.03   GameInfo::ResetInfo - SyncLevel set to 0 on reset
21:35:10.03   GameInfo::ResetInfo - SyncLevel set to 0 on reset
21:35:10.03   GameInfo::ResetInfo - SyncLevel set to 0 on reset
21:35:10.03   GameInfo::ResetInfo - SyncLevel set to 0 on reset
21:35:10.03   GameInfo::ResetInfo - SyncLevel set to 0 on reset
21:35:10.03   GameInfo::ResetInfo - SyncLevel set to 0 on reset
21:35:10.03   GameInfo::ResetInfo - SyncLevel set to 0 on reset
21:35:10.03   GameInfo::ResetInfo - SyncLevel set to 0 on reset
21:35:10.03   GameInfo::ResetInfo - SyncLevel set to 0 on reset
21:35:10.03   GameInfo::ResetInfo - SyncLevel set to 0 on reset
21:35:10.03   GameInfo::ResetInfo - SyncLevel set to 0 on reset
21:35:10.03   GameInfo::ResetInfo - SyncLevel set to 0 on reset
21:35:10.03   GameInfo::ResetInfo - SyncLevel set to 0 on reset
21:35:10.03   GameInfo::ResetInfo - SyncLevel set to 0 on reset
21:35:10.03   GameInfo::ResetInfo - SyncLevel set to 0 on reset
21:35:10.03   GameInfo::ResetInfo - SyncLevel set to 0 on reset
21:35:10.03   GameInfo::ResetInfo - SyncLevel set to 0 on reset
21:35:10.03   GameInfo::ResetInfo - SyncLevel set to 0 on reset
21:35:10.03   GameInfo::ResetInfo - SyncLevel set to 0 on reset
21:35:10.03   GameInfo::ResetInfo - SyncLevel set to 0 on reset
21:35:10.03   GameInfo::ResetInfo - SyncLevel set to 0 on reset
21:35:10.03   GameInfo::ResetInfo - SyncLevel set to 0 on reset
21:35:10.03   GameInfo::ResetInfo - SyncLevel set to 0 on reset
21:35:10.04   GameInfo::ResetInfo - SyncLevel set to 0 on reset
21:35:10.04   GameInfo::ResetInfo - SyncLevel set to 0 on reset
21:35:10.04   GameInfo::ResetInfo - SyncLevel set to 0 on reset
21:35:10.04   GameInfo::ResetInfo - SyncLevel set to 0 on reset
21:35:10.04   GameInfo::ResetInfo - SyncLevel set to 0 on reset
21:35:10.04   GameInfo::ResetInfo - SyncLevel set to 0 on reset
21:35:10.04   GameInfo::ResetInfo - SyncLevel set to 0 on reset
21:35:10.04   GameInfo::ResetInfo - SyncLevel set to 0 on reset
21:35:10.04   GameInfo::ResetInfo - SyncLevel set to 0 on reset
21:35:10.04   GameInfo::ResetInfo - SyncLevel set to 0 on reset
21:35:10.04   GameInfo::ResetInfo - SyncLevel set to 0 on reset
21:35:10.04   GameInfo::ResetInfo - SyncLevel set to 0 on reset
21:35:10.04   GameInfo::ResetInfo - SyncLevel set to 0 on reset
21:35:10.04   GameInfo::ResetInfo - SyncLevel set to 0 on reset
21:35:10.04   GameInfo::ResetInfo - SyncLevel set to 0 on reset
21:35:10.04   GameInfo::ResetInfo - SyncLevel set to 0 on reset
21:35:10.04   GameInfo::ResetInfo - SyncLevel set to 0 on reset
21:35:10.04   GameInfo::ResetInfo - SyncLevel set to 0 on reset
21:35:10.04   GameInfo::ResetInfo - SyncLevel set to 0 on reset
21:35:10.04   GameInfo::ResetInfo - SyncLevel set to 0 on reset
21:35:10.04   GameInfo::ResetInfo - SyncLevel set to 0 on reset
21:35:10.04   GameInfo::ResetInfo - SyncLevel set to 0 on reset
21:35:10.04   GameInfo::ResetInfo - SyncLevel set to 0 on reset
21:35:10.04   GameInfo::ResetInfo - SyncLevel set to 0 on reset
21:35:10.04   GAME -- Error reading header for recorded game PLAYBACK:fun_high_res_monti.rec
21:35:10.04   GameInfo::ResetInfo - SyncLevel set to 0 on reset
21:35:10.04   GameInfo::ResetInfo - SyncLevel set to 0 on reset
21:35:10.04   GameInfo::ResetInfo - SyncLevel set to 0 on reset
21:35:10.04   GameInfo::ResetInfo - SyncLevel set to 0 on reset
21:35:10.04   GameInfo::ResetInfo - SyncLevel set to 0 on reset
21:35:10.05   GameInfo::ResetInfo - SyncLevel set to 0 on reset
21:35:10.05   GameInfo::ResetInfo - SyncLevel set to 0 on reset
21:35:10.05   GameInfo::ResetInfo - SyncLevel set to 0 on reset
21:35:10.05   GameInfo::ResetInfo - SyncLevel set to 0 on reset
21:35:10.05   GameInfo::ResetInfo - SyncLevel set to 0 on reset
21:35:10.05   GameInfo::ResetInfo - SyncLevel set to 0 on reset
21:35:10.05   GameInfo::ResetInfo - SyncLevel set to 0 on reset
21:35:10.05   GameInfo::ResetInfo - SyncLevel set to 0 on reset
21:35:10.05   GameInfo::ResetInfo - SyncLevel set to 0 on reset
21:35:10.05   GameInfo::ResetInfo - SyncLevel set to 0 on reset
21:35:10.05   GameInfo::ResetInfo - SyncLevel set to 0 on reset
21:35:10.05   GameInfo::ResetInfo - SyncLevel set to 0 on reset
21:35:10.05   GameInfo::ResetInfo - SyncLevel set to 0 on reset
21:35:10.05   GameInfo::ResetInfo - SyncLevel set to 0 on reset
21:35:10.05   GameInfo::ResetInfo - SyncLevel set to 0 on reset
21:35:10.05   GameInfo::ResetInfo - SyncLevel set to 0 on reset
21:35:10.05   GAME -- Error reading header for recorded game PLAYBACK:gdfg.rec
21:35:10.05   GameInfo::ResetInfo - SyncLevel set to 0 on reset
21:35:10.05   GameInfo::ResetInfo - SyncLevel set to 0 on reset
21:35:10.05   GameInfo::ResetInfo - SyncLevel set to 0 on reset
21:35:10.05   GameInfo::ResetInfo - SyncLevel set to 0 on reset
21:35:10.05   GameInfo::ResetInfo - SyncLevel set to 0 on reset
21:35:10.05   GameInfo::ResetInfo - SyncLevel set to 0 on reset
21:35:10.05   GameInfo::ResetInfo - SyncLevel set to 0 on reset
21:35:10.05   GameInfo::ResetInfo - SyncLevel set to 0 on reset
21:35:10.05   GameInfo::ResetInfo - SyncLevel set to 0 on reset
21:35:10.05   GameInfo::ResetInfo - SyncLevel set to 0 on reset
21:35:10.05   GameInfo::ResetInfo - SyncLevel set to 0 on reset
21:35:10.05   GameInfo::ResetInfo - SyncLevel set to 0 on reset
21:35:10.06   GameInfo::ResetInfo - SyncLevel set to 0 on reset
21:35:10.06   GameInfo::ResetInfo - SyncLevel set to 0 on reset
21:35:10.06   GameInfo::ResetInfo - SyncLevel set to 0 on reset
21:35:10.06   GameInfo::ResetInfo - SyncLevel set to 0 on reset
21:35:10.06   GameInfo::ResetInfo - SyncLevel set to 0 on reset
21:35:10.06   GameInfo::ResetInfo - SyncLevel set to 0 on reset
21:35:10.06   GameInfo::ResetInfo - SyncLevel set to 0 on reset
21:35:10.06   GameInfo::ResetInfo - SyncLevel set to 0 on reset
21:35:10.06   GameInfo::ResetInfo - SyncLevel set to 0 on reset
21:35:10.06   GameInfo::ResetInfo - SyncLevel set to 0 on reset
21:35:10.06   GameInfo::ResetInfo - SyncLevel set to 0 on reset
21:35:10.06   GameInfo::ResetInfo - SyncLevel set to 0 on reset
21:35:10.06   GameInfo::ResetInfo - SyncLevel set to 0 on reset
21:35:10.06   GameInfo::ResetInfo - SyncLevel set to 0 on reset
21:35:10.06   GameInfo::ResetInfo - SyncLevel set to 0 on reset
21:35:10.06   GameInfo::ResetInfo - SyncLevel set to 0 on reset
21:35:10.06   GameInfo::ResetInfo - SyncLevel set to 0 on reset
21:35:10.06   GameInfo::ResetInfo - SyncLevel set to 0 on reset
21:35:10.06   GameInfo::ResetInfo - SyncLevel set to 0 on reset
21:35:10.06   GameInfo::ResetInfo - SyncLevel set to 0 on reset
21:35:10.06   GameInfo::ResetInfo - SyncLevel set to 0 on reset
21:35:10.06   GameInfo::ResetInfo - SyncLevel set to 0 on reset
21:35:10.06   GameInfo::ResetInfo - SyncLevel set to 0 on reset
21:35:10.06   GameInfo::ResetInfo - SyncLevel set to 0 on reset
21:35:10.06   GameInfo::ResetInfo - SyncLevel set to 0 on reset
21:35:10.06   GameInfo::ResetInfo - SyncLevel set to 0 on reset
21:35:10.06   GameInfo::ResetInfo - SyncLevel set to 0 on reset
21:35:10.06   GameInfo::ResetInfo - SyncLevel set to 0 on reset
21:35:10.06   GameInfo::ResetInfo - SyncLevel set to 0 on reset
21:35:10.06   GameInfo::ResetInfo - SyncLevel set to 0 on reset
21:35:10.07   GameInfo::ResetInfo - SyncLevel set to 0 on reset
21:35:10.07   GameInfo::ResetInfo - SyncLevel set to 0 on reset
21:35:10.07   GameInfo::ResetInfo - SyncLevel set to 0 on reset
21:35:10.07   GameInfo::ResetInfo - SyncLevel set to 0 on reset
21:35:10.07   GameInfo::ResetInfo - SyncLevel set to 0 on reset
21:35:10.07   GameInfo::ResetInfo - SyncLevel set to 0 on reset
21:35:10.07   GameInfo::ResetInfo - SyncLevel set to 0 on reset
21:35:10.07   GameInfo::ResetInfo - SyncLevel set to 0 on reset
21:35:10.07   GameInfo::ResetInfo - SyncLevel set to 0 on reset
21:35:10.07   GameInfo::ResetInfo - SyncLevel set to 0 on reset
21:35:10.07   GameInfo::ResetInfo - SyncLevel set to 0 on reset
21:35:10.07   GameInfo::ResetInfo - SyncLevel set to 0 on reset
21:35:10.07   GameInfo::ResetInfo - SyncLevel set to 0 on reset
21:35:10.07   GameInfo::ResetInfo - SyncLevel set to 0 on reset
21:35:10.07   GameInfo::ResetInfo - SyncLevel set to 0 on reset
21:35:10.07   GameInfo::ResetInfo - SyncLevel set to 0 on reset
21:35:10.07   GameInfo::ResetInfo - SyncLevel set to 0 on reset
21:35:10.07   GameInfo::ResetInfo - SyncLevel set to 0 on reset
21:35:10.07   GameInfo::ResetInfo - SyncLevel set to 0 on reset
21:35:10.07   GameInfo::ResetInfo - SyncLevel set to 0 on reset
21:35:10.07   GameInfo::ResetInfo - SyncLevel set to 0 on reset
21:35:10.07   GameInfo::ResetInfo - SyncLevel set to 0 on reset
21:35:10.07   GameInfo::ResetInfo - SyncLevel set to 0 on reset
21:35:10.07   GameInfo::ResetInfo - SyncLevel set to 0 on reset
21:35:10.07   GameInfo::ResetInfo - SyncLevel set to 0 on reset
21:35:10.07   GameInfo::ResetInfo - SyncLevel set to 0 on reset
21:35:10.07   GameInfo::ResetInfo - SyncLevel set to 0 on reset
21:35:10.07   GameInfo::ResetInfo - SyncLevel set to 0 on reset
21:35:10.07   GameInfo::ResetInfo - SyncLevel set to 0 on reset
21:35:10.07   GameInfo::ResetInfo - SyncLevel set to 0 on reset
21:35:10.08   GameInfo::ResetInfo - SyncLevel set to 0 on reset
21:35:10.08   GameInfo::ResetInfo - SyncLevel set to 0 on reset
21:35:10.08   GameInfo::ResetInfo - SyncLevel set to 0 on reset
21:35:10.08   GameInfo::ResetInfo - SyncLevel set to 0 on reset
21:35:10.08   GameInfo::ResetInfo - SyncLevel set to 0 on reset
21:35:10.08   GameInfo::ResetInfo - SyncLevel set to 0 on reset
21:35:10.08   GameInfo::ResetInfo - SyncLevel set to 0 on reset
21:35:10.08   GameInfo::ResetInfo - SyncLevel set to 0 on reset
21:35:10.08   GAME -- Error reading header for recorded game PLAYBACK:ischutz_mad.rec
21:35:10.08   GameInfo::ResetInfo - SyncLevel set to 0 on reset
21:35:10.08   GameInfo::ResetInfo - SyncLevel set to 0 on reset
21:35:10.08   GameInfo::ResetInfo - SyncLevel set to 0 on reset
21:35:10.08   GameInfo::ResetInfo - SyncLevel set to 0 on reset
21:35:10.08   GameInfo::ResetInfo - SyncLevel set to 0 on reset
21:35:10.08   GameInfo::ResetInfo - SyncLevel set to 0 on reset
21:35:10.08   GameInfo::ResetInfo - SyncLevel set to 0 on reset
21:35:10.08   GameInfo::ResetInfo - SyncLevel set to 0 on reset
21:35:10.08   GameInfo::ResetInfo - SyncLevel set to 0 on reset
21:35:10.08   GameInfo::ResetInfo - SyncLevel set to 0 on reset
21:35:10.08   GameInfo::ResetInfo - SyncLevel set to 0 on reset
21:35:10.08   GameInfo::ResetInfo - SyncLevel set to 0 on reset
21:35:10.08   GameInfo::ResetInfo - SyncLevel set to 0 on reset
21:35:10.08   GameInfo::ResetInfo - SyncLevel set to 0 on reset
21:35:10.08   GameInfo::ResetInfo - SyncLevel set to 0 on reset
21:35:10.08   GameInfo::ResetInfo - SyncLevel set to 0 on reset
21:35:10.08   GameInfo::ResetInfo - SyncLevel set to 0 on reset
21:35:10.08   GameInfo::ResetInfo - SyncLevel set to 0 on reset
21:35:10.09   GameInfo::ResetInfo - SyncLevel set to 0 on reset
21:35:10.09   GameInfo::ResetInfo - SyncLevel set to 0 on reset
21:35:10.09   GameInfo::ResetInfo - SyncLevel set to 0 on reset
21:35:10.09   GameInfo::ResetInfo - SyncLevel set to 0 on reset
21:35:10.09   GameInfo::ResetInfo - SyncLevel set to 0 on reset
21:35:10.09   GameInfo::ResetInfo - SyncLevel set to 0 on reset
21:35:10.09   GameInfo::ResetInfo - SyncLevel set to 0 on reset
21:35:10.09   GameInfo::ResetInfo - SyncLevel set to 0 on reset
21:35:10.09   GameInfo::ResetInfo - SyncLevel set to 0 on reset
21:35:10.09   GameInfo::ResetInfo - SyncLevel set to 0 on reset
21:35:10.09   GameInfo::ResetInfo - SyncLevel set to 0 on reset
21:35:10.09   GameInfo::ResetInfo - SyncLevel set to 0 on reset
21:35:10.09   GameInfo::ResetInfo - SyncLevel set to 0 on reset
21:35:10.09   GameInfo::ResetInfo - SyncLevel set to 0 on reset
21:35:10.09   GameInfo::ResetInfo - SyncLevel set to 0 on reset
21:35:10.09   GameInfo::ResetInfo - SyncLevel set to 0 on reset
21:35:10.09   GameInfo::ResetInfo - SyncLevel set to 0 on reset
21:35:10.09   GameInfo::ResetInfo - SyncLevel set to 0 on reset
21:35:10.09   GameInfo::ResetInfo - SyncLevel set to 0 on reset
21:35:10.09   GameInfo::ResetInfo - SyncLevel set to 0 on reset
21:35:10.09   GameInfo::ResetInfo - SyncLevel set to 0 on reset
21:35:10.09   GAME -- Error reading header for recorded game PLAYBACK:MONTARGIS REGION REVISED.2019-06-01.00-22-47.rec
21:35:10.09   GameInfo::ResetInfo - SyncLevel set to 0 on reset
21:35:10.09   GameInfo::ResetInfo - SyncLevel set to 0 on reset
21:35:10.09   GameInfo::ResetInfo - SyncLevel set to 0 on reset
21:35:10.09   GameInfo::ResetInfo - SyncLevel set to 0 on reset
21:35:10.09   GameInfo::ResetInfo - SyncLevel set to 0 on reset
21:35:10.09   GameInfo::ResetInfo - SyncLevel set to 0 on reset
21:35:10.09   GameInfo::ResetInfo - SyncLevel set to 0 on reset
21:35:10.09   GameInfo::ResetInfo - SyncLevel set to 0 on reset
21:35:10.09   GameInfo::ResetInfo - SyncLevel set to 0 on reset
21:35:10.09   GameInfo::ResetInfo - SyncLevel set to 0 on reset
21:35:10.09   GameInfo::ResetInfo - SyncLevel set to 0 on reset
21:35:10.09   GameInfo::ResetInfo - SyncLevel set to 0 on reset
21:35:10.10   GameInfo::ResetInfo - SyncLevel set to 0 on reset
21:35:10.10   GameInfo::ResetInfo - SyncLevel set to 0 on reset
21:35:10.10   GameInfo::ResetInfo - SyncLevel set to 0 on reset
21:35:10.10   GameInfo::ResetInfo - SyncLevel set to 0 on reset
21:35:10.10   GameInfo::ResetInfo - SyncLevel set to 0 on reset
21:35:10.10   GameInfo::ResetInfo - SyncLevel set to 0 on reset
21:35:10.10   GameInfo::ResetInfo - SyncLevel set to 0 on reset
21:35:10.10   GameInfo::ResetInfo - SyncLevel set to 0 on reset
21:35:10.10   GameInfo::ResetInfo - SyncLevel set to 0 on reset
21:35:10.10   GameInfo::ResetInfo - SyncLevel set to 0 on reset
21:35:10.10   GameInfo::ResetInfo - SyncLevel set to 0 on reset
21:35:10.10   GAME -- Error reading header for recorded game PLAYBACK:PE_Baserush_Counter__[GameReplays.org].rec
21:35:10.10   GameInfo::ResetInfo - SyncLevel set to 0 on reset
21:35:10.10   GameInfo::ResetInfo - SyncLevel set to 0 on reset
21:35:10.10   GameInfo::ResetInfo - SyncLevel set to 0 on reset
21:35:10.10   GameInfo::ResetInfo - SyncLevel set to 0 on reset
21:35:10.10   GameInfo::ResetInfo - SyncLevel set to 0 on reset
21:35:10.10   GameInfo::ResetInfo - SyncLevel set to 0 on reset
21:35:10.10   GameInfo::ResetInfo - SyncLevel set to 0 on reset
21:35:10.10   GameInfo::ResetInfo - SyncLevel set to 0 on reset
21:35:10.10   GameInfo::ResetInfo - SyncLevel set to 0 on reset
21:35:10.10   GameInfo::ResetInfo - SyncLevel set to 0 on reset
21:35:10.10   GameInfo::ResetInfo - SyncLevel set to 0 on reset
21:35:10.10   GameInfo::ResetInfo - SyncLevel set to 0 on reset
21:35:10.10   GameInfo::ResetInfo - SyncLevel set to 0 on reset
21:35:10.10   GameInfo::ResetInfo - SyncLevel set to 0 on reset
21:35:10.10   GameInfo::ResetInfo - SyncLevel set to 0 on reset
21:35:10.10   GameInfo::ResetInfo - SyncLevel set to 0 on reset
21:35:10.10   GameInfo::ResetInfo - SyncLevel set to 0 on reset
21:35:10.10   GameInfo::ResetInfo - SyncLevel set to 0 on reset
21:35:10.10   GameInfo::ResetInfo - SyncLevel set to 0 on reset
21:35:10.10   GameInfo::ResetInfo - SyncLevel set to 0 on reset
21:35:10.10   GameInfo::ResetInfo - SyncLevel set to 0 on reset
21:35:10.10   GameInfo::ResetInfo - SyncLevel set to 0 on reset
21:35:10.10   GameInfo::ResetInfo - SyncLevel set to 0 on reset
21:35:10.10   GameInfo::ResetInfo - SyncLevel set to 0 on reset
21:35:10.11   GAME -- Error reading header for recorded game PLAYBACK:Scheldt shit.rec
21:35:10.11   GameInfo::ResetInfo - SyncLevel set to 0 on reset
21:35:10.11   GameInfo::ResetInfo - SyncLevel set to 0 on reset
21:35:10.11   GameInfo::ResetInfo - SyncLevel set to 0 on reset
21:35:10.11   GameInfo::ResetInfo - SyncLevel set to 0 on reset
21:35:10.11   GameInfo::ResetInfo - SyncLevel set to 0 on reset
21:35:10.11   GameInfo::ResetInfo - SyncLevel set to 0 on reset
21:35:10.11   GameInfo::ResetInfo - SyncLevel set to 0 on reset
21:35:10.11   GameInfo::ResetInfo - SyncLevel set to 0 on reset
21:35:10.11   GameInfo::ResetInfo - SyncLevel set to 0 on reset
21:35:10.11   GameInfo::ResetInfo - SyncLevel set to 0 on reset
21:35:10.11   GameInfo::ResetInfo - SyncLevel set to 0 on reset
21:35:10.11   GameInfo::ResetInfo - SyncLevel set to 0 on reset
21:35:10.11   GameInfo::ResetInfo - SyncLevel set to 0 on reset
21:35:10.11   GameInfo::ResetInfo - SyncLevel set to 0 on reset
21:35:10.11   GameInfo::ResetInfo - SyncLevel set to 0 on reset
21:35:10.11   GameInfo::ResetInfo - SyncLevel set to 0 on reset
21:35:10.11   GameInfo::ResetInfo - SyncLevel set to 0 on reset
21:35:10.11   GameInfo::ResetInfo - SyncLevel set to 0 on reset
21:35:10.11   GameInfo::ResetInfo - SyncLevel set to 0 on reset
21:35:10.11   GameInfo::ResetInfo - SyncLevel set to 0 on reset
21:35:10.11   GameInfo::ResetInfo - SyncLevel set to 0 on reset
21:35:10.11   GameInfo::ResetInfo - SyncLevel set to 0 on reset
21:35:10.11   GameInfo::ResetInfo - SyncLevel set to 0 on reset
21:35:10.11   GameInfo::ResetInfo - SyncLevel set to 0 on reset
21:35:10.11   GameInfo::ResetInfo - SyncLevel set to 0 on reset
21:35:10.11   GameInfo::ResetInfo - SyncLevel set to 0 on reset
21:35:10.11   GameInfo::ResetInfo - SyncLevel set to 0 on reset
21:35:10.11   GameInfo::ResetInfo - SyncLevel set to 0 on reset
21:35:10.11   GameInfo::ResetInfo - SyncLevel set to 0 on reset
21:35:10.11   GameInfo::ResetInfo - SyncLevel set to 0 on reset
21:35:10.11   GameInfo::ResetInfo - SyncLevel set to 0 on reset
21:35:10.11   GameInfo::ResetInfo - SyncLevel set to 0 on reset
21:35:10.11   GameInfo::ResetInfo - SyncLevel set to 0 on reset
21:35:10.11   GameInfo::ResetInfo - SyncLevel set to 0 on reset
21:35:10.11   GameInfo::ResetInfo - SyncLevel set to 0 on reset
21:35:10.12   GameInfo::ResetInfo - SyncLevel set to 0 on reset
21:35:10.12   GameInfo::ResetInfo - SyncLevel set to 0 on reset
21:35:10.12   GameInfo::ResetInfo - SyncLevel set to 0 on reset
21:35:10.12   GameInfo::ResetInfo - SyncLevel set to 0 on reset
21:35:10.12   GameInfo::ResetInfo - SyncLevel set to 0 on reset
21:35:10.12   GameInfo::ResetInfo - SyncLevel set to 0 on reset
21:35:10.12   GameInfo::ResetInfo - SyncLevel set to 0 on reset
21:35:10.12   GameInfo::ResetInfo - SyncLevel set to 0 on reset
21:35:10.12   GameInfo::ResetInfo - SyncLevel set to 0 on reset
21:35:10.12   GameInfo::ResetInfo - SyncLevel set to 0 on reset
21:35:10.12   GameInfo::ResetInfo - SyncLevel set to 0 on reset
21:35:10.12   GameInfo::ResetInfo - SyncLevel set to 0 on reset
21:35:10.12   GameInfo::ResetInfo - SyncLevel set to 0 on reset
21:35:10.12   GameInfo::ResetInfo - SyncLevel set to 0 on reset
21:35:10.12   GameInfo::ResetInfo - SyncLevel set to 0 on reset
21:35:10.12   GameInfo::ResetInfo - SyncLevel set to 0 on reset
21:35:10.12   GameInfo::ResetInfo - SyncLevel set to 0 on reset
21:35:10.12   GameInfo::ResetInfo - SyncLevel set to 0 on reset
21:35:10.12   GameInfo::ResetInfo - SyncLevel set to 0 on reset
21:35:10.12   GameInfo::ResetInfo - SyncLevel set to 0 on reset
21:35:10.12   GameInfo::ResetInfo - SyncLevel set to 0 on reset
21:35:10.12   GameInfo::ResetInfo - SyncLevel set to 0 on reset
21:35:10.12   GameInfo::ResetInfo - SyncLevel set to 0 on reset
21:35:10.12   GameInfo::ResetInfo - SyncLevel set to 0 on reset
21:35:10.12   GameInfo::ResetInfo - SyncLevel set to 0 on reset
21:35:10.12   GameInfo::ResetInfo - SyncLevel set to 0 on reset
21:35:10.12   GameInfo::ResetInfo - SyncLevel set to 0 on reset
21:35:10.13   GameInfo::ResetInfo - SyncLevel set to 0 on reset
21:35:10.13   GameInfo::ResetInfo - SyncLevel set to 0 on reset
21:35:10.13   GameInfo::ResetInfo - SyncLevel set to 0 on reset
21:35:10.13   GameInfo::ResetInfo - SyncLevel set to 0 on reset
21:35:10.13   GameInfo::ResetInfo - SyncLevel set to 0 on reset
21:35:10.13   GameInfo::ResetInfo - SyncLevel set to 0 on reset
21:35:10.13   GameInfo::ResetInfo - SyncLevel set to 0 on reset
21:35:10.13   GameInfo::ResetInfo - SyncLevel set to 0 on reset
21:35:10.13   GameInfo::ResetInfo - SyncLevel set to 0 on reset
21:35:10.13   GameInfo::ResetInfo - SyncLevel set to 0 on reset
21:35:10.13   GameInfo::ResetInfo - SyncLevel set to 0 on reset
21:35:10.13   GameInfo::ResetInfo - SyncLevel set to 0 on reset
21:35:10.13   GameInfo::ResetInfo - SyncLevel set to 0 on reset
21:35:10.13   GameInfo::ResetInfo - SyncLevel set to 0 on reset
21:35:10.13   GameInfo::ResetInfo - SyncLevel set to 0 on reset
21:35:10.13   RLINK -- SENDING FORCED ACK from Peer 3 to Peer 11 - timeSinceLastAckMS      30415, transmitAckLastTimeMS    5937281 | Peer ---E- M#00000000 Sack00000008 NSack00000000 (C0.0% S:0.0) [  ]
21:35:10.13   GameInfo::ResetInfo - SyncLevel set to 0 on reset
21:35:10.13   GameInfo::ResetInfo - SyncLevel set to 0 on reset
21:35:10.13   GameInfo::ResetInfo - SyncLevel set to 0 on reset
21:35:10.13   GameInfo::ResetInfo - SyncLevel set to 0 on reset
21:35:10.13   GameInfo::ResetInfo - SyncLevel set to 0 on reset
21:35:10.13   GameInfo::ResetInfo - SyncLevel set to 0 on reset
21:35:10.13   GameInfo::ResetInfo - SyncLevel set to 0 on reset
21:35:10.13   GameInfo::ResetInfo - SyncLevel set to 0 on reset
21:35:10.13   GameInfo::ResetInfo - SyncLevel set to 0 on reset
21:35:10.13   GameInfo::ResetInfo - SyncLevel set to 0 on reset
21:35:10.13   GameInfo::ResetInfo - SyncLevel set to 0 on reset
21:35:10.13   GameInfo::ResetInfo - SyncLevel set to 0 on reset
21:35:10.13   GameInfo::ResetInfo - SyncLevel set to 0 on reset
21:35:10.13   GameInfo::ResetInfo - SyncLevel set to 0 on reset
21:35:10.13   GameInfo::ResetInfo - SyncLevel set to 0 on reset
21:35:10.13   GameInfo::ResetInfo - SyncLevel set to 0 on reset
21:35:10.14   GameInfo::ResetInfo - SyncLevel set to 0 on reset
21:35:10.14   GameInfo::ResetInfo - SyncLevel set to 0 on reset
21:35:10.14   GameInfo::ResetInfo - SyncLevel set to 0 on reset
21:35:10.14   GameInfo::ResetInfo - SyncLevel set to 0 on reset
21:35:10.14   GameInfo::ResetInfo - SyncLevel set to 0 on reset
21:35:10.14   GameInfo::ResetInfo - SyncLevel set to 0 on reset
21:35:10.14   GameInfo::ResetInfo - SyncLevel set to 0 on reset
21:35:10.14   GameInfo::ResetInfo - SyncLevel set to 0 on reset
21:35:10.14   GameInfo::ResetInfo - SyncLevel set to 0 on reset
21:35:10.14   GameInfo::ResetInfo - SyncLevel set to 0 on reset
21:35:10.14   GameInfo::ResetInfo - SyncLevel set to 0 on reset
21:35:10.14   GameInfo::ResetInfo - SyncLevel set to 0 on reset
21:35:10.14   GameInfo::ResetInfo - SyncLevel set to 0 on reset
21:35:10.14   GameInfo::ResetInfo - SyncLevel set to 0 on reset
21:35:10.14   GameInfo::ResetInfo - SyncLevel set to 0 on reset
21:35:10.28   RLINK -- SENDING FORCED ACK from Peer 3 to Peer 7 - timeSinceLastAckMS      30565, transmitAckLastTimeMS    5937431 | Peer ---E- M#00000000 Sack00000006 NSack00000000 (C0.0% S:0.0) [  ]
21:35:10.28   RLINK -- SENDING FORCED ACK from Peer 3 to Peer 10 - timeSinceLastAckMS      20137, transmitAckLastTimeMS    5937431 | Peer ---E- M#00000000 Sack00000003 NSack00000000 (C0.0% S:0.0) [  ]
21:35:10.28   RLINK -- SENDING FORCED ACK from Peer 3 to Peer 16 - timeSinceLastAckMS        391, transmitAckLastTimeMS    5937431 | Peer ---E- M#00000000 Sack00000006 NSack00000000 (C0.0% S:0.0) [  ]
21:35:10.40   RLINK -- SENDING RETRY - Peer 3 to Peer 1 retryTimeMS       1009 oneMsg.lastTransmitTime    5936545, timeSinceLastTransmitMS       1010 | Peer RS--- M#00000342 Sack00000229 NSack00000000 (C0.0% S:0.0) [ PKT SIZE:18 data DestChannel:��{, Size:14  ]
21:35:10.40   RLINK -- SENDING FORCED ACK from Peer 3 to Peer 13 - timeSinceLastAckMS      30689, transmitAckLastTimeMS    5937555 | Peer ---E- M#00000000 Sack00000001 NSack00000000 (C0.0% S:0.0) [  ]
21:35:10.52   RLINK -- SENDING FORCED ACK from Peer 3 to Peer 11 - timeSinceLastAckMS        394, transmitAckLastTimeMS    5937675 | Peer ---E- M#00000000 Sack00000009 NSack00000000 (C0.0% S:0.0) [  ]
21:35:10.55   RLINK -- SENDING FORCED ACK from Peer 3 to Peer 16 - timeSinceLastAckMS        274, transmitAckLastTimeMS    5937705 | Peer ---E- M#00000000 Sack00000007 NSack00000000 (C0.0% S:0.0) [  ]
21:35:10.64   RLINK -- SENDING FORCED ACK from Peer 3 to Peer 7 - timeSinceLastAckMS        364, transmitAckLastTimeMS    5937795 | Peer ---E- M#00000000 Sack00000007 NSack00000000 (C0.0% S:0.0) [  ]
21:35:10.67   RLINK -- SENDING FORCED ACK from Peer 3 to Peer 13 - timeSinceLastAckMS        270, transmitAckLastTimeMS    5937825 | Peer ---E- M#00000000 Sack00000002 NSack00000000 (C0.0% S:0.0) [  ]
21:35:10.73   RLINK -- [P#3] SrcP# 10 ignoring old retry: 3 expect: 4
21:35:10.76   RLINK -- SENDING FORCED ACK from Peer 3 to Peer 12 - timeSinceLastAckMS      31049, transmitAckLastTimeMS    5937915 | Peer ---E- M#00000000 Sack00000001 NSack00000000 (C0.0% S:0.0) [  ]
21:35:10.79   RLINK -- SENDING FORCED ACK from Peer 3 to Peer 11 - timeSinceLastAckMS        270, transmitAckLastTimeMS    5937945 | Peer ---E- M#00000000 Sack00000010 NSack00000000 (C0.0% S:0.0) [  ]
21:35:10.89   RLINK -- SENDING FORCED ACK from Peer 3 to Peer 16 - timeSinceLastAckMS        331, transmitAckLastTimeMS    5938036 | Peer ---E- M#00000000 Sack00000008 NSack00000000 (C0.0% S:0.0) [  ]
21:35:11.01   RLINK -- SENDING FORCED ACK from Peer 3 to Peer 7 - timeSinceLastAckMS        361, transmitAckLastTimeMS    5938156 | Peer ---E- M#00000000 Sack00000008 NSack00000000 (C0.0% S:0.0) [  ]
21:35:11.01   RLINK -- SENDING FORCED ACK from Peer 3 to Peer 13 - timeSinceLastAckMS        331, transmitAckLastTimeMS    5938156 | Peer ---E- M#00000000 Sack00000003 NSack00000000 (C0.0% S:0.0) [  ]
21:35:11.13   RLINK -- SENDING FORCED ACK from Peer 3 to Peer 10 - timeSinceLastAckMS        845, transmitAckLastTimeMS    5938276 | Peer ---E- M#00000000 Sack00000004 NSack00000000 (C0.0% S:0.0) [  ]
21:35:11.16   RLINK -- SENDING FORCED ACK from Peer 3 to Peer 16 - timeSinceLastAckMS        270, transmitAckLastTimeMS    5938306 | Peer ---E- M#00000000 Sack00000009 NSack00000000 (C0.0% S:0.0) [  ]
21:35:11.25   RLINK -- [P#3] SrcP# 12 ignoring old retry: 1 expect: 2
21:35:11.40   RLINK -- SENDING FORCED ACK from Peer 3 to Peer 7 - timeSinceLastAckMS        390, transmitAckLastTimeMS    5938546 | Peer ---E- M#00000000 Sack00000009 NSack00000000 (C0.0% S:0.0) [  ]
21:35:11.40   RLINK -- SENDING FORCED ACK from Peer 3 to Peer 12 - timeSinceLastAckMS        631, transmitAckLastTimeMS    5938546 | Peer ---E- M#00000000 Sack00000002 NSack00000000 (C0.0% S:0.0) [  ]
21:35:11.40   RLINK -- SENDING FORCED ACK from Peer 3 to Peer 13 - timeSinceLastAckMS        390, transmitAckLastTimeMS    5938546 | Peer ---E- M#00000000 Sack00000004 NSack00000000 (C0.0% S:0.0) [  ]
21:35:11.48   GAME -- Ending FE
21:35:11.48   UIFrontEnd - Unloading Front End
21:35:11.51   SOUND -- Shutting down ...
21:35:11.52   RLINK -- SENDING FORCED ACK from Peer 3 to Peer 16 - timeSinceLastAckMS        360, transmitAckLastTimeMS    5938666 | Peer ---E- M#00000000 Sack00000010 NSack00000000 (C0.0% S:0.0) [  ]
21:35:11.59   SOUND -- Shutdown completed!
21:35:11.61   RLINK -- [P#3] SrcP# 10 ignoring old retry: 4 expect: 5
21:35:11.61   P2PNetworkSynchronization::RegisterPeer - info, registered remote station [1].
21:35:11.61   P2PNetworkSynchronization::RegisterPeer - info, registered local station [3].
21:35:11.61   P2PNetworkSynchronization::RegisterPeer - info, registered remote station [7].
21:35:11.61   P2PNetworkSynchronization::RegisterPeer - info, registered remote station [10].
21:35:11.61   P2PNetworkSynchronization::RegisterPeer - info, registered remote station [11].
21:35:11.61   P2PNetworkSynchronization::RegisterPeer - info, registered remote station [12].
21:35:11.61   P2PNetworkSynchronization::RegisterPeer - info, registered remote station [13].
21:35:11.61   P2PNetworkSynchronization::RegisterPeer - info, registered remote station [16].
21:35:11.61
21:35:11.61   GAME -- *** Beginning mission 8p_montargis region (8 Humans, 0 Computers) ***
21:35:11.61
21:35:11.61   GameObj::StartGameObj - info, network session GUID set to [{1c0b705f-7fd1-43cc-a061-48481df9e0ab}].
21:35:11.64   RLINK -- SENDING FORCED ACK from Peer 3 to Peer 11 - timeSinceLastAckMS        841, transmitAckLastTimeMS    5938786 | Peer ---E- M#00000000 Sack00000011 NSack00000000 (C0.0% S:0.0) [  ]
21:35:11.67   RLINK -- SENDING FORCED ACK from Peer 3 to Peer 7 - timeSinceLastAckMS        270, transmitAckLastTimeMS    5938816 | Peer ---E- M#00000000 Sack00000010 NSack00000000 (C0.0% S:0.0) [  ]
21:35:11.72   GAME -- Recording game
21:35:11.74   Activating screen: GameLoadScreen
21:35:11.87   THREAD: Hyper-Threading Technology Processors are not detected.
21:35:11.91   SOUND -- Initializing ...
21:35:11.97   SOUND -- Initialization completed!
21:35:11.97   PHYSICS: detected processor(s) capable of handling 12 threads.
21:35:11.98   MOD -- Locating MOD for scenario 'DATA:scenarios\mp\classic\8p_montargis region\8p_montargis region'
21:35:11.98   MOD -- Using Mod 'RelicCOH'
21:35:12.00   RLINK -- SENDING FORCED ACK from Peer 3 to Peer 11 - timeSinceLastAckMS        256, transmitAckLastTimeMS    5939148 | Peer ---E- M#00000000 Sack00000012 NSack00000000 (C0.0% S:0.0) [  ]
21:35:12.00   Unable to load/parse precache file [DATA:scenarios\mp\classic\8p_montargis region\8p_montargis region_precache.lua]
21:35:12.27   RLINK -- SENDING FORCED ACK from Peer 3 to Peer 7 - timeSinceLastAckMS        265, transmitAckLastTimeMS    5939419 | Peer ---E- M#00000000 Sack00000012 NSack00000000 (C0.0% S:0.0) [  ]
21:35:12.27   RLINK -- SENDING RETRY - Peer 3 to Peer 10 retryTimeMS        500 oneMsg.lastTransmitTime    5938892, timeSinceLastTransmitMS        527 | Peer RS--- M#00000005 Sack00000004 NSack00000000 (C0.0% S:0.0) [ PKT SIZE:22 data DestChannel:[\�, Size:18  ]
21:35:12.27   RLINK -- SENDING FORCED ACK from Peer 3 to Peer 11 - timeSinceLastAckMS        265, transmitAckLastTimeMS    5939419 | Peer ---E- M#00000000 Sack00000013 NSack00000000 (C0.0% S:0.0) [  ]
21:35:12.27   RLINK -- SENDING FORCED ACK from Peer 3 to Peer 16 - timeSinceLastAckMS        265, transmitAckLastTimeMS    5939419 | Peer ---E- M#00000000 Sack00000012 NSack00000000 (C0.0% S:0.0) [  ]
21:35:12.31   GameObjLoader - upgrading load_count from 0 to 113
21:35:12.46   GameObjLoader - upgrading load_count from 113 to 1404
21:35:12.51   RLINK -- SENDING RETRY - Peer 3 to Peer 10 retryTimeMS        500 oneMsg.lastTransmitTime    5939154, timeSinceLastTransmitMS        508 | Peer RS--- M#00000006 Sack00000005 NSack00000000 (C0.0% S:0.0) [ PKT SIZE:22 data DestChannel:x\�, Size:18  ]
21:35:12.57   RLINK -- SENDING FORCED ACK from Peer 3 to Peer 13 - timeSinceLastAckMS        267, transmitAckLastTimeMS    5939724 | Peer ---E- M#00000000 Sack00000007 NSack00000000 (C0.0% S:0.0) [  ]
21:35:12.57   RLINK -- SENDING FORCED ACK from Peer 3 to Peer 16 - timeSinceLastAckMS        267, transmitAckLastTimeMS    5939724 | Peer ---E- M#00000000 Sack00000013 NSack00000000 (C0.0% S:0.0) [  ]
21:35:12.82   RLINK -- SENDING RETRY - Peer 3 to Peer 10 retryTimeMS        500 oneMsg.lastTransmitTime    5939457, timeSinceLastTransmitMS        509 | Peer RS--- M#00000007 Sack00000006 NSack00000000 (C0.0% S:0.0) [ PKT SIZE:22 data DestChannel:�{, Size:18  ]
21:35:12.88   RLINK -- SENDING FORCED ACK from Peer 3 to Peer 1 - timeSinceLastAckMS        259, transmitAckLastTimeMS    5940027 | Peer ---E- M#00000000 Sack00000230 NSack00000000 (C0.0% S:0.0) [  ]
21:35:12.88   RLINK -- SENDING FORCED ACK from Peer 3 to Peer 7 - timeSinceLastAckMS        259, transmitAckLastTimeMS    5940027 | Peer ---E- M#00000000 Sack00000014 NSack00000000 (C0.0% S:0.0) [  ]
21:35:12.88   RLINK -- SENDING FORCED ACK from Peer 3 to Peer 11 - timeSinceLastAckMS        259, transmitAckLastTimeMS    5940027 | Peer ---E- M#00000000 Sack00000015 NSack00000000 (C0.0% S:0.0) [  ]
21:35:12.88   RLINK -- SENDING FORCED ACK from Peer 3 to Peer 16 - timeSinceLastAckMS        259, transmitAckLastTimeMS    5940027 | Peer ---E- M#00000000 Sack00000014 NSack00000000 (C0.0% S:0.0) [  ]
21:35:13.00   RLINK -- [P#3] SrcP# 10 ignoring old retry: 5 expect: 7
21:35:13.08   GameObjLoader - upgrading load_count from 1404 to 1463
21:35:13.12   RLINK -- SENDING RETRY - Peer 3 to Peer 10 retryTimeMS        500 oneMsg.lastTransmitTime    5939768, timeSinceLastTransmitMS        503 | Peer RS--- M#00000008 Sack00000006 NSack00000000 (C0.0% S:0.0) [ PKT SIZE:22 data DestChannel:[\�, Size:18  ]
21:35:13.18   RLINK -- SENDING FORCED ACK from Peer 3 to Peer 12 - timeSinceLastAckMS        255, transmitAckLastTimeMS    5940331 | Peer ---E- M#00000000 Sack00000004 NSack00000000 (C0.0% S:0.0) [  ]
21:35:13.18   RLINK -- SENDING FORCED ACK from Peer 3 to Peer 13 - timeSinceLastAckMS        255, transmitAckLastTimeMS    5940331 | Peer ---E- M#00000000 Sack00000009 NSack00000000 (C0.0% S:0.0) [  ]
21:35:13.18   RLINK -- SENDING FORCED ACK from Peer 3 to Peer 16 - timeSinceLastAckMS        255, transmitAckLastTimeMS    5940331 | Peer ---E- M#00000000 Sack00000015 NSack00000000 (C0.0% S:0.0) [  ]
21:35:13.24   RLINK -- [P#3] SrcP# 10 ignoring old retry: 6 expect: 8
21:35:13.45   RLINK -- SENDING RETRY - Peer 3 to Peer 10 retryTimeMS        500 oneMsg.lastTransmitTime    5940076, timeSinceLastTransmitMS        528 | Peer RS--- M#00000009 Sack00000007 NSack00000000 (C0.0% S:0.0) [ PKT SIZE:22 data DestChannel:L�, Size:18  ]
21:35:13.51   RLINK -- SENDING FORCED ACK from Peer 3 to Peer 7 - timeSinceLastAckMS        277, transmitAckLastTimeMS    5940664 | Peer ---E- M#00000000 Sack00000016 NSack00000000 (C0.0% S:0.0) [  ]
21:35:13.51   RLINK -- SENDING FORCED ACK from Peer 3 to Peer 11 - timeSinceLastAckMS        277, transmitAckLastTimeMS    5940664 | Peer ---E- M#00000000 Sack00000016 NSack00000000 (C0.0% S:0.0) [  ]
21:35:13.51   RLINK -- SENDING FORCED ACK from Peer 3 to Peer 12 - timeSinceLastAckMS        277, transmitAckLastTimeMS    5940664 | Peer ---E- M#00000000 Sack00000005 NSack00000000 (C0.0% S:0.0) [  ]
21:35:13.51   RLINK -- SENDING FORCED ACK from Peer 3 to Peer 13 - timeSinceLastAckMS        277, transmitAckLastTimeMS    5940664 | Peer ---E- M#00000000 Sack00000010 NSack00000000 (C0.0% S:0.0) [  ]
21:35:13.51   RLINK -- SENDING FORCED ACK from Peer 3 to Peer 16 - timeSinceLastAckMS        277, transmitAckLastTimeMS    5940664 | Peer ---E- M#00000000 Sack00000016 NSack00000000 (C0.0% S:0.0) [  ]
21:35:13.54   RLINK -- SENDING RETRY - Peer 3 to Peer 1 retryTimeMS       1226 oneMsg.lastTransmitTime    5939457, timeSinceLastTransmitMS       1237 | Peer RS--- M#00000345 Sack00000230 NSack00000000 (C0.0% S:0.0) [ PKT SIZE:22 data DestChannel: ]
21:35:13.60   RLINK -- [P#3] SrcP# 10 ignoring old retry: 7 expect: 9
21:35:13.75   RLINK -- SENDING RETRY - Peer 3 to Peer 10 retryTimeMS        500 oneMsg.lastTransmitTime    5940387, timeSinceLastTransmitMS        519 | Peer RS--- M#00000010 Sack00000009 NSack00000000 (C0.0% S:0.0) [ PKT SIZE:22 data DestChannel: ]
21:35:13.82   RLINK -- SENDING FORCED ACK from Peer 3 to Peer 1 - timeSinceLastAckMS        257, transmitAckLastTimeMS    5940969 | Peer ---E- M#00000000 Sack00000231 NSack00000000 (C0.0% S:0.0) [  ]
21:35:13.82   RLINK -- SENDING FORCED ACK from Peer 3 to Peer 11 - timeSinceLastAckMS        257, transmitAckLastTimeMS    5940969 | Peer ---E- M#00000000 Sack00000017 NSack00000000 (C0.0% S:0.0) [  ]
21:35:13.82   RLINK -- SENDING FORCED ACK from Peer 3 to Peer 12 - timeSinceLastAckMS        257, transmitAckLastTimeMS    5940969 | Peer ---E- M#00000000 Sack00000006 NSack00000000 (C0.0% S:0.0) [  ]
21:35:13.82   RLINK -- SENDING FORCED ACK from Peer 3 to Peer 13 - timeSinceLastAckMS        257, transmitAckLastTimeMS    5940969 | Peer ---E- M#00000000 Sack00000011 NSack00000000 (C0.0% S:0.0) [  ]
21:35:13.82   RLINK -- SENDING FORCED ACK from Peer 3 to Peer 16 - timeSinceLastAckMS        257, transmitAckLastTimeMS    5940969 | Peer ---E- M#00000000 Sack00000017 NSack00000000 (C0.0% S:0.0) [  ]
21:35:14.00   RLINK -- [P#3] SrcP# 10 ignoring old retry: 8 expect: 10
21:35:14.06   RLINK -- SENDING RETRY - Peer 3 to Peer 10 retryTimeMS        500 oneMsg.lastTransmitTime    5940712, timeSinceLastTransmitMS        502 | Peer RS--- M#00000011 Sack00000009 NSack00000000 (C0.0% S:0.0) [ PKT SIZE:22 data DestChannel:�ǎ, Size:18  ]
21:35:14.12   RLINK -- [P#3] SrcP# 10 ignoring old retry: 7 expect: 10
21:35:14.12   RLINK -- SENDING FORCED ACK from Peer 3 to Peer 13 - timeSinceLastAckMS        252, transmitAckLastTimeMS    5941274 | Peer ---E- M#00000000 Sack00000012 NSack00000000 (C0.0% S:0.0) [  ]
21:35:14.12   RLINK -- SENDING FORCED ACK from Peer 3 to Peer 16 - timeSinceLastAckMS        252, transmitAckLastTimeMS    5941274 | Peer ---E- M#00000000 Sack00000018 NSack00000000 (C0.0% S:0.0) [  ]
21:35:14.15   RLINK -- SENDING FORCED ACK from Peer 3 to Peer 12 - timeSinceLastAckMS        282, transmitAckLastTimeMS    5941304 | Peer ---E- M#00000000 Sack00000007 NSack00000000 (C0.0% S:0.0) [  ]
21:35:14.18   GameObjLoader - upgrading load_count from 1463 to 4264
21:35:14.24   RLINK -- [P#3] SrcP# 10 ignoring old retry: 9 expect: 11
21:35:14.40   RLINK -- SENDING RETRY - Peer 3 to Peer 10 retryTimeMS        500 oneMsg.lastTransmitTime    5941022, timeSinceLastTransmitMS        524 | Peer RS--- M#00000012 Sack00000010 NSack00000000 (C0.0% S:0.0) [ PKT SIZE:22 data DestChannel:b��, Size:18  ]
21:35:14.46   RLINK -- SENDING FORCED ACK from Peer 3 to Peer 1 - timeSinceLastAckMS        278, transmitAckLastTimeMS    5941607 | Peer ---E- M#00000000 Sack00000232 NSack00000000 (C0.0% S:0.0) [  ]
21:35:14.46   RLINK -- SENDING FORCED ACK from Peer 3 to Peer 11 - timeSinceLastAckMS        278, transmitAckLastTimeMS    5941607 | Peer ---E- M#00000000 Sack00000019 NSack00000000 (C0.0% S:0.0) [  ]
21:35:14.46   RLINK -- SENDING FORCED ACK from Peer 3 to Peer 13 - timeSinceLastAckMS        278, transmitAckLastTimeMS    5941607 | Peer ---E- M#00000000 Sack00000013 NSack00000000 (C0.0% S:0.0) [  ]
21:35:14.46   RLINK -- SENDING FORCED ACK from Peer 3 to Peer 16 - timeSinceLastAckMS        278, transmitAckLastTimeMS    5941607 | Peer ---E- M#00000000 Sack00000019 NSack00000000 (C0.0% S:0.0) [  ]
21:35:14.61   RLINK -- [P#3] SrcP# 10 ignoring old retry: 10 expect: 12
21:35:14.70   RLINK -- SENDING RETRY - Peer 3 to Peer 10 retryTimeMS        500 oneMsg.lastTransmitTime    5941329, timeSinceLastTransmitMS        522 | Peer RS--- M#00000013 Sack00000011 NSack00000000 (C0.0% S:0.0) [ PKT SIZE:22 data DestChannel: ]
21:35:14.76   RLINK -- SENDING FORCED ACK from Peer 3 to Peer 1 - timeSinceLastAckMS        272, transmitAckLastTimeMS    5941911 | Peer ---E- M#00000000 Sack00000234 NSack00000000 (C0.0% S:0.0) [  ]
21:35:14.76   RLINK -- SENDING FORCED ACK from Peer 3 to Peer 7 - timeSinceLastAckMS        272, transmitAckLastTimeMS    5941911 | Peer ---E- M#00000000 Sack00000017 NSack00000000 (C0.0% S:0.0) [  ]
21:35:14.76   RLINK -- SENDING FORCED ACK from Peer 3 to Peer 11 - timeSinceLastAckMS        272, transmitAckLastTimeMS    5941911 | Peer ---E- M#00000000 Sack00000020 NSack00000000 (C0.0% S:0.0) [  ]
21:35:14.76   RLINK -- SENDING FORCED ACK from Peer 3 to Peer 13 - timeSinceLastAckMS        272, transmitAckLastTimeMS    5941911 | Peer ---E- M#00000000 Sack00000014 NSack00000000 (C0.0% S:0.0) [  ]
21:35:14.76   RLINK -- SENDING FORCED ACK from Peer 3 to Peer 16 - timeSinceLastAckMS        272, transmitAckLastTimeMS    5941911 | Peer ---E- M#00000000 Sack00000020 NSack00000000 (C0.0% S:0.0) [  ]
21:35:14.97   RLINK -- [P#3] SrcP# 10 ignoring old retry: 11 expect: 13
21:35:15.00   RLINK -- SENDING RETRY - Peer 3 to Peer 10 retryTimeMS        500 oneMsg.lastTransmitTime    5941639, timeSinceLastTransmitMS        513 | Peer RS--- M#00000014 Sack00000012 NSack00000000 (C0.0% S:0.0) [ PKT SIZE:22 data DestChannel:j��, Size:18  ]
21:35:15.06   RLINK -- SENDING FORCED ACK from Peer 3 to Peer 11 - timeSinceLastAckMS        265, transmitAckLastTimeMS    5942213 | Peer ---E- M#00000000 Sack00000021 NSack00000000 (C0.0% S:0.0) [  ]
21:35:15.06   RLINK -- SENDING FORCED ACK from Peer 3 to Peer 12 - timeSinceLastAckMS        265, transmitAckLastTimeMS    5942213 | Peer ---E- M#00000000 Sack00000009 NSack00000000 (C0.0% S:0.0) [  ]
21:35:15.06   RLINK -- SENDING FORCED ACK from Peer 3 to Peer 13 - timeSinceLastAckMS        265, transmitAckLastTimeMS    5942213 | Peer ---E- M#00000000 Sack00000015 NSack00000000 (C0.0% S:0.0) [  ]
21:35:15.06   RLINK -- SENDING FORCED ACK from Peer 3 to Peer 16 - timeSinceLastAckMS        265, transmitAckLastTimeMS    5942213 | Peer ---E- M#00000000 Sack00000021 NSack00000000 (C0.0% S:0.0) [  ]
21:35:15.24   RLINK -- [P#3] SrcP# 10 ignoring old retry: 12 expect: 14
21:35:15.30   RLINK -- SENDING RETRY - Peer 3 to Peer 10 retryTimeMS        500 oneMsg.lastTransmitTime    5941948, timeSinceLastTransmitMS        506 | Peer RS--- M#00000015 Sack00000013 NSack00000000 (C0.0% S:0.0) [ PKT SIZE:22 data DestChannel: ]
21:35:15.36   RLINK -- SENDING FORCED ACK from Peer 3 to Peer 1 - timeSinceLastAckMS        253, transmitAckLastTimeMS    5942514 | Peer ---E- M#00000000 Sack00000235 NSack00000000 (C0.0% S:0.0) [  ]
21:35:15.36   RLINK -- SENDING FORCED ACK from Peer 3 to Peer 11 - timeSinceLastAckMS        253, transmitAckLastTimeMS    5942514 | Peer ---E- M#00000000 Sack00000022 NSack00000000 (C0.0% S:0.0) [  ]
21:35:15.36   RLINK -- SENDING FORCED ACK from Peer 3 to Peer 12 - timeSinceLastAckMS        253, transmitAckLastTimeMS    5942514 | Peer ---E- M#00000000 Sack00000010 NSack00000000 (C0.0% S:0.0) [  ]
21:35:15.36   RLINK -- SENDING FORCED ACK from Peer 3 to Peer 13 - timeSinceLastAckMS        253, transmitAckLastTimeMS    5942514 | Peer ---E- M#00000000 Sack00000016 NSack00000000 (C0.0% S:0.0) [  ]
21:35:15.36   RLINK -- SENDING FORCED ACK from Peer 3 to Peer 16 - timeSinceLastAckMS        253, transmitAckLastTimeMS    5942514 | Peer ---E- M#00000000 Sack00000022 NSack00000000 (C0.0% S:0.0) [  ]
21:35:15.42   GameObjLoader 16e79880 - resetting counters
21:35:15.42   GameObjLoader 16e79880 - LOAD_DONE
21:35:15.42   GAME - SessionSetup
21:35:15.45   CommandBPDatabase - Unable to register function [splat_attach] due to missing CommandBP.
21:35:15.45   TERRAINTEXTURE -- compositor added RenderTarget [0] of size 1024 x 1024
21:35:15.45   TERRAINTEXTURE -- compositor added RenderTarget [1] of size 1024 x 1024
21:35:15.61   RLINK -- [P#3] SrcP# 10 ignoring old retry: 13 expect: 15
21:35:15.64   RLINK -- SENDING RETRY - Peer 3 to Peer 10 retryTimeMS        500 oneMsg.lastTransmitTime    5942261, timeSinceLastTransmitMS        526 | Peer RS--- M#00000016 Sack00000014 NSack00000000 (C0.0% S:0.0) [ PKT SIZE:22 data DestChannel: ]
21:35:15.70   RLINK -- SENDING FORCED ACK from Peer 3 to Peer 1 - timeSinceLastAckMS        280, transmitAckLastTimeMS    5942848 | Peer ---E- M#00000000 Sack00000236 NSack00000000 (C0.0% S:0.0) [  ]
21:35:15.70   RLINK -- SENDING FORCED ACK from Peer 3 to Peer 11 - timeSinceLastAckMS        280, transmitAckLastTimeMS    5942848 | Peer ---E- M#00000000 Sack00000023 NSack00000000 (C0.0% S:0.0) [  ]
21:35:15.70   RLINK -- SENDING FORCED ACK from Peer 3 to Peer 12 - timeSinceLastAckMS        280, transmitAckLastTimeMS    5942848 | Peer ---E- M#00000000 Sack00000011 NSack00000000 (C0.0% S:0.0) [  ]
21:35:15.70   RLINK -- SENDING FORCED ACK from Peer 3 to Peer 13 - timeSinceLastAckMS        280, transmitAckLastTimeMS    5942848 | Peer ---E- M#00000000 Sack00000017 NSack00000000 (C0.0% S:0.0) [  ]
21:35:15.70   RLINK -- SENDING FORCED ACK from Peer 3 to Peer 16 - timeSinceLastAckMS        280, transmitAckLastTimeMS    5942848 | Peer ---E- M#00000000 Sack00000023 NSack00000000 (C0.0% S:0.0) [  ]
21:35:15.76   RLINK -- SENDING FORCED ACK from Peer 3 to Peer 7 - timeSinceLastAckMS        340, transmitAckLastTimeMS    5942908 | Peer ---E- M#00000000 Sack00000018 NSack00000000 (C0.0% S:0.0) [  ]
21:35:15.91   RLINK -- SENDING FORCED ACK from Peer 3 to Peer 10 - timeSinceLastAckMS        274, transmitAckLastTimeMS    5943061 | Peer ---E- M#00000000 Sack00000015 NSack00000000 (C0.0% S:0.0) [  ]
21:35:15.94   RLINK -- SENDING RETRY - Peer 3 to Peer 10 retryTimeMS        500 oneMsg.lastTransmitTime    5942568, timeSinceLastTransmitMS        523 | Peer RS--- M#00000017 Sack00000015 NSack00000000 (C0.0% S:0.0) [ PKT SIZE:22 data DestChannel:j��, Size:18  ]
21:35:15.97   RLINK -- SENDING FORCED ACK from Peer 3 to Peer 1 - timeSinceLastAckMS        273, transmitAckLastTimeMS    5943121 | Peer ---E- M#00000000 Sack00000237 NSack00000000 (C0.0% S:0.0) [  ]
21:35:15.97   RLINK -- SENDING FORCED ACK from Peer 3 to Peer 11 - timeSinceLastAckMS        273, transmitAckLastTimeMS    5943121 | Peer ---E- M#00000000 Sack00000024 NSack00000000 (C0.0% S:0.0) [  ]
21:35:15.97   RLINK -- SENDING FORCED ACK from Peer 3 to Peer 12 - timeSinceLastAckMS        273, transmitAckLastTimeMS    5943121 | Peer ---E- M#00000000 Sack00000012 NSack00000000 (C0.0% S:0.0) [  ]
21:35:15.97   RLINK -- SENDING FORCED ACK from Peer 3 to Peer 13 - timeSinceLastAckMS        273, transmitAckLastTimeMS    5943121 | Peer ---E- M#00000000 Sack00000018 NSack00000000 (C0.0% S:0.0) [  ]
21:35:15.97   RLINK -- SENDING FORCED ACK from Peer 3 to Peer 16 - timeSinceLastAckMS        273, transmitAckLastTimeMS    5943121 | Peer ---E- M#00000000 Sack00000024 NSack00000000 (C0.0% S:0.0) [  ]
21:35:16.00   RLINK -- [P#3] SrcP# 10 ignoring old retry: 14 expect: 16
21:35:16.15   RLINK -- SENDING FORCED ACK from Peer 3 to Peer 7 - timeSinceLastAckMS        393, transmitAckLastTimeMS    5943301 | Peer ---E- M#00000000 Sack00000019 NSack00000000 (C0.0% S:0.0) [  ]
21:35:16.24   RLINK -- SENDING FORCED ACK from Peer 3 to Peer 1 - timeSinceLastAckMS        271, transmitAckLastTimeMS    5943392 | Peer ---E- M#00000000 Sack00000238 NSack00000000 (C0.0% S:0.0) [  ]
21:35:16.24   RLINK -- SENDING FORCED ACK from Peer 3 to Peer 12 - timeSinceLastAckMS        271, transmitAckLastTimeMS    5943392 | Peer ---E- M#00000000 Sack00000013 NSack00000000 (C0.0% S:0.0) [  ]
21:35:16.24   RLINK -- SENDING FORCED ACK from Peer 3 to Peer 16 - timeSinceLastAckMS        271, transmitAckLastTimeMS    5943392 | Peer ---E- M#00000000 Sack00000025 NSack00000000 (C0.0% S:0.0) [  ]
21:35:16.27   RLINK -- SENDING FORCED ACK from Peer 3 to Peer 10 - timeSinceLastAckMS        332, transmitAckLastTimeMS    5943423 | Peer ---E- M#00000000 Sack00000016 NSack00000000 (C0.0% S:0.0) [  ]
21:35:16.27   RLINK -- SENDING FORCED ACK from Peer 3 to Peer 11 - timeSinceLastAckMS        302, transmitAckLastTimeMS    5943423 | Peer ---E- M#00000000 Sack00000025 NSack00000000 (C0.0% S:0.0) [  ]
21:35:16.36   RLINK -- [P#3] SrcP# 10 ignoring old retry: 15 expect: 17
21:35:16.40   GAME - CreateGEWorld in 978 ms
21:35:16.44   GAME - SessionSetup finished in 1025 ms
21:35:16.45   GAME - WaterReflectionManagerSetup
21:35:16.45   GAME - WaterReflectionManagerSetup finished in 0 ms
21:35:16.48   Regenerating ImpassMap data...
21:35:16.48       Impass Data was already valid, but regenerating...
21:35:16.49   RLINK -- [P#3] SrcP# 10 ignoring old retry: 14 expect: 17
21:35:16.70   RLINK -- SENDING FORCED ACK from Peer 3 to Peer 7 - timeSinceLastAckMS        254, transmitAckLastTimeMS    5943849 | Peer ---E- M#00000000 Sack00000020 NSack00000000 (C0.0% S:0.0) [  ]
21:35:16.70   RLINK -- SENDING FORCED ACK from Peer 3 to Peer 10 - timeSinceLastAckMS        254, transmitAckLastTimeMS    5943849 | Peer ---E- M#00000000 Sack00000017 NSack00000000 (C0.0% S:0.0) [  ]
21:35:16.70   RLINK -- SENDING FORCED ACK from Peer 3 to Peer 11 - timeSinceLastAckMS        254, transmitAckLastTimeMS    5943849 | Peer ---E- M#00000000 Sack00000026 NSack00000000 (C0.0% S:0.0) [  ]
21:35:16.73   RLINK -- [P#3] SrcP# 10 ignoring old retry: 16 expect: 18
21:35:16.73   Generating CanBuild Map.  THIS SHOULD ONLY HAPPEN IN WORLDBUILDER!  IF YOU SEE THIS IN GAME, RE-SAVE THE MAP!
21:35:16.73   Regenerating CanBuildMap data...
21:35:16.73   Generating CanShoot Map.
21:35:16.73   Pathfinder::Regenerate()...
21:35:16.76   RLINK -- SENDING FORCED ACK from Peer 3 to Peer 1 - timeSinceLastAckMS        316, transmitAckLastTimeMS    5943911 | Peer ---E- M#00000000 Sack00000240 NSack00000000 (C0.0% S:0.0) [  ]
21:35:16.76   RLINK -- SENDING FORCED ACK from Peer 3 to Peer 12 - timeSinceLastAckMS        316, transmitAckLastTimeMS    5943911 | Peer ---E- M#00000000 Sack00000015 NSack00000000 (C0.0% S:0.0) [  ]
21:35:16.76   RLINK -- SENDING FORCED ACK from Peer 3 to Peer 16 - timeSinceLastAckMS        316, transmitAckLastTimeMS    5943911 | Peer ---E- M#00000000 Sack00000027 NSack00000000 (C0.0% S:0.0) [  ]
21:35:16.77   Generating PathSectorMap...
21:35:16.97   RLINK -- SENDING RETRY - Peer 3 to Peer 10 retryTimeMS        500 oneMsg.lastTransmitTime    5943595, timeSinceLastTransmitMS        527 | Peer RS--- M#00000018 Sack00000017 NSack00000000 (C0.0% S:0.0) [ PKT SIZE:22 data DestChannel: ]
21:35:16.97   RLINK -- SENDING FORCED ACK from Peer 3 to Peer 11 - timeSinceLastAckMS        273, transmitAckLastTimeMS    5944122 | Peer ---E- M#00000000 Sack00000027 NSack00000000 (C0.0% S:0.0) [  ]
21:35:17.03   RLINK -- SENDING FORCED ACK from Peer 3 to Peer 7 - timeSinceLastAckMS        334, transmitAckLastTimeMS    5944183 | Peer ---E- M#00000000 Sack00000021 NSack00000000 (C0.0% S:0.0) [  ]
21:35:17.03   RLINK -- SENDING FORCED ACK from Peer 3 to Peer 12 - timeSinceLastAckMS        272, transmitAckLastTimeMS    5944183 | Peer ---E- M#00000000 Sack00000016 NSack00000000 (C0.0% S:0.0) [  ]
21:35:17.08   Pathfinder::Regenerate() Done.
21:35:17.10   ModWorld::LoadWinCondition: - [DATA:Scar/WinConditions/ZANNIHILATE.SCAR] succeeded.
21:35:17.12   RLINK -- [P#3] SrcP# 10 ignoring old retry: 17 expect: 19
21:35:17.15   RLINK -- SENDING FORCED ACK from Peer 3 to Peer 1 - timeSinceLastAckMS        393, transmitAckLastTimeMS    5944304 | Peer ---E- M#00000000 Sack00000241 NSack00000000 (C0.0% S:0.0) [  ]
21:35:17.24   RLINK -- SENDING FORCED ACK from Peer 3 to Peer 10 - timeSinceLastAckMS        273, transmitAckLastTimeMS    5944395 | Peer ---E- M#00000000 Sack00000018 NSack00000000 (C0.0% S:0.0) [  ]
21:35:17.27   RLINK -- SENDING FORCED ACK from Peer 3 to Peer 11 - timeSinceLastAckMS        303, transmitAckLastTimeMS    5944425 | Peer ---E- M#00000000 Sack00000028 NSack00000000 (C0.0% S:0.0) [  ]
21:35:17.31   RLINK -- SENDING FORCED ACK from Peer 3 to Peer 7 - timeSinceLastAckMS        274, transmitAckLastTimeMS    5944457 | Peer ---E- M#00000000 Sack00000022 NSack00000000 (C0.0% S:0.0) [  ]
21:35:17.37   RLINK -- [P#3] SrcP# 10 ignoring old retry: 18 expect: 20
21:35:17.40   RLINK -- SENDING FORCED ACK from Peer 3 to Peer 12 - timeSinceLastAckMS        366, transmitAckLastTimeMS    5944549 | Peer ---E- M#00000000 Sack00000017 NSack00000000 (C0.0% S:0.0) [  ]
21:35:17.43   RLINK -- SENDING FORCED ACK from Peer 3 to Peer 1 - timeSinceLastAckMS        275, transmitAckLastTimeMS    5944579 | Peer ---E- M#00000000 Sack00000242 NSack00000000 (C0.0% S:0.0) [  ]
21:35:17.52   RLINK -- SENDING FORCED ACK from Peer 3 to Peer 10 - timeSinceLastAckMS        275, transmitAckLastTimeMS    5944670 | Peer ---E- M#00000000 Sack00000019 NSack00000000 (C0.0% S:0.0) [  ]
21:35:17.52   RLINK -- SENDING FORCED ACK from Peer 3 to Peer 13 - timeSinceLastAckMS       1075, transmitAckLastTimeMS    5944670 | Peer ---E- M#00000000 Sack00000019 NSack00000000 (C0.0% S:0.0) [  ]
21:35:17.55   RLINK -- SENDING FORCED ACK from Peer 3 to Peer 11 - timeSinceLastAckMS        276, transmitAckLastTimeMS    5944701 | Peer ---E- M#00000000 Sack00000029 NSack00000000 (C0.0% S:0.0) [  ]
21:35:17.73   RLINK -- [P#3] SrcP# 10 ignoring old retry: 19 expect: 21
21:35:17.73   LoadArbitrator::UpdateLoadProgress - info, player "[0:7]" finished loading with checksum [480255948].
21:35:17.82   MOD UI - Invalid key combo (event_cue_cycle) found in data:game/keydefaults.lua.  Use format "CTRL+SHIFT+A"
21:35:17.89   Invalid hotkey (event_cue_cycle) in binding 'static_hotkey_bindings_child21'.
21:35:17.90   BindingsSystem -- Cannot create binding.  Unknown type 'repair_radius_circle'
21:35:17.90   BindingsSystem -- Cannot create binding.  Unknown type 'repair_radius_circle'
21:35:17.90   BindingsSystem -- Cannot create binding.  Unknown type 'repair_radius_circle'
21:35:17.90   BindingsSystem -- Cannot create binding.  Unknown type 'repair_radius_circle'
21:35:17.90   BindingsSystem -- Cannot create binding.  Unknown type 'repair_radius_circle'
21:35:17.93   SPEECHMANAGER -- Loaded in 0.020818 seconds
21:35:18.00   RLINK -- SENDING FORCED ACK from Peer 3 to Peer 1 - timeSinceLastAckMS        274, transmitAckLastTimeMS    5945154 | Peer ---E- M#00000000 Sack00000244 NSack00000000 (C0.0% S:0.0) [  ]
21:35:18.00   RLINK -- SENDING FORCED ACK from Peer 3 to Peer 10 - timeSinceLastAckMS        274, transmitAckLastTimeMS    5945154 | Peer ---E- M#00000000 Sack00000021 NSack00000000 (C0.0% S:0.0) [  ]
21:35:18.00   RLINK -- SENDING FORCED ACK from Peer 3 to Peer 11 - timeSinceLastAckMS        274, transmitAckLastTimeMS    5945154 | Peer ---E- M#00000000 Sack00000030 NSack00000000 (C0.0% S:0.0) [  ]
21:35:18.00   RLINK -- SENDING FORCED ACK from Peer 3 to Peer 12 - timeSinceLastAckMS        274, transmitAckLastTimeMS    5945154 | Peer ---E- M#00000000 Sack00000019 NSack00000000 (C0.0% S:0.0) [  ]
21:35:18.13   RLINK -- [P#3] SrcP# 10 ignoring old retry: 20 expect: 22
21:35:18.14   LoadArbitrator::UpdateLoadProgress - info, player "[0:7]" finished loading with checksum [480255948].
21:35:18.25   RLINK -- SENDING RETRY - Peer 3 to Peer 10 retryTimeMS        500 oneMsg.lastTransmitTime    5944880, timeSinceLastTransmitMS        520 | Peer RS--- M#00000019 Sack00000021 NSack00000000 (C0.0% S:0.0) [ PKT SIZE:22 data DestChannel:�ǎ, Size:18  ]
21:35:18.30   GameObjLoader - upgrading load_count from 0 to 117
21:35:18.37   RLINK -- SENDING FORCED ACK from Peer 3 to Peer 1 - timeSinceLastAckMS        269, transmitAckLastTimeMS    5945520 | Peer ---E- M#00000000 Sack00000245 NSack00000000 (C0.0% S:0.0) [  ]
21:35:18.37   RLINK -- SENDING FORCED ACK from Peer 3 to Peer 7 - timeSinceLastAckMS        269, transmitAckLastTimeMS    5945520 | Peer ---E- M#00000000 Sack00000023 NSack00000000 (C0.0% S:0.0) [  ]
21:35:18.37   RLINK -- SENDING FORCED ACK from Peer 3 to Peer 11 - timeSinceLastAckMS        269, transmitAckLastTimeMS    5945520 | Peer ---E- M#00000000 Sack00000031 NSack00000000 (C0.0% S:0.0) [  ]
21:35:18.40   RLINK -- SENDING FORCED ACK from Peer 3 to Peer 12 - timeSinceLastAckMS        299, transmitAckLastTimeMS    5945550 | Peer ---E- M#00000000 Sack00000020 NSack00000000 (C0.0% S:0.0) [  ]
21:35:18.46   GameObjLoader 16e79600 - resetting counters
21:35:18.46   GameObjLoader 16e79600 - LOAD_DONE
21:35:18.49   RLINK -- [P#3] SrcP# 10 ignoring old retry: 21 expect: 23
21:35:18.61   RLINK -- SENDING RETRY - Peer 3 to Peer 10 retryTimeMS        500 oneMsg.lastTransmitTime    5945251, timeSinceLastTransmitMS        511 | Peer RS--- M#00000020 Sack00000022 NSack00000000 (C0.0% S:0.0) [ PKT SIZE:22 data DestChannel: ]
21:35:18.73   RLINK -- SENDING FORCED ACK from Peer 3 to Peer 1 - timeSinceLastAckMS        273, transmitAckLastTimeMS    5945882 | Peer ---E- M#00000000 Sack00000246 NSack00000000 (C0.0% S:0.0) [  ]
21:35:18.73   RLINK -- [P#3] SrcP# 10 ignoring old retry: 22 expect: 24
21:35:18.73   RLINK -- SENDING FORCED ACK from Peer 3 to Peer 11 - timeSinceLastAckMS        273, transmitAckLastTimeMS    5945882 | Peer ---E- M#00000000 Sack00000032 NSack00000000 (C0.0% S:0.0) [  ]
21:35:18.73   RLINK -- SENDING FORCED ACK from Peer 3 to Peer 12 - timeSinceLastAckMS        273, transmitAckLastTimeMS    5945882 | Peer ---E- M#00000000 Sack00000021 NSack00000000 (C0.0% S:0.0) [  ]
21:35:18.73   RLINK -- SENDING FORCED ACK from Peer 3 to Peer 13 - timeSinceLastAckMS        273, transmitAckLastTimeMS    5945882 | Peer ---E- M#00000000 Sack00000020 NSack00000000 (C0.0% S:0.0) [  ]
21:35:18.88   RLINK -- SENDING FORCED ACK from Peer 3 to Peer 10 - timeSinceLastAckMS        270, transmitAckLastTimeMS    5946032 | Peer ---E- M#00000000 Sack00000024 NSack00000000 (C0.0% S:0.0) [  ]
21:35:18.97   RLINK -- SENDING RETRY - Peer 3 to Peer 10 retryTimeMS        500 oneMsg.lastTransmitTime    5945609, timeSinceLastTransmitMS        513 | Peer RS--- M#00000021 Sack00000024 NSack00000000 (C0.0% S:0.0) [ PKT SIZE:22 data DestChannel: ]
21:35:19.00   RLINK -- SENDING FORCED ACK from Peer 3 to Peer 1 - timeSinceLastAckMS        270, transmitAckLastTimeMS    5946152 | Peer ---E- M#00000000 Sack00000247 NSack00000000 (C0.0% S:0.0) [  ]
21:35:19.00   RLINK -- SENDING FORCED ACK from Peer 3 to Peer 11 - timeSinceLastAckMS        270, transmitAckLastTimeMS    5946152 | Peer ---E- M#00000000 Sack00000033 NSack00000000 (C0.0% S:0.0) [  ]
21:35:19.02   PreloadResources took 360ms.
21:35:19.04   GAME -- Loading completed (7 seconds)
21:35:19.04   SIM -- Setting SyncErrorChecking level to Low
21:35:19.07   LoadArbitrator::UpdateLoadProgress - info, player "[0:3]" finished loading with checksum [480255948].
21:35:19.12   RLINK -- [P#3] SrcP# 10 ignoring old retry: 23 expect: 25
21:35:19.33   RLINK -- SENDING FORCED ACK from Peer 3 to Peer 1 - timeSinceLastAckMS        262, transmitAckLastTimeMS    5946483 | Peer ---E- M#00000000 Sack00000248 NSack00000000 (C0.0% S:0.0) [  ]
21:35:19.33   RLINK -- SENDING FORCED ACK from Peer 3 to Peer 10 - timeSinceLastAckMS        262, transmitAckLastTimeMS    5946483 | Peer ---E- M#00000000 Sack00000025 NSack00000000 (C0.0% S:0.0) [  ]
21:35:19.33   RLINK -- SENDING FORCED ACK from Peer 3 to Peer 11 - timeSinceLastAckMS        262, transmitAckLastTimeMS    5946483 | Peer ---E- M#00000000 Sack00000034 NSack00000000 (C0.0% S:0.0) [  ]
21:35:19.36   RLINK -- [P#3] SrcP# 10 ignoring old retry: 24 expect: 26
21:35:19.39   RLINK -- SENDING FORCED ACK from Peer 3 to Peer 12 - timeSinceLastAckMS        322, transmitAckLastTimeMS    5946543 | Peer ---E- M#00000000 Sack00000023 NSack00000000 (C0.0% S:0.0) [  ]
21:35:19.39   RLINK -- SENDING FORCED ACK from Peer 3 to Peer 13 - timeSinceLastAckMS        322, transmitAckLastTimeMS    5946543 | Peer ---E- M#00000000 Sack00000022 NSack00000000 (C0.0% S:0.0) [  ]
21:35:19.54   RLINK -- SENDING RETRY - Peer 3 to Peer 10 retryTimeMS        500 oneMsg.lastTransmitTime    5946168, timeSinceLastTransmitMS        528 | Peer RS--- M#00000022 Sack00000025 NSack00000000 (C0.0% S:0.0) [ PKT SIZE:22 data DestChannel:f��, Size:18  ]
21:35:19.57   RLINK -- SENDING RETRY - Peer 3 to Peer 10 retryTimeMS        500 oneMsg.lastTransmitTime    5946221, timeSinceLastTransmitMS        505 | Peer RS--- M#00000023 Sack00000025 NSack00000000 (C0.0% S:0.0) [ PKT SIZE:22 data DestChannel: ]
21:35:19.60   RLINK -- SENDING FORCED ACK from Peer 3 to Peer 1 - timeSinceLastAckMS        273, transmitAckLastTimeMS    5946756 | Peer ---E- M#00000000 Sack00000249 NSack00000000 (C0.0% S:0.0) [  ]
21:35:19.60   RLINK -- [P#3] SrcP# 10 ignoring old retry: 23 expect: 26
21:35:19.60   RLINK -- SENDING FORCED ACK from Peer 3 to Peer 11 - timeSinceLastAckMS        273, transmitAckLastTimeMS    5946756 | Peer ---E- M#00000000 Sack00000035 NSack00000000 (C0.0% S:0.0) [  ]
21:35:19.66   RLINK -- SENDING FORCED ACK from Peer 3 to Peer 12 - timeSinceLastAckMS        273, transmitAckLastTimeMS    5946816 | Peer ---E- M#00000000 Sack00000024 NSack00000000 (C0.0% S:0.0) [  ]
21:35:19.72   RLINK -- [P#3] SrcP# 10 ignoring old retry: 25 expect: 26
21:35:19.88   RLINK -- SENDING FORCED ACK from Peer 3 to Peer 11 - timeSinceLastAckMS        274, transmitAckLastTimeMS    5947030 | Peer ---E- M#00000000 Sack00000036 NSack00000000 (C0.0% S:0.0) [  ]
21:35:20.00   LoadArbitrator::UpdateLoadProgress - info, player "[0:13]" finished loading with checksum [480255948].
21:35:20.03   RLINK -- SENDING FORCED ACK from Peer 3 to Peer 12 - timeSinceLastAckMS        364, transmitAckLastTimeMS    5947180 | Peer ---E- M#00000000 Sack00000025 NSack00000000 (C0.0% S:0.0) [  ]
21:35:20.03   RLINK -- SENDING FORCED ACK from Peer 3 to Peer 13 - timeSinceLastAckMS        637, transmitAckLastTimeMS    5947180 | Peer ---E- M#00000000 Sack00000024 NSack00000000 (C0.0% S:0.0) [  ]
21:35:20.12   LoadArbitrator::UpdateLoadProgress - info, player "[0:7]" finished loading with checksum [480255948].
21:35:20.15   RLINK -- SENDING FORCED ACK from Peer 3 to Peer 7 - timeSinceLastAckMS       1081, transmitAckLastTimeMS    5947302 | Peer ---E- M#00000000 Sack00000024 NSack00000000 (C0.0% S:0.0) [  ]
21:35:20.15   RLINK -- SENDING FORCED ACK from Peer 3 to Peer 11 - timeSinceLastAckMS        272, transmitAckLastTimeMS    5947302 | Peer ---E- M#00000000 Sack00000037 NSack00000000 (C0.0% S:0.0) [  ]
21:35:20.15   RLINK -- SENDING FORCED ACK from Peer 3 to Peer 16 - timeSinceLastAckMS       1081, transmitAckLastTimeMS    5947302 | Peer ---E- M#00000000 Sack00000028 NSack00000000 (C0.0% S:0.0) [  ]
21:35:20.30   RLINK -- SENDING FORCED ACK from Peer 3 to Peer 12 - timeSinceLastAckMS        273, transmitAckLastTimeMS    5947453 | Peer ---E- M#00000000 Sack00000026 NSack00000000 (C0.0% S:0.0) [  ]
21:35:20.63   RLINK -- SENDING FORCED ACK from Peer 3 to Peer 1 - timeSinceLastAckMS       1030, transmitAckLastTimeMS    5947786 | Peer ---E- M#00000000 Sack00000252 NSack00000000 (C0.0% S:0.0) [  ]
21:35:20.63   RLINK -- SENDING FORCED ACK from Peer 3 to Peer 12 - timeSinceLastAckMS        333, transmitAckLastTimeMS    5947786 | Peer ---E- M#00000000 Sack00000027 NSack00000000 (C0.0% S:0.0) [  ]
21:35:21.00   LoadArbitrator::UpdateLoadProgress - info, player "[0:3]" finished loading with checksum [480255948].
21:35:21.12   RLINK -- [P#3] SrcP# 1 ignoring old retry: 250 expect: 254
21:35:21.24   LoadArbitrator::UpdateLoadProgress - info, player "[0:13]" finished loading with checksum [480255948].
21:35:21.27   RLINK -- SENDING FORCED ACK from Peer 3 to Peer 1 - timeSinceLastAckMS        267, transmitAckLastTimeMS    5948420 | Peer ---E- M#00000000 Sack00000254 NSack00000000 (C0.0% S:0.0) [  ]
21:35:21.27   RLINK -- SENDING FORCED ACK from Peer 3 to Peer 12 - timeSinceLastAckMS        267, transmitAckLastTimeMS    5948420 | Peer ---E- M#00000000 Sack00000029 NSack00000000 (C0.0% S:0.0) [  ]
21:35:21.27   RLINK -- SENDING FORCED ACK from Peer 3 to Peer 13 - timeSinceLastAckMS        267, transmitAckLastTimeMS    5948420 | Peer ---E- M#00000000 Sack00000025 NSack00000000 (C0.0% S:0.0) [  ]
21:35:21.39   RLINK -- SENDING FORCED ACK from Peer 3 to Peer 10 - timeSinceLastAckMS        387, transmitAckLastTimeMS    5948540 | Peer ---E- M#00000000 Sack00000026 NSack00000000 (C0.0% S:0.0) [  ]
21:35:21.51   RLINK -- SENDING RETRY - Peer 3 to Peer 10 retryTimeMS        500 oneMsg.lastTransmitTime    5948153, timeSinceLastTransmitMS        509 | Peer RS--- M#00000024 Sack00000026 NSack00000000 (C0.0% S:0.0) [ PKT SIZE:22 data DestChannel: ]
21:35:21.63   RLINK -- SENDING FORCED ACK from Peer 3 to Peer 1 - timeSinceLastAckMS        365, transmitAckLastTimeMS    5948785 | Peer ---E- M#00000000 Sack00000255 NSack00000000 (C0.0% S:0.0) [  ]
21:35:21.63   RLINK -- SENDING FORCED ACK from Peer 3 to Peer 12 - timeSinceLastAckMS        365, transmitAckLastTimeMS    5948785 | Peer ---E- M#00000000 Sack00000030 NSack00000000 (C0.0% S:0.0) [  ]
21:35:21.88   RLINK -- [P#3] SrcP# 10 ignoring old retry: 26 expect: 27
21:35:21.91   RLINK -- SENDING FORCED ACK from Peer 3 to Peer 12 - timeSinceLastAckMS        273, transmitAckLastTimeMS    5949058 | Peer ---E- M#00000000 Sack00000031 NSack00000000 (C0.0% S:0.0) [  ]
21:35:22.00   RLINK -- SENDING RETRY - Peer 3 to Peer 1 retryTimeMS        967 oneMsg.lastTransmitTime    5948153, timeSinceLastTransmitMS        997 | Peer RS--- M#00000362 Sack00000255 NSack00000000 (C0.0% S:0.0) [ PKT SIZE:22 data DestChannel: ]
21:35:22.03   RLINK -- SENDING RETRY - Peer 3 to Peer 10 retryTimeMS        500 oneMsg.lastTransmitTime    5948662, timeSinceLastTransmitMS        520 | Peer RS--- M#00000024 Sack00000026 NSack00000000 (C0.0% S:0.0) [ PKT SIZE:22 data DestChannel: ]
21:35:22.12   LoadArbitrator::UpdateLoadProgress - info, player "[0:7]" finished loading with checksum [480255948].
21:35:22.15   RLINK -- SENDING FORCED ACK from Peer 3 to Peer 7 - timeSinceLastAckMS       1152, transmitAckLastTimeMS    5949305 | Peer ---E- M#00000000 Sack00000025 NSack00000000 (C0.0% S:0.0) [  ]
21:35:22.28   RLINK -- SENDING FORCED ACK from Peer 3 to Peer 12 - timeSinceLastAckMS        368, transmitAckLastTimeMS    5949426 | Peer ---E- M#00000000 Sack00000032 NSack00000000 (C0.0% S:0.0) [  ]
21:35:22.55   RLINK -- SENDING FORCED ACK from Peer 3 to Peer 12 - timeSinceLastAckMS        274, transmitAckLastTimeMS    5949700 | Peer ---E- M#00000000 Sack00000033 NSack00000000 (C0.0% S:0.0) [  ]
21:35:22.64   RLINK -- SENDING FORCED ACK from Peer 3 to Peer 1 - timeSinceLastAckMS        642, transmitAckLastTimeMS    5949792 | Peer ---E- M#00000000 Sack00000256 NSack00000000 (C0.0% S:0.0) [  ]
21:35:22.88   RLINK -- SENDING FORCED ACK from Peer 3 to Peer 12 - timeSinceLastAckMS        335, transmitAckLastTimeMS    5950035 | Peer ---E- M#00000000 Sack00000034 NSack00000000 (C0.0% S:0.0) [  ]
21:35:22.97   RLINK -- [P#3] SrcP# 1 ignoring old retry: 256 expect: 257
21:35:23.00   LoadArbitrator::UpdateLoadProgress - info, player "[0:3]" finished loading with checksum [480255948].
21:35:23.25   LoadArbitrator::UpdateLoadProgress - info, player "[0:13]" finished loading with checksum [480255948].
21:35:23.28   RLINK -- SENDING FORCED ACK from Peer 3 to Peer 10 - timeSinceLastAckMS        278, transmitAckLastTimeMS    5950431 | Peer ---E- M#00000000 Sack00000027 NSack00000000 (C0.0% S:0.0) [  ]
21:35:23.28   RLINK -- SENDING FORCED ACK from Peer 3 to Peer 13 - timeSinceLastAckMS        278, transmitAckLastTimeMS    5950431 | Peer ---E- M#00000000 Sack00000026 NSack00000000 (C0.0% S:0.0) [  ]
21:35:23.40   RLINK -- SENDING FORCED ACK from Peer 3 to Peer 16 - timeSinceLastAckMS        398, transmitAckLastTimeMS    5950551 | Peer ---E- M#00000000 Sack00000029 NSack00000000 (C0.0% S:0.0) [  ]
21:35:23.52   RLINK -- SENDING RETRY - Peer 3 to Peer 10 retryTimeMS        500 oneMsg.lastTransmitTime    5950153, timeSinceLastTransmitMS        520 | Peer RS--- M#00000025 Sack00000027 NSack00000000 (C0.0% S:0.0) [ PKT SIZE:22 data DestChannel:�ǎ, Size:18  ]
21:35:23.61   RLINK -- [P#3] SrcP# 10 ignoring old retry: 27 expect: 28
21:35:23.76   RLINK -- SENDING FORCED ACK from Peer 3 to Peer 16 - timeSinceLastAckMS        362, transmitAckLastTimeMS    5950913 | Peer ---E- M#00000000 Sack00000030 NSack00000000 (C0.0% S:0.0) [  ]
21:35:23.88   RLINK -- SENDING FORCED ACK from Peer 3 to Peer 10 - timeSinceLastAckMS        361, transmitAckLastTimeMS    5951034 | Peer ---E- M#00000000 Sack00000028 NSack00000000 (C0.0% S:0.0) [  ]
21:35:24.13   LoadArbitrator::UpdateLoadProgress - info, player "[0:7]" finished loading with checksum [480255948].
21:35:24.16   RLINK -- SENDING FORCED ACK from Peer 3 to Peer 7 - timeSinceLastAckMS       1156, transmitAckLastTimeMS    5951309 | Peer ---E- M#00000000 Sack00000026 NSack00000000 (C0.0% S:0.0) [  ]
21:35:24.16   RLINK -- SENDING FORCED ACK from Peer 3 to Peer 16 - timeSinceLastAckMS        396, transmitAckLastTimeMS    5951309 | Peer ---E- M#00000000 Sack00000031 NSack00000000 (C0.0% S:0.0) [  ]
21:35:24.28   RLINK -- SENDING FORCED ACK from Peer 3 to Peer 10 - timeSinceLastAckMS        395, transmitAckLastTimeMS    5951429 | Peer ---E- M#00000000 Sack00000029 NSack00000000 (C0.0% S:0.0) [  ]
21:35:24.37   RLINK -- [P#3] SrcP# 10 ignoring old retry: 28 expect: 30
21:35:24.43   RLINK -- SENDING FORCED ACK from Peer 3 to Peer 16 - timeSinceLastAckMS        272, transmitAckLastTimeMS    5951581 | Peer ---E- M#00000000 Sack00000032 NSack00000000 (C0.0% S:0.0) [  ]
21:35:24.55   RLINK -- SENDING FORCED ACK from Peer 3 to Peer 10 - timeSinceLastAckMS        274, transmitAckLastTimeMS    5951703 | Peer ---E- M#00000000 Sack00000030 NSack00000000 (C0.0% S:0.0) [  ]
21:35:24.74   RLINK -- [P#3] SrcP# 10 ignoring old retry: 29 expect: 31
21:35:24.98   RLINK -- [P#3] SrcP# 10 ignoring old retry: 30 expect: 32
21:35:25.00   LoadArbitrator::UpdateLoadProgress - info, player "[0:3]" finished loading with checksum [480255948].
21:35:25.01   RLINK -- local      PeerID 3 LOCL ack=  0 (  0ms~0) unack=  0, retry=  0, highwaterOOS=0 (ip=WINaddr:192.168.50.236:6112;), pending=0, dead=0, RS#=0/0
21:35:25.01   RLINK --       host PeerID 1 RELY ack=364 (493ms~50) unack=  1, retry= 19, highwaterOOS=2 (ip=WINaddr:192.168.1.10:6112;), pending=0, dead=0, RS#=363/364
21:35:25.01   RLINK --            PeerID 7 RELY ack= 36 (510ms~36) unack=  1, retry=  0, highwaterOOS=0 (ip=WINaddr:192.168.1.43:6112;), pending=0, dead=0, RS#=36/37
21:35:25.01   RLINK --            PeerID 10 RELY ack= 25 (  0ms~0) unack=  1, retry= 26, highwaterOOS=0 (ip=WINaddr:192.168.1.4:6112;), pending=0, dead=0, RS#=25/26
21:35:25.01   RLINK --            PeerID 11 RELY ack= 23 (538ms~58) unack=  1, retry=  0, highwaterOOS=0 (ip=WINaddr:192.168.1.128:6112;), pending=0, dead=0, RS#=23/24
21:35:25.01   RLINK --            PeerID 12 RELY ack= 23 (526ms~33) unack=  1, retry=  0, highwaterOOS=0 (ip=WINaddr:192.168.1.146:6112;), pending=0, dead=0, RS#=23/24
21:35:25.01   RLINK --            PeerID 13 RELY ack= 23 (535ms~50) unack=  1, retry=  0, highwaterOOS=0 (ip=WINaddr:192.168.0.15:6112;), pending=0, dead=0, RS#=23/24
21:35:25.01   RLINK --            PeerID 16 RELY ack= 23 (564ms~99) unack=  1, retry=  0, highwaterOOS=0 (ip=WINaddr:192.168.1.106:6112;), pending=0, dead=0, RS#=23/24
21:35:25.01   RLINK -- MessageCounts: inval=0/0, seek=0/0, join=0/0, ichk=0/0, sk_r=0/0, deny=0/0, Padd=0/0, Pdel=0/0, drop=0/0, data=175/262, mdat=0/0, voip=0/0, rchk=0/0, nudg=11/30, Thdr=0/0, Peer=396/415, PPrx=146/770, ping=0/0, Pfrg=0/0, rely=11/15, lb_p=2/2, lb_c=0/0, cast=0/0, cdat=0/0, sorq1=0/0, sorp=0/0, acto=0/0, spob=0/0, sorq2=0/0
21:35:25.23   LoadArbitrator::UpdateLoadProgress - info, player "[0:13]" finished loading with checksum [480255948].
21:35:25.25   RLINK -- SENDING FORCED ACK from Peer 3 to Peer 13 - timeSinceLastAckMS        251, transmitAckLastTimeMS    5952405 | Peer ---E- M#00000000 Sack00000027 NSack00000000 (C0.0% S:0.0) [  ]
21:35:25.40   RLINK -- SENDING FORCED ACK from Peer 3 to Peer 10 - timeSinceLastAckMS        401, transmitAckLastTimeMS    5952555 | Peer ---E- M#00000000 Sack00000032 NSack00000000 (C0.0% S:0.0) [  ]
21:35:25.50   RLINK -- [P#3] SrcP# 10 ignoring old retry: 31 expect: 33
21:35:25.53   RLINK -- SENDING RETRY - Peer 3 to Peer 10 retryTimeMS        500 oneMsg.lastTransmitTime    5952154, timeSinceLastTransmitMS        523 | Peer RS--- M#00000026 Sack00000032 NSack00000000 (C0.0% S:0.0) [ PKT SIZE:22 data DestChannel:�ǎ, Size:18  ]
21:35:25.53   RLINK -- SENDING FORCED ACK from Peer 3 to Peer 16 - timeSinceLastAckMS        523, transmitAckLastTimeMS    5952677 | Peer ---E- M#00000000 Sack00000033 NSack00000000 (C0.0% S:0.0) [  ]
21:35:25.62   LoadArbitrator::UpdateLoadProgress - info, player "[0:10]" finished loading with checksum [480255948].
21:35:25.63   LoadArbitrator::UpdateLoadProgress - info, player "[0:16]" finished loading with checksum [480255948].
21:35:25.80   RLINK -- SENDING FORCED ACK from Peer 3 to Peer 10 - timeSinceLastAckMS        273, transmitAckLastTimeMS    5952950 | Peer ---E- M#00000000 Sack00000033 NSack00000000 (C0.0% S:0.0) [  ]
21:35:25.80   RLINK -- SENDING FORCED ACK from Peer 3 to Peer 16 - timeSinceLastAckMS        273, transmitAckLastTimeMS    5952950 | Peer ---E- M#00000000 Sack00000034 NSack00000000 (C0.0% S:0.0) [  ]
21:35:25.98   RLINK -- [P#3] SrcP# 10 ignoring old retry: 32 expect: 34
21:35:26.10   RLINK -- [P#3] SrcP# 10 ignoring old retry: 33 expect: 34
21:35:26.11   LoadArbitrator::UpdateLoadProgress - info, player "[0:7]" finished loading with checksum [480255948].
21:35:26.13   RLINK -- SENDING FORCED ACK from Peer 3 to Peer 1 - timeSinceLastAckMS       1131, transmitAckLastTimeMS    5953285 | Peer ---E- M#00000000 Sack00000257 NSack00000000 (C0.0% S:0.0) [  ]
21:35:26.13   RLINK -- SENDING FORCED ACK from Peer 3 to Peer 7 - timeSinceLastAckMS       1131, transmitAckLastTimeMS    5953285 | Peer ---E- M#00000000 Sack00000027 NSack00000000 (C0.0% S:0.0) [  ]
21:35:26.41   RLINK -- SENDING FORCED ACK from Peer 3 to Peer 1 - timeSinceLastAckMS        273, transmitAckLastTimeMS    5953558 | Peer ---E- M#00000000 Sack00000258 NSack00000000 (C0.0% S:0.0) [  ]
21:35:27.00   LoadArbitrator::UpdateLoadProgress - info, player "[0:10]" finished loading with checksum [480255948].
21:35:27.00   LoadArbitrator::UpdateLoadProgress - info, player "[0:3]" finished loading with checksum [480255948].
21:35:27.24   LoadArbitrator::UpdateLoadProgress - info, player "[0:13]" finished loading with checksum [480255948].
21:35:27.24   LoadArbitrator::UpdateLoadProgress - info, player "[0:16]" finished loading with checksum [480255948].
21:35:27.26   RLINK -- SENDING FORCED ACK from Peer 3 to Peer 13 - timeSinceLastAckMS        259, transmitAckLastTimeMS    5954414 | Peer ---E- M#00000000 Sack00000028 NSack00000000 (C0.0% S:0.0) [  ]
21:35:27.26   RLINK -- SENDING FORCED ACK from Peer 3 to Peer 16 - timeSinceLastAckMS        259, transmitAckLastTimeMS    5954414 | Peer ---E- M#00000000 Sack00000035 NSack00000000 (C0.0% S:0.0) [  ]
21:35:27.48   RLINK -- [P#3] SrcP# 10 ignoring old retry: 34 expect: 35
21:35:27.51   RLINK -- SENDING RETRY - Peer 3 to Peer 10 retryTimeMS        500 oneMsg.lastTransmitTime    5954155, timeSinceLastTransmitMS        505 | Peer RS--- M#00000027 Sack00000034 NSack00000000 (C0.0% S:0.0) [ PKT SIZE:22 data DestChannel:f��, Size:18  ]
21:35:28.12   LoadArbitrator::UpdateLoadProgress - info, player "[0:7]" finished loading with checksum [480255948].
21:35:28.14   RLINK -- SENDING FORCED ACK from Peer 3 to Peer 7 - timeSinceLastAckMS       1141, transmitAckLastTimeMS    5955296 | Peer ---E- M#00000000 Sack00000028 NSack00000000 (C0.0% S:0.0) [  ]
21:35:29.00   LoadArbitrator::UpdateLoadProgress - info, player "[0:3]" finished loading with checksum [480255948].
21:35:29.01   LoadArbitrator::UpdateLoadProgress - info, player "[0:10]" finished loading with checksum [480255948].
21:35:29.25   LoadArbitrator::UpdateLoadProgress - info, player "[0:13]" finished loading with checksum [480255948].
21:35:29.25   LoadArbitrator::UpdateLoadProgress - info, player "[0:16]" finished loading with checksum [480255948].
21:35:29.27   RLINK -- SENDING FORCED ACK from Peer 3 to Peer 13 - timeSinceLastAckMS        267, transmitAckLastTimeMS    5956422 | Peer ---E- M#00000000 Sack00000029 NSack00000000 (C0.0% S:0.0) [  ]
21:35:29.27   RLINK -- SENDING FORCED ACK from Peer 3 to Peer 16 - timeSinceLastAckMS        267, transmitAckLastTimeMS    5956422 | Peer ---E- M#00000000 Sack00000036 NSack00000000 (C0.0% S:0.0) [  ]
21:35:29.48   RLINK -- [P#3] SrcP# 10 ignoring old retry: 35 expect: 36
21:35:29.51   RLINK -- SENDING RETRY - Peer 3 to Peer 10 retryTimeMS        500 oneMsg.lastTransmitTime    5956155, timeSinceLastTransmitMS        510 | Peer RS--- M#00000028 Sack00000035 NSack00000000 (C0.0% S:0.0) [ PKT SIZE:22 data DestChannel: ]
21:35:29.51   RLINK -- SENDING FORCED ACK from Peer 3 to Peer 12 - timeSinceLastAckMS        510, transmitAckLastTimeMS    5956665 | Peer ---E- M#00000000 Sack00000035 NSack00000000 (C0.0% S:0.0) [  ]
21:35:29.91   RLINK -- SENDING FORCED ACK from Peer 3 to Peer 12 - timeSinceLastAckMS        393, transmitAckLastTimeMS    5957058 | Peer ---E- M#00000000 Sack00000036 NSack00000000 (C0.0% S:0.0) [  ]
21:35:30.03   RLINK -- SENDING RETRY - Peer 3 to Peer 1 retryTimeMS       1005 oneMsg.lastTransmitTime    5956155, timeSinceLastTransmitMS       1024 | Peer RS--- M#00000366 Sack00000258 NSack00000000 (C0.0% S:0.0) [ PKT SIZE:22 data DestChannel: ]
21:35:30.13   LoadArbitrator::UpdateLoadProgress - info, player "[0:7]" finished loading with checksum [480255948].
21:35:30.15   RLINK -- SENDING FORCED ACK from Peer 3 to Peer 7 - timeSinceLastAckMS       1146, transmitAckLastTimeMS    5957301 | Peer ---E- M#00000000 Sack00000029 NSack00000000 (C0.0% S:0.0) [  ]
21:35:30.99   LoadArbitrator::UpdateLoadProgress - info, player "[0:10]" finished loading with checksum [480255948].
21:35:31.00   LoadArbitrator::UpdateLoadProgress - info, player "[0:3]" finished loading with checksum [480255948].
21:35:31.26   LoadArbitrator::UpdateLoadProgress - info, player "[0:13]" finished loading with checksum [480255948].
21:35:31.26   LoadArbitrator::UpdateLoadProgress - info, player "[0:16]" finished loading with checksum [480255948].
21:35:31.28   RLINK -- SENDING FORCED ACK from Peer 3 to Peer 13 - timeSinceLastAckMS        281, transmitAckLastTimeMS    5958436 | Peer ---E- M#00000000 Sack00000030 NSack00000000 (C0.0% S:0.0) [  ]
21:35:31.28   RLINK -- SENDING FORCED ACK from Peer 3 to Peer 16 - timeSinceLastAckMS        281, transmitAckLastTimeMS    5958436 | Peer ---E- M#00000000 Sack00000037 NSack00000000 (C0.0% S:0.0) [  ]
21:35:31.50   RLINK -- [P#3] SrcP# 10 ignoring old retry: 36 expect: 37
21:35:31.53   RLINK -- SENDING RETRY - Peer 3 to Peer 10 retryTimeMS        500 oneMsg.lastTransmitTime    5958155, timeSinceLastTransmitMS        523 | Peer RS--- M#00000029 Sack00000036 NSack00000000 (C0.0% S:0.0) [ PKT SIZE:22 data DestChannel: ]
21:35:31.89   RLINK -- SENDING FORCED ACK from Peer 3 to Peer 11 - timeSinceLastAckMS        885, transmitAckLastTimeMS    5959040 | Peer ---E- M#00000000 Sack00000039 NSack00000000 (C0.0% S:0.0) [  ]
21:35:32.14   LoadArbitrator::UpdateLoadProgress - info, player "[0:7]" finished loading with checksum [480255948].
21:35:32.16   RLINK -- SENDING FORCED ACK from Peer 3 to Peer 7 - timeSinceLastAckMS       1157, transmitAckLastTimeMS    5959312 | Peer ---E- M#00000000 Sack00000030 NSack00000000 (C0.0% S:0.0) [  ]
21:35:32.40   RLINK -- SENDING FORCED ACK from Peer 3 to Peer 1 - timeSinceLastAckMS       1400, transmitAckLastTimeMS    5959555 | Peer ---E- M#00000000 Sack00000259 NSack00000000 (C0.0% S:0.0) [  ]
21:35:32.65   RLINK -- SENDING FORCED ACK from Peer 3 to Peer 11 - timeSinceLastAckMS        756, transmitAckLastTimeMS    5959796 | Peer ---E- M#00000000 Sack00000040 NSack00000000 (C0.0% S:0.0) [  ]
21:35:32.92   RLINK -- SENDING FORCED ACK from Peer 3 to Peer 11 - timeSinceLastAckMS        272, transmitAckLastTimeMS    5960068 | Peer ---E- M#00000000 Sack00000041 NSack00000000 (C0.0% S:0.0) [  ]
21:35:33.01   LoadArbitrator::UpdateLoadProgress - info, player "[0:3]" finished loading with checksum [480255948].
21:35:33.02   LoadArbitrator::UpdateLoadProgress - info, player "[0:10]" finished loading with checksum [480255948].
21:35:33.26   LoadArbitrator::UpdateLoadProgress - info, player "[0:13]" finished loading with checksum [480255948].
21:35:33.26   LoadArbitrator::UpdateLoadProgress - info, player "[0:16]" finished loading with checksum [480255948].
21:35:33.28   RLINK -- SENDING FORCED ACK from Peer 3 to Peer 10 - timeSinceLastAckMS        278, transmitAckLastTimeMS    5960434 | Peer ---E- M#00000000 Sack00000037 NSack00000000 (C0.0% S:0.0) [  ]
21:35:33.28   RLINK -- SENDING FORCED ACK from Peer 3 to Peer 11 - timeSinceLastAckMS        278, transmitAckLastTimeMS    5960434 | Peer ---E- M#00000000 Sack00000042 NSack00000000 (C0.0% S:0.0) [  ]
21:35:33.28   RLINK -- SENDING FORCED ACK from Peer 3 to Peer 13 - timeSinceLastAckMS        278, transmitAckLastTimeMS    5960434 | Peer ---E- M#00000000 Sack00000031 NSack00000000 (C0.0% S:0.0) [  ]
21:35:33.28   RLINK -- SENDING FORCED ACK from Peer 3 to Peer 16 - timeSinceLastAckMS        278, transmitAckLastTimeMS    5960434 | Peer ---E- M#00000000 Sack00000038 NSack00000000 (C0.0% S:0.0) [  ]
21:35:33.50   RLINK -- [P#3] SrcP# 10 ignoring old retry: 37 expect: 38
21:35:33.53   RLINK -- SENDING RETRY - Peer 3 to Peer 10 retryTimeMS        500 oneMsg.lastTransmitTime    5960156, timeSinceLastTransmitMS        522 | Peer RS--- M#00000030 Sack00000037 NSack00000000 (C0.0% S:0.0) [ PKT SIZE:22 data DestChannel: ]
21:35:33.56   RLINK -- SENDING FORCED ACK from Peer 3 to Peer 11 - timeSinceLastAckMS        274, transmitAckLastTimeMS    5960708 | Peer ---E- M#00000000 Sack00000043 NSack00000000 (C0.0% S:0.0) [  ]
21:35:33.77   RLINK -- SENDING FORCED ACK from Peer 3 to Peer 1 - timeSinceLastAckMS        763, transmitAckLastTimeMS    5960919 | Peer ---E- M#00000000 Sack00000260 NSack00000000 (C0.0% S:0.0) [  ]
21:35:33.98   RLINK -- [P#3] SrcP# 10 ignoring old retry: 37 expect: 38
21:35:34.14   LoadArbitrator::UpdateLoadProgress - info, player "[0:7]" finished loading with checksum [480255948].
21:35:34.16   RLINK -- SENDING FORCED ACK from Peer 3 to Peer 1 - timeSinceLastAckMS        394, transmitAckLastTimeMS    5961313 | Peer ---E- M#00000000 Sack00000261 NSack00000000 (C0.0% S:0.0) [  ]
21:35:34.16   RLINK -- SENDING FORCED ACK from Peer 3 to Peer 7 - timeSinceLastAckMS       1157, transmitAckLastTimeMS    5961313 | Peer ---E- M#00000000 Sack00000031 NSack00000000 (C0.0% S:0.0) [  ]
21:35:34.53   RLINK -- SENDING FORCED ACK from Peer 3 to Peer 1 - timeSinceLastAckMS        365, transmitAckLastTimeMS    5961678 | Peer ---E- M#00000000 Sack00000262 NSack00000000 (C0.0% S:0.0) [  ]
21:35:35.00   LoadArbitrator::UpdateLoadProgress - info, player "[0:3]" finished loading with checksum [480255948].
21:35:35.02   LoadArbitrator::UpdateLoadProgress - info, player "[0:10]" finished loading with checksum [480255948].
21:35:35.25   RLINK -- SENDING FORCED ACK from Peer 3 to Peer 10 - timeSinceLastAckMS        258, transmitAckLastTimeMS    5962404 | Peer ---E- M#00000000 Sack00000038 NSack00000000 (C0.0% S:0.0) [  ]
21:35:35.26   LoadArbitrator::UpdateLoadProgress - info, player "[0:13]" finished loading with checksum [480255948].
21:35:35.26   LoadArbitrator::UpdateLoadProgress - info, player "[0:16]" finished loading with checksum [480255948].
21:35:35.28   RLINK -- SENDING FORCED ACK from Peer 3 to Peer 13 - timeSinceLastAckMS        288, transmitAckLastTimeMS    5962434 | Peer ---E- M#00000000 Sack00000032 NSack00000000 (C0.0% S:0.0) [  ]
21:35:35.28   RLINK -- SENDING FORCED ACK from Peer 3 to Peer 16 - timeSinceLastAckMS        288, transmitAckLastTimeMS    5962434 | Peer ---E- M#00000000 Sack00000039 NSack00000000 (C0.0% S:0.0) [  ]
21:35:35.49   RLINK -- [P#3] SrcP# 10 ignoring old retry: 38 expect: 39
21:35:35.52   RLINK -- SENDING RETRY - Peer 3 to Peer 10 retryTimeMS        500 oneMsg.lastTransmitTime    5962146, timeSinceLastTransmitMS        528 | Peer RS--- M#00000031 Sack00000038 NSack00000000 (C0.0% S:0.0) [ PKT SIZE:22 data DestChannel: ]
21:35:35.77   RLINK -- SENDING FORCED ACK from Peer 3 to Peer 1 - timeSinceLastAckMS        772, transmitAckLastTimeMS    5962918 | Peer ---E- M#00000000 Sack00000263 NSack00000000 (C0.0% S:0.0) [  ]
21:35:35.92   RLINK -- SENDING FORCED ACK from Peer 3 to Peer 12 - timeSinceLastAckMS        922, transmitAckLastTimeMS    5963068 | Peer ---E- M#00000000 Sack00000037 NSack00000000 (C0.0% S:0.0) [  ]
21:35:36.01   LoadArbitrator::UpdateLoadProgress - info, player "[0:1]" finished loading with checksum [480255948].
21:35:36.04   RLINK -- SENDING FORCED ACK from Peer 3 to Peer 1 - timeSinceLastAckMS        270, transmitAckLastTimeMS    5963188 | Peer ---E- M#00000000 Sack00000264 NSack00000000 (C0.0% S:0.0) [  ]
21:35:36.14   LoadArbitrator::UpdateLoadProgress - info, player "[0:7]" finished loading with checksum [480255948].
21:35:36.16   RLINK -- SENDING FORCED ACK from Peer 3 to Peer 7 - timeSinceLastAckMS       1164, transmitAckLastTimeMS    5963310 | Peer ---E- M#00000000 Sack00000032 NSack00000000 (C0.0% S:0.0) [  ]
21:35:36.53   RLINK -- SENDING FORCED ACK from Peer 3 to Peer 11 - timeSinceLastAckMS       1530, transmitAckLastTimeMS    5963676 | Peer ---E- M#00000000 Sack00000044 NSack00000000 (C0.0% S:0.0) [  ]
21:35:36.75   LoadArbitrator::UpdateLoadProgress - info, player "[0:11]" finished loading with checksum [480255948].
21:35:36.80   RLINK -- SENDING FORCED ACK from Peer 3 to Peer 11 - timeSinceLastAckMS        273, transmitAckLastTimeMS    5963949 | Peer ---E- M#00000000 Sack00000045 NSack00000000 (C0.0% S:0.0) [  ]
21:35:36.89   RLINK -- SENDING FORCED ACK from Peer 3 to Peer 12 - timeSinceLastAckMS        971, transmitAckLastTimeMS    5964039 | Peer ---E- M#00000000 Sack00000038 NSack00000000 (C0.0% S:0.0) [  ]
21:35:37.00   LoadArbitrator::UpdateLoadProgress - info, player "[0:3]" finished loading with checksum [480255948].
21:35:37.02   LoadArbitrator::UpdateLoadProgress - info, player "[0:10]" finished loading with checksum [480255948].
21:35:37.25   RLINK -- SENDING FORCED ACK from Peer 3 to Peer 10 - timeSinceLastAckMS        257, transmitAckLastTimeMS    5964403 | Peer ---E- M#00000000 Sack00000039 NSack00000000 (C0.0% S:0.0) [  ]
21:35:37.25   RLINK -- SENDING FORCED ACK from Peer 3 to Peer 12 - timeSinceLastAckMS        257, transmitAckLastTimeMS    5964403 | Peer ---E- M#00000000 Sack00000039 NSack00000000 (C0.0% S:0.0) [  ]
21:35:37.26   LoadArbitrator::UpdateLoadProgress - info, player "[0:1]" finished loading with checksum [480255948].
21:35:37.26   LoadArbitrator::UpdateLoadProgress - info, player "[0:13]" finished loading with checksum [480255948].
21:35:37.26   LoadArbitrator::UpdateLoadProgress - info, player "[0:16]" finished loading with checksum [480255948].
21:35:37.28   RLINK -- SENDING FORCED ACK from Peer 3 to Peer 1 - timeSinceLastAckMS        287, transmitAckLastTimeMS    5964433 | Peer ---E- M#00000000 Sack00000265 NSack00000000 (C0.0% S:0.0) [  ]
21:35:37.28   RLINK -- SENDING FORCED ACK from Peer 3 to Peer 13 - timeSinceLastAckMS        287, transmitAckLastTimeMS    5964433 | Peer ---E- M#00000000 Sack00000033 NSack00000000 (C0.0% S:0.0) [  ]
21:35:37.28   RLINK -- SENDING FORCED ACK from Peer 3 to Peer 16 - timeSinceLastAckMS        287, transmitAckLastTimeMS    5964433 | Peer ---E- M#00000000 Sack00000040 NSack00000000 (C0.0% S:0.0) [  ]
21:35:37.50   RLINK -- [P#3] SrcP# 10 ignoring old retry: 39 expect: 40
21:35:37.53   RLINK -- SENDING RETRY - Peer 3 to Peer 10 retryTimeMS        500 oneMsg.lastTransmitTime    5964146, timeSinceLastTransmitMS        531 | Peer RS--- M#00000032 Sack00000039 NSack00000000 (C0.0% S:0.0) [ PKT SIZE:22 data DestChannel:�ǎ, Size:18  ]
21:35:37.53   RLINK -- SENDING FORCED ACK from Peer 3 to Peer 12 - timeSinceLastAckMS        274, transmitAckLastTimeMS    5964677 | Peer ---E- M#00000000 Sack00000040 NSack00000000 (C0.0% S:0.0) [  ]
21:35:37.80   RLINK -- SENDING FORCED ACK from Peer 3 to Peer 12 - timeSinceLastAckMS        273, transmitAckLastTimeMS    5964950 | Peer ---E- M#00000000 Sack00000041 NSack00000000 (C0.0% S:0.0) [  ]
21:35:38.01   RLINK -- [P#3] SrcP# 10 ignoring old retry: 39 expect: 40
21:35:38.07   RLINK -- SENDING FORCED ACK from Peer 3 to Peer 12 - timeSinceLastAckMS        273, transmitAckLastTimeMS    5965223 | Peer ---E- M#00000000 Sack00000042 NSack00000000 (C0.0% S:0.0) [  ]
21:35:38.14   LoadArbitrator::UpdateLoadProgress - info, player "[0:7]" finished loading with checksum [480255948].
21:35:38.14   LoadArbitrator::UpdateLoadProgress - info, player "[0:11]" finished loading with checksum [480255948].
21:35:38.16   RLINK -- SENDING FORCED ACK from Peer 3 to Peer 7 - timeSinceLastAckMS       1167, transmitAckLastTimeMS    5965313 | Peer ---E- M#00000000 Sack00000033 NSack00000000 (C0.0% S:0.0) [  ]
21:35:38.16   RLINK -- SENDING FORCED ACK from Peer 3 to Peer 11 - timeSinceLastAckMS       1167, transmitAckLastTimeMS    5965313 | Peer ---E- M#00000000 Sack00000046 NSack00000000 (C0.0% S:0.0) [  ]
21:35:38.99   LoadArbitrator::UpdateLoadProgress - info, player "[0:10]" finished loading with checksum [480255948].
21:35:39.00   LoadArbitrator::UpdateLoadProgress - info, player "[0:3]" finished loading with checksum [480255948].
21:35:39.27   LoadArbitrator::UpdateLoadProgress - info, player "[0:1]" finished loading with checksum [480255948].
21:35:39.27   LoadArbitrator::UpdateLoadProgress - info, player "[0:13]" finished loading with checksum [480255948].
21:35:39.27   LoadArbitrator::UpdateLoadProgress - info, player "[0:16]" finished loading with checksum [480255948].
21:35:39.29   RLINK -- SENDING FORCED ACK from Peer 3 to Peer 1 - timeSinceLastAckMS        292, transmitAckLastTimeMS    5966440 | Peer ---E- M#00000000 Sack00000266 NSack00000000 (C0.0% S:0.0) [  ]
21:35:39.29   RLINK -- SENDING FORCED ACK from Peer 3 to Peer 13 - timeSinceLastAckMS        292, transmitAckLastTimeMS    5966440 | Peer ---E- M#00000000 Sack00000034 NSack00000000 (C0.0% S:0.0) [  ]
21:35:39.29   RLINK -- SENDING FORCED ACK from Peer 3 to Peer 16 - timeSinceLastAckMS        292, transmitAckLastTimeMS    5966440 | Peer ---E- M#00000000 Sack00000041 NSack00000000 (C0.0% S:0.0) [  ]
21:35:39.50   RLINK -- SENDING RETRY - Peer 3 to Peer 10 retryTimeMS        500 oneMsg.lastTransmitTime    5966148, timeSinceLastTransmitMS        507 | Peer RS--- M#00000033 Sack00000040 NSack00000000 (C0.0% S:0.0) [ PKT SIZE:22 data DestChannel: ]
21:35:39.50   RLINK -- [P#3] SrcP# 10 ignoring old retry: 40 expect: 41
21:35:40.15   LoadArbitrator::UpdateLoadProgress - info, player "[0:7]" finished loading with checksum [480255948].
21:35:40.15   LoadArbitrator::UpdateLoadProgress - info, player "[0:11]" finished loading with checksum [480255948].
21:35:40.17   RLINK -- SENDING FORCED ACK from Peer 3 to Peer 7 - timeSinceLastAckMS       1175, transmitAckLastTimeMS    5967323 | Peer ---E- M#00000000 Sack00000034 NSack00000000 (C0.0% S:0.0) [  ]
21:35:40.17   RLINK -- SENDING FORCED ACK from Peer 3 to Peer 11 - timeSinceLastAckMS       1175, transmitAckLastTimeMS    5967323 | Peer ---E- M#00000000 Sack00000047 NSack00000000 (C0.0% S:0.0) [  ]
21:35:40.89   RLINK -- SENDING FORCED ACK from Peer 3 to Peer 12 - timeSinceLastAckMS       1898, transmitAckLastTimeMS    5968046 | Peer ---E- M#00000000 Sack00000043 NSack00000000 (C0.0% S:0.0) [  ]
21:35:41.00   LoadArbitrator::UpdateLoadProgress - info, player "[0:3]" finished loading with checksum [480255948].
21:35:41.02   LoadArbitrator::UpdateLoadProgress - info, player "[0:10]" finished loading with checksum [480255948].
21:35:41.14   LoadArbitrator::UpdateLoadProgress - info, player "[0:12]" finished loading with checksum [480255948].
21:35:41.15   Activating screen: GameScreen
21:35:41.15   Activating screen: Decorators_widescreen
21:35:41.15   Activating screen: Taskbar_widescreen
21:35:41.15   Activating screen: SubtitleScreen
21:35:41.15   Activating screen: TextOverlayScreen
21:35:41.19   PerformanceRecorder::StartRecording for game size 8
21:35:41.19   GAME -- Starting mission...
21:35:41.26   RLINK -- SENDING FORCED ACK from Peer 3 to Peer 10 - timeSinceLastAckMS        263, transmitAckLastTimeMS    5968411 | Peer ---E- M#00000000 Sack00000041 NSack00000000 (C0.0% S:0.0) [  ]
21:35:41.26   RLINK -- SENDING FORCED ACK from Peer 3 to Peer 12 - timeSinceLastAckMS        263, transmitAckLastTimeMS    5968411 | Peer ---E- M#00000000 Sack00000044 NSack00000000 (C0.0% S:0.0) [  ]
21:35:41.29   RLINK -- SENDING FORCED ACK from Peer 3 to Peer 1 - timeSinceLastAckMS        293, transmitAckLastTimeMS    5968441 | Peer ---E- M#00000000 Sack00000267 NSack00000000 (C0.0% S:0.0) [  ]
21:35:41.29   RLINK -- SENDING FORCED ACK from Peer 3 to Peer 13 - timeSinceLastAckMS        293, transmitAckLastTimeMS    5968441 | Peer ---E- M#00000000 Sack00000035 NSack00000000 (C0.0% S:0.0) [  ]
21:35:41.29   RLINK -- SENDING FORCED ACK from Peer 3 to Peer 16 - timeSinceLastAckMS        293, transmitAckLastTimeMS    5968441 | Peer ---E- M#00000000 Sack00000042 NSack00000000 (C0.0% S:0.0) [  ]
21:35:41.31   LoadArbitrator::UpdateLoadProgress - info, player "[0:1]" finished loading with checksum [480255948].
21:35:41.31   LoadArbitrator::UpdateLoadProgress - info, player "[0:13]" finished loading with checksum [480255948].
21:35:41.31   LoadArbitrator::UpdateLoadProgress - info, player "[0:16]" finished loading with checksum [480255948].
21:35:41.50   RLINK -- SENDING RETRY - Peer 3 to Peer 10 retryTimeMS        500 oneMsg.lastTransmitTime    5968148, timeSinceLastTransmitMS        505 | Peer RS--- M#00000034 Sack00000041 NSack00000000 (C0.0% S:0.0) [ PKT SIZE:22 data DestChannel:F�, Size:18  ]
21:35:41.50   RLINK -- [P#3] SrcP# 10 ignoring old retry: 41 expect: 42
21:35:43.50   Warning: binding repeat_3(Ability: abilities\reenable_capture_ability_engineers) -- ui index '0' out of bounds; range is [1, 12]
21:35:47.68   Warning: non auto-match upgrade not found in AE, tuning
21:35:53.05   RLINK -- SENDING FORCED ACK from Peer 3 to Peer 11 - timeSinceLastAckMS      12058, transmitAckLastTimeMS    5980206 | Peer ---E- M#00000000 Sack00000048 NSack00000000 (C0.0% S:0.0) [  ]
21:35:55.94   RLINK -- SENDING FORCED ACK from Peer 3 to Peer 12 - timeSinceLastAckMS      14675, transmitAckLastTimeMS    5983086 | Peer ---E- M#00000000 Sack00000045 NSack00000000 (C0.0% S:0.0) [  ]
21:35:57.91   RLINK -- SENDING FORCED ACK from Peer 3 to Peer 7 - timeSinceLastAckMS      16917, transmitAckLastTimeMS    5985065 | Peer ---E- M#00000000 Sack00000035 NSack00000000 (C0.0% S:0.0) [  ]
21:35:59.43   RLINK -- SENDING FORCED ACK from Peer 3 to Peer 13 - timeSinceLastAckMS      18140, transmitAckLastTimeMS    5986581 | Peer ---E- M#00000000 Sack00000036 NSack00000000 (C0.0% S:0.0) [  ]
21:36:00.67   RLINK -- SENDING FORCED ACK from Peer 3 to Peer 13 - timeSinceLastAckMS       1242, transmitAckLastTimeMS    5987823 | Peer ---E- M#00000000 Sack00000037 NSack00000000 (C0.0% S:0.0) [  ]
21:36:01.16   RLINK -- SENDING FORCED ACK from Peer 3 to Peer 16 - timeSinceLastAckMS      19866, transmitAckLastTimeMS    5988307 | Peer ---E- M#00000000 Sack00000043 NSack00000000 (C0.0% S:0.0) [  ]
21:36:04.16   RLINK -- SENDING FORCED ACK from Peer 3 to Peer 12 - timeSinceLastAckMS        277, transmitAckLastTimeMS    5991313 | Peer ---E- M#00000000 Sack00000046 NSack00000000 (C0.0% S:0.0) [  ]
21:36:04.41   RLINK -- SENDING RETRY - Peer 3 to Peer 10 retryTimeMS        500 oneMsg.lastTransmitTime    5991036, timeSinceLastTransmitMS        523 | Peer RS--- M#00000035 Sack00000041 NSack00000000 (C0.0% S:0.0) [ PKT SIZE:19 data DestChannel:f�, Size:15  ]
21:36:08.01   RLINK -- Transport - median kBPS [hi/cur] sent = 0.2/0.0, recvd = 0.0/0.0, #p/sec[s/r] = 0.0/0.0, max unsent 0, version err 0, merge 0
21:36:15.05   RLINK -- SENDING FORCED ACK from Peer 3 to Peer 13 - timeSinceLastAckMS      11160, transmitAckLastTimeMS    6002196 | Peer ---E- M#00000000 Sack00000038 NSack00000000 (C0.0% S:0.0) [  ]
21:36:15.68   RLINK -- SENDING FORCED ACK from Peer 3 to Peer 12 - timeSinceLastAckMS      11520, transmitAckLastTimeMS    6002833 | Peer ---E- M#00000000 Sack00000047 NSack00000000 (C0.0% S:0.0) [  ]
21:36:19.90   Warning: binding selection bindings_child6() -- Binding selection bindings_child6: failed bind to widget 'build_max_background'
21:36:21.20   RLINK -- SENDING FORCED ACK from Peer 3 to Peer 13 - timeSinceLastAckMS       6153, transmitAckLastTimeMS    6008349 | Peer ---E- M#00000000 Sack00000039 NSack00000000 (C0.0% S:0.0) [  ]
21:36:26.00   RLINK -- local      PeerID 3 LOCL ack=  0 (  0ms~0) unack=  0, retry=  0, highwaterOOS=0 (ip=WINaddr:192.168.50.236:6112;), pending=0, dead=0, RS#=0/0
21:36:26.00   RLINK --       host PeerID 1 RELY ack=374 (542ms~13) unack=  0, retry= 20, highwaterOOS=2 (ip=WINaddr:192.168.1.10:6112;), pending=0, dead=0, RS#=373/373
21:36:26.00   RLINK --            PeerID 7 RELY ack= 46 (542ms~13) unack=  0, retry=  0, highwaterOOS=0 (ip=WINaddr:192.168.1.43:6112;), pending=0, dead=0, RS#=46/46
21:36:26.00   RLINK --            PeerID 10 RELY ack= 35 (  0ms~0) unack=  0, retry= 36, highwaterOOS=0 (ip=WINaddr:192.168.1.4:6112;), pending=0, dead=0, RS#=35/35
21:36:26.00   RLINK --            PeerID 11 RELY ack= 33 (601ms~65) unack=  0, retry=  0, highwaterOOS=0 (ip=WINaddr:192.168.1.128:6112;), pending=0, dead=0, RS#=33/33
21:36:26.00   RLINK --            PeerID 12 RELY ack= 33 (550ms~22) unack=  0, retry=  0, highwaterOOS=0 (ip=WINaddr:192.168.1.146:6112;), pending=0, dead=0, RS#=33/33
21:36:26.00   RLINK --            PeerID 13 RELY ack= 33 (542ms~13) unack=  0, retry=  0, highwaterOOS=0 (ip=WINaddr:192.168.0.15:6112;), pending=0, dead=0, RS#=33/33
21:36:26.00   RLINK --            PeerID 16 RELY ack= 33 (543ms~11) unack=  0, retry=  0, highwaterOOS=0 (ip=WINaddr:192.168.1.106:6112;), pending=0, dead=0, RS#=33/33
21:36:26.00   RLINK -- MessageCounts: inval=0/0, seek=0/0, join=0/0, ichk=0/0, sk_r=0/0, deny=0/0, Padd=0/0, Pdel=0/0, drop=0/0, data=426/100, mdat=0/349, voip=0/0, rchk=0/0, nudg=0/4, Thdr=0/0, Peer=161/165, PPrx=73/322, ping=0/0, Pfrg=0/0, rely=0/2, lb_p=2/2, lb_c=0/0, cast=0/0, cdat=338/0, sorq1=0/0, sorp=0/0, acto=0/0, spob=0/0, sorq2=0/0
21:36:27.18   RLINK -- SENDING FORCED ACK from Peer 3 to Peer 16 - timeSinceLastAckMS      23299, transmitAckLastTimeMS    6014335 | Peer ---E- M#00000000 Sack00000044 NSack00000000 (C0.0% S:0.0) [  ]
21:36:33.44   RLINK -- SENDING FORCED ACK from Peer 3 to Peer 12 - timeSinceLastAckMS      17760, transmitAckLastTimeMS    6020593 | Peer ---E- M#00000000 Sack00000048 NSack00000000 (C0.0% S:0.0) [  ]
21:36:34.20   RLINK -- SENDING FORCED ACK from Peer 3 to Peer 12 - timeSinceLastAckMS        761, transmitAckLastTimeMS    6021354 | Peer ---E- M#00000000 Sack00000049 NSack00000000 (C0.0% S:0.0) [  ]
21:36:36.58   RLINK -- SENDING FORCED ACK from Peer 3 to Peer 13 - timeSinceLastAckMS      15378, transmitAckLastTimeMS    6023727 | Peer ---E- M#00000000 Sack00000040 NSack00000000 (C0.0% S:0.0) [  ]
21:36:37.18   RLINK -- SENDING FORCED ACK from Peer 3 to Peer 16 - timeSinceLastAckMS       9998, transmitAckLastTimeMS    6024333 | Peer ---E- M#00000000 Sack00000045 NSack00000000 (C0.0% S:0.0) [  ]
21:36:46.45   RLINK -- SENDING FORCED ACK from Peer 3 to Peer 12 - timeSinceLastAckMS      12244, transmitAckLastTimeMS    6033598 | Peer ---E- M#00000000 Sack00000050 NSack00000000 (C0.0% S:0.0) [  ]
21:36:47.69   RLINK -- SENDING FORCED ACK from Peer 3 to Peer 12 - timeSinceLastAckMS       1247, transmitAckLastTimeMS    6034845 | Peer ---E- M#00000000 Sack00000051 NSack00000000 (C0.0% S:0.0) [  ]
21:36:50.22   RLINK -- SENDING FORCED ACK from Peer 3 to Peer 13 - timeSinceLastAckMS      13641, transmitAckLastTimeMS    6037368 | Peer ---E- M#00000000 Sack00000041 NSack00000000 (C0.0% S:0.0) [  ]
21:37:09.00   RLINK -- Transport - median kBPS [hi/cur] sent = 0.2/0.0, recvd = 0.0/0.0, #p/sec[s/r] = 0.0/0.0, max unsent 0, version err 0, merge 0
21:37:09.60   RLINK -- SENDING FORCED ACK from Peer 3 to Peer 11 - timeSinceLastAckMS      65711, transmitAckLastTimeMS    6056747 | Peer ---E- M#00000000 Sack00000049 NSack00000000 (C0.0% S:0.0) [  ]
21:37:11.97   RLINK -- SENDING FORCED ACK from Peer 3 to Peer 16 - timeSinceLastAckMS      34784, transmitAckLastTimeMS    6059117 | Peer ---E- M#00000000 Sack00000046 NSack00000000 (C0.0% S:0.0) [  ]
21:37:17.72   Warning: binding repeat_1(Ability: abilities\reenable_capture_ability) -- ui index '0' out of bounds; range is [1, 12]
21:37:27.02   RLINK -- local      PeerID 3 LOCL ack=  0 (  0ms~0) unack=  0, retry=  0, highwaterOOS=0 (ip=WINaddr:192.168.50.236:6112;), pending=0, dead=0, RS#=0/0
21:37:27.02   RLINK --       host PeerID 1 RELY ack=374 (542ms~13) unack=  0, retry= 20, highwaterOOS=2 (ip=WINaddr:192.168.1.10:6112;), pending=0, dead=0, RS#=373/373
21:37:27.02   RLINK --            PeerID 7 RELY ack= 46 (542ms~13) unack=  0, retry=  0, highwaterOOS=0 (ip=WINaddr:192.168.1.43:6112;), pending=0, dead=0, RS#=46/46
21:37:27.02   RLINK --            PeerID 10 RELY ack= 35 (  0ms~0) unack=  0, retry= 36, highwaterOOS=0 (ip=WINaddr:192.168.1.4:6112;), pending=0, dead=0, RS#=35/35
21:37:27.02   RLINK --            PeerID 11 RELY ack= 33 (601ms~65) unack=  0, retry=  0, highwaterOOS=0 (ip=WINaddr:192.168.1.128:6112;), pending=0, dead=0, RS#=33/33
21:37:27.02   RLINK --            PeerID 12 RELY ack= 33 (550ms~22) unack=  0, retry=  0, highwaterOOS=0 (ip=WINaddr:192.168.1.146:6112;), pending=0, dead=0, RS#=33/33
21:37:27.02   RLINK --            PeerID 13 RELY ack= 33 (542ms~13) unack=  0, retry=  0, highwaterOOS=0 (ip=WINaddr:192.168.0.15:6112;), pending=0, dead=0, RS#=33/33
21:37:27.02   RLINK --            PeerID 16 RELY ack= 33 (543ms~11) unack=  0, retry=  0, highwaterOOS=0 (ip=WINaddr:192.168.1.106:6112;), pending=0, dead=0, RS#=33/33
21:37:27.02   RLINK -- MessageCounts: inval=0/0, seek=0/0, join=0/0, ichk=0/0, sk_r=0/0, deny=0/0, Padd=0/0, Pdel=0/0, drop=0/0, data=498/10, mdat=0/488, voip=0/0, rchk=0/0, nudg=0/0, Thdr=0/0, Peer=10/10, PPrx=10/20, ping=0/0, Pfrg=0/0, rely=0/0, lb_p=2/2, lb_c=0/0, cast=0/0, cdat=474/0, sorq1=0/0, sorp=0/0, acto=0/0, spob=0/0, sorq2=0/0
21:37:53.83   Warning: binding repeat_2(Ability: abilities\reenable_capture_ability) -- ui index '0' out of bounds; range is [1, 12]
21:38:10.00   RLINK -- Transport - median kBPS [hi/cur] sent = 0.2/0.0, recvd = 0.0/0.0, #p/sec[s/r] = 0.0/0.0, max unsent 0, version err 0, merge 0
21:38:11.73   RLINK -- SENDING FORCED ACK from Peer 3 to Peer 7 - timeSinceLastAckMS     127845, transmitAckLastTimeMS    6118881 | Peer ---E- M#00000000 Sack00000036 NSack00000000 (C0.0% S:0.0) [  ]
21:38:28.01   RLINK -- local      PeerID 3 LOCL ack=  0 (  0ms~0) unack=  0, retry=  0, highwaterOOS=0 (ip=WINaddr:192.168.50.236:6112;), pending=0, dead=0, RS#=0/0
21:38:28.01   RLINK --       host PeerID 1 RELY ack=374 (542ms~13) unack=  0, retry= 20, highwaterOOS=2 (ip=WINaddr:192.168.1.10:6112;), pending=0, dead=0, RS#=373/373
21:38:28.01   RLINK --            PeerID 7 RELY ack= 46 (542ms~13) unack=  0, retry=  0, highwaterOOS=0 (ip=WINaddr:192.168.1.43:6112;), pending=0, dead=0, RS#=46/46
21:38:28.01   RLINK --            PeerID 10 RELY ack= 35 (  0ms~0) unack=  0, retry= 36, highwaterOOS=0 (ip=WINaddr:192.168.1.4:6112;), pending=0, dead=0, RS#=35/35
21:38:28.01   RLINK --            PeerID 11 RELY ack= 33 (601ms~65) unack=  0, retry=  0, highwaterOOS=0 (ip=WINaddr:192.168.1.128:6112;), pending=0, dead=0, RS#=33/33
21:38:28.01   RLINK --            PeerID 12 RELY ack= 33 (550ms~22) unack=  0, retry=  0, highwaterOOS=0 (ip=WINaddr:192.168.1.146:6112;), pending=0, dead=0, RS#=33/33
21:38:28.01   RLINK --            PeerID 13 RELY ack= 33 (542ms~13) unack=  0, retry=  0, highwaterOOS=0 (ip=WINaddr:192.168.0.15:6112;), pending=0, dead=0, RS#=33/33
21:38:28.01   RLINK --            PeerID 16 RELY ack= 33 (543ms~11) unack=  0, retry=  0, highwaterOOS=0 (ip=WINaddr:192.168.1.106:6112;), pending=0, dead=0, RS#=33/33
21:38:28.01   RLINK -- MessageCounts: inval=0/0, seek=0/0, join=0/0, ichk=0/0, sk_r=0/0, deny=0/0, Padd=0/0, Pdel=0/0, drop=0/0, data=505/1, mdat=0/487, voip=0/0, rchk=0/0, nudg=0/0, Thdr=0/0, Peer=1/1, PPrx=1/2, ping=0/0, Pfrg=0/0, rely=0/0, lb_p=2/2, lb_c=0/0, cast=0/0, cdat=483/0, sorq1=0/0, sorp=0/0, acto=0/0, spob=0/0, sorq2=0/0
21:38:38.37   RLINK -- SENDING FORCED ACK from Peer 3 to Peer 13 - timeSinceLastAckMS     108158, transmitAckLastTimeMS    6145526 | Peer ---E- M#00000000 Sack00000042 NSack00000000 (C0.0% S:0.0) [  ]
21:39:01.13   RLINK -- SENDING FORCED ACK from Peer 3 to Peer 1 - timeSinceLastAckMS     177240, transmitAckLastTimeMS    6168276 | Peer ---E- M#00000000 Sack00000268 NSack00000000 (C0.0% S:0.0) [  ]
21:39:03.50   RLINK -- SENDING FORCED ACK from Peer 3 to Peer 12 - timeSinceLastAckMS     135803, transmitAckLastTimeMS    6170648 | Peer ---E- M#00000000 Sack00000052 NSack00000000 (C0.0% S:0.0) [  ]
21:39:04.50   RLINK -- SENDING FORCED ACK from Peer 3 to Peer 12 - timeSinceLastAckMS       1006, transmitAckLastTimeMS    6171654 | Peer ---E- M#00000000 Sack00000053 NSack00000000 (C0.0% S:0.0) [  ]
21:39:07.02   RLINK -- SENDING RETRY - Peer 3 to Peer 10 retryTimeMS        500 oneMsg.lastTransmitTime    6173666, timeSinceLastTransmitMS        509 | Peer RS--- M#00000036 Sack00000041 NSack00000000 (C0.0% S:0.0) [ PKT SIZE:55 data DestChannel:�{, Size:51  ]
21:39:07.39   RLINK -- SENDING FORCED ACK from Peer 3 to Peer 13 - timeSinceLastAckMS        873, transmitAckLastTimeMS    6174539 | Peer ---E- M#00000000 Sack00000043 NSack00000000 (C0.0% S:0.0) [  ]
21:39:09.81   Activating screen: TacticalMap_widescreen
21:39:09.81   Activating screen: TextOverlayScreen
21:39:10.40   RLINK -- SENDING FORCED ACK from Peer 3 to Peer 1 - timeSinceLastAckMS       3884, transmitAckLastTimeMS    6177550 | Peer ---E- M#00000000 Sack00000269 NSack00000000 (C0.0% S:0.0) [  ]
21:39:10.44   Activating screen: GameScreen
21:39:10.44   Activating screen: Decorators_widescreen
21:39:10.44   Activating screen: Taskbar_widescreen
21:39:10.44   Activating screen: SubtitleScreen
21:39:10.44   Activating screen: TextOverlayScreen
21:39:11.00   RLINK -- Transport - median kBPS [hi/cur] sent = 0.2/0.0, recvd = 0.0/0.0, #p/sec[s/r] = 0.0/0.0, max unsent 0, version err 0, merge 0
21:39:11.28   RLINK -- SENDING FORCED ACK from Peer 3 to Peer 1 - timeSinceLastAckMS        877, transmitAckLastTimeMS    6178427 | Peer ---E- M#00000000 Sack00000270 NSack00000000 (C0.0% S:0.0) [  ]
21:39:12.16   RLINK -- SENDING FORCED ACK from Peer 3 to Peer 13 - timeSinceLastAckMS       4767, transmitAckLastTimeMS    6179306 | Peer ---E- M#00000000 Sack00000044 NSack00000000 (C0.0% S:0.0) [  ]
21:39:13.28   RLINK -- SENDING FORCED ACK from Peer 3 to Peer 13 - timeSinceLastAckMS       1123, transmitAckLastTimeMS    6180429 | Peer ---E- M#00000000 Sack00000045 NSack00000000 (C0.0% S:0.0) [  ]
21:39:13.31   Activating screen: TacticalMap_widescreen
21:39:13.31   Activating screen: TextOverlayScreen
21:39:14.72   Activating screen: GameScreen
21:39:14.72   Activating screen: Decorators_widescreen
21:39:14.72   Activating screen: Taskbar_widescreen
21:39:14.72   Activating screen: SubtitleScreen
21:39:14.72   Activating screen: TextOverlayScreen
21:39:15.52   RLINK -- SENDING FORCED ACK from Peer 3 to Peer 12 - timeSinceLastAckMS       9001, transmitAckLastTimeMS    6182667 | Peer ---E- M#00000000 Sack00000054 NSack00000000 (C0.0% S:0.0) [  ]
21:39:17.38   RLINK -- SENDING RETRY - Peer 3 to Peer 10 retryTimeMS        500 oneMsg.lastTransmitTime    6184015, timeSinceLastTransmitMS        521 | Peer RS--- M#00000037 Sack00000041 NSack00000000 (C0.0% S:0.0) [ PKT SIZE:27 data DestChannel:W�, Size:23  ]
21:39:17.65   RLINK -- SENDING FORCED ACK from Peer 3 to Peer 13 - timeSinceLastAckMS        791, transmitAckLastTimeMS    6184806 | Peer ---E- M#00000000 Sack00000046 NSack00000000 (C0.0% S:0.0) [  ]
21:39:18.19   Activating screen: TacticalMap_widescreen
21:39:18.19   Activating screen: TextOverlayScreen
21:39:18.95   Activating screen: GameScreen
21:39:18.95   Activating screen: Decorators_widescreen
21:39:18.95   Activating screen: Taskbar_widescreen
21:39:18.95   Activating screen: SubtitleScreen
21:39:18.95   Activating screen: TextOverlayScreen
21:39:19.16   RLINK -- SENDING FORCED ACK from Peer 3 to Peer 16 - timeSinceLastAckMS       2300, transmitAckLastTimeMS    6186315 | Peer ---E- M#00000000 Sack00000047 NSack00000000 (C0.0% S:0.0) [  ]
21:39:19.35   Activating screen: TacticalMap_widescreen
21:39:19.35   Activating screen: TextOverlayScreen
21:39:20.01   RLINK -- SENDING FORCED ACK from Peer 3 to Peer 1 - timeSinceLastAckMS       3150, transmitAckLastTimeMS    6187165 | Peer ---E- M#00000000 Sack00000271 NSack00000000 (C0.0% S:0.0) [  ]
21:39:20.01   RLINK -- SENDING FORCED ACK from Peer 3 to Peer 16 - timeSinceLastAckMS        850, transmitAckLastTimeMS    6187165 | Peer ---E- M#00000000 Sack00000048 NSack00000000 (C0.0% S:0.0) [  ]
21:39:20.41   Activating screen: GameScreen
21:39:20.41   Activating screen: Decorators_widescreen
21:39:20.41   Activating screen: Taskbar_widescreen
21:39:20.41   Activating screen: SubtitleScreen
21:39:20.41   Activating screen: TextOverlayScreen
21:39:29.00   RLINK -- local      PeerID 3 LOCL ack=  0 (  0ms~0) unack=  0, retry=  0, highwaterOOS=0 (ip=WINaddr:192.168.50.236:6112;), pending=0, dead=0, RS#=0/0
21:39:29.00   RLINK --       host PeerID 1 RELY ack=376 (522ms~13) unack=  0, retry= 20, highwaterOOS=2 (ip=WINaddr:192.168.1.10:6112;), pending=0, dead=0, RS#=375/375
21:39:29.00   RLINK --            PeerID 7 RELY ack= 48 (522ms~13) unack=  0, retry=  0, highwaterOOS=0 (ip=WINaddr:192.168.1.43:6112;), pending=0, dead=0, RS#=48/48
21:39:29.00   RLINK --            PeerID 10 RELY ack= 37 (  0ms~0) unack=  0, retry= 38, highwaterOOS=0 (ip=WINaddr:192.168.1.4:6112;), pending=0, dead=0, RS#=37/37
21:39:29.00   RLINK --            PeerID 11 RELY ack= 35 (537ms~55) unack=  0, retry=  0, highwaterOOS=0 (ip=WINaddr:192.168.1.128:6112;), pending=0, dead=0, RS#=35/35
21:39:29.00   RLINK --            PeerID 12 RELY ack= 35 (524ms~19) unack=  0, retry=  0, highwaterOOS=0 (ip=WINaddr:192.168.1.146:6112;), pending=0, dead=0, RS#=35/35
21:39:29.00   RLINK --            PeerID 13 RELY ack= 35 (522ms~13) unack=  0, retry=  0, highwaterOOS=0 (ip=WINaddr:192.168.0.15:6112;), pending=0, dead=0, RS#=35/35
21:39:29.00   RLINK --            PeerID 16 RELY ack= 35 (522ms~13) unack=  0, retry=  0, highwaterOOS=0 (ip=WINaddr:192.168.1.106:6112;), pending=0, dead=0, RS#=35/35
21:39:29.00   RLINK -- MessageCounts: inval=0/0, seek=0/0, join=0/0, ichk=0/0, sk_r=0/0, deny=0/0, Padd=0/0, Pdel=0/0, drop=0/0, data=526/18, mdat=0/488, voip=0/0, rchk=0/0, nudg=0/0, Thdr=0/0, Peer=28/28, PPrx=17/56, ping=0/0, Pfrg=0/0, rely=0/0, lb_p=2/2, lb_c=0/0, cast=0/0, cdat=479/0, sorq1=0/0, sorp=0/0, acto=0/0, spob=0/0, sorq2=0/0
21:39:31.07   Activating screen: TacticalMap_widescreen
21:39:31.07   Activating screen: TextOverlayScreen
21:39:31.16   RLINK -- SENDING FORCED ACK from Peer 3 to Peer 13 - timeSinceLastAckMS      13503, transmitAckLastTimeMS    6198309 | Peer ---E- M#00000000 Sack00000047 NSack00000000 (C0.0% S:0.0) [  ]
21:39:31.67   Activating screen: GameScreen
21:39:31.67   Activating screen: Decorators_widescreen
21:39:31.67   Activating screen: Taskbar_widescreen
21:39:31.67   Activating screen: SubtitleScreen
21:39:31.67   Activating screen: TextOverlayScreen
21:39:32.29   RLINK -- SENDING FORCED ACK from Peer 3 to Peer 13 - timeSinceLastAckMS       1128, transmitAckLastTimeMS    6199437 | Peer ---E- M#00000000 Sack00000048 NSack00000000 (C0.0% S:0.0) [  ]
21:39:34.23   Activating screen: TacticalMap_widescreen
21:39:34.23   Activating screen: TextOverlayScreen
21:39:35.85   Activating screen: GameScreen
21:39:35.85   Activating screen: Decorators_widescreen
21:39:35.85   Activating screen: Taskbar_widescreen
21:39:35.85   Activating screen: SubtitleScreen
21:39:35.85   Activating screen: TextOverlayScreen
21:39:41.29   Activating screen: TacticalMap_widescreen
21:39:41.29   Activating screen: TextOverlayScreen
21:39:42.64   Activating screen: GameScreen
21:39:42.64   Activating screen: Decorators_widescreen
21:39:42.64   Activating screen: Taskbar_widescreen
21:39:42.64   Activating screen: SubtitleScreen
21:39:42.64   Activating screen: TextOverlayScreen
21:39:43.23   Activating screen: TacticalMap_widescreen
21:39:43.23   Activating screen: TextOverlayScreen
21:39:43.89   Activating screen: GameScreen
21:39:43.89   Activating screen: Decorators_widescreen
21:39:43.89   Activating screen: Taskbar_widescreen
21:39:43.89   Activating screen: SubtitleScreen
21:39:43.89   Activating screen: TextOverlayScreen
21:39:56.43   Activating screen: TacticalMap_widescreen
21:39:56.43   Activating screen: TextOverlayScreen
21:39:57.21   Activating screen: GameScreen
21:39:57.21   Activating screen: Decorators_widescreen
21:39:57.21   Activating screen: Taskbar_widescreen
21:39:57.21   Activating screen: SubtitleScreen
21:39:57.21   Activating screen: TextOverlayScreen
21:40:07.91   RLINK -- SENDING FORCED ACK from Peer 3 to Peer 13 - timeSinceLastAckMS      35624, transmitAckLastTimeMS    6235061 | Peer ---E- M#00000000 Sack00000049 NSack00000000 (C0.0% S:0.0) [  ]
21:40:08.55   RLINK -- SENDING FORCED ACK from Peer 3 to Peer 13 - timeSinceLastAckMS        638, transmitAckLastTimeMS    6235699 | Peer ---E- M#00000000 Sack00000050 NSack00000000 (C0.0% S:0.0) [  ]
21:40:12.00   RLINK -- Transport - median kBPS [hi/cur] sent = 0.2/0.0, recvd = 0.0/0.0, #p/sec[s/r] = 0.0/0.0, max unsent 0, version err 0, merge 0
21:40:30.00   RLINK -- local      PeerID 3 LOCL ack=  0 (  0ms~0) unack=  0, retry=  0, highwaterOOS=0 (ip=WINaddr:192.168.50.236:6112;), pending=0, dead=0, RS#=0/0
21:40:30.00   RLINK --       host PeerID 1 RELY ack=376 (522ms~13) unack=  0, retry= 20, highwaterOOS=2 (ip=WINaddr:192.168.1.10:6112;), pending=0, dead=0, RS#=375/375
21:40:30.00   RLINK --            PeerID 7 RELY ack= 48 (522ms~13) unack=  0, retry=  0, highwaterOOS=0 (ip=WINaddr:192.168.1.43:6112;), pending=0, dead=0, RS#=48/48
21:40:30.00   RLINK --            PeerID 10 RELY ack= 37 (  0ms~0) unack=  0, retry= 38, highwaterOOS=0 (ip=WINaddr:192.168.1.4:6112;), pending=0, dead=0, RS#=37/37
21:40:30.00   RLINK --            PeerID 11 RELY ack= 35 (537ms~55) unack=  0, retry=  0, highwaterOOS=0 (ip=WINaddr:192.168.1.128:6112;), pending=0, dead=0, RS#=35/35
21:40:30.00   RLINK --            PeerID 12 RELY ack= 35 (524ms~19) unack=  0, retry=  0, highwaterOOS=0 (ip=WINaddr:192.168.1.146:6112;), pending=0, dead=0, RS#=35/35
21:40:30.00   RLINK --            PeerID 13 RELY ack= 35 (522ms~13) unack=  0, retry=  0, highwaterOOS=0 (ip=WINaddr:192.168.0.15:6112;), pending=0, dead=0, RS#=35/35
21:40:30.00   RLINK --            PeerID 16 RELY ack= 35 (522ms~13) unack=  0, retry=  0, highwaterOOS=0 (ip=WINaddr:192.168.1.106:6112;), pending=0, dead=0, RS#=35/35
21:40:30.00   RLINK -- MessageCounts: inval=0/0, seek=0/0, join=0/0, ichk=0/0, sk_r=0/0, deny=0/0, Padd=0/0, Pdel=0/0, drop=0/0, data=503/4, mdat=0/488, voip=0/0, rchk=0/0, nudg=0/0, Thdr=0/0, Peer=4/4, PPrx=4/8, ping=0/0, Pfrg=0/0, rely=0/0, lb_p=3/3, lb_c=0/0, cast=0/0, cdat=461/0, sorq1=0/0, sorp=0/0, acto=0/0, spob=0/0, sorq2=0/0
21:40:45.27   RLINK -- SENDING RETRY - Peer 3 to Peer 10 retryTimeMS        500 oneMsg.lastTransmitTime    6271912, timeSinceLastTransmitMS        505 | Peer RS--- M#00000038 Sack00000041 NSack00000000 (C0.0% S:0.0) [ PKT SIZE:23 data DestChannel:�{, Size:19  ]
21:40:53.44   RLINK -- SENDING FORCED ACK from Peer 3 to Peer 7 - timeSinceLastAckMS       8678, transmitAckLastTimeMS    6280590 | Peer ---E- M#00000000 Sack00000037 NSack00000000 (C0.0% S:0.0) [  ]
21:40:54.32   RLINK -- SENDING FORCED ACK from Peer 3 to Peer 7 - timeSinceLastAckMS        877, transmitAckLastTimeMS    6281467 | Peer ---E- M#00000000 Sack00000038 NSack00000000 (C0.0% S:0.0) [  ]
21:40:54.80   RLINK -- SENDING FORCED ACK from Peer 3 to Peer 13 - timeSinceLastAckMS      10041, transmitAckLastTimeMS    6281953 | Peer ---E- M#00000000 Sack00000051 NSack00000000 (C0.0% S:0.0) [  ]
21:40:57.05   RLINK -- SENDING FORCED ACK from Peer 3 to Peer 7 - timeSinceLastAckMS       2738, transmitAckLastTimeMS    6284205 | Peer ---E- M#00000000 Sack00000039 NSack00000000 (C0.0% S:0.0) [  ]
21:40:58.83   RLINK -- SENDING FORCED ACK from Peer 3 to Peer 12 - timeSinceLastAckMS      14073, transmitAckLastTimeMS    6285985 | Peer ---E- M#00000000 Sack00000055 NSack00000000 (C0.0% S:0.0) [  ]
21:40:59.56   RLINK -- SENDING FORCED ACK from Peer 3 to Peer 11 - timeSinceLastAckMS      14797, transmitAckLastTimeMS    6286709 | Peer ---E- M#00000000 Sack00000050 NSack00000000 (C0.0% S:0.0) [  ]
21:41:07.19   RLINK -- SENDING FORCED ACK from Peer 3 to Peer 7 - timeSinceLastAckMS      10139, transmitAckLastTimeMS    6294344 | Peer ---E- M#00000000 Sack00000040 NSack00000000 (C0.0% S:0.0) [  ]
21:41:13.01   RLINK -- Transport - median kBPS [hi/cur] sent = 0.2/0.0, recvd = 0.0/0.0, #p/sec[s/r] = 0.0/0.0, max unsent 0, version err 0, merge 0
21:41:17.34   RLINK -- SENDING FORCED ACK from Peer 3 to Peer 7 - timeSinceLastAckMS      10144, transmitAckLastTimeMS    6304488 | Peer ---E- M#00000000 Sack00000041 NSack00000000 (C0.0% S:0.0) [  ]
21:41:23.70   Activating screen: TacticalMap_widescreen
21:41:23.70   Activating screen: TextOverlayScreen
21:41:24.51   Activating screen: GameScreen
21:41:24.51   Activating screen: Decorators_widescreen
21:41:24.51   Activating screen: Taskbar_widescreen
21:41:24.51   Activating screen: SubtitleScreen
21:41:24.51   Activating screen: TextOverlayScreen
21:41:31.00   RLINK -- local      PeerID 3 LOCL ack=  0 (  0ms~0) unack=  0, retry=  0, highwaterOOS=0 (ip=WINaddr:192.168.50.236:6112;), pending=0, dead=0, RS#=0/0
21:41:31.00   RLINK --       host PeerID 1 RELY ack=377 (543ms~27) unack=  0, retry= 20, highwaterOOS=2 (ip=WINaddr:192.168.1.10:6112;), pending=0, dead=0, RS#=376/376
21:41:31.00   RLINK --            PeerID 7 RELY ack= 49 (543ms~27) unack=  0, retry=  0, highwaterOOS=0 (ip=WINaddr:192.168.1.43:6112;), pending=0, dead=0, RS#=49/49
21:41:31.00   RLINK --            PeerID 10 RELY ack= 38 (  0ms~0) unack=  0, retry= 39, highwaterOOS=0 (ip=WINaddr:192.168.1.4:6112;), pending=0, dead=0, RS#=38/38
21:41:31.00   RLINK --            PeerID 11 RELY ack= 36 (550ms~41) unack=  0, retry=  0, highwaterOOS=0 (ip=WINaddr:192.168.1.128:6112;), pending=0, dead=0, RS#=36/36
21:41:31.00   RLINK --            PeerID 12 RELY ack= 36 (544ms~29) unack=  0, retry=  0, highwaterOOS=0 (ip=WINaddr:192.168.1.146:6112;), pending=0, dead=0, RS#=36/36
21:41:31.00   RLINK --            PeerID 13 RELY ack= 36 (543ms~27) unack=  0, retry=  0, highwaterOOS=0 (ip=WINaddr:192.168.0.15:6112;), pending=0, dead=0, RS#=36/36
21:41:31.00   RLINK --            PeerID 16 RELY ack= 36 (543ms~27) unack=  0, retry=  0, highwaterOOS=0 (ip=WINaddr:192.168.1.106:6112;), pending=0, dead=0, RS#=36/36
21:41:31.00   RLINK -- MessageCounts: inval=0/0, seek=0/0, join=0/0, ichk=0/0, sk_r=0/0, deny=0/0, Padd=0/0, Pdel=0/0, drop=0/0, data=508/10, mdat=0/487, voip=0/0, rchk=0/0, nudg=0/0, Thdr=0/0, Peer=15/15, PPrx=10/30, ping=0/0, Pfrg=0/0, rely=0/0, lb_p=2/2, lb_c=0/0, cast=0/0, cdat=464/0, sorq1=0/0, sorp=0/0, acto=0/0, spob=0/0, sorq2=0/0
21:41:59.30   Activating screen: TacticalMap_widescreen
21:41:59.30   Activating screen: TextOverlayScreen
21:41:59.52   Activating screen: GameScreen
21:41:59.52   Activating screen: Decorators_widescreen
21:41:59.52   Activating screen: Taskbar_widescreen
21:41:59.52   Activating screen: SubtitleScreen
21:41:59.52   Activating screen: TextOverlayScreen
21:42:13.48   RLINK -- SENDING FORCED ACK from Peer 3 to Peer 16 - timeSinceLastAckMS      88715, transmitAckLastTimeMS    6360627 | Peer ---E- M#00000000 Sack00000049 NSack00000000 (C0.0% S:0.0) [  ]
21:42:14.01   RLINK -- Transport - median kBPS [hi/cur] sent = 0.2/0.0, recvd = 0.0/0.0, #p/sec[s/r] = 0.0/0.0, max unsent 0, version err 0, merge 0
21:42:15.48   RLINK -- SENDING FORCED ACK from Peer 3 to Peer 16 - timeSinceLastAckMS       2007, transmitAckLastTimeMS    6362634 | Peer ---E- M#00000000 Sack00000050 NSack00000000 (C0.0% S:0.0) [  ]
21:42:16.24   Activating screen: TacticalMap_widescreen
21:42:16.24   Activating screen: TextOverlayScreen
21:42:18.11   Activating screen: GameScreen
21:42:18.11   Activating screen: Decorators_widescreen
21:42:18.11   Activating screen: Taskbar_widescreen
21:42:18.11   Activating screen: SubtitleScreen
21:42:18.11   Activating screen: TextOverlayScreen
21:42:18.82   Activating screen: TacticalMap_widescreen
21:42:18.82   Activating screen: TextOverlayScreen
21:42:19.44   Activating screen: GameScreen
21:42:19.44   Activating screen: Decorators_widescreen
21:42:19.44   Activating screen: Taskbar_widescreen
21:42:19.44   Activating screen: SubtitleScreen
21:42:19.44   Activating screen: TextOverlayScreen
21:42:20.11   Activating screen: TacticalMap_widescreen
21:42:20.11   Activating screen: TextOverlayScreen
21:42:20.70   Activating screen: GameScreen
21:42:20.70   Activating screen: Decorators_widescreen
21:42:20.70   Activating screen: Taskbar_widescreen
21:42:20.70   Activating screen: SubtitleScreen
21:42:20.70   Activating screen: TextOverlayScreen
21:42:25.50   Activating screen: TacticalMap_widescreen
21:42:25.50   Activating screen: TextOverlayScreen
21:42:26.15   Activating screen: GameScreen
21:42:26.15   Activating screen: Decorators_widescreen
21:42:26.15   Activating screen: Taskbar_widescreen
21:42:26.15   Activating screen: SubtitleScreen
21:42:26.15   Activating screen: TextOverlayScreen
21:42:27.81   Activating screen: TacticalMap_widescreen
21:42:27.81   Activating screen: TextOverlayScreen
21:42:28.42   Activating screen: GameScreen
21:42:28.42   Activating screen: Decorators_widescreen
21:42:28.42   Activating screen: Taskbar_widescreen
21:42:28.42   Activating screen: SubtitleScreen
21:42:28.42   Activating screen: TextOverlayScreen
21:42:30.98   RLINK -- SENDING FORCED ACK from Peer 3 to Peer 16 - timeSinceLastAckMS      15500, transmitAckLastTimeMS    6378134 | Peer ---E- M#00000000 Sack00000051 NSack00000000 (C0.0% S:0.0) [  ]
21:42:31.74   RLINK -- SENDING FORCED ACK from Peer 3 to Peer 11 - timeSinceLastAckMS      92182, transmitAckLastTimeMS    6378891 | Peer ---E- M#00000000 Sack00000051 NSack00000000 (C0.0% S:0.0) [  ]
21:42:32.01   RLINK -- local      PeerID 3 LOCL ack=  0 (  0ms~0) unack=  0, retry=  0, highwaterOOS=0 (ip=WINaddr:192.168.50.236:6112;), pending=0, dead=0, RS#=0/0
21:42:32.01   RLINK --       host PeerID 1 RELY ack=377 (543ms~27) unack=  0, retry= 20, highwaterOOS=2 (ip=WINaddr:192.168.1.10:6112;), pending=0, dead=0, RS#=376/376
21:42:32.01   RLINK --            PeerID 7 RELY ack= 49 (543ms~27) unack=  0, retry=  0, highwaterOOS=0 (ip=WINaddr:192.168.1.43:6112;), pending=0, dead=0, RS#=49/49
21:42:32.01   RLINK --            PeerID 10 RELY ack= 38 (  0ms~0) unack=  0, retry= 39, highwaterOOS=0 (ip=WINaddr:192.168.1.4:6112;), pending=0, dead=0, RS#=38/38
21:42:32.01   RLINK --            PeerID 11 RELY ack= 36 (550ms~41) unack=  0, retry=  0, highwaterOOS=0 (ip=WINaddr:192.168.1.128:6112;), pending=0, dead=0, RS#=36/36
21:42:32.01   RLINK --            PeerID 12 RELY ack= 36 (544ms~29) unack=  0, retry=  0, highwaterOOS=0 (ip=WINaddr:192.168.1.146:6112;), pending=0, dead=0, RS#=36/36
21:42:32.01   RLINK --            PeerID 13 RELY ack= 36 (543ms~27) unack=  0, retry=  0, highwaterOOS=0 (ip=WINaddr:192.168.0.15:6112;), pending=0, dead=0, RS#=36/36
21:42:32.01   RLINK --            PeerID 16 RELY ack= 36 (543ms~27) unack=  0, retry=  0, highwaterOOS=0 (ip=WINaddr:192.168.1.106:6112;), pending=0, dead=0, RS#=36/36
21:42:32.01   RLINK -- MessageCounts: inval=0/0, seek=0/0, join=0/0, ichk=0/0, sk_r=0/0, deny=0/0, Padd=0/0, Pdel=0/0, drop=0/0, data=516/4, mdat=0/488, voip=0/0, rchk=0/0, nudg=0/0, Thdr=0/0, Peer=4/4, PPrx=4/8, ping=0/0, Pfrg=0/0, rely=0/0, lb_p=2/2, lb_c=0/0, cast=0/0, cdat=472/0, sorq1=0/0, sorp=0/0, acto=0/0, spob=0/0, sorq2=0/0
21:42:38.72   RLINK -- SENDING FORCED ACK from Peer 3 to Peer 1 - timeSinceLastAckMS     113963, transmitAckLastTimeMS    6385875 | Peer ---E- M#00000000 Sack00000272 NSack00000000 (C0.0% S:0.0) [  ]
21:42:48.37   RLINK -- SENDING FORCED ACK from Peer 3 to Peer 1 - timeSinceLastAckMS       9648, transmitAckLastTimeMS    6395523 | Peer ---E- M#00000000 Sack00000273 NSack00000000 (C0.0% S:0.0) [  ]
21:42:49.16   RLINK -- SENDING RETRY - Peer 3 to Peer 10 retryTimeMS        500 oneMsg.lastTransmitTime    6395787, timeSinceLastTransmitMS        525 | Peer RS--- M#00000039 Sack00000041 NSack00000000 (C0.0% S:0.0) [ PKT SIZE:17 data DestChannel:�{, Size:13  ]
21:42:49.68   RLINK -- SENDING RETRY - Peer 3 to Peer 10 retryTimeMS        500 oneMsg.lastTransmitTime    6396312, timeSinceLastTransmitMS        518 | Peer RS--- M#00000039 Sack00000041 NSack00000000 (C0.0% S:0.0) [ PKT SIZE:17 data DestChannel:L�, Size:13  ]
21:42:49.98   Activating screen: TacticalMap_widescreen
21:42:49.98   Activating screen: TextOverlayScreen
21:42:50.20   RLINK -- SENDING RETRY - Peer 3 to Peer 10 retryTimeMS        500 oneMsg.lastTransmitTime    6396830, timeSinceLastTransmitMS        516 | Peer RS--- M#00000039 Sack00000041 NSack00000000 (C0.0% S:0.0) [ PKT SIZE:17 data DestChannel:9�, Size:13  ]
21:42:50.82   Activating screen: GameScreen
21:42:50.82   Activating screen: Decorators_widescreen
21:42:50.82   Activating screen: Taskbar_widescreen
21:42:50.82   Activating screen: SubtitleScreen
21:42:50.82   Activating screen: TextOverlayScreen
21:42:51.25   RLINK -- SENDING FORCED ACK from Peer 3 to Peer 1 - timeSinceLastAckMS       2618, transmitAckLastTimeMS    6398405 | Peer ---E- M#00000000 Sack00000274 NSack00000000 (C0.0% S:0.0) [  ]
21:42:52.50   Activating screen: TacticalMap_widescreen
21:42:52.50   Activating screen: TextOverlayScreen
21:42:53.12   Activating screen: GameScreen
21:42:53.12   Activating screen: Decorators_widescreen
21:42:53.12   Activating screen: Taskbar_widescreen
21:42:53.12   Activating screen: SubtitleScreen
21:42:53.12   Activating screen: TextOverlayScreen
21:43:05.38   RLINK -- SENDING FORCED ACK from Peer 3 to Peer 13 - timeSinceLastAckMS      16741, transmitAckLastTimeMS    6412528 | Peer ---E- M#00000000 Sack00000052 NSack00000000 (C0.0% S:0.0) [  ]
21:43:15.00   RLINK -- Transport - median kBPS [hi/cur] sent = 0.2/0.0, recvd = 0.0/0.0, #p/sec[s/r] = 0.0/0.0, max unsent 0, version err 0, merge 0
21:43:19.33   Activating screen: TacticalMap_widescreen
21:43:19.33   Activating screen: TextOverlayScreen
21:43:20.56   Activating screen: GameScreen
21:43:20.56   Activating screen: Decorators_widescreen
21:43:20.56   Activating screen: Taskbar_widescreen
21:43:20.56   Activating screen: SubtitleScreen
21:43:20.56   Activating screen: TextOverlayScreen
21:43:26.50   RLINK -- SENDING FORCED ACK from Peer 3 to Peer 16 - timeSinceLastAckMS      37868, transmitAckLastTimeMS    6433655 | Peer ---E- M#00000000 Sack00000052 NSack00000000 (C0.0% S:0.0) [  ]
21:43:33.02   RLINK -- local      PeerID 3 LOCL ack=  0 (  0ms~0) unack=  0, retry=  0, highwaterOOS=0 (ip=WINaddr:192.168.50.236:6112;), pending=0, dead=0, RS#=0/0
21:43:33.02   RLINK --       host PeerID 1 RELY ack=378 (518ms~37) unack=  0, retry= 20, highwaterOOS=2 (ip=WINaddr:192.168.1.10:6112;), pending=0, dead=0, RS#=377/377
21:43:33.02   RLINK --            PeerID 7 RELY ack= 50 (518ms~37) unack=  0, retry=  0, highwaterOOS=0 (ip=WINaddr:192.168.1.43:6112;), pending=0, dead=0, RS#=50/50
21:43:33.02   RLINK --            PeerID 10 RELY ack= 39 (  0ms~0) unack=  0, retry= 42, highwaterOOS=0 (ip=WINaddr:192.168.1.4:6112;), pending=0, dead=0, RS#=39/39
21:43:33.02   RLINK --            PeerID 11 RELY ack= 37 (522ms~47) unack=  0, retry=  0, highwaterOOS=0 (ip=WINaddr:192.168.1.128:6112;), pending=0, dead=0, RS#=37/37
21:43:33.02   RLINK --            PeerID 12 RELY ack= 37 (519ms~38) unack=  0, retry=  0, highwaterOOS=0 (ip=WINaddr:192.168.1.146:6112;), pending=0, dead=0, RS#=37/37
21:43:33.02   RLINK --            PeerID 13 RELY ack= 37 (518ms~37) unack=  0, retry=  0, highwaterOOS=0 (ip=WINaddr:192.168.0.15:6112;), pending=0, dead=0, RS#=37/37
21:43:33.02   RLINK --            PeerID 16 RELY ack= 37 (578ms~49) unack=  0, retry=  0, highwaterOOS=0 (ip=WINaddr:192.168.1.106:6112;), pending=0, dead=0, RS#=37/37
21:43:33.02   RLINK -- MessageCounts: inval=0/0, seek=0/0, join=0/0, ichk=0/0, sk_r=0/0, deny=0/0, Padd=0/0, Pdel=0/0, drop=0/0, data=517/11, mdat=0/488, voip=0/0, rchk=0/0, nudg=0/0, Thdr=0/0, Peer=12/12, PPrx=9/24, ping=0/0, Pfrg=0/0, rely=0/0, lb_p=2/2, lb_c=0/0, cast=0/0, cdat=479/0, sorq1=0/0, sorp=0/0, acto=0/0, spob=0/0, sorq2=0/0
21:43:34.79   Activating screen: TacticalMap_widescreen
21:43:34.79   Activating screen: TextOverlayScreen
21:43:35.77   Activating screen: GameScreen
21:43:35.77   Activating screen: Decorators_widescreen
21:43:35.77   Activating screen: Taskbar_widescreen
21:43:35.77   Activating screen: SubtitleScreen
21:43:35.77   Activating screen: TextOverlayScreen
21:43:52.78   RLINK -- SENDING FORCED ACK from Peer 3 to Peer 11 - timeSinceLastAckMS      64148, transmitAckLastTimeMS    6459935 | Peer ---E- M#00000000 Sack00000052 NSack00000000 (C0.0% S:0.0) [  ]
21:43:52.96   Activating screen: TacticalMap_widescreen
21:43:52.96   Activating screen: TextOverlayScreen
21:43:55.16   Activating screen: GameScreen
21:43:55.16   Activating screen: Decorators_widescreen
21:43:55.16   Activating screen: Taskbar_widescreen
21:43:55.16   Activating screen: SubtitleScreen
21:43:55.16   Activating screen: TextOverlayScreen
21:44:08.12   Activating screen: TacticalMap_widescreen
21:44:08.12   Activating screen: TextOverlayScreen
21:44:08.52   RLINK -- SENDING RETRY - Peer 3 to Peer 10 retryTimeMS        500 oneMsg.lastTransmitTime    6475143, timeSinceLastTransmitMS        526 | Peer RS--- M#00000040 Sack00000041 NSack00000000 (C0.0% S:0.0) [ PKT SIZE:33 data DestChannel:�{, Size:29  ]
21:44:08.64   RLINK -- SENDING FORCED ACK from Peer 3 to Peer 12 - timeSinceLastAckMS        646, transmitAckLastTimeMS    6475789 | Peer ---E- M#00000000 Sack00000056 NSack00000000 (C0.0% S:0.0) [  ]
21:44:09.17   Activating screen: GameScreen
21:44:09.17   Activating screen: Decorators_widescreen
21:44:09.17   Activating screen: Taskbar_widescreen
21:44:09.17   Activating screen: SubtitleScreen
21:44:09.17   Activating screen: TextOverlayScreen
21:44:10.52   Activating screen: TacticalMap_widescreen
21:44:10.52   Activating screen: TextOverlayScreen
21:44:11.41   Activating screen: GameScreen
21:44:11.41   Activating screen: Decorators_widescreen
21:44:11.41   Activating screen: Taskbar_widescreen
21:44:11.41   Activating screen: SubtitleScreen
21:44:11.41   Activating screen: TextOverlayScreen
21:44:12.14   Activating screen: TacticalMap_widescreen
21:44:12.14   Activating screen: TextOverlayScreen
21:44:12.52   RLINK -- SENDING FORCED ACK from Peer 3 to Peer 13 - timeSinceLastAckMS       4527, transmitAckLastTimeMS    6479670 | Peer ---E- M#00000000 Sack00000053 NSack00000000 (C0.0% S:0.0) [  ]
21:44:12.78   Activating screen: GameScreen
21:44:12.78   Activating screen: Decorators_widescreen
21:44:12.78   Activating screen: Taskbar_widescreen
21:44:12.78   Activating screen: SubtitleScreen
21:44:12.78   Activating screen: TextOverlayScreen
21:44:16.01   RLINK -- Transport - median kBPS [hi/cur] sent = 0.2/0.0, recvd = 0.0/0.0, #p/sec[s/r] = 0.0/0.0, max unsent 0, version err 0, merge 0
21:44:16.55   RLINK -- SENDING RETRY - Peer 3 to Peer 10 retryTimeMS        500 oneMsg.lastTransmitTime    6483183, timeSinceLastTransmitMS        521 | Peer RS--- M#00000041 Sack00000041 NSack00000000 (C0.0% S:0.0) [ PKT SIZE:58 data DestChannel:�{, Size:54  ]
21:44:18.62   RLINK -- SENDING RETRY - Peer 3 to Peer 10 retryTimeMS        500 oneMsg.lastTransmitTime    6485255, timeSinceLastTransmitMS        518 | Peer RS--- M#00000042 Sack00000041 NSack00000000 (C0.0% S:0.0) [ PKT SIZE:39 data DestChannel:�{, Size:35  ]
21:44:21.02   Activating screen: TacticalMap_widescreen
21:44:21.02   Activating screen: TextOverlayScreen
21:44:21.61   Activating screen: GameScreen
21:44:21.61   Activating screen: Decorators_widescreen
21:44:21.61   Activating screen: Taskbar_widescreen
21:44:21.61   Activating screen: SubtitleScreen
21:44:21.61   Activating screen: TextOverlayScreen
21:44:23.40   Activating screen: TacticalMap_widescreen
21:44:23.40   Activating screen: TextOverlayScreen
21:44:24.02   Activating screen: GameScreen
21:44:24.02   Activating screen: Decorators_widescreen
21:44:24.02   Activating screen: Taskbar_widescreen
21:44:24.02   Activating screen: SubtitleScreen
21:44:24.02   Activating screen: TextOverlayScreen
21:44:24.51   Activating screen: TacticalMap_widescreen
21:44:24.51   Activating screen: TextOverlayScreen
21:44:25.59   Activating screen: GameScreen
21:44:25.59   Activating screen: Decorators_widescreen
21:44:25.59   Activating screen: Taskbar_widescreen
21:44:25.59   Activating screen: SubtitleScreen
21:44:25.59   Activating screen: TextOverlayScreen
21:44:27.16   Activating screen: TacticalMap_widescreen
21:44:27.16   Activating screen: TextOverlayScreen
21:44:27.92   Activating screen: GameScreen
21:44:27.92   Activating screen: Decorators_widescreen
21:44:27.92   Activating screen: Taskbar_widescreen
21:44:27.92   Activating screen: SubtitleScreen
21:44:27.92   Activating screen: TextOverlayScreen
21:44:34.02   RLINK -- local      PeerID 3 LOCL ack=  0 (  0ms~0) unack=  0, retry=  0, highwaterOOS=0 (ip=WINaddr:192.168.50.236:6112;), pending=0, dead=0, RS#=0/0
21:44:34.02   RLINK --       host PeerID 1 RELY ack=381 (527ms~34) unack=  0, retry= 20, highwaterOOS=2 (ip=WINaddr:192.168.1.10:6112;), pending=0, dead=0, RS#=380/380
21:44:34.02   RLINK --            PeerID 7 RELY ack= 53 (527ms~34) unack=  0, retry=  0, highwaterOOS=0 (ip=WINaddr:192.168.1.43:6112;), pending=0, dead=0, RS#=53/53
21:44:34.02   RLINK --            PeerID 10 RELY ack= 42 (  0ms~0) unack=  0, retry= 45, highwaterOOS=0 (ip=WINaddr:192.168.1.4:6112;), pending=0, dead=0, RS#=42/42
21:44:34.02   RLINK --            PeerID 11 RELY ack= 40 (527ms~34) unack=  0, retry=  0, highwaterOOS=0 (ip=WINaddr:192.168.1.128:6112;), pending=0, dead=0, RS#=40/40
21:44:34.02   RLINK --            PeerID 12 RELY ack= 40 (527ms~34) unack=  0, retry=  0, highwaterOOS=0 (ip=WINaddr:192.168.1.146:6112;), pending=0, dead=0, RS#=40/40
21:44:34.02   RLINK --            PeerID 13 RELY ack= 40 (527ms~34) unack=  0, retry=  0, highwaterOOS=0 (ip=WINaddr:192.168.0.15:6112;), pending=0, dead=0, RS#=40/40
21:44:34.02   RLINK --            PeerID 16 RELY ack= 40 (639ms~43) unack=  0, retry=  0, highwaterOOS=0 (ip=WINaddr:192.168.1.106:6112;), pending=0, dead=0, RS#=40/40
21:44:34.02   RLINK -- MessageCounts: inval=0/0, seek=0/0, join=0/0, ichk=0/0, sk_r=0/0, deny=0/0, Padd=0/0, Pdel=0/0, drop=0/0, data=523/9, mdat=0/488, voip=0/0, rchk=0/0, nudg=0/0, Thdr=0/0, Peer=24/24, PPrx=9/48, ping=0/0, Pfrg=0/0, rely=0/0, lb_p=2/2, lb_c=0/0, cast=0/0, cdat=476/0, sorq1=0/0, sorp=0/0, acto=0/0, spob=0/0, sorq2=0/0
21:44:38.17   Activating screen: TacticalMap_widescreen
21:44:38.17   Activating screen: TextOverlayScreen
21:44:39.01   Activating screen: GameScreen
21:44:39.01   Activating screen: Decorators_widescreen
21:44:39.01   Activating screen: Taskbar_widescreen
21:44:39.01   Activating screen: SubtitleScreen
21:44:39.01   Activating screen: TextOverlayScreen
21:44:43.45   Activating screen: TacticalMap_widescreen
21:44:43.45   Activating screen: TextOverlayScreen
21:44:43.78   RLINK -- SENDING FORCED ACK from Peer 3 to Peer 1 - timeSinceLastAckMS      25676, transmitAckLastTimeMS    6510931 | Peer ---E- M#00000000 Sack00000275 NSack00000000 (C0.0% S:0.0) [  ]
21:44:43.78   RLINK -- SENDING FORCED ACK from Peer 3 to Peer 11 - timeSinceLastAckMS      25676, transmitAckLastTimeMS    6510931 | Peer ---E- M#00000000 Sack00000053 NSack00000000 (C0.0% S:0.0) [  ]
21:44:44.22   Activating screen: GameScreen
21:44:44.22   Activating screen: Decorators_widescreen
21:44:44.22   Activating screen: Taskbar_widescreen
21:44:44.22   Activating screen: SubtitleScreen
21:44:44.22   Activating screen: TextOverlayScreen
21:44:47.08   Activating screen: TacticalMap_widescreen
21:44:47.08   Activating screen: TextOverlayScreen
21:44:49.06   Activating screen: GameScreen
21:44:49.06   Activating screen: Decorators_widescreen
21:44:49.06   Activating screen: Taskbar_widescreen
21:44:49.06   Activating screen: SubtitleScreen
21:44:49.06   Activating screen: TextOverlayScreen
21:44:52.45   Activating screen: TacticalMap_widescreen
21:44:52.45   Activating screen: TextOverlayScreen
21:44:53.09   Activating screen: GameScreen
21:44:53.09   Activating screen: Decorators_widescreen
21:44:53.09   Activating screen: Taskbar_widescreen
21:44:53.09   Activating screen: SubtitleScreen
21:44:53.09   Activating screen: TextOverlayScreen
21:44:59.12   Activating screen: TacticalMap_widescreen
21:44:59.12   Activating screen: TextOverlayScreen
21:44:59.95   Activating screen: GameScreen
21:44:59.95   Activating screen: Decorators_widescreen
21:44:59.95   Activating screen: Taskbar_widescreen
21:44:59.95   Activating screen: SubtitleScreen
21:44:59.95   Activating screen: TextOverlayScreen
21:45:12.33   Activating screen: TacticalMap_widescreen
21:45:12.33   Activating screen: TextOverlayScreen
21:45:13.40   Activating screen: GameScreen
21:45:13.40   Activating screen: Decorators_widescreen
21:45:13.40   Activating screen: Taskbar_widescreen
21:45:13.40   Activating screen: SubtitleScreen
21:45:13.40   Activating screen: TextOverlayScreen
21:45:17.00   RLINK -- Transport - median kBPS [hi/cur] sent = 0.2/0.0, recvd = 0.0/0.0, #p/sec[s/r] = 0.0/0.0, max unsent 0, version err 0, merge 0
21:45:18.93   Activating screen: TacticalMap_widescreen
21:45:18.93   Activating screen: TextOverlayScreen
21:45:20.06   Activating screen: GameScreen
21:45:20.06   Activating screen: Decorators_widescreen
21:45:20.06   Activating screen: Taskbar_widescreen
21:45:20.06   Activating screen: SubtitleScreen
21:45:20.06   Activating screen: TextOverlayScreen
21:45:20.56   RLINK -- SENDING FORCED ACK from Peer 3 to Peer 12 - timeSinceLastAckMS      62455, transmitAckLastTimeMS    6547710 | Peer ---E- M#00000000 Sack00000057 NSack00000000 (C0.0% S:0.0) [  ]
21:45:21.02   Activating screen: TacticalMap_widescreen
21:45:21.02   Activating screen: TextOverlayScreen
21:45:21.66   Activating screen: GameScreen
21:45:21.66   Activating screen: Decorators_widescreen
21:45:21.66   Activating screen: Taskbar_widescreen
21:45:21.66   Activating screen: SubtitleScreen
21:45:21.66   Activating screen: TextOverlayScreen
21:45:21.92   RLINK -- SENDING FORCED ACK from Peer 3 to Peer 12 - timeSinceLastAckMS       1363, transmitAckLastTimeMS    6549073 | Peer ---E- M#00000000 Sack00000058 NSack00000000 (C0.0% S:0.0) [  ]
21:45:22.36   Activating screen: TacticalMap_widescreen
21:45:22.36   Activating screen: TextOverlayScreen
21:45:23.05   Activating screen: GameScreen
21:45:23.05   Activating screen: Decorators_widescreen
21:45:23.05   Activating screen: Taskbar_widescreen
21:45:23.05   Activating screen: SubtitleScreen
21:45:23.05   Activating screen: TextOverlayScreen
21:45:26.07   RLINK -- SENDING FORCED ACK from Peer 3 to Peer 13 - timeSinceLastAckMS      67961, transmitAckLastTimeMS    6553216 | Peer ---E- M#00000000 Sack00000054 NSack00000000 (C0.0% S:0.0) [  ]
21:45:35.01   RLINK -- local      PeerID 3 LOCL ack=  0 (  0ms~0) unack=  0, retry=  0, highwaterOOS=0 (ip=WINaddr:192.168.50.236:6112;), pending=0, dead=0, RS#=0/0
21:45:35.01   RLINK --       host PeerID 1 RELY ack=381 (527ms~34) unack=  0, retry= 20, highwaterOOS=2 (ip=WINaddr:192.168.1.10:6112;), pending=0, dead=0, RS#=380/380
21:45:35.01   RLINK --            PeerID 7 RELY ack= 53 (527ms~34) unack=  0, retry=  0, highwaterOOS=0 (ip=WINaddr:192.168.1.43:6112;), pending=0, dead=0, RS#=53/53
21:45:35.01   RLINK --            PeerID 10 RELY ack= 42 (  0ms~0) unack=  0, retry= 45, highwaterOOS=0 (ip=WINaddr:192.168.1.4:6112;), pending=0, dead=0, RS#=42/42
21:45:35.01   RLINK --            PeerID 11 RELY ack= 40 (527ms~34) unack=  0, retry=  0, highwaterOOS=0 (ip=WINaddr:192.168.1.128:6112;), pending=0, dead=0, RS#=40/40
21:45:35.01   RLINK --            PeerID 12 RELY ack= 40 (527ms~34) unack=  0, retry=  0, highwaterOOS=0 (ip=WINaddr:192.168.1.146:6112;), pending=0, dead=0, RS#=40/40
21:45:35.01   RLINK --            PeerID 13 RELY ack= 40 (527ms~34) unack=  0, retry=  0, highwaterOOS=0 (ip=WINaddr:192.168.0.15:6112;), pending=0, dead=0, RS#=40/40
21:45:35.01   RLINK --            PeerID 16 RELY ack= 40 (639ms~43) unack=  0, retry=  0, highwaterOOS=0 (ip=WINaddr:192.168.1.106:6112;), pending=0, dead=0, RS#=40/40
21:45:35.01   RLINK -- MessageCounts: inval=0/0, seek=0/0, join=0/0, ichk=0/0, sk_r=0/0, deny=0/0, Padd=0/0, Pdel=0/0, drop=0/0, data=514/5, mdat=0/488, voip=0/0, rchk=0/0, nudg=0/0, Thdr=0/0, Peer=5/5, PPrx=4/10, ping=0/0, Pfrg=0/0, rely=0/0, lb_p=2/2, lb_c=0/0, cast=0/0, cdat=473/0, sorq1=0/0, sorp=0/0, acto=0/0, spob=0/0, sorq2=0/0
21:45:44.57   Activating screen: TacticalMap_widescreen
21:45:44.57   Activating screen: TextOverlayScreen
21:45:45.19   Activating screen: GameScreen
21:45:45.19   Activating screen: Decorators_widescreen
21:45:45.19   Activating screen: Taskbar_widescreen
21:45:45.19   Activating screen: SubtitleScreen
21:45:45.19   Activating screen: TextOverlayScreen
21:45:46.16   Warning: binding repeat_4(Ability: abilities\reenable_capture_ability) -- ui index '0' out of bounds; range is [1, 12]
21:45:48.07   Activating screen: TacticalMap_widescreen
21:45:48.07   Activating screen: TextOverlayScreen
21:45:48.80   Activating screen: GameScreen
21:45:48.80   Activating screen: Decorators_widescreen
21:45:48.80   Activating screen: Taskbar_widescreen
21:45:48.80   Activating screen: SubtitleScreen
21:45:48.80   Activating screen: TextOverlayScreen
21:45:49.71   Activating screen: TacticalMap_widescreen
21:45:49.71   Activating screen: TextOverlayScreen
21:45:50.87   Activating screen: GameScreen
21:45:50.87   Activating screen: Decorators_widescreen
21:45:50.87   Activating screen: Taskbar_widescreen
21:45:50.87   Activating screen: SubtitleScreen
21:45:50.87   Activating screen: TextOverlayScreen
21:45:56.77   Activating screen: TacticalMap_widescreen
21:45:56.77   Activating screen: TextOverlayScreen
21:45:57.40   Activating screen: GameScreen
21:45:57.40   Activating screen: Decorators_widescreen
21:45:57.40   Activating screen: Taskbar_widescreen
21:45:57.40   Activating screen: SubtitleScreen
21:45:57.40   Activating screen: TextOverlayScreen
21:45:59.26   Activating screen: TacticalMap_widescreen
21:45:59.26   Activating screen: TextOverlayScreen
21:45:59.53   Activating screen: GameScreen
21:45:59.53   Activating screen: Decorators_widescreen
21:45:59.53   Activating screen: Taskbar_widescreen
21:45:59.53   Activating screen: SubtitleScreen
21:45:59.53   Activating screen: TextOverlayScreen
21:46:06.55   Activating screen: TacticalMap_widescreen
21:46:06.55   Activating screen: TextOverlayScreen
21:46:08.00   Activating screen: GameScreen
21:46:08.00   Activating screen: Decorators_widescreen
21:46:08.00   Activating screen: Taskbar_widescreen
21:46:08.00   Activating screen: SubtitleScreen
21:46:08.00   Activating screen: TextOverlayScreen
21:46:08.52   Activating screen: TacticalMap_widescreen
21:46:08.52   Activating screen: TextOverlayScreen
21:46:09.15   Activating screen: GameScreen
21:46:09.15   Activating screen: Decorators_widescreen
21:46:09.15   Activating screen: Taskbar_widescreen
21:46:09.15   Activating screen: SubtitleScreen
21:46:09.15   Activating screen: TextOverlayScreen
21:46:13.20   Activating screen: TacticalMap_widescreen
21:46:13.20   Activating screen: TextOverlayScreen
21:46:13.81   Activating screen: GameScreen
21:46:13.81   Activating screen: Decorators_widescreen
21:46:13.81   Activating screen: Taskbar_widescreen
21:46:13.81   Activating screen: SubtitleScreen
21:46:13.81   Activating screen: TextOverlayScreen
21:46:18.00   RLINK -- Transport - median kBPS [hi/cur] sent = 0.2/0.0, recvd = 0.0/0.0, #p/sec[s/r] = 0.0/0.0, max unsent 0, version err 0, merge 0
21:46:28.62   Activating screen: TacticalMap_widescreen
21:46:28.62   Activating screen: TextOverlayScreen
21:46:28.72   RLINK -- SENDING FORCED ACK from Peer 3 to Peer 13 - timeSinceLastAckMS      62651, transmitAckLastTimeMS    6615867 | Peer ---E- M#00000000 Sack00000055 NSack00000000 (C0.0% S:0.0) [  ]
21:46:28.81   Activating screen: GameScreen
21:46:28.81   Activating screen: Decorators_widescreen
21:46:28.81   Activating screen: Taskbar_widescreen
21:46:28.81   Activating screen: SubtitleScreen
21:46:28.81   Activating screen: TextOverlayScreen
21:46:29.90   RLINK -- SENDING RETRY - Peer 3 to Peer 10 retryTimeMS        500 oneMsg.lastTransmitTime    6616524, timeSinceLastTransmitMS        527 | Peer RS--- M#00000043 Sack00000041 NSack00000000 (C0.0% S:0.0) [ PKT SIZE:58 data DestChannel:�{, Size:54  ]
21:46:30.56   RLINK -- SENDING RETRY - Peer 3 to Peer 10 retryTimeMS        500 oneMsg.lastTransmitTime    6617189, timeSinceLastTransmitMS        526 | Peer RS--- M#00000044 Sack00000041 NSack00000000 (C0.0% S:0.0) [ PKT SIZE:17 data DestChannel:�{, Size:13  ]
21:46:31.08   RLINK -- SENDING RETRY - Peer 3 to Peer 10 retryTimeMS        500 oneMsg.lastTransmitTime    6617715, timeSinceLastTransmitMS        512 | Peer RS--- M#00000044 Sack00000041 NSack00000000 (C0.0% S:0.0) [ PKT SIZE:17 data DestChannel:�{, Size:13  ]
21:46:33.06   Activating screen: TacticalMap_widescreen
21:46:33.06   Activating screen: TextOverlayScreen
21:46:34.67   Activating screen: GameScreen
21:46:34.67   Activating screen: Decorators_widescreen
21:46:34.67   Activating screen: Taskbar_widescreen
21:46:34.67   Activating screen: SubtitleScreen
21:46:34.67   Activating screen: TextOverlayScreen
21:46:35.32   RLINK -- SENDING FORCED ACK from Peer 3 to Peer 16 - timeSinceLastAckMS       5285, transmitAckLastTimeMS    6622474 | Peer ---E- M#00000000 Sack00000053 NSack00000000 (C0.0% S:0.0) [  ]
21:46:35.96   RLINK -- SENDING FORCED ACK from Peer 3 to Peer 1 - timeSinceLastAckMS       5923, transmitAckLastTimeMS    6623112 | Peer ---E- M#00000000 Sack00000276 NSack00000000 (C0.0% S:0.0) [  ]
21:46:36.02   RLINK -- local      PeerID 3 LOCL ack=  0 (  0ms~0) unack=  0, retry=  0, highwaterOOS=0 (ip=WINaddr:192.168.50.236:6112;), pending=0, dead=0, RS#=0/0
21:46:36.02   RLINK --       host PeerID 1 RELY ack=383 (587ms~114) unack=  0, retry= 20, highwaterOOS=2 (ip=WINaddr:192.168.1.10:6112;), pending=0, dead=0, RS#=382/382
21:46:36.02   RLINK --            PeerID 7 RELY ack= 55 (526ms~53) unack=  0, retry=  0, highwaterOOS=0 (ip=WINaddr:192.168.1.43:6112;), pending=0, dead=0, RS#=55/55
21:46:36.02   RLINK --            PeerID 10 RELY ack= 44 (  0ms~0) unack=  0, retry= 48, highwaterOOS=0 (ip=WINaddr:192.168.1.4:6112;), pending=0, dead=0, RS#=44/44
21:46:36.02   RLINK --            PeerID 11 RELY ack= 42 (526ms~53) unack=  0, retry=  0, highwaterOOS=0 (ip=WINaddr:192.168.1.128:6112;), pending=0, dead=0, RS#=42/42
21:46:36.02   RLINK --            PeerID 12 RELY ack= 42 (526ms~53) unack=  0, retry=  0, highwaterOOS=0 (ip=WINaddr:192.168.1.146:6112;), pending=0, dead=0, RS#=42/42
21:46:36.02   RLINK --            PeerID 13 RELY ack= 42 (526ms~53) unack=  0, retry=  0, highwaterOOS=0 (ip=WINaddr:192.168.0.15:6112;), pending=0, dead=0, RS#=42/42
21:46:36.02   RLINK --            PeerID 16 RELY ack= 42 (584ms~51) unack=  0, retry=  0, highwaterOOS=0 (ip=WINaddr:192.168.1.106:6112;), pending=0, dead=0, RS#=42/42
21:46:36.02   RLINK -- MessageCounts: inval=0/0, seek=0/0, join=0/0, ichk=0/0, sk_r=0/0, deny=0/0, Padd=0/0, Pdel=0/0, drop=0/0, data=527/9, mdat=0/488, voip=0/0, rchk=0/0, nudg=0/0, Thdr=0/0, Peer=17/17, PPrx=8/34, ping=0/0, Pfrg=0/0, rely=0/0, lb_p=2/2, lb_c=0/0, cast=0/0, cdat=477/0, sorq1=0/0, sorp=0/0, acto=0/0, spob=0/0, sorq2=0/0
21:46:36.23   RLINK -- SENDING FORCED ACK from Peer 3 to Peer 1 - timeSinceLastAckMS        273, transmitAckLastTimeMS    6623385 | Peer ---E- M#00000000 Sack00000277 NSack00000000 (C0.0% S:0.0) [  ]
21:46:40.71   RLINK -- SENDING FORCED ACK from Peer 3 to Peer 1 - timeSinceLastAckMS       4480, transmitAckLastTimeMS    6627865 | Peer ---E- M#00000000 Sack00000278 NSack00000000 (C0.0% S:0.0) [  ]
21:46:40.99   RLINK -- SENDING FORCED ACK from Peer 3 to Peer 1 - timeSinceLastAckMS        274, transmitAckLastTimeMS    6628139 | Peer ---E- M#00000000 Sack00000279 NSack00000000 (C0.0% S:0.0) [  ]
21:46:41.35   RLINK -- SENDING FORCED ACK from Peer 3 to Peer 1 - timeSinceLastAckMS        364, transmitAckLastTimeMS    6628503 | Peer ---E- M#00000000 Sack00000280 NSack00000000 (C0.0% S:0.0) [  ]
21:46:44.72   RLINK -- SENDING FORCED ACK from Peer 3 to Peer 1 - timeSinceLastAckMS       3365, transmitAckLastTimeMS    6631868 | Peer ---E- M#00000000 Sack00000281 NSack00000000 (C0.0% S:0.0) [  ]
21:46:52.59   RLINK -- SENDING RETRY - Peer 3 to Peer 10 retryTimeMS        500 oneMsg.lastTransmitTime    6639233, timeSinceLastTransmitMS        512 | Peer RS--- M#00000045 Sack00000041 NSack00000000 (C0.0% S:0.0) [ PKT SIZE:47 data DestChannel:�{, Size:43  ]
21:46:53.67   Activating screen: Command_Tree
21:46:54.41   Activating screen: Command_Branch
21:47:00.73   Activating screen: TacticalMap_widescreen
21:47:00.73   Activating screen: TextOverlayScreen
21:47:01.54   Activating screen: GameScreen
21:47:01.54   Activating screen: Decorators_widescreen
21:47:01.54   Activating screen: Taskbar_widescreen
21:47:01.54   Activating screen: SubtitleScreen
21:47:01.54   Activating screen: TextOverlayScreen
21:47:03.34   RLINK -- SENDING FORCED ACK from Peer 3 to Peer 13 - timeSinceLastAckMS      11261, transmitAckLastTimeMS    6650494 | Peer ---E- M#00000000 Sack00000056 NSack00000000 (C0.0% S:0.0) [  ]
21:47:05.37   RLINK -- SENDING FORCED ACK from Peer 3 to Peer 13 - timeSinceLastAckMS       2023, transmitAckLastTimeMS    6652517 | Peer ---E- M#00000000 Sack00000057 NSack00000000 (C0.0% S:0.0) [  ]
21:47:05.61   Activating screen: TacticalMap_widescreen
21:47:05.61   Activating screen: TextOverlayScreen
21:47:05.73   RLINK -- SENDING FORCED ACK from Peer 3 to Peer 13 - timeSinceLastAckMS        364, transmitAckLastTimeMS    6652881 | Peer ---E- M#00000000 Sack00000058 NSack00000000 (C0.0% S:0.0) [  ]
21:47:05.90   Activating screen: GameScreen
21:47:05.90   Activating screen: Decorators_widescreen
21:47:05.90   Activating screen: Taskbar_widescreen
21:47:05.90   Activating screen: SubtitleScreen
21:47:05.90   Activating screen: TextOverlayScreen
21:47:06.72   Activating screen: TacticalMap_widescreen
21:47:06.72   Activating screen: TextOverlayScreen
21:47:07.22   Activating screen: GameScreen
21:47:07.22   Activating screen: Decorators_widescreen
21:47:07.22   Activating screen: Taskbar_widescreen
21:47:07.22   Activating screen: SubtitleScreen
21:47:07.22   Activating screen: TextOverlayScreen
21:47:14.90   Activating screen: TacticalMap_widescreen
21:47:14.90   Activating screen: TextOverlayScreen
21:47:15.68   Activating screen: GameScreen
21:47:15.68   Activating screen: Decorators_widescreen
21:47:15.68   Activating screen: Taskbar_widescreen
21:47:15.68   Activating screen: SubtitleScreen
21:47:15.68   Activating screen: TextOverlayScreen
21:47:15.98   Activating screen: TacticalMap_widescreen
21:47:15.98   Activating screen: TextOverlayScreen
21:47:16.65   Activating screen: GameScreen
21:47:16.65   Activating screen: Decorators_widescreen
21:47:16.65   Activating screen: Taskbar_widescreen
21:47:16.65   Activating screen: SubtitleScreen
21:47:16.65   Activating screen: TextOverlayScreen
21:47:19.01   RLINK -- Transport - median kBPS [hi/cur] sent = 0.2/0.0, recvd = 0.0/0.0, #p/sec[s/r] = 0.0/0.0, max unsent 0, version err 0, merge 0
21:47:37.02   RLINK -- local      PeerID 3 LOCL ack=  0 (  0ms~0) unack=  0, retry=  0, highwaterOOS=0 (ip=WINaddr:192.168.50.236:6112;), pending=0, dead=0, RS#=0/0
21:47:37.02   RLINK --       host PeerID 1 RELY ack=384 (549ms~94) unack=  0, retry= 20, highwaterOOS=2 (ip=WINaddr:192.168.1.10:6112;), pending=0, dead=0, RS#=383/383
21:47:37.02   RLINK --            PeerID 7 RELY ack= 56 (519ms~33) unack=  0, retry=  0, highwaterOOS=0 (ip=WINaddr:192.168.1.43:6112;), pending=0, dead=0, RS#=56/56
21:47:37.02   RLINK --            PeerID 10 RELY ack= 45 (  0ms~0) unack=  0, retry= 49, highwaterOOS=0 (ip=WINaddr:192.168.1.4:6112;), pending=0, dead=0, RS#=45/45
21:47:37.02   RLINK --            PeerID 11 RELY ack= 43 (519ms~33) unack=  0, retry=  0, highwaterOOS=0 (ip=WINaddr:192.168.1.128:6112;), pending=0, dead=0, RS#=43/43
21:47:37.02   RLINK --            PeerID 12 RELY ack= 43 (519ms~33) unack=  0, retry=  0, highwaterOOS=0 (ip=WINaddr:192.168.1.146:6112;), pending=0, dead=0, RS#=43/43
21:47:37.02   RLINK --            PeerID 13 RELY ack= 43 (519ms~33) unack=  0, retry=  0, highwaterOOS=0 (ip=WINaddr:192.168.0.15:6112;), pending=0, dead=0, RS#=43/43
21:47:37.02   RLINK --            PeerID 16 RELY ack= 43 (608ms~49) unack=  0, retry=  0, highwaterOOS=0 (ip=WINaddr:192.168.1.106:6112;), pending=0, dead=0, RS#=43/43
21:47:37.02   RLINK -- MessageCounts: inval=0/0, seek=0/0, join=0/0, ichk=0/0, sk_r=0/0, deny=0/0, Padd=0/0, Pdel=0/0, drop=0/0, data=518/10, mdat=0/487, voip=0/0, rchk=0/0, nudg=0/0, Thdr=0/0, Peer=15/15, PPrx=10/30, ping=0/0, Pfrg=0/0, rely=0/0, lb_p=2/2, lb_c=0/0, cast=0/0, cdat=474/0, sorq1=0/0, sorp=0/0, acto=0/0, spob=0/0, sorq2=0/0
21:47:47.23   RLINK -- SENDING FORCED ACK from Peer 3 to Peer 1 - timeSinceLastAckMS      55150, transmitAckLastTimeMS    6694383 | Peer ---E- M#00000000 Sack00000282 NSack00000000 (C0.0% S:0.0) [  ]
21:48:02.75   Activating screen: TacticalMap_widescreen
21:48:02.75   Activating screen: TextOverlayScreen
21:48:03.35   Activating screen: GameScreen
21:48:03.35   Activating screen: Decorators_widescreen
21:48:03.35   Activating screen: Taskbar_widescreen
21:48:03.35   Activating screen: SubtitleScreen
21:48:03.35   Activating screen: TextOverlayScreen
21:48:08.50   RLINK -- SENDING FORCED ACK from Peer 3 to Peer 13 - timeSinceLastAckMS      62770, transmitAckLastTimeMS    6715651 | Peer ---E- M#00000000 Sack00000059 NSack00000000 (C0.0% S:0.0) [  ]
21:48:09.26   RLINK -- SENDING FORCED ACK from Peer 3 to Peer 13 - timeSinceLastAckMS        757, transmitAckLastTimeMS    6716408 | Peer ---E- M#00000000 Sack00000060 NSack00000000 (C0.0% S:0.0) [  ]
21:48:16.38   RLINK -- SENDING FORCED ACK from Peer 3 to Peer 1 - timeSinceLastAckMS      29144, transmitAckLastTimeMS    6723527 | Peer ---E- M#00000000 Sack00000283 NSack00000000 (C0.0% S:0.0) [  ]
21:48:20.00   RLINK -- Transport - median kBPS [hi/cur] sent = 0.2/0.0, recvd = 0.0/0.0, #p/sec[s/r] = 0.0/0.0, max unsent 0, version err 0, merge 0
21:48:22.62   RLINK -- SENDING RETRY - Peer 3 to Peer 10 retryTimeMS        500 oneMsg.lastTransmitTime    6729238, timeSinceLastTransmitMS        529 | Peer RS--- M#00000046 Sack00000041 NSack00000000 (C0.0% S:0.0) [ PKT SIZE:19 data DestChannel:�{, Size:15  ]
21:48:38.00   RLINK -- local      PeerID 3 LOCL ack=  0 (  0ms~0) unack=  0, retry=  0, highwaterOOS=0 (ip=WINaddr:192.168.50.236:6112;), pending=0, dead=0, RS#=0/0
21:48:38.00   RLINK --       host PeerID 1 RELY ack=385 (538ms~57) unack=  0, retry= 20, highwaterOOS=2 (ip=WINaddr:192.168.1.10:6112;), pending=0, dead=0, RS#=384/384
21:48:38.00   RLINK --            PeerID 7 RELY ack= 57 (523ms~21) unack=  0, retry=  0, highwaterOOS=0 (ip=WINaddr:192.168.1.43:6112;), pending=0, dead=0, RS#=57/57
21:48:38.00   RLINK --            PeerID 10 RELY ack= 46 (  0ms~0) unack=  0, retry= 50, highwaterOOS=0 (ip=WINaddr:192.168.1.4:6112;), pending=0, dead=0, RS#=46/46
21:48:38.00   RLINK --            PeerID 11 RELY ack= 44 (523ms~21) unack=  0, retry=  0, highwaterOOS=0 (ip=WINaddr:192.168.1.128:6112;), pending=0, dead=0, RS#=44/44
21:48:38.00   RLINK --            PeerID 12 RELY ack= 44 (523ms~21) unack=  0, retry=  0, highwaterOOS=0 (ip=WINaddr:192.168.1.146:6112;), pending=0, dead=0, RS#=44/44
21:48:38.00   RLINK --            PeerID 13 RELY ack= 44 (523ms~21) unack=  0, retry=  0, highwaterOOS=0 (ip=WINaddr:192.168.0.15:6112;), pending=0, dead=0, RS#=44/44
21:48:38.00   RLINK --            PeerID 16 RELY ack= 44 (568ms~63) unack=  0, retry=  0, highwaterOOS=0 (ip=WINaddr:192.168.1.106:6112;), pending=0, dead=0, RS#=44/44
21:48:38.00   RLINK -- MessageCounts: inval=0/0, seek=0/0, join=0/0, ichk=0/0, sk_r=0/0, deny=0/0, Padd=0/0, Pdel=0/0, drop=0/0, data=522/6, mdat=0/488, voip=0/0, rchk=0/0, nudg=0/0, Thdr=0/0, Peer=11/11, PPrx=6/22, ping=0/0, Pfrg=0/0, rely=0/0, lb_p=2/2, lb_c=0/0, cast=0/0, cdat=478/0, sorq1=0/0, sorp=0/0, acto=0/0, spob=0/0, sorq2=0/0
21:48:48.51   RLINK -- SENDING FORCED ACK from Peer 3 to Peer 1 - timeSinceLastAckMS      26424, transmitAckLastTimeMS    6755662 | Peer ---E- M#00000000 Sack00000284 NSack00000000 (C0.0% S:0.0) [  ]
21:49:03.35   Activating screen: TacticalMap_widescreen
21:49:03.35   Activating screen: TextOverlayScreen
21:49:04.01   Activating screen: GameScreen
21:49:04.01   Activating screen: Decorators_widescreen
21:49:04.01   Activating screen: Taskbar_widescreen
21:49:04.01   Activating screen: SubtitleScreen
21:49:04.01   Activating screen: TextOverlayScreen
21:49:06.46   Activating screen: TacticalMap_widescreen
21:49:06.46   Activating screen: TextOverlayScreen
21:49:07.10   Activating screen: GameScreen
21:49:07.10   Activating screen: Decorators_widescreen
21:49:07.10   Activating screen: Taskbar_widescreen
21:49:07.10   Activating screen: SubtitleScreen
21:49:07.10   Activating screen: TextOverlayScreen
21:49:21.01   RLINK -- Transport - median kBPS [hi/cur] sent = 0.2/0.0, recvd = 0.0/0.0, #p/sec[s/r] = 0.0/0.0, max unsent 0, version err 0, merge 0
21:49:25.27   Activating screen: TacticalMap_widescreen
21:49:25.27   Activating screen: TextOverlayScreen
21:49:26.39   Activating screen: GameScreen
21:49:26.39   Activating screen: Decorators_widescreen
21:49:26.39   Activating screen: Taskbar_widescreen
21:49:26.39   Activating screen: SubtitleScreen
21:49:26.39   Activating screen: TextOverlayScreen
21:49:30.96   Activating screen: TacticalMap_widescreen
21:49:30.96   Activating screen: TextOverlayScreen
21:49:31.79   Activating screen: GameScreen
21:49:31.79   Activating screen: Decorators_widescreen
21:49:31.79   Activating screen: Taskbar_widescreen
21:49:31.79   Activating screen: SubtitleScreen
21:49:31.79   Activating screen: TextOverlayScreen
21:49:34.68   Warning: upgrade in upgrade prerequisite doesn't exist
21:49:34.68   Warning: upgrade in upgrade prerequisite doesn't exist
21:49:34.68   Warning: upgrade in upgrade prerequisite doesn't exist
21:49:34.68   Warning: upgrade in upgrade prerequisite doesn't exist
21:49:34.68   Warning: upgrade in upgrade prerequisite doesn't exist
21:49:34.68   Warning: upgrade in upgrade prerequisite doesn't exist
21:49:34.68   Warning: upgrade in upgrade prerequisite doesn't exist
21:49:34.68   Warning: upgrade in upgrade prerequisite doesn't exist
21:49:34.68   Warning: upgrade in upgrade prerequisite doesn't exist
21:49:34.68   Warning: upgrade in upgrade prerequisite doesn't exist
21:49:34.68   Warning: upgrade in upgrade prerequisite doesn't exist
21:49:34.68   Warning: upgrade in upgrade prerequisite doesn't exist
21:49:34.68   Warning: upgrade in upgrade prerequisite doesn't exist
21:49:35.05   Warning: upgrade in upgrade prerequisite doesn't exist
21:49:35.05   Warning: upgrade in upgrade prerequisite doesn't exist
21:49:35.05   Warning: upgrade in upgrade prerequisite doesn't exist
21:49:37.27   Activating screen: TacticalMap_widescreen
21:49:37.27   Activating screen: TextOverlayScreen
21:49:37.86   Activating screen: GameScreen
21:49:37.86   Activating screen: Decorators_widescreen
21:49:37.86   Activating screen: Taskbar_widescreen
21:49:37.86   Activating screen: SubtitleScreen
21:49:37.86   Activating screen: TextOverlayScreen
21:49:39.00   RLINK -- local      PeerID 3 LOCL ack=  0 (  0ms~0) unack=  0, retry=  0, highwaterOOS=0 (ip=WINaddr:192.168.50.236:6112;), pending=0, dead=0, RS#=0/0
21:49:39.00   RLINK --       host PeerID 1 RELY ack=385 (538ms~57) unack=  0, retry= 20, highwaterOOS=2 (ip=WINaddr:192.168.1.10:6112;), pending=0, dead=0, RS#=384/384
21:49:39.00   RLINK --            PeerID 7 RELY ack= 57 (523ms~21) unack=  0, retry=  0, highwaterOOS=0 (ip=WINaddr:192.168.1.43:6112;), pending=0, dead=0, RS#=57/57
21:49:39.00   RLINK --            PeerID 10 RELY ack= 46 (  0ms~0) unack=  0, retry= 50, highwaterOOS=0 (ip=WINaddr:192.168.1.4:6112;), pending=0, dead=0, RS#=46/46
21:49:39.00   RLINK --            PeerID 11 RELY ack= 44 (523ms~21) unack=  0, retry=  0, highwaterOOS=0 (ip=WINaddr:192.168.1.128:6112;), pending=0, dead=0, RS#=44/44
21:49:39.00   RLINK --            PeerID 12 RELY ack= 44 (523ms~21) unack=  0, retry=  0, highwaterOOS=0 (ip=WINaddr:192.168.1.146:6112;), pending=0, dead=0, RS#=44/44
21:49:39.00   RLINK --            PeerID 13 RELY ack= 44 (523ms~21) unack=  0, retry=  0, highwaterOOS=0 (ip=WINaddr:192.168.0.15:6112;), pending=0, dead=0, RS#=44/44
21:49:39.00   RLINK --            PeerID 16 RELY ack= 44 (568ms~63) unack=  0, retry=  0, highwaterOOS=0 (ip=WINaddr:192.168.1.106:6112;), pending=0, dead=0, RS#=44/44
21:49:39.00   RLINK -- MessageCounts: inval=0/0, seek=0/0, join=0/0, ichk=0/0, sk_r=0/0, deny=0/0, Padd=0/0, Pdel=0/0, drop=0/0, data=517/1, mdat=0/488, voip=0/0, rchk=0/0, nudg=0/0, Thdr=0/0, Peer=1/1, PPrx=1/2, ping=0/0, Pfrg=0/0, rely=0/0, lb_p=2/2, lb_c=0/0, cast=0/0, cdat=477/0, sorq1=0/0, sorp=0/0, acto=0/0, spob=0/0, sorq2=0/0
21:49:43.38   Activating screen: TacticalMap_widescreen
21:49:43.38   Activating screen: TextOverlayScreen
21:49:45.64   Activating screen: GameScreen
21:49:45.64   Activating screen: Decorators_widescreen
21:49:45.64   Activating screen: Taskbar_widescreen
21:49:45.64   Activating screen: SubtitleScreen
21:49:45.64   Activating screen: TextOverlayScreen
21:49:59.56   RLINK -- SENDING FORCED ACK from Peer 3 to Peer 1 - timeSinceLastAckMS      71045, transmitAckLastTimeMS    6826707 | Peer ---E- M#00000000 Sack00000285 NSack00000000 (C0.0% S:0.0) [  ]
21:50:02.62   RLINK -- SENDING RETRY - Peer 3 to Peer 10 retryTimeMS        500 oneMsg.lastTransmitTime    6829254, timeSinceLastTransmitMS        520 | Peer RS--- M#00000047 Sack00000041 NSack00000000 (C0.0% S:0.0) [ PKT SIZE:17 data DestChannel:�{, Size:13  ]
21:50:07.57   RLINK -- SENDING RETRY - Peer 3 to Peer 10 retryTimeMS        500 oneMsg.lastTransmitTime    6834214, timeSinceLastTransmitMS        502 | Peer RS--- M#00000048 Sack00000041 NSack00000000 (C0.0% S:0.0) [ PKT SIZE:25 data DestChannel:�{, Size:21  ]
21:50:08.57   RLINK -- SENDING FORCED ACK from Peer 3 to Peer 1 - timeSinceLastAckMS       1502, transmitAckLastTimeMS    6835716 | Peer ---E- M#00000000 Sack00000287 NSack00000000 (C0.0% S:0.0) [  ]
21:50:08.93   RLINK -- [P#3] SrcP# 1 ignoring old retry: 286 expect: 289
21:50:08.96   RLINK -- SENDING FORCED ACK from Peer 3 to Peer 1 - timeSinceLastAckMS        394, transmitAckLastTimeMS    6836110 | Peer ---E- M#00000000 Sack00000288 NSack00000000 (C0.0% S:0.0) [  ]
21:50:18.45   RLINK -- SENDING FORCED ACK from Peer 3 to Peer 1 - timeSinceLastAckMS       9492, transmitAckLastTimeMS    6845602 | Peer ---E- M#00000000 Sack00000289 NSack00000000 (C0.0% S:0.0) [  ]
21:50:22.00   RLINK -- Transport - median kBPS [hi/cur] sent = 0.2/0.0, recvd = 0.0/0.0, #p/sec[s/r] = 0.0/0.0, max unsent 0, version err 0, merge 0
21:50:39.34   RLINK -- SENDING FORCED ACK from Peer 3 to Peer 13 - timeSinceLastAckMS      32275, transmitAckLastTimeMS    6866489 | Peer ---E- M#00000000 Sack00000061 NSack00000000 (C0.0% S:0.0) [  ]
21:50:40.01   RLINK -- local      PeerID 3 LOCL ack=  0 (  0ms~0) unack=  0, retry=  0, highwaterOOS=0 (ip=WINaddr:192.168.50.236:6112;), pending=0, dead=0, RS#=0/0
21:50:40.01   RLINK --       host PeerID 1 RELY ack=387 (577ms~111) unack=  0, retry= 20, highwaterOOS=2 (ip=WINaddr:192.168.1.10:6112;), pending=0, dead=0, RS#=386/386
21:50:40.01   RLINK --            PeerID 7 RELY ack= 59 (496ms~25) unack=  0, retry=  0, highwaterOOS=0 (ip=WINaddr:192.168.1.43:6112;), pending=0, dead=0, RS#=59/59
21:50:40.01   RLINK --            PeerID 10 RELY ack= 48 (  0ms~0) unack=  0, retry= 52, highwaterOOS=0 (ip=WINaddr:192.168.1.4:6112;), pending=0, dead=0, RS#=48/48
21:50:40.01   RLINK --            PeerID 11 RELY ack= 46 (496ms~25) unack=  0, retry=  0, highwaterOOS=0 (ip=WINaddr:192.168.1.128:6112;), pending=0, dead=0, RS#=46/46
21:50:40.01   RLINK --            PeerID 12 RELY ack= 46 (496ms~25) unack=  0, retry=  0, highwaterOOS=0 (ip=WINaddr:192.168.1.146:6112;), pending=0, dead=0, RS#=46/46
21:50:40.01   RLINK --            PeerID 13 RELY ack= 46 (496ms~25) unack=  0, retry=  0, highwaterOOS=0 (ip=WINaddr:192.168.0.15:6112;), pending=0, dead=0, RS#=46/46
21:50:40.01   RLINK --            PeerID 16 RELY ack= 46 (615ms~59) unack=  0, retry=  0, highwaterOOS=0 (ip=WINaddr:192.168.1.106:6112;), pending=0, dead=0, RS#=46/46
21:50:40.01   RLINK -- MessageCounts: inval=0/0, seek=0/0, join=0/0, ichk=0/0, sk_r=0/0, deny=0/0, Padd=0/0, Pdel=0/0, drop=0/0, data=530/10, mdat=0/488, voip=0/0, rchk=0/0, nudg=0/0, Thdr=0/0, Peer=21/21, PPrx=9/42, ping=0/0, Pfrg=0/0, rely=0/0, lb_p=2/2, lb_c=0/0, cast=0/0, cdat=471/0, sorq1=0/0, sorp=0/0, acto=0/0, spob=0/0, sorq2=0/0
21:50:47.71   RLINK -- SENDING FORCED ACK from Peer 3 to Peer 1 - timeSinceLastAckMS      29259, transmitAckLastTimeMS    6874861 | Peer ---E- M#00000000 Sack00000290 NSack00000000 (C0.0% S:0.0) [  ]
21:50:49.87   RLINK -- SENDING RETRY - Peer 3 to Peer 10 retryTimeMS        500 oneMsg.lastTransmitTime    6876501, timeSinceLastTransmitMS        525 | Peer RS--- M#00000049 Sack00000041 NSack00000000 (C0.0% S:0.0) [ PKT SIZE:58 data DestChannel:�{, Size:54  ]
21:50:54.00   RLINK -- SENDING RETRY - Peer 3 to Peer 10 retryTimeMS        500 oneMsg.lastTransmitTime    6880644, timeSinceLastTransmitMS        510 | Peer RS--- M#00000050 Sack00000041 NSack00000000 (C0.0% S:0.0) [ PKT SIZE:57 data DestChannel:�{, Size:53  ]
21:50:58.36   RLINK -- SENDING FORCED ACK from Peer 3 to Peer 12 - timeSinceLastAckMS       4867, transmitAckLastTimeMS    6885511 | Peer ---E- M#00000000 Sack00000059 NSack00000000 (C0.0% S:0.0) [  ]
21:50:59.82   RLINK -- SENDING RETRY - Peer 3 to Peer 10 retryTimeMS        500 oneMsg.lastTransmitTime    6886460, timeSinceLastTransmitMS        512 | Peer RS--- M#00000051 Sack00000041 NSack00000000 (C0.0% S:0.0) [ PKT SIZE:47 data DestChannel:�{, Size:43  ]
21:51:00.42   Activating screen: TacticalMap_widescreen
21:51:00.42   Activating screen: TextOverlayScreen
21:51:01.33   Activating screen: GameScreen
21:51:01.33   Activating screen: Decorators_widescreen
21:51:01.33   Activating screen: Taskbar_widescreen
21:51:01.33   Activating screen: SubtitleScreen
21:51:01.33   Activating screen: TextOverlayScreen
21:51:07.80   RLINK -- SENDING RETRY - Peer 3 to Peer 10 retryTimeMS        500 oneMsg.lastTransmitTime    6894438, timeSinceLastTransmitMS        514 | Peer RS--- M#00000052 Sack00000041 NSack00000000 (C0.0% S:0.0) [ PKT SIZE:54 data DestChannel:�{, Size:50  ]
21:51:09.85   Activating screen: TacticalMap_widescreen
21:51:09.85   Activating screen: TextOverlayScreen
21:51:10.63   Activating screen: GameScreen
21:51:10.63   Activating screen: Decorators_widescreen
21:51:10.63   Activating screen: Taskbar_widescreen
21:51:10.63   Activating screen: SubtitleScreen
21:51:10.63   Activating screen: TextOverlayScreen
21:51:11.04   Activating screen: TacticalMap_widescreen
21:51:11.04   Activating screen: TextOverlayScreen
21:51:11.82   Activating screen: GameScreen
21:51:11.82   Activating screen: Decorators_widescreen
21:51:11.82   Activating screen: Taskbar_widescreen
21:51:11.82   Activating screen: SubtitleScreen
21:51:11.82   Activating screen: TextOverlayScreen
21:51:12.60   RLINK -- SENDING FORCED ACK from Peer 3 to Peer 12 - timeSinceLastAckMS       5313, transmitAckLastTimeMS    6899751 | Peer ---E- M#00000000 Sack00000060 NSack00000000 (C0.0% S:0.0) [  ]
21:51:18.09   RLINK -- SENDING RETRY - Peer 3 to Peer 10 retryTimeMS        500 oneMsg.lastTransmitTime    6904718, timeSinceLastTransmitMS        520 | Peer RS--- M#00000053 Sack00000041 NSack00000000 (C0.0% S:0.0) [ PKT SIZE:29 data DestChannel:�{, Size:25  ]
21:51:19.10   Activating screen: TacticalMap_widescreen
21:51:19.10   Activating screen: TextOverlayScreen
21:51:19.91   Activating screen: GameScreen
21:51:19.91   Activating screen: Decorators_widescreen
21:51:19.91   Activating screen: Taskbar_widescreen
21:51:19.91   Activating screen: SubtitleScreen
21:51:19.91   Activating screen: TextOverlayScreen
21:51:20.30   Activating screen: TacticalMap_widescreen
21:51:20.30   Activating screen: TextOverlayScreen
21:51:22.06   Activating screen: GameScreen
21:51:22.06   Activating screen: Decorators_widescreen
21:51:22.06   Activating screen: Taskbar_widescreen
21:51:22.06   Activating screen: SubtitleScreen
21:51:22.06   Activating screen: TextOverlayScreen
21:51:23.00   RLINK -- Transport - median kBPS [hi/cur] sent = 0.2/0.0, recvd = 0.0/0.0, #p/sec[s/r] = 0.0/0.0, max unsent 0, version err 0, merge 0
21:51:24.71   Activating screen: TacticalMap_widescreen
21:51:24.71   Activating screen: TextOverlayScreen
21:51:24.92   Activating screen: GameScreen
21:51:24.92   Activating screen: Decorators_widescreen
21:51:24.92   Activating screen: Taskbar_widescreen
21:51:24.92   Activating screen: SubtitleScreen
21:51:24.92   Activating screen: TextOverlayScreen
21:51:25.69   Activating screen: TacticalMap_widescreen
21:51:25.69   Activating screen: TextOverlayScreen
21:51:26.40   Activating screen: GameScreen
21:51:26.40   Activating screen: Decorators_widescreen
21:51:26.40   Activating screen: Taskbar_widescreen
21:51:26.40   Activating screen: SubtitleScreen
21:51:26.40   Activating screen: TextOverlayScreen
21:51:31.73   RLINK -- SENDING FORCED ACK from Peer 3 to Peer 1 - timeSinceLastAckMS      14159, transmitAckLastTimeMS    6918877 | Peer ---E- M#00000000 Sack00000291 NSack00000000 (C0.0% S:0.0) [  ]
21:51:41.00   RLINK -- local      PeerID 3 LOCL ack=  0 (  0ms~0) unack=  0, retry=  0, highwaterOOS=0 (ip=WINaddr:192.168.50.236:6112;), pending=0, dead=0, RS#=0/0
21:51:41.00   RLINK --       host PeerID 1 RELY ack=392 (549ms~27) unack=  0, retry= 20, highwaterOOS=2 (ip=WINaddr:192.168.1.10:6112;), pending=0, dead=0, RS#=391/391
21:51:41.00   RLINK --            PeerID 7 RELY ack= 64 (547ms~26) unack=  0, retry=  0, highwaterOOS=0 (ip=WINaddr:192.168.1.43:6112;), pending=0, dead=0, RS#=64/64
21:51:41.00   RLINK --            PeerID 10 RELY ack= 53 (  0ms~0) unack=  0, retry= 57, highwaterOOS=0 (ip=WINaddr:192.168.1.4:6112;), pending=0, dead=0, RS#=53/53
21:51:41.00   RLINK --            PeerID 11 RELY ack= 51 (547ms~26) unack=  0, retry=  0, highwaterOOS=0 (ip=WINaddr:192.168.1.128:6112;), pending=0, dead=0, RS#=51/51
21:51:41.00   RLINK --            PeerID 12 RELY ack= 51 (547ms~26) unack=  0, retry=  0, highwaterOOS=0 (ip=WINaddr:192.168.1.146:6112;), pending=0, dead=0, RS#=51/51
21:51:41.00   RLINK --            PeerID 13 RELY ack= 51 (547ms~26) unack=  0, retry=  0, highwaterOOS=0 (ip=WINaddr:192.168.0.15:6112;), pending=0, dead=0, RS#=51/51
21:51:41.00   RLINK --            PeerID 16 RELY ack= 51 (550ms~24) unack=  0, retry=  0, highwaterOOS=0 (ip=WINaddr:192.168.1.106:6112;), pending=0, dead=0, RS#=51/51
21:51:41.00   RLINK -- MessageCounts: inval=0/0, seek=0/0, join=0/0, ichk=0/0, sk_r=0/0, deny=0/0, Padd=0/0, Pdel=0/0, drop=0/0, data=533/14, mdat=0/487, voip=0/0, rchk=0/0, nudg=0/0, Thdr=0/0, Peer=39/39, PPrx=14/78, ping=0/0, Pfrg=0/0, rely=0/0, lb_p=2/2, lb_c=0/0, cast=0/0, cdat=481/0, sorq1=0/0, sorp=0/0, acto=0/0, spob=0/0, sorq2=0/0
21:51:51.02   RLINK -- SENDING RETRY - Peer 3 to Peer 10 retryTimeMS        500 oneMsg.lastTransmitTime    6937663, timeSinceLastTransmitMS        508 | Peer RS--- M#00000054 Sack00000041 NSack00000000 (C0.0% S:0.0) [ PKT SIZE:25 data DestChannel:�{, Size:21  ]
21:51:52.75   RLINK -- SENDING RETRY - Peer 3 to Peer 10 retryTimeMS        500 oneMsg.lastTransmitTime    6939397, timeSinceLastTransmitMS        504 | Peer RS--- M#00000055 Sack00000041 NSack00000000 (C0.0% S:0.0) [ PKT SIZE:41 data DestChannel: ]
21:51:54.08   RLINK -- SENDING RETRY - Peer 3 to Peer 10 retryTimeMS        500 oneMsg.lastTransmitTime    6940717, timeSinceLastTransmitMS        510 | Peer RS--- M#00000056 Sack00000041 NSack00000000 (C0.0% S:0.0) [ PKT SIZE:33 data DestChannel:�{, Size:29  ]
21:51:54.59   RLINK -- SENDING RETRY - Peer 3 to Peer 10 retryTimeMS        500 oneMsg.lastTransmitTime    6941227, timeSinceLastTransmitMS        512 | Peer RS--- M#00000056 Sack00000041 NSack00000000 (C0.0% S:0.0) [ PKT SIZE:33 data DestChannel:F�, Size:29  ]
21:52:08.51   RLINK -- SENDING FORCED ACK from Peer 3 to Peer 13 - timeSinceLastAckMS      14940, transmitAckLastTimeMS    6955657 | Peer ---E- M#00000000 Sack00000062 NSack00000000 (C0.0% S:0.0) [  ]
21:52:09.46   Activating screen: TacticalMap_widescreen
21:52:09.46   Activating screen: TextOverlayScreen
21:52:10.10   Activating screen: GameScreen
21:52:10.10   Activating screen: Decorators_widescreen
21:52:10.10   Activating screen: Taskbar_widescreen
21:52:10.10   Activating screen: SubtitleScreen
21:52:10.10   Activating screen: TextOverlayScreen
21:52:13.43   Activating screen: TacticalMap_widescreen
21:52:13.43   Activating screen: TextOverlayScreen
21:52:14.22   Activating screen: GameScreen
21:52:14.22   Activating screen: Decorators_widescreen
21:52:14.22   Activating screen: Taskbar_widescreen
21:52:14.22   Activating screen: SubtitleScreen
21:52:14.22   Activating screen: TextOverlayScreen
21:52:24.00   RLINK -- Transport - median kBPS [hi/cur] sent = 0.2/0.0, recvd = 0.0/0.0, #p/sec[s/r] = 0.0/0.0, max unsent 0, version err 0, merge 0
21:52:42.02   RLINK -- local      PeerID 3 LOCL ack=  0 (  0ms~0) unack=  0, retry=  0, highwaterOOS=0 (ip=WINaddr:192.168.50.236:6112;), pending=0, dead=0, RS#=0/0
21:52:42.02   RLINK --       host PeerID 1 RELY ack=395 (539ms~45) unack=  0, retry= 20, highwaterOOS=2 (ip=WINaddr:192.168.1.10:6112;), pending=0, dead=0, RS#=394/394
21:52:42.02   RLINK --            PeerID 7 RELY ack= 67 (539ms~44) unack=  0, retry=  0, highwaterOOS=0 (ip=WINaddr:192.168.1.43:6112;), pending=0, dead=0, RS#=67/67
21:52:42.02   RLINK --            PeerID 10 RELY ack= 56 (  0ms~0) unack=  0, retry= 61, highwaterOOS=0 (ip=WINaddr:192.168.1.4:6112;), pending=0, dead=0, RS#=56/56
21:52:42.02   RLINK --            PeerID 11 RELY ack= 54 (539ms~44) unack=  0, retry=  0, highwaterOOS=0 (ip=WINaddr:192.168.1.128:6112;), pending=0, dead=0, RS#=54/54
21:52:42.02   RLINK --            PeerID 12 RELY ack= 54 (539ms~44) unack=  0, retry=  0, highwaterOOS=0 (ip=WINaddr:192.168.1.146:6112;), pending=0, dead=0, RS#=54/54
21:52:42.02   RLINK --            PeerID 13 RELY ack= 54 (539ms~44) unack=  0, retry=  0, highwaterOOS=0 (ip=WINaddr:192.168.0.15:6112;), pending=0, dead=0, RS#=54/54
21:52:42.02   RLINK --            PeerID 16 RELY ack= 54 (599ms~104) unack=  0, retry=  0, highwaterOOS=0 (ip=WINaddr:192.168.1.106:6112;), pending=0, dead=0, RS#=54/54
21:52:42.02   RLINK -- MessageCounts: inval=0/0, seek=0/0, join=0/0, ichk=0/0, sk_r=0/0, deny=0/0, Padd=0/0, Pdel=0/0, drop=0/0, data=534/9, mdat=0/488, voip=0/0, rchk=0/0, nudg=0/0, Thdr=0/0, Peer=22/22, PPrx=8/44, ping=0/0, Pfrg=0/0, rely=0/0, lb_p=2/2, lb_c=0/0, cast=0/0, cdat=480/0, sorq1=0/0, sorp=0/0, acto=0/0, spob=0/0, sorq2=0/0
21:52:45.02   RLINK -- SENDING FORCED ACK from Peer 3 to Peer 7 - timeSinceLastAckMS      51456, transmitAckLastTimeMS    6992173 | Peer ---E- M#00000000 Sack00000042 NSack00000000 (C0.0% S:0.0) [  ]
21:52:47.81   Activating screen: TacticalMap_widescreen
21:52:47.81   Activating screen: TextOverlayScreen
21:52:48.51   Activating screen: GameScreen
21:52:48.51   Activating screen: Decorators_widescreen
21:52:48.51   Activating screen: Taskbar_widescreen
21:52:48.51   Activating screen: SubtitleScreen
21:52:48.51   Activating screen: TextOverlayScreen
21:52:52.29   Activating screen: TacticalMap_widescreen
21:52:52.29   Activating screen: TextOverlayScreen
21:52:53.03   Activating screen: GameScreen
21:52:53.03   Activating screen: Decorators_widescreen
21:52:53.03   Activating screen: Taskbar_widescreen
21:52:53.03   Activating screen: SubtitleScreen
21:52:53.03   Activating screen: TextOverlayScreen
21:52:53.91   Activating screen: TacticalMap_widescreen
21:52:53.91   Activating screen: TextOverlayScreen
21:52:54.85   Activating screen: GameScreen
21:52:54.85   Activating screen: Decorators_widescreen
21:52:54.85   Activating screen: Taskbar_widescreen
21:52:54.85   Activating screen: SubtitleScreen
21:52:54.85   Activating screen: TextOverlayScreen
21:53:01.17   Activating screen: TacticalMap_widescreen
21:53:01.17   Activating screen: TextOverlayScreen
21:53:01.97   Activating screen: GameScreen
21:53:01.97   Activating screen: Decorators_widescreen
21:53:01.97   Activating screen: Taskbar_widescreen
21:53:01.97   Activating screen: SubtitleScreen
21:53:01.97   Activating screen: TextOverlayScreen
21:53:03.04   RLINK -- SENDING FORCED ACK from Peer 3 to Peer 16 - timeSinceLastAckMS      69472, transmitAckLastTimeMS    7010189 | Peer ---E- M#00000000 Sack00000054 NSack00000000 (C0.0% S:0.0) [  ]
21:53:04.16   RLINK -- SENDING FORCED ACK from Peer 3 to Peer 16 - timeSinceLastAckMS       1117, transmitAckLastTimeMS    7011306 | Peer ---E- M#00000000 Sack00000055 NSack00000000 (C0.0% S:0.0) [  ]
21:53:05.09   Activating screen: TacticalMap_widescreen
21:53:05.09   Activating screen: TextOverlayScreen
21:53:05.64   Warning: upgrade in upgrade prerequisite doesn't exist
21:53:05.64   Warning: upgrade in upgrade prerequisite doesn't exist
21:53:05.64   Warning: upgrade in upgrade prerequisite doesn't exist
21:53:05.64   Warning: upgrade in upgrade prerequisite doesn't exist
21:53:05.64   Warning: upgrade in upgrade prerequisite doesn't exist
21:53:05.64   Warning: upgrade in upgrade prerequisite doesn't exist
21:53:05.64   Warning: upgrade in upgrade prerequisite doesn't exist
21:53:05.64   Warning: upgrade in upgrade prerequisite doesn't exist
21:53:05.64   Warning: upgrade in upgrade prerequisite doesn't exist
21:53:05.64   Warning: upgrade in upgrade prerequisite doesn't exist
21:53:06.08   Activating screen: GameScreen
21:53:06.08   Activating screen: Decorators_widescreen
21:53:06.08   Activating screen: Taskbar_widescreen
21:53:06.08   Activating screen: SubtitleScreen
21:53:06.08   Activating screen: TextOverlayScreen
21:53:06.23   Warning: upgrade in upgrade prerequisite doesn't exist
21:53:06.23   Warning: upgrade in upgrade prerequisite doesn't exist
21:53:06.23   Warning: upgrade in upgrade prerequisite doesn't exist
21:53:06.86   Activating screen: TacticalMap_widescreen
21:53:06.86   Activating screen: TextOverlayScreen
21:53:07.49   Activating screen: GameScreen
21:53:07.49   Activating screen: Decorators_widescreen
21:53:07.49   Activating screen: Taskbar_widescreen
21:53:07.49   Activating screen: SubtitleScreen
21:53:07.49   Activating screen: TextOverlayScreen
21:53:07.86   Activating screen: TacticalMap_widescreen
21:53:07.86   Activating screen: TextOverlayScreen
21:53:09.45   Activating screen: GameScreen
21:53:09.45   Activating screen: Decorators_widescreen
21:53:09.45   Activating screen: Taskbar_widescreen
21:53:09.45   Activating screen: SubtitleScreen
21:53:09.45   Activating screen: TextOverlayScreen
21:53:15.05   RLINK -- SENDING FORCED ACK from Peer 3 to Peer 13 - timeSinceLastAckMS      66545, transmitAckLastTimeMS    7022202 | Peer ---E- M#00000000 Sack00000063 NSack00000000 (C0.0% S:0.0) [  ]
21:53:25.00   RLINK -- Transport - median kBPS [hi/cur] sent = 0.2/0.0, recvd = 0.0/0.0, #p/sec[s/r] = 0.0/0.0, max unsent 0, version err 0, merge 0
21:53:31.74   Activating screen: TacticalMap_widescreen
21:53:31.74   Activating screen: TextOverlayScreen
21:53:32.31   Activating screen: GameScreen
21:53:32.31   Activating screen: Decorators_widescreen
21:53:32.31   Activating screen: Taskbar_widescreen
21:53:32.31   Activating screen: SubtitleScreen
21:53:32.31   Activating screen: TextOverlayScreen
21:53:33.33   Activating screen: TacticalMap_widescreen
21:53:33.33   Activating screen: TextOverlayScreen
21:53:34.01   Activating screen: GameScreen
21:53:34.01   Activating screen: Decorators_widescreen
21:53:34.01   Activating screen: Taskbar_widescreen
21:53:34.01   Activating screen: SubtitleScreen
21:53:34.01   Activating screen: TextOverlayScreen
21:53:34.47   Activating screen: TacticalMap_widescreen
21:53:34.47   Activating screen: TextOverlayScreen
21:53:35.29   Activating screen: GameScreen
21:53:35.29   Activating screen: Decorators_widescreen
21:53:35.29   Activating screen: Taskbar_widescreen
21:53:35.29   Activating screen: SubtitleScreen
21:53:35.29   Activating screen: TextOverlayScreen
21:53:40.20   Activating screen: TacticalMap_widescreen
21:53:40.20   Activating screen: TextOverlayScreen
21:53:40.77   Activating screen: GameScreen
21:53:40.77   Activating screen: Decorators_widescreen
21:53:40.77   Activating screen: Taskbar_widescreen
21:53:40.77   Activating screen: SubtitleScreen
21:53:40.77   Activating screen: TextOverlayScreen
21:53:43.02   RLINK -- local      PeerID 3 LOCL ack=  0 (  0ms~0) unack=  0, retry=  0, highwaterOOS=0 (ip=WINaddr:192.168.50.236:6112;), pending=0, dead=0, RS#=0/0
21:53:43.02   RLINK --       host PeerID 1 RELY ack=395 (539ms~45) unack=  0, retry= 20, highwaterOOS=2 (ip=WINaddr:192.168.1.10:6112;), pending=0, dead=0, RS#=394/394
21:53:43.02   RLINK --            PeerID 7 RELY ack= 67 (539ms~44) unack=  0, retry=  0, highwaterOOS=0 (ip=WINaddr:192.168.1.43:6112;), pending=0, dead=0, RS#=67/67
21:53:43.02   RLINK --            PeerID 10 RELY ack= 56 (  0ms~0) unack=  0, retry= 61, highwaterOOS=0 (ip=WINaddr:192.168.1.4:6112;), pending=0, dead=0, RS#=56/56
21:53:43.02   RLINK --            PeerID 11 RELY ack= 54 (539ms~44) unack=  0, retry=  0, highwaterOOS=0 (ip=WINaddr:192.168.1.128:6112;), pending=0, dead=0, RS#=54/54
21:53:43.02   RLINK --            PeerID 12 RELY ack= 54 (539ms~44) unack=  0, retry=  0, highwaterOOS=0 (ip=WINaddr:192.168.1.146:6112;), pending=0, dead=0, RS#=54/54
21:53:43.02   RLINK --            PeerID 13 RELY ack= 54 (539ms~44) unack=  0, retry=  0, highwaterOOS=0 (ip=WINaddr:192.168.0.15:6112;), pending=0, dead=0, RS#=54/54
21:53:43.02   RLINK --            PeerID 16 RELY ack= 54 (599ms~104) unack=  0, retry=  0, highwaterOOS=0 (ip=WINaddr:192.168.1.106:6112;), pending=0, dead=0, RS#=54/54
21:53:43.02   RLINK -- MessageCounts: inval=0/0, seek=0/0, join=0/0, ichk=0/0, sk_r=0/0, deny=0/0, Padd=0/0, Pdel=0/0, drop=0/0, data=500/4, mdat=0/488, voip=0/0, rchk=0/0, nudg=0/0, Thdr=0/0, Peer=4/4, PPrx=4/8, ping=0/0, Pfrg=0/0, rely=0/0, lb_p=2/2, lb_c=0/0, cast=0/0, cdat=481/0, sorq1=0/0, sorp=0/0, acto=0/0, spob=0/0, sorq2=0/0
21:53:47.03   Activating screen: TacticalMap_widescreen
21:53:47.03   Activating screen: TextOverlayScreen
21:53:47.62   Activating screen: GameScreen
21:53:47.62   Activating screen: Decorators_widescreen
21:53:47.62   Activating screen: Taskbar_widescreen
21:53:47.62   Activating screen: SubtitleScreen
21:53:47.62   Activating screen: TextOverlayScreen
21:53:54.65   Activating screen: TacticalMap_widescreen
21:53:54.65   Activating screen: TextOverlayScreen
21:53:55.71   Activating screen: GameScreen
21:53:55.71   Activating screen: Decorators_widescreen
21:53:55.71   Activating screen: Taskbar_widescreen
21:53:55.71   Activating screen: SubtitleScreen
21:53:55.71   Activating screen: TextOverlayScreen
21:54:04.18   Activating screen: TacticalMap_widescreen
21:54:04.18   Activating screen: TextOverlayScreen
21:54:05.07   Activating screen: GameScreen
21:54:05.07   Activating screen: Decorators_widescreen
21:54:05.07   Activating screen: Taskbar_widescreen
21:54:05.07   Activating screen: SubtitleScreen
21:54:05.07   Activating screen: TextOverlayScreen
21:54:07.04   Activating screen: TacticalMap_widescreen
21:54:07.04   Activating screen: TextOverlayScreen
21:54:08.25   Activating screen: GameScreen
21:54:08.25   Activating screen: Decorators_widescreen
21:54:08.25   Activating screen: Taskbar_widescreen
21:54:08.25   Activating screen: SubtitleScreen
21:54:08.25   Activating screen: TextOverlayScreen
21:54:09.71   RLINK -- SENDING FORCED ACK from Peer 3 to Peer 16 - timeSinceLastAckMS      65556, transmitAckLastTimeMS    7076862 | Peer ---E- M#00000000 Sack00000056 NSack00000000 (C0.0% S:0.0) [  ]
21:54:19.66   Activating screen: TacticalMap_widescreen
21:54:19.66   Activating screen: TextOverlayScreen
21:54:20.36   Activating screen: GameScreen
21:54:20.36   Activating screen: Decorators_widescreen
21:54:20.36   Activating screen: Taskbar_widescreen
21:54:20.36   Activating screen: SubtitleScreen
21:54:20.36   Activating screen: TextOverlayScreen
21:54:21.77   Activating screen: TacticalMap_widescreen
21:54:21.77   Activating screen: TextOverlayScreen
21:54:22.57   Activating screen: GameScreen
21:54:22.57   Activating screen: Decorators_widescreen
21:54:22.57   Activating screen: Taskbar_widescreen
21:54:22.57   Activating screen: SubtitleScreen
21:54:22.57   Activating screen: TextOverlayScreen
21:54:26.00   RLINK -- Transport - median kBPS [hi/cur] sent = 0.2/0.0, recvd = 0.0/0.0, #p/sec[s/r] = 0.0/0.0, max unsent 0, version err 0, merge 0
21:54:26.66   Activating screen: TacticalMap_widescreen
21:54:26.66   Activating screen: TextOverlayScreen
21:54:27.33   Activating screen: GameScreen
21:54:27.33   Activating screen: Decorators_widescreen
21:54:27.33   Activating screen: Taskbar_widescreen
21:54:27.33   Activating screen: SubtitleScreen
21:54:27.33   Activating screen: TextOverlayScreen
21:54:30.99   Activating screen: TacticalMap_widescreen
21:54:30.99   Activating screen: TextOverlayScreen
21:54:32.62   Activating screen: GameScreen
21:54:32.62   Activating screen: Decorators_widescreen
21:54:32.62   Activating screen: Taskbar_widescreen
21:54:32.62   Activating screen: SubtitleScreen
21:54:32.62   Activating screen: TextOverlayScreen
21:54:33.50   Activating screen: TacticalMap_widescreen
21:54:33.50   Activating screen: TextOverlayScreen
21:54:34.04   Activating screen: GameScreen
21:54:34.04   Activating screen: Decorators_widescreen
21:54:34.04   Activating screen: Taskbar_widescreen
21:54:34.04   Activating screen: SubtitleScreen
21:54:34.04   Activating screen: TextOverlayScreen
21:54:34.54   Activating screen: TacticalMap_widescreen
21:54:34.54   Activating screen: TextOverlayScreen
21:54:35.30   Activating screen: GameScreen
21:54:35.30   Activating screen: Decorators_widescreen
21:54:35.30   Activating screen: Taskbar_widescreen
21:54:35.30   Activating screen: SubtitleScreen
21:54:35.30   Activating screen: TextOverlayScreen
21:54:44.00   RLINK -- local      PeerID 3 LOCL ack=  0 (  0ms~0) unack=  0, retry=  0, highwaterOOS=0 (ip=WINaddr:192.168.50.236:6112;), pending=0, dead=0, RS#=0/0
21:54:44.00   RLINK --       host PeerID 1 RELY ack=395 (539ms~45) unack=  0, retry= 20, highwaterOOS=2 (ip=WINaddr:192.168.1.10:6112;), pending=0, dead=0, RS#=394/394
21:54:44.00   RLINK --            PeerID 7 RELY ack= 67 (539ms~44) unack=  0, retry=  0, highwaterOOS=0 (ip=WINaddr:192.168.1.43:6112;), pending=0, dead=0, RS#=67/67
21:54:44.00   RLINK --            PeerID 10 RELY ack= 56 (  0ms~0) unack=  0, retry= 61, highwaterOOS=0 (ip=WINaddr:192.168.1.4:6112;), pending=0, dead=0, RS#=56/56
21:54:44.00   RLINK --            PeerID 11 RELY ack= 54 (539ms~44) unack=  0, retry=  0, highwaterOOS=0 (ip=WINaddr:192.168.1.128:6112;), pending=0, dead=0, RS#=54/54
21:54:44.00   RLINK --            PeerID 12 RELY ack= 54 (539ms~44) unack=  0, retry=  0, highwaterOOS=0 (ip=WINaddr:192.168.1.146:6112;), pending=0, dead=0, RS#=54/54
21:54:44.00   RLINK --            PeerID 13 RELY ack= 54 (539ms~44) unack=  0, retry=  0, highwaterOOS=0 (ip=WINaddr:192.168.0.15:6112;), pending=0, dead=0, RS#=54/54
21:54:44.00   RLINK --            PeerID 16 RELY ack= 54 (599ms~104) unack=  0, retry=  0, highwaterOOS=0 (ip=WINaddr:192.168.1.106:6112;), pending=0, dead=0, RS#=54/54
21:54:44.00   RLINK -- MessageCounts: inval=0/0, seek=0/0, join=0/0, ichk=0/0, sk_r=0/0, deny=0/0, Padd=0/0, Pdel=0/0, drop=0/0, data=507/1, mdat=0/487, voip=0/0, rchk=0/0, nudg=0/0, Thdr=0/0, Peer=1/1, PPrx=1/2, ping=0/0, Pfrg=0/0, rely=0/0, lb_p=2/2, lb_c=0/0, cast=0/0, cdat=480/0, sorq1=0/0, sorp=0/0, acto=0/0, spob=0/0, sorq2=0/0
21:54:48.66   Activating screen: TacticalMap_widescreen
21:54:48.66   Activating screen: TextOverlayScreen
21:54:49.27   Activating screen: GameScreen
21:54:49.27   Activating screen: Decorators_widescreen
21:54:49.27   Activating screen: Taskbar_widescreen
21:54:49.27   Activating screen: SubtitleScreen
21:54:49.27   Activating screen: TextOverlayScreen
21:54:51.23   Activating screen: TacticalMap_widescreen
21:54:51.23   Activating screen: TextOverlayScreen
21:54:51.95   Activating screen: GameScreen
21:54:51.95   Activating screen: Decorators_widescreen
21:54:51.95   Activating screen: Taskbar_widescreen
21:54:51.95   Activating screen: SubtitleScreen
21:54:51.95   Activating screen: TextOverlayScreen
21:54:57.82   Activating screen: TacticalMap_widescreen
21:54:57.82   Activating screen: TextOverlayScreen
21:54:58.33   Activating screen: GameScreen
21:54:58.33   Activating screen: Decorators_widescreen
21:54:58.33   Activating screen: Taskbar_widescreen
21:54:58.33   Activating screen: SubtitleScreen
21:54:58.33   Activating screen: TextOverlayScreen
21:55:01.50   Activating screen: TacticalMap_widescreen
21:55:01.50   Activating screen: TextOverlayScreen
21:55:02.56   Activating screen: GameScreen
21:55:02.56   Activating screen: Decorators_widescreen
21:55:02.56   Activating screen: Taskbar_widescreen
21:55:02.56   Activating screen: SubtitleScreen
21:55:02.56   Activating screen: TextOverlayScreen
21:55:10.49   RLINK -- SENDING FORCED ACK from Peer 3 to Peer 1 - timeSinceLastAckMS     196920, transmitAckLastTimeMS    7137637 | Peer ---E- M#00000000 Sack00000292 NSack00000000 (C0.0% S:0.0) [  ]
21:55:13.66   Activating screen: TacticalMap_widescreen
21:55:13.66   Activating screen: TextOverlayScreen
21:55:15.36   Activating screen: GameScreen
21:55:15.36   Activating screen: Decorators_widescreen
21:55:15.36   Activating screen: Taskbar_widescreen
21:55:15.36   Activating screen: SubtitleScreen
21:55:15.36   Activating screen: TextOverlayScreen
21:55:16.27   Activating screen: TacticalMap_widescreen
21:55:16.27   Activating screen: TextOverlayScreen
21:55:17.21   Activating screen: GameScreen
21:55:17.21   Activating screen: Decorators_widescreen
21:55:17.21   Activating screen: Taskbar_widescreen
21:55:17.21   Activating screen: SubtitleScreen
21:55:17.21   Activating screen: TextOverlayScreen
21:55:21.00   Activating screen: TacticalMap_widescreen
21:55:21.00   Activating screen: TextOverlayScreen
21:55:21.54   Activating screen: GameScreen
21:55:21.54   Activating screen: Decorators_widescreen
21:55:21.54   Activating screen: Taskbar_widescreen
21:55:21.54   Activating screen: SubtitleScreen
21:55:21.54   Activating screen: TextOverlayScreen
21:55:24.42   Activating screen: TacticalMap_widescreen
21:55:24.42   Activating screen: TextOverlayScreen
21:55:25.10   Activating screen: GameScreen
21:55:25.10   Activating screen: Decorators_widescreen
21:55:25.10   Activating screen: Taskbar_widescreen
21:55:25.10   Activating screen: SubtitleScreen
21:55:25.10   Activating screen: TextOverlayScreen
21:55:26.00   Activating screen: TacticalMap_widescreen
21:55:26.00   Activating screen: TextOverlayScreen
21:55:26.63   Activating screen: GameScreen
21:55:26.63   Activating screen: Decorators_widescreen
21:55:26.63   Activating screen: Taskbar_widescreen
21:55:26.63   Activating screen: SubtitleScreen
21:55:26.63   Activating screen: TextOverlayScreen
21:55:27.00   RLINK -- Transport - median kBPS [hi/cur] sent = 0.2/0.0, recvd = 0.0/0.0, #p/sec[s/r] = 0.0/0.0, max unsent 0, version err 0, merge 0
21:55:27.49   Activating screen: TacticalMap_widescreen
21:55:27.49   Activating screen: TextOverlayScreen
21:55:28.19   Activating screen: GameScreen
21:55:28.19   Activating screen: Decorators_widescreen
21:55:28.19   Activating screen: Taskbar_widescreen
21:55:28.19   Activating screen: SubtitleScreen
21:55:28.19   Activating screen: TextOverlayScreen
21:55:31.57   Activating screen: TacticalMap_widescreen
21:55:31.57   Activating screen: TextOverlayScreen
21:55:32.20   Activating screen: GameScreen
21:55:32.20   Activating screen: Decorators_widescreen
21:55:32.20   Activating screen: Taskbar_widescreen
21:55:32.20   Activating screen: SubtitleScreen
21:55:32.20   Activating screen: TextOverlayScreen
21:55:32.48   Activating screen: TacticalMap_widescreen
21:55:32.48   Activating screen: TextOverlayScreen
21:55:33.53   Activating screen: GameScreen
21:55:33.53   Activating screen: Decorators_widescreen
21:55:33.53   Activating screen: Taskbar_widescreen
21:55:33.53   Activating screen: SubtitleScreen
21:55:33.53   Activating screen: TextOverlayScreen
21:55:35.58   Activating screen: TacticalMap_widescreen
21:55:35.58   Activating screen: TextOverlayScreen
21:55:36.24   Activating screen: GameScreen
21:55:36.24   Activating screen: Decorators_widescreen
21:55:36.24   Activating screen: Taskbar_widescreen
21:55:36.24   Activating screen: SubtitleScreen
21:55:36.24   Activating screen: TextOverlayScreen
21:55:43.64   Activating screen: Command_Branch
21:55:44.74   Activating screen: TacticalMap_widescreen
21:55:44.74   Activating screen: TextOverlayScreen
21:55:45.02   RLINK -- local      PeerID 3 LOCL ack=  0 (  0ms~0) unack=  0, retry=  0, highwaterOOS=0 (ip=WINaddr:192.168.50.236:6112;), pending=0, dead=0, RS#=0/0
21:55:45.02   RLINK --       host PeerID 1 RELY ack=395 (539ms~45) unack=  0, retry= 20, highwaterOOS=2 (ip=WINaddr:192.168.1.10:6112;), pending=0, dead=0, RS#=394/394
21:55:45.02   RLINK --            PeerID 7 RELY ack= 67 (539ms~44) unack=  0, retry=  0, highwaterOOS=0 (ip=WINaddr:192.168.1.43:6112;), pending=0, dead=0, RS#=67/67
21:55:45.02   RLINK --            PeerID 10 RELY ack= 56 (  0ms~0) unack=  0, retry= 61, highwaterOOS=0 (ip=WINaddr:192.168.1.4:6112;), pending=0, dead=0, RS#=56/56
21:55:45.02   RLINK --            PeerID 11 RELY ack= 54 (539ms~44) unack=  0, retry=  0, highwaterOOS=0 (ip=WINaddr:192.168.1.128:6112;), pending=0, dead=0, RS#=54/54
21:55:45.02   RLINK --            PeerID 12 RELY ack= 54 (539ms~44) unack=  0, retry=  0, highwaterOOS=0 (ip=WINaddr:192.168.1.146:6112;), pending=0, dead=0, RS#=54/54
21:55:45.02   RLINK --            PeerID 13 RELY ack= 54 (539ms~44) unack=  0, retry=  0, highwaterOOS=0 (ip=WINaddr:192.168.0.15:6112;), pending=0, dead=0, RS#=54/54
21:55:45.02   RLINK --            PeerID 16 RELY ack= 54 (599ms~104) unack=  0, retry=  0, highwaterOOS=0 (ip=WINaddr:192.168.1.106:6112;), pending=0, dead=0, RS#=54/54
21:55:45.02   RLINK -- MessageCounts: inval=0/0, seek=0/0, join=0/0, ichk=0/0, sk_r=0/0, deny=0/0, Padd=0/0, Pdel=0/0, drop=0/0, data=505/1, mdat=0/488, voip=0/0, rchk=0/0, nudg=0/0, Thdr=0/0, Peer=1/1, PPrx=1/2, ping=0/0, Pfrg=0/0, rely=0/0, lb_p=2/2, lb_c=0/0, cast=0/0, cdat=470/0, sorq1=0/0, sorp=0/0, acto=0/0, spob=0/0, sorq2=0/0
21:55:45.59   Activating screen: GameScreen
21:55:45.59   Activating screen: Decorators_widescreen
21:55:45.59   Activating screen: Taskbar_widescreen
21:55:45.59   Activating screen: SubtitleScreen
21:55:45.59   Activating screen: TextOverlayScreen
21:55:47.49   Activating screen: TacticalMap_widescreen
21:55:47.49   Activating screen: TextOverlayScreen
21:55:48.22   Activating screen: GameScreen
21:55:48.22   Activating screen: Decorators_widescreen
21:55:48.22   Activating screen: Taskbar_widescreen
21:55:48.22   Activating screen: SubtitleScreen
21:55:48.22   Activating screen: TextOverlayScreen
21:55:49.23   Activating screen: TacticalMap_widescreen
21:55:49.23   Activating screen: TextOverlayScreen
21:55:49.94   Activating screen: GameScreen
21:55:49.94   Activating screen: Decorators_widescreen
21:55:49.94   Activating screen: Taskbar_widescreen
21:55:49.94   Activating screen: SubtitleScreen
21:55:49.94   Activating screen: TextOverlayScreen
21:55:50.66   Activating screen: TacticalMap_widescreen
21:55:50.66   Activating screen: TextOverlayScreen
21:55:50.94   Activating screen: GameScreen
21:55:50.94   Activating screen: Decorators_widescreen
21:55:50.94   Activating screen: Taskbar_widescreen
21:55:50.94   Activating screen: SubtitleScreen
21:55:50.94   Activating screen: TextOverlayScreen
21:56:00.22   Activating screen: TacticalMap_widescreen
21:56:00.22   Activating screen: TextOverlayScreen
21:56:00.87   Activating screen: GameScreen
21:56:00.87   Activating screen: Decorators_widescreen
21:56:00.87   Activating screen: Taskbar_widescreen
21:56:00.87   Activating screen: SubtitleScreen
21:56:00.87   Activating screen: TextOverlayScreen
21:56:02.76   RLINK -- SENDING FORCED ACK from Peer 3 to Peer 1 - timeSinceLastAckMS      52273, transmitAckLastTimeMS    7189910 | Peer ---E- M#00000000 Sack00000293 NSack00000000 (C0.0% S:0.0) [  ]
21:56:07.03   RLINK -- SENDING RETRY - Peer 3 to Peer 10 retryTimeMS        500 oneMsg.lastTransmitTime    7193660, timeSinceLastTransmitMS        516 | Peer RS--- M#00000057 Sack00000041 NSack00000000 (C0.0% S:0.0) [ PKT SIZE:17 data DestChannel:�{, Size:13  ]
21:56:13.86   Activating screen: TacticalMap_widescreen
21:56:13.86   Activating screen: TextOverlayScreen
21:56:14.86   Activating screen: GameScreen
21:56:14.86   Activating screen: Decorators_widescreen
21:56:14.86   Activating screen: Taskbar_widescreen
21:56:14.86   Activating screen: SubtitleScreen
21:56:14.86   Activating screen: TextOverlayScreen
21:56:24.90   Activating screen: TacticalMap_widescreen
21:56:24.90   Activating screen: TextOverlayScreen
21:56:25.88   Activating screen: GameScreen
21:56:25.88   Activating screen: Decorators_widescreen
21:56:25.88   Activating screen: Taskbar_widescreen
21:56:25.88   Activating screen: SubtitleScreen
21:56:25.88   Activating screen: TextOverlayScreen
21:56:26.52   Activating screen: TacticalMap_widescreen
21:56:26.52   Activating screen: TextOverlayScreen
21:56:27.56   Activating screen: GameScreen
21:56:27.56   Activating screen: Decorators_widescreen
21:56:27.56   Activating screen: Taskbar_widescreen
21:56:27.56   Activating screen: SubtitleScreen
21:56:27.56   Activating screen: TextOverlayScreen
21:56:28.00   RLINK -- Transport - median kBPS [hi/cur] sent = 0.2/0.0, recvd = 0.0/0.0, #p/sec[s/r] = 0.0/0.0, max unsent 0, version err 0, merge 0
21:56:28.41   Activating screen: TacticalMap_widescreen
21:56:28.41   Activating screen: TextOverlayScreen
21:56:29.91   Activating screen: GameScreen
21:56:29.91   Activating screen: Decorators_widescreen
21:56:29.91   Activating screen: Taskbar_widescreen
21:56:29.91   Activating screen: SubtitleScreen
21:56:29.91   Activating screen: TextOverlayScreen
21:56:32.49   RLINK -- SENDING RETRY - Peer 3 to Peer 10 retryTimeMS        500 oneMsg.lastTransmitTime    7219127, timeSinceLastTransmitMS        510 | Peer RS--- M#00000058 Sack00000041 NSack00000000 (C0.0% S:0.0) [ PKT SIZE:33 data DestChannel:�{, Size:29  ]
21:56:39.01   Activating screen: TacticalMap_widescreen
21:56:39.01   Activating screen: TextOverlayScreen
21:56:39.76   Activating screen: GameScreen
21:56:39.76   Activating screen: Decorators_widescreen
21:56:39.76   Activating screen: Taskbar_widescreen
21:56:39.76   Activating screen: SubtitleScreen
21:56:39.76   Activating screen: TextOverlayScreen
21:56:42.46   Activating screen: TacticalMap_widescreen
21:56:42.46   Activating screen: TextOverlayScreen
21:56:43.30   Activating screen: GameScreen
21:56:43.30   Activating screen: Decorators_widescreen
21:56:43.30   Activating screen: Taskbar_widescreen
21:56:43.30   Activating screen: SubtitleScreen
21:56:43.30   Activating screen: TextOverlayScreen
21:56:46.01   RLINK -- local      PeerID 3 LOCL ack=  0 (  0ms~0) unack=  0, retry=  0, highwaterOOS=0 (ip=WINaddr:192.168.50.236:6112;), pending=0, dead=0, RS#=0/0
21:56:46.01   RLINK --       host PeerID 1 RELY ack=397 (533ms~22) unack=  0, retry= 20, highwaterOOS=2 (ip=WINaddr:192.168.1.10:6112;), pending=0, dead=0, RS#=396/396
21:56:46.01   RLINK --            PeerID 7 RELY ack= 69 (533ms~22) unack=  0, retry=  0, highwaterOOS=0 (ip=WINaddr:192.168.1.43:6112;), pending=0, dead=0, RS#=69/69
21:56:46.01   RLINK --            PeerID 10 RELY ack= 58 (  0ms~0) unack=  0, retry= 63, highwaterOOS=0 (ip=WINaddr:192.168.1.4:6112;), pending=0, dead=0, RS#=58/58
21:56:46.01   RLINK --            PeerID 11 RELY ack= 56 (609ms~99) unack=  0, retry=  0, highwaterOOS=0 (ip=WINaddr:192.168.1.128:6112;), pending=0, dead=0, RS#=56/56
21:56:46.01   RLINK --            PeerID 12 RELY ack= 56 (533ms~22) unack=  0, retry=  0, highwaterOOS=0 (ip=WINaddr:192.168.1.146:6112;), pending=0, dead=0, RS#=56/56
21:56:46.01   RLINK --            PeerID 13 RELY ack= 56 (533ms~22) unack=  0, retry=  0, highwaterOOS=0 (ip=WINaddr:192.168.0.15:6112;), pending=0, dead=0, RS#=56/56
21:56:46.01   RLINK --            PeerID 16 RELY ack= 56 (548ms~54) unack=  0, retry=  0, highwaterOOS=0 (ip=WINaddr:192.168.1.106:6112;), pending=0, dead=0, RS#=56/56
21:56:46.01   RLINK -- MessageCounts: inval=0/0, seek=0/0, join=0/0, ichk=0/0, sk_r=0/0, deny=0/0, Padd=0/0, Pdel=0/0, drop=0/0, data=513/5, mdat=0/488, voip=0/0, rchk=0/0, nudg=0/0, Thdr=0/0, Peer=15/15, PPrx=5/30, ping=0/0, Pfrg=0/0, rely=0/0, lb_p=2/2, lb_c=0/0, cast=0/0, cdat=478/0, sorq1=0/0, sorp=0/0, acto=0/0, spob=0/0, sorq2=0/0
21:56:49.80   Activating screen: TacticalMap_widescreen
21:56:49.80   Activating screen: TextOverlayScreen
21:56:50.52   Activating screen: GameScreen
21:56:50.52   Activating screen: Decorators_widescreen
21:56:50.52   Activating screen: Taskbar_widescreen
21:56:50.52   Activating screen: SubtitleScreen
21:56:50.52   Activating screen: TextOverlayScreen
21:57:08.35   Activating screen: TacticalMap_widescreen
21:57:08.35   Activating screen: TextOverlayScreen
21:57:09.12   Activating screen: GameScreen
21:57:09.12   Activating screen: Decorators_widescreen
21:57:09.12   Activating screen: Taskbar_widescreen
21:57:09.12   Activating screen: SubtitleScreen
21:57:09.12   Activating screen: TextOverlayScreen
21:57:10.65   Activating screen: TacticalMap_widescreen
21:57:10.65   Activating screen: TextOverlayScreen
21:57:11.19   Activating screen: GameScreen
21:57:11.19   Activating screen: Decorators_widescreen
21:57:11.19   Activating screen: Taskbar_widescreen
21:57:11.19   Activating screen: SubtitleScreen
21:57:11.19   Activating screen: TextOverlayScreen
21:57:19.16   Activating screen: TacticalMap_widescreen
21:57:19.16   Activating screen: TextOverlayScreen
21:57:20.48   Activating screen: GameScreen
21:57:20.48   Activating screen: Decorators_widescreen
21:57:20.48   Activating screen: Taskbar_widescreen
21:57:20.48   Activating screen: SubtitleScreen
21:57:20.48   Activating screen: TextOverlayScreen
21:57:29.01   RLINK -- Transport - median kBPS [hi/cur] sent = 0.2/0.0, recvd = 0.0/0.0, #p/sec[s/r] = 0.0/0.0, max unsent 0, version err 0, merge 0
21:57:29.91   Activating screen: Command_Branch
21:57:31.03   Activating screen: NewObjective_widescreen
21:57:47.02   RLINK -- local      PeerID 3 LOCL ack=  0 (  0ms~0) unack=  0, retry=  0, highwaterOOS=0 (ip=WINaddr:192.168.50.236:6112;), pending=0, dead=0, RS#=0/0
21:57:47.02   RLINK --       host PeerID 1 RELY ack=397 (533ms~22) unack=  0, retry= 20, highwaterOOS=2 (ip=WINaddr:192.168.1.10:6112;), pending=0, dead=0, RS#=396/396
21:57:47.02   RLINK --            PeerID 7 RELY ack= 69 (533ms~22) unack=  0, retry=  0, highwaterOOS=0 (ip=WINaddr:192.168.1.43:6112;), pending=0, dead=0, RS#=69/69
21:57:47.02   RLINK --            PeerID 10 RELY ack= 58 (  0ms~0) unack=  0, retry= 63, highwaterOOS=0 (ip=WINaddr:192.168.1.4:6112;), pending=0, dead=0, RS#=58/58
21:57:47.02   RLINK --            PeerID 11 RELY ack= 56 (609ms~99) unack=  0, retry=  0, highwaterOOS=0 (ip=WINaddr:192.168.1.128:6112;), pending=0, dead=0, RS#=56/56
21:57:47.02   RLINK --            PeerID 12 RELY ack= 56 (533ms~22) unack=  0, retry=  0, highwaterOOS=0 (ip=WINaddr:192.168.1.146:6112;), pending=0, dead=0, RS#=56/56
21:57:47.02   RLINK --            PeerID 13 RELY ack= 56 (533ms~22) unack=  0, retry=  0, highwaterOOS=0 (ip=WINaddr:192.168.0.15:6112;), pending=0, dead=0, RS#=56/56
21:57:47.02   RLINK --            PeerID 16 RELY ack= 56 (548ms~54) unack=  0, retry=  0, highwaterOOS=0 (ip=WINaddr:192.168.1.106:6112;), pending=0, dead=0, RS#=56/56
21:57:47.02   RLINK -- MessageCounts: inval=0/0, seek=0/0, join=0/0, ichk=0/0, sk_r=0/0, deny=0/0, Padd=0/0, Pdel=0/0, drop=0/0, data=521/0, mdat=0/488, voip=0/0, rchk=0/0, nudg=0/0, Thdr=0/0, Peer=0/0, PPrx=0/0, ping=0/0, Pfrg=0/0, rely=0/0, lb_p=2/2, lb_c=0/0, cast=0/0, cdat=482/0, sorq1=0/0, sorp=0/0, acto=0/0, spob=0/0, sorq2=0/0
21:57:57.93   Activating screen: TacticalMap_widescreen
21:57:57.93   Activating screen: TextOverlayScreen
21:57:58.13   RLINK -- SENDING RETRY - Peer 3 to Peer 10 retryTimeMS        500 oneMsg.lastTransmitTime    7304773, timeSinceLastTransmitMS        505 | Peer RS--- M#00000059 Sack00000041 NSack00000000 (C0.0% S:0.0) [ PKT SIZE:19 data DestChannel:�{, Size:15  ]
21:57:58.70   Activating screen: GameScreen
21:57:58.70   Activating screen: Decorators_widescreen
21:57:58.70   Activating screen: Taskbar_widescreen
21:57:58.70   Activating screen: SubtitleScreen
21:57:58.70   Activating screen: TextOverlayScreen
21:57:59.93   Activating screen: TacticalMap_widescreen
21:57:59.93   Activating screen: TextOverlayScreen
21:58:02.83   Activating screen: GameScreen
21:58:02.83   Activating screen: Decorators_widescreen
21:58:02.83   Activating screen: Taskbar_widescreen
21:58:02.83   Activating screen: SubtitleScreen
21:58:02.83   Activating screen: TextOverlayScreen
21:58:08.55   Activating screen: TacticalMap_widescreen
21:58:08.55   Activating screen: TextOverlayScreen
21:58:09.60   Activating screen: GameScreen
21:58:09.60   Activating screen: Decorators_widescreen
21:58:09.60   Activating screen: Taskbar_widescreen
21:58:09.60   Activating screen: SubtitleScreen
21:58:09.60   Activating screen: TextOverlayScreen
21:58:09.95   Activating screen: TacticalMap_widescreen
21:58:09.95   Activating screen: TextOverlayScreen
21:58:10.50   Activating screen: GameScreen
21:58:10.50   Activating screen: Decorators_widescreen
21:58:10.50   Activating screen: Taskbar_widescreen
21:58:10.50   Activating screen: SubtitleScreen
21:58:10.50   Activating screen: TextOverlayScreen
21:58:11.11   Activating screen: TacticalMap_widescreen
21:58:11.11   Activating screen: TextOverlayScreen
21:58:11.80   Activating screen: GameScreen
21:58:11.80   Activating screen: Decorators_widescreen
21:58:11.80   Activating screen: Taskbar_widescreen
21:58:11.80   Activating screen: SubtitleScreen
21:58:11.80   Activating screen: TextOverlayScreen
21:58:18.71   Activating screen: TacticalMap_widescreen
21:58:18.71   Activating screen: TextOverlayScreen
21:58:19.54   Activating screen: GameScreen
21:58:19.54   Activating screen: Decorators_widescreen
21:58:19.54   Activating screen: Taskbar_widescreen
21:58:19.54   Activating screen: SubtitleScreen
21:58:19.54   Activating screen: TextOverlayScreen
21:58:26.45   Activating screen: TacticalMap_widescreen
21:58:26.45   Activating screen: TextOverlayScreen
21:58:27.30   Activating screen: GameScreen
21:58:27.30   Activating screen: Decorators_widescreen
21:58:27.30   Activating screen: Taskbar_widescreen
21:58:27.30   Activating screen: SubtitleScreen
21:58:27.30   Activating screen: TextOverlayScreen
21:58:30.00   RLINK -- Transport - median kBPS [hi/cur] sent = 0.2/0.0, recvd = 0.0/0.0, #p/sec[s/r] = 0.0/0.0, max unsent 0, version err 0, merge 0
21:58:38.67   Activating screen: TacticalMap_widescreen
21:58:38.67   Activating screen: TextOverlayScreen
21:58:39.38   Activating screen: GameScreen
21:58:39.38   Activating screen: Decorators_widescreen
21:58:39.38   Activating screen: Taskbar_widescreen
21:58:39.38   Activating screen: SubtitleScreen
21:58:39.38   Activating screen: TextOverlayScreen
21:58:48.01   RLINK -- local      PeerID 3 LOCL ack=  0 (  0ms~0) unack=  0, retry=  0, highwaterOOS=0 (ip=WINaddr:192.168.50.236:6112;), pending=0, dead=0, RS#=0/0
21:58:48.01   RLINK --       host PeerID 1 RELY ack=398 (488ms~55) unack=  0, retry= 20, highwaterOOS=2 (ip=WINaddr:192.168.1.10:6112;), pending=0, dead=0, RS#=397/397
21:58:48.01   RLINK --            PeerID 7 RELY ack= 70 (488ms~55) unack=  0, retry=  0, highwaterOOS=0 (ip=WINaddr:192.168.1.43:6112;), pending=0, dead=0, RS#=70/70
21:58:48.01   RLINK --            PeerID 10 RELY ack= 59 (  0ms~0) unack=  0, retry= 64, highwaterOOS=0 (ip=WINaddr:192.168.1.4:6112;), pending=0, dead=0, RS#=59/59
21:58:48.01   RLINK --            PeerID 11 RELY ack= 57 (526ms~131) unack=  0, retry=  0, highwaterOOS=0 (ip=WINaddr:192.168.1.128:6112;), pending=0, dead=0, RS#=57/57
21:58:48.01   RLINK --            PeerID 12 RELY ack= 57 (488ms~55) unack=  0, retry=  0, highwaterOOS=0 (ip=WINaddr:192.168.1.146:6112;), pending=0, dead=0, RS#=57/57
21:58:48.01   RLINK --            PeerID 13 RELY ack= 57 (488ms~55) unack=  0, retry=  0, highwaterOOS=0 (ip=WINaddr:192.168.0.15:6112;), pending=0, dead=0, RS#=57/57
21:58:48.01   RLINK --            PeerID 16 RELY ack= 57 (496ms~78) unack=  0, retry=  0, highwaterOOS=0 (ip=WINaddr:192.168.1.106:6112;), pending=0, dead=0, RS#=57/57
21:58:48.01   RLINK -- MessageCounts: inval=0/0, seek=0/0, join=0/0, ichk=0/0, sk_r=0/0, deny=0/0, Padd=0/0, Pdel=0/0, drop=0/0, data=501/2, mdat=0/487, voip=0/0, rchk=0/0, nudg=0/0, Thdr=0/0, Peer=7/7, PPrx=2/14, ping=0/0, Pfrg=0/0, rely=0/0, lb_p=2/2, lb_c=0/0, cast=0/0, cdat=482/0, sorq1=0/0, sorp=0/0, acto=0/0, spob=0/0, sorq2=0/0
21:58:56.05   Activating screen: TacticalMap_widescreen
21:58:56.05   Activating screen: TextOverlayScreen
21:58:56.84   Activating screen: GameScreen
21:58:56.84   Activating screen: Decorators_widescreen
21:58:56.84   Activating screen: Taskbar_widescreen
21:58:56.84   Activating screen: SubtitleScreen
21:58:56.84   Activating screen: TextOverlayScreen
21:58:56.99   RLINK -- SENDING FORCED ACK from Peer 3 to Peer 12 - timeSinceLastAckMS      59373, transmitAckLastTimeMS    7364146 | Peer ---E- M#00000000 Sack00000061 NSack00000000 (C0.0% S:0.0) [  ]
21:58:57.90   Activating screen: TacticalMap_widescreen
21:58:57.90   Activating screen: TextOverlayScreen
21:58:58.82   Activating screen: GameScreen
21:58:58.82   Activating screen: Decorators_widescreen
21:58:58.82   Activating screen: Taskbar_widescreen
21:58:58.82   Activating screen: SubtitleScreen
21:58:58.82   Activating screen: TextOverlayScreen
21:58:59.12   RLINK -- SENDING FORCED ACK from Peer 3 to Peer 13 - timeSinceLastAckMS      61495, transmitAckLastTimeMS    7366268 | Peer ---E- M#00000000 Sack00000064 NSack00000000 (C0.0% S:0.0) [  ]
21:58:59.23   GameObj::ShowPlayerDroppedMessage - info, station [c] is disconnected
21:58:59.23   ModUI::OnPlayerDrops player 1003 reason 1
21:58:59.24   RLINK -- SENDING FORCED ACK from Peer 3 to Peer 12 - timeSinceLastAckMS       2247, transmitAckLastTimeMS    7366393 | Peer ---E- M#00000000 Sack00000062 NSack00000000 (C0.0% S:0.0) [  ]
21:58:59.61   RLINK -- SENDING FORCED ACK from Peer 3 to Peer 16 - timeSinceLastAckMS      61988, transmitAckLastTimeMS    7366761 | Peer ---E- M#00000000 Sack00000057 NSack00000000 (C0.0% S:0.0) [  ]
21:58:59.98   RLINK -- SENDING FORCED ACK from Peer 3 to Peer 1 - timeSinceLastAckMS      62354, transmitAckLastTimeMS    7367127 | Peer ---E- M#00000000 Sack00000294 NSack00000000 (C0.0% S:0.0) [  ]
21:59:00.59   RLINK -- SENDING RETRY - Peer 3 to Peer 10 retryTimeMS        500 oneMsg.lastTransmitTime    7367224, timeSinceLastTransmitMS        513 | Peer RS--- M#00000060 Sack00000041 NSack00000000 (C0.0% S:0.0) [ PKT SIZE:19 data DestChannel: ]
21:59:01.07   RLINK -- SENDING RETRY - Peer 3 to Peer 12 retryTimeMS        988 oneMsg.lastTransmitTime    7367224, timeSinceLastTransmitMS        998 | Peer RS--- M#00000058 Sack00000062 NSack00000000 (C0.0% S:0.0) [ PKT SIZE:19 data DestChannel:�, Size:15  ]
21:59:01.69   RLINK -- [P#3] SrcP# 16 buffer out of seq: 59 expect: 58
21:59:01.69   RLINK -- [P#3] SrcP# 16 buffer out of seq: 60 expect: 58
21:59:01.72   RLINK -- SrcP# 16 deliver out of seq: 59 expect: 59
21:59:01.72   RLINK -- SrcP# 16 erase out of seq: 59 expect: 59
21:59:01.72   RLINK -- SrcP# 16 deliver out of seq: 60 expect: 60
21:59:01.72   RLINK -- SrcP# 16 erase out of seq: 60 expect: 60
21:59:01.72   RLINK -- Session::ProcessPeerMessages - Got DROPOUT from peer 16
21:59:01.72   RLINK -- Session::ProcessPeerMessages - Got DROPOUT from peer 16
21:59:01.72   GameObj::ShowPlayerDroppedMessage - info, station [10] is disconnected
21:59:01.72   ModUI::OnPlayerDrops player 1001 reason 1
21:59:01.75   RLINK -- SENDING FORCED ACK from Peer 3 to Peer 16 - timeSinceLastAckMS       1676, transmitAckLastTimeMS    7368900 | Peer ---E- M#00000000 Sack00000060 NSack00000000 (C0.0% S:0.0) [  ]
21:59:01.93   RLINK -- SENDING FORCED ACK from Peer 3 to Peer 1 - timeSinceLastAckMS       1857, transmitAckLastTimeMS    7369081 | Peer ---E- M#00000000 Sack00000295 NSack00000000 (C0.0% S:0.0) [  ]
21:59:01.93   RLINK -- Removing peer 16 from session due to REMOVEPEER from host PeerID 1
21:59:01.93   RLINK -- Session::SchedulePeerRemove - Scheduling peerID: 16 to disconnect, reasonCode:1004, reason:disconnected
21:59:01.93   RLINK -- Session Destroy Peer Event - ReasonID: 1004 ReasonDebug: disconnected
21:59:01.93   RLINK -- Session::GetEvent DestroyPeer success Peer 16 removed, reasonCode 1004, reasonDebug disconnected
21:59:01.93   RLINK -- Session::DestroyPeer - deallocating peer 16
21:59:01.93   RLINK -- Session - Requested Disconnect for connectionID 72
21:59:01.93   RLINK -- WorldwideAdvertisementService::Process - EVENT_DESTROYPEER
21:59:01.96   RLINK -- Accepted matchInfo updated 424 from host
21:59:01.96   P2PNetworkSynchronization::OnMatchEvent() - Disconnecting player 16
21:59:01.96   GameObjController - OnMatchEvent: event type 1
21:59:01.97   GameObjController - OnMatchEvent: event type 4
21:59:02.08   RLINK -- SENDING RETRY - Peer 3 to Peer 12 retryTimeMS        988 oneMsg.lastTransmitTime    7368222, timeSinceLastTransmitMS       1012 | Peer RS--- M#00000058 Sack00000062 NSack00000000 (C0.0% S:0.0) [ PKT SIZE:19 data DestChannel:�{, Size:15  ]
21:59:03.09   RLINK -- SENDING RETRY - Peer 3 to Peer 12 retryTimeMS        988 oneMsg.lastTransmitTime    7369234, timeSinceLastTransmitMS       1011 | Peer RS--- M#00000058 Sack00000062 NSack00000000 (C0.0% S:0.0) [ PKT SIZE:19 data DestChannel:�{, Size:15  ]
21:59:04.10   RLINK -- SENDING RETRY - Peer 3 to Peer 12 retryTimeMS        988 oneMsg.lastTransmitTime    7370245, timeSinceLastTransmitMS       1007 | Peer RS--- M#00000058 Sack00000062 NSack00000000 (C0.0% S:0.0) [ PKT SIZE:19 data DestChannel:�{, Size:15  ]
21:59:05.11   RLINK -- SENDING RETRY - Peer 3 to Peer 12 retryTimeMS        988 oneMsg.lastTransmitTime    7371252, timeSinceLastTransmitMS       1010 | Peer RS--- M#00000058 Sack00000062 NSack00000000 (C0.0% S:0.0) [ PKT SIZE:19 data DestChannel:�{, Size:15  ]
21:59:06.12   RLINK -- SENDING RETRY - Peer 3 to Peer 12 retryTimeMS        988 oneMsg.lastTransmitTime    7372262, timeSinceLastTransmitMS       1009 | Peer RS--- M#00000058 Sack00000062 NSack00000000 (C0.0% S:0.0) [ PKT SIZE:19 data DestChannel:F�, Size:15  ]
21:59:07.12   RLINK -- SENDING FORCED ACK from Peer 3 to Peer 10 - timeSinceLastAckMS       6537, transmitAckLastTimeMS    7374274 | Peer ---E- M#00000000 Sack00000042 NSack00000000 (C0.0% S:0.0) [  ]
21:59:07.12   RLINK -- SENDING RETRY - Peer 3 to Peer 12 retryTimeMS        988 oneMsg.lastTransmitTime    7373271, timeSinceLastTransmitMS       1003 | Peer RS--- M#00000058 Sack00000062 NSack00000000 (C0.0% S:0.0) [ PKT SIZE:19 data DestChannel:f�, Size:15  ]
21:59:07.58   RLINK -- [P#3] SrcP# 10 ignoring old retry: 42 expect: 43
21:59:08.13   RLINK -- SENDING RETRY - Peer 3 to Peer 12 retryTimeMS        988 oneMsg.lastTransmitTime    7374274, timeSinceLastTransmitMS       1006 | Peer RS--- M#00000058 Sack00000062 NSack00000000 (C0.0% S:0.0) [ PKT SIZE:19 data DestChannel:�{, Size:15  ]
21:59:09.13   RLINK -- SENDING RETRY - Peer 3 to Peer 12 retryTimeMS        988 oneMsg.lastTransmitTime    7375280, timeSinceLastTransmitMS       1004 | Peer RS--- M#00000058 Sack00000062 NSack00000000 (C0.0% S:0.0) [ PKT SIZE:19 data DestChannel:�{, Size:15  ]
21:59:10.14   RLINK -- SENDING RETRY - Peer 3 to Peer 12 retryTimeMS        988 oneMsg.lastTransmitTime    7376284, timeSinceLastTransmitMS       1006 | Peer RS--- M#00000058 Sack00000062 NSack00000000 (C0.0% S:0.0) [ PKT SIZE:19 data DestChannel:F�, Size:15  ]
21:59:11.15   RLINK -- SENDING RETRY - Peer 3 to Peer 12 retryTimeMS        988 oneMsg.lastTransmitTime    7377290, timeSinceLastTransmitMS       1013 | Peer RS--- M#00000058 Sack00000062 NSack00000000 (C0.0% S:0.0) [ PKT SIZE:19 data DestChannel:�{, Size:15  ]
21:59:12.15   RLINK -- SENDING RETRY - Peer 3 to Peer 12 retryTimeMS        988 oneMsg.lastTransmitTime    7378303, timeSinceLastTransmitMS       1003 | Peer RS--- M#00000058 Sack00000062 NSack00000000 (C0.0% S:0.0) [ PKT SIZE:19 data DestChannel:�{, Size:15  ]
21:59:13.17   RLINK -- SENDING RETRY - Peer 3 to Peer 12 retryTimeMS        988 oneMsg.lastTransmitTime    7379306, timeSinceLastTransmitMS       1012 | Peer RS--- M#00000058 Sack00000062 NSack00000000 (C0.0% S:0.0) [ PKT SIZE:19 data DestChannel: ]
21:59:14.17   RLINK -- SENDING RETRY - Peer 3 to Peer 12 retryTimeMS        988 oneMsg.lastTransmitTime    7380318, timeSinceLastTransmitMS       1006 | Peer RS--- M#00000058 Sack00000062 NSack00000000 (C0.0% S:0.0) [ PKT SIZE:19 data DestChannel:�{, Size:15  ]
21:59:14.17   RLINK -- Peer::RetranUnack,bad con to P#:12, using Proxy packet unacked 15 tries [Peer RS--- M#00000058 Sack00000062 NSack00000000 (C0.0% S:0.0) [ PKT SIZE:19 data DestChannel:�{, Size:15  ]]
21:59:14.40   Activating screen: TacticalMap_widescreen
21:59:14.40   Activating screen: TextOverlayScreen
21:59:15.11   RLINK -- SENDING FORCED ACK from Peer 3 to Peer 10 - timeSinceLastAckMS       7990, transmitAckLastTimeMS    7382264 | Peer ---E- M#00000000 Sack00000043 NSack00000000 (C0.0% S:0.0) [  ]
21:59:15.18   RLINK -- SENDING RETRY - Peer 3 to Peer 12 retryTimeMS        988 oneMsg.lastTransmitTime    7381324, timeSinceLastTransmitMS       1002 | Peer RS--- M#00000058 Sack00000062 NSack00000000 (C0.0% S:0.0) [ PKT SIZE:19 data DestChannel:�{, Size:15  ]
21:59:15.57   RLINK -- [P#3] SrcP# 10 ignoring old retry: 43 expect: 44
21:59:16.18   RLINK -- SENDING RETRY - Peer 3 to Peer 12 retryTimeMS        988 oneMsg.lastTransmitTime    7382326, timeSinceLastTransmitMS       1005 | Peer RS--- M#00000058 Sack00000062 NSack00000000 (C0.0% S:0.0) [ PKT SIZE:19 data DestChannel:K�, Size:15  ]
21:59:16.24   Activating screen: GameScreen
21:59:16.24   Activating screen: Decorators_widescreen
21:59:16.24   Activating screen: Taskbar_widescreen
21:59:16.24   Activating screen: SubtitleScreen
21:59:16.24   Activating screen: TextOverlayScreen
21:59:16.92   Activating screen: TacticalMap_widescreen
21:59:16.92   Activating screen: TextOverlayScreen
21:59:17.19   RLINK -- SENDING RETRY - Peer 3 to Peer 12 retryTimeMS        988 oneMsg.lastTransmitTime    7383331, timeSinceLastTransmitMS       1007 | Peer RS--- M#00000058 Sack00000062 NSack00000000 (C0.0% S:0.0) [ PKT SIZE:19 data DestChannel:�{, Size:15  ]
21:59:18.19   RLINK -- SENDING RETRY - Peer 3 to Peer 12 retryTimeMS        988 oneMsg.lastTransmitTime    7384338, timeSinceLastTransmitMS       1003 | Peer RS--- M#00000058 Sack00000062 NSack00000000 (C0.0% S:0.0) [ PKT SIZE:19 data DestChannel:<�, Size:15  ]
21:59:18.24   Activating screen: GameScreen
21:59:18.24   Activating screen: Decorators_widescreen
21:59:18.24   Activating screen: Taskbar_widescreen
21:59:18.24   Activating screen: SubtitleScreen
21:59:18.24   Activating screen: TextOverlayScreen
21:59:18.76   Activating screen: TacticalMap_widescreen
21:59:18.76   Activating screen: TextOverlayScreen
21:59:19.19   RLINK -- SENDING RETRY - Peer 3 to Peer 12 retryTimeMS        988 oneMsg.lastTransmitTime    7385341, timeSinceLastTransmitMS       1002 | Peer RS--- M#00000058 Sack00000062 NSack00000000 (C0.0% S:0.0) [ PKT SIZE:19 data DestChannel:�{, Size:15  ]
21:59:19.61   Activating screen: GameScreen
21:59:19.61   Activating screen: Decorators_widescreen
21:59:19.61   Activating screen: Taskbar_widescreen
21:59:19.61   Activating screen: SubtitleScreen
21:59:19.61   Activating screen: TextOverlayScreen
21:59:20.20   RLINK -- SENDING RETRY - Peer 3 to Peer 12 retryTimeMS        988 oneMsg.lastTransmitTime    7386343, timeSinceLastTransmitMS       1013 | Peer RS--- M#00000058 Sack00000062 NSack00000000 (C0.0% S:0.0) [ PKT SIZE:19 data DestChannel:�{, Size:15  ]
21:59:21.20   RLINK -- SENDING RETRY - Peer 3 to Peer 12 retryTimeMS        988 oneMsg.lastTransmitTime    7387356, timeSinceLastTransmitMS        998 | Peer RS--- M#00000058 Sack00000062 NSack00000000 (C0.0% S:0.0) [ PKT SIZE:19 data DestChannel:�{, Size:15  ]
21:59:22.21   RLINK -- SENDING RETRY - Peer 3 to Peer 12 retryTimeMS        988 oneMsg.lastTransmitTime    7388354, timeSinceLastTransmitMS       1006 | Peer RS--- M#00000058 Sack00000062 NSack00000000 (C0.0% S:0.0) [ PKT SIZE:19 data DestChannel:�{, Size:15  ]
21:59:23.22   RLINK -- SENDING RETRY - Peer 3 to Peer 12 retryTimeMS        988 oneMsg.lastTransmitTime    7389360, timeSinceLastTransmitMS       1007 | Peer RS--- M#00000058 Sack00000062 NSack00000000 (C0.0% S:0.0) [ PKT SIZE:19 data DestChannel:�{, Size:15  ]
21:59:24.22   RLINK -- SENDING RETRY - Peer 3 to Peer 12 retryTimeMS        988 oneMsg.lastTransmitTime    7390367, timeSinceLastTransmitMS       1002 | Peer RS--- M#00000058 Sack00000062 NSack00000000 (C0.0% S:0.0) [ PKT SIZE:19 data DestChannel:�{, Size:15  ]
21:59:25.22   RLINK -- SENDING RETRY - Peer 3 to Peer 12 retryTimeMS        988 oneMsg.lastTransmitTime    7391369, timeSinceLastTransmitMS       1005 | Peer RS--- M#00000058 Sack00000062 NSack00000000 (C0.0% S:0.0) [ PKT SIZE:19 data DestChannel:�{, Size:15  ]
21:59:26.21   RLINK -- SENDING RETRY - Peer 3 to Peer 12 retryTimeMS        988 oneMsg.lastTransmitTime    7392374, timeSinceLastTransmitMS        989 | Peer RS--- M#00000058 Sack00000062 NSack00000000 (C0.0% S:0.0) [ PKT SIZE:19 data DestChannel: ]
21:59:27.23   RLINK -- SENDING RETRY - Peer 3 to Peer 12 retryTimeMS        988 oneMsg.lastTransmitTime    7393363, timeSinceLastTransmitMS       1019 | Peer RS--- M#00000058 Sack00000062 NSack00000000 (C0.0% S:0.0) [ PKT SIZE:19 data DestChannel:�{, Size:15  ]
21:59:28.24   RLINK -- SENDING RETRY - Peer 3 to Peer 12 retryTimeMS        988 oneMsg.lastTransmitTime    7394382, timeSinceLastTransmitMS       1011 | Peer RS--- M#00000058 Sack00000062 NSack00000000 (C0.0% S:0.0) [ PKT SIZE:19 data DestChannel:�{, Size:15  ]
21:59:29.24   RLINK -- SENDING RETRY - Peer 3 to Peer 12 retryTimeMS        988 oneMsg.lastTransmitTime    7395393, timeSinceLastTransmitMS        997 | Peer RS--- M#00000058 Sack00000062 NSack00000000 (C0.0% S:0.0) [ PKT SIZE:19 data DestChannel:�{, Size:15  ]
21:59:29.40   Activating screen: TacticalMap_widescreen
21:59:29.40   Activating screen: TextOverlayScreen
21:59:30.24   RLINK -- SENDING RETRY - Peer 3 to Peer 12 retryTimeMS        988 oneMsg.lastTransmitTime    7396390, timeSinceLastTransmitMS        997 | Peer RS--- M#00000058 Sack00000062 NSack00000000 (C0.0% S:0.0) [ PKT SIZE:19 data DestChannel:�{, Size:15  ]
21:59:30.24   RLINK -- Peer::RetranUnack,bad con to P#:12, using Proxy packet unacked 31 tries [Peer RS--- M#00000058 Sack00000062 NSack00000000 (C0.0% S:0.0) [ PKT SIZE:19 data DestChannel:�{, Size:15  ]]
21:59:30.51   Activating screen: GameScreen
21:59:30.51   Activating screen: Decorators_widescreen
21:59:30.51   Activating screen: Taskbar_widescreen
21:59:30.51   Activating screen: SubtitleScreen
21:59:30.51   Activating screen: TextOverlayScreen
21:59:31.01   RLINK -- Transport - median kBPS [hi/cur] sent = 0.2/0.0, recvd = 0.0/0.0, #p/sec[s/r] = 0.0/0.0, max unsent 0, version err 0, merge 0
21:59:31.25   RLINK -- SENDING RETRY - Peer 3 to Peer 12 retryTimeMS        988 oneMsg.lastTransmitTime    7397387, timeSinceLastTransmitMS       1015 | Peer RS--- M#00000058 Sack00000062 NSack00000000 (C0.0% S:0.0) [ PKT SIZE:19 data DestChannel:�{, Size:15  ]
21:59:32.26   RLINK -- SENDING RETRY - Peer 3 to Peer 12 retryTimeMS        988 oneMsg.lastTransmitTime    7398402, timeSinceLastTransmitMS       1008 | Peer RS--- M#00000058 Sack00000062 NSack00000000 (C0.0% S:0.0) [ PKT SIZE:19 data DestChannel:�{, Size:15  ]
21:59:32.95   P2PNetworkSynchronization::RemovePeer - info, drop event received for remote station [16].
21:59:32.96   GameObj::OnRemoteStationDisconnected - info, remote station [10] was disconnected reason 5
21:59:32.96   GameObj::SchedulePeerForDestruction - info, frame [11431], peer for station [10] scheduled for destruction on frame 11431.
21:59:32.96   GAME -- Frame 11431 - SchedulePeerForDestruction - peer 1001 scheduledfor destruction
21:59:32.96   GameObj::KillAllDropped - info, processing disconnected player [1001], set to  migrate to station [d], local station [3].
21:59:32.96   GameObj::KillAllDropped - Remote Human - doing station takeover
21:59:32.96   GameObj - AI Simulation for player [1] migrated to remote station [d].
21:59:33.26   RLINK -- SENDING RETRY - Peer 3 to Peer 12 retryTimeMS        988 oneMsg.lastTransmitTime    7399410, timeSinceLastTransmitMS       1001 | Peer RS--- M#00000058 Sack00000062 NSack00000000 (C0.0% S:0.0) [ PKT SIZE:19 data DestChannel:�{, Size:15  ]
21:59:33.69   RLINK -- [P#3] SrcP# 11 buffer out of seq: 55 expect: 54
21:59:33.69   RLINK -- [P#3] SrcP# 11 buffer out of seq: 56 expect: 54
21:59:33.72   RLINK -- SrcP# 11 deliver out of seq: 55 expect: 55
21:59:33.72   RLINK -- SrcP# 11 erase out of seq: 55 expect: 55
21:59:33.72   RLINK -- SrcP# 11 deliver out of seq: 56 expect: 56
21:59:33.72   RLINK -- SrcP# 11 erase out of seq: 56 expect: 56
21:59:33.72   RLINK -- Session::ProcessPeerMessages - Got DROPOUT from peer 11
21:59:33.72   RLINK -- Session::ProcessPeerMessages - Got DROPOUT from peer 11
21:59:33.73   GameObj::ShowPlayerDroppedMessage - info, station [b] is disconnected
21:59:33.73   ModUI::OnPlayerDrops player 1000 reason 1
21:59:33.75   RLINK -- SENDING FORCED ACK from Peer 3 to Peer 11 - timeSinceLastAckMS      33676, transmitAckLastTimeMS    7400900 | Peer ---E- M#00000000 Sack00000056 NSack00000000 (C0.0% S:0.0) [  ]
21:59:34.27   RLINK -- SENDING RETRY - Peer 3 to Peer 12 retryTimeMS        988 oneMsg.lastTransmitTime    7400411, timeSinceLastTransmitMS       1005 | Peer RS--- M#00000058 Sack00000062 NSack00000000 (C0.0% S:0.0) [ PKT SIZE:19 data DestChannel:�, Size:15  ]
21:59:34.69   RLINK -- SENDING FORCED ACK from Peer 3 to Peer 1 - timeSinceLastAckMS      32722, transmitAckLastTimeMS    7401837 | Peer ---E- M#00000000 Sack00000297 NSack00000000 (C0.0% S:0.0) [  ]
21:59:34.69   RLINK -- Removing peer 11 from session due to REMOVEPEER from host PeerID 1
21:59:34.69   RLINK -- Session::SchedulePeerRemove - Scheduling peerID: 11 to disconnect, reasonCode:1004, reason:disconnected
21:59:34.70   RLINK -- Session Destroy Peer Event - ReasonID: 1004 ReasonDebug: disconnected
21:59:34.70   RLINK -- Session::GetEvent DestroyPeer success Peer 11 removed, reasonCode 1004, reasonDebug disconnected
21:59:34.70   RLINK -- Session::DestroyPeer - deallocating peer 11
21:59:34.70   RLINK -- Session - Requested Disconnect for connectionID 67
21:59:34.70   RLINK -- WorldwideAdvertisementService::Process - EVENT_DESTROYPEER
21:59:34.72   RLINK -- Accepted matchInfo updated 425 from host
21:59:34.72   P2PNetworkSynchronization::OnMatchEvent() - Disconnecting player 11
21:59:34.72   GameObjController - OnMatchEvent: event type 1
21:59:34.73   GameObjController - OnMatchEvent: event type 4
21:59:34.93   RLINK -- [P#3] SrcP# 1 ignoring old retry: 297 expect: 299
21:59:34.96   RLINK -- [P#3] SrcP# 1 ignoring old retry: 298 expect: 299
21:59:35.27   RLINK -- SENDING RETRY - Peer 3 to Peer 12 retryTimeMS        988 oneMsg.lastTransmitTime    7401416, timeSinceLastTransmitMS       1001 | Peer RS--- M#00000058 Sack00000062 NSack00000000 (C0.0% S:0.0) [ PKT SIZE:19 data DestChannel:�{, Size:15  ]
21:59:36.01   Activating screen: TacticalMap_widescreen
21:59:36.01   Activating screen: TextOverlayScreen
21:59:36.27   RLINK -- SENDING RETRY - Peer 3 to Peer 12 retryTimeMS        988 oneMsg.lastTransmitTime    7402417, timeSinceLastTransmitMS       1000 | Peer RS--- M#00000058 Sack00000062 NSack00000000 (C0.0% S:0.0) [ PKT SIZE:19 data DestChannel:�, Size:15  ]
21:59:37.08   Activating screen: GameScreen
21:59:37.08   Activating screen: Decorators_widescreen
21:59:37.08   Activating screen: Taskbar_widescreen
21:59:37.08   Activating screen: SubtitleScreen
21:59:37.08   Activating screen: TextOverlayScreen
21:59:37.27   RLINK -- SENDING RETRY - Peer 3 to Peer 12 retryTimeMS        988 oneMsg.lastTransmitTime    7403417, timeSinceLastTransmitMS       1001 | Peer RS--- M#00000058 Sack00000062 NSack00000000 (C0.0% S:0.0) [ PKT SIZE:19 data DestChannel:W�, Size:15  ]
21:59:38.26   RLINK -- SENDING RETRY - Peer 3 to Peer 12 retryTimeMS        988 oneMsg.lastTransmitTime    7404418, timeSinceLastTransmitMS        996 | Peer RS--- M#00000058 Sack00000062 NSack00000000 (C0.0% S:0.0) [ PKT SIZE:19 data DestChannel: ]
21:59:38.38   Activating screen: TacticalMap_widescreen
21:59:38.38   Activating screen: TextOverlayScreen
21:59:38.99   Activating screen: GameScreen
21:59:38.99   Activating screen: Decorators_widescreen
21:59:38.99   Activating screen: Taskbar_widescreen
21:59:38.99   Activating screen: SubtitleScreen
21:59:38.99   Activating screen: TextOverlayScreen
21:59:39.27   RLINK -- SENDING RETRY - Peer 3 to Peer 12 retryTimeMS        988 oneMsg.lastTransmitTime    7405414, timeSinceLastTransmitMS       1009 | Peer RS--- M#00000058 Sack00000062 NSack00000000 (C0.0% S:0.0) [ PKT SIZE:19 data DestChannel:�{, Size:15  ]
21:59:40.28   RLINK -- SENDING RETRY - Peer 3 to Peer 12 retryTimeMS        988 oneMsg.lastTransmitTime    7406423, timeSinceLastTransmitMS       1004 | Peer RS--- M#00000058 Sack00000062 NSack00000000 (C0.0% S:0.0) [ PKT SIZE:19 data DestChannel:�{, Size:15  ]
21:59:41.28   RLINK -- SENDING RETRY - Peer 3 to Peer 12 retryTimeMS        988 oneMsg.lastTransmitTime    7407427, timeSinceLastTransmitMS       1006 | Peer RS--- M#00000058 Sack00000062 NSack00000000 (C0.0% S:0.0) [ PKT SIZE:19 data DestChannel:F�, Size:15  ]
21:59:42.29   RLINK -- SENDING RETRY - Peer 3 to Peer 12 retryTimeMS        988 oneMsg.lastTransmitTime    7408433, timeSinceLastTransmitMS       1006 | Peer RS--- M#00000058 Sack00000062 NSack00000000 (C0.0% S:0.0) [ PKT SIZE:19 data DestChannel:�{, Size:15  ]
21:59:43.30   RLINK -- SENDING RETRY - Peer 3 to Peer 12 retryTimeMS        988 oneMsg.lastTransmitTime    7409439, timeSinceLastTransmitMS       1009 | Peer RS--- M#00000058 Sack00000062 NSack00000000 (C0.0% S:0.0) [ PKT SIZE:19 data DestChannel:9�, Size:15  ]
21:59:43.39   Activating screen: TacticalMap_widescreen
21:59:43.39   Activating screen: TextOverlayScreen
21:59:44.30   RLINK -- SENDING RETRY - Peer 3 to Peer 12 retryTimeMS        988 oneMsg.lastTransmitTime    7410448, timeSinceLastTransmitMS       1003 | Peer RS--- M#00000058 Sack00000062 NSack00000000 (C0.0% S:0.0) [ PKT SIZE:19 data DestChannel:��, Size:15  ]
21:59:44.57   Activating screen: GameScreen
21:59:44.57   Activating screen: Decorators_widescreen
21:59:44.57   Activating screen: Taskbar_widescreen
21:59:44.57   Activating screen: SubtitleScreen
21:59:44.57   Activating screen: TextOverlayScreen
21:59:45.30   RLINK -- SENDING RETRY - Peer 3 to Peer 12 retryTimeMS        988 oneMsg.lastTransmitTime    7411451, timeSinceLastTransmitMS       1002 | Peer RS--- M#00000058 Sack00000062 NSack00000000 (C0.0% S:0.0) [ PKT SIZE:19 data DestChannel:�{, Size:15  ]
21:59:46.20   Activating screen: TacticalMap_widescreen
21:59:46.20   Activating screen: TextOverlayScreen
21:59:46.31   RLINK -- SENDING RETRY - Peer 3 to Peer 12 retryTimeMS        988 oneMsg.lastTransmitTime    7412453, timeSinceLastTransmitMS       1007 | Peer RS--- M#00000058 Sack00000062 NSack00000000 (C0.0% S:0.0) [ PKT SIZE:19 data DestChannel:�{, Size:15  ]
21:59:46.31   RLINK -- Peer::RetranUnack,bad con to P#:12, using Proxy packet unacked 47 tries [Peer RS--- M#00000058 Sack00000062 NSack00000000 (C0.0% S:0.0) [ PKT SIZE:19 data DestChannel: ]]
21:59:46.77   Activating screen: GameScreen
21:59:46.77   Activating screen: Decorators_widescreen
21:59:46.77   Activating screen: Taskbar_widescreen
21:59:46.77   Activating screen: SubtitleScreen
21:59:46.77   Activating screen: TextOverlayScreen
21:59:47.31   RLINK -- SENDING RETRY - Peer 3 to Peer 12 retryTimeMS        988 oneMsg.lastTransmitTime    7413460, timeSinceLastTransmitMS        997 | Peer RS--- M#00000058 Sack00000062 NSack00000000 (C0.0% S:0.0) [ PKT SIZE:19 data DestChannel:�{, Size:15  ]
21:59:48.31   RLINK -- SENDING RETRY - Peer 3 to Peer 12 retryTimeMS        988 oneMsg.lastTransmitTime    7414457, timeSinceLastTransmitMS        999 | Peer RS--- M#00000058 Sack00000062 NSack00000000 (C0.0% S:0.0) [ PKT SIZE:19 data DestChannel:�{, Size:15  ]
21:59:48.90   Activating screen: TacticalMap_widescreen
21:59:48.90   Activating screen: TextOverlayScreen
21:59:49.01   RLINK -- local      PeerID 3 LOCL ack=  0 (  0ms~0) unack=  0, retry=  0, highwaterOOS=0 (ip=WINaddr:192.168.50.236:6112;), pending=0, dead=0, RS#=0/0
21:59:49.01   RLINK --       host PeerID 1 RELY ack=401 (515ms~15) unack=  0, retry= 20, highwaterOOS=2 (ip=WINaddr:192.168.1.10:6112;), pending=0, dead=0, RS#=400/400
21:59:49.01   RLINK --            PeerID 7 RELY ack= 71 (515ms~54) unack=  0, retry=  0, highwaterOOS=0 (ip=WINaddr:192.168.1.43:6112;), pending=0, dead=0, RS#=71/71
21:59:49.01   RLINK --            PeerID 10 RELY ack= 60 (  0ms~0) unack=  0, retry= 65, highwaterOOS=0 (ip=WINaddr:192.168.1.4:6112;), pending=0, dead=0, RS#=60/60
21:59:49.01   RLINK --            PeerID 12 RELY ack= 57 (488ms~55) unack=  1, retry= 48, highwaterOOS=0 (ip=WINaddr:192.168.1.146:6112;), pending=0, dead=0, RS#=57/58
21:59:49.01   RLINK --            PeerID 13 RELY ack= 58 (515ms~54) unack=  0, retry=  0, highwaterOOS=0 (ip=WINaddr:192.168.0.15:6112;), pending=0, dead=0, RS#=58/58
21:59:49.01   RLINK -- MessageCounts: inval=0/0, seek=0/0, join=0/0, ichk=0/0, sk_r=0/0, deny=0/0, Padd=0/0, Pdel=0/5, drop=0/8, data=498/112, mdat=0/488, voip=0/0, rchk=0/0, nudg=0/0, Thdr=0/0, Peer=30/36, PPrx=63/44, ping=0/0, Pfrg=0/0, rely=0/7, lb_p=2/2, lb_c=0/0, cast=0/0, cdat=477/0, sorq1=0/0, sorp=0/0, acto=0/0, spob=0/0, sorq2=0/0
21:59:49.31   RLINK -- SENDING RETRY - Peer 3 to Peer 12 retryTimeMS        988 oneMsg.lastTransmitTime    7415456, timeSinceLastTransmitMS       1003 | Peer RS--- M#00000058 Sack00000062 NSack00000000 (C0.0% S:0.0) [ PKT SIZE:19 data DestChannel: ]
21:59:50.10   Activating screen: GameScreen
21:59:50.10   Activating screen: Decorators_widescreen
21:59:50.10   Activating screen: Taskbar_widescreen
21:59:50.10   Activating screen: SubtitleScreen
21:59:50.10   Activating screen: TextOverlayScreen
21:59:50.31   RLINK -- SENDING RETRY - Peer 3 to Peer 12 retryTimeMS        988 oneMsg.lastTransmitTime    7416459, timeSinceLastTransmitMS       1006 | Peer RS--- M#00000058 Sack00000062 NSack00000000 (C0.0% S:0.0) [ PKT SIZE:19 data DestChannel:�{, Size:15  ]
21:59:50.55   Activating screen: TacticalMap_widescreen
21:59:50.55   Activating screen: TextOverlayScreen
21:59:51.32   RLINK -- SENDING RETRY - Peer 3 to Peer 12 retryTimeMS        988 oneMsg.lastTransmitTime    7417465, timeSinceLastTransmitMS       1009 | Peer RS--- M#00000058 Sack00000062 NSack00000000 (C0.0% S:0.0) [ PKT SIZE:19 data DestChannel:�{, Size:15  ]
21:59:51.66   Activating screen: GameScreen
21:59:51.66   Activating screen: Decorators_widescreen
21:59:51.66   Activating screen: Taskbar_widescreen
21:59:51.66   Activating screen: SubtitleScreen
21:59:51.66   Activating screen: TextOverlayScreen
21:59:52.33   RLINK -- SENDING RETRY - Peer 3 to Peer 12 retryTimeMS        988 oneMsg.lastTransmitTime    7418474, timeSinceLastTransmitMS       1011 | Peer RS--- M#00000058 Sack00000062 NSack00000000 (C0.0% S:0.0) [ PKT SIZE:19 data DestChannel:�{, Size:15  ]
21:59:53.33   RLINK -- SENDING RETRY - Peer 3 to Peer 12 retryTimeMS        988 oneMsg.lastTransmitTime    7419485, timeSinceLastTransmitMS       1000 | Peer RS--- M#00000058 Sack00000062 NSack00000000 (C0.0% S:0.0) [ PKT SIZE:19 data DestChannel:�{, Size:15  ]
21:59:54.34   RLINK -- SENDING RETRY - Peer 3 to Peer 12 retryTimeMS        988 oneMsg.lastTransmitTime    7420485, timeSinceLastTransmitMS       1008 | Peer RS--- M#00000058 Sack00000062 NSack00000000 (C0.0% S:0.0) [ PKT SIZE:19 data DestChannel:�{, Size:15  ]
21:59:55.35   RLINK -- SENDING RETRY - Peer 3 to Peer 12 retryTimeMS        988 oneMsg.lastTransmitTime    7421493, timeSinceLastTransmitMS       1007 | Peer RS--- M#00000058 Sack00000062 NSack00000000 (C0.0% S:0.0) [ PKT SIZE:19 data DestChannel:�{, Size:15  ]
21:59:56.35   RLINK -- SENDING RETRY - Peer 3 to Peer 12 retryTimeMS        988 oneMsg.lastTransmitTime    7422500, timeSinceLastTransmitMS       1003 | Peer RS--- M#00000058 Sack00000062 NSack00000000 (C0.0% S:0.0) [ PKT SIZE:19 data DestChannel:�{, Size:15  ]
21:59:57.36   RLINK -- SENDING RETRY - Peer 3 to Peer 12 retryTimeMS        988 oneMsg.lastTransmitTime    7423503, timeSinceLastTransmitMS       1004 | Peer RS--- M#00000058 Sack00000062 NSack00000000 (C0.0% S:0.0) [ PKT SIZE:19 data DestChannel:�{, Size:15  ]
21:59:58.35   RLINK -- SENDING RETRY - Peer 3 to Peer 12 retryTimeMS        988 oneMsg.lastTransmitTime    7424507, timeSinceLastTransmitMS        999 | Peer RS--- M#00000058 Sack00000062 NSack00000000 (C0.0% S:0.0) [ PKT SIZE:19 data DestChannel:<�, Size:15  ]
21:59:59.35   RLINK -- SENDING RETRY - Peer 3 to Peer 12 retryTimeMS        988 oneMsg.lastTransmitTime    7425506, timeSinceLastTransmitMS       1000 | Peer RS--- M#00000058 Sack00000062 NSack00000000 (C0.0% S:0.0) [ PKT SIZE:19 data DestChannel:�{, Size:15  ]
22:00:00.36   RLINK -- SENDING RETRY - Peer 3 to Peer 12 retryTimeMS        988 oneMsg.lastTransmitTime    7426506, timeSinceLastTransmitMS       1005 | Peer RS--- M#00000058 Sack00000062 NSack00000000 (C0.0% S:0.0) [ PKT SIZE:19 data DestChannel:�{, Size:15  ]
22:00:00.68   P2PNetworkSynchronization::RemovePeer - info, drop event received for remote station [12].
22:00:00.71   GameObj::OnRemoteStationDisconnected - info, remote station [c] was disconnected reason 4
22:00:00.71   GameObj::SchedulePeerForDestruction - info, frame [11648], peer for station [c] scheduled for destruction on frame 11648.
22:00:00.71   GAME -- Frame 11648 - SchedulePeerForDestruction - peer 1003 scheduledfor destruction
22:00:00.71   GameObj::KillAllDropped - info, processing disconnected player [1003], set to  migrate to station [d], local station [3].
22:00:00.71   GameObj::KillAllDropped - Remote Human - doing station takeover
22:00:00.71   GameObj - AI Simulation for player [3] migrated to remote station [d].
22:00:01.37   RLINK -- SENDING RETRY - Peer 3 to Peer 12 retryTimeMS        988 oneMsg.lastTransmitTime    7427511, timeSinceLastTransmitMS       1014 | Peer RS--- M#00000058 Sack00000062 NSack00000000 (C0.0% S:0.0) [ PKT SIZE:19 data DestChannel:��, Size:15  ]
22:00:02.39   RLINK -- SENDING RETRY - Peer 3 to Peer 12 retryTimeMS        988 oneMsg.lastTransmitTime    7428525, timeSinceLastTransmitMS       1013 | Peer RS--- M#00000058 Sack00000062 NSack00000000 (C0.0% S:0.0) [ PKT SIZE:19 data DestChannel:�{, Size:15  ]
22:00:02.39   RLINK -- Peer::RetranUnack,bad con to P#:12, using Proxy packet unacked 63 tries [Peer RS--- M#00000058 Sack00000062 NSack00000000 (C0.0% S:0.0) [ PKT SIZE:19 data DestChannel:�{, Size:15  ]]
22:00:03.30   Activating screen: TacticalMap_widescreen
22:00:03.30   Activating screen: TextOverlayScreen
22:00:03.39   RLINK -- SENDING RETRY - Peer 3 to Peer 12 retryTimeMS        988 oneMsg.lastTransmitTime    7429538, timeSinceLastTransmitMS       1006 | Peer RS--- M#00000058 Sack00000062 NSack00000000 (C0.0% S:0.0) [ PKT SIZE:19 data DestChannel:�{, Size:15  ]
22:00:03.80   P2PNetworkSynchronization::RemovePeer - info, drop event received for remote station [13].
22:00:03.81   GameObj::OnRemoteStationDisconnected - info, remote station [d] was disconnected reason 4
22:00:03.81   GameObj::ShowPlayerDroppedMessage - info, station [d] is disconnected
22:00:03.81   ModUI::OnPlayerDrops player 1002 reason 0
22:00:03.81   ModUI::OnPlayerDrops adding player 1002 [593690] as victorious enemy
22:00:03.81   GameObj::SchedulePeerForDestruction - info, frame [11676], peer for station [d] scheduled for destruction on frame 11676.
22:00:03.81   GAME -- Frame 11676 - SchedulePeerForDestruction - peer 1001 scheduledfor destruction
22:00:03.81   GAME -- Frame 11676 - SchedulePeerForDestruction - peer 1002 scheduledfor destruction
22:00:03.81   GAME -- Frame 11676 - SchedulePeerForDestruction - peer 1003 scheduledfor destruction
22:00:03.81   GameObj::KillAllDropped - info, processing disconnected player [1001], set to  migrate to station [a], local station [3].
22:00:03.81   GameObj - AI Simulation for player [1] migrated to remote station [a].
22:00:03.81   GameObj::KillAllDropped - Remote AI
22:00:03.81   GameObj::KillAllDropped - info, processing disconnected player [1002], set to  migrate to station [a], local station [3].
22:00:03.81   GameObj::KillAllDropped - Remote Human - doing station takeover
22:00:03.81   GameObj - AI Simulation for player [2] migrated to remote station [a].
22:00:03.81   GameObj::KillAllDropped - info, processing disconnected player [1003], set to  migrate to station [a], local station [3].
22:00:03.81   GameObj - AI Simulation for player [3] migrated to remote station [a].
22:00:03.81   GameObj::KillAllDropped - Remote AI
22:00:04.14   Activating screen: GameScreen
22:00:04.14   Activating screen: Decorators_widescreen
22:00:04.14   Activating screen: Taskbar_widescreen
22:00:04.14   Activating screen: SubtitleScreen
22:00:04.14   Activating screen: TextOverlayScreen
22:00:04.40   RLINK -- SENDING RETRY - Peer 3 to Peer 12 retryTimeMS        988 oneMsg.lastTransmitTime    7430544, timeSinceLastTransmitMS       1005 | Peer RS--- M#00000058 Sack00000062 NSack00000000 (C0.0% S:0.0) [ PKT SIZE:19 data DestChannel: ]
22:00:05.41   RLINK -- SENDING RETRY - Peer 3 to Peer 12 retryTimeMS        988 oneMsg.lastTransmitTime    7431549, timeSinceLastTransmitMS       1012 | Peer RS--- M#00000058 Sack00000062 NSack00000000 (C0.0% S:0.0) [ PKT SIZE:19 data DestChannel:�{, Size:15  ]
22:00:05.56   P2PNetworkSynchronization::RemovePeer - info, drop event received for remote station [11].
22:00:05.58   GameObj::OnRemoteStationDisconnected - info, remote station [b] was disconnected reason 5
22:00:05.58   GameObj::SchedulePeerForDestruction - info, frame [11693], peer for station [b] scheduled for destruction on frame 11693.
22:00:05.58   GAME -- Frame 11693 - SchedulePeerForDestruction - peer 1000 scheduledfor destruction
22:00:05.58   GameObj::KillAllDropped - info, processing disconnected player [1000], set to  migrate to station [a], local station [3].
22:00:05.58   GameObj::KillAllDropped - Remote Human - doing station takeover
22:00:05.58   GameObj - AI Simulation for player [0] migrated to remote station [a].
22:00:06.09   MOD -- Player Kean set to AI Type: Remote AI Takeover (frame 11697) (CmdAI)
22:00:06.09   MOD -- Player IntegralSweeD set to AI Type: Remote Human Takeover (frame 11697) (CmdAI)
22:00:06.09   MOD -- Player IntegralMagno set to AI Type: Remote AI Takeover (frame 11697) (CmdAI)
22:00:06.41   RLINK -- SENDING RETRY - Peer 3 to Peer 12 retryTimeMS        988 oneMsg.lastTransmitTime    7432561, timeSinceLastTransmitMS       1000 | Peer RS--- M#00000058 Sack00000062 NSack00000000 (C0.0% S:0.0) [ PKT SIZE:19 data DestChannel:�{, Size:15  ]
22:00:07.42   MOD -- Player UgurLu set to AI Type: Remote Human Takeover (frame 11709) (CmdAI)
22:00:07.42   RLINK -- SENDING RETRY - Peer 3 to Peer 12 retryTimeMS        988 oneMsg.lastTransmitTime    7433561, timeSinceLastTransmitMS       1007 | Peer RS--- M#00000058 Sack00000062 NSack00000000 (C0.0% S:0.0) [ PKT SIZE:19 data DestChannel:�{, Size:15  ]
22:00:07.66   MOD -- Player UgurLu (kill endgame) (frame 11711) (KillPlayer)
22:00:07.66   MOD -- Player Kean (kill endgame) (frame 11711) (KillPlayer)
22:00:07.66   MOD -- Player IntegralSweeD (kill endgame) (frame 11711) (KillPlayer)
22:00:07.66   MOD -- Player IntegralMagno (kill endgame) (frame 11711) (KillPlayer)
22:00:07.66   MOD -- Game Over at frame 11711
22:00:07.66   GameApp::ReportStats
22:00:07.66   ReportMatchResults - onlyReportOnWin = 0
22:00:07.66   ReportMatchResults - SimID:1000, raceID:0, teamID:0, uid:0:124308, result:3:PS_KILLED
22:00:07.66   ReportMatchResults - SimID:1001, raceID:2, teamID:0, uid:0:68108, result:3:PS_KILLED
22:00:07.66   ReportMatchResults - SimID:1002, raceID:0, teamID:0, uid:0:593690, result:3:PS_KILLED
22:00:07.66   ReportMatchResults - SimID:1003, raceID:0, teamID:0, uid:0:1135310, result:3:PS_KILLED
22:00:07.66   ReportMatchResults - SimID:1004, raceID:1, teamID:1, uid:0:48622, result:5:PS_WON
22:00:07.66   ReportMatchResults - SimID:1005, raceID:3, teamID:1, uid:0:1053128, result:5:PS_WON
22:00:07.66   ReportMatchResults - SimID:1006, raceID:3, teamID:1, uid:0:952820, result:5:PS_WON
22:00:07.66   ReportMatchResults - SimID:1007, raceID:1, teamID:1, uid:0:1850731, result:5:PS_WON
22:00:07.66   ReportMatchResults - reporting normal game results for match 0:112390880
22:00:07.66   ReportSimStats - storing simulation results for match 0:112390880
22:00:07.66   ModWorld::ReportSimStats complete:
22:00:07.66   8 player entries
22:00:07.66   0 player reward entries
22:00:07.66   0 player endgame entries
22:00:07.66   0 player skipped NIS entries
22:00:07.66   0 player production entries
22:00:07.66   0 player entity death entries
22:00:07.66   0 player resource entries
22:00:07.66   0 player objectives entries
22:00:07.66   0 player PBG stat entries
22:00:07.66   0 player PBG ability use entries
22:00:07.66   GameObj::DoGameOverPopup
22:00:07.66   Activating screen: GameOverDialog
22:00:07.66   ArbitrationMessageNeeded already counted 1002 [593690] as dropped
22:00:07.66   ArbitrationMessageNeeded adding player 1004 [48622] as victorious ally
22:00:07.66   ArbitrationMessageNeeded adding player 1005 [1053128] as victorious ally
22:00:07.66   ArbitrationMessageNeeded adding player 1006 [952820] as victorious ally
22:00:07.66   ArbitrationMessageNeeded adding player 1007 [1850731] as victorious ally
22:00:07.66   ArbitrationMessageNeeded 4 allies vs 1 enemies result 0
22:00:07.66   GameOverDialog - normal game ending (no sync errors)
22:00:08.15   GameObjController - OnMatchEvent: event type 9
22:00:08.29   Activating screen: ViewStats
22:00:08.42   RLINK -- SENDING RETRY - Peer 3 to Peer 12 retryTimeMS        988 oneMsg.lastTransmitTime    7434568, timeSinceLastTransmitMS       1004 | Peer RS--- M#00000058 Sack00000062 NSack00000000 (C0.0% S:0.0) [ PKT SIZE:19 data DestChannel:�{, Size:15  ]
22:00:09.43   RLINK -- SENDING RETRY - Peer 3 to Peer 12 retryTimeMS        988 oneMsg.lastTransmitTime    7435572, timeSinceLastTransmitMS       1008 | Peer RS--- M#00000058 Sack00000062 NSack00000000 (C0.0% S:0.0) [ PKT SIZE:19 data DestChannel:�{, Size:15  ]
22:00:10.43   RLINK -- SENDING RETRY - Peer 3 to Peer 12 retryTimeMS        988 oneMsg.lastTransmitTime    7436580, timeSinceLastTransmitMS       1004 | Peer RS--- M#00000058 Sack00000062 NSack00000000 (C0.0% S:0.0) [ PKT SIZE:19 data DestChannel:�{, Size:15  ]
22:00:11.43   RLINK -- SENDING RETRY - Peer 3 to Peer 12 retryTimeMS        988 oneMsg.lastTransmitTime    7437584, timeSinceLastTransmitMS        996 | Peer RS--- M#00000058 Sack00000062 NSack00000000 (C0.0% S:0.0) [ PKT SIZE:19 data DestChannel:�{, Size:15  ]
22:00:12.43   RLINK -- SENDING RETRY - Peer 3 to Peer 12 retryTimeMS        988 oneMsg.lastTransmitTime    7438580, timeSinceLastTransmitMS       1004 | Peer RS--- M#00000058 Sack00000062 NSack00000000 (C0.0% S:0.0) [ PKT SIZE:19 data DestChannel:�{, Size:15  ]
22:00:13.43   RLINK -- SENDING RETRY - Peer 3 to Peer 12 retryTimeMS        988 oneMsg.lastTransmitTime    7439584, timeSinceLastTransmitMS        999 | Peer RS--- M#00000058 Sack00000062 NSack00000000 (C0.0% S:0.0) [ PKT SIZE:19 data DestChannel:�{, Size:15  ]
22:00:14.44   RLINK -- SENDING RETRY - Peer 3 to Peer 12 retryTimeMS        988 oneMsg.lastTransmitTime    7440583, timeSinceLastTransmitMS       1004 | Peer RS--- M#00000058 Sack00000062 NSack00000000 (C0.0% S:0.0) [ PKT SIZE:19 data DestChannel:�{, Size:15  ]
22:00:15.26   Activating screen: postgame_stats_skirm
22:00:15.45   RLINK -- SENDING RETRY - Peer 3 to Peer 12 retryTimeMS        988 oneMsg.lastTransmitTime    7441587, timeSinceLastTransmitMS       1009 | Peer RS--- M#00000058 Sack00000062 NSack00000000 (C0.0% S:0.0) [ PKT SIZE:19 data DestChannel:�{, Size:15  ]
22:00:16.45   RLINK -- SENDING RETRY - Peer 3 to Peer 12 retryTimeMS        988 oneMsg.lastTransmitTime    7442596, timeSinceLastTransmitMS       1007 | Peer RS--- M#00000058 Sack00000062 NSack00000000 (C0.0% S:0.0) [ PKT SIZE:19 data DestChannel:�{, Size:15  ]
22:00:17.46   RLINK -- SENDING RETRY - Peer 3 to Peer 12 retryTimeMS        988 oneMsg.lastTransmitTime    7443603, timeSinceLastTransmitMS       1010 | Peer RS--- M#00000058 Sack00000062 NSack00000000 (C0.0% S:0.0) [ PKT SIZE:19 data DestChannel:�{, Size:15  ]
22:00:18.47   RLINK -- SENDING RETRY - Peer 3 to Peer 12 retryTimeMS        988 oneMsg.lastTransmitTime    7444613, timeSinceLastTransmitMS       1008 | Peer RS--- M#00000058 Sack00000062 NSack00000000 (C0.0% S:0.0) [ PKT SIZE:19 data DestChannel:�{, Size:15  ]
22:00:18.47   RLINK -- Peer::RetranUnack,bad con to P#:12, using Proxy packet unacked 79 tries [Peer RS--- M#00000058 Sack00000062 NSack00000000 (C0.0% S:0.0) [ PKT SIZE:19 data DestChannel:�{, Size:15  ]]
22:00:19.48   RLINK -- SENDING RETRY - Peer 3 to Peer 12 retryTimeMS        988 oneMsg.lastTransmitTime    7445621, timeSinceLastTransmitMS       1011 | Peer RS--- M#00000058 Sack00000062 NSack00000000 (C0.0% S:0.0) [ PKT SIZE:19 data DestChannel:W�, Size:15  ]
22:00:20.49   RLINK -- SENDING RETRY - Peer 3 to Peer 12 retryTimeMS        988 oneMsg.lastTransmitTime    7446632, timeSinceLastTransmitMS       1005 | Peer RS--- M#00000058 Sack00000062 NSack00000000 (C0.0% S:0.0) [ PKT SIZE:19 data DestChannel:�{, Size:15  ]
22:00:21.49   RLINK -- SENDING RETRY - Peer 3 to Peer 12 retryTimeMS        988 oneMsg.lastTransmitTime    7447637, timeSinceLastTransmitMS       1008 | Peer RS--- M#00000058 Sack00000062 NSack00000000 (C0.0% S:0.0) [ PKT SIZE:19 data DestChannel:H�, Size:15  ]
22:00:22.51   RLINK -- SENDING RETRY - Peer 3 to Peer 12 retryTimeMS        988 oneMsg.lastTransmitTime    7448645, timeSinceLastTransmitMS       1011 | Peer RS--- M#00000058 Sack00000062 NSack00000000 (C0.0% S:0.0) [ PKT SIZE:19 data DestChannel:9�, Size:15  ]
22:00:23.52   RLINK -- SENDING RETRY - Peer 3 to Peer 12 retryTimeMS        988 oneMsg.lastTransmitTime    7449656, timeSinceLastTransmitMS       1013 | Peer RS--- M#00000058 Sack00000062 NSack00000000 (C0.0% S:0.0) [ PKT SIZE:19 data DestChannel: ]
22:00:24.53   RLINK -- SENDING RETRY - Peer 3 to Peer 12 retryTimeMS        988 oneMsg.lastTransmitTime    7450669, timeSinceLastTransmitMS       1011 | Peer RS--- M#00000058 Sack00000062 NSack00000000 (C0.0% S:0.0) [ PKT SIZE:19 data DestChannel:�{, Size:15  ]
22:00:25.53   RLINK -- SENDING RETRY - Peer 3 to Peer 12 retryTimeMS        988 oneMsg.lastTransmitTime    7451680, timeSinceLastTransmitMS       1005 | Peer RS--- M#00000058 Sack00000062 NSack00000000 (C0.0% S:0.0) [ PKT SIZE:19 data DestChannel: ]
22:00:25.78   RLINK -- internal\service\Worldwide\WorldwideNotifier.cpp - GameResultNotificationMessage
22:00:25.78   RLINK -- RNT_StatsUpdate: Win notification, profileID [00000000:0000bdee /steam/76561197965703854], race =1, level=-1, ranking=-1
22:00:25.78   RLINK -- RNT_StatsUpdate: Loss notification, profileID [00000000:00010a0c /steam/76561198042361155], race =2, level=-1, ranking=-1
22:00:25.78   RLINK -- RNT_StatsUpdate: Loss notification, profileID [00000000:0001e594 /steam/76561198049719331], race =0, level=-1, ranking=-1
22:00:25.78   RLINK -- RNT_StatsUpdate: Loss notification, profileID [00000000:00090f1a /steam/76561198177992207], race =0, level=-1, ranking=-1
22:00:25.78   RLINK -- RNT_StatsUpdate: Win notification, profileID [00000000:000e89f4 /steam/76561198285889230], race =3, level=-1, ranking=-1
22:00:25.78   RLINK -- RNT_StatsUpdate: Win notification, profileID [00000000:001011c8 /steam/76561198319103832], race =3, level=-1, ranking=-1
22:00:25.78   RLINK -- RNT_StatsUpdate: Loss notification, profileID [00000000:001152ce /steam/76561198347028849], race =0, level=-1, ranking=-1
22:00:25.78   RLINK -- RNT_StatsUpdate: Win notification, profileID [00000000:001c3d6b /steam/76561199210795903], race =1, level=-1, ranking=-1
22:00:26.54   RLINK -- SENDING RETRY - Peer 3 to Peer 12 retryTimeMS        988 oneMsg.lastTransmitTime    7452685, timeSinceLastTransmitMS       1005 | Peer RS--- M#00000058 Sack00000062 NSack00000000 (C0.0% S:0.0) [ PKT SIZE:19 data DestChannel:<�, Size:15  ]
22:00:27.54   RLINK -- SENDING RETRY - Peer 3 to Peer 12 retryTimeMS        988 oneMsg.lastTransmitTime    7453690, timeSinceLastTransmitMS        998 | Peer RS--- M#00000058 Sack00000062 NSack00000000 (C0.0% S:0.0) [ PKT SIZE:19 data DestChannel:�{, Size:15  ]
22:00:28.54   RLINK -- SENDING RETRY - Peer 3 to Peer 12 retryTimeMS        988 oneMsg.lastTransmitTime    7454688, timeSinceLastTransmitMS       1005 | Peer RS--- M#00000058 Sack00000062 NSack00000000 (C0.0% S:0.0) [ PKT SIZE:19 data DestChannel:�{, Size:15  ]
22:00:29.25   GameObj::ShowPlayerDroppedMessage - info, station [a] is disconnected
22:00:29.25   ModUI::OnPlayerDrops player 1005 reason 1
22:00:29.27   RLINK -- SENDING FORCED ACK from Peer 3 to Peer 10 - timeSinceLastAckMS      74160, transmitAckLastTimeMS    7456424 | Peer ---E- M#00000000 Sack00000044 NSack00000000 (C0.0% S:0.0) [  ]
22:00:29.54   RLINK -- SENDING RETRY - Peer 3 to Peer 12 retryTimeMS        988 oneMsg.lastTransmitTime    7455693, timeSinceLastTransmitMS       1001 | Peer RS--- M#00000058 Sack00000062 NSack00000000 (C0.0% S:0.0) [ PKT SIZE:19 data DestChannel:�{, Size:15  ]
22:00:29.76   RLINK -- [P#3] SrcP# 10 ignoring old retry: 44 expect: 45
22:00:30.55   RLINK -- SENDING RETRY - Peer 3 to Peer 12 retryTimeMS        988 oneMsg.lastTransmitTime    7456694, timeSinceLastTransmitMS       1002 | Peer RS--- M#00000058 Sack00000062 NSack00000000 (C0.0% S:0.0) [ PKT SIZE:19 data DestChannel:K�, Size:15  ]
22:00:31.34   RLINK -- SENDING FORCED ACK from Peer 3 to Peer 10 - timeSinceLastAckMS       2069, transmitAckLastTimeMS    7458493 | Peer ---E- M#00000000 Sack00000046 NSack00000000 (C0.0% S:0.0) [  ]
22:00:31.34   RLINK -- Session::ProcessPeerMessages - Got DROPOUT from peer 10
22:00:31.34   RLINK -- Session::ProcessPeerMessages - Got DROPOUT from peer 10
22:00:31.47   RLINK -- SENDING FORCED ACK from Peer 3 to Peer 1 - timeSinceLastAckMS      56746, transmitAckLastTimeMS    7458618 | Peer ---E- M#00000000 Sack00000299 NSack00000000 (C0.0% S:0.0) [  ]
22:00:31.47   RLINK -- Removing peer 10 from session due to REMOVEPEER from host PeerID 1
22:00:31.47   RLINK -- Session::SchedulePeerRemove - Scheduling peerID: 10 to disconnect, reasonCode:1004, reason:ended automatch game, leaving match
22:00:31.47   RLINK -- Session Destroy Peer Event - ReasonID: 1004 ReasonDebug: ended automatch game, leaving match
22:00:31.47   RLINK -- Session::GetEvent DestroyPeer success Peer 10 removed, reasonCode 1004, reasonDebug ended automatch game, leaving match
22:00:31.47   RLINK -- Session::DestroyPeer - deallocating peer 10
22:00:31.47   RLINK -- Session - Requested Disconnect for connectionID 66
22:00:31.47   RLINK -- WorldwideAdvertisementService::Process - EVENT_DESTROYPEER
22:00:31.56   RLINK -- SENDING RETRY - Peer 3 to Peer 12 retryTimeMS        988 oneMsg.lastTransmitTime    7457696, timeSinceLastTransmitMS       1013 | Peer RS--- M#00000058 Sack00000062 NSack00000000 (C0.0% S:0.0) [ PKT SIZE:19 data DestChannel:�{, Size:15  ]
22:00:31.62   RLINK -- Accepted matchInfo updated 426 from host
22:00:31.62   P2PNetworkSynchronization::OnMatchEvent() - Disconnecting player 10
22:00:31.62   GameObjController - OnMatchEvent: event type 1
22:00:31.63   GameObjController - OnMatchEvent: event type 4
22:00:32.00   RLINK -- Transport - median kBPS [hi/cur] sent = 0.2/0.0, recvd = 0.0/0.0, #p/sec[s/r] = 0.0/0.0, max unsent 0, version err 0, merge 0
22:00:32.56   RLINK -- SENDING RETRY - Peer 3 to Peer 12 retryTimeMS        988 oneMsg.lastTransmitTime    7458709, timeSinceLastTransmitMS       1005 | Peer RS--- M#00000058 Sack00000062 NSack00000000 (C0.0% S:0.0) [ PKT SIZE:19 data DestChannel: ]
22:00:33.57   RLINK -- SENDING RETRY - Peer 3 to Peer 12 retryTimeMS        988 oneMsg.lastTransmitTime    7459714, timeSinceLastTransmitMS       1009 | Peer RS--- M#00000058 Sack00000062 NSack00000000 (C0.0% S:0.0) [ PKT SIZE:19 data DestChannel: ]
22:00:34.58   RLINK -- SENDING RETRY - Peer 3 to Peer 12 retryTimeMS        988 oneMsg.lastTransmitTime    7460723, timeSinceLastTransmitMS       1009 | Peer RS--- M#00000058 Sack00000062 NSack00000000 (C0.0% S:0.0) [ PKT SIZE:19 data DestChannel:�{, Size:15  ]
22:00:34.58   RLINK -- Peer::RetranUnack,bad con to P#:12, using Proxy packet unacked 95 tries [Peer RS--- M#00000058 Sack00000062 NSack00000000 (C0.0% S:0.0) [ PKT SIZE:19 data DestChannel:�{, Size:15  ]]
22:00:34.89   GameObj::ShowPlayerDroppedMessage - info, station [7] is disconnected
22:00:34.89   ModUI::OnPlayerDrops player 1004 reason 1
22:00:34.92   RLINK -- SENDING FORCED ACK from Peer 3 to Peer 7 - timeSinceLastAckMS      94845, transmitAckLastTimeMS    7462069 | Peer ---E- M#00000000 Sack00000043 NSack00000000 (C0.0% S:0.0) [  ]
22:00:35.19   Activating screen: AppRestartingForm
22:00:35.19   SetupProductLoadingArt - choosing bgArt = 4 (gold=0)
22:00:35.19   Widget attempting to remove a non-existance listener. Widget:bkg_COH
22:00:35.19   Widget attempting to remove a non-existance listener. Widget:bkg_CXP1
22:00:35.19   Widget attempting to remove a non-existance listener. Widget:bkg_CXP2
22:00:35.19   Widget attempting to remove a non-existance listener. Widget:bkg_COHCXP1
22:00:35.19   Widget attempting to remove a non-existance listener. Widget:bkg_ToV
22:00:35.21   APP -- Game Stop